time="2026-01-29T14:09:19-08:00" level=warning msg="C:\\Users\\Adam\\apps\\DehashChat\\docker-compose.yml: the attribute `version` is obsolete, it will be ignored, please remove it to avoid potential confusion"
time="2026-01-29T14:09:19-08:00" level=warning msg="No services to build"
time="2026-01-29T14:09:19-08:00" level=warning msg="No services to build"
 Container dehashchat-dehashchat-run-25fc6b384b09 Creating 
 Container dehashchat-dehashchat-run-25fc6b384b09 Created 
**************************************************
*               Welcome to DehashChat            *
*                                                *
* Interact with ChatGPT and pivot to DeHashed    *
* API for data enrichment.                       *
*                                                *
* Type 'exit' to quit the application.           *
**************************************************

Ask me anything: 
[DEBUG] Querying DeHashed PASSWORD search (FREE) with hash: ef92b778bafe771e...
[DEBUG] Response Status Code: 200

[DEBUG] DeHashed Raw Response: {
  "found": true,
  "count": 351902,
  "message": "Password found in 351902 breaches"
}


ChatGPT: The password "password123" has been found in 351,902 breaches according to the DeHashed database, indicating that it is a commonly used and potentially compromised password. It is strongly recommended to avoid using such easily guessable or commonly used passwords for better security.

Ask me anything: ChatGPT: If you have any more questions in the future, feel free to ask. Have a great day! Goodbye!

Ask me anything: An error occurred: EOF when reading a line
Ask me anything: An error occurred: EOF when reading a line
Ask me anything: An error occurred: EOF when reading a line
Ask me anything: An error occurred: EOF when reading a line
Ask me anything: An error occurred: EOF when reading a line
Ask me anything: An error occurred: EOF when reading a line
Ask me anything: An error occurred: EOF when reading a line
Ask me anything: An error occurred: EOF when reading a line
Ask me anything: An error occurred: EOF when reading a line
Ask me anything: An error occurred: EOF when reading a line
Ask me anything: An error occurred: EOF when reading a line
Ask me anything: An error occurred: EOF when reading a line
Ask me anything: An error occurred: EOF when reading a line
Ask me anything: An error occurred: EOF when reading a line
Ask me anything: An error occurred: EOF when reading a line
Ask me anything: An error occurred: EOF when reading a line
Ask me anything: An error occurred: EOF when reading a line
Ask me anything: An error occurred: EOF when reading a line
Ask me anything: An error occurred: EOF when reading a line
Ask me anything: An error occurred: EOF when reading a line
Ask me anything: An error occurred: EOF when reading a line
Ask me anything: An error occurred: EOF when reading a line
Ask me anything: An error occurred: EOF when reading a line
Ask me anything: An error occurred: EOF when reading a line
Ask me anything: An error occurred: EOF when reading a line
Ask me anything: An error occurred: EOF when reading a line
Ask me anything: An error occurred: EOF when reading a line
Ask me anything: An error occurred: EOF when reading a line
Ask me anything: An error occurred: EOF when reading a line
Ask me anything: An error occurred: EOF when reading a line
Ask me anything: An error occurred: EOF when reading a line
Ask me anything: An error occurred: EOF when reading a line
Ask me anything: An error occurred: EOF when reading a line
Ask me anything: An error occurred: EOF when reading a line
Ask me anything: An error occurred: EOF when reading a line
Ask me anything: An error occurred: EOF when reading a line
Ask me anything: An error occurred: EOF when reading a line
Ask me anything: An error occurred: EOF when reading a line
Ask me anything: An error occurred: EOF when reading a line
Ask me anything: An error occurred: EOF when reading a line
Ask me anything: An error occurred: EOF when reading a line
Ask me anything: An error occurred: EOF when reading a line
Ask me anything: An error occurred: EOF when reading a line
Ask me anything: An error occurred: EOF when reading a line
Ask me anything: An error occurred: EOF when reading a line
Ask me anything: An error occurred: EOF when reading a line
Ask me anything: An error occurred: EOF when reading a line
Ask me anything: An error occurred: EOF when reading a line
Ask me anything: An error occurred: EOF when reading a line
Ask me anything: An error occurred: EOF when reading a line
Ask me anything: An error occurred: EOF when reading a line
Ask me anything: An error occurred: EOF when reading a line
Ask me anything: An error occurred: EOF when reading a line
Ask me anything: An error occurred: EOF when reading a line
Ask me anything: An error occurred: EOF when reading a line
Ask me anything: An error occurred: EOF when reading a line
Ask me anything: An error occurred: EOF when reading a line
Ask me anything: An error occurred: EOF when reading a line
Ask me anything: An error occurred: EOF when reading a line
Ask me anything: An error occurred: EOF when reading a line
Ask me anything: An error occurred: EOF when reading a line
Ask me anything: An error occurred: EOF when reading a line
Ask me anything: An error occurred: EOF when reading a line
Ask me anything: An error occurred: EOF when reading a line
Ask me anything: An error occurred: EOF when reading a line
Ask me anything: An error occurred: EOF when reading a line
Ask me anything: An error occurred: EOF when reading a line
Ask me anything: An error occurred: EOF when reading a line
Ask me anything: An error occurred: EOF when reading a line
Ask me anything: An error occurred: EOF when reading a line
Ask me anything: An error occurred: EOF when reading a line
Ask me anything: An error occurred: EOF when reading a line
Ask me anything: An error occurred: EOF when reading a line
Ask me anything: An error occurred: EOF when reading a line
Ask me anything: An error occurred: EOF when reading a line
Ask me anything: An error occurred: EOF when reading a line
Ask me anything: An error occurred: EOF when reading a line
Ask me anything: An error occurred: EOF when reading a line
Ask me anything: An error occurred: EOF when reading a line
Ask me anything: An error occurred: EOF when reading a line
Ask me anything: An error occurred: EOF when reading a line
Ask me anything: An error occurred: EOF when reading a line
Ask me anything: An error occurred: EOF when reading a line
Ask me anything: An error occurred: EOF when reading a line
Ask me anything: An error occurred: EOF when reading a line
Ask me anything: An error occurred: EOF when reading a line
Ask me anything: An error occurred: EOF when reading a line
Ask me anything: An error occurred: EOF when reading a line
Ask me anything: An error occurred: EOF when reading a line
Ask me anything: An error occurred: EOF when reading a line
Ask me anything: An error occurred: EOF when reading a line
Ask me anything: An error occurred: EOF when reading a line
Ask me anything: An error occurred: EOF when reading a line
Ask me anything: An error occurred: EOF when reading a line
Ask me anything: An error occurred: EOF when reading a line
Ask me anything: An error occurred: EOF when reading a line
Ask me anything: An error occurred: EOF when reading a line
Ask me anything: An error occurred: EOF when reading a line
Ask me anything: An error occurred: EOF when reading a line
Ask me anything: An error occurred: EOF when reading a line
Ask me anything: An error occurred: EOF when reading a line
Ask me anything: An error occurred: EOF when reading a line
Ask me anything: An error occurred: EOF when reading a line
Ask me anything: An error occurred: EOF when reading a line
Ask me anything: An error occurred: EOF when reading a line
Ask me anything: An error occurred: EOF when reading a line
Ask me anything: An error occurred: EOF when reading a line
Ask me anything: An error occurred: EOF when reading a line
Ask me anything: An error occurred: EOF when reading a line
Ask me anything: An error occurred: EOF when reading a line
Ask me anything: An error occurred: EOF when reading a line
Ask me anything: An error occurred: EOF when reading a line
Ask me anything: An error occurred: EOF when reading a line
Ask me anything: An error occurred: EOF when reading a line
Ask me anything: An error occurred: EOF when reading a line
Ask me anything: An error occurred: EOF when reading a line
Ask me anything: An error occurred: EOF when reading a line
Ask me anything: An error occurred: EOF when reading a line
Ask me anything: An error occurred: EOF when reading a line
Ask me anything: An error occurred: EOF when reading a line
Ask me anything: An error occurred: EOF when reading a line
Ask me anything: An error occurred: EOF when reading a line
Ask me anything: An error occurred: EOF when reading a line
Ask me anything: An error occurred: EOF when reading a line
Ask me anything: An error occurred: EOF when reading a line
Ask me anything: An error occurred: EOF when reading a line
Ask me anything: An error occurred: EOF when reading a line
Ask me anything: An error occurred: EOF when reading a line
Ask me anything: An error occurred: EOF when reading a line
Ask me anything: An error occurred: EOF when reading a line
Ask me anything: An error occurred: EOF when reading a line
Ask me anything: An error occurred: EOF when reading a line
Ask me anything: An error occurred: EOF when reading a line
Ask me anything: An error occurred: EOF when reading a line
Ask me anything: An error occurred: EOF when reading a line
Ask me anything: An error occurred: EOF when reading a line
Ask me anything: An error occurred: EOF when reading a line
Ask me anything: An error occurred: EOF when reading a line
Ask me anything: An error occurred: EOF when reading a line
Ask me anything: An error occurred: EOF when reading a line
Ask me anything: An error occurred: EOF when reading a line
Ask me anything: An error occurred: EOF when reading a line
Ask me anything: An error occurred: EOF when reading a line
Ask me anything: An error occurred: EOF when reading a line
Ask me anything: An error occurred: EOF when reading a line
Ask me anything: An error occurred: EOF when reading a line
Ask me anything: An error occurred: EOF when reading a line
Ask me anything: An error occurred: EOF when reading a line
Ask me anything: An error occurred: EOF when reading a line
Ask me anything: An error occurred: EOF when reading a line
Ask me anything: An error occurred: EOF when reading a line
Ask me anything: An error occurred: EOF when reading a line
Ask me anything: An error occurred: EOF when reading a line
Ask me anything: An error occurred: EOF when reading a line
Ask me anything: An error occurred: EOF when reading a line
Ask me anything: An error occurred: EOF when reading a line
Ask me anything: An error occurred: EOF when reading a line
Ask me anything: An error occurred: EOF when reading a line
Ask me anything: An error occurred: EOF when reading a line
Ask me anything: An error occurred: EOF when reading a line
Ask me anything: An error occurred: EOF when reading a line
Ask me anything: An error occurred: EOF when reading a line
Ask me anything: An error occurred: EOF when reading a line
Ask me anything: An error occurred: EOF when reading a line
Ask me anything: An error occurred: EOF when reading a line
Ask me anything: An error occurred: EOF when reading a line
Ask me anything: An error occurred: EOF when reading a line
Ask me anything: An error occurred: EOF when reading a line
Ask me anything: An error occurred: EOF when reading a line
Ask me anything: An error occurred: EOF when reading a line
Ask me anything: An error occurred: EOF when reading a line
Ask me anything: An error occurred: EOF when reading a line
Ask me anything: An error occurred: EOF when reading a line
Ask me anything: An error occurred: EOF when reading a line
Ask me anything: An error occurred: EOF when reading a line
Ask me anything: An error occurred: EOF when reading a line
Ask me anything: An error occurred: EOF when reading a line
Ask me anything: An error occurred: EOF when reading a line
Ask me anything: An error occurred: EOF when reading a line
Ask me anything: An error occurred: EOF when reading a line
Ask me anything: An error occurred: EOF when reading a line
Ask me anything: An error occurred: EOF when reading a line
Ask me anything: An error occurred: EOF when reading a line
Ask me anything: An error occurred: EOF when reading a line
Ask me anything: An error occurred: EOF when reading a line
Ask me anything: An error occurred: EOF when reading a line
Ask me anything: An error occurred: EOF when reading a line
Ask me anything: An error occurred: EOF when reading a line
Ask me anything: An error occurred: EOF when reading a line
Ask me anything: An error occurred: EOF when reading a line
Ask me anything: An error occurred: EOF when reading a line
Ask me anything: An error occurred: EOF when reading a line
Ask me anything: An error occurred: EOF when reading a line
Ask me anything: An error occurred: EOF when reading a line
Ask me anything: An error occurred: EOF when reading a line
Ask me anything: An error occurred: EOF when reading a line
Ask me anything: An error occurred: EOF when reading a line
Ask me anything: An error occurred: EOF when reading a line
Ask me anything: An error occurred: EOF when reading a line
Ask me anything: An error occurred: EOF when reading a line
Ask me anything: An error occurred: EOF when reading a line
Ask me anything: An error occurred: EOF when reading a line
Ask me anything: An error occurred: EOF when reading a line
Ask me anything: An error occurred: EOF when reading a line
Ask me anything: An error occurred: EOF when reading a line
Ask me anything: An error occurred: EOF when reading a line
Ask me anything: An error occurred: EOF when reading a line
Ask me anything: An error occurred: EOF when reading a line
Ask me anything: An error occurred: EOF when reading a line
Ask me anything: An error occurred: EOF when reading a line
Ask me anything: An error occurred: EOF when reading a line
Ask me anything: An error occurred: EOF when reading a line
Ask me anything: An error occurred: EOF when reading a line
Ask me anything: An error occurred: EOF when reading a line
Ask me anything: An error occurred: EOF when reading a line
Ask me anything: An error occurred: EOF when reading a line
Ask me anything: An error occurred: EOF when reading a line
Ask me anything: An error occurred: EOF when reading a line
Ask me anything: An error occurred: EOF when reading a line
Ask me anything: An error occurred: EOF when reading a line
Ask me anything: An error occurred: EOF when reading a line
Ask me anything: An error occurred: EOF when reading a line
Ask me anything: An error occurred: EOF when reading a line
Ask me anything: An error occurred: EOF when reading a line
Ask me anything: An error occurred: EOF when reading a line
Ask me anything: An error occurred: EOF when reading a line
Ask me anything: An error occurred: EOF when reading a line
Ask me anything: An error occurred: EOF when reading a line
Ask me anything: An error occurred: EOF when reading a line
Ask me anything: An error occurred: EOF when reading a line
Ask me anything: An error occurred: EOF when reading a line
Ask me anything: An error occurred: EOF when reading a line
Ask me anything: An error occurred: EOF when reading a line
Ask me anything: An error occurred: EOF when reading a line
Ask me anything: An error occurred: EOF when reading a line
Ask me anything: An error occurred: EOF when reading a line
Ask me anything: An error occurred: EOF when reading a line
Ask me anything: An error occurred: EOF when reading a line
Ask me anything: An error occurred: EOF when reading a line
Ask me anything: An error occurred: EOF when reading a line
Ask me anything: An error occurred: EOF when reading a line
Ask me anything: An error occurred: EOF when reading a line
Ask me anything: An error occurred: EOF when reading a line
Ask me anything: An error occurred: EOF when reading a line
Ask me anything: An error occurred: EOF when reading a line
Ask me anything: An error occurred: EOF when reading a line
Ask me anything: An error occurred: EOF when reading a line
Ask me anything: An error occurred: EOF when reading a line
Ask me anything: An error occurred: EOF when reading a line
Ask me anything: An error occurred: EOF when reading a line
Ask me anything: An error occurred: EOF when reading a line
Ask me anything: An error occurred: EOF when reading a line
Ask me anything: An error occurred: EOF when reading a line
Ask me anything: An error occurred: EOF when reading a line
Ask me anything: An error occurred: EOF when reading a line
Ask me anything: An error occurred: EOF when reading a line
Ask me anything: An error occurred: EOF when reading a line
Ask me anything: An error occurred: EOF when reading a line
Ask me anything: An error occurred: EOF when reading a line
Ask me anything: An error occurred: EOF when reading a line
Ask me anything: An error occurred: EOF when reading a line
Ask me anything: An error occurred: EOF when reading a line
Ask me anything: An error occurred: EOF when reading a line
Ask me anything: An error occurred: EOF when reading a line
Ask me anything: An error occurred: EOF when reading a line
Ask me anything: An error occurred: EOF when reading a line
Ask me anything: An error occurred: EOF when reading a line
Ask me anything: An error occurred: EOF when reading a line
Ask me anything: An error occurred: EOF when reading a line
Ask me anything: An error occurred: EOF when reading a line
Ask me anything: An error occurred: EOF when reading a line
Ask me anything: An error occurred: EOF when reading a line
Ask me anything: An error occurred: EOF when reading a line
Ask me anything: An error occurred: EOF when reading a line
Ask me anything: An error occurred: EOF when reading a line
Ask me anything: An error occurred: EOF when reading a line
Ask me anything: An error occurred: EOF when reading a line
Ask me anything: An error occurred: EOF when reading a line
Ask me anything: An error occurred: EOF when reading a line
Ask me anything: An error occurred: EOF when reading a line
Ask me anything: An error occurred: EOF when reading a line
Ask me anything: An error occurred: EOF when reading a line
Ask me anything: An error occurred: EOF when reading a line
Ask me anything: An error occurred: EOF when reading a line
Ask me anything: An error occurred: EOF when reading a line
Ask me anything: An error occurred: EOF when reading a line
Ask me anything: An error occurred: EOF when reading a line
Ask me anything: An error occurred: EOF when reading a line
Ask me anything: An error occurred: EOF when reading a line
Ask me anything: An error occurred: EOF when reading a line
Ask me anything: An error occurred: EOF when reading a line
Ask me anything: An error occurred: EOF when reading a line
Ask me anything: An error occurred: EOF when reading a line
Ask me anything: An error occurred: EOF when reading a line
Ask me anything: An error occurred: EOF when reading a line
Ask me anything: An error occurred: EOF when reading a line
Ask me anything: An error occurred: EOF when reading a line
Ask me anything: An error occurred: EOF when reading a line
Ask me anything: An error occurred: EOF when reading a line
Ask me anything: An error occurred: EOF when reading a line
Ask me anything: An error occurred: EOF when reading a line
Ask me anything: An error occurred: EOF when reading a line
Ask me anything: An error occurred: EOF when reading a line
Ask me anything: An error occurred: EOF when reading a line
Ask me anything: An error occurred: EOF when reading a line
Ask me anything: An error occurred: EOF when reading a line
Ask me anything: An error occurred: EOF when reading a line
Ask me anything: An error occurred: EOF when reading a line
Ask me anything: An error occurred: EOF when reading a line
Ask me anything: An error occurred: EOF when reading a line
Ask me anything: An error occurred: EOF when reading a line
Ask me anything: An error occurred: EOF when reading a line
Ask me anything: An error occurred: EOF when reading a line
Ask me anything: An error occurred: EOF when reading a line
Ask me anything: An error occurred: EOF when reading a line
Ask me anything: An error occurred: EOF when reading a line
Ask me anything: An error occurred: EOF when reading a line
Ask me anything: An error occurred: EOF when reading a line
Ask me anything: An error occurred: EOF when reading a line
Ask me anything: An error occurred: EOF when reading a line
Ask me anything: An error occurred: EOF when reading a line
Ask me anything: An error occurred: EOF when reading a line
Ask me anything: An error occurred: EOF when reading a line
Ask me anything: An error occurred: EOF when reading a line
Ask me anything: An error occurred: EOF when reading a line
Ask me anything: An error occurred: EOF when reading a line
Ask me anything: An error occurred: EOF when reading a line
Ask me anything: An error occurred: EOF when reading a line
Ask me anything: An error occurred: EOF when reading a line
Ask me anything: An error occurred: EOF when reading a line
Ask me anything: An error occurred: EOF when reading a line
Ask me anything: An error occurred: EOF when reading a line
Ask me anything: An error occurred: EOF when reading a line
Ask me anything: An error occurred: EOF when reading a line
Ask me anything: An error occurred: EOF when reading a line
Ask me anything: An error occurred: EOF when reading a line
Ask me anything: An error occurred: EOF when reading a line
Ask me anything: An error occurred: EOF when reading a line
Ask me anything: An error occurred: EOF when reading a line
Ask me anything: An error occurred: EOF when reading a line
Ask me anything: An error occurred: EOF when reading a line
Ask me anything: An error occurred: EOF when reading a line
Ask me anything: An error occurred: EOF when reading a line
Ask me anything: An error occurred: EOF when reading a line
Ask me anything: An error occurred: EOF when reading a line
Ask me anything: An error occurred: EOF when reading a line
Ask me anything: An error occurred: EOF when reading a line
Ask me anything: An error occurred: EOF when reading a line
Ask me anything: An error occurred: EOF when reading a line
Ask me anything: An error occurred: EOF when reading a line
Ask me anything: An error occurred: EOF when reading a line
Ask me anything: An error occurred: EOF when reading a line
Ask me anything: An error occurred: EOF when reading a line
Ask me anything: An error occurred: EOF when reading a line
Ask me anything: An error occurred: EOF when reading a line
Ask me anything: An error occurred: EOF when reading a line
Ask me anything: An error occurred: EOF when reading a line
Ask me anything: An error occurred: EOF when reading a line
Ask me anything: An error occurred: EOF when reading a line
Ask me anything: An error occurred: EOF when reading a line
Ask me anything: An error occurred: EOF when reading a line
Ask me anything: An error occurred: EOF when reading a line
Ask me anything: An error occurred: EOF when reading a line
Ask me anything: An error occurred: EOF when reading a line
Ask me anything: An error occurred: EOF when reading a line
Ask me anything: An error occurred: EOF when reading a line
Ask me anything: An error occurred: EOF when reading a line
Ask me anything: An error occurred: EOF when reading a line
Ask me anything: An error occurred: EOF when reading a line
Ask me anything: An error occurred: EOF when reading a line
Ask me anything: An error occurred: EOF when reading a line
Ask me anything: An error occurred: EOF when reading a line
Ask me anything: An error occurred: EOF when reading a line
Ask me anything: An error occurred: EOF when reading a line
Ask me anything: An error occurred: EOF when reading a line
Ask me anything: An error occurred: EOF when reading a line
Ask me anything: An error occurred: EOF when reading a line
Ask me anything: An error occurred: EOF when reading a line
Ask me anything: An error occurred: EOF when reading a line
Ask me anything: An error occurred: EOF when reading a line
Ask me anything: An error occurred: EOF when reading a line
Ask me anything: An error occurred: EOF when reading a line
Ask me anything: An error occurred: EOF when reading a line
Ask me anything: An error occurred: EOF when reading a line
Ask me anything: An error occurred: EOF when reading a line
Ask me anything: An error occurred: EOF when reading a line
Ask me anything: An error occurred: EOF when reading a line
Ask me anything: An error occurred: EOF when reading a line
Ask me anything: An error occurred: EOF when reading a line
Ask me anything: An error occurred: EOF when reading a line
Ask me anything: An error occurred: EOF when reading a line
Ask me anything: An error occurred: EOF when reading a line
Ask me anything: An error occurred: EOF when reading a line
Ask me anything: An error occurred: EOF when reading a line
Ask me anything: An error occurred: EOF when reading a line
Ask me anything: An error occurred: EOF when reading a line
Ask me anything: An error occurred: EOF when reading a line
Ask me anything: An error occurred: EOF when reading a line
Ask me anything: An error occurred: EOF when reading a line
Ask me anything: An error occurred: EOF when reading a line
Ask me anything: An error occurred: EOF when reading a line
Ask me anything: An error occurred: EOF when reading a line
Ask me anything: An error occurred: EOF when reading a line
Ask me anything: An error occurred: EOF when reading a line
Ask me anything: An error occurred: EOF when reading a line
Ask me anything: An error occurred: EOF when reading a line
Ask me anything: An error occurred: EOF when reading a line
Ask me anything: An error occurred: EOF when reading a line
Ask me anything: An error occurred: EOF when reading a line
Ask me anything: An error occurred: EOF when reading a line
Ask me anything: An error occurred: EOF when reading a line
Ask me anything: An error occurred: EOF when reading a line
Ask me anything: An error occurred: EOF when reading a line
Ask me anything: An error occurred: EOF when reading a line
Ask me anything: An error occurred: EOF when reading a line
Ask me anything: An error occurred: EOF when reading a line
Ask me anything: An error occurred: EOF when reading a line
Ask me anything: An error occurred: EOF when reading a line
Ask me anything: An error occurred: EOF when reading a line
Ask me anything: An error occurred: EOF when reading a line
Ask me anything: An error occurred: EOF when reading a line
Ask me anything: An error occurred: EOF when reading a line
Ask me anything: An error occurred: EOF when reading a line
Ask me anything: An error occurred: EOF when reading a line
Ask me anything: An error occurred: EOF when reading a line
Ask me anything: An error occurred: EOF when reading a line
Ask me anything: An error occurred: EOF when reading a line
Ask me anything: An error occurred: EOF when reading a line
Ask me anything: An error occurred: EOF when reading a line
Ask me anything: An error occurred: EOF when reading a line
Ask me anything: An error occurred: EOF when reading a line
Ask me anything: An error occurred: EOF when reading a line
Ask me anything: An error occurred: EOF when reading a line
Ask me anything: An error occurred: EOF when reading a line
Ask me anything: An error occurred: EOF when reading a line
Ask me anything: An error occurred: EOF when reading a line
Ask me anything: An error occurred: EOF when reading a line
Ask me anything: An error occurred: EOF when reading a line
Ask me anything: An error occurred: EOF when reading a line
Ask me anything: An error occurred: EOF when reading a line
Ask me anything: An error occurred: EOF when reading a line
Ask me anything: An error occurred: EOF when reading a line
Ask me anything: An error occurred: EOF when reading a line
Ask me anything: An error occurred: EOF when reading a line
Ask me anything: An error occurred: EOF when reading a line
Ask me anything: An error occurred: EOF when reading a line
Ask me anything: An error occurred: EOF when reading a line
Ask me anything: An error occurred: EOF when reading a line
Ask me anything: An error occurred: EOF when reading a line
Ask me anything: An error occurred: EOF when reading a line
Ask me anything: An error occurred: EOF when reading a line
Ask me anything: An error occurred: EOF when reading a line
Ask me anything: An error occurred: EOF when reading a line
Ask me anything: An error occurred: EOF when reading a line
Ask me anything: An error occurred: EOF when reading a line
Ask me anything: An error occurred: EOF when reading a line
Ask me anything: An error occurred: EOF when reading a line
Ask me anything: An error occurred: EOF when reading a line
Ask me anything: An error occurred: EOF when reading a line
Ask me anything: An error occurred: EOF when reading a line
Ask me anything: An error occurred: EOF when reading a line
Ask me anything: An error occurred: EOF when reading a line
Ask me anything: An error occurred: EOF when reading a line
Ask me anything: An error occurred: EOF when reading a line
Ask me anything: An error occurred: EOF when reading a line
Ask me anything: An error occurred: EOF when reading a line
Ask me anything: An error occurred: EOF when reading a line
Ask me anything: An error occurred: EOF when reading a line
Ask me anything: An error occurred: EOF when reading a line
Ask me anything: An error occurred: EOF when reading a line
Ask me anything: An error occurred: EOF when reading a line
Ask me anything: An error occurred: EOF when reading a line
Ask me anything: An error occurred: EOF when reading a line
Ask me anything: An error occurred: EOF when reading a line
Ask me anything: An error occurred: EOF when reading a line
Ask me anything: An error occurred: EOF when reading a line
Ask me anything: An error occurred: EOF when reading a line
Ask me anything: An error occurred: EOF when reading a line
Ask me anything: An error occurred: EOF when reading a line
Ask me anything: An error occurred: EOF when reading a line
Ask me anything: An error occurred: EOF when reading a line
Ask me anything: An error occurred: EOF when reading a line
Ask me anything: An error occurred: EOF when reading a line
Ask me anything: An error occurred: EOF when reading a line
Ask me anything: An error occurred: EOF when reading a line
Ask me anything: An error occurred: EOF when reading a line
Ask me anything: An error occurred: EOF when reading a line
Ask me anything: An error occurred: EOF when reading a line
Ask me anything: An error occurred: EOF when reading a line
Ask me anything: An error occurred: EOF when reading a line
Ask me anything: An error occurred: EOF when reading a line
Ask me anything: An error occurred: EOF when reading a line
Ask me anything: An error occurred: EOF when reading a line
Ask me anything: An error occurred: EOF when reading a line
Ask me anything: An error occurred: EOF when reading a line
Ask me anything: An error occurred: EOF when reading a line
Ask me anything: An error occurred: EOF when reading a line
Ask me anything: An error occurred: EOF when reading a line
Ask me anything: An error occurred: EOF when reading a line
Ask me anything: An error occurred: EOF when reading a line
Ask me anything: An error occurred: EOF when reading a line
Ask me anything: An error occurred: EOF when reading a line
Ask me anything: An error occurred: EOF when reading a line
Ask me anything: An error occurred: EOF when reading a line
Ask me anything: An error occurred: EOF when reading a line
Ask me anything: An error occurred: EOF when reading a line
Ask me anything: An error occurred: EOF when reading a line
Ask me anything: An error occurred: EOF when reading a line
Ask me anything: An error occurred: EOF when reading a line
Ask me anything: An error occurred: EOF when reading a line
Ask me anything: An error occurred: EOF when reading a line
Ask me anything: An error occurred: EOF when reading a line
Ask me anything: An error occurred: EOF when reading a line
Ask me anything: An error occurred: EOF when reading a line
Ask me anything: An error occurred: EOF when reading a line
Ask me anything: An error occurred: EOF when reading a line
Ask me anything: An error occurred: EOF when reading a line
Ask me anything: An error occurred: EOF when reading a line
Ask me anything: An error occurred: EOF when reading a line
Ask me anything: An error occurred: EOF when reading a line
Ask me anything: An error occurred: EOF when reading a line
Ask me anything: An error occurred: EOF when reading a line
Ask me anything: An error occurred: EOF when reading a line
Ask me anything: An error occurred: EOF when reading a line
Ask me anything: An error occurred: EOF when reading a line
Ask me anything: An error occurred: EOF when reading a line
Ask me anything: An error occurred: EOF when reading a line
Ask me anything: An error occurred: EOF when reading a line
Ask me anything: An error occurred: EOF when reading a line
Ask me anything: An error occurred: EOF when reading a line
Ask me anything: An error occurred: EOF when reading a line
Ask me anything: An error occurred: EOF when reading a line
Ask me anything: An error occurred: EOF when reading a line
Ask me anything: An error occurred: EOF when reading a line
Ask me anything: An error occurred: EOF when reading a line
Ask me anything: An error occurred: EOF when reading a line
Ask me anything: An error occurred: EOF when reading a line
Ask me anything: An error occurred: EOF when reading a line
Ask me anything: An error occurred: EOF when reading a line
Ask me anything: An error occurred: EOF when reading a line
Ask me anything: An error occurred: EOF when reading a line
Ask me anything: An error occurred: EOF when reading a line
Ask me anything: An error occurred: EOF when reading a line
Ask me anything: An error occurred: EOF when reading a line
Ask me anything: An error occurred: EOF when reading a line
Ask me anything: An error occurred: EOF when reading a line
Ask me anything: An error occurred: EOF when reading a line
Ask me anything: An error occurred: EOF when reading a line
Ask me anything: An error occurred: EOF when reading a line
Ask me anything: An error occurred: EOF when reading a line
Ask me anything: An error occurred: EOF when reading a line
Ask me anything: An error occurred: EOF when reading a line
Ask me anything: An error occurred: EOF when reading a line
Ask me anything: An error occurred: EOF when reading a line
Ask me anything: An error occurred: EOF when reading a line
Ask me anything: An error occurred: EOF when reading a line
Ask me anything: An error occurred: EOF when reading a line
Ask me anything: An error occurred: EOF when reading a line
Ask me anything: An error occurred: EOF when reading a line
Ask me anything: An error occurred: EOF when reading a line
Ask me anything: An error occurred: EOF when reading a line
Ask me anything: An error occurred: EOF when reading a line
Ask me anything: An error occurred: EOF when reading a line
Ask me anything: An error occurred: EOF when reading a line
Ask me anything: An error occurred: EOF when reading a line
Ask me anything: An error occurred: EOF when reading a line
Ask me anything: An error occurred: EOF when reading a line
Ask me anything: An error occurred: EOF when reading a line
Ask me anything: An error occurred: EOF when reading a line
Ask me anything: An error occurred: EOF when reading a line
Ask me anything: An error occurred: EOF when reading a line
Ask me anything: An error occurred: EOF when reading a line
Ask me anything: An error occurred: EOF when reading a line
Ask me anything: An error occurred: EOF when reading a line
Ask me anything: An error occurred: EOF when reading a line
Ask me anything: An error occurred: EOF when reading a line
Ask me anything: An error occurred: EOF when reading a line
Ask me anything: An error occurred: EOF when reading a line
Ask me anything: An error occurred: EOF when reading a line
Ask me anything: An error occurred: EOF when reading a line
Ask me anything: An error occurred: EOF when reading a line
Ask me anything: An error occurred: EOF when reading a line
Ask me anything: An error occurred: EOF when reading a line
Ask me anything: An error occurred: EOF when reading a line
Ask me anything: An error occurred: EOF when reading a line
Ask me anything: An error occurred: EOF when reading a line
Ask me anything: An error occurred: EOF when reading a line
Ask me anything: An error occurred: EOF when reading a line
Ask me anything: An error occurred: EOF when reading a line
Ask me anything: An error occurred: EOF when reading a line
Ask me anything: An error occurred: EOF when reading a line
Ask me anything: An error occurred: EOF when reading a line
Ask me anything: An error occurred: EOF when reading a line
Ask me anything: An error occurred: EOF when reading a line
Ask me anything: An error occurred: EOF when reading a line
Ask me anything: An error occurred: EOF when reading a line
Ask me anything: An error occurred: EOF when reading a line
Ask me anything: An error occurred: EOF when reading a line
Ask me anything: An error occurred: EOF when reading a line
Ask me anything: An error occurred: EOF when reading a line
Ask me anything: An error occurred: EOF when reading a line
Ask me anything: An error occurred: EOF when reading a line
Ask me anything: An error occurred: EOF when reading a line
Ask me anything: An error occurred: EOF when reading a line
Ask me anything: An error occurred: EOF when reading a line
Ask me anything: An error occurred: EOF when reading a line
Ask me anything: An error occurred: EOF when reading a line
Ask me anything: An error occurred: EOF when reading a line
Ask me anything: An error occurred: EOF when reading a line
Ask me anything: An error occurred: EOF when reading a line
Ask me anything: An error occurred: EOF when reading a line
Ask me anything: An error occurred: EOF when reading a line
Ask me anything: An error occurred: EOF when reading a line
Ask me anything: An error occurred: EOF when reading a line
Ask me anything: An error occurred: EOF when reading a line
Ask me anything: An error occurred: EOF when reading a line
Ask me anything: An error occurred: EOF when reading a line
Ask me anything: An error occurred: EOF when reading a line
Ask me anything: An error occurred: EOF when reading a line
Ask me anything: An error occurred: EOF when reading a line
Ask me anything: An error occurred: EOF when reading a line
Ask me anything: An error occurred: EOF when reading a line
Ask me anything: An error occurred: EOF when reading a line
Ask me anything: An error occurred: EOF when reading a line
Ask me anything: An error occurred: EOF when reading a line
Ask me anything: An error occurred: EOF when reading a line
Ask me anything: An error occurred: EOF when reading a line
Ask me anything: An error occurred: EOF when reading a line
Ask me anything: An error occurred: EOF when reading a line
Ask me anything: An error occurred: EOF when reading a line
Ask me anything: An error occurred: EOF when reading a line
Ask me anything: An error occurred: EOF when reading a line
Ask me anything: An error occurred: EOF when reading a line
Ask me anything: An error occurred: EOF when reading a line
Ask me anything: An error occurred: EOF when reading a line
Ask me anything: An error occurred: EOF when reading a line
Ask me anything: An error occurred: EOF when reading a line
Ask me anything: An error occurred: EOF when reading a line
Ask me anything: An error occurred: EOF when reading a line
Ask me anything: An error occurred: EOF when reading a line
Ask me anything: An error occurred: EOF when reading a line
Ask me anything: An error occurred: EOF when reading a line
Ask me anything: An error occurred: EOF when reading a line
Ask me anything: An error occurred: EOF when reading a line
Ask me anything: An error occurred: EOF when reading a line
Ask me anything: An error occurred: EOF when reading a line
Ask me anything: An error occurred: EOF when reading a line
Ask me anything: An error occurred: EOF when reading a line
Ask me anything: An error occurred: EOF when reading a line
Ask me anything: An error occurred: EOF when reading a line
Ask me anything: An error occurred: EOF when reading a line
Ask me anything: An error occurred: EOF when reading a line
Ask me anything: An error occurred: EOF when reading a line
Ask me anything: An error occurred: EOF when reading a line
Ask me anything: An error occurred: EOF when reading a line
Ask me anything: An error occurred: EOF when reading a line
Ask me anything: An error occurred: EOF when reading a line
Ask me anything: An error occurred: EOF when reading a line
Ask me anything: An error occurred: EOF when reading a line
Ask me anything: An error occurred: EOF when reading a line
Ask me anything: An error occurred: EOF when reading a line
Ask me anything: An error occurred: EOF when reading a line
Ask me anything: An error occurred: EOF when reading a line
Ask me anything: An error occurred: EOF when reading a line
Ask me anything: An error occurred: EOF when reading a line
Ask me anything: An error occurred: EOF when reading a line
Ask me anything: An error occurred: EOF when reading a line
Ask me anything: An error occurred: EOF when reading a line
Ask me anything: An error occurred: EOF when reading a line
Ask me anything: An error occurred: EOF when reading a line
Ask me anything: An error occurred: EOF when reading a line
Ask me anything: An error occurred: EOF when reading a line
Ask me anything: An error occurred: EOF when reading a line
Ask me anything: An error occurred: EOF when reading a line
Ask me anything: An error occurred: EOF when reading a line
Ask me anything: An error occurred: EOF when reading a line
Ask me anything: An error occurred: EOF when reading a line
Ask me anything: An error occurred: EOF when reading a line
Ask me anything: An error occurred: EOF when reading a line
Ask me anything: An error occurred: EOF when reading a line
Ask me anything: An error occurred: EOF when reading a line
Ask me anything: An error occurred: EOF when reading a line
Ask me anything: An error occurred: EOF when reading a line
Ask me anything: An error occurred: EOF when reading a line
Ask me anything: An error occurred: EOF when reading a line
Ask me anything: An error occurred: EOF when reading a line
Ask me anything: An error occurred: EOF when reading a line
Ask me anything: An error occurred: EOF when reading a line
Ask me anything: An error occurred: EOF when reading a line
Ask me anything: An error occurred: EOF when reading a line
Ask me anything: An error occurred: EOF when reading a line
Ask me anything: An error occurred: EOF when reading a line
Ask me anything: An error occurred: EOF when reading a line
Ask me anything: An error occurred: EOF when reading a line
Ask me anything: An error occurred: EOF when reading a line
Ask me anything: An error occurred: EOF when reading a line
Ask me anything: An error occurred: EOF when reading a line
Ask me anything: An error occurred: EOF when reading a line
Ask me anything: An error occurred: EOF when reading a line
Ask me anything: An error occurred: EOF when reading a line
Ask me anything: An error occurred: EOF when reading a line
Ask me anything: An error occurred: EOF when reading a line
Ask me anything: An error occurred: EOF when reading a line
Ask me anything: An error occurred: EOF when reading a line
Ask me anything: An error occurred: EOF when reading a line
Ask me anything: An error occurred: EOF when reading a line
Ask me anything: An error occurred: EOF when reading a line
Ask me anything: An error occurred: EOF when reading a line
Ask me anything: An error occurred: EOF when reading a line
Ask me anything: An error occurred: EOF when reading a line
Ask me anything: An error occurred: EOF when reading a line
Ask me anything: An error occurred: EOF when reading a line
Ask me anything: An error occurred: EOF when reading a line
Ask me anything: An error occurred: EOF when reading a line
Ask me anything: An error occurred: EOF when reading a line
Ask me anything: An error occurred: EOF when reading a line
Ask me anything: An error occurred: EOF when reading a line
Ask me anything: An error occurred: EOF when reading a line
Ask me anything: An error occurred: EOF when reading a line
Ask me anything: An error occurred: EOF when reading a line
Ask me anything: An error occurred: EOF when reading a line
Ask me anything: An error occurred: EOF when reading a line
Ask me anything: An error occurred: EOF when reading a line
Ask me anything: An error occurred: EOF when reading a line
Ask me anything: An error occurred: EOF when reading a line
Ask me anything: An error occurred: EOF when reading a line
Ask me anything: An error occurred: EOF when reading a line
Ask me anything: An error occurred: EOF when reading a line
Ask me anything: An error occurred: EOF when reading a line
Ask me anything: An error occurred: EOF when reading a line
Ask me anything: An error occurred: EOF when reading a line
Ask me anything: An error occurred: EOF when reading a line
Ask me anything: An error occurred: EOF when reading a line
Ask me anything: An error occurred: EOF when reading a line
Ask me anything: An error occurred: EOF when reading a line
Ask me anything: An error occurred: EOF when reading a line
Ask me anything: An error occurred: EOF when reading a line
Ask me anything: An error occurred: EOF when reading a line
Ask me anything: An error occurred: EOF when reading a line
Ask me anything: An error occurred: EOF when reading a line
Ask me anything: An error occurred: EOF when reading a line
Ask me anything: An error occurred: EOF when reading a line
Ask me anything: An error occurred: EOF when reading a line
Ask me anything: An error occurred: EOF when reading a line
Ask me anything: An error occurred: EOF when reading a line
Ask me anything: An error occurred: EOF when reading a line
Ask me anything: An error occurred: EOF when reading a line
Ask me anything: An error occurred: EOF when reading a line
Ask me anything: An error occurred: EOF when reading a line
Ask me anything: An error occurred: EOF when reading a line
Ask me anything: An error occurred: EOF when reading a line
Ask me anything: An error occurred: EOF when reading a line
Ask me anything: An error occurred: EOF when reading a line
Ask me anything: An error occurred: EOF when reading a line
Ask me anything: An error occurred: EOF when reading a line
Ask me anything: An error occurred: EOF when reading a line
Ask me anything: An error occurred: EOF when reading a line
Ask me anything: An error occurred: EOF when reading a line
Ask me anything: An error occurred: EOF when reading a line
Ask me anything: An error occurred: EOF when reading a line
Ask me anything: An error occurred: EOF when reading a line
Ask me anything: An error occurred: EOF when reading a line
Ask me anything: An error occurred: EOF when reading a line
Ask me anything: An error occurred: EOF when reading a line
Ask me anything: An error occurred: EOF when reading a line
Ask me anything: An error occurred: EOF when reading a line
Ask me anything: An error occurred: EOF when reading a line
Ask me anything: An error occurred: EOF when reading a line
Ask me anything: An error occurred: EOF when reading a line
Ask me anything: An error occurred: EOF when reading a line
Ask me anything: An error occurred: EOF when reading a line
Ask me anything: An error occurred: EOF when reading a line
Ask me anything: An error occurred: EOF when reading a line
Ask me anything: An error occurred: EOF when reading a line
Ask me anything: An error occurred: EOF when reading a line
Ask me anything: An error occurred: EOF when reading a line
Ask me anything: An error occurred: EOF when reading a line
Ask me anything: An error occurred: EOF when reading a line
Ask me anything: An error occurred: EOF when reading a line
Ask me anything: An error occurred: EOF when reading a line
Ask me anything: An error occurred: EOF when reading a line
Ask me anything: An error occurred: EOF when reading a line
Ask me anything: An error occurred: EOF when reading a line
Ask me anything: An error occurred: EOF when reading a line
Ask me anything: An error occurred: EOF when reading a line
Ask me anything: An error occurred: EOF when reading a line
Ask me anything: An error occurred: EOF when reading a line
Ask me anything: An error occurred: EOF when reading a line
Ask me anything: An error occurred: EOF when reading a line
Ask me anything: An error occurred: EOF when reading a line
Ask me anything: An error occurred: EOF when reading a line
Ask me anything: An error occurred: EOF when reading a line
Ask me anything: An error occurred: EOF when reading a line
Ask me anything: An error occurred: EOF when reading a line
Ask me anything: An error occurred: EOF when reading a line
Ask me anything: An error occurred: EOF when reading a line
Ask me anything: An error occurred: EOF when reading a line
Ask me anything: An error occurred: EOF when reading a line
Ask me anything: An error occurred: EOF when reading a line
Ask me anything: An error occurred: EOF when reading a line
Ask me anything: An error occurred: EOF when reading a line
Ask me anything: An error occurred: EOF when reading a line
Ask me anything: An error occurred: EOF when reading a line
Ask me anything: An error occurred: EOF when reading a line
Ask me anything: An error occurred: EOF when reading a line
Ask me anything: An error occurred: EOF when reading a line
Ask me anything: An error occurred: EOF when reading a line
Ask me anything: An error occurred: EOF when reading a line
Ask me anything: An error occurred: EOF when reading a line
Ask me anything: An error occurred: EOF when reading a line
Ask me anything: An error occurred: EOF when reading a line
Ask me anything: An error occurred: EOF when reading a line
Ask me anything: An error occurred: EOF when reading a line
Ask me anything: An error occurred: EOF when reading a line
Ask me anything: An error occurred: EOF when reading a line
Ask me anything: An error occurred: EOF when reading a line
Ask me anything: An error occurred: EOF when reading a line
Ask me anything: An error occurred: EOF when reading a line
Ask me anything: An error occurred: EOF when reading a line
Ask me anything: An error occurred: EOF when reading a line
Ask me anything: An error occurred: EOF when reading a line
Ask me anything: An error occurred: EOF when reading a line
Ask me anything: An error occurred: EOF when reading a line
Ask me anything: An error occurred: EOF when reading a line
Ask me anything: An error occurred: EOF when reading a line
Ask me anything: An error occurred: EOF when reading a line
Ask me anything: An error occurred: EOF when reading a line
Ask me anything: An error occurred: EOF when reading a line
Ask me anything: An error occurred: EOF when reading a line
Ask me anything: An error occurred: EOF when reading a line
Ask me anything: An error occurred: EOF when reading a line
Ask me anything: An error occurred: EOF when reading a line
Ask me anything: An error occurred: EOF when reading a line
Ask me anything: An error occurred: EOF when reading a line
Ask me anything: An error occurred: EOF when reading a line
Ask me anything: An error occurred: EOF when reading a line
Ask me anything: An error occurred: EOF when reading a line
Ask me anything: An error occurred: EOF when reading a line
Ask me anything: An error occurred: EOF when reading a line
Ask me anything: An error occurred: EOF when reading a line
Ask me anything: An error occurred: EOF when reading a line
Ask me anything: An error occurred: EOF when reading a line
Ask me anything: An error occurred: EOF when reading a line
Ask me anything: An error occurred: EOF when reading a line
Ask me anything: An error occurred: EOF when reading a line
Ask me anything: An error occurred: EOF when reading a line
Ask me anything: An error occurred: EOF when reading a line
Ask me anything: An error occurred: EOF when reading a line
Ask me anything: An error occurred: EOF when reading a line
Ask me anything: An error occurred: EOF when reading a line
Ask me anything: An error occurred: EOF when reading a line
Ask me anything: An error occurred: EOF when reading a line
Ask me anything: An error occurred: EOF when reading a line
Ask me anything: An error occurred: EOF when reading a line
Ask me anything: An error occurred: EOF when reading a line
Ask me anything: An error occurred: EOF when reading a line
Ask me anything: An error occurred: EOF when reading a line
Ask me anything: An error occurred: EOF when reading a line
Ask me anything: An error occurred: EOF when reading a line
Ask me anything: An error occurred: EOF when reading a line
Ask me anything: An error occurred: EOF when reading a line
Ask me anything: An error occurred: EOF when reading a line
Ask me anything: An error occurred: EOF when reading a line
Ask me anything: An error occurred: EOF when reading a line
Ask me anything: An error occurred: EOF when reading a line
Ask me anything: An error occurred: EOF when reading a line
Ask me anything: An error occurred: EOF when reading a line
Ask me anything: An error occurred: EOF when reading a line
Ask me anything: An error occurred: EOF when reading a line
Ask me anything: An error occurred: EOF when reading a line
Ask me anything: An error occurred: EOF when reading a line
Ask me anything: An error occurred: EOF when reading a line
Ask me anything: An error occurred: EOF when reading a line
Ask me anything: An error occurred: EOF when reading a line
Ask me anything: An error occurred: EOF when reading a line
Ask me anything: An error occurred: EOF when reading a line
Ask me anything: An error occurred: EOF when reading a line
Ask me anything: An error occurred: EOF when reading a line
Ask me anything: An error occurred: EOF when reading a line
Ask me anything: An error occurred: EOF when reading a line
Ask me anything: An error occurred: EOF when reading a line
Ask me anything: An error occurred: EOF when reading a line
Ask me anything: An error occurred: EOF when reading a line
Ask me anything: An error occurred: EOF when reading a line
Ask me anything: An error occurred: EOF when reading a line
Ask me anything: An error occurred: EOF when reading a line
Ask me anything: An error occurred: EOF when reading a line
Ask me anything: An error occurred: EOF when reading a line
Ask me anything: An error occurred: EOF when reading a line
Ask me anything: An error occurred: EOF when reading a line
Ask me anything: An error occurred: EOF when reading a line
Ask me anything: An error occurred: EOF when reading a line
Ask me anything: An error occurred: EOF when reading a line
Ask me anything: An error occurred: EOF when reading a line
Ask me anything: An error occurred: EOF when reading a line
Ask me anything: An error occurred: EOF when reading a line
Ask me anything: An error occurred: EOF when reading a line
Ask me anything: An error occurred: EOF when reading a line
Ask me anything: An error occurred: EOF when reading a line
Ask me anything: An error occurred: EOF when reading a line
Ask me anything: An error occurred: EOF when reading a line
Ask me anything: An error occurred: EOF when reading a line
Ask me anything: An error occurred: EOF when reading a line
Ask me anything: An error occurred: EOF when reading a line
Ask me anything: An error occurred: EOF when reading a line
Ask me anything: An error occurred: EOF when reading a line
Ask me anything: An error occurred: EOF when reading a line
Ask me anything: An error occurred: EOF when reading a line
Ask me anything: An error occurred: EOF when reading a line
Ask me anything: An error occurred: EOF when reading a line
Ask me anything: An error occurred: EOF when reading a line
Ask me anything: An error occurred: EOF when reading a line
Ask me anything: An error occurred: EOF when reading a line
Ask me anything: An error occurred: EOF when reading a line
Ask me anything: An error occurred: EOF when reading a line
Ask me anything: An error occurred: EOF when reading a line
Ask me anything: An error occurred: EOF when reading a line
Ask me anything: An error occurred: EOF when reading a line
Ask me anything: An error occurred: EOF when reading a line
Ask me anything: An error occurred: EOF when reading a line
Ask me anything: An error occurred: EOF when reading a line
Ask me anything: An error occurred: EOF when reading a line
Ask me anything: An error occurred: EOF when reading a line
Ask me anything: An error occurred: EOF when reading a line
Ask me anything: An error occurred: EOF when reading a line
Ask me anything: An error occurred: EOF when reading a line
Ask me anything: An error occurred: EOF when reading a line
Ask me anything: An error occurred: EOF when reading a line
Ask me anything: An error occurred: EOF when reading a line
Ask me anything: An error occurred: EOF when reading a line
Ask me anything: An error occurred: EOF when reading a line
Ask me anything: An error occurred: EOF when reading a line
Ask me anything: An error occurred: EOF when reading a line
Ask me anything: An error occurred: EOF when reading a line
Ask me anything: An error occurred: EOF when reading a line
Ask me anything: An error occurred: EOF when reading a line
Ask me anything: An error occurred: EOF when reading a line
Ask me anything: An error occurred: EOF when reading a line
Ask me anything: An error occurred: EOF when reading a line
Ask me anything: An error occurred: EOF when reading a line
Ask me anything: An error occurred: EOF when reading a line
Ask me anything: An error occurred: EOF when reading a line
Ask me anything: An error occurred: EOF when reading a line
Ask me anything: An error occurred: EOF when reading a line
Ask me anything: An error occurred: EOF when reading a line
Ask me anything: An error occurred: EOF when reading a line
Ask me anything: An error occurred: EOF when reading a line
Ask me anything: An error occurred: EOF when reading a line
Ask me anything: An error occurred: EOF when reading a line
Ask me anything: An error occurred: EOF when reading a line
Ask me anything: An error occurred: EOF when reading a line
Ask me anything: An error occurred: EOF when reading a line
Ask me anything: An error occurred: EOF when reading a line
Ask me anything: An error occurred: EOF when reading a line
Ask me anything: An error occurred: EOF when reading a line
Ask me anything: An error occurred: EOF when reading a line
Ask me anything: An error occurred: EOF when reading a line
Ask me anything: An error occurred: EOF when reading a line
Ask me anything: An error occurred: EOF when reading a line
Ask me anything: An error occurred: EOF when reading a line
Ask me anything: An error occurred: EOF when reading a line
Ask me anything: An error occurred: EOF when reading a line
Ask me anything: An error occurred: EOF when reading a line
Ask me anything: An error occurred: EOF when reading a line
Ask me anything: An error occurred: EOF when reading a line
Ask me anything: An error occurred: EOF when reading a line
Ask me anything: An error occurred: EOF when reading a line
Ask me anything: An error occurred: EOF when reading a line
Ask me anything: An error occurred: EOF when reading a line
Ask me anything: An error occurred: EOF when reading a line
Ask me anything: An error occurred: EOF when reading a line
Ask me anything: An error occurred: EOF when reading a line
Ask me anything: An error occurred: EOF when reading a line
Ask me anything: An error occurred: EOF when reading a line
Ask me anything: An error occurred: EOF when reading a line
Ask me anything: An error occurred: EOF when reading a line
Ask me anything: An error occurred: EOF when reading a line
Ask me anything: An error occurred: EOF when reading a line
Ask me anything: An error occurred: EOF when reading a line
Ask me anything: An error occurred: EOF when reading a line
Ask me anything: An error occurred: EOF when reading a line
Ask me anything: An error occurred: EOF when reading a line
Ask me anything: An error occurred: EOF when reading a line
Ask me anything: An error occurred: EOF when reading a line
Ask me anything: An error occurred: EOF when reading a line
Ask me anything: An error occurred: EOF when reading a line
Ask me anything: An error occurred: EOF when reading a line
Ask me anything: An error occurred: EOF when reading a line
Ask me anything: An error occurred: EOF when reading a line
Ask me anything: An error occurred: EOF when reading a line
Ask me anything: An error occurred: EOF when reading a line
Ask me anything: An error occurred: EOF when reading a line
Ask me anything: An error occurred: EOF when reading a line
Ask me anything: An error occurred: EOF when reading a line
Ask me anything: An error occurred: EOF when reading a line
Ask me anything: An error occurred: EOF when reading a line
Ask me anything: An error occurred: EOF when reading a line
Ask me anything: An error occurred: EOF when reading a line
Ask me anything: An error occurred: EOF when reading a line
Ask me anything: An error occurred: EOF when reading a line
Ask me anything: An error occurred: EOF when reading a line
Ask me anything: An error occurred: EOF when reading a line
Ask me anything: An error occurred: EOF when reading a line
Ask me anything: An error occurred: EOF when reading a line
Ask me anything: An error occurred: EOF when reading a line
Ask me anything: An error occurred: EOF when reading a line
Ask me anything: An error occurred: EOF when reading a line
Ask me anything: An error occurred: EOF when reading a line
Ask me anything: An error occurred: EOF when reading a line
Ask me anything: An error occurred: EOF when reading a line
Ask me anything: An error occurred: EOF when reading a line
Ask me anything: An error occurred: EOF when reading a line
Ask me anything: An error occurred: EOF when reading a line
Ask me anything: An error occurred: EOF when reading a line
Ask me anything: An error occurred: EOF when reading a line
Ask me anything: An error occurred: EOF when reading a line
Ask me anything: An error occurred: EOF when reading a line
Ask me anything: An error occurred: EOF when reading a line
Ask me anything: An error occurred: EOF when reading a line
Ask me anything: An error occurred: EOF when reading a line
Ask me anything: An error occurred: EOF when reading a line
Ask me anything: An error occurred: EOF when reading a line
Ask me anything: An error occurred: EOF when reading a line
Ask me anything: An error occurred: EOF when reading a line
Ask me anything: An error occurred: EOF when reading a line
Ask me anything: An error occurred: EOF when reading a line
Ask me anything: An error occurred: EOF when reading a line
Ask me anything: An error occurred: EOF when reading a line
Ask me anything: An error occurred: EOF when reading a line
Ask me anything: An error occurred: EOF when reading a line
Ask me anything: An error occurred: EOF when reading a line
Ask me anything: An error occurred: EOF when reading a line
Ask me anything: An error occurred: EOF when reading a line
Ask me anything: An error occurred: EOF when reading a line
Ask me anything: An error occurred: EOF when reading a line
Ask me anything: An error occurred: EOF when reading a line
Ask me anything: An error occurred: EOF when reading a line
Ask me anything: An error occurred: EOF when reading a line
Ask me anything: An error occurred: EOF when reading a line
Ask me anything: An error occurred: EOF when reading a line
Ask me anything: An error occurred: EOF when reading a line
Ask me anything: An error occurred: EOF when reading a line
Ask me anything: An error occurred: EOF when reading a line
Ask me anything: An error occurred: EOF when reading a line
Ask me anything: An error occurred: EOF when reading a line
Ask me anything: An error occurred: EOF when reading a line
Ask me anything: An error occurred: EOF when reading a line
Ask me anything: An error occurred: EOF when reading a line
Ask me anything: An error occurred: EOF when reading a line
Ask me anything: An error occurred: EOF when reading a line
Ask me anything: An error occurred: EOF when reading a line
Ask me anything: An error occurred: EOF when reading a line
Ask me anything: An error occurred: EOF when reading a line
Ask me anything: An error occurred: EOF when reading a line
Ask me anything: An error occurred: EOF when reading a line
Ask me anything: An error occurred: EOF when reading a line
Ask me anything: An error occurred: EOF when reading a line
Ask me anything: An error occurred: EOF when reading a line
Ask me anything: An error occurred: EOF when reading a line
Ask me anything: An error occurred: EOF when reading a line
Ask me anything: An error occurred: EOF when reading a line
Ask me anything: An error occurred: EOF when reading a line
Ask me anything: An error occurred: EOF when reading a line
Ask me anything: An error occurred: EOF when reading a line
Ask me anything: An error occurred: EOF when reading a line
Ask me anything: An error occurred: EOF when reading a line
Ask me anything: An error occurred: EOF when reading a line
Ask me anything: An error occurred: EOF when reading a line
Ask me anything: An error occurred: EOF when reading a line
Ask me anything: An error occurred: EOF when reading a line
Ask me anything: An error occurred: EOF when reading a line
Ask me anything: An error occurred: EOF when reading a line
Ask me anything: An error occurred: EOF when reading a line
Ask me anything: An error occurred: EOF when reading a line
Ask me anything: An error occurred: EOF when reading a line
Ask me anything: An error occurred: EOF when reading a line
Ask me anything: An error occurred: EOF when reading a line
Ask me anything: An error occurred: EOF when reading a line
Ask me anything: An error occurred: EOF when reading a line
Ask me anything: An error occurred: EOF when reading a line
Ask me anything: An error occurred: EOF when reading a line
Ask me anything: An error occurred: EOF when reading a line
Ask me anything: An error occurred: EOF when reading a line
Ask me anything: An error occurred: EOF when reading a line
Ask me anything: An error occurred: EOF when reading a line
Ask me anything: An error occurred: EOF when reading a line
Ask me anything: An error occurred: EOF when reading a line
Ask me anything: An error occurred: EOF when reading a line
Ask me anything: An error occurred: EOF when reading a line
Ask me anything: An error occurred: EOF when reading a line
Ask me anything: An error occurred: EOF when reading a line
Ask me anything: An error occurred: EOF when reading a line
Ask me anything: An error occurred: EOF when reading a line
Ask me anything: An error occurred: EOF when reading a line
Ask me anything: An error occurred: EOF when reading a line
Ask me anything: An error occurred: EOF when reading a line
Ask me anything: An error occurred: EOF when reading a line
Ask me anything: An error occurred: EOF when reading a line
Ask me anything: An error occurred: EOF when reading a line
Ask me anything: An error occurred: EOF when reading a line
Ask me anything: An error occurred: EOF when reading a line
Ask me anything: An error occurred: EOF when reading a line
Ask me anything: An error occurred: EOF when reading a line
Ask me anything: An error occurred: EOF when reading a line
Ask me anything: An error occurred: EOF when reading a line
Ask me anything: An error occurred: EOF when reading a line
Ask me anything: An error occurred: EOF when reading a line
Ask me anything: An error occurred: EOF when reading a line
Ask me anything: An error occurred: EOF when reading a line
Ask me anything: An error occurred: EOF when reading a line
Ask me anything: An error occurred: EOF when reading a line
Ask me anything: An error occurred: EOF when reading a line
Ask me anything: An error occurred: EOF when reading a line
Ask me anything: An error occurred: EOF when reading a line
Ask me anything: An error occurred: EOF when reading a line
Ask me anything: An error occurred: EOF when reading a line
Ask me anything: An error occurred: EOF when reading a line
Ask me anything: An error occurred: EOF when reading a line
Ask me anything: An error occurred: EOF when reading a line
Ask me anything: An error occurred: EOF when reading a line
Ask me anything: An error occurred: EOF when reading a line
Ask me anything: An error occurred: EOF when reading a line
Ask me anything: An error occurred: EOF when reading a line
Ask me anything: An error occurred: EOF when reading a line
Ask me anything: An error occurred: EOF when reading a line
Ask me anything: An error occurred: EOF when reading a line
Ask me anything: An error occurred: EOF when reading a line
Ask me anything: An error occurred: EOF when reading a line
Ask me anything: An error occurred: EOF when reading a line
Ask me anything: An error occurred: EOF when reading a line
Ask me anything: An error occurred: EOF when reading a line
Ask me anything: An error occurred: EOF when reading a line
Ask me anything: An error occurred: EOF when reading a line
Ask me anything: An error occurred: EOF when reading a line
Ask me anything: An error occurred: EOF when reading a line
Ask me anything: An error occurred: EOF when reading a line
Ask me anything: An error occurred: EOF when reading a line
Ask me anything: An error occurred: EOF when reading a line
Ask me anything: An error occurred: EOF when reading a line
Ask me anything: An error occurred: EOF when reading a line
Ask me anything: An error occurred: EOF when reading a line
Ask me anything: An error occurred: EOF when reading a line
Ask me anything: An error occurred: EOF when reading a line
Ask me anything: An error occurred: EOF when reading a line
Ask me anything: An error occurred: EOF when reading a line
Ask me anything: An error occurred: EOF when reading a line
Ask me anything: An error occurred: EOF when reading a line
Ask me anything: An error occurred: EOF when reading a line
Ask me anything: An error occurred: EOF when reading a line
Ask me anything: An error occurred: EOF when reading a line
Ask me anything: An error occurred: EOF when reading a line
Ask me anything: An error occurred: EOF when reading a line
Ask me anything: An error occurred: EOF when reading a line
Ask me anything: An error occurred: EOF when reading a line
Ask me anything: An error occurred: EOF when reading a line
Ask me anything: An error occurred: EOF when reading a line
Ask me anything: An error occurred: EOF when reading a line
Ask me anything: An error occurred: EOF when reading a line
Ask me anything: An error occurred: EOF when reading a line
Ask me anything: An error occurred: EOF when reading a line
Ask me anything: An error occurred: EOF when reading a line
Ask me anything: An error occurred: EOF when reading a line
Ask me anything: An error occurred: EOF when reading a line
Ask me anything: An error occurred: EOF when reading a line
Ask me anything: An error occurred: EOF when reading a line
Ask me anything: An error occurred: EOF when reading a line
Ask me anything: An error occurred: EOF when reading a line
Ask me anything: An error occurred: EOF when reading a line
Ask me anything: An error occurred: EOF when reading a line
Ask me anything: An error occurred: EOF when reading a line
Ask me anything: An error occurred: EOF when reading a line
Ask me anything: An error occurred: EOF when reading a line
Ask me anything: An error occurred: EOF when reading a line
Ask me anything: An error occurred: EOF when reading a line
Ask me anything: An error occurred: EOF when reading a line
Ask me anything: An error occurred: EOF when reading a line
Ask me anything: An error occurred: EOF when reading a line
Ask me anything: An error occurred: EOF when reading a line
Ask me anything: An error occurred: EOF when reading a line
Ask me anything: An error occurred: EOF when reading a line
Ask me anything: An error occurred: EOF when reading a line
Ask me anything: An error occurred: EOF when reading a line
Ask me anything: An error occurred: EOF when reading a line
Ask me anything: An error occurred: EOF when reading a line
Ask me anything: An error occurred: EOF when reading a line
Ask me anything: An error occurred: EOF when reading a line
Ask me anything: An error occurred: EOF when reading a line
Ask me anything: An error occurred: EOF when reading a line
Ask me anything: An error occurred: EOF when reading a line
Ask me anything: An error occurred: EOF when reading a line
Ask me anything: An error occurred: EOF when reading a line
Ask me anything: An error occurred: EOF when reading a line
Ask me anything: An error occurred: EOF when reading a line
Ask me anything: An error occurred: EOF when reading a line
Ask me anything: An error occurred: EOF when reading a line
Ask me anything: An error occurred: EOF when reading a line
Ask me anything: An error occurred: EOF when reading a line
Ask me anything: An error occurred: EOF when reading a line
Ask me anything: An error occurred: EOF when reading a line
Ask me anything: An error occurred: EOF when reading a line
Ask me anything: An error occurred: EOF when reading a line
Ask me anything: An error occurred: EOF when reading a line
Ask me anything: An error occurred: EOF when reading a line
Ask me anything: An error occurred: EOF when reading a line
Ask me anything: An error occurred: EOF when reading a line
Ask me anything: An error occurred: EOF when reading a line
Ask me anything: An error occurred: EOF when reading a line
Ask me anything: An error occurred: EOF when reading a line
Ask me anything: An error occurred: EOF when reading a line
Ask me anything: An error occurred: EOF when reading a line
Ask me anything: An error occurred: EOF when reading a line
Ask me anything: An error occurred: EOF when reading a line
Ask me anything: An error occurred: EOF when reading a line
Ask me anything: An error occurred: EOF when reading a line
Ask me anything: An error occurred: EOF when reading a line
Ask me anything: An error occurred: EOF when reading a line
Ask me anything: An error occurred: EOF when reading a line
Ask me anything: An error occurred: EOF when reading a line
Ask me anything: An error occurred: EOF when reading a line
Ask me anything: An error occurred: EOF when reading a line
Ask me anything: An error occurred: EOF when reading a line
Ask me anything: An error occurred: EOF when reading a line
Ask me anything: An error occurred: EOF when reading a line
Ask me anything: An error occurred: EOF when reading a line
Ask me anything: An error occurred: EOF when reading a line
Ask me anything: An error occurred: EOF when reading a line
Ask me anything: An error occurred: EOF when reading a line
Ask me anything: An error occurred: EOF when reading a line
Ask me anything: An error occurred: EOF when reading a line
Ask me anything: An error occurred: EOF when reading a line
Ask me anything: An error occurred: EOF when reading a line
Ask me anything: An error occurred: EOF when reading a line
Ask me anything: An error occurred: EOF when reading a line
Ask me anything: An error occurred: EOF when reading a line
Ask me anything: An error occurred: EOF when reading a line
Ask me anything: An error occurred: EOF when reading a line
Ask me anything: An error occurred: EOF when reading a line
Ask me anything: An error occurred: EOF when reading a line
Ask me anything: An error occurred: EOF when reading a line
Ask me anything: An error occurred: EOF when reading a line
Ask me anything: An error occurred: EOF when reading a line
Ask me anything: An error occurred: EOF when reading a line
Ask me anything: An error occurred: EOF when reading a line
Ask me anything: An error occurred: EOF when reading a line
Ask me anything: An error occurred: EOF when reading a line
Ask me anything: An error occurred: EOF when reading a line
Ask me anything: An error occurred: EOF when reading a line
Ask me anything: An error occurred: EOF when reading a line
Ask me anything: An error occurred: EOF when reading a line
Ask me anything: An error occurred: EOF when reading a line
Ask me anything: An error occurred: EOF when reading a line
Ask me anything: An error occurred: EOF when reading a line
Ask me anything: An error occurred: EOF when reading a line
Ask me anything: An error occurred: EOF when reading a line
Ask me anything: An error occurred: EOF when reading a line
Ask me anything: An error occurred: EOF when reading a line
Ask me anything: An error occurred: EOF when reading a line
Ask me anything: An error occurred: EOF when reading a line
Ask me anything: An error occurred: EOF when reading a line
Ask me anything: An error occurred: EOF when reading a line
Ask me anything: An error occurred: EOF when reading a line
Ask me anything: An error occurred: EOF when reading a line
Ask me anything: An error occurred: EOF when reading a line
Ask me anything: An error occurred: EOF when reading a line
Ask me anything: An error occurred: EOF when reading a line
Ask me anything: An error occurred: EOF when reading a line
Ask me anything: An error occurred: EOF when reading a line
Ask me anything: An error occurred: EOF when reading a line
Ask me anything: An error occurred: EOF when reading a line
Ask me anything: An error occurred: EOF when reading a line
Ask me anything: An error occurred: EOF when reading a line
Ask me anything: An error occurred: EOF when reading a line
Ask me anything: An error occurred: EOF when reading a line
Ask me anything: An error occurred: EOF when reading a line
Ask me anything: An error occurred: EOF when reading a line
Ask me anything: An error occurred: EOF when reading a line
Ask me anything: An error occurred: EOF when reading a line
Ask me anything: An error occurred: EOF when reading a line
Ask me anything: An error occurred: EOF when reading a line
Ask me anything: An error occurred: EOF when reading a line
Ask me anything: An error occurred: EOF when reading a line
Ask me anything: An error occurred: EOF when reading a line
Ask me anything: An error occurred: EOF when reading a line
Ask me anything: An error occurred: EOF when reading a line
Ask me anything: An error occurred: EOF when reading a line
Ask me anything: An error occurred: EOF when reading a line
Ask me anything: An error occurred: EOF when reading a line
Ask me anything: An error occurred: EOF when reading a line
Ask me anything: An error occurred: EOF when reading a line
Ask me anything: An error occurred: EOF when reading a line
Ask me anything: An error occurred: EOF when reading a line
Ask me anything: An error occurred: EOF when reading a line
Ask me anything: An error occurred: EOF when reading a line
Ask me anything: An error occurred: EOF when reading a line
Ask me anything: An error occurred: EOF when reading a line
Ask me anything: An error occurred: EOF when reading a line
Ask me anything: An error occurred: EOF when reading a line
Ask me anything: An error occurred: EOF when reading a line
Ask me anything: An error occurred: EOF when reading a line
Ask me anything: An error occurred: EOF when reading a line
Ask me anything: An error occurred: EOF when reading a line
Ask me anything: An error occurred: EOF when reading a line
Ask me anything: An error occurred: EOF when reading a line
Ask me anything: An error occurred: EOF when reading a line
Ask me anything: An error occurred: EOF when reading a line
Ask me anything: An error occurred: EOF when reading a line
Ask me anything: An error occurred: EOF when reading a line
Ask me anything: An error occurred: EOF when reading a line
Ask me anything: An error occurred: EOF when reading a line
Ask me anything: An error occurred: EOF when reading a line
Ask me anything: An error occurred: EOF when reading a line
Ask me anything: An error occurred: EOF when reading a line
Ask me anything: An error occurred: EOF when reading a line
Ask me anything: An error occurred: EOF when reading a line
Ask me anything: An error occurred: EOF when reading a line
Ask me anything: An error occurred: EOF when reading a line
Ask me anything: An error occurred: EOF when reading a line
Ask me anything: An error occurred: EOF when reading a line
Ask me anything: An error occurred: EOF when reading a line
Ask me anything: An error occurred: EOF when reading a line
Ask me anything: An error occurred: EOF when reading a line
Ask me anything: An error occurred: EOF when reading a line
Ask me anything: An error occurred: EOF when reading a line
Ask me anything: An error occurred: EOF when reading a line
Ask me anything: An error occurred: EOF when reading a line
Ask me anything: An error occurred: EOF when reading a line
Ask me anything: An error occurred: EOF when reading a line
Ask me anything: An error occurred: EOF when reading a line
Ask me anything: An error occurred: EOF when reading a line
Ask me anything: An error occurred: EOF when reading a line
Ask me anything: An error occurred: EOF when reading a line
Ask me anything: An error occurred: EOF when reading a line
Ask me anything: An error occurred: EOF when reading a line
Ask me anything: An error occurred: EOF when reading a line
Ask me anything: An error occurred: EOF when reading a line
Ask me anything: An error occurred: EOF when reading a line
Ask me anything: An error occurred: EOF when reading a line
Ask me anything: An error occurred: EOF when reading a line
Ask me anything: An error occurred: EOF when reading a line
Ask me anything: An error occurred: EOF when reading a line
Ask me anything: An error occurred: EOF when reading a line
Ask me anything: An error occurred: EOF when reading a line
Ask me anything: An error occurred: EOF when reading a line
Ask me anything: An error occurred: EOF when reading a line
Ask me anything: An error occurred: EOF when reading a line
Ask me anything: An error occurred: EOF when reading a line
Ask me anything: An error occurred: EOF when reading a line
Ask me anything: An error occurred: EOF when reading a line
Ask me anything: An error occurred: EOF when reading a line
Ask me anything: An error occurred: EOF when reading a line
Ask me anything: An error occurred: EOF when reading a line
Ask me anything: An error occurred: EOF when reading a line
Ask me anything: An error occurred: EOF when reading a line
Ask me anything: An error occurred: EOF when reading a line
Ask me anything: An error occurred: EOF when reading a line
Ask me anything: An error occurred: EOF when reading a line
Ask me anything: An error occurred: EOF when reading a line
Ask me anything: An error occurred: EOF when reading a line
Ask me anything: An error occurred: EOF when reading a line
Ask me anything: An error occurred: EOF when reading a line
Ask me anything: An error occurred: EOF when reading a line
Ask me anything: An error occurred: EOF when reading a line
Ask me anything: An error occurred: EOF when reading a line
Ask me anything: An error occurred: EOF when reading a line
Ask me anything: An error occurred: EOF when reading a line
Ask me anything: An error occurred: EOF when reading a line
Ask me anything: An error occurred: EOF when reading a line
Ask me anything: An error occurred: EOF when reading a line
Ask me anything: An error occurred: EOF when reading a line
Ask me anything: An error occurred: EOF when reading a line
Ask me anything: An error occurred: EOF when reading a line
Ask me anything: An error occurred: EOF when reading a line
Ask me anything: An error occurred: EOF when reading a line
Ask me anything: An error occurred: EOF when reading a line
Ask me anything: An error occurred: EOF when reading a line
Ask me anything: An error occurred: EOF when reading a line
Ask me anything: An error occurred: EOF when reading a line
Ask me anything: An error occurred: EOF when reading a line
Ask me anything: An error occurred: EOF when reading a line
Ask me anything: An error occurred: EOF when reading a line
Ask me anything: An error occurred: EOF when reading a line
Ask me anything: An error occurred: EOF when reading a line
Ask me anything: An error occurred: EOF when reading a line
Ask me anything: An error occurred: EOF when reading a line
Ask me anything: An error occurred: EOF when reading a line
Ask me anything: An error occurred: EOF when reading a line
Ask me anything: An error occurred: EOF when reading a line
Ask me anything: An error occurred: EOF when reading a line
Ask me anything: An error occurred: EOF when reading a line
Ask me anything: An error occurred: EOF when reading a line
Ask me anything: An error occurred: EOF when reading a line
Ask me anything: An error occurred: EOF when reading a line
Ask me anything: An error occurred: EOF when reading a line
Ask me anything: An error occurred: EOF when reading a line
Ask me anything: An error occurred: EOF when reading a line
Ask me anything: An error occurred: EOF when reading a line
Ask me anything: An error occurred: EOF when reading a line
Ask me anything: An error occurred: EOF when reading a line
Ask me anything: An error occurred: EOF when reading a line
Ask me anything: An error occurred: EOF when reading a line
Ask me anything: An error occurred: EOF when reading a line
Ask me anything: An error occurred: EOF when reading a line
Ask me anything: An error occurred: EOF when reading a line
Ask me anything: An error occurred: EOF when reading a line
Ask me anything: An error occurred: EOF when reading a line
Ask me anything: An error occurred: EOF when reading a line
Ask me anything: An error occurred: EOF when reading a line
Ask me anything: An error occurred: EOF when reading a line
Ask me anything: An error occurred: EOF when reading a line
Ask me anything: An error occurred: EOF when reading a line
Ask me anything: An error occurred: EOF when reading a line
Ask me anything: An error occurred: EOF when reading a line
Ask me anything: An error occurred: EOF when reading a line
Ask me anything: An error occurred: EOF when reading a line
Ask me anything: An error occurred: EOF when reading a line
Ask me anything: An error occurred: EOF when reading a line
Ask me anything: An error occurred: EOF when reading a line
Ask me anything: An error occurred: EOF when reading a line
Ask me anything: An error occurred: EOF when reading a line
Ask me anything: An error occurred: EOF when reading a line
Ask me anything: An error occurred: EOF when reading a line
Ask me anything: An error occurred: EOF when reading a line
Ask me anything: An error occurred: EOF when reading a line
Ask me anything: An error occurred: EOF when reading a line
Ask me anything: An error occurred: EOF when reading a line
Ask me anything: An error occurred: EOF when reading a line
Ask me anything: An error occurred: EOF when reading a line
Ask me anything: An error occurred: EOF when reading a line
Ask me anything: An error occurred: EOF when reading a line
Ask me anything: An error occurred: EOF when reading a line
Ask me anything: An error occurred: EOF when reading a line
Ask me anything: An error occurred: EOF when reading a line
Ask me anything: An error occurred: EOF when reading a line
Ask me anything: An error occurred: EOF when reading a line
Ask me anything: An error occurred: EOF when reading a line
Ask me anything: An error occurred: EOF when reading a line
Ask me anything: An error occurred: EOF when reading a line
Ask me anything: An error occurred: EOF when reading a line
Ask me anything: An error occurred: EOF when reading a line
Ask me anything: An error occurred: EOF when reading a line
Ask me anything: An error occurred: EOF when reading a line
Ask me anything: An error occurred: EOF when reading a line
Ask me anything: An error occurred: EOF when reading a line
Ask me anything: An error occurred: EOF when reading a line
Ask me anything: An error occurred: EOF when reading a line
Ask me anything: An error occurred: EOF when reading a line
Ask me anything: An error occurred: EOF when reading a line
Ask me anything: An error occurred: EOF when reading a line
Ask me anything: An error occurred: EOF when reading a line
Ask me anything: An error occurred: EOF when reading a line
Ask me anything: An error occurred: EOF when reading a line
Ask me anything: An error occurred: EOF when reading a line
Ask me anything: An error occurred: EOF when reading a line
Ask me anything: An error occurred: EOF when reading a line
Ask me anything: An error occurred: EOF when reading a line
Ask me anything: An error occurred: EOF when reading a line
Ask me anything: An error occurred: EOF when reading a line
Ask me anything: An error occurred: EOF when reading a line
Ask me anything: An error occurred: EOF when reading a line
Ask me anything: An error occurred: EOF when reading a line
Ask me anything: An error occurred: EOF when reading a line
Ask me anything: An error occurred: EOF when reading a line
Ask me anything: An error occurred: EOF when reading a line
Ask me anything: An error occurred: EOF when reading a line
Ask me anything: An error occurred: EOF when reading a line
Ask me anything: An error occurred: EOF when reading a line
Ask me anything: An error occurred: EOF when reading a line
Ask me anything: An error occurred: EOF when reading a line
Ask me anything: An error occurred: EOF when reading a line
Ask me anything: An error occurred: EOF when reading a line
Ask me anything: An error occurred: EOF when reading a line
Ask me anything: An error occurred: EOF when reading a line
Ask me anything: An error occurred: EOF when reading a line
Ask me anything: An error occurred: EOF when reading a line
Ask me anything: An error occurred: EOF when reading a line
Ask me anything: An error occurred: EOF when reading a line
Ask me anything: An error occurred: EOF when reading a line
Ask me anything: An error occurred: EOF when reading a line
Ask me anything: An error occurred: EOF when reading a line
Ask me anything: An error occurred: EOF when reading a line
Ask me anything: An error occurred: EOF when reading a line
Ask me anything: An error occurred: EOF when reading a line
Ask me anything: An error occurred: EOF when reading a line
Ask me anything: An error occurred: EOF when reading a line
Ask me anything: An error occurred: EOF when reading a line
Ask me anything: An error occurred: EOF when reading a line
Ask me anything: An error occurred: EOF when reading a line
Ask me anything: An error occurred: EOF when reading a line
Ask me anything: An error occurred: EOF when reading a line
Ask me anything: An error occurred: EOF when reading a line
Ask me anything: An error occurred: EOF when reading a line
Ask me anything: An error occurred: EOF when reading a line
Ask me anything: An error occurred: EOF when reading a line
Ask me anything: An error occurred: EOF when reading a line
Ask me anything: An error occurred: EOF when reading a line
Ask me anything: An error occurred: EOF when reading a line
Ask me anything: An error occurred: EOF when reading a line
Ask me anything: An error occurred: EOF when reading a line
Ask me anything: An error occurred: EOF when reading a line
Ask me anything: An error occurred: EOF when reading a line
Ask me anything: An error occurred: EOF when reading a line
Ask me anything: An error occurred: EOF when reading a line
Ask me anything: An error occurred: EOF when reading a line
Ask me anything: An error occurred: EOF when reading a line
Ask me anything: An error occurred: EOF when reading a line
Ask me anything: An error occurred: EOF when reading a line
Ask me anything: An error occurred: EOF when reading a line
Ask me anything: An error occurred: EOF when reading a line
Ask me anything: An error occurred: EOF when reading a line
Ask me anything: An error occurred: EOF when reading a line
Ask me anything: An error occurred: EOF when reading a line
Ask me anything: An error occurred: EOF when reading a line
Ask me anything: An error occurred: EOF when reading a line
Ask me anything: An error occurred: EOF when reading a line
Ask me anything: An error occurred: EOF when reading a line
Ask me anything: An error occurred: EOF when reading a line
Ask me anything: An error occurred: EOF when reading a line
Ask me anything: An error occurred: EOF when reading a line
Ask me anything: An error occurred: EOF when reading a line
Ask me anything: An error occurred: EOF when reading a line
Ask me anything: An error occurred: EOF when reading a line
Ask me anything: An error occurred: EOF when reading a line
Ask me anything: An error occurred: EOF when reading a line
Ask me anything: An error occurred: EOF when reading a line
Ask me anything: An error occurred: EOF when reading a line
Ask me anything: An error occurred: EOF when reading a line
Ask me anything: An error occurred: EOF when reading a line
Ask me anything: An error occurred: EOF when reading a line
Ask me anything: An error occurred: EOF when reading a line
Ask me anything: An error occurred: EOF when reading a line
Ask me anything: An error occurred: EOF when reading a line
Ask me anything: An error occurred: EOF when reading a line
Ask me anything: An error occurred: EOF when reading a line
Ask me anything: An error occurred: EOF when reading a line
Ask me anything: An error occurred: EOF when reading a line
Ask me anything: An error occurred: EOF when reading a line
Ask me anything: An error occurred: EOF when reading a line
Ask me anything: An error occurred: EOF when reading a line
Ask me anything: An error occurred: EOF when reading a line
Ask me anything: An error occurred: EOF when reading a line
Ask me anything: An error occurred: EOF when reading a line
Ask me anything: An error occurred: EOF when reading a line
Ask me anything: An error occurred: EOF when reading a line
Ask me anything: An error occurred: EOF when reading a line
Ask me anything: An error occurred: EOF when reading a line
Ask me anything: An error occurred: EOF when reading a line
Ask me anything: An error occurred: EOF when reading a line
Ask me anything: An error occurred: EOF when reading a line
Ask me anything: An error occurred: EOF when reading a line
Ask me anything: An error occurred: EOF when reading a line
Ask me anything: An error occurred: EOF when reading a line
Ask me anything: An error occurred: EOF when reading a line
Ask me anything: An error occurred: EOF when reading a line
Ask me anything: An error occurred: EOF when reading a line
Ask me anything: An error occurred: EOF when reading a line
Ask me anything: An error occurred: EOF when reading a line
Ask me anything: An error occurred: EOF when reading a line
Ask me anything: An error occurred: EOF when reading a line
Ask me anything: An error occurred: EOF when reading a line
Ask me anything: An error occurred: EOF when reading a line
Ask me anything: An error occurred: EOF when reading a line
Ask me anything: An error occurred: EOF when reading a line
Ask me anything: An error occurred: EOF when reading a line
Ask me anything: An error occurred: EOF when reading a line
Ask me anything: An error occurred: EOF when reading a line
Ask me anything: An error occurred: EOF when reading a line
Ask me anything: An error occurred: EOF when reading a line
Ask me anything: An error occurred: EOF when reading a line
Ask me anything: An error occurred: EOF when reading a line
Ask me anything: An error occurred: EOF when reading a line
Ask me anything: An error occurred: EOF when reading a line
Ask me anything: An error occurred: EOF when reading a line
Ask me anything: An error occurred: EOF when reading a line
Ask me anything: An error occurred: EOF when reading a line
Ask me anything: An error occurred: EOF when reading a line
Ask me anything: An error occurred: EOF when reading a line
Ask me anything: An error occurred: EOF when reading a line
Ask me anything: An error occurred: EOF when reading a line
Ask me anything: An error occurred: EOF when reading a line
Ask me anything: An error occurred: EOF when reading a line
Ask me anything: An error occurred: EOF when reading a line
Ask me anything: An error occurred: EOF when reading a line
Ask me anything: An error occurred: EOF when reading a line
Ask me anything: An error occurred: EOF when reading a line
Ask me anything: An error occurred: EOF when reading a line
Ask me anything: An error occurred: EOF when reading a line
Ask me anything: An error occurred: EOF when reading a line
Ask me anything: An error occurred: EOF when reading a line
Ask me anything: An error occurred: EOF when reading a line
Ask me anything: An error occurred: EOF when reading a line
Ask me anything: An error occurred: EOF when reading a line
Ask me anything: An error occurred: EOF when reading a line
Ask me anything: An error occurred: EOF when reading a line
Ask me anything: An error occurred: EOF when reading a line
Ask me anything: An error occurred: EOF when reading a line
Ask me anything: An error occurred: EOF when reading a line
Ask me anything: An error occurred: EOF when reading a line
Ask me anything: An error occurred: EOF when reading a line
Ask me anything: An error occurred: EOF when reading a line
Ask me anything: An error occurred: EOF when reading a line
Ask me anything: An error occurred: EOF when reading a line
Ask me anything: An error occurred: EOF when reading a line
Ask me anything: An error occurred: EOF when reading a line
Ask me anything: An error occurred: EOF when reading a line
Ask me anything: An error occurred: EOF when reading a line
Ask me anything: An error occurred: EOF when reading a line
Ask me anything: An error occurred: EOF when reading a line
Ask me anything: An error occurred: EOF when reading a line
Ask me anything: An error occurred: EOF when reading a line
Ask me anything: An error occurred: EOF when reading a line
Ask me anything: An error occurred: EOF when reading a line
Ask me anything: An error occurred: EOF when reading a line
Ask me anything: An error occurred: EOF when reading a line
Ask me anything: An error occurred: EOF when reading a line
Ask me anything: An error occurred: EOF when reading a line
Ask me anything: An error occurred: EOF when reading a line
Ask me anything: An error occurred: EOF when reading a line
Ask me anything: An error occurred: EOF when reading a line
Ask me anything: An error occurred: EOF when reading a line
Ask me anything: An error occurred: EOF when reading a line
Ask me anything: An error occurred: EOF when reading a line
Ask me anything: An error occurred: EOF when reading a line
Ask me anything: An error occurred: EOF when reading a line
Ask me anything: An error occurred: EOF when reading a line
Ask me anything: An error occurred: EOF when reading a line
Ask me anything: An error occurred: EOF when reading a line
Ask me anything: An error occurred: EOF when reading a line
Ask me anything: An error occurred: EOF when reading a line
Ask me anything: An error occurred: EOF when reading a line
Ask me anything: An error occurred: EOF when reading a line
Ask me anything: An error occurred: EOF when reading a line
Ask me anything: An error occurred: EOF when reading a line
Ask me anything: An error occurred: EOF when reading a line
Ask me anything: An error occurred: EOF when reading a line
Ask me anything: An error occurred: EOF when reading a line
Ask me anything: An error occurred: EOF when reading a line
Ask me anything: An error occurred: EOF when reading a line
Ask me anything: An error occurred: EOF when reading a line
Ask me anything: An error occurred: EOF when reading a line
Ask me anything: An error occurred: EOF when reading a line
Ask me anything: An error occurred: EOF when reading a line
Ask me anything: An error occurred: EOF when reading a line
Ask me anything: An error occurred: EOF when reading a line
Ask me anything: An error occurred: EOF when reading a line
Ask me anything: An error occurred: EOF when reading a line
Ask me anything: An error occurred: EOF when reading a line
Ask me anything: An error occurred: EOF when reading a line
Ask me anything: An error occurred: EOF when reading a line
Ask me anything: An error occurred: EOF when reading a line
Ask me anything: An error occurred: EOF when reading a line
Ask me anything: An error occurred: EOF when reading a line
Ask me anything: An error occurred: EOF when reading a line
Ask me anything: An error occurred: EOF when reading a line
Ask me anything: An error occurred: EOF when reading a line
Ask me anything: An error occurred: EOF when reading a line
Ask me anything: An error occurred: EOF when reading a line
Ask me anything: An error occurred: EOF when reading a line
Ask me anything: An error occurred: EOF when reading a line
Ask me anything: An error occurred: EOF when reading a line
Ask me anything: An error occurred: EOF when reading a line
Ask me anything: An error occurred: EOF when reading a line
Ask me anything: An error occurred: EOF when reading a line
Ask me anything: An error occurred: EOF when reading a line
Ask me anything: An error occurred: EOF when reading a line
Ask me anything: An error occurred: EOF when reading a line
Ask me anything: An error occurred: EOF when reading a line
Ask me anything: An error occurred: EOF when reading a line
Ask me anything: An error occurred: EOF when reading a line
Ask me anything: An error occurred: EOF when reading a line
Ask me anything: An error occurred: EOF when reading a line
Ask me anything: An error occurred: EOF when reading a line
Ask me anything: An error occurred: EOF when reading a line
Ask me anything: An error occurred: EOF when reading a line
Ask me anything: An error occurred: EOF when reading a line
Ask me anything: An error occurred: EOF when reading a line
Ask me anything: An error occurred: EOF when reading a line
Ask me anything: An error occurred: EOF when reading a line
Ask me anything: An error occurred: EOF when reading a line
Ask me anything: An error occurred: EOF when reading a line
Ask me anything: An error occurred: EOF when reading a line
Ask me anything: An error occurred: EOF when reading a line
Ask me anything: An error occurred: EOF when reading a line
Ask me anything: An error occurred: EOF when reading a line
Ask me anything: An error occurred: EOF when reading a line
Ask me anything: An error occurred: EOF when reading a line
Ask me anything: An error occurred: EOF when reading a line
Ask me anything: An error occurred: EOF when reading a line
Ask me anything: An error occurred: EOF when reading a line
Ask me anything: An error occurred: EOF when reading a line
Ask me anything: An error occurred: EOF when reading a line
Ask me anything: An error occurred: EOF when reading a line
Ask me anything: An error occurred: EOF when reading a line
Ask me anything: An error occurred: EOF when reading a line
Ask me anything: An error occurred: EOF when reading a line
Ask me anything: An error occurred: EOF when reading a line
Ask me anything: An error occurred: EOF when reading a line
Ask me anything: An error occurred: EOF when reading a line
Ask me anything: An error occurred: EOF when reading a line
Ask me anything: An error occurred: EOF when reading a line
Ask me anything: An error occurred: EOF when reading a line
Ask me anything: An error occurred: EOF when reading a line
Ask me anything: An error occurred: EOF when reading a line
Ask me anything: An error occurred: EOF when reading a line
Ask me anything: An error occurred: EOF when reading a line
Ask me anything: An error occurred: EOF when reading a line
Ask me anything: An error occurred: EOF when reading a line
Ask me anything: An error occurred: EOF when reading a line
Ask me anything: An error occurred: EOF when reading a line
Ask me anything: An error occurred: EOF when reading a line
Ask me anything: An error occurred: EOF when reading a line
Ask me anything: An error occurred: EOF when reading a line
Ask me anything: An error occurred: EOF when reading a line
Ask me anything: An error occurred: EOF when reading a line
Ask me anything: An error occurred: EOF when reading a line
Ask me anything: An error occurred: EOF when reading a line
Ask me anything: An error occurred: EOF when reading a line
Ask me anything: An error occurred: EOF when reading a line
Ask me anything: An error occurred: EOF when reading a line
Ask me anything: An error occurred: EOF when reading a line
Ask me anything: An error occurred: EOF when reading a line
Ask me anything: An error occurred: EOF when reading a line
Ask me anything: An error occurred: EOF when reading a line
Ask me anything: An error occurred: EOF when reading a line
Ask me anything: An error occurred: EOF when reading a line
Ask me anything: An error occurred: EOF when reading a line
Ask me anything: An error occurred: EOF when reading a line
Ask me anything: An error occurred: EOF when reading a line
Ask me anything: An error occurred: EOF when reading a line
Ask me anything: An error occurred: EOF when reading a line
Ask me anything: An error occurred: EOF when reading a line
Ask me anything: An error occurred: EOF when reading a line
Ask me anything: An error occurred: EOF when reading a line
Ask me anything: An error occurred: EOF when reading a line
Ask me anything: An error occurred: EOF when reading a line
Ask me anything: An error occurred: EOF when reading a line
Ask me anything: An error occurred: EOF when reading a line
Ask me anything: An error occurred: EOF when reading a line
Ask me anything: An error occurred: EOF when reading a line
Ask me anything: An error occurred: EOF when reading a line
Ask me anything: An error occurred: EOF when reading a line
Ask me anything: An error occurred: EOF when reading a line
Ask me anything: An error occurred: EOF when reading a line
Ask me anything: An error occurred: EOF when reading a line
Ask me anything: An error occurred: EOF when reading a line
Ask me anything: An error occurred: EOF when reading a line
Ask me anything: An error occurred: EOF when reading a line
Ask me anything: An error occurred: EOF when reading a line
Ask me anything: An error occurred: EOF when reading a line
Ask me anything: An error occurred: EOF when reading a line
Ask me anything: An error occurred: EOF when reading a line
Ask me anything: An error occurred: EOF when reading a line
Ask me anything: An error occurred: EOF when reading a line
Ask me anything: An error occurred: EOF when reading a line
Ask me anything: An error occurred: EOF when reading a line
Ask me anything: An error occurred: EOF when reading a line
Ask me anything: An error occurred: EOF when reading a line
Ask me anything: An error occurred: EOF when reading a line
Ask me anything: An error occurred: EOF when reading a line
Ask me anything: An error occurred: EOF when reading a line
Ask me anything: An error occurred: EOF when reading a line
Ask me anything: An error occurred: EOF when reading a line
Ask me anything: An error occurred: EOF when reading a line
Ask me anything: An error occurred: EOF when reading a line
Ask me anything: An error occurred: EOF when reading a line
Ask me anything: An error occurred: EOF when reading a line
Ask me anything: An error occurred: EOF when reading a line
Ask me anything: An error occurred: EOF when reading a line
Ask me anything: An error occurred: EOF when reading a line
Ask me anything: An error occurred: EOF when reading a line
Ask me anything: An error occurred: EOF when reading a line
Ask me anything: An error occurred: EOF when reading a line
Ask me anything: An error occurred: EOF when reading a line
Ask me anything: An error occurred: EOF when reading a line
Ask me anything: An error occurred: EOF when reading a line
Ask me anything: An error occurred: EOF when reading a line
Ask me anything: An error occurred: EOF when reading a line
Ask me anything: An error occurred: EOF when reading a line
Ask me anything: An error occurred: EOF when reading a line
Ask me anything: An error occurred: EOF when reading a line
Ask me anything: An error occurred: EOF when reading a line
Ask me anything: An error occurred: EOF when reading a line
Ask me anything: An error occurred: EOF when reading a line
Ask me anything: An error occurred: EOF when reading a line
Ask me anything: An error occurred: EOF when reading a line
Ask me anything: An error occurred: EOF when reading a line
Ask me anything: An error occurred: EOF when reading a line
Ask me anything: An error occurred: EOF when reading a line
Ask me anything: An error occurred: EOF when reading a line
Ask me anything: An error occurred: EOF when reading a line
Ask me anything: An error occurred: EOF when reading a line
Ask me anything: An error occurred: EOF when reading a line
Ask me anything: An error occurred: EOF when reading a line
Ask me anything: An error occurred: EOF when reading a line
Ask me anything: An error occurred: EOF when reading a line
Ask me anything: An error occurred: EOF when reading a line
Ask me anything: An error occurred: EOF when reading a line
Ask me anything: An error occurred: EOF when reading a line
Ask me anything: An error occurred: EOF when reading a line
Ask me anything: An error occurred: EOF when reading a line
Ask me anything: An error occurred: EOF when reading a line
Ask me anything: An error occurred: EOF when reading a line
Ask me anything: An error occurred: EOF when reading a line
Ask me anything: An error occurred: EOF when reading a line
Ask me anything: An error occurred: EOF when reading a line
Ask me anything: An error occurred: EOF when reading a line
Ask me anything: An error occurred: EOF when reading a line
Ask me anything: An error occurred: EOF when reading a line
Ask me anything: An error occurred: EOF when reading a line
Ask me anything: An error occurred: EOF when reading a line
Ask me anything: An error occurred: EOF when reading a line
Ask me anything: An error occurred: EOF when reading a line
Ask me anything: An error occurred: EOF when reading a line
Ask me anything: An error occurred: EOF when reading a line
Ask me anything: An error occurred: EOF when reading a line
Ask me anything: An error occurred: EOF when reading a line
Ask me anything: An error occurred: EOF when reading a line
Ask me anything: An error occurred: EOF when reading a line
Ask me anything: An error occurred: EOF when reading a line
Ask me anything: An error occurred: EOF when reading a line
Ask me anything: An error occurred: EOF when reading a line
Ask me anything: An error occurred: EOF when reading a line
Ask me anything: An error occurred: EOF when reading a line
Ask me anything: An error occurred: EOF when reading a line
Ask me anything: An error occurred: EOF when reading a line
Ask me anything: An error occurred: EOF when reading a line
Ask me anything: An error occurred: EOF when reading a line
Ask me anything: An error occurred: EOF when reading a line
Ask me anything: An error occurred: EOF when reading a line
Ask me anything: An error occurred: EOF when reading a line
Ask me anything: An error occurred: EOF when reading a line
Ask me anything: An error occurred: EOF when reading a line
Ask me anything: An error occurred: EOF when reading a line
Ask me anything: An error occurred: EOF when reading a line
Ask me anything: An error occurred: EOF when reading a line
Ask me anything: An error occurred: EOF when reading a line
Ask me anything: An error occurred: EOF when reading a line
Ask me anything: An error occurred: EOF when reading a line
Ask me anything: An error occurred: EOF when reading a line
Ask me anything: An error occurred: EOF when reading a line
Ask me anything: An error occurred: EOF when reading a line
Ask me anything: An error occurred: EOF when reading a line
Ask me anything: An error occurred: EOF when reading a line
Ask me anything: An error occurred: EOF when reading a line
Ask me anything: An error occurred: EOF when reading a line
Ask me anything: An error occurred: EOF when reading a line
Ask me anything: An error occurred: EOF when reading a line
Ask me anything: An error occurred: EOF when reading a line
Ask me anything: An error occurred: EOF when reading a line
Ask me anything: An error occurred: EOF when reading a line
Ask me anything: An error occurred: EOF when reading a line
Ask me anything: An error occurred: EOF when reading a line
Ask me anything: An error occurred: EOF when reading a line
Ask me anything: An error occurred: EOF when reading a line
Ask me anything: An error occurred: EOF when reading a line
Ask me anything: An error occurred: EOF when reading a line
Ask me anything: An error occurred: EOF when reading a line
Ask me anything: An error occurred: EOF when reading a line
Ask me anything: An error occurred: EOF when reading a line
Ask me anything: An error occurred: EOF when reading a line
Ask me anything: An error occurred: EOF when reading a line
Ask me anything: An error occurred: EOF when reading a line
Ask me anything: An error occurred: EOF when reading a line
Ask me anything: An error occurred: EOF when reading a line
Ask me anything: An error occurred: EOF when reading a line
Ask me anything: An error occurred: EOF when reading a line
Ask me anything: An error occurred: EOF when reading a line
Ask me anything: An error occurred: EOF when reading a line
Ask me anything: An error occurred: EOF when reading a line
Ask me anything: An error occurred: EOF when reading a line
Ask me anything: An error occurred: EOF when reading a line
Ask me anything: An error occurred: EOF when reading a line
Ask me anything: An error occurred: EOF when reading a line
Ask me anything: An error occurred: EOF when reading a line
Ask me anything: An error occurred: EOF when reading a line
Ask me anything: An error occurred: EOF when reading a line
Ask me anything: An error occurred: EOF when reading a line
Ask me anything: An error occurred: EOF when reading a line
Ask me anything: An error occurred: EOF when reading a line
Ask me anything: An error occurred: EOF when reading a line
Ask me anything: An error occurred: EOF when reading a line
Ask me anything: An error occurred: EOF when reading a line
Ask me anything: An error occurred: EOF when reading a line
Ask me anything: An error occurred: EOF when reading a line
Ask me anything: An error occurred: EOF when reading a line
Ask me anything: An error occurred: EOF when reading a line
Ask me anything: An error occurred: EOF when reading a line
Ask me anything: An error occurred: EOF when reading a line
Ask me anything: An error occurred: EOF when reading a line
Ask me anything: An error occurred: EOF when reading a line
Ask me anything: An error occurred: EOF when reading a line
Ask me anything: An error occurred: EOF when reading a line
Ask me anything: An error occurred: EOF when reading a line
Ask me anything: An error occurred: EOF when reading a line
Ask me anything: An error occurred: EOF when reading a line
Ask me anything: An error occurred: EOF when reading a line
Ask me anything: An error occurred: EOF when reading a line
Ask me anything: An error occurred: EOF when reading a line
Ask me anything: An error occurred: EOF when reading a line
Ask me anything: An error occurred: EOF when reading a line
Ask me anything: An error occurred: EOF when reading a line
Ask me anything: An error occurred: EOF when reading a line
Ask me anything: An error occurred: EOF when reading a line
Ask me anything: An error occurred: EOF when reading a line
Ask me anything: An error occurred: EOF when reading a line
Ask me anything: An error occurred: EOF when reading a line
Ask me anything: An error occurred: EOF when reading a line
Ask me anything: An error occurred: EOF when reading a line
Ask me anything: An error occurred: EOF when reading a line
Ask me anything: An error occurred: EOF when reading a line
Ask me anything: An error occurred: EOF when reading a line
Ask me anything: An error occurred: EOF when reading a line
Ask me anything: An error occurred: EOF when reading a line
Ask me anything: An error occurred: EOF when reading a line
Ask me anything: An error occurred: EOF when reading a line
Ask me anything: An error occurred: EOF when reading a line
Ask me anything: An error occurred: EOF when reading a line
Ask me anything: An error occurred: EOF when reading a line
Ask me anything: An error occurred: EOF when reading a line
Ask me anything: An error occurred: EOF when reading a line
Ask me anything: An error occurred: EOF when reading a line
Ask me anything: An error occurred: EOF when reading a line
Ask me anything: An error occurred: EOF when reading a line
Ask me anything: An error occurred: EOF when reading a line
Ask me anything: An error occurred: EOF when reading a line
Ask me anything: An error occurred: EOF when reading a line
Ask me anything: An error occurred: EOF when reading a line
Ask me anything: An error occurred: EOF when reading a line
Ask me anything: An error occurred: EOF when reading a line
Ask me anything: An error occurred: EOF when reading a line
Ask me anything: An error occurred: EOF when reading a line
Ask me anything: An error occurred: EOF when reading a line
Ask me anything: An error occurred: EOF when reading a line
Ask me anything: An error occurred: EOF when reading a line
Ask me anything: An error occurred: EOF when reading a line
Ask me anything: An error occurred: EOF when reading a line
Ask me anything: An error occurred: EOF when reading a line
Ask me anything: An error occurred: EOF when reading a line
Ask me anything: An error occurred: EOF when reading a line
Ask me anything: An error occurred: EOF when reading a line
Ask me anything: An error occurred: EOF when reading a line
Ask me anything: An error occurred: EOF when reading a line
Ask me anything: An error occurred: EOF when reading a line
Ask me anything: An error occurred: EOF when reading a line
Ask me anything: An error occurred: EOF when reading a line
Ask me anything: An error occurred: EOF when reading a line
Ask me anything: An error occurred: EOF when reading a line
Ask me anything: An error occurred: EOF when reading a line
Ask me anything: An error occurred: EOF when reading a line
Ask me anything: An error occurred: EOF when reading a line
Ask me anything: An error occurred: EOF when reading a line
Ask me anything: An error occurred: EOF when reading a line
Ask me anything: An error occurred: EOF when reading a line
Ask me anything: An error occurred: EOF when reading a line
Ask me anything: An error occurred: EOF when reading a line
Ask me anything: An error occurred: EOF when reading a line
Ask me anything: An error occurred: EOF when reading a line
Ask me anything: An error occurred: EOF when reading a line
Ask me anything: An error occurred: EOF when reading a line
Ask me anything: An error occurred: EOF when reading a line
Ask me anything: An error occurred: EOF when reading a line
Ask me anything: An error occurred: EOF when reading a line
Ask me anything: An error occurred: EOF when reading a line
Ask me anything: An error occurred: EOF when reading a line
Ask me anything: An error occurred: EOF when reading a line
Ask me anything: An error occurred: EOF when reading a line
Ask me anything: An error occurred: EOF when reading a line
Ask me anything: An error occurred: EOF when reading a line
Ask me anything: An error occurred: EOF when reading a line
Ask me anything: An error occurred: EOF when reading a line
Ask me anything: An error occurred: EOF when reading a line
Ask me anything: An error occurred: EOF when reading a line
Ask me anything: An error occurred: EOF when reading a line
Ask me anything: An error occurred: EOF when reading a line
Ask me anything: An error occurred: EOF when reading a line
Ask me anything: An error occurred: EOF when reading a line
Ask me anything: An error occurred: EOF when reading a line
Ask me anything: An error occurred: EOF when reading a line
Ask me anything: An error occurred: EOF when reading a line
Ask me anything: An error occurred: EOF when reading a line
Ask me anything: An error occurred: EOF when reading a line
Ask me anything: An error occurred: EOF when reading a line
Ask me anything: An error occurred: EOF when reading a line
Ask me anything: An error occurred: EOF when reading a line
Ask me anything: An error occurred: EOF when reading a line
Ask me anything: An error occurred: EOF when reading a line
Ask me anything: An error occurred: EOF when reading a line
Ask me anything: An error occurred: EOF when reading a line
Ask me anything: An error occurred: EOF when reading a line
Ask me anything: An error occurred: EOF when reading a line
Ask me anything: An error occurred: EOF when reading a line
Ask me anything: An error occurred: EOF when reading a line
Ask me anything: An error occurred: EOF when reading a line
Ask me anything: An error occurred: EOF when reading a line
Ask me anything: An error occurred: EOF when reading a line
Ask me anything: An error occurred: EOF when reading a line
Ask me anything: An error occurred: EOF when reading a line
Ask me anything: An error occurred: EOF when reading a line
Ask me anything: An error occurred: EOF when reading a line
Ask me anything: An error occurred: EOF when reading a line
Ask me anything: An error occurred: EOF when reading a line
Ask me anything: An error occurred: EOF when reading a line
Ask me anything: An error occurred: EOF when reading a line
Ask me anything: An error occurred: EOF when reading a line
Ask me anything: An error occurred: EOF when reading a line
Ask me anything: An error occurred: EOF when reading a line
Ask me anything: An error occurred: EOF when reading a line
Ask me anything: An error occurred: EOF when reading a line
Ask me anything: An error occurred: EOF when reading a line
Ask me anything: An error occurred: EOF when reading a line
Ask me anything: An error occurred: EOF when reading a line
Ask me anything: An error occurred: EOF when reading a line
Ask me anything: An error occurred: EOF when reading a line
Ask me anything: An error occurred: EOF when reading a line
Ask me anything: An error occurred: EOF when reading a line
Ask me anything: An error occurred: EOF when reading a line
Ask me anything: An error occurred: EOF when reading a line
Ask me anything: An error occurred: EOF when reading a line
Ask me anything: An error occurred: EOF when reading a line
Ask me anything: An error occurred: EOF when reading a line
Ask me anything: An error occurred: EOF when reading a line
Ask me anything: An error occurred: EOF when reading a line
Ask me anything: An error occurred: EOF when reading a line
Ask me anything: An error occurred: EOF when reading a line
Ask me anything: An error occurred: EOF when reading a line
Ask me anything: An error occurred: EOF when reading a line
Ask me anything: An error occurred: EOF when reading a line
Ask me anything: An error occurred: EOF when reading a line
Ask me anything: An error occurred: EOF when reading a line
Ask me anything: An error occurred: EOF when reading a line
Ask me anything: An error occurred: EOF when reading a line
Ask me anything: An error occurred: EOF when reading a line
Ask me anything: An error occurred: EOF when reading a line
Ask me anything: An error occurred: EOF when reading a line
Ask me anything: An error occurred: EOF when reading a line
Ask me anything: An error occurred: EOF when reading a line
Ask me anything: An error occurred: EOF when reading a line
Ask me anything: An error occurred: EOF when reading a line
Ask me anything: An error occurred: EOF when reading a line
Ask me anything: An error occurred: EOF when reading a line
Ask me anything: An error occurred: EOF when reading a line
Ask me anything: An error occurred: EOF when reading a line
Ask me anything: An error occurred: EOF when reading a line
Ask me anything: An error occurred: EOF when reading a line
Ask me anything: An error occurred: EOF when reading a line
Ask me anything: An error occurred: EOF when reading a line
Ask me anything: An error occurred: EOF when reading a line
Ask me anything: An error occurred: EOF when reading a line
Ask me anything: An error occurred: EOF when reading a line
Ask me anything: An error occurred: EOF when reading a line
Ask me anything: An error occurred: EOF when reading a line
Ask me anything: An error occurred: EOF when reading a line
Ask me anything: An error occurred: EOF when reading a line
Ask me anything: An error occurred: EOF when reading a line
Ask me anything: An error occurred: EOF when reading a line
Ask me anything: An error occurred: EOF when reading a line
Ask me anything: An error occurred: EOF when reading a line
Ask me anything: An error occurred: EOF when reading a line
Ask me anything: An error occurred: EOF when reading a line
Ask me anything: An error occurred: EOF when reading a line
Ask me anything: An error occurred: EOF when reading a line
Ask me anything: An error occurred: EOF when reading a line
Ask me anything: An error occurred: EOF when reading a line
Ask me anything: An error occurred: EOF when reading a line
Ask me anything: An error occurred: EOF when reading a line
Ask me anything: An error occurred: EOF when reading a line
Ask me anything: An error occurred: EOF when reading a line
Ask me anything: An error occurred: EOF when reading a line
Ask me anything: An error occurred: EOF when reading a line
Ask me anything: An error occurred: EOF when reading a line
Ask me anything: An error occurred: EOF when reading a line
Ask me anything: An error occurred: EOF when reading a line
Ask me anything: An error occurred: EOF when reading a line
Ask me anything: An error occurred: EOF when reading a line
Ask me anything: An error occurred: EOF when reading a line
Ask me anything: An error occurred: EOF when reading a line
Ask me anything: An error occurred: EOF when reading a line
Ask me anything: An error occurred: EOF when reading a line
Ask me anything: An error occurred: EOF when reading a line
Ask me anything: An error occurred: EOF when reading a line
Ask me anything: An error occurred: EOF when reading a line
Ask me anything: An error occurred: EOF when reading a line
Ask me anything: An error occurred: EOF when reading a line
Ask me anything: An error occurred: EOF when reading a line
Ask me anything: An error occurred: EOF when reading a line
Ask me anything: An error occurred: EOF when reading a line
Ask me anything: An error occurred: EOF when reading a line
Ask me anything: An error occurred: EOF when reading a line
Ask me anything: An error occurred: EOF when reading a line
Ask me anything: An error occurred: EOF when reading a line
Ask me anything: An error occurred: EOF when reading a line
Ask me anything: An error occurred: EOF when reading a line
Ask me anything: An error occurred: EOF when reading a line
Ask me anything: An error occurred: EOF when reading a line
Ask me anything: An error occurred: EOF when reading a line
Ask me anything: An error occurred: EOF when reading a line
Ask me anything: An error occurred: EOF when reading a line
Ask me anything: An error occurred: EOF when reading a line
Ask me anything: An error occurred: EOF when reading a line
Ask me anything: An error occurred: EOF when reading a line
Ask me anything: An error occurred: EOF when reading a line
Ask me anything: An error occurred: EOF when reading a line
Ask me anything: An error occurred: EOF when reading a line
Ask me anything: An error occurred: EOF when reading a line
Ask me anything: An error occurred: EOF when reading a line
Ask me anything: An error occurred: EOF when reading a line
Ask me anything: An error occurred: EOF when reading a line
Ask me anything: An error occurred: EOF when reading a line
Ask me anything: An error occurred: EOF when reading a line
Ask me anything: An error occurred: EOF when reading a line
Ask me anything: An error occurred: EOF when reading a line
Ask me anything: An error occurred: EOF when reading a line
Ask me anything: An error occurred: EOF when reading a line
Ask me anything: An error occurred: EOF when reading a line
Ask me anything: An error occurred: EOF when reading a line
Ask me anything: An error occurred: EOF when reading a line
Ask me anything: An error occurred: EOF when reading a line
Ask me anything: An error occurred: EOF when reading a line
Ask me anything: An error occurred: EOF when reading a line
Ask me anything: An error occurred: EOF when reading a line
Ask me anything: An error occurred: EOF when reading a line
Ask me anything: An error occurred: EOF when reading a line
Ask me anything: An error occurred: EOF when reading a line
Ask me anything: An error occurred: EOF when reading a line
Ask me anything: An error occurred: EOF when reading a line
Ask me anything: An error occurred: EOF when reading a line
Ask me anything: An error occurred: EOF when reading a line
Ask me anything: An error occurred: EOF when reading a line
Ask me anything: An error occurred: EOF when reading a line
Ask me anything: An error occurred: EOF when reading a line
Ask me anything: An error occurred: EOF when reading a line
Ask me anything: An error occurred: EOF when reading a line
Ask me anything: An error occurred: EOF when reading a line
Ask me anything: An error occurred: EOF when reading a line
Ask me anything: An error occurred: EOF when reading a line
Ask me anything: An error occurred: EOF when reading a line
Ask me anything: An error occurred: EOF when reading a line
Ask me anything: An error occurred: EOF when reading a line
Ask me anything: An error occurred: EOF when reading a line
Ask me anything: An error occurred: EOF when reading a line
Ask me anything: An error occurred: EOF when reading a line
Ask me anything: An error occurred: EOF when reading a line
Ask me anything: An error occurred: EOF when reading a line
Ask me anything: An error occurred: EOF when reading a line
Ask me anything: An error occurred: EOF when reading a line
Ask me anything: An error occurred: EOF when reading a line
Ask me anything: An error occurred: EOF when reading a line
Ask me anything: An error occurred: EOF when reading a line
Ask me anything: An error occurred: EOF when reading a line
Ask me anything: An error occurred: EOF when reading a line
Ask me anything: An error occurred: EOF when reading a line
Ask me anything: An error occurred: EOF when reading a line
Ask me anything: An error occurred: EOF when reading a line
Ask me anything: An error occurred: EOF when reading a line
Ask me anything: An error occurred: EOF when reading a line
Ask me anything: An error occurred: EOF when reading a line
Ask me anything: An error occurred: EOF when reading a line
Ask me anything: An error occurred: EOF when reading a line
Ask me anything: An error occurred: EOF when reading a line
Ask me anything: An error occurred: EOF when reading a line
Ask me anything: An error occurred: EOF when reading a line
Ask me anything: An error occurred: EOF when reading a line
Ask me anything: An error occurred: EOF when reading a line
Ask me anything: An error occurred: EOF when reading a line
Ask me anything: An error occurred: EOF when reading a line
Ask me anything: An error occurred: EOF when reading a line
Ask me anything: An error occurred: EOF when reading a line
Ask me anything: An error occurred: EOF when reading a line
Ask me anything: An error occurred: EOF when reading a line
Ask me anything: An error occurred: EOF when reading a line
Ask me anything: An error occurred: EOF when reading a line
Ask me anything: An error occurred: EOF when reading a line
Ask me anything: An error occurred: EOF when reading a line
Ask me anything: An error occurred: EOF when reading a line
Ask me anything: An error occurred: EOF when reading a line
Ask me anything: An error occurred: EOF when reading a line
Ask me anything: An error occurred: EOF when reading a line
Ask me anything: An error occurred: EOF when reading a line
Ask me anything: An error occurred: EOF when reading a line
Ask me anything: An error occurred: EOF when reading a line
Ask me anything: An error occurred: EOF when reading a line
Ask me anything: An error occurred: EOF when reading a line
Ask me anything: An error occurred: EOF when reading a line
Ask me anything: An error occurred: EOF when reading a line
Ask me anything: An error occurred: EOF when reading a line
Ask me anything: An error occurred: EOF when reading a line
Ask me anything: An error occurred: EOF when reading a line
Ask me anything: An error occurred: EOF when reading a line
Ask me anything: An error occurred: EOF when reading a line
Ask me anything: An error occurred: EOF when reading a line
Ask me anything: An error occurred: EOF when reading a line
Ask me anything: An error occurred: EOF when reading a line
Ask me anything: An error occurred: EOF when reading a line
Ask me anything: An error occurred: EOF when reading a line
Ask me anything: An error occurred: EOF when reading a line
Ask me anything: An error occurred: EOF when reading a line
Ask me anything: An error occurred: EOF when reading a line
Ask me anything: An error occurred: EOF when reading a line
Ask me anything: An error occurred: EOF when reading a line
Ask me anything: An error occurred: EOF when reading a line
Ask me anything: An error occurred: EOF when reading a line
Ask me anything: An error occurred: EOF when reading a line
Ask me anything: An error occurred: EOF when reading a line
Ask me anything: An error occurred: EOF when reading a line
Ask me anything: An error occurred: EOF when reading a line
Ask me anything: An error occurred: EOF when reading a line
Ask me anything: An error occurred: EOF when reading a line
Ask me anything: An error occurred: EOF when reading a line
Ask me anything: An error occurred: EOF when reading a line
Ask me anything: An error occurred: EOF when reading a line
Ask me anything: An error occurred: EOF when reading a line
Ask me anything: An error occurred: EOF when reading a line
Ask me anything: An error occurred: EOF when reading a line
Ask me anything: An error occurred: EOF when reading a line
Ask me anything: An error occurred: EOF when reading a line
Ask me anything: An error occurred: EOF when reading a line
Ask me anything: An error occurred: EOF when reading a line
Ask me anything: An error occurred: EOF when reading a line
Ask me anything: An error occurred: EOF when reading a line
Ask me anything: An error occurred: EOF when reading a line
Ask me anything: An error occurred: EOF when reading a line
Ask me anything: An error occurred: EOF when reading a line
Ask me anything: An error occurred: EOF when reading a line
Ask me anything: An error occurred: EOF when reading a line
Ask me anything: An error occurred: EOF when reading a line
Ask me anything: An error occurred: EOF when reading a line
Ask me anything: An error occurred: EOF when reading a line
Ask me anything: An error occurred: EOF when reading a line
Ask me anything: An error occurred: EOF when reading a line
Ask me anything: An error occurred: EOF when reading a line
Ask me anything: An error occurred: EOF when reading a line
Ask me anything: An error occurred: EOF when reading a line
Ask me anything: An error occurred: EOF when reading a line
Ask me anything: An error occurred: EOF when reading a line
Ask me anything: An error occurred: EOF when reading a line
Ask me anything: An error occurred: EOF when reading a line
Ask me anything: An error occurred: EOF when reading a line
Ask me anything: An error occurred: EOF when reading a line
Ask me anything: An error occurred: EOF when reading a line
Ask me anything: An error occurred: EOF when reading a line
Ask me anything: An error occurred: EOF when reading a line
Ask me anything: An error occurred: EOF when reading a line
Ask me anything: An error occurred: EOF when reading a line
Ask me anything: An error occurred: EOF when reading a line
Ask me anything: An error occurred: EOF when reading a line
Ask me anything: An error occurred: EOF when reading a line
Ask me anything: An error occurred: EOF when reading a line
Ask me anything: An error occurred: EOF when reading a line
Ask me anything: An error occurred: EOF when reading a line
Ask me anything: An error occurred: EOF when reading a line
Ask me anything: An error occurred: EOF when reading a line
Ask me anything: An error occurred: EOF when reading a line
Ask me anything: An error occurred: EOF when reading a line
Ask me anything: An error occurred: EOF when reading a line
Ask me anything: An error occurred: EOF when reading a line
Ask me anything: An error occurred: EOF when reading a line
Ask me anything: An error occurred: EOF when reading a line
Ask me anything: An error occurred: EOF when reading a line
Ask me anything: An error occurred: EOF when reading a line
Ask me anything: An error occurred: EOF when reading a line
Ask me anything: An error occurred: EOF when reading a line
Ask me anything: An error occurred: EOF when reading a line
Ask me anything: An error occurred: EOF when reading a line
Ask me anything: An error occurred: EOF when reading a line
Ask me anything: An error occurred: EOF when reading a line
Ask me anything: An error occurred: EOF when reading a line
Ask me anything: An error occurred: EOF when reading a line
Ask me anything: An error occurred: EOF when reading a line
Ask me anything: An error occurred: EOF when reading a line
Ask me anything: An error occurred: EOF when reading a line
Ask me anything: An error occurred: EOF when reading a line
Ask me anything: An error occurred: EOF when reading a line
Ask me anything: An error occurred: EOF when reading a line
Ask me anything: An error occurred: EOF when reading a line
Ask me anything: An error occurred: EOF when reading a line
Ask me anything: An error occurred: EOF when reading a line
Ask me anything: An error occurred: EOF when reading a line
Ask me anything: An error occurred: EOF when reading a line
Ask me anything: An error occurred: EOF when reading a line
Ask me anything: An error occurred: EOF when reading a line
Ask me anything: An error occurred: EOF when reading a line
Ask me anything: An error occurred: EOF when reading a line
Ask me anything: An error occurred: EOF when reading a line
Ask me anything: An error occurred: EOF when reading a line
Ask me anything: An error occurred: EOF when reading a line
Ask me anything: An error occurred: EOF when reading a line
Ask me anything: An error occurred: EOF when reading a line
Ask me anything: An error occurred: EOF when reading a line
Ask me anything: An error occurred: EOF when reading a line
Ask me anything: An error occurred: EOF when reading a line
Ask me anything: An error occurred: EOF when reading a line
Ask me anything: An error occurred: EOF when reading a line
Ask me anything: An error occurred: EOF when reading a line
Ask me anything: An error occurred: EOF when reading a line
Ask me anything: An error occurred: EOF when reading a line
Ask me anything: An error occurred: EOF when reading a line
Ask me anything: An error occurred: EOF when reading a line
Ask me anything: An error occurred: EOF when reading a line
Ask me anything: An error occurred: EOF when reading a line
Ask me anything: An error occurred: EOF when reading a line
Ask me anything: An error occurred: EOF when reading a line
Ask me anything: An error occurred: EOF when reading a line
Ask me anything: An error occurred: EOF when reading a line
Ask me anything: An error occurred: EOF when reading a line
Ask me anything: An error occurred: EOF when reading a line
Ask me anything: An error occurred: EOF when reading a line
Ask me anything: An error occurred: EOF when reading a line
Ask me anything: An error occurred: EOF when reading a line
Ask me anything: An error occurred: EOF when reading a line
Ask me anything: An error occurred: EOF when reading a line
Ask me anything: An error occurred: EOF when reading a line
Ask me anything: An error occurred: EOF when reading a line
Ask me anything: An error occurred: EOF when reading a line
Ask me anything: An error occurred: EOF when reading a line
Ask me anything: An error occurred: EOF when reading a line
Ask me anything: An error occurred: EOF when reading a line
Ask me anything: An error occurred: EOF when reading a line
Ask me anything: An error occurred: EOF when reading a line
Ask me anything: An error occurred: EOF when reading a line
Ask me anything: An error occurred: EOF when reading a line
Ask me anything: An error occurred: EOF when reading a line
Ask me anything: An error occurred: EOF when reading a line
Ask me anything: An error occurred: EOF when reading a line
Ask me anything: An error occurred: EOF when reading a line
Ask me anything: An error occurred: EOF when reading a line
Ask me anything: An error occurred: EOF when reading a line
Ask me anything: An error occurred: EOF when reading a line
Ask me anything: An error occurred: EOF when reading a line
Ask me anything: An error occurred: EOF when reading a line
Ask me anything: An error occurred: EOF when reading a line
Ask me anything: An error occurred: EOF when reading a line
Ask me anything: An error occurred: EOF when reading a line
Ask me anything: An error occurred: EOF when reading a line
Ask me anything: An error occurred: EOF when reading a line
Ask me anything: An error occurred: EOF when reading a line
Ask me anything: An error occurred: EOF when reading a line
Ask me anything: An error occurred: EOF when reading a line
Ask me anything: An error occurred: EOF when reading a line
Ask me anything: An error occurred: EOF when reading a line
Ask me anything: An error occurred: EOF when reading a line
Ask me anything: An error occurred: EOF when reading a line
Ask me anything: An error occurred: EOF when reading a line
Ask me anything: An error occurred: EOF when reading a line
Ask me anything: An error occurred: EOF when reading a line
Ask me anything: An error occurred: EOF when reading a line
Ask me anything: An error occurred: EOF when reading a line
Ask me anything: An error occurred: EOF when reading a line
Ask me anything: An error occurred: EOF when reading a line
Ask me anything: An error occurred: EOF when reading a line
Ask me anything: An error occurred: EOF when reading a line
Ask me anything: An error occurred: EOF when reading a line
Ask me anything: An error occurred: EOF when reading a line
Ask me anything: An error occurred: EOF when reading a line
Ask me anything: An error occurred: EOF when reading a line
Ask me anything: An error occurred: EOF when reading a line
Ask me anything: An error occurred: EOF when reading a line
Ask me anything: An error occurred: EOF when reading a line
Ask me anything: An error occurred: EOF when reading a line
Ask me anything: An error occurred: EOF when reading a line
Ask me anything: An error occurred: EOF when reading a line
Ask me anything: An error occurred: EOF when reading a line
Ask me anything: An error occurred: EOF when reading a line
Ask me anything: An error occurred: EOF when reading a line
Ask me anything: An error occurred: EOF when reading a line
Ask me anything: An error occurred: EOF when reading a line
Ask me anything: An error occurred: EOF when reading a line
Ask me anything: An error occurred: EOF when reading a line
Ask me anything: An error occurred: EOF when reading a line
Ask me anything: An error occurred: EOF when reading a line
Ask me anything: An error occurred: EOF when reading a line
Ask me anything: An error occurred: EOF when reading a line
Ask me anything: An error occurred: EOF when reading a line
Ask me anything: An error occurred: EOF when reading a line
Ask me anything: An error occurred: EOF when reading a line
Ask me anything: An error occurred: EOF when reading a line
Ask me anything: An error occurred: EOF when reading a line
Ask me anything: An error occurred: EOF when reading a line
Ask me anything: An error occurred: EOF when reading a line
Ask me anything: An error occurred: EOF when reading a line
Ask me anything: An error occurred: EOF when reading a line
Ask me anything: An error occurred: EOF when reading a line
Ask me anything: An error occurred: EOF when reading a line
Ask me anything: An error occurred: EOF when reading a line
Ask me anything: An error occurred: EOF when reading a line
Ask me anything: An error occurred: EOF when reading a line
Ask me anything: An error occurred: EOF when reading a line
Ask me anything: An error occurred: EOF when reading a line
Ask me anything: An error occurred: EOF when reading a line
Ask me anything: An error occurred: EOF when reading a line
Ask me anything: An error occurred: EOF when reading a line
Ask me anything: An error occurred: EOF when reading a line
Ask me anything: An error occurred: EOF when reading a line
Ask me anything: An error occurred: EOF when reading a line
Ask me anything: An error occurred: EOF when reading a line
Ask me anything: An error occurred: EOF when reading a line
Ask me anything: An error occurred: EOF when reading a line
Ask me anything: An error occurred: EOF when reading a line
Ask me anything: An error occurred: EOF when reading a line
Ask me anything: An error occurred: EOF when reading a line
Ask me anything: An error occurred: EOF when reading a line
Ask me anything: An error occurred: EOF when reading a line
Ask me anything: An error occurred: EOF when reading a line
Ask me anything: An error occurred: EOF when reading a line
Ask me anything: An error occurred: EOF when reading a line
Ask me anything: An error occurred: EOF when reading a line
Ask me anything: An error occurred: EOF when reading a line
Ask me anything: An error occurred: EOF when reading a line
Ask me anything: An error occurred: EOF when reading a line
Ask me anything: An error occurred: EOF when reading a line
Ask me anything: An error occurred: EOF when reading a line
Ask me anything: An error occurred: EOF when reading a line
Ask me anything: An error occurred: EOF when reading a line
Ask me anything: An error occurred: EOF when reading a line
Ask me anything: An error occurred: EOF when reading a line
Ask me anything: An error occurred: EOF when reading a line
Ask me anything: An error occurred: EOF when reading a line
Ask me anything: An error occurred: EOF when reading a line
Ask me anything: An error occurred: EOF when reading a line
Ask me anything: An error occurred: EOF when reading a line
Ask me anything: An error occurred: EOF when reading a line
Ask me anything: An error occurred: EOF when reading a line
Ask me anything: An error occurred: EOF when reading a line
Ask me anything: An error occurred: EOF when reading a line
Ask me anything: An error occurred: EOF when reading a line
Ask me anything: An error occurred: EOF when reading a line
Ask me anything: An error occurred: EOF when reading a line
Ask me anything: An error occurred: EOF when reading a line
Ask me anything: An error occurred: EOF when reading a line
Ask me anything: An error occurred: EOF when reading a line
Ask me anything: An error occurred: EOF when reading a line
Ask me anything: An error occurred: EOF when reading a line
Ask me anything: An error occurred: EOF when reading a line
Ask me anything: An error occurred: EOF when reading a line
Ask me anything: An error occurred: EOF when reading a line
Ask me anything: An error occurred: EOF when reading a line
Ask me anything: An error occurred: EOF when reading a line
Ask me anything: An error occurred: EOF when reading a line
Ask me anything: An error occurred: EOF when reading a line
Ask me anything: An error occurred: EOF when reading a line
Ask me anything: An error occurred: EOF when reading a line
Ask me anything: An error occurred: EOF when reading a line
Ask me anything: An error occurred: EOF when reading a line
Ask me anything: An error occurred: EOF when reading a line
Ask me anything: An error occurred: EOF when reading a line
Ask me anything: An error occurred: EOF when reading a line
Ask me anything: An error occurred: EOF when reading a line
Ask me anything: An error occurred: EOF when reading a line
Ask me anything: An error occurred: EOF when reading a line
Ask me anything: An error occurred: EOF when reading a line
Ask me anything: An error occurred: EOF when reading a line
Ask me anything: An error occurred: EOF when reading a line
Ask me anything: An error occurred: EOF when reading a line
Ask me anything: An error occurred: EOF when reading a line
Ask me anything: An error occurred: EOF when reading a line
Ask me anything: An error occurred: EOF when reading a line
Ask me anything: An error occurred: EOF when reading a line
Ask me anything: An error occurred: EOF when reading a line
Ask me anything: An error occurred: EOF when reading a line
Ask me anything: An error occurred: EOF when reading a line
Ask me anything: An error occurred: EOF when reading a line
Ask me anything: An error occurred: EOF when reading a line
Ask me anything: An error occurred: EOF when reading a line
Ask me anything: An error occurred: EOF when reading a line
Ask me anything: An error occurred: EOF when reading a line
Ask me anything: An error occurred: EOF when reading a line
Ask me anything: An error occurred: EOF when reading a line
Ask me anything: An error occurred: EOF when reading a line
Ask me anything: An error occurred: EOF when reading a line
Ask me anything: An error occurred: EOF when reading a line
Ask me anything: An error occurred: EOF when reading a line
Ask me anything: An error occurred: EOF when reading a line
Ask me anything: An error occurred: EOF when reading a line
Ask me anything: An error occurred: EOF when reading a line
Ask me anything: An error occurred: EOF when reading a line
Ask me anything: An error occurred: EOF when reading a line
Ask me anything: An error occurred: EOF when reading a line
Ask me anything: An error occurred: EOF when reading a line
Ask me anything: An error occurred: EOF when reading a line
Ask me anything: An error occurred: EOF when reading a line
Ask me anything: An error occurred: EOF when reading a line
Ask me anything: An error occurred: EOF when reading a line
Ask me anything: An error occurred: EOF when reading a line
Ask me anything: An error occurred: EOF when reading a line
Ask me anything: An error occurred: EOF when reading a line
Ask me anything: An error occurred: EOF when reading a line
Ask me anything: An error occurred: EOF when reading a line
Ask me anything: An error occurred: EOF when reading a line
Ask me anything: An error occurred: EOF when reading a line
Ask me anything: An error occurred: EOF when reading a line
Ask me anything: An error occurred: EOF when reading a line
Ask me anything: An error occurred: EOF when reading a line
Ask me anything: An error occurred: EOF when reading a line
Ask me anything: An error occurred: EOF when reading a line
Ask me anything: An error occurred: EOF when reading a line
Ask me anything: An error occurred: EOF when reading a line
Ask me anything: An error occurred: EOF when reading a line
Ask me anything: An error occurred: EOF when reading a line
Ask me anything: An error occurred: EOF when reading a line
Ask me anything: An error occurred: EOF when reading a line
Ask me anything: An error occurred: EOF when reading a line
Ask me anything: An error occurred: EOF when reading a line
Ask me anything: An error occurred: EOF when reading a line
Ask me anything: An error occurred: EOF when reading a line
Ask me anything: An error occurred: EOF when reading a line
Ask me anything: An error occurred: EOF when reading a line
Ask me anything: An error occurred: EOF when reading a line
Ask me anything: An error occurred: EOF when reading a line
Ask me anything: An error occurred: EOF when reading a line
Ask me anything: An error occurred: EOF when reading a line
Ask me anything: An error occurred: EOF when reading a line
Ask me anything: An error occurred: EOF when reading a line
Ask me anything: An error occurred: EOF when reading a line
Ask me anything: An error occurred: EOF when reading a line
Ask me anything: An error occurred: EOF when reading a line
Ask me anything: An error occurred: EOF when reading a line
Ask me anything: An error occurred: EOF when reading a line
Ask me anything: An error occurred: EOF when reading a line
Ask me anything: An error occurred: EOF when reading a line
Ask me anything: An error occurred: EOF when reading a line
Ask me anything: An error occurred: EOF when reading a line
Ask me anything: An error occurred: EOF when reading a line
Ask me anything: An error occurred: EOF when reading a line
Ask me anything: An error occurred: EOF when reading a line
Ask me anything: An error occurred: EOF when reading a line
Ask me anything: An error occurred: EOF when reading a line
Ask me anything: An error occurred: EOF when reading a line
Ask me anything: An error occurred: EOF when reading a line
Ask me anything: An error occurred: EOF when reading a line
Ask me anything: An error occurred: EOF when reading a line
Ask me anything: An error occurred: EOF when reading a line
Ask me anything: An error occurred: EOF when reading a line
Ask me anything: An error occurred: EOF when reading a line
Ask me anything: An error occurred: EOF when reading a line
Ask me anything: An error occurred: EOF when reading a line
Ask me anything: An error occurred: EOF when reading a line
Ask me anything: An error occurred: EOF when reading a line
Ask me anything: An error occurred: EOF when reading a line
Ask me anything: An error occurred: EOF when reading a line
Ask me anything: An error occurred: EOF when reading a line
Ask me anything: An error occurred: EOF when reading a line
Ask me anything: An error occurred: EOF when reading a line
Ask me anything: An error occurred: EOF when reading a line
Ask me anything: An error occurred: EOF when reading a line
Ask me anything: An error occurred: EOF when reading a line
Ask me anything: An error occurred: EOF when reading a line
Ask me anything: An error occurred: EOF when reading a line
Ask me anything: An error occurred: EOF when reading a line
Ask me anything: An error occurred: EOF when reading a line
Ask me anything: An error occurred: EOF when reading a line
Ask me anything: An error occurred: EOF when reading a line
Ask me anything: An error occurred: EOF when reading a line
Ask me anything: An error occurred: EOF when reading a line
Ask me anything: An error occurred: EOF when reading a line
Ask me anything: An error occurred: EOF when reading a line
Ask me anything: An error occurred: EOF when reading a line
Ask me anything: An error occurred: EOF when reading a line
Ask me anything: An error occurred: EOF when reading a line
Ask me anything: An error occurred: EOF when reading a line
Ask me anything: An error occurred: EOF when reading a line
Ask me anything: An error occurred: EOF when reading a line
Ask me anything: An error occurred: EOF when reading a line
Ask me anything: An error occurred: EOF when reading a line
Ask me anything: An error occurred: EOF when reading a line
Ask me anything: An error occurred: EOF when reading a line
Ask me anything: An error occurred: EOF when reading a line
Ask me anything: An error occurred: EOF when reading a line
Ask me anything: An error occurred: EOF when reading a line
Ask me anything: An error occurred: EOF when reading a line
Ask me anything: An error occurred: EOF when reading a line
Ask me anything: An error occurred: EOF when reading a line
Ask me anything: An error occurred: EOF when reading a line
Ask me anything: An error occurred: EOF when reading a line
Ask me anything: An error occurred: EOF when reading a line
Ask me anything: An error occurred: EOF when reading a line
Ask me anything: An error occurred: EOF when reading a line
Ask me anything: An error occurred: EOF when reading a line
Ask me anything: An error occurred: EOF when reading a line
Ask me anything: An error occurred: EOF when reading a line
Ask me anything: An error occurred: EOF when reading a line
Ask me anything: An error occurred: EOF when reading a line
Ask me anything: An error occurred: EOF when reading a line
Ask me anything: An error occurred: EOF when reading a line
Ask me anything: An error occurred: EOF when reading a line
Ask me anything: An error occurred: EOF when reading a line
Ask me anything: An error occurred: EOF when reading a line
Ask me anything: An error occurred: EOF when reading a line
Ask me anything: An error occurred: EOF when reading a line
Ask me anything: An error occurred: EOF when reading a line
Ask me anything: An error occurred: EOF when reading a line
Ask me anything: An error occurred: EOF when reading a line
Ask me anything: An error occurred: EOF when reading a line
Ask me anything: An error occurred: EOF when reading a line
Ask me anything: An error occurred: EOF when reading a line
Ask me anything: An error occurred: EOF when reading a line
Ask me anything: An error occurred: EOF when reading a line
Ask me anything: An error occurred: EOF when reading a line
Ask me anything: An error occurred: EOF when reading a line
Ask me anything: An error occurred: EOF when reading a line
Ask me anything: An error occurred: EOF when reading a line
Ask me anything: An error occurred: EOF when reading a line
Ask me anything: An error occurred: EOF when reading a line
Ask me anything: An error occurred: EOF when reading a line
Ask me anything: An error occurred: EOF when reading a line
Ask me anything: An error occurred: EOF when reading a line
Ask me anything: An error occurred: EOF when reading a line
Ask me anything: An error occurred: EOF when reading a line
Ask me anything: An error occurred: EOF when reading a line
Ask me anything: An error occurred: EOF when reading a line
Ask me anything: An error occurred: EOF when reading a line
Ask me anything: An error occurred: EOF when reading a line
Ask me anything: An error occurred: EOF when reading a line
Ask me anything: An error occurred: EOF when reading a line
Ask me anything: An error occurred: EOF when reading a line
Ask me anything: An error occurred: EOF when reading a line
Ask me anything: An error occurred: EOF when reading a line
Ask me anything: An error occurred: EOF when reading a line
Ask me anything: An error occurred: EOF when reading a line
Ask me anything: An error occurred: EOF when reading a line
Ask me anything: An error occurred: EOF when reading a line
Ask me anything: An error occurred: EOF when reading a line
Ask me anything: An error occurred: EOF when reading a line
Ask me anything: An error occurred: EOF when reading a line
Ask me anything: An error occurred: EOF when reading a line
Ask me anything: An error occurred: EOF when reading a line
Ask me anything: An error occurred: EOF when reading a line
Ask me anything: An error occurred: EOF when reading a line
Ask me anything: An error occurred: EOF when reading a line
Ask me anything: An error occurred: EOF when reading a line
Ask me anything: An error occurred: EOF when reading a line
Ask me anything: An error occurred: EOF when reading a line
Ask me anything: An error occurred: EOF when reading a line
Ask me anything: An error occurred: EOF when reading a line
Ask me anything: An error occurred: EOF when reading a line
Ask me anything: An error occurred: EOF when reading a line
Ask me anything: An error occurred: EOF when reading a line
Ask me anything: An error occurred: EOF when reading a line
Ask me anything: An error occurred: EOF when reading a line
Ask me anything: An error occurred: EOF when reading a line
Ask me anything: An error occurred: EOF when reading a line
Ask me anything: An error occurred: EOF when reading a line
Ask me anything: An error occurred: EOF when reading a line
Ask me anything: An error occurred: EOF when reading a line
Ask me anything: An error occurred: EOF when reading a line
Ask me anything: An error occurred: EOF when reading a line
Ask me anything: An error occurred: EOF when reading a line
Ask me anything: An error occurred: EOF when reading a line
Ask me anything: An error occurred: EOF when reading a line
Ask me anything: An error occurred: EOF when reading a line
Ask me anything: An error occurred: EOF when reading a line
Ask me anything: An error occurred: EOF when reading a line
Ask me anything: An error occurred: EOF when reading a line
Ask me anything: An error occurred: EOF when reading a line
Ask me anything: An error occurred: EOF when reading a line
Ask me anything: An error occurred: EOF when reading a line
Ask me anything: An error occurred: EOF when reading a line
Ask me anything: An error occurred: EOF when reading a line
Ask me anything: An error occurred: EOF when reading a line
Ask me anything: An error occurred: EOF when reading a line
Ask me anything: An error occurred: EOF when reading a line
Ask me anything: An error occurred: EOF when reading a line
Ask me anything: An error occurred: EOF when reading a line
Ask me anything: An error occurred: EOF when reading a line
Ask me anything: An error occurred: EOF when reading a line
Ask me anything: An error occurred: EOF when reading a line
Ask me anything: An error occurred: EOF when reading a line
Ask me anything: An error occurred: EOF when reading a line
Ask me anything: An error occurred: EOF when reading a line
Ask me anything: An error occurred: EOF when reading a line
Ask me anything: An error occurred: EOF when reading a line
Ask me anything: An error occurred: EOF when reading a line
Ask me anything: An error occurred: EOF when reading a line
Ask me anything: An error occurred: EOF when reading a line
Ask me anything: An error occurred: EOF when reading a line
Ask me anything: An error occurred: EOF when reading a line
Ask me anything: An error occurred: EOF when reading a line
Ask me anything: An error occurred: EOF when reading a line
Ask me anything: An error occurred: EOF when reading a line
Ask me anything: An error occurred: EOF when reading a line
Ask me anything: An error occurred: EOF when reading a line
Ask me anything: An error occurred: EOF when reading a line
Ask me anything: An error occurred: EOF when reading a line
Ask me anything: An error occurred: EOF when reading a line
Ask me anything: An error occurred: EOF when reading a line
Ask me anything: An error occurred: EOF when reading a line
Ask me anything: An error occurred: EOF when reading a line
Ask me anything: An error occurred: EOF when reading a line
Ask me anything: An error occurred: EOF when reading a line
Ask me anything: An error occurred: EOF when reading a line
Ask me anything: An error occurred: EOF when reading a line
Ask me anything: An error occurred: EOF when reading a line
Ask me anything: An error occurred: EOF when reading a line
Ask me anything: An error occurred: EOF when reading a line
Ask me anything: An error occurred: EOF when reading a line
Ask me anything: An error occurred: EOF when reading a line
Ask me anything: An error occurred: EOF when reading a line
Ask me anything: An error occurred: EOF when reading a line
Ask me anything: An error occurred: EOF when reading a line
Ask me anything: An error occurred: EOF when reading a line
Ask me anything: An error occurred: EOF when reading a line
Ask me anything: An error occurred: EOF when reading a line
Ask me anything: An error occurred: EOF when reading a line
Ask me anything: An error occurred: EOF when reading a line
Ask me anything: An error occurred: EOF when reading a line
Ask me anything: An error occurred: EOF when reading a line
Ask me anything: An error occurred: EOF when reading a line
Ask me anything: An error occurred: EOF when reading a line
Ask me anything: An error occurred: EOF when reading a line
Ask me anything: An error occurred: EOF when reading a line
Ask me anything: An error occurred: EOF when reading a line
Ask me anything: An error occurred: EOF when reading a line
Ask me anything: An error occurred: EOF when reading a line
Ask me anything: An error occurred: EOF when reading a line
Ask me anything: An error occurred: EOF when reading a line
Ask me anything: An error occurred: EOF when reading a line
Ask me anything: An error occurred: EOF when reading a line
Ask me anything: An error occurred: EOF when reading a line
Ask me anything: An error occurred: EOF when reading a line
Ask me anything: An error occurred: EOF when reading a line
Ask me anything: An error occurred: EOF when reading a line
Ask me anything: An error occurred: EOF when reading a line
Ask me anything: An error occurred: EOF when reading a line
Ask me anything: An error occurred: EOF when reading a line
Ask me anything: An error occurred: EOF when reading a line
Ask me anything: An error occurred: EOF when reading a line
Ask me anything: An error occurred: EOF when reading a line
Ask me anything: An error occurred: EOF when reading a line
Ask me anything: An error occurred: EOF when reading a line
Ask me anything: An error occurred: EOF when reading a line
Ask me anything: An error occurred: EOF when reading a line
Ask me anything: An error occurred: EOF when reading a line
Ask me anything: An error occurred: EOF when reading a line
Ask me anything: An error occurred: EOF when reading a line
Ask me anything: An error occurred: EOF when reading a line
Ask me anything: An error occurred: EOF when reading a line
Ask me anything: An error occurred: EOF when reading a line
Ask me anything: An error occurred: EOF when reading a line
Ask me anything: An error occurred: EOF when reading a line
Ask me anything: An error occurred: EOF when reading a line
Ask me anything: An error occurred: EOF when reading a line
Ask me anything: An error occurred: EOF when reading a line
Ask me anything: An error occurred: EOF when reading a line
Ask me anything: An error occurred: EOF when reading a line
Ask me anything: An error occurred: EOF when reading a line
Ask me anything: An error occurred: EOF when reading a line
Ask me anything: An error occurred: EOF when reading a line
Ask me anything: An error occurred: EOF when reading a line
Ask me anything: An error occurred: EOF when reading a line
Ask me anything: An error occurred: EOF when reading a line
Ask me anything: An error occurred: EOF when reading a line
Ask me anything: An error occurred: EOF when reading a line
Ask me anything: An error occurred: EOF when reading a line
Ask me anything: An error occurred: EOF when reading a line
Ask me anything: An error occurred: EOF when reading a line
Ask me anything: An error occurred: EOF when reading a line
Ask me anything: An error occurred: EOF when reading a line
Ask me anything: An error occurred: EOF when reading a line
Ask me anything: An error occurred: EOF when reading a line
Ask me anything: An error occurred: EOF when reading a line
Ask me anything: An error occurred: EOF when reading a line
Ask me anything: An error occurred: EOF when reading a line
Ask me anything: An error occurred: EOF when reading a line
Ask me anything: An error occurred: EOF when reading a line
Ask me anything: An error occurred: EOF when reading a line
Ask me anything: An error occurred: EOF when reading a line
Ask me anything: An error occurred: EOF when reading a line
Ask me anything: An error occurred: EOF when reading a line
Ask me anything: An error occurred: EOF when reading a line
Ask me anything: An error occurred: EOF when reading a line
Ask me anything: An error occurred: EOF when reading a line
Ask me anything: An error occurred: EOF when reading a line
Ask me anything: An error occurred: EOF when reading a line
Ask me anything: An error occurred: EOF when reading a line
Ask me anything: An error occurred: EOF when reading a line
Ask me anything: An error occurred: EOF when reading a line
Ask me anything: An error occurred: EOF when reading a line
Ask me anything: An error occurred: EOF when reading a line
Ask me anything: An error occurred: EOF when reading a line
Ask me anything: An error occurred: EOF when reading a line
Ask me anything: An error occurred: EOF when reading a line
Ask me anything: An error occurred: EOF when reading a line
Ask me anything: An error occurred: EOF when reading a line
Ask me anything: An error occurred: EOF when reading a line
Ask me anything: An error occurred: EOF when reading a line
Ask me anything: An error occurred: EOF when reading a line
Ask me anything: An error occurred: EOF when reading a line
Ask me anything: An error occurred: EOF when reading a line
Ask me anything: An error occurred: EOF when reading a line
Ask me anything: An error occurred: EOF when reading a line
Ask me anything: An error occurred: EOF when reading a line
Ask me anything: An error occurred: EOF when reading a line
Ask me anything: An error occurred: EOF when reading a line
Ask me anything: An error occurred: EOF when reading a line
Ask me anything: An error occurred: EOF when reading a line
Ask me anything: An error occurred: EOF when reading a line
Ask me anything: An error occurred: EOF when reading a line
Ask me anything: An error occurred: EOF when reading a line
Ask me anything: An error occurred: EOF when reading a line
Ask me anything: An error occurred: EOF when reading a line
Ask me anything: An error occurred: EOF when reading a line
Ask me anything: An error occurred: EOF when reading a line
Ask me anything: An error occurred: EOF when reading a line
Ask me anything: An error occurred: EOF when reading a line
Ask me anything: An error occurred: EOF when reading a line
Ask me anything: An error occurred: EOF when reading a line
Ask me anything: An error occurred: EOF when reading a line
Ask me anything: An error occurred: EOF when reading a line
Ask me anything: An error occurred: EOF when reading a line
Ask me anything: An error occurred: EOF when reading a line
Ask me anything: An error occurred: EOF when reading a line
Ask me anything: An error occurred: EOF when reading a line
Ask me anything: An error occurred: EOF when reading a line
Ask me anything: An error occurred: EOF when reading a line
Ask me anything: An error occurred: EOF when reading a line
Ask me anything: An error occurred: EOF when reading a line
Ask me anything: An error occurred: EOF when reading a line
Ask me anything: An error occurred: EOF when reading a line
Ask me anything: An error occurred: EOF when reading a line
Ask me anything: An error occurred: EOF when reading a line
Ask me anything: An error occurred: EOF when reading a line
Ask me anything: An error occurred: EOF when reading a line
Ask me anything: An error occurred: EOF when reading a line
Ask me anything: An error occurred: EOF when reading a line
Ask me anything: An error occurred: EOF when reading a line
Ask me anything: An error occurred: EOF when reading a line
Ask me anything: An error occurred: EOF when reading a line
Ask me anything: An error occurred: EOF when reading a line
Ask me anything: An error occurred: EOF when reading a line
Ask me anything: An error occurred: EOF when reading a line
Ask me anything: An error occurred: EOF when reading a line
Ask me anything: An error occurred: EOF when reading a line
Ask me anything: An error occurred: EOF when reading a line
Ask me anything: An error occurred: EOF when reading a line
Ask me anything: An error occurred: EOF when reading a line
Ask me anything: An error occurred: EOF when reading a line
Ask me anything: An error occurred: EOF when reading a line
Ask me anything: An error occurred: EOF when reading a line
Ask me anything: An error occurred: EOF when reading a line
Ask me anything: An error occurred: EOF when reading a line
Ask me anything: An error occurred: EOF when reading a line
Ask me anything: An error occurred: EOF when reading a line
Ask me anything: An error occurred: EOF when reading a line
Ask me anything: An error occurred: EOF when reading a line
Ask me anything: An error occurred: EOF when reading a line
Ask me anything: An error occurred: EOF when reading a line
Ask me anything: An error occurred: EOF when reading a line
Ask me anything: An error occurred: EOF when reading a line
Ask me anything: An error occurred: EOF when reading a line
Ask me anything: An error occurred: EOF when reading a line
Ask me anything: An error occurred: EOF when reading a line
Ask me anything: An error occurred: EOF when reading a line
Ask me anything: An error occurred: EOF when reading a line
Ask me anything: An error occurred: EOF when reading a line
Ask me anything: An error occurred: EOF when reading a line
Ask me anything: An error occurred: EOF when reading a line
Ask me anything: An error occurred: EOF when reading a line
Ask me anything: An error occurred: EOF when reading a line
Ask me anything: An error occurred: EOF when reading a line
Ask me anything: An error occurred: EOF when reading a line
Ask me anything: An error occurred: EOF when reading a line
Ask me anything: An error occurred: EOF when reading a line
Ask me anything: An error occurred: EOF when reading a line
Ask me anything: An error occurred: EOF when reading a line
Ask me anything: An error occurred: EOF when reading a line
Ask me anything: An error occurred: EOF when reading a line
Ask me anything: An error occurred: EOF when reading a line
Ask me anything: An error occurred: EOF when reading a line
Ask me anything: An error occurred: EOF when reading a line
Ask me anything: An error occurred: EOF when reading a line
Ask me anything: An error occurred: EOF when reading a line
Ask me anything: An error occurred: EOF when reading a line
Ask me anything: An error occurred: EOF when reading a line
Ask me anything: An error occurred: EOF when reading a line
Ask me anything: An error occurred: EOF when reading a line
Ask me anything: An error occurred: EOF when reading a line
Ask me anything: An error occurred: EOF when reading a line
Ask me anything: An error occurred: EOF when reading a line
Ask me anything: An error occurred: EOF when reading a line
Ask me anything: An error occurred: EOF when reading a line
Ask me anything: An error occurred: EOF when reading a line
Ask me anything: An error occurred: EOF when reading a line
Ask me anything: An error occurred: EOF when reading a line
Ask me anything: An error occurred: EOF when reading a line
Ask me anything: An error occurred: EOF when reading a line
Ask me anything: An error occurred: EOF when reading a line
Ask me anything: An error occurred: EOF when reading a line
Ask me anything: An error occurred: EOF when reading a line
Ask me anything: An error occurred: EOF when reading a line
Ask me anything: An error occurred: EOF when reading a line
Ask me anything: An error occurred: EOF when reading a line
Ask me anything: An error occurred: EOF when reading a line
Ask me anything: An error occurred: EOF when reading a line
Ask me anything: An error occurred: EOF when reading a line
Ask me anything: An error occurred: EOF when reading a line
Ask me anything: An error occurred: EOF when reading a line
Ask me anything: An error occurred: EOF when reading a line
Ask me anything: An error occurred: EOF when reading a line
Ask me anything: An error occurred: EOF when reading a line
Ask me anything: An error occurred: EOF when reading a line
Ask me anything: An error occurred: EOF when reading a line
Ask me anything: An error occurred: EOF when reading a line
Ask me anything: An error occurred: EOF when reading a line
Ask me anything: An error occurred: EOF when reading a line
Ask me anything: An error occurred: EOF when reading a line
Ask me anything: An error occurred: EOF when reading a line
Ask me anything: An error occurred: EOF when reading a line
Ask me anything: An error occurred: EOF when reading a line
Ask me anything: An error occurred: EOF when reading a line
Ask me anything: An error occurred: EOF when reading a line
Ask me anything: An error occurred: EOF when reading a line
Ask me anything: An error occurred: EOF when reading a line
Ask me anything: An error occurred: EOF when reading a line
Ask me anything: An error occurred: EOF when reading a line
Ask me anything: An error occurred: EOF when reading a line
Ask me anything: An error occurred: EOF when reading a line
Ask me anything: An error occurred: EOF when reading a line
Ask me anything: An error occurred: EOF when reading a line
Ask me anything: An error occurred: EOF when reading a line
Ask me anything: An error occurred: EOF when reading a line
Ask me anything: An error occurred: EOF when reading a line
Ask me anything: An error occurred: EOF when reading a line
Ask me anything: An error occurred: EOF when reading a line
Ask me anything: An error occurred: EOF when reading a line
Ask me anything: An error occurred: EOF when reading a line
Ask me anything: An error occurred: EOF when reading a line
Ask me anything: An error occurred: EOF when reading a line
Ask me anything: An error occurred: EOF when reading a line
Ask me anything: An error occurred: EOF when reading a line
Ask me anything: An error occurred: EOF when reading a line
Ask me anything: An error occurred: EOF when reading a line
Ask me anything: An error occurred: EOF when reading a line
Ask me anything: An error occurred: EOF when reading a line
Ask me anything: An error occurred: EOF when reading a line
Ask me anything: An error occurred: EOF when reading a line
Ask me anything: An error occurred: EOF when reading a line
Ask me anything: An error occurred: EOF when reading a line
Ask me anything: An error occurred: EOF when reading a line
Ask me anything: An error occurred: EOF when reading a line
Ask me anything: An error occurred: EOF when reading a line
Ask me anything: An error occurred: EOF when reading a line
Ask me anything: An error occurred: EOF when reading a line
Ask me anything: An error occurred: EOF when reading a line
Ask me anything: An error occurred: EOF when reading a line
Ask me anything: An error occurred: EOF when reading a line
Ask me anything: An error occurred: EOF when reading a line
Ask me anything: An error occurred: EOF when reading a line
Ask me anything: An error occurred: EOF when reading a line
Ask me anything: An error occurred: EOF when reading a line
Ask me anything: An error occurred: EOF when reading a line
Ask me anything: An error occurred: EOF when reading a line
Ask me anything: An error occurred: EOF when reading a line
Ask me anything: An error occurred: EOF when reading a line
Ask me anything: An error occurred: EOF when reading a line
Ask me anything: An error occurred: EOF when reading a line
Ask me anything: An error occurred: EOF when reading a line
Ask me anything: An error occurred: EOF when reading a line
Ask me anything: An error occurred: EOF when reading a line
Ask me anything: An error occurred: EOF when reading a line
Ask me anything: An error occurred: EOF when reading a line
Ask me anything: An error occurred: EOF when reading a line
Ask me anything: An error occurred: EOF when reading a line
Ask me anything: An error occurred: EOF when reading a line
Ask me anything: An error occurred: EOF when reading a line
Ask me anything: An error occurred: EOF when reading a line
Ask me anything: An error occurred: EOF when reading a line
Ask me anything: An error occurred: EOF when reading a line
Ask me anything: An error occurred: EOF when reading a line
Ask me anything: An error occurred: EOF when reading a line
Ask me anything: An error occurred: EOF when reading a line
Ask me anything: An error occurred: EOF when reading a line
Ask me anything: An error occurred: EOF when reading a line
Ask me anything: An error occurred: EOF when reading a line
Ask me anything: An error occurred: EOF when reading a line
Ask me anything: An error occurred: EOF when reading a line
Ask me anything: An error occurred: EOF when reading a line
Ask me anything: An error occurred: EOF when reading a line
Ask me anything: An error occurred: EOF when reading a line
Ask me anything: An error occurred: EOF when reading a line
Ask me anything: An error occurred: EOF when reading a line
Ask me anything: An error occurred: EOF when reading a line
Ask me anything: An error occurred: EOF when reading a line
Ask me anything: An error occurred: EOF when reading a line
Ask me anything: An error occurred: EOF when reading a line
Ask me anything: An error occurred: EOF when reading a line
Ask me anything: An error occurred: EOF when reading a line
Ask me anything: An error occurred: EOF when reading a line
Ask me anything: An error occurred: EOF when reading a line
Ask me anything: An error occurred: EOF when reading a line
Ask me anything: An error occurred: EOF when reading a line
Ask me anything: An error occurred: EOF when reading a line
Ask me anything: An error occurred: EOF when reading a line
Ask me anything: An error occurred: EOF when reading a line
Ask me anything: An error occurred: EOF when reading a line
Ask me anything: An error occurred: EOF when reading a line
Ask me anything: An error occurred: EOF when reading a line
Ask me anything: An error occurred: EOF when reading a line
Ask me anything: An error occurred: EOF when reading a line
Ask me anything: An error occurred: EOF when reading a line
Ask me anything: An error occurred: EOF when reading a line
Ask me anything: An error occurred: EOF when reading a line
Ask me anything: An error occurred: EOF when reading a line
Ask me anything: An error occurred: EOF when reading a line
Ask me anything: An error occurred: EOF when reading a line
Ask me anything: An error occurred: EOF when reading a line
Ask me anything: An error occurred: EOF when reading a line
Ask me anything: An error occurred: EOF when reading a line
Ask me anything: An error occurred: EOF when reading a line
Ask me anything: An error occurred: EOF when reading a line
Ask me anything: An error occurred: EOF when reading a line
Ask me anything: An error occurred: EOF when reading a line
Ask me anything: An error occurred: EOF when reading a line
Ask me anything: An error occurred: EOF when reading a line
Ask me anything: An error occurred: EOF when reading a line
Ask me anything: An error occurred: EOF when reading a line
Ask me anything: An error occurred: EOF when reading a line
Ask me anything: An error occurred: EOF when reading a line
Ask me anything: An error occurred: EOF when reading a line
Ask me anything: An error occurred: EOF when reading a line
Ask me anything: An error occurred: EOF when reading a line
Ask me anything: An error occurred: EOF when reading a line
Ask me anything: An error occurred: EOF when reading a line
Ask me anything: An error occurred: EOF when reading a line
Ask me anything: An error occurred: EOF when reading a line
Ask me anything: An error occurred: EOF when reading a line
Ask me anything: An error occurred: EOF when reading a line
Ask me anything: An error occurred: EOF when reading a line
Ask me anything: An error occurred: EOF when reading a line
Ask me anything: An error occurred: EOF when reading a line
Ask me anything: An error occurred: EOF when reading a line
Ask me anything: An error occurred: EOF when reading a line
Ask me anything: An error occurred: EOF when reading a line
Ask me anything: An error occurred: EOF when reading a line
Ask me anything: An error occurred: EOF when reading a line
Ask me anything: An error occurred: EOF when reading a line
Ask me anything: An error occurred: EOF when reading a line
Ask me anything: An error occurred: EOF when reading a line
Ask me anything: An error occurred: EOF when reading a line
Ask me anything: An error occurred: EOF when reading a line
Ask me anything: An error occurred: EOF when reading a line
Ask me anything: An error occurred: EOF when reading a line
Ask me anything: An error occurred: EOF when reading a line
Ask me anything: An error occurred: EOF when reading a line
Ask me anything: An error occurred: EOF when reading a line
Ask me anything: An error occurred: EOF when reading a line
Ask me anything: An error occurred: EOF when reading a line
Ask me anything: An error occurred: EOF when reading a line
Ask me anything: An error occurred: EOF when reading a line
Ask me anything: An error occurred: EOF when reading a line
Ask me anything: An error occurred: EOF when reading a line
Ask me anything: An error occurred: EOF when reading a line
Ask me anything: An error occurred: EOF when reading a line
Ask me anything: An error occurred: EOF when reading a line
Ask me anything: An error occurred: EOF when reading a line
Ask me anything: An error occurred: EOF when reading a line
Ask me anything: An error occurred: EOF when reading a line
Ask me anything: An error occurred: EOF when reading a line
Ask me anything: An error occurred: EOF when reading a line
Ask me anything: An error occurred: EOF when reading a line
Ask me anything: An error occurred: EOF when reading a line
Ask me anything: An error occurred: EOF when reading a line
Ask me anything: An error occurred: EOF when reading a line
Ask me anything: An error occurred: EOF when reading a line
Ask me anything: An error occurred: EOF when reading a line
Ask me anything: An error occurred: EOF when reading a line
Ask me anything: An error occurred: EOF when reading a line
Ask me anything: An error occurred: EOF when reading a line
Ask me anything: An error occurred: EOF when reading a line
Ask me anything: An error occurred: EOF when reading a line
Ask me anything: An error occurred: EOF when reading a line
Ask me anything: An error occurred: EOF when reading a line
Ask me anything: An error occurred: EOF when reading a line
Ask me anything: An error occurred: EOF when reading a line
Ask me anything: An error occurred: EOF when reading a line
Ask me anything: An error occurred: EOF when reading a line
Ask me anything: An error occurred: EOF when reading a line
Ask me anything: An error occurred: EOF when reading a line
Ask me anything: An error occurred: EOF when reading a line
Ask me anything: An error occurred: EOF when reading a line
Ask me anything: An error occurred: EOF when reading a line
Ask me anything: An error occurred: EOF when reading a line
Ask me anything: An error occurred: EOF when reading a line
Ask me anything: An error occurred: EOF when reading a line
Ask me anything: An error occurred: EOF when reading a line
Ask me anything: An error occurred: EOF when reading a line
Ask me anything: An error occurred: EOF when reading a line
Ask me anything: An error occurred: EOF when reading a line
Ask me anything: An error occurred: EOF when reading a line
Ask me anything: An error occurred: EOF when reading a line
Ask me anything: An error occurred: EOF when reading a line
Ask me anything: An error occurred: EOF when reading a line
Ask me anything: An error occurred: EOF when reading a line
Ask me anything: An error occurred: EOF when reading a line
Ask me anything: An error occurred: EOF when reading a line
Ask me anything: An error occurred: EOF when reading a line
Ask me anything: An error occurred: EOF when reading a line
Ask me anything: An error occurred: EOF when reading a line
Ask me anything: An error occurred: EOF when reading a line
Ask me anything: An error occurred: EOF when reading a line
Ask me anything: An error occurred: EOF when reading a line
Ask me anything: An error occurred: EOF when reading a line
Ask me anything: An error occurred: EOF when reading a line
Ask me anything: An error occurred: EOF when reading a line
Ask me anything: An error occurred: EOF when reading a line
Ask me anything: An error occurred: EOF when reading a line
Ask me anything: An error occurred: EOF when reading a line
Ask me anything: An error occurred: EOF when reading a line
Ask me anything: An error occurred: EOF when reading a line
Ask me anything: An error occurred: EOF when reading a line
Ask me anything: An error occurred: EOF when reading a line
Ask me anything: An error occurred: EOF when reading a line
Ask me anything: An error occurred: EOF when reading a line
Ask me anything: An error occurred: EOF when reading a line
Ask me anything: An error occurred: EOF when reading a line
Ask me anything: An error occurred: EOF when reading a line
Ask me anything: An error occurred: EOF when reading a line
Ask me anything: An error occurred: EOF when reading a line
Ask me anything: An error occurred: EOF when reading a line
Ask me anything: An error occurred: EOF when reading a line
Ask me anything: An error occurred: EOF when reading a line
Ask me anything: An error occurred: EOF when reading a line
Ask me anything: An error occurred: EOF when reading a line
Ask me anything: An error occurred: EOF when reading a line
Ask me anything: An error occurred: EOF when reading a line
Ask me anything: An error occurred: EOF when reading a line
Ask me anything: An error occurred: EOF when reading a line
Ask me anything: An error occurred: EOF when reading a line
Ask me anything: An error occurred: EOF when reading a line
Ask me anything: An error occurred: EOF when reading a line
Ask me anything: An error occurred: EOF when reading a line
Ask me anything: An error occurred: EOF when reading a line
Ask me anything: An error occurred: EOF when reading a line
Ask me anything: An error occurred: EOF when reading a line
Ask me anything: An error occurred: EOF when reading a line
Ask me anything: An error occurred: EOF when reading a line
Ask me anything: An error occurred: EOF when reading a line
Ask me anything: An error occurred: EOF when reading a line
Ask me anything: An error occurred: EOF when reading a line
Ask me anything: An error occurred: EOF when reading a line
Ask me anything: An error occurred: EOF when reading a line
Ask me anything: An error occurred: EOF when reading a line
Ask me anything: An error occurred: EOF when reading a line
Ask me anything: An error occurred: EOF when reading a line
Ask me anything: An error occurred: EOF when reading a line
Ask me anything: An error occurred: EOF when reading a line
Ask me anything: An error occurred: EOF when reading a line
Ask me anything: An error occurred: EOF when reading a line
Ask me anything: An error occurred: EOF when reading a line
Ask me anything: An error occurred: EOF when reading a line
Ask me anything: An error occurred: EOF when reading a line
Ask me anything: An error occurred: EOF when reading a line
Ask me anything: An error occurred: EOF when reading a line
Ask me anything: An error occurred: EOF when reading a line
Ask me anything: An error occurred: EOF when reading a line
Ask me anything: An error occurred: EOF when reading a line
Ask me anything: An error occurred: EOF when reading a line
Ask me anything: An error occurred: EOF when reading a line
Ask me anything: An error occurred: EOF when reading a line
Ask me anything: An error occurred: EOF when reading a line
Ask me anything: An error occurred: EOF when reading a line
Ask me anything: An error occurred: EOF when reading a line
Ask me anything: An error occurred: EOF when reading a line
Ask me anything: An error occurred: EOF when reading a line
Ask me anything: An error occurred: EOF when reading a line
Ask me anything: An error occurred: EOF when reading a line
Ask me anything: An error occurred: EOF when reading a line
Ask me anything: An error occurred: EOF when reading a line
Ask me anything: An error occurred: EOF when reading a line
Ask me anything: An error occurred: EOF when reading a line
Ask me anything: An error occurred: EOF when reading a line
Ask me anything: An error occurred: EOF when reading a line
Ask me anything: An error occurred: EOF when reading a line
Ask me anything: An error occurred: EOF when reading a line
Ask me anything: An error occurred: EOF when reading a line
Ask me anything: An error occurred: EOF when reading a line
Ask me anything: An error occurred: EOF when reading a line
Ask me anything: An error occurred: EOF when reading a line
Ask me anything: An error occurred: EOF when reading a line
Ask me anything: An error occurred: EOF when reading a line
Ask me anything: An error occurred: EOF when reading a line
Ask me anything: An error occurred: EOF when reading a line
Ask me anything: An error occurred: EOF when reading a line
Ask me anything: An error occurred: EOF when reading a line
Ask me anything: An error occurred: EOF when reading a line
Ask me anything: An error occurred: EOF when reading a line
Ask me anything: An error occurred: EOF when reading a line
Ask me anything: An error occurred: EOF when reading a line
Ask me anything: An error occurred: EOF when reading a line
Ask me anything: An error occurred: EOF when reading a line
Ask me anything: An error occurred: EOF when reading a line
Ask me anything: An error occurred: EOF when reading a line
Ask me anything: An error occurred: EOF when reading a line
Ask me anything: An error occurred: EOF when reading a line
Ask me anything: An error occurred: EOF when reading a line
Ask me anything: An error occurred: EOF when reading a line
Ask me anything: An error occurred: EOF when reading a line
Ask me anything: An error occurred: EOF when reading a line
Ask me anything: An error occurred: EOF when reading a line
Ask me anything: An error occurred: EOF when reading a line
Ask me anything: An error occurred: EOF when reading a line
Ask me anything: An error occurred: EOF when reading a line
Ask me anything: An error occurred: EOF when reading a line
Ask me anything: An error occurred: EOF when reading a line
Ask me anything: An error occurred: EOF when reading a line
Ask me anything: An error occurred: EOF when reading a line
Ask me anything: An error occurred: EOF when reading a line
Ask me anything: An error occurred: EOF when reading a line
Ask me anything: An error occurred: EOF when reading a line
Ask me anything: An error occurred: EOF when reading a line
Ask me anything: An error occurred: EOF when reading a line
Ask me anything: An error occurred: EOF when reading a line
Ask me anything: An error occurred: EOF when reading a line
Ask me anything: An error occurred: EOF when reading a line
Ask me anything: An error occurred: EOF when reading a line
Ask me anything: An error occurred: EOF when reading a line
Ask me anything: An error occurred: EOF when reading a line
Ask me anything: An error occurred: EOF when reading a line
Ask me anything: An error occurred: EOF when reading a line
Ask me anything: An error occurred: EOF when reading a line
Ask me anything: An error occurred: EOF when reading a line
Ask me anything: An error occurred: EOF when reading a line
Ask me anything: An error occurred: EOF when reading a line
Ask me anything: An error occurred: EOF when reading a line
Ask me anything: An error occurred: EOF when reading a line
Ask me anything: An error occurred: EOF when reading a line
Ask me anything: An error occurred: EOF when reading a line
Ask me anything: An error occurred: EOF when reading a line
Ask me anything: An error occurred: EOF when reading a line
Ask me anything: An error occurred: EOF when reading a line
Ask me anything: An error occurred: EOF when reading a line
Ask me anything: An error occurred: EOF when reading a line
Ask me anything: An error occurred: EOF when reading a line
Ask me anything: An error occurred: EOF when reading a line
Ask me anything: An error occurred: EOF when reading a line
Ask me anything: An error occurred: EOF when reading a line
Ask me anything: An error occurred: EOF when reading a line
Ask me anything: An error occurred: EOF when reading a line
Ask me anything: An error occurred: EOF when reading a line
Ask me anything: An error occurred: EOF when reading a line
Ask me anything: An error occurred: EOF when reading a line
Ask me anything: An error occurred: EOF when reading a line
Ask me anything: An error occurred: EOF when reading a line
Ask me anything: An error occurred: EOF when reading a line
Ask me anything: An error occurred: EOF when reading a line
Ask me anything: An error occurred: EOF when reading a line
Ask me anything: An error occurred: EOF when reading a line
Ask me anything: An error occurred: EOF when reading a line
Ask me anything: An error occurred: EOF when reading a line
Ask me anything: An error occurred: EOF when reading a line
Ask me anything: An error occurred: EOF when reading a line
Ask me anything: An error occurred: EOF when reading a line
Ask me anything: An error occurred: EOF when reading a line
Ask me anything: An error occurred: EOF when reading a line
Ask me anything: An error occurred: EOF when reading a line
Ask me anything: An error occurred: EOF when reading a line
Ask me anything: An error occurred: EOF when reading a line
Ask me anything: An error occurred: EOF when reading a line
Ask me anything: An error occurred: EOF when reading a line
Ask me anything: An error occurred: EOF when reading a line
Ask me anything: An error occurred: EOF when reading a line
Ask me anything: An error occurred: EOF when reading a line
Ask me anything: An error occurred: EOF when reading a line
Ask me anything: An error occurred: EOF when reading a line
Ask me anything: An error occurred: EOF when reading a line
Ask me anything: An error occurred: EOF when reading a line
Ask me anything: An error occurred: EOF when reading a line
Ask me anything: An error occurred: EOF when reading a line
Ask me anything: An error occurred: EOF when reading a line
Ask me anything: An error occurred: EOF when reading a line
Ask me anything: An error occurred: EOF when reading a line
Ask me anything: An error occurred: EOF when reading a line
Ask me anything: An error occurred: EOF when reading a line
Ask me anything: An error occurred: EOF when reading a line
Ask me anything: An error occurred: EOF when reading a line
Ask me anything: An error occurred: EOF when reading a line
Ask me anything: An error occurred: EOF when reading a line
Ask me anything: An error occurred: EOF when reading a line
Ask me anything: An error occurred: EOF when reading a line
Ask me anything: An error occurred: EOF when reading a line
Ask me anything: An error occurred: EOF when reading a line
Ask me anything: An error occurred: EOF when reading a line
Ask me anything: An error occurred: EOF when reading a line
Ask me anything: An error occurred: EOF when reading a line
Ask me anything: An error occurred: EOF when reading a line
Ask me anything: An error occurred: EOF when reading a line
Ask me anything: An error occurred: EOF when reading a line
Ask me anything: An error occurred: EOF when reading a line
Ask me anything: An error occurred: EOF when reading a line
Ask me anything: An error occurred: EOF when reading a line
Ask me anything: An error occurred: EOF when reading a line
Ask me anything: An error occurred: EOF when reading a line
Ask me anything: An error occurred: EOF when reading a line
Ask me anything: An error occurred: EOF when reading a line
Ask me anything: An error occurred: EOF when reading a line
Ask me anything: An error occurred: EOF when reading a line
Ask me anything: An error occurred: EOF when reading a line
Ask me anything: An error occurred: EOF when reading a line
Ask me anything: An error occurred: EOF when reading a line
Ask me anything: An error occurred: EOF when reading a line
Ask me anything: An error occurred: EOF when reading a line
Ask me anything: An error occurred: EOF when reading a line
Ask me anything: An error occurred: EOF when reading a line
Ask me anything: An error occurred: EOF when reading a line
Ask me anything: An error occurred: EOF when reading a line
Ask me anything: An error occurred: EOF when reading a line
Ask me anything: An error occurred: EOF when reading a line
Ask me anything: An error occurred: EOF when reading a line
Ask me anything: An error occurred: EOF when reading a line
Ask me anything: An error occurred: EOF when reading a line
Ask me anything: An error occurred: EOF when reading a line
Ask me anything: An error occurred: EOF when reading a line
Ask me anything: An error occurred: EOF when reading a line
Ask me anything: An error occurred: EOF when reading a line
Ask me anything: An error occurred: EOF when reading a line
Ask me anything: An error occurred: EOF when reading a line
Ask me anything: An error occurred: EOF when reading a line
Ask me anything: An error occurred: EOF when reading a line
Ask me anything: An error occurred: EOF when reading a line
Ask me anything: An error occurred: EOF when reading a line
Ask me anything: An error occurred: EOF when reading a line
Ask me anything: An error occurred: EOF when reading a line
Ask me anything: An error occurred: EOF when reading a line
Ask me anything: An error occurred: EOF when reading a line
Ask me anything: An error occurred: EOF when reading a line
Ask me anything: An error occurred: EOF when reading a line
Ask me anything: An error occurred: EOF when reading a line
Ask me anything: An error occurred: EOF when reading a line
Ask me anything: An error occurred: EOF when reading a line
Ask me anything: An error occurred: EOF when reading a line
Ask me anything: An error occurred: EOF when reading a line
Ask me anything: An error occurred: EOF when reading a line
Ask me anything: An error occurred: EOF when reading a line
Ask me anything: An error occurred: EOF when reading a line
Ask me anything: An error occurred: EOF when reading a line
Ask me anything: An error occurred: EOF when reading a line
Ask me anything: An error occurred: EOF when reading a line
Ask me anything: An error occurred: EOF when reading a line
Ask me anything: An error occurred: EOF when reading a line
Ask me anything: An error occurred: EOF when reading a line
Ask me anything: An error occurred: EOF when reading a line
Ask me anything: An error occurred: EOF when reading a line
Ask me anything: An error occurred: EOF when reading a line
Ask me anything: An error occurred: EOF when reading a line
Ask me anything: An error occurred: EOF when reading a line
Ask me anything: An error occurred: EOF when reading a line
Ask me anything: An error occurred: EOF when reading a line
Ask me anything: An error occurred: EOF when reading a line
Ask me anything: An error occurred: EOF when reading a line
Ask me anything: An error occurred: EOF when reading a line
Ask me anything: An error occurred: EOF when reading a line
Ask me anything: An error occurred: EOF when reading a line
Ask me anything: An error occurred: EOF when reading a line
Ask me anything: An error occurred: EOF when reading a line
Ask me anything: An error occurred: EOF when reading a line
Ask me anything: An error occurred: EOF when reading a line
Ask me anything: An error occurred: EOF when reading a line
Ask me anything: An error occurred: EOF when reading a line
Ask me anything: An error occurred: EOF when reading a line
Ask me anything: An error occurred: EOF when reading a line
Ask me anything: An error occurred: EOF when reading a line
Ask me anything: An error occurred: EOF when reading a line
Ask me anything: An error occurred: EOF when reading a line
Ask me anything: An error occurred: EOF when reading a line
Ask me anything: An error occurred: EOF when reading a line
Ask me anything: An error occurred: EOF when reading a line
Ask me anything: An error occurred: EOF when reading a line
Ask me anything: An error occurred: EOF when reading a line
Ask me anything: An error occurred: EOF when reading a line
Ask me anything: An error occurred: EOF when reading a line
Ask me anything: An error occurred: EOF when reading a line
Ask me anything: An error occurred: EOF when reading a line
Ask me anything: An error occurred: EOF when reading a line
Ask me anything: An error occurred: EOF when reading a line
Ask me anything: An error occurred: EOF when reading a line
Ask me anything: An error occurred: EOF when reading a line
Ask me anything: An error occurred: EOF when reading a line
Ask me anything: An error occurred: EOF when reading a line
Ask me anything: An error occurred: EOF when reading a line
Ask me anything: An error occurred: EOF when reading a line
Ask me anything: An error occurred: EOF when reading a line
Ask me anything: An error occurred: EOF when reading a line
Ask me anything: An error occurred: EOF when reading a line
Ask me anything: An error occurred: EOF when reading a line
Ask me anything: An error occurred: EOF when reading a line
Ask me anything: An error occurred: EOF when reading a line
Ask me anything: An error occurred: EOF when reading a line
Ask me anything: An error occurred: EOF when reading a line
Ask me anything: An error occurred: EOF when reading a line
Ask me anything: An error occurred: EOF when reading a line
Ask me anything: An error occurred: EOF when reading a line
Ask me anything: An error occurred: EOF when reading a line
Ask me anything: An error occurred: EOF when reading a line
Ask me anything: An error occurred: EOF when reading a line
Ask me anything: An error occurred: EOF when reading a line
Ask me anything: An error occurred: EOF when reading a line
Ask me anything: An error occurred: EOF when reading a line
Ask me anything: An error occurred: EOF when reading a line
Ask me anything: An error occurred: EOF when reading a line
Ask me anything: An error occurred: EOF when reading a line
Ask me anything: An error occurred: EOF when reading a line
Ask me anything: An error occurred: EOF when reading a line
Ask me anything: An error occurred: EOF when reading a line
Ask me anything: An error occurred: EOF when reading a line
Ask me anything: An error occurred: EOF when reading a line
Ask me anything: An error occurred: EOF when reading a line
Ask me anything: An error occurred: EOF when reading a line
Ask me anything: An error occurred: EOF when reading a line
Ask me anything: An error occurred: EOF when reading a line
Ask me anything: An error occurred: EOF when reading a line
Ask me anything: An error occurred: EOF when reading a line
Ask me anything: An error occurred: EOF when reading a line
Ask me anything: An error occurred: EOF when reading a line
Ask me anything: An error occurred: EOF when reading a line
Ask me anything: An error occurred: EOF when reading a line
Ask me anything: An error occurred: EOF when reading a line
Ask me anything: An error occurred: EOF when reading a line
Ask me anything: An error occurred: EOF when reading a line
Ask me anything: An error occurred: EOF when reading a line
Ask me anything: An error occurred: EOF when reading a line
Ask me anything: An error occurred: EOF when reading a line
Ask me anything: An error occurred: EOF when reading a line
Ask me anything: An error occurred: EOF when reading a line
Ask me anything: An error occurred: EOF when reading a line
Ask me anything: An error occurred: EOF when reading a line
Ask me anything: An error occurred: EOF when reading a line
Ask me anything: An error occurred: EOF when reading a line
Ask me anything: An error occurred: EOF when reading a line
Ask me anything: An error occurred: EOF when reading a line
Ask me anything: An error occurred: EOF when reading a line
Ask me anything: An error occurred: EOF when reading a line
Ask me anything: An error occurred: EOF when reading a line
Ask me anything: An error occurred: EOF when reading a line
Ask me anything: An error occurred: EOF when reading a line
Ask me anything: An error occurred: EOF when reading a line
Ask me anything: An error occurred: EOF when reading a line
Ask me anything: An error occurred: EOF when reading a line
Ask me anything: An error occurred: EOF when reading a line
Ask me anything: An error occurred: EOF when reading a line
Ask me anything: An error occurred: EOF when reading a line
Ask me anything: An error occurred: EOF when reading a line
Ask me anything: An error occurred: EOF when reading a line
Ask me anything: An error occurred: EOF when reading a line
Ask me anything: An error occurred: EOF when reading a line
Ask me anything: An error occurred: EOF when reading a line
Ask me anything: An error occurred: EOF when reading a line
Ask me anything: An error occurred: EOF when reading a line
Ask me anything: An error occurred: EOF when reading a line
Ask me anything: An error occurred: EOF when reading a line
Ask me anything: An error occurred: EOF when reading a line
Ask me anything: An error occurred: EOF when reading a line
Ask me anything: An error occurred: EOF when reading a line
Ask me anything: An error occurred: EOF when reading a line
Ask me anything: An error occurred: EOF when reading a line
Ask me anything: An error occurred: EOF when reading a line
Ask me anything: An error occurred: EOF when reading a line
Ask me anything: An error occurred: EOF when reading a line
Ask me anything: An error occurred: EOF when reading a line
Ask me anything: An error occurred: EOF when reading a line
Ask me anything: An error occurred: EOF when reading a line
Ask me anything: An error occurred: EOF when reading a line
Ask me anything: An error occurred: EOF when reading a line
Ask me anything: An error occurred: EOF when reading a line
Ask me anything: An error occurred: EOF when reading a line
Ask me anything: An error occurred: EOF when reading a line
Ask me anything: An error occurred: EOF when reading a line
Ask me anything: An error occurred: EOF when reading a line
Ask me anything: An error occurred: EOF when reading a line
Ask me anything: An error occurred: EOF when reading a line
Ask me anything: An error occurred: EOF when reading a line
Ask me anything: An error occurred: EOF when reading a line
Ask me anything: An error occurred: EOF when reading a line
Ask me anything: An error occurred: EOF when reading a line
Ask me anything: An error occurred: EOF when reading a line
Ask me anything: An error occurred: EOF when reading a line
Ask me anything: An error occurred: EOF when reading a line
Ask me anything: An error occurred: EOF when reading a line
Ask me anything: An error occurred: EOF when reading a line
Ask me anything: An error occurred: EOF when reading a line
Ask me anything: An error occurred: EOF when reading a line
Ask me anything: An error occurred: EOF when reading a line
Ask me anything: An error occurred: EOF when reading a line
Ask me anything: An error occurred: EOF when reading a line
Ask me anything: An error occurred: EOF when reading a line
Ask me anything: An error occurred: EOF when reading a line
Ask me anything: An error occurred: EOF when reading a line
Ask me anything: An error occurred: EOF when reading a line
Ask me anything: An error occurred: EOF when reading a line
Ask me anything: An error occurred: EOF when reading a line
Ask me anything: An error occurred: EOF when reading a line
Ask me anything: An error occurred: EOF when reading a line
Ask me anything: An error occurred: EOF when reading a line
Ask me anything: An error occurred: EOF when reading a line
Ask me anything: An error occurred: EOF when reading a line
Ask me anything: An error occurred: EOF when reading a line
Ask me anything: An error occurred: EOF when reading a line
Ask me anything: An error occurred: EOF when reading a line
Ask me anything: An error occurred: EOF when reading a line
Ask me anything: An error occurred: EOF when reading a line
Ask me anything: An error occurred: EOF when reading a line
Ask me anything: An error occurred: EOF when reading a line
Ask me anything: An error occurred: EOF when reading a line
Ask me anything: An error occurred: EOF when reading a line
Ask me anything: An error occurred: EOF when reading a line
Ask me anything: An error occurred: EOF when reading a line
Ask me anything: An error occurred: EOF when reading a line
Ask me anything: An error occurred: EOF when reading a line
Ask me anything: An error occurred: EOF when reading a line
Ask me anything: An error occurred: EOF when reading a line
Ask me anything: An error occurred: EOF when reading a line
Ask me anything: An error occurred: EOF when reading a line
Ask me anything: An error occurred: EOF when reading a line
Ask me anything: An error occurred: EOF when reading a line
Ask me anything: An error occurred: EOF when reading a line
Ask me anything: An error occurred: EOF when reading a line
Ask me anything: An error occurred: EOF when reading a line
Ask me anything: An error occurred: EOF when reading a line
Ask me anything: An error occurred: EOF when reading a line
Ask me anything: An error occurred: EOF when reading a line
Ask me anything: An error occurred: EOF when reading a line
Ask me anything: An error occurred: EOF when reading a line
Ask me anything: An error occurred: EOF when reading a line
Ask me anything: An error occurred: EOF when reading a line
Ask me anything: An error occurred: EOF when reading a line
Ask me anything: An error occurred: EOF when reading a line
Ask me anything: An error occurred: EOF when reading a line
Ask me anything: An error occurred: EOF when reading a line
Ask me anything: An error occurred: EOF when reading a line
Ask me anything: An error occurred: EOF when reading a line
Ask me anything: An error occurred: EOF when reading a line
Ask me anything: An error occurred: EOF when reading a line
Ask me anything: An error occurred: EOF when reading a line
Ask me anything: An error occurred: EOF when reading a line
Ask me anything: An error occurred: EOF when reading a line
Ask me anything: An error occurred: EOF when reading a line
Ask me anything: An error occurred: EOF when reading a line
Ask me anything: An error occurred: EOF when reading a line
Ask me anything: An error occurred: EOF when reading a line
Ask me anything: An error occurred: EOF when reading a line
Ask me anything: An error occurred: EOF when reading a line
Ask me anything: An error occurred: EOF when reading a line
Ask me anything: An error occurred: EOF when reading a line
Ask me anything: An error occurred: EOF when reading a line
Ask me anything: An error occurred: EOF when reading a line
Ask me anything: An error occurred: EOF when reading a line
Ask me anything: An error occurred: EOF when reading a line
Ask me anything: An error occurred: EOF when reading a line
Ask me anything: An error occurred: EOF when reading a line
Ask me anything: An error occurred: EOF when reading a line
Ask me anything: An error occurred: EOF when reading a line
Ask me anything: An error occurred: EOF when reading a line
Ask me anything: An error occurred: EOF when reading a line
Ask me anything: An error occurred: EOF when reading a line
Ask me anything: An error occurred: EOF when reading a line
Ask me anything: An error occurred: EOF when reading a line
Ask me anything: An error occurred: EOF when reading a line
Ask me anything: An error occurred: EOF when reading a line
Ask me anything: An error occurred: EOF when reading a line
Ask me anything: An error occurred: EOF when reading a line
Ask me anything: An error occurred: EOF when reading a line
Ask me anything: An error occurred: EOF when reading a line
Ask me anything: An error occurred: EOF when reading a line
Ask me anything: An error occurred: EOF when reading a line
Ask me anything: An error occurred: EOF when reading a line
Ask me anything: An error occurred: EOF when reading a line
Ask me anything: An error occurred: EOF when reading a line
Ask me anything: An error occurred: EOF when reading a line
Ask me anything: An error occurred: EOF when reading a line
Ask me anything: An error occurred: EOF when reading a line
Ask me anything: An error occurred: EOF when reading a line
Ask me anything: An error occurred: EOF when reading a line
Ask me anything: An error occurred: EOF when reading a line
Ask me anything: An error occurred: EOF when reading a line
Ask me anything: An error occurred: EOF when reading a line
Ask me anything: An error occurred: EOF when reading a line
Ask me anything: An error occurred: EOF when reading a line
Ask me anything: An error occurred: EOF when reading a line
Ask me anything: An error occurred: EOF when reading a line
Ask me anything: An error occurred: EOF when reading a line
Ask me anything: An error occurred: EOF when reading a line
Ask me anything: An error occurred: EOF when reading a line
Ask me anything: An error occurred: EOF when reading a line
Ask me anything: An error occurred: EOF when reading a line
Ask me anything: An error occurred: EOF when reading a line
Ask me anything: An error occurred: EOF when reading a line
Ask me anything: An error occurred: EOF when reading a line
Ask me anything: An error occurred: EOF when reading a line
Ask me anything: An error occurred: EOF when reading a line
Ask me anything: An error occurred: EOF when reading a line
Ask me anything: An error occurred: EOF when reading a line
Ask me anything: An error occurred: EOF when reading a line
Ask me anything: An error occurred: EOF when reading a line
Ask me anything: An error occurred: EOF when reading a line
Ask me anything: An error occurred: EOF when reading a line
Ask me anything: An error occurred: EOF when reading a line
Ask me anything: An error occurred: EOF when reading a line
Ask me anything: An error occurred: EOF when reading a line
Ask me anything: An error occurred: EOF when reading a line
Ask me anything: An error occurred: EOF when reading a line
Ask me anything: An error occurred: EOF when reading a line
Ask me anything: An error occurred: EOF when reading a line
Ask me anything: An error occurred: EOF when reading a line
Ask me anything: An error occurred: EOF when reading a line
Ask me anything: An error occurred: EOF when reading a line
Ask me anything: An error occurred: EOF when reading a line
Ask me anything: An error occurred: EOF when reading a line
Ask me anything: An error occurred: EOF when reading a line
Ask me anything: An error occurred: EOF when reading a line
Ask me anything: An error occurred: EOF when reading a line
Ask me anything: An error occurred: EOF when reading a line
Ask me anything: An error occurred: EOF when reading a line
Ask me anything: An error occurred: EOF when reading a line
Ask me anything: An error occurred: EOF when reading a line
Ask me anything: An error occurred: EOF when reading a line
Ask me anything: An error occurred: EOF when reading a line
Ask me anything: An error occurred: EOF when reading a line
Ask me anything: An error occurred: EOF when reading a line
Ask me anything: An error occurred: EOF when reading a line
Ask me anything: An error occurred: EOF when reading a line
Ask me anything: An error occurred: EOF when reading a line
Ask me anything: An error occurred: EOF when reading a line
Ask me anything: An error occurred: EOF when reading a line
Ask me anything: An error occurred: EOF when reading a line
Ask me anything: An error occurred: EOF when reading a line
Ask me anything: An error occurred: EOF when reading a line
Ask me anything: An error occurred: EOF when reading a line
Ask me anything: An error occurred: EOF when reading a line
Ask me anything: An error occurred: EOF when reading a line
Ask me anything: An error occurred: EOF when reading a line
Ask me anything: An error occurred: EOF when reading a line
Ask me anything: An error occurred: EOF when reading a line
Ask me anything: An error occurred: EOF when reading a line
Ask me anything: An error occurred: EOF when reading a line
Ask me anything: An error occurred: EOF when reading a line
Ask me anything: An error occurred: EOF when reading a line
Ask me anything: An error occurred: EOF when reading a line
Ask me anything: An error occurred: EOF when reading a line
Ask me anything: An error occurred: EOF when reading a line
Ask me anything: An error occurred: EOF when reading a line
Ask me anything: An error occurred: EOF when reading a line
Ask me anything: An error occurred: EOF when reading a line
Ask me anything: An error occurred: EOF when reading a line
Ask me anything: An error occurred: EOF when reading a line
Ask me anything: An error occurred: EOF when reading a line
Ask me anything: An error occurred: EOF when reading a line
Ask me anything: An error occurred: EOF when reading a line
Ask me anything: An error occurred: EOF when reading a line
Ask me anything: An error occurred: EOF when reading a line
Ask me anything: An error occurred: EOF when reading a line
Ask me anything: An error occurred: EOF when reading a line
Ask me anything: An error occurred: EOF when reading a line
Ask me anything: An error occurred: EOF when reading a line
Ask me anything: An error occurred: EOF when reading a line
Ask me anything: An error occurred: EOF when reading a line
Ask me anything: An error occurred: EOF when reading a line
Ask me anything: An error occurred: EOF when reading a line
Ask me anything: An error occurred: EOF when reading a line
Ask me anything: An error occurred: EOF when reading a line
Ask me anything: An error occurred: EOF when reading a line
Ask me anything: An error occurred: EOF when reading a line
Ask me anything: An error occurred: EOF when reading a line
Ask me anything: An error occurred: EOF when reading a line
Ask me anything: An error occurred: EOF when reading a line
Ask me anything: An error occurred: EOF when reading a line
Ask me anything: An error occurred: EOF when reading a line
Ask me anything: An error occurred: EOF when reading a line
Ask me anything: An error occurred: EOF when reading a line
Ask me anything: An error occurred: EOF when reading a line
Ask me anything: An error occurred: EOF when reading a line
Ask me anything: An error occurred: EOF when reading a line
Ask me anything: An error occurred: EOF when reading a line
Ask me anything: An error occurred: EOF when reading a line
Ask me anything: An error occurred: EOF when reading a line
Ask me anything: An error occurred: EOF when reading a line
Ask me anything: An error occurred: EOF when reading a line
Ask me anything: An error occurred: EOF when reading a line
Ask me anything: An error occurred: EOF when reading a line
Ask me anything: An error occurred: EOF when reading a line
Ask me anything: An error occurred: EOF when reading a line
Ask me anything: An error occurred: EOF when reading a line
Ask me anything: An error occurred: EOF when reading a line
Ask me anything: An error occurred: EOF when reading a line
Ask me anything: An error occurred: EOF when reading a line
Ask me anything: An error occurred: EOF when reading a line
Ask me anything: An error occurred: EOF when reading a line
Ask me anything: An error occurred: EOF when reading a line
Ask me anything: An error occurred: EOF when reading a line
Ask me anything: An error occurred: EOF when reading a line
Ask me anything: An error occurred: EOF when reading a line
Ask me anything: An error occurred: EOF when reading a line
Ask me anything: An error occurred: EOF when reading a line
Ask me anything: An error occurred: EOF when reading a line
Ask me anything: An error occurred: EOF when reading a line
Ask me anything: An error occurred: EOF when reading a line
Ask me anything: An error occurred: EOF when reading a line
Ask me anything: An error occurred: EOF when reading a line
Ask me anything: An error occurred: EOF when reading a line
Ask me anything: An error occurred: EOF when reading a line
Ask me anything: An error occurred: EOF when reading a line
Ask me anything: An error occurred: EOF when reading a line
Ask me anything: An error occurred: EOF when reading a line
Ask me anything: An error occurred: EOF when reading a line
Ask me anything: An error occurred: EOF when reading a line
Ask me anything: An error occurred: EOF when reading a line
Ask me anything: An error occurred: EOF when reading a line
Ask me anything: An error occurred: EOF when reading a line
Ask me anything: An error occurred: EOF when reading a line
Ask me anything: An error occurred: EOF when reading a line
Ask me anything: An error occurred: EOF when reading a line
Ask me anything: An error occurred: EOF when reading a line
Ask me anything: An error occurred: EOF when reading a line
Ask me anything: An error occurred: EOF when reading a line
Ask me anything: An error occurred: EOF when reading a line
Ask me anything: An error occurred: EOF when reading a line
Ask me anything: An error occurred: EOF when reading a line
Ask me anything: An error occurred: EOF when reading a line
Ask me anything: An error occurred: EOF when reading a line
Ask me anything: An error occurred: EOF when reading a line
Ask me anything: An error occurred: EOF when reading a line
Ask me anything: An error occurred: EOF when reading a line
Ask me anything: An error occurred: EOF when reading a line
Ask me anything: An error occurred: EOF when reading a line
Ask me anything: An error occurred: EOF when reading a line
Ask me anything: An error occurred: EOF when reading a line
Ask me anything: An error occurred: EOF when reading a line
Ask me anything: An error occurred: EOF when reading a line
Ask me anything: An error occurred: EOF when reading a line
Ask me anything: An error occurred: EOF when reading a line
Ask me anything: An error occurred: EOF when reading a line
Ask me anything: An error occurred: EOF when reading a line
Ask me anything: An error occurred: EOF when reading a line
Ask me anything: An error occurred: EOF when reading a line
Ask me anything: An error occurred: EOF when reading a line
Ask me anything: An error occurred: EOF when reading a line
Ask me anything: An error occurred: EOF when reading a line
Ask me anything: An error occurred: EOF when reading a line
Ask me anything: An error occurred: EOF when reading a line
Ask me anything: An error occurred: EOF when reading a line
Ask me anything: An error occurred: EOF when reading a line
Ask me anything: An error occurred: EOF when reading a line
Ask me anything: An error occurred: EOF when reading a line
Ask me anything: An error occurred: EOF when reading a line
Ask me anything: An error occurred: EOF when reading a line
Ask me anything: An error occurred: EOF when reading a line
Ask me anything: An error occurred: EOF when reading a line
Ask me anything: An error occurred: EOF when reading a line
Ask me anything: An error occurred: EOF when reading a line
Ask me anything: An error occurred: EOF when reading a line
Ask me anything: An error occurred: EOF when reading a line
Ask me anything: An error occurred: EOF when reading a line
Ask me anything: An error occurred: EOF when reading a line
Ask me anything: An error occurred: EOF when reading a line
Ask me anything: An error occurred: EOF when reading a line
Ask me anything: An error occurred: EOF when reading a line
Ask me anything: An error occurred: EOF when reading a line
Ask me anything: An error occurred: EOF when reading a line
Ask me anything: An error occurred: EOF when reading a line
Ask me anything: An error occurred: EOF when reading a line
Ask me anything: An error occurred: EOF when reading a line
Ask me anything: An error occurred: EOF when reading a line
Ask me anything: An error occurred: EOF when reading a line
Ask me anything: An error occurred: EOF when reading a line
Ask me anything: An error occurred: EOF when reading a line
Ask me anything: An error occurred: EOF when reading a line
Ask me anything: An error occurred: EOF when reading a line
Ask me anything: An error occurred: EOF when reading a line
Ask me anything: An error occurred: EOF when reading a line
Ask me anything: An error occurred: EOF when reading a line
Ask me anything: An error occurred: EOF when reading a line
Ask me anything: An error occurred: EOF when reading a line
Ask me anything: An error occurred: EOF when reading a line
Ask me anything: An error occurred: EOF when reading a line
Ask me anything: An error occurred: EOF when reading a line
Ask me anything: An error occurred: EOF when reading a line
Ask me anything: An error occurred: EOF when reading a line
Ask me anything: An error occurred: EOF when reading a line
Ask me anything: An error occurred: EOF when reading a line
Ask me anything: An error occurred: EOF when reading a line
Ask me anything: An error occurred: EOF when reading a line
Ask me anything: An error occurred: EOF when reading a line
Ask me anything: An error occurred: EOF when reading a line
Ask me anything: An error occurred: EOF when reading a line
Ask me anything: An error occurred: EOF when reading a line
Ask me anything: An error occurred: EOF when reading a line
Ask me anything: An error occurred: EOF when reading a line
Ask me anything: An error occurred: EOF when reading a line
Ask me anything: An error occurred: EOF when reading a line
Ask me anything: An error occurred: EOF when reading a line
Ask me anything: An error occurred: EOF when reading a line
Ask me anything: An error occurred: EOF when reading a line
Ask me anything: An error occurred: EOF when reading a line
Ask me anything: An error occurred: EOF when reading a line
Ask me anything: An error occurred: EOF when reading a line
Ask me anything: An error occurred: EOF when reading a line
Ask me anything: An error occurred: EOF when reading a line
Ask me anything: An error occurred: EOF when reading a line
Ask me anything: An error occurred: EOF when reading a line
Ask me anything: An error occurred: EOF when reading a line
Ask me anything: An error occurred: EOF when reading a line
Ask me anything: An error occurred: EOF when reading a line
Ask me anything: An error occurred: EOF when reading a line
Ask me anything: An error occurred: EOF when reading a line
Ask me anything: An error occurred: EOF when reading a line
Ask me anything: An error occurred: EOF when reading a line
Ask me anything: An error occurred: EOF when reading a line
Ask me anything: An error occurred: EOF when reading a line
Ask me anything: An error occurred: EOF when reading a line
Ask me anything: An error occurred: EOF when reading a line
Ask me anything: An error occurred: EOF when reading a line
Ask me anything: An error occurred: EOF when reading a line
Ask me anything: An error occurred: EOF when reading a line
Ask me anything: An error occurred: EOF when reading a line
Ask me anything: An error occurred: EOF when reading a line
Ask me anything: An error occurred: EOF when reading a line
Ask me anything: An error occurred: EOF when reading a line
Ask me anything: An error occurred: EOF when reading a line
Ask me anything: An error occurred: EOF when reading a line
Ask me anything: An error occurred: EOF when reading a line
Ask me anything: An error occurred: EOF when reading a line
Ask me anything: An error occurred: EOF when reading a line
Ask me anything: An error occurred: EOF when reading a line
Ask me anything: An error occurred: EOF when reading a line
Ask me anything: An error occurred: EOF when reading a line
Ask me anything: An error occurred: EOF when reading a line
Ask me anything: An error occurred: EOF when reading a line
Ask me anything: An error occurred: EOF when reading a line
Ask me anything: An error occurred: EOF when reading a line
Ask me anything: An error occurred: EOF when reading a line
Ask me anything: An error occurred: EOF when reading a line
Ask me anything: An error occurred: EOF when reading a line
Ask me anything: An error occurred: EOF when reading a line
Ask me anything: An error occurred: EOF when reading a line
Ask me anything: An error occurred: EOF when reading a line
Ask me anything: An error occurred: EOF when reading a line
Ask me anything: An error occurred: EOF when reading a line
Ask me anything: An error occurred: EOF when reading a line
Ask me anything: An error occurred: EOF when reading a line
Ask me anything: An error occurred: EOF when reading a line
Ask me anything: An error occurred: EOF when reading a line
Ask me anything: An error occurred: EOF when reading a line
Ask me anything: An error occurred: EOF when reading a line
Ask me anything: An error occurred: EOF when reading a line
Ask me anything: An error occurred: EOF when reading a line
Ask me anything: An error occurred: EOF when reading a line
Ask me anything: An error occurred: EOF when reading a line
Ask me anything: An error occurred: EOF when reading a line
Ask me anything: An error occurred: EOF when reading a line
Ask me anything: An error occurred: EOF when reading a line
Ask me anything: An error occurred: EOF when reading a line
Ask me anything: An error occurred: EOF when reading a line
Ask me anything: An error occurred: EOF when reading a line
Ask me anything: An error occurred: EOF when reading a line
Ask me anything: An error occurred: EOF when reading a line
Ask me anything: An error occurred: EOF when reading a line
Ask me anything: An error occurred: EOF when reading a line
Ask me anything: An error occurred: EOF when reading a line
Ask me anything: An error occurred: EOF when reading a line
Ask me anything: An error occurred: EOF when reading a line
Ask me anything: An error occurred: EOF when reading a line
Ask me anything: An error occurred: EOF when reading a line
Ask me anything: An error occurred: EOF when reading a line
Ask me anything: An error occurred: EOF when reading a line
Ask me anything: An error occurred: EOF when reading a line
Ask me anything: An error occurred: EOF when reading a line
Ask me anything: An error occurred: EOF when reading a line
Ask me anything: An error occurred: EOF when reading a line
Ask me anything: An error occurred: EOF when reading a line
Ask me anything: An error occurred: EOF when reading a line
Ask me anything: An error occurred: EOF when reading a line
Ask me anything: An error occurred: EOF when reading a line
Ask me anything: An error occurred: EOF when reading a line
Ask me anything: An error occurred: EOF when reading a line
Ask me anything: An error occurred: EOF when reading a line
Ask me anything: An error occurred: EOF when reading a line
Ask me anything: An error occurred: EOF when reading a line
Ask me anything: An error occurred: EOF when reading a line
Ask me anything: An error occurred: EOF when reading a line
Ask me anything: An error occurred: EOF when reading a line
Ask me anything: An error occurred: EOF when reading a line
Ask me anything: An error occurred: EOF when reading a line
Ask me anything: An error occurred: EOF when reading a line
Ask me anything: An error occurred: EOF when reading a line
Ask me anything: An error occurred: EOF when reading a line
Ask me anything: An error occurred: EOF when reading a line
Ask me anything: An error occurred: EOF when reading a line
Ask me anything: An error occurred: EOF when reading a line
Ask me anything: An error occurred: EOF when reading a line
Ask me anything: An error occurred: EOF when reading a line
Ask me anything: An error occurred: EOF when reading a line
Ask me anything: An error occurred: EOF when reading a line
Ask me anything: An error occurred: EOF when reading a line
Ask me anything: An error occurred: EOF when reading a line
Ask me anything: An error occurred: EOF when reading a line
Ask me anything: An error occurred: EOF when reading a line
Ask me anything: An error occurred: EOF when reading a line
Ask me anything: An error occurred: EOF when reading a line
Ask me anything: An error occurred: EOF when reading a line
Ask me anything: An error occurred: EOF when reading a line
Ask me anything: An error occurred: EOF when reading a line
Ask me anything: An error occurred: EOF when reading a line
Ask me anything: An error occurred: EOF when reading a line
Ask me anything: An error occurred: EOF when reading a line
Ask me anything: An error occurred: EOF when reading a line
Ask me anything: An error occurred: EOF when reading a line
Ask me anything: An error occurred: EOF when reading a line
Ask me anything: An error occurred: EOF when reading a line
Ask me anything: An error occurred: EOF when reading a line
Ask me anything: An error occurred: EOF when reading a line
Ask me anything: An error occurred: EOF when reading a line
Ask me anything: An error occurred: EOF when reading a line
Ask me anything: An error occurred: EOF when reading a line
Ask me anything: An error occurred: EOF when reading a line
Ask me anything: An error occurred: EOF when reading a line
Ask me anything: An error occurred: EOF when reading a line
Ask me anything: An error occurred: EOF when reading a line
Ask me anything: An error occurred: EOF when reading a line
Ask me anything: An error occurred: EOF when reading a line
Ask me anything: An error occurred: EOF when reading a line
Ask me anything: An error occurred: EOF when reading a line
Ask me anything: An error occurred: EOF when reading a line
Ask me anything: An error occurred: EOF when reading a line
Ask me anything: An error occurred: EOF when reading a line
Ask me anything: An error occurred: EOF when reading a line
Ask me anything: An error occurred: EOF when reading a line
Ask me anything: An error occurred: EOF when reading a line
Ask me anything: An error occurred: EOF when reading a line
Ask me anything: An error occurred: EOF when reading a line
Ask me anything: An error occurred: EOF when reading a line
Ask me anything: An error occurred: EOF when reading a line
Ask me anything: An error occurred: EOF when reading a line
Ask me anything: An error occurred: EOF when reading a line
Ask me anything: An error occurred: EOF when reading a line
Ask me anything: An error occurred: EOF when reading a line
Ask me anything: An error occurred: EOF when reading a line
Ask me anything: An error occurred: EOF when reading a line
Ask me anything: An error occurred: EOF when reading a line
Ask me anything: An error occurred: EOF when reading a line
Ask me anything: An error occurred: EOF when reading a line
Ask me anything: An error occurred: EOF when reading a line
Ask me anything: An error occurred: EOF when reading a line
Ask me anything: An error occurred: EOF when reading a line
Ask me anything: An error occurred: EOF when reading a line
Ask me anything: An error occurred: EOF when reading a line
Ask me anything: An error occurred: EOF when reading a line
Ask me anything: An error occurred: EOF when reading a line
Ask me anything: An error occurred: EOF when reading a line
Ask me anything: An error occurred: EOF when reading a line
Ask me anything: An error occurred: EOF when reading a line
Ask me anything: An error occurred: EOF when reading a line
Ask me anything: An error occurred: EOF when reading a line
Ask me anything: An error occurred: EOF when reading a line
Ask me anything: An error occurred: EOF when reading a line
Ask me anything: An error occurred: EOF when reading a line
Ask me anything: An error occurred: EOF when reading a line
Ask me anything: An error occurred: EOF when reading a line
Ask me anything: An error occurred: EOF when reading a line
Ask me anything: An error occurred: EOF when reading a line
Ask me anything: An error occurred: EOF when reading a line
Ask me anything: An error occurred: EOF when reading a line
Ask me anything: An error occurred: EOF when reading a line
Ask me anything: An error occurred: EOF when reading a line
Ask me anything: An error occurred: EOF when reading a line
Ask me anything: An error occurred: EOF when reading a line
Ask me anything: An error occurred: EOF when reading a line
Ask me anything: An error occurred: EOF when reading a line
Ask me anything: An error occurred: EOF when reading a line
Ask me anything: An error occurred: EOF when reading a line
Ask me anything: An error occurred: EOF when reading a line
Ask me anything: An error occurred: EOF when reading a line
Ask me anything: An error occurred: EOF when reading a line
Ask me anything: An error occurred: EOF when reading a line
Ask me anything: An error occurred: EOF when reading a line
Ask me anything: An error occurred: EOF when reading a line
Ask me anything: An error occurred: EOF when reading a line
Ask me anything: An error occurred: EOF when reading a line
Ask me anything: An error occurred: EOF when reading a line
Ask me anything: An error occurred: EOF when reading a line
Ask me anything: An error occurred: EOF when reading a line
Ask me anything: An error occurred: EOF when reading a line
Ask me anything: An error occurred: EOF when reading a line
Ask me anything: An error occurred: EOF when reading a line
Ask me anything: An error occurred: EOF when reading a line
Ask me anything: An error occurred: EOF when reading a line
Ask me anything: An error occurred: EOF when reading a line
Ask me anything: An error occurred: EOF when reading a line
Ask me anything: An error occurred: EOF when reading a line
Ask me anything: An error occurred: EOF when reading a line
Ask me anything: An error occurred: EOF when reading a line
Ask me anything: An error occurred: EOF when reading a line
Ask me anything: An error occurred: EOF when reading a line
Ask me anything: An error occurred: EOF when reading a line
Ask me anything: An error occurred: EOF when reading a line
Ask me anything: An error occurred: EOF when reading a line
Ask me anything: An error occurred: EOF when reading a line
Ask me anything: An error occurred: EOF when reading a line
Ask me anything: An error occurred: EOF when reading a line
Ask me anything: An error occurred: EOF when reading a line
Ask me anything: An error occurred: EOF when reading a line
Ask me anything: An error occurred: EOF when reading a line
Ask me anything: An error occurred: EOF when reading a line
Ask me anything: An error occurred: EOF when reading a line
Ask me anything: An error occurred: EOF when reading a line
Ask me anything: An error occurred: EOF when reading a line
Ask me anything: An error occurred: EOF when reading a line
Ask me anything: An error occurred: EOF when reading a line
Ask me anything: An error occurred: EOF when reading a line
Ask me anything: An error occurred: EOF when reading a line
Ask me anything: An error occurred: EOF when reading a line
Ask me anything: An error occurred: EOF when reading a line
Ask me anything: An error occurred: EOF when reading a line
Ask me anything: An error occurred: EOF when reading a line
Ask me anything: An error occurred: EOF when reading a line
Ask me anything: An error occurred: EOF when reading a line
Ask me anything: An error occurred: EOF when reading a line
Ask me anything: An error occurred: EOF when reading a line
Ask me anything: An error occurred: EOF when reading a line
Ask me anything: An error occurred: EOF when reading a line
Ask me anything: An error occurred: EOF when reading a line
Ask me anything: An error occurred: EOF when reading a line
Ask me anything: An error occurred: EOF when reading a line
Ask me anything: An error occurred: EOF when reading a line
Ask me anything: An error occurred: EOF when reading a line
Ask me anything: An error occurred: EOF when reading a line
Ask me anything: An error occurred: EOF when reading a line
Ask me anything: An error occurred: EOF when reading a line
Ask me anything: An error occurred: EOF when reading a line
Ask me anything: An error occurred: EOF when reading a line
Ask me anything: An error occurred: EOF when reading a line
Ask me anything: An error occurred: EOF when reading a line
Ask me anything: An error occurred: EOF when reading a line
Ask me anything: An error occurred: EOF when reading a line
Ask me anything: An error occurred: EOF when reading a line
Ask me anything: An error occurred: EOF when reading a line
Ask me anything: An error occurred: EOF when reading a line
Ask me anything: An error occurred: EOF when reading a line
Ask me anything: An error occurred: EOF when reading a line
Ask me anything: An error occurred: EOF when reading a line
Ask me anything: An error occurred: EOF when reading a line
Ask me anything: An error occurred: EOF when reading a line
Ask me anything: An error occurred: EOF when reading a line
Ask me anything: An error occurred: EOF when reading a line
Ask me anything: An error occurred: EOF when reading a line
Ask me anything: An error occurred: EOF when reading a line
Ask me anything: An error occurred: EOF when reading a line
Ask me anything: An error occurred: EOF when reading a line
Ask me anything: An error occurred: EOF when reading a line
Ask me anything: An error occurred: EOF when reading a line
Ask me anything: An error occurred: EOF when reading a line
Ask me anything: An error occurred: EOF when reading a line
Ask me anything: An error occurred: EOF when reading a line
Ask me anything: An error occurred: EOF when reading a line
Ask me anything: An error occurred: EOF when reading a line
Ask me anything: An error occurred: EOF when reading a line
Ask me anything: An error occurred: EOF when reading a line
Ask me anything: An error occurred: EOF when reading a line
Ask me anything: An error occurred: EOF when reading a line
Ask me anything: An error occurred: EOF when reading a line
Ask me anything: An error occurred: EOF when reading a line
Ask me anything: An error occurred: EOF when reading a line
Ask me anything: An error occurred: EOF when reading a line
Ask me anything: An error occurred: EOF when reading a line
Ask me anything: An error occurred: EOF when reading a line
Ask me anything: An error occurred: EOF when reading a line
Ask me anything: An error occurred: EOF when reading a line
Ask me anything: An error occurred: EOF when reading a line
Ask me anything: An error occurred: EOF when reading a line
Ask me anything: An error occurred: EOF when reading a line
Ask me anything: An error occurred: EOF when reading a line
Ask me anything: An error occurred: EOF when reading a line
Ask me anything: An error occurred: EOF when reading a line
Ask me anything: An error occurred: EOF when reading a line
Ask me anything: An error occurred: EOF when reading a line
Ask me anything: An error occurred: EOF when reading a line
Ask me anything: An error occurred: EOF when reading a line
Ask me anything: An error occurred: EOF when reading a line
Ask me anything: An error occurred: EOF when reading a line
Ask me anything: An error occurred: EOF when reading a line
Ask me anything: An error occurred: EOF when reading a line
Ask me anything: An error occurred: EOF when reading a line
Ask me anything: An error occurred: EOF when reading a line
Ask me anything: An error occurred: EOF when reading a line
Ask me anything: An error occurred: EOF when reading a line
Ask me anything: An error occurred: EOF when reading a line
Ask me anything: An error occurred: EOF when reading a line
Ask me anything: An error occurred: EOF when reading a line
Ask me anything: An error occurred: EOF when reading a line
Ask me anything: An error occurred: EOF when reading a line
Ask me anything: An error occurred: EOF when reading a line
Ask me anything: An error occurred: EOF when reading a line
Ask me anything: An error occurred: EOF when reading a line
Ask me anything: An error occurred: EOF when reading a line
Ask me anything: An error occurred: EOF when reading a line
Ask me anything: An error occurred: EOF when reading a line
Ask me anything: An error occurred: EOF when reading a line
Ask me anything: An error occurred: EOF when reading a line
Ask me anything: An error occurred: EOF when reading a line
Ask me anything: An error occurred: EOF when reading a line
Ask me anything: An error occurred: EOF when reading a line
Ask me anything: An error occurred: EOF when reading a line
Ask me anything: An error occurred: EOF when reading a line
Ask me anything: An error occurred: EOF when reading a line
Ask me anything: An error occurred: EOF when reading a line
Ask me anything: An error occurred: EOF when reading a line
Ask me anything: An error occurred: EOF when reading a line
Ask me anything: An error occurred: EOF when reading a line
Ask me anything: An error occurred: EOF when reading a line
Ask me anything: An error occurred: EOF when reading a line
Ask me anything: An error occurred: EOF when reading a line
Ask me anything: An error occurred: EOF when reading a line
Ask me anything: An error occurred: EOF when reading a line
Ask me anything: An error occurred: EOF when reading a line
Ask me anything: An error occurred: EOF when reading a line
Ask me anything: An error occurred: EOF when reading a line
Ask me anything: An error occurred: EOF when reading a line
Ask me anything: An error occurred: EOF when reading a line
Ask me anything: An error occurred: EOF when reading a line
Ask me anything: An error occurred: EOF when reading a line
Ask me anything: An error occurred: EOF when reading a line
Ask me anything: An error occurred: EOF when reading a line
Ask me anything: An error occurred: EOF when reading a line
Ask me anything: An error occurred: EOF when reading a line
Ask me anything: An error occurred: EOF when reading a line
Ask me anything: An error occurred: EOF when reading a line
Ask me anything: An error occurred: EOF when reading a line
Ask me anything: An error occurred: EOF when reading a line
Ask me anything: An error occurred: EOF when reading a line
Ask me anything: An error occurred: EOF when reading a line
Ask me anything: An error occurred: EOF when reading a line
Ask me anything: An error occurred: EOF when reading a line
Ask me anything: An error occurred: EOF when reading a line
Ask me anything: An error occurred: EOF when reading a line
Ask me anything: An error occurred: EOF when reading a line
Ask me anything: An error occurred: EOF when reading a line
Ask me anything: An error occurred: EOF when reading a line
Ask me anything: An error occurred: EOF when reading a line
Ask me anything: An error occurred: EOF when reading a line
Ask me anything: An error occurred: EOF when reading a line
Ask me anything: An error occurred: EOF when reading a line
Ask me anything: An error occurred: EOF when reading a line
Ask me anything: An error occurred: EOF when reading a line
Ask me anything: An error occurred: EOF when reading a line
Ask me anything: An error occurred: EOF when reading a line
Ask me anything: An error occurred: EOF when reading a line
Ask me anything: An error occurred: EOF when reading a line
Ask me anything: An error occurred: EOF when reading a line
Ask me anything: An error occurred: EOF when reading a line
Ask me anything: An error occurred: EOF when reading a line
Ask me anything: An error occurred: EOF when reading a line
Ask me anything: An error occurred: EOF when reading a line
Ask me anything: An error occurred: EOF when reading a line
Ask me anything: An error occurred: EOF when reading a line
Ask me anything: An error occurred: EOF when reading a line
Ask me anything: An error occurred: EOF when reading a line
Ask me anything: An error occurred: EOF when reading a line
Ask me anything: An error occurred: EOF when reading a line
Ask me anything: An error occurred: EOF when reading a line
Ask me anything: An error occurred: EOF when reading a line
Ask me anything: An error occurred: EOF when reading a line
Ask me anything: An error occurred: EOF when reading a line
Ask me anything: An error occurred: EOF when reading a line
Ask me anything: An error occurred: EOF when reading a line
Ask me anything: An error occurred: EOF when reading a line
Ask me anything: An error occurred: EOF when reading a line
Ask me anything: An error occurred: EOF when reading a line
Ask me anything: An error occurred: EOF when reading a line
Ask me anything: An error occurred: EOF when reading a line
Ask me anything: An error occurred: EOF when reading a line
Ask me anything: An error occurred: EOF when reading a line
Ask me anything: An error occurred: EOF when reading a line
Ask me anything: An error occurred: EOF when reading a line
Ask me anything: An error occurred: EOF when reading a line
Ask me anything: An error occurred: EOF when reading a line
Ask me anything: An error occurred: EOF when reading a line
Ask me anything: An error occurred: EOF when reading a line
Ask me anything: An error occurred: EOF when reading a line
Ask me anything: An error occurred: EOF when reading a line
Ask me anything: An error occurred: EOF when reading a line
Ask me anything: An error occurred: EOF when reading a line
Ask me anything: An error occurred: EOF when reading a line
Ask me anything: An error occurred: EOF when reading a line
Ask me anything: An error occurred: EOF when reading a line
Ask me anything: An error occurred: EOF when reading a line
Ask me anything: An error occurred: EOF when reading a line
Ask me anything: An error occurred: EOF when reading a line
Ask me anything: An error occurred: EOF when reading a line
Ask me anything: An error occurred: EOF when reading a line
Ask me anything: An error occurred: EOF when reading a line
Ask me anything: An error occurred: EOF when reading a line
Ask me anything: An error occurred: EOF when reading a line
Ask me anything: An error occurred: EOF when reading a line
Ask me anything: An error occurred: EOF when reading a line
Ask me anything: An error occurred: EOF when reading a line
Ask me anything: An error occurred: EOF when reading a line
Ask me anything: An error occurred: EOF when reading a line
Ask me anything: An error occurred: EOF when reading a line
Ask me anything: An error occurred: EOF when reading a line
Ask me anything: An error occurred: EOF when reading a line
Ask me anything: An error occurred: EOF when reading a line
Ask me anything: An error occurred: EOF when reading a line
Ask me anything: An error occurred: EOF when reading a line
Ask me anything: An error occurred: EOF when reading a line
Ask me anything: An error occurred: EOF when reading a line
Ask me anything: An error occurred: EOF when reading a line
Ask me anything: An error occurred: EOF when reading a line
Ask me anything: An error occurred: EOF when reading a line
Ask me anything: An error occurred: EOF when reading a line
Ask me anything: An error occurred: EOF when reading a line
Ask me anything: An error occurred: EOF when reading a line
Ask me anything: An error occurred: EOF when reading a line
Ask me anything: An error occurred: EOF when reading a line
Ask me anything: An error occurred: EOF when reading a line
Ask me anything: An error occurred: EOF when reading a line
Ask me anything: An error occurred: EOF when reading a line
Ask me anything: An error occurred: EOF when reading a line
Ask me anything: An error occurred: EOF when reading a line
Ask me anything: An error occurred: EOF when reading a line
Ask me anything: An error occurred: EOF when reading a line
Ask me anything: An error occurred: EOF when reading a line
Ask me anything: An error occurred: EOF when reading a line
Ask me anything: An error occurred: EOF when reading a line
Ask me anything: An error occurred: EOF when reading a line
Ask me anything: An error occurred: EOF when reading a line
Ask me anything: An error occurred: EOF when reading a line
Ask me anything: An error occurred: EOF when reading a line
Ask me anything: An error occurred: EOF when reading a line
Ask me anything: An error occurred: EOF when reading a line
Ask me anything: An error occurred: EOF when reading a line
Ask me anything: An error occurred: EOF when reading a line
Ask me anything: An error occurred: EOF when reading a line
Ask me anything: An error occurred: EOF when reading a line
Ask me anything: An error occurred: EOF when reading a line
Ask me anything: An error occurred: EOF when reading a line
Ask me anything: An error occurred: EOF when reading a line
Ask me anything: An error occurred: EOF when reading a line
Ask me anything: An error occurred: EOF when reading a line
Ask me anything: An error occurred: EOF when reading a line
Ask me anything: An error occurred: EOF when reading a line
Ask me anything: An error occurred: EOF when reading a line
Ask me anything: An error occurred: EOF when reading a line
Ask me anything: An error occurred: EOF when reading a line
Ask me anything: An error occurred: EOF when reading a line
Ask me anything: An error occurred: EOF when reading a line
Ask me anything: An error occurred: EOF when reading a line
Ask me anything: An error occurred: EOF when reading a line
Ask me anything: An error occurred: EOF when reading a line
Ask me anything: An error occurred: EOF when reading a line
Ask me anything: An error occurred: EOF when reading a line
Ask me anything: An error occurred: EOF when reading a line
Ask me anything: An error occurred: EOF when reading a line
Ask me anything: An error occurred: EOF when reading a line
Ask me anything: An error occurred: EOF when reading a line
Ask me anything: An error occurred: EOF when reading a line
Ask me anything: An error occurred: EOF when reading a line
Ask me anything: An error occurred: EOF when reading a line
Ask me anything: An error occurred: EOF when reading a line
Ask me anything: An error occurred: EOF when reading a line
Ask me anything: An error occurred: EOF when reading a line
Ask me anything: An error occurred: EOF when reading a line
Ask me anything: An error occurred: EOF when reading a line
Ask me anything: An error occurred: EOF when reading a line
Ask me anything: An error occurred: EOF when reading a line
Ask me anything: An error occurred: EOF when reading a line
Ask me anything: An error occurred: EOF when reading a line
Ask me anything: An error occurred: EOF when reading a line
Ask me anything: An error occurred: EOF when reading a line
Ask me anything: An error occurred: EOF when reading a line
Ask me anything: An error occurred: EOF when reading a line
Ask me anything: An error occurred: EOF when reading a line
Ask me anything: An error occurred: EOF when reading a line
Ask me anything: An error occurred: EOF when reading a line
Ask me anything: An error occurred: EOF when reading a line
Ask me anything: An error occurred: EOF when reading a line
Ask me anything: An error occurred: EOF when reading a line
Ask me anything: An error occurred: EOF when reading a line
Ask me anything: An error occurred: EOF when reading a line
Ask me anything: An error occurred: EOF when reading a line
Ask me anything: An error occurred: EOF when reading a line
Ask me anything: An error occurred: EOF when reading a line
Ask me anything: An error occurred: EOF when reading a line
Ask me anything: An error occurred: EOF when reading a line
Ask me anything: An error occurred: EOF when reading a line
Ask me anything: An error occurred: EOF when reading a line
Ask me anything: An error occurred: EOF when reading a line
Ask me anything: An error occurred: EOF when reading a line
Ask me anything: An error occurred: EOF when reading a line
Ask me anything: An error occurred: EOF when reading a line
Ask me anything: An error occurred: EOF when reading a line
Ask me anything: An error occurred: EOF when reading a line
Ask me anything: An error occurred: EOF when reading a line
Ask me anything: An error occurred: EOF when reading a line
Ask me anything: An error occurred: EOF when reading a line
Ask me anything: An error occurred: EOF when reading a line
Ask me anything: An error occurred: EOF when reading a line
Ask me anything: An error occurred: EOF when reading a line
Ask me anything: An error occurred: EOF when reading a line
Ask me anything: An error occurred: EOF when reading a line
Ask me anything: An error occurred: EOF when reading a line
Ask me anything: An error occurred: EOF when reading a line
Ask me anything: An error occurred: EOF when reading a line
Ask me anything: An error occurred: EOF when reading a line
Ask me anything: An error occurred: EOF when reading a line
Ask me anything: An error occurred: EOF when reading a line
Ask me anything: An error occurred: EOF when reading a line
Ask me anything: An error occurred: EOF when reading a line
Ask me anything: An error occurred: EOF when reading a line
Ask me anything: An error occurred: EOF when reading a line
Ask me anything: An error occurred: EOF when reading a line
Ask me anything: An error occurred: EOF when reading a line
Ask me anything: An error occurred: EOF when reading a line
Ask me anything: An error occurred: EOF when reading a line
Ask me anything: An error occurred: EOF when reading a line
Ask me anything: An error occurred: EOF when reading a line
Ask me anything: An error occurred: EOF when reading a line
Ask me anything: An error occurred: EOF when reading a line
Ask me anything: An error occurred: EOF when reading a line
Ask me anything: An error occurred: EOF when reading a line
Ask me anything: An error occurred: EOF when reading a line
Ask me anything: An error occurred: EOF when reading a line
Ask me anything: An error occurred: EOF when reading a line
Ask me anything: An error occurred: EOF when reading a line
Ask me anything: An error occurred: EOF when reading a line
Ask me anything: An error occurred: EOF when reading a line
Ask me anything: An error occurred: EOF when reading a line
Ask me anything: An error occurred: EOF when reading a line
Ask me anything: An error occurred: EOF when reading a line
Ask me anything: An error occurred: EOF when reading a line
Ask me anything: An error occurred: EOF when reading a line
Ask me anything: An error occurred: EOF when reading a line
Ask me anything: An error occurred: EOF when reading a line
Ask me anything: An error occurred: EOF when reading a line
Ask me anything: An error occurred: EOF when reading a line
Ask me anything: An error occurred: EOF when reading a line
Ask me anything: An error occurred: EOF when reading a line
Ask me anything: An error occurred: EOF when reading a line
Ask me anything: An error occurred: EOF when reading a line
Ask me anything: An error occurred: EOF when reading a line
Ask me anything: An error occurred: EOF when reading a line
Ask me anything: An error occurred: EOF when reading a line
Ask me anything: An error occurred: EOF when reading a line
Ask me anything: An error occurred: EOF when reading a line
Ask me anything: An error occurred: EOF when reading a line
Ask me anything: An error occurred: EOF when reading a line
Ask me anything: An error occurred: EOF when reading a line
Ask me anything: An error occurred: EOF when reading a line
Ask me anything: An error occurred: EOF when reading a line
Ask me anything: An error occurred: EOF when reading a line
Ask me anything: An error occurred: EOF when reading a line
Ask me anything: An error occurred: EOF when reading a line
Ask me anything: An error occurred: EOF when reading a line
Ask me anything: An error occurred: EOF when reading a line
Ask me anything: An error occurred: EOF when reading a line
Ask me anything: An error occurred: EOF when reading a line
Ask me anything: An error occurred: EOF when reading a line
Ask me anything: An error occurred: EOF when reading a line
Ask me anything: An error occurred: EOF when reading a line
Ask me anything: An error occurred: EOF when reading a line
Ask me anything: An error occurred: EOF when reading a line
Ask me anything: An error occurred: EOF when reading a line
Ask me anything: An error occurred: EOF when reading a line
Ask me anything: An error occurred: EOF when reading a line
Ask me anything: An error occurred: EOF when reading a line
Ask me anything: An error occurred: EOF when reading a line
Ask me anything: An error occurred: EOF when reading a line
Ask me anything: An error occurred: EOF when reading a line
Ask me anything: An error occurred: EOF when reading a line
Ask me anything: An error occurred: EOF when reading a line
Ask me anything: An error occurred: EOF when reading a line
Ask me anything: An error occurred: EOF when reading a line
Ask me anything: An error occurred: EOF when reading a line
Ask me anything: An error occurred: EOF when reading a line
Ask me anything: An error occurred: EOF when reading a line
Ask me anything: An error occurred: EOF when reading a line
Ask me anything: An error occurred: EOF when reading a line
Ask me anything: An error occurred: EOF when reading a line
Ask me anything: An error occurred: EOF when reading a line
Ask me anything: An error occurred: EOF when reading a line
Ask me anything: An error occurred: EOF when reading a line
Ask me anything: An error occurred: EOF when reading a line
Ask me anything: An error occurred: EOF when reading a line
Ask me anything: An error occurred: EOF when reading a line
Ask me anything: An error occurred: EOF when reading a line
Ask me anything: An error occurred: EOF when reading a line
Ask me anything: An error occurred: EOF when reading a line
Ask me anything: An error occurred: EOF when reading a line
Ask me anything: An error occurred: EOF when reading a line
Ask me anything: An error occurred: EOF when reading a line
Ask me anything: An error occurred: EOF when reading a line
Ask me anything: An error occurred: EOF when reading a line
Ask me anything: An error occurred: EOF when reading a line
Ask me anything: An error occurred: EOF when reading a line
Ask me anything: An error occurred: EOF when reading a line
Ask me anything: An error occurred: EOF when reading a line
Ask me anything: An error occurred: EOF when reading a line
Ask me anything: An error occurred: EOF when reading a line
Ask me anything: An error occurred: EOF when reading a line
Ask me anything: An error occurred: EOF when reading a line
Ask me anything: An error occurred: EOF when reading a line
Ask me anything: An error occurred: EOF when reading a line
Ask me anything: An error occurred: EOF when reading a line
Ask me anything: An error occurred: EOF when reading a line
Ask me anything: An error occurred: EOF when reading a line
Ask me anything: An error occurred: EOF when reading a line
Ask me anything: An error occurred: EOF when reading a line
Ask me anything: An error occurred: EOF when reading a line
Ask me anything: An error occurred: EOF when reading a line
Ask me anything: An error occurred: EOF when reading a line
Ask me anything: An error occurred: EOF when reading a line
Ask me anything: An error occurred: EOF when reading a line
Ask me anything: An error occurred: EOF when reading a line
Ask me anything: An error occurred: EOF when reading a line
Ask me anything: An error occurred: EOF when reading a line
Ask me anything: An error occurred: EOF when reading a line
Ask me anything: An error occurred: EOF when reading a line
Ask me anything: An error occurred: EOF when reading a line
Ask me anything: An error occurred: EOF when reading a line
Ask me anything: An error occurred: EOF when reading a line
Ask me anything: An error occurred: EOF when reading a line
Ask me anything: An error occurred: EOF when reading a line
Ask me anything: An error occurred: EOF when reading a line
Ask me anything: An error occurred: EOF when reading a line
Ask me anything: An error occurred: EOF when reading a line
Ask me anything: An error occurred: EOF when reading a line
Ask me anything: An error occurred: EOF when reading a line
Ask me anything: An error occurred: EOF when reading a line
Ask me anything: An error occurred: EOF when reading a line
Ask me anything: An error occurred: EOF when reading a line
Ask me anything: An error occurred: EOF when reading a line
Ask me anything: An error occurred: EOF when reading a line
Ask me anything: An error occurred: EOF when reading a line
Ask me anything: An error occurred: EOF when reading a line
Ask me anything: An error occurred: EOF when reading a line
Ask me anything: An error occurred: EOF when reading a line
Ask me anything: An error occurred: EOF when reading a line
Ask me anything: An error occurred: EOF when reading a line
Ask me anything: An error occurred: EOF when reading a line
Ask me anything: An error occurred: EOF when reading a line
Ask me anything: An error occurred: EOF when reading a line
Ask me anything: An error occurred: EOF when reading a line
Ask me anything: An error occurred: EOF when reading a line
Ask me anything: An error occurred: EOF when reading a line
Ask me anything: An error occurred: EOF when reading a line
Ask me anything: An error occurred: EOF when reading a line
Ask me anything: An error occurred: EOF when reading a line
Ask me anything: An error occurred: EOF when reading a line
Ask me anything: An error occurred: EOF when reading a line
Ask me anything: An error occurred: EOF when reading a line
Ask me anything: An error occurred: EOF when reading a line
Ask me anything: An error occurred: EOF when reading a line
Ask me anything: An error occurred: EOF when reading a line
Ask me anything: An error occurred: EOF when reading a line
Ask me anything: An error occurred: EOF when reading a line
Ask me anything: An error occurred: EOF when reading a line
Ask me anything: An error occurred: EOF when reading a line
Ask me anything: An error occurred: EOF when reading a line
Ask me anything: An error occurred: EOF when reading a line
Ask me anything: An error occurred: EOF when reading a line
Ask me anything: An error occurred: EOF when reading a line
Ask me anything: An error occurred: EOF when reading a line
Ask me anything: An error occurred: EOF when reading a line
Ask me anything: An error occurred: EOF when reading a line
Ask me anything: An error occurred: EOF when reading a line
Ask me anything: An error occurred: EOF when reading a line
Ask me anything: An error occurred: EOF when reading a line
Ask me anything: An error occurred: EOF when reading a line
Ask me anything: An error occurred: EOF when reading a line
Ask me anything: An error occurred: EOF when reading a line
Ask me anything: An error occurred: EOF when reading a line
Ask me anything: An error occurred: EOF when reading a line
Ask me anything: An error occurred: EOF when reading a line
Ask me anything: An error occurred: EOF when reading a line
Ask me anything: An error occurred: EOF when reading a line
Ask me anything: An error occurred: EOF when reading a line
Ask me anything: An error occurred: EOF when reading a line
Ask me anything: An error occurred: EOF when reading a line
Ask me anything: An error occurred: EOF when reading a line
Ask me anything: An error occurred: EOF when reading a line
Ask me anything: An error occurred: EOF when reading a line
Ask me anything: An error occurred: EOF when reading a line
Ask me anything: An error occurred: EOF when reading a line
Ask me anything: An error occurred: EOF when reading a line
Ask me anything: An error occurred: EOF when reading a line
Ask me anything: An error occurred: EOF when reading a line
Ask me anything: An error occurred: EOF when reading a line
Ask me anything: An error occurred: EOF when reading a line
Ask me anything: An error occurred: EOF when reading a line
Ask me anything: An error occurred: EOF when reading a line
Ask me anything: An error occurred: EOF when reading a line
Ask me anything: An error occurred: EOF when reading a line
Ask me anything: An error occurred: EOF when reading a line
Ask me anything: An error occurred: EOF when reading a line
Ask me anything: An error occurred: EOF when reading a line
Ask me anything: An error occurred: EOF when reading a line
Ask me anything: An error occurred: EOF when reading a line
Ask me anything: An error occurred: EOF when reading a line
Ask me anything: An error occurred: EOF when reading a line
Ask me anything: An error occurred: EOF when reading a line
Ask me anything: An error occurred: EOF when reading a line
Ask me anything: An error occurred: EOF when reading a line
Ask me anything: An error occurred: EOF when reading a line
Ask me anything: An error occurred: EOF when reading a line
Ask me anything: An error occurred: EOF when reading a line
Ask me anything: An error occurred: EOF when reading a line
Ask me anything: An error occurred: EOF when reading a line
Ask me anything: An error occurred: EOF when reading a line
Ask me anything: An error occurred: EOF when reading a line
Ask me anything: An error occurred: EOF when reading a line
Ask me anything: An error occurred: EOF when reading a line
Ask me anything: An error occurred: EOF when reading a line
Ask me anything: An error occurred: EOF when reading a line
Ask me anything: An error occurred: EOF when reading a line
Ask me anything: An error occurred: EOF when reading a line
Ask me anything: An error occurred: EOF when reading a line
Ask me anything: An error occurred: EOF when reading a line
Ask me anything: An error occurred: EOF when reading a line
Ask me anything: An error occurred: EOF when reading a line
Ask me anything: An error occurred: EOF when reading a line
Ask me anything: An error occurred: EOF when reading a line
Ask me anything: An error occurred: EOF when reading a line
Ask me anything: An error occurred: EOF when reading a line
Ask me anything: An error occurred: EOF when reading a line
Ask me anything: An error occurred: EOF when reading a line
Ask me anything: An error occurred: EOF when reading a line
Ask me anything: An error occurred: EOF when reading a line
Ask me anything: An error occurred: EOF when reading a line
Ask me anything: An error occurred: EOF when reading a line
Ask me anything: An error occurred: EOF when reading a line
Ask me anything: An error occurred: EOF when reading a line
Ask me anything: An error occurred: EOF when reading a line
Ask me anything: An error occurred: EOF when reading a line
Ask me anything: An error occurred: EOF when reading a line
Ask me anything: An error occurred: EOF when reading a line
Ask me anything: An error occurred: EOF when reading a line
Ask me anything: An error occurred: EOF when reading a line
Ask me anything: An error occurred: EOF when reading a line
Ask me anything: An error occurred: EOF when reading a line
Ask me anything: An error occurred: EOF when reading a line
Ask me anything: An error occurred: EOF when reading a line
Ask me anything: An error occurred: EOF when reading a line
Ask me anything: An error occurred: EOF when reading a line
Ask me anything: An error occurred: EOF when reading a line
Ask me anything: An error occurred: EOF when reading a line
Ask me anything: An error occurred: EOF when reading a line
Ask me anything: An error occurred: EOF when reading a line
Ask me anything: An error occurred: EOF when reading a line
Ask me anything: An error occurred: EOF when reading a line
Ask me anything: An error occurred: EOF when reading a line
Ask me anything: An error occurred: EOF when reading a line
Ask me anything: An error occurred: EOF when reading a line
Ask me anything: An error occurred: EOF when reading a line
Ask me anything: An error occurred: EOF when reading a line
Ask me anything: An error occurred: EOF when reading a line
Ask me anything: An error occurred: EOF when reading a line
Ask me anything: An error occurred: EOF when reading a line
Ask me anything: An error occurred: EOF when reading a line
Ask me anything: An error occurred: EOF when reading a line
Ask me anything: An error occurred: EOF when reading a line
Ask me anything: An error occurred: EOF when reading a line
Ask me anything: An error occurred: EOF when reading a line
Ask me anything: An error occurred: EOF when reading a line
Ask me anything: An error occurred: EOF when reading a line
Ask me anything: An error occurred: EOF when reading a line
Ask me anything: An error occurred: EOF when reading a line
Ask me anything: An error occurred: EOF when reading a line
Ask me anything: An error occurred: EOF when reading a line
Ask me anything: An error occurred: EOF when reading a line
Ask me anything: An error occurred: EOF when reading a line
Ask me anything: An error occurred: EOF when reading a line
Ask me anything: An error occurred: EOF when reading a line
Ask me anything: An error occurred: EOF when reading a line
Ask me anything: An error occurred: EOF when reading a line
Ask me anything: An error occurred: EOF when reading a line
Ask me anything: An error occurred: EOF when reading a line
Ask me anything: An error occurred: EOF when reading a line
Ask me anything: An error occurred: EOF when reading a line
Ask me anything: An error occurred: EOF when reading a line
Ask me anything: An error occurred: EOF when reading a line
Ask me anything: An error occurred: EOF when reading a line
Ask me anything: An error occurred: EOF when reading a line
Ask me anything: An error occurred: EOF when reading a line
Ask me anything: An error occurred: EOF when reading a line
Ask me anything: An error occurred: EOF when reading a line
Ask me anything: An error occurred: EOF when reading a line
Ask me anything: An error occurred: EOF when reading a line
Ask me anything: An error occurred: EOF when reading a line
Ask me anything: An error occurred: EOF when reading a line
Ask me anything: An error occurred: EOF when reading a line
Ask me anything: An error occurred: EOF when reading a line
Ask me anything: An error occurred: EOF when reading a line
Ask me anything: An error occurred: EOF when reading a line
Ask me anything: An error occurred: EOF when reading a line
Ask me anything: An error occurred: EOF when reading a line
Ask me anything: An error occurred: EOF when reading a line
Ask me anything: An error occurred: EOF when reading a line
Ask me anything: An error occurred: EOF when reading a line
Ask me anything: An error occurred: EOF when reading a line
Ask me anything: An error occurred: EOF when reading a line
Ask me anything: An error occurred: EOF when reading a line
Ask me anything: An error occurred: EOF when reading a line
Ask me anything: An error occurred: EOF when reading a line
Ask me anything: An error occurred: EOF when reading a line
Ask me anything: An error occurred: EOF when reading a line
Ask me anything: An error occurred: EOF when reading a line
Ask me anything: An error occurred: EOF when reading a line
Ask me anything: An error occurred: EOF when reading a line
Ask me anything: An error occurred: EOF when reading a line
Ask me anything: An error occurred: EOF when reading a line
Ask me anything: An error occurred: EOF when reading a line
Ask me anything: An error occurred: EOF when reading a line
Ask me anything: An error occurred: EOF when reading a line
Ask me anything: An error occurred: EOF when reading a line
Ask me anything: An error occurred: EOF when reading a line
Ask me anything: An error occurred: EOF when reading a line
Ask me anything: An error occurred: EOF when reading a line
Ask me anything: An error occurred: EOF when reading a line
Ask me anything: An error occurred: EOF when reading a line
Ask me anything: An error occurred: EOF when reading a line
Ask me anything: An error occurred: EOF when reading a line
Ask me anything: An error occurred: EOF when reading a line
Ask me anything: An error occurred: EOF when reading a line
Ask me anything: An error occurred: EOF when reading a line
Ask me anything: An error occurred: EOF when reading a line
Ask me anything: An error occurred: EOF when reading a line
Ask me anything: An error occurred: EOF when reading a line
Ask me anything: An error occurred: EOF when reading a line
Ask me anything: An error occurred: EOF when reading a line
Ask me anything: An error occurred: EOF when reading a line
Ask me anything: An error occurred: EOF when reading a line
Ask me anything: An error occurred: EOF when reading a line
Ask me anything: An error occurred: EOF when reading a line
Ask me anything: An error occurred: EOF when reading a line
Ask me anything: An error occurred: EOF when reading a line
Ask me anything: An error occurred: EOF when reading a line
Ask me anything: An error occurred: EOF when reading a line
Ask me anything: An error occurred: EOF when reading a line
Ask me anything: An error occurred: EOF when reading a line
Ask me anything: An error occurred: EOF when reading a line
Ask me anything: An error occurred: EOF when reading a line
Ask me anything: An error occurred: EOF when reading a line
Ask me anything: An error occurred: EOF when reading a line
Ask me anything: An error occurred: EOF when reading a line
Ask me anything: An error occurred: EOF when reading a line
Ask me anything: An error occurred: EOF when reading a line
Ask me anything: An error occurred: EOF when reading a line
Ask me anything: An error occurred: EOF when reading a line
Ask me anything: An error occurred: EOF when reading a line
Ask me anything: An error occurred: EOF when reading a line
Ask me anything: An error occurred: EOF when reading a line
Ask me anything: An error occurred: EOF when reading a line
Ask me anything: An error occurred: EOF when reading a line
Ask me anything: An error occurred: EOF when reading a line
Ask me anything: An error occurred: EOF when reading a line
Ask me anything: An error occurred: EOF when reading a line
Ask me anything: An error occurred: EOF when reading a line
Ask me anything: An error occurred: EOF when reading a line
Ask me anything: An error occurred: EOF when reading a line
Ask me anything: An error occurred: EOF when reading a line
Ask me anything: An error occurred: EOF when reading a line
Ask me anything: An error occurred: EOF when reading a line
Ask me anything: An error occurred: EOF when reading a line
Ask me anything: An error occurred: EOF when reading a line
Ask me anything: An error occurred: EOF when reading a line
Ask me anything: An error occurred: EOF when reading a line
Ask me anything: An error occurred: EOF when reading a line
Ask me anything: An error occurred: EOF when reading a line
Ask me anything: An error occurred: EOF when reading a line
Ask me anything: An error occurred: EOF when reading a line
Ask me anything: An error occurred: EOF when reading a line
Ask me anything: An error occurred: EOF when reading a line
Ask me anything: An error occurred: EOF when reading a line
Ask me anything: An error occurred: EOF when reading a line
Ask me anything: An error occurred: EOF when reading a line
Ask me anything: An error occurred: EOF when reading a line
Ask me anything: An error occurred: EOF when reading a line
Ask me anything: An error occurred: EOF when reading a line
Ask me anything: An error occurred: EOF when reading a line
Ask me anything: An error occurred: EOF when reading a line
Ask me anything: An error occurred: EOF when reading a line
Ask me anything: An error occurred: EOF when reading a line
Ask me anything: An error occurred: EOF when reading a line
Ask me anything: An error occurred: EOF when reading a line
Ask me anything: An error occurred: EOF when reading a line
Ask me anything: An error occurred: EOF when reading a line
Ask me anything: An error occurred: EOF when reading a line
Ask me anything: An error occurred: EOF when reading a line
Ask me anything: An error occurred: EOF when reading a line
Ask me anything: An error occurred: EOF when reading a line
Ask me anything: An error occurred: EOF when reading a line
Ask me anything: An error occurred: EOF when reading a line
Ask me anything: An error occurred: EOF when reading a line
Ask me anything: An error occurred: EOF when reading a line
Ask me anything: An error occurred: EOF when reading a line
Ask me anything: An error occurred: EOF when reading a line
Ask me anything: An error occurred: EOF when reading a line
Ask me anything: An error occurred: EOF when reading a line
Ask me anything: An error occurred: EOF when reading a line
Ask me anything: An error occurred: EOF when reading a line
Ask me anything: An error occurred: EOF when reading a line
Ask me anything: An error occurred: EOF when reading a line
Ask me anything: An error occurred: EOF when reading a line
Ask me anything: An error occurred: EOF when reading a line
Ask me anything: An error occurred: EOF when reading a line
Ask me anything: An error occurred: EOF when reading a line
Ask me anything: An error occurred: EOF when reading a line
Ask me anything: An error occurred: EOF when reading a line
Ask me anything: An error occurred: EOF when reading a line
Ask me anything: An error occurred: EOF when reading a line
Ask me anything: An error occurred: EOF when reading a line
Ask me anything: An error occurred: EOF when reading a line
Ask me anything: An error occurred: EOF when reading a line
Ask me anything: An error occurred: EOF when reading a line
Ask me anything: An error occurred: EOF when reading a line
Ask me anything: An error occurred: EOF when reading a line
Ask me anything: An error occurred: EOF when reading a line
Ask me anything: An error occurred: EOF when reading a line
Ask me anything: An error occurred: EOF when reading a line
Ask me anything: An error occurred: EOF when reading a line
Ask me anything: An error occurred: EOF when reading a line
Ask me anything: An error occurred: EOF when reading a line
Ask me anything: An error occurred: EOF when reading a line
Ask me anything: An error occurred: EOF when reading a line
Ask me anything: An error occurred: EOF when reading a line
Ask me anything: An error occurred: EOF when reading a line
Ask me anything: An error occurred: EOF when reading a line
Ask me anything: An error occurred: EOF when reading a line
Ask me anything: An error occurred: EOF when reading a line
Ask me anything: An error occurred: EOF when reading a line
Ask me anything: An error occurred: EOF when reading a line
Ask me anything: An error occurred: EOF when reading a line
Ask me anything: An error occurred: EOF when reading a line
Ask me anything: An error occurred: EOF when reading a line
Ask me anything: An error occurred: EOF when reading a line
Ask me anything: An error occurred: EOF when reading a line
Ask me anything: An error occurred: EOF when reading a line
Ask me anything: An error occurred: EOF when reading a line
Ask me anything: An error occurred: EOF when reading a line
Ask me anything: An error occurred: EOF when reading a line
Ask me anything: An error occurred: EOF when reading a line
Ask me anything: An error occurred: EOF when reading a line
Ask me anything: An error occurred: EOF when reading a line
Ask me anything: An error occurred: EOF when reading a line
Ask me anything: An error occurred: EOF when reading a line
Ask me anything: An error occurred: EOF when reading a line
Ask me anything: An error occurred: EOF when reading a line
Ask me anything: An error occurred: EOF when reading a line
Ask me anything: An error occurred: EOF when reading a line
Ask me anything: An error occurred: EOF when reading a line
Ask me anything: An error occurred: EOF when reading a line
Ask me anything: An error occurred: EOF when reading a line
Ask me anything: An error occurred: EOF when reading a line
Ask me anything: An error occurred: EOF when reading a line
Ask me anything: An error occurred: EOF when reading a line
Ask me anything: An error occurred: EOF when reading a line
Ask me anything: An error occurred: EOF when reading a line
Ask me anything: An error occurred: EOF when reading a line
Ask me anything: An error occurred: EOF when reading a line
Ask me anything: An error occurred: EOF when reading a line
Ask me anything: An error occurred: EOF when reading a line
Ask me anything: An error occurred: EOF when reading a line
Ask me anything: An error occurred: EOF when reading a line
Ask me anything: An error occurred: EOF when reading a line
Ask me anything: An error occurred: EOF when reading a line
Ask me anything: An error occurred: EOF when reading a line
Ask me anything: An error occurred: EOF when reading a line
Ask me anything: An error occurred: EOF when reading a line
Ask me anything: An error occurred: EOF when reading a line
Ask me anything: An error occurred: EOF when reading a line
Ask me anything: An error occurred: EOF when reading a line
Ask me anything: An error occurred: EOF when reading a line
Ask me anything: An error occurred: EOF when reading a line
Ask me anything: An error occurred: EOF when reading a line
Ask me anything: An error occurred: EOF when reading a line
Ask me anything: An error occurred: EOF when reading a line
Ask me anything: An error occurred: EOF when reading a line
Ask me anything: An error occurred: EOF when reading a line
Ask me anything: An error occurred: EOF when reading a line
Ask me anything: An error occurred: EOF when reading a line
Ask me anything: An error occurred: EOF when reading a line
Ask me anything: An error occurred: EOF when reading a line
Ask me anything: An error occurred: EOF when reading a line
Ask me anything: An error occurred: EOF when reading a line
Ask me anything: An error occurred: EOF when reading a line
Ask me anything: An error occurred: EOF when reading a line
Ask me anything: An error occurred: EOF when reading a line
Ask me anything: An error occurred: EOF when reading a line
Ask me anything: An error occurred: EOF when reading a line
Ask me anything: An error occurred: EOF when reading a line
Ask me anything: An error occurred: EOF when reading a line
Ask me anything: An error occurred: EOF when reading a line
Ask me anything: An error occurred: EOF when reading a line
Ask me anything: An error occurred: EOF when reading a line
Ask me anything: An error occurred: EOF when reading a line
Ask me anything: An error occurred: EOF when reading a line
Ask me anything: An error occurred: EOF when reading a line
Ask me anything: An error occurred: EOF when reading a line
Ask me anything: An error occurred: EOF when reading a line
Ask me anything: An error occurred: EOF when reading a line
Ask me anything: An error occurred: EOF when reading a line
Ask me anything: An error occurred: EOF when reading a line
Ask me anything: An error occurred: EOF when reading a line
Ask me anything: An error occurred: EOF when reading a line
Ask me anything: An error occurred: EOF when reading a line
Ask me anything: An error occurred: EOF when reading a line
Ask me anything: An error occurred: EOF when reading a line
Ask me anything: An error occurred: EOF when reading a line
Ask me anything: An error occurred: EOF when reading a line
Ask me anything: An error occurred: EOF when reading a line
Ask me anything: An error occurred: EOF when reading a line
Ask me anything: An error occurred: EOF when reading a line
Ask me anything: An error occurred: EOF when reading a line
Ask me anything: An error occurred: EOF when reading a line
Ask me anything: An error occurred: EOF when reading a line
Ask me anything: An error occurred: EOF when reading a line
Ask me anything: An error occurred: EOF when reading a line
Ask me anything: An error occurred: EOF when reading a line
Ask me anything: An error occurred: EOF when reading a line
Ask me anything: An error occurred: EOF when reading a line
Ask me anything: An error occurred: EOF when reading a line
Ask me anything: An error occurred: EOF when reading a line
Ask me anything: An error occurred: EOF when reading a line
Ask me anything: An error occurred: EOF when reading a line
Ask me anything: An error occurred: EOF when reading a line
Ask me anything: An error occurred: EOF when reading a line
Ask me anything: An error occurred: EOF when reading a line
Ask me anything: An error occurred: EOF when reading a line
Ask me anything: An error occurred: EOF when reading a line
Ask me anything: An error occurred: EOF when reading a line
Ask me anything: An error occurred: EOF when reading a line
Ask me anything: An error occurred: EOF when reading a line
Ask me anything: An error occurred: EOF when reading a line
Ask me anything: An error occurred: EOF when reading a line
Ask me anything: An error occurred: EOF when reading a line
Ask me anything: An error occurred: EOF when reading a line
Ask me anything: An error occurred: EOF when reading a line
Ask me anything: An error occurred: EOF when reading a line
Ask me anything: An error occurred: EOF when reading a line
Ask me anything: An error occurred: EOF when reading a line
Ask me anything: An error occurred: EOF when reading a line
Ask me anything: An error occurred: EOF when reading a line
Ask me anything: An error occurred: EOF when reading a line
Ask me anything: An error occurred: EOF when reading a line
Ask me anything: An error occurred: EOF when reading a line
Ask me anything: An error occurred: EOF when reading a line
Ask me anything: An error occurred: EOF when reading a line
Ask me anything: An error occurred: EOF when reading a line
Ask me anything: An error occurred: EOF when reading a line
Ask me anything: An error occurred: EOF when reading a line
Ask me anything: An error occurred: EOF when reading a line
Ask me anything: An error occurred: EOF when reading a line
Ask me anything: An error occurred: EOF when reading a line
Ask me anything: An error occurred: EOF when reading a line
Ask me anything: An error occurred: EOF when reading a line
Ask me anything: An error occurred: EOF when reading a line
Ask me anything: An error occurred: EOF when reading a line
Ask me anything: An error occurred: EOF when reading a line
Ask me anything: An error occurred: EOF when reading a line
Ask me anything: An error occurred: EOF when reading a line
Ask me anything: An error occurred: EOF when reading a line
Ask me anything: An error occurred: EOF when reading a line
Ask me anything: An error occurred: EOF when reading a line
Ask me anything: An error occurred: EOF when reading a line
Ask me anything: An error occurred: EOF when reading a line
Ask me anything: An error occurred: EOF when reading a line
Ask me anything: An error occurred: EOF when reading a line
Ask me anything: An error occurred: EOF when reading a line
Ask me anything: An error occurred: EOF when reading a line
Ask me anything: An error occurred: EOF when reading a line
Ask me anything: An error occurred: EOF when reading a line
Ask me anything: An error occurred: EOF when reading a line
Ask me anything: An error occurred: EOF when reading a line
Ask me anything: An error occurred: EOF when reading a line
Ask me anything: An error occurred: EOF when reading a line
Ask me anything: An error occurred: EOF when reading a line
Ask me anything: An error occurred: EOF when reading a line
Ask me anything: An error occurred: EOF when reading a line
Ask me anything: An error occurred: EOF when reading a line
Ask me anything: An error occurred: EOF when reading a line
Ask me anything: An error occurred: EOF when reading a line
Ask me anything: An error occurred: EOF when reading a line
Ask me anything: An error occurred: EOF when reading a line
Ask me anything: An error occurred: EOF when reading a line
Ask me anything: An error occurred: EOF when reading a line
Ask me anything: An error occurred: EOF when reading a line
Ask me anything: An error occurred: EOF when reading a line
Ask me anything: An error occurred: EOF when reading a line
Ask me anything: An error occurred: EOF when reading a line
Ask me anything: An error occurred: EOF when reading a line
Ask me anything: An error occurred: EOF when reading a line
Ask me anything: An error occurred: EOF when reading a line
Ask me anything: An error occurred: EOF when reading a line
Ask me anything: An error occurred: EOF when reading a line
Ask me anything: An error occurred: EOF when reading a line
Ask me anything: An error occurred: EOF when reading a line
Ask me anything: An error occurred: EOF when reading a line
Ask me anything: An error occurred: EOF when reading a line
Ask me anything: An error occurred: EOF when reading a line
Ask me anything: An error occurred: EOF when reading a line
Ask me anything: An error occurred: EOF when reading a line
Ask me anything: An error occurred: EOF when reading a line
Ask me anything: An error occurred: EOF when reading a line
Ask me anything: An error occurred: EOF when reading a line
Ask me anything: An error occurred: EOF when reading a line
Ask me anything: An error occurred: EOF when reading a line
Ask me anything: An error occurred: EOF when reading a line
Ask me anything: An error occurred: EOF when reading a line
Ask me anything: An error occurred: EOF when reading a line
Ask me anything: An error occurred: EOF when reading a line
Ask me anything: An error occurred: EOF when reading a line
Ask me anything: An error occurred: EOF when reading a line
Ask me anything: An error occurred: EOF when reading a line
Ask me anything: An error occurred: EOF when reading a line
Ask me anything: An error occurred: EOF when reading a line
Ask me anything: An error occurred: EOF when reading a line
Ask me anything: An error occurred: EOF when reading a line
Ask me anything: An error occurred: EOF when reading a line
Ask me anything: An error occurred: EOF when reading a line
Ask me anything: An error occurred: EOF when reading a line
Ask me anything: An error occurred: EOF when reading a line
Ask me anything: An error occurred: EOF when reading a line
Ask me anything: An error occurred: EOF when reading a line
Ask me anything: An error occurred: EOF when reading a line
Ask me anything: An error occurred: EOF when reading a line
Ask me anything: An error occurred: EOF when reading a line
Ask me anything: An error occurred: EOF when reading a line
Ask me anything: An error occurred: EOF when reading a line
Ask me anything: An error occurred: EOF when reading a line
Ask me anything: An error occurred: EOF when reading a line
Ask me anything: An error occurred: EOF when reading a line
Ask me anything: An error occurred: EOF when reading a line
Ask me anything: An error occurred: EOF when reading a line
Ask me anything: An error occurred: EOF when reading a line
Ask me anything: An error occurred: EOF when reading a line
Ask me anything: An error occurred: EOF when reading a line
Ask me anything: An error occurred: EOF when reading a line
Ask me anything: An error occurred: EOF when reading a line
Ask me anything: An error occurred: EOF when reading a line
Ask me anything: An error occurred: EOF when reading a line
Ask me anything: An error occurred: EOF when reading a line
Ask me anything: An error occurred: EOF when reading a line
Ask me anything: An error occurred: EOF when reading a line
Ask me anything: An error occurred: EOF when reading a line
Ask me anything: An error occurred: EOF when reading a line
Ask me anything: An error occurred: EOF when reading a line
Ask me anything: An error occurred: EOF when reading a line
Ask me anything: An error occurred: EOF when reading a line
Ask me anything: An error occurred: EOF when reading a line
Ask me anything: An error occurred: EOF when reading a line
Ask me anything: An error occurred: EOF when reading a line
Ask me anything: An error occurred: EOF when reading a line
Ask me anything: An error occurred: EOF when reading a line
Ask me anything: An error occurred: EOF when reading a line
Ask me anything: An error occurred: EOF when reading a line
Ask me anything: An error occurred: EOF when reading a line
Ask me anything: An error occurred: EOF when reading a line
Ask me anything: An error occurred: EOF when reading a line
Ask me anything: An error occurred: EOF when reading a line
Ask me anything: An error occurred: EOF when reading a line
Ask me anything: An error occurred: EOF when reading a line
Ask me anything: An error occurred: EOF when reading a line
Ask me anything: An error occurred: EOF when reading a line
Ask me anything: An error occurred: EOF when reading a line
Ask me anything: An error occurred: EOF when reading a line
Ask me anything: An error occurred: EOF when reading a line
Ask me anything: An error occurred: EOF when reading a line
Ask me anything: An error occurred: EOF when reading a line
Ask me anything: An error occurred: EOF when reading a line
Ask me anything: An error occurred: EOF when reading a line
Ask me anything: An error occurred: EOF when reading a line
Ask me anything: An error occurred: EOF when reading a line
Ask me anything: An error occurred: EOF when reading a line
Ask me anything: An error occurred: EOF when reading a line
Ask me anything: An error occurred: EOF when reading a line
Ask me anything: An error occurred: EOF when reading a line
Ask me anything: An error occurred: EOF when reading a line
Ask me anything: An error occurred: EOF when reading a line
Ask me anything: An error occurred: EOF when reading a line
Ask me anything: An error occurred: EOF when reading a line
Ask me anything: An error occurred: EOF when reading a line
Ask me anything: An error occurred: EOF when reading a line
Ask me anything: An error occurred: EOF when reading a line
Ask me anything: An error occurred: EOF when reading a line
Ask me anything: An error occurred: EOF when reading a line
Ask me anything: An error occurred: EOF when reading a line
Ask me anything: An error occurred: EOF when reading a line
Ask me anything: An error occurred: EOF when reading a line
Ask me anything: An error occurred: EOF when reading a line
Ask me anything: An error occurred: EOF when reading a line
Ask me anything: An error occurred: EOF when reading a line
Ask me anything: An error occurred: EOF when reading a line
Ask me anything: An error occurred: EOF when reading a line
Ask me anything: An error occurred: EOF when reading a line
Ask me anything: An error occurred: EOF when reading a line
Ask me anything: An error occurred: EOF when reading a line
Ask me anything: An error occurred: EOF when reading a line
Ask me anything: An error occurred: EOF when reading a line
Ask me anything: An error occurred: EOF when reading a line
Ask me anything: An error occurred: EOF when reading a line
Ask me anything: An error occurred: EOF when reading a line
Ask me anything: An error occurred: EOF when reading a line
Ask me anything: An error occurred: EOF when reading a line
Ask me anything: An error occurred: EOF when reading a line
Ask me anything: An error occurred: EOF when reading a line
Ask me anything: An error occurred: EOF when reading a line
Ask me anything: An error occurred: EOF when reading a line
Ask me anything: An error occurred: EOF when reading a line
Ask me anything: An error occurred: EOF when reading a line
Ask me anything: An error occurred: EOF when reading a line
Ask me anything: An error occurred: EOF when reading a line
Ask me anything: An error occurred: EOF when reading a line
Ask me anything: An error occurred: EOF when reading a line
Ask me anything: An error occurred: EOF when reading a line
Ask me anything: An error occurred: EOF when reading a line
Ask me anything: An error occurred: EOF when reading a line
Ask me anything: An error occurred: EOF when reading a line
Ask me anything: An error occurred: EOF when reading a line
Ask me anything: An error occurred: EOF when reading a line
Ask me anything: An error occurred: EOF when reading a line
Ask me anything: An error occurred: EOF when reading a line
Ask me anything: An error occurred: EOF when reading a line
Ask me anything: An error occurred: EOF when reading a line
Ask me anything: An error occurred: EOF when reading a line
Ask me anything: An error occurred: EOF when reading a line
Ask me anything: An error occurred: EOF when reading a line
Ask me anything: An error occurred: EOF when reading a line
Ask me anything: An error occurred: EOF when reading a line
Ask me anything: An error occurred: EOF when reading a line
Ask me anything: An error occurred: EOF when reading a line
Ask me anything: An error occurred: EOF when reading a line
Ask me anything: An error occurred: EOF when reading a line
Ask me anything: An error occurred: EOF when reading a line
Ask me anything: An error occurred: EOF when reading a line
Ask me anything: An error occurred: EOF when reading a line
Ask me anything: An error occurred: EOF when reading a line
Ask me anything: An error occurred: EOF when reading a line
Ask me anything: An error occurred: EOF when reading a line
Ask me anything: An error occurred: EOF when reading a line
Ask me anything: An error occurred: EOF when reading a line
Ask me anything: An error occurred: EOF when reading a line
Ask me anything: An error occurred: EOF when reading a line
Ask me anything: An error occurred: EOF when reading a line
Ask me anything: An error occurred: EOF when reading a line
Ask me anything: An error occurred: EOF when reading a line
Ask me anything: An error occurred: EOF when reading a line
Ask me anything: An error occurred: EOF when reading a line
Ask me anything: An error occurred: EOF when reading a line
Ask me anything: An error occurred: EOF when reading a line
Ask me anything: An error occurred: EOF when reading a line
Ask me anything: An error occurred: EOF when reading a line
Ask me anything: An error occurred: EOF when reading a line
Ask me anything: An error occurred: EOF when reading a line
Ask me anything: An error occurred: EOF when reading a line
Ask me anything: An error occurred: EOF when reading a line
Ask me anything: An error occurred: EOF when reading a line
Ask me anything: An error occurred: EOF when reading a line
Ask me anything: An error occurred: EOF when reading a line
Ask me anything: An error occurred: EOF when reading a line
Ask me anything: An error occurred: EOF when reading a line
Ask me anything: An error occurred: EOF when reading a line
Ask me anything: An error occurred: EOF when reading a line
Ask me anything: An error occurred: EOF when reading a line
Ask me anything: An error occurred: EOF when reading a line
Ask me anything: An error occurred: EOF when reading a line
Ask me anything: An error occurred: EOF when reading a line
Ask me anything: An error occurred: EOF when reading a line
Ask me anything: An error occurred: EOF when reading a line
Ask me anything: An error occurred: EOF when reading a line
Ask me anything: An error occurred: EOF when reading a line
Ask me anything: An error occurred: EOF when reading a line
Ask me anything: An error occurred: EOF when reading a line
Ask me anything: An error occurred: EOF when reading a line
Ask me anything: An error occurred: EOF when reading a line
Ask me anything: An error occurred: EOF when reading a line
Ask me anything: An error occurred: EOF when reading a line
Ask me anything: An error occurred: EOF when reading a line
Ask me anything: An error occurred: EOF when reading a line
Ask me anything: An error occurred: EOF when reading a line
Ask me anything: An error occurred: EOF when reading a line
Ask me anything: An error occurred: EOF when reading a line
Ask me anything: An error occurred: EOF when reading a line
Ask me anything: An error occurred: EOF when reading a line
Ask me anything: An error occurred: EOF when reading a line
Ask me anything: An error occurred: EOF when reading a line
Ask me anything: An error occurred: EOF when reading a line
Ask me anything: An error occurred: EOF when reading a line
Ask me anything: An error occurred: EOF when reading a line
Ask me anything: An error occurred: EOF when reading a line
Ask me anything: An error occurred: EOF when reading a line
Ask me anything: An error occurred: EOF when reading a line
Ask me anything: An error occurred: EOF when reading a line
Ask me anything: An error occurred: EOF when reading a line
Ask me anything: An error occurred: EOF when reading a line
Ask me anything: An error occurred: EOF when reading a line
Ask me anything: An error occurred: EOF when reading a line
Ask me anything: An error occurred: EOF when reading a line
Ask me anything: An error occurred: EOF when reading a line
Ask me anything: An error occurred: EOF when reading a line
Ask me anything: An error occurred: EOF when reading a line
Ask me anything: An error occurred: EOF when reading a line
Ask me anything: An error occurred: EOF when reading a line
Ask me anything: An error occurred: EOF when reading a line
Ask me anything: An error occurred: EOF when reading a line
Ask me anything: An error occurred: EOF when reading a line
Ask me anything: An error occurred: EOF when reading a line
Ask me anything: An error occurred: EOF when reading a line
Ask me anything: An error occurred: EOF when reading a line
Ask me anything: An error occurred: EOF when reading a line
Ask me anything: An error occurred: EOF when reading a line
Ask me anything: An error occurred: EOF when reading a line
Ask me anything: An error occurred: EOF when reading a line
Ask me anything: An error occurred: EOF when reading a line
Ask me anything: An error occurred: EOF when reading a line
Ask me anything: An error occurred: EOF when reading a line
Ask me anything: An error occurred: EOF when reading a line
Ask me anything: An error occurred: EOF when reading a line
Ask me anything: An error occurred: EOF when reading a line
Ask me anything: An error occurred: EOF when reading a line
Ask me anything: An error occurred: EOF when reading a line
Ask me anything: An error occurred: EOF when reading a line
Ask me anything: An error occurred: EOF when reading a line
Ask me anything: An error occurred: EOF when reading a line
Ask me anything: An error occurred: EOF when reading a line
Ask me anything: An error occurred: EOF when reading a line
Ask me anything: An error occurred: EOF when reading a line
Ask me anything: An error occurred: EOF when reading a line
Ask me anything: An error occurred: EOF when reading a line
Ask me anything: An error occurred: EOF when reading a line
Ask me anything: An error occurred: EOF when reading a line
Ask me anything: An error occurred: EOF when reading a line
Ask me anything: An error occurred: EOF when reading a line
Ask me anything: An error occurred: EOF when reading a line
Ask me anything: An error occurred: EOF when reading a line
Ask me anything: An error occurred: EOF when reading a line
Ask me anything: An error occurred: EOF when reading a line
Ask me anything: An error occurred: EOF when reading a line
Ask me anything: An error occurred: EOF when reading a line
Ask me anything: An error occurred: EOF when reading a line
Ask me anything: An error occurred: EOF when reading a line
Ask me anything: An error occurred: EOF when reading a line
Ask me anything: An error occurred: EOF when reading a line
Ask me anything: An error occurred: EOF when reading a line
Ask me anything: An error occurred: EOF when reading a line
Ask me anything: An error occurred: EOF when reading a line
Ask me anything: An error occurred: EOF when reading a line
Ask me anything: An error occurred: EOF when reading a line
Ask me anything: An error occurred: EOF when reading a line
Ask me anything: An error occurred: EOF when reading a line
Ask me anything: An error occurred: EOF when reading a line
Ask me anything: An error occurred: EOF when reading a line
Ask me anything: An error occurred: EOF when reading a line
Ask me anything: An error occurred: EOF when reading a line
Ask me anything: An error occurred: EOF when reading a line
Ask me anything: An error occurred: EOF when reading a line
Ask me anything: An error occurred: EOF when reading a line
Ask me anything: An error occurred: EOF when reading a line
Ask me anything: An error occurred: EOF when reading a line
Ask me anything: An error occurred: EOF when reading a line
Ask me anything: An error occurred: EOF when reading a line
Ask me anything: An error occurred: EOF when reading a line
Ask me anything: An error occurred: EOF when reading a line
Ask me anything: An error occurred: EOF when reading a line
Ask me anything: An error occurred: EOF when reading a line
Ask me anything: An error occurred: EOF when reading a line
Ask me anything: An error occurred: EOF when reading a line
Ask me anything: An error occurred: EOF when reading a line
Ask me anything: An error occurred: EOF when reading a line
Ask me anything: An error occurred: EOF when reading a line
Ask me anything: An error occurred: EOF when reading a line
Ask me anything: An error occurred: EOF when reading a line
Ask me anything: An error occurred: EOF when reading a line
Ask me anything: An error occurred: EOF when reading a line
Ask me anything: An error occurred: EOF when reading a line
Ask me anything: An error occurred: EOF when reading a line
Ask me anything: An error occurred: EOF when reading a line
Ask me anything: An error occurred: EOF when reading a line
Ask me anything: An error occurred: EOF when reading a line
Ask me anything: An error occurred: EOF when reading a line
Ask me anything: An error occurred: EOF when reading a line
Ask me anything: An error occurred: EOF when reading a line
Ask me anything: An error occurred: EOF when reading a line
Ask me anything: An error occurred: EOF when reading a line
Ask me anything: An error occurred: EOF when reading a line
Ask me anything: An error occurred: EOF when reading a line
Ask me anything: An error occurred: EOF when reading a line
Ask me anything: An error occurred: EOF when reading a line
Ask me anything: An error occurred: EOF when reading a line
Ask me anything: An error occurred: EOF when reading a line
Ask me anything: An error occurred: EOF when reading a line
Ask me anything: An error occurred: EOF when reading a line
Ask me anything: An error occurred: EOF when reading a line
Ask me anything: An error occurred: EOF when reading a line
Ask me anything: An error occurred: EOF when reading a line
Ask me anything: An error occurred: EOF when reading a line
Ask me anything: An error occurred: EOF when reading a line
Ask me anything: An error occurred: EOF when reading a line
Ask me anything: An error occurred: EOF when reading a line
Ask me anything: An error occurred: EOF when reading a line
Ask me anything: An error occurred: EOF when reading a line
Ask me anything: An error occurred: EOF when reading a line
Ask me anything: An error occurred: EOF when reading a line
Ask me anything: An error occurred: EOF when reading a line
Ask me anything: An error occurred: EOF when reading a line
Ask me anything: An error occurred: EOF when reading a line
Ask me anything: An error occurred: EOF when reading a line
Ask me anything: An error occurred: EOF when reading a line
Ask me anything: An error occurred: EOF when reading a line
Ask me anything: An error occurred: EOF when reading a line
Ask me anything: An error occurred: EOF when reading a line
Ask me anything: An error occurred: EOF when reading a line
Ask me anything: An error occurred: EOF when reading a line
Ask me anything: An error occurred: EOF when reading a line
Ask me anything: An error occurred: EOF when reading a line
Ask me anything: An error occurred: EOF when reading a line
Ask me anything: An error occurred: EOF when reading a line
Ask me anything: An error occurred: EOF when reading a line
Ask me anything: An error occurred: EOF when reading a line
Ask me anything: An error occurred: EOF when reading a line
Ask me anything: An error occurred: EOF when reading a line
Ask me anything: An error occurred: EOF when reading a line
Ask me anything: An error occurred: EOF when reading a line
Ask me anything: An error occurred: EOF when reading a line
Ask me anything: An error occurred: EOF when reading a line
Ask me anything: An error occurred: EOF when reading a line
Ask me anything: An error occurred: EOF when reading a line
Ask me anything: An error occurred: EOF when reading a line
Ask me anything: An error occurred: EOF when reading a line
Ask me anything: An error occurred: EOF when reading a line
Ask me anything: An error occurred: EOF when reading a line
Ask me anything: An error occurred: EOF when reading a line
Ask me anything: An error occurred: EOF when reading a line
Ask me anything: An error occurred: EOF when reading a line
Ask me anything: An error occurred: EOF when reading a line
Ask me anything: An error occurred: EOF when reading a line
Ask me anything: An error occurred: EOF when reading a line
Ask me anything: An error occurred: EOF when reading a line
Ask me anything: An error occurred: EOF when reading a line
Ask me anything: An error occurred: EOF when reading a line
Ask me anything: An error occurred: EOF when reading a line
Ask me anything: An error occurred: EOF when reading a line
Ask me anything: An error occurred: EOF when reading a line
Ask me anything: An error occurred: EOF when reading a line
Ask me anything: An error occurred: EOF when reading a line
Ask me anything: An error occurred: EOF when reading a line
Ask me anything: An error occurred: EOF when reading a line
Ask me anything: An error occurred: EOF when reading a line
Ask me anything: An error occurred: EOF when reading a line
Ask me anything: An error occurred: EOF when reading a line
Ask me anything: An error occurred: EOF when reading a line
Ask me anything: An error occurred: EOF when reading a line
Ask me anything: An error occurred: EOF when reading a line
Ask me anything: An error occurred: EOF when reading a line
Ask me anything: An error occurred: EOF when reading a line
Ask me anything: An error occurred: EOF when reading a line
Ask me anything: An error occurred: EOF when reading a line
Ask me anything: An error occurred: EOF when reading a line
Ask me anything: An error occurred: EOF when reading a line
Ask me anything: An error occurred: EOF when reading a line
Ask me anything: An error occurred: EOF when reading a line
Ask me anything: An error occurred: EOF when reading a line
Ask me anything: An error occurred: EOF when reading a line
Ask me anything: An error occurred: EOF when reading a line
Ask me anything: An error occurred: EOF when reading a line
Ask me anything: An error occurred: EOF when reading a line
Ask me anything: An error occurred: EOF when reading a line
Ask me anything: An error occurred: EOF when reading a line
Ask me anything: An error occurred: EOF when reading a line
Ask me anything: An error occurred: EOF when reading a line
Ask me anything: An error occurred: EOF when reading a line
Ask me anything: An error occurred: EOF when reading a line
Ask me anything: An error occurred: EOF when reading a line
Ask me anything: An error occurred: EOF when reading a line
Ask me anything: An error occurred: EOF when reading a line
Ask me anything: An error occurred: EOF when reading a line
Ask me anything: An error occurred: EOF when reading a line
Ask me anything: An error occurred: EOF when reading a line
Ask me anything: An error occurred: EOF when reading a line
Ask me anything: An error occurred: EOF when reading a line
Ask me anything: An error occurred: EOF when reading a line
Ask me anything: An error occurred: EOF when reading a line
Ask me anything: An error occurred: EOF when reading a line
Ask me anything: An error occurred: EOF when reading a line
Ask me anything: An error occurred: EOF when reading a line
Ask me anything: An error occurred: EOF when reading a line
Ask me anything: An error occurred: EOF when reading a line
Ask me anything: An error occurred: EOF when reading a line
Ask me anything: An error occurred: EOF when reading a line
Ask me anything: An error occurred: EOF when reading a line
Ask me anything: An error occurred: EOF when reading a line
Ask me anything: An error occurred: EOF when reading a line
Ask me anything: An error occurred: EOF when reading a line
Ask me anything: An error occurred: EOF when reading a line
Ask me anything: An error occurred: EOF when reading a line
Ask me anything: An error occurred: EOF when reading a line
Ask me anything: An error occurred: EOF when reading a line
Ask me anything: An error occurred: EOF when reading a line
Ask me anything: An error occurred: EOF when reading a line
Ask me anything: An error occurred: EOF when reading a line
Ask me anything: An error occurred: EOF when reading a line
Ask me anything: An error occurred: EOF when reading a line
Ask me anything: An error occurred: EOF when reading a line
Ask me anything: An error occurred: EOF when reading a line
Ask me anything: An error occurred: EOF when reading a line
Ask me anything: An error occurred: EOF when reading a line
Ask me anything: An error occurred: EOF when reading a line
Ask me anything: An error occurred: EOF when reading a line
Ask me anything: An error occurred: EOF when reading a line
Ask me anything: An error occurred: EOF when reading a line
Ask me anything: An error occurred: EOF when reading a line
Ask me anything: An error occurred: EOF when reading a line
Ask me anything: An error occurred: EOF when reading a line
Ask me anything: An error occurred: EOF when reading a line
Ask me anything: An error occurred: EOF when reading a line
Ask me anything: An error occurred: EOF when reading a line
Ask me anything: An error occurred: EOF when reading a line
Ask me anything: An error occurred: EOF when reading a line
Ask me anything: An error occurred: EOF when reading a line
Ask me anything: An error occurred: EOF when reading a line
Ask me anything: An error occurred: EOF when reading a line
Ask me anything: An error occurred: EOF when reading a line
Ask me anything: An error occurred: EOF when reading a line
Ask me anything: An error occurred: EOF when reading a line
Ask me anything: An error occurred: EOF when reading a line
Ask me anything: An error occurred: EOF when reading a line
Ask me anything: An error occurred: EOF when reading a line
Ask me anything: An error occurred: EOF when reading a line
Ask me anything: An error occurred: EOF when reading a line
Ask me anything: An error occurred: EOF when reading a line
Ask me anything: An error occurred: EOF when reading a line
Ask me anything: An error occurred: EOF when reading a line
Ask me anything: An error occurred: EOF when reading a line
Ask me anything: An error occurred: EOF when reading a line
Ask me anything: An error occurred: EOF when reading a line
Ask me anything: An error occurred: EOF when reading a line
Ask me anything: An error occurred: EOF when reading a line
Ask me anything: An error occurred: EOF when reading a line
Ask me anything: An error occurred: EOF when reading a line
Ask me anything: An error occurred: EOF when reading a line
Ask me anything: An error occurred: EOF when reading a line
Ask me anything: An error occurred: EOF when reading a line
Ask me anything: An error occurred: EOF when reading a line
Ask me anything: An error occurred: EOF when reading a line
Ask me anything: An error occurred: EOF when reading a line
Ask me anything: An error occurred: EOF when reading a line
Ask me anything: An error occurred: EOF when reading a line
Ask me anything: An error occurred: EOF when reading a line
Ask me anything: An error occurred: EOF when reading a line
Ask me anything: An error occurred: EOF when reading a line
Ask me anything: An error occurred: EOF when reading a line
Ask me anything: An error occurred: EOF when reading a line
Ask me anything: An error occurred: EOF when reading a line
Ask me anything: An error occurred: EOF when reading a line
Ask me anything: An error occurred: EOF when reading a line
Ask me anything: An error occurred: EOF when reading a line
Ask me anything: An error occurred: EOF when reading a line
Ask me anything: An error occurred: EOF when reading a line
Ask me anything: An error occurred: EOF when reading a line
Ask me anything: An error occurred: EOF when reading a line
Ask me anything: An error occurred: EOF when reading a line
Ask me anything: An error occurred: EOF when reading a line
Ask me anything: An error occurred: EOF when reading a line
Ask me anything: An error occurred: EOF when reading a line
Ask me anything: An error occurred: EOF when reading a line
Ask me anything: An error occurred: EOF when reading a line
Ask me anything: An error occurred: EOF when reading a line
Ask me anything: An error occurred: EOF when reading a line
Ask me anything: An error occurred: EOF when reading a line
Ask me anything: An error occurred: EOF when reading a line
Ask me anything: An error occurred: EOF when reading a line
Ask me anything: An error occurred: EOF when reading a line
Ask me anything: An error occurred: EOF when reading a line
Ask me anything: An error occurred: EOF when reading a line
Ask me anything: An error occurred: EOF when reading a line
Ask me anything: An error occurred: EOF when reading a line
Ask me anything: An error occurred: EOF when reading a line
Ask me anything: An error occurred: EOF when reading a line
Ask me anything: An error occurred: EOF when reading a line
Ask me anything: An error occurred: EOF when reading a line
Ask me anything: An error occurred: EOF when reading a line
Ask me anything: An error occurred: EOF when reading a line
Ask me anything: An error occurred: EOF when reading a line
Ask me anything: An error occurred: EOF when reading a line
Ask me anything: An error occurred: EOF when reading a line
Ask me anything: An error occurred: EOF when reading a line
Ask me anything: An error occurred: EOF when reading a line
Ask me anything: An error occurred: EOF when reading a line
Ask me anything: An error occurred: EOF when reading a line
Ask me anything: An error occurred: EOF when reading a line
Ask me anything: An error occurred: EOF when reading a line
Ask me anything: An error occurred: EOF when reading a line
Ask me anything: An error occurred: EOF when reading a line
Ask me anything: An error occurred: EOF when reading a line
Ask me anything: An error occurred: EOF when reading a line
Ask me anything: An error occurred: EOF when reading a line
Ask me anything: An error occurred: EOF when reading a line
Ask me anything: An error occurred: EOF when reading a line
Ask me anything: An error occurred: EOF when reading a line
Ask me anything: An error occurred: EOF when reading a line
Ask me anything: An error occurred: EOF when reading a line
Ask me anything: An error occurred: EOF when reading a line
Ask me anything: An error occurred: EOF when reading a line
Ask me anything: An error occurred: EOF when reading a line
Ask me anything: An error occurred: EOF when reading a line
Ask me anything: An error occurred: EOF when reading a line
Ask me anything: An error occurred: EOF when reading a line
Ask me anything: An error occurred: EOF when reading a line
Ask me anything: An error occurred: EOF when reading a line
Ask me anything: An error occurred: EOF when reading a line
Ask me anything: An error occurred: EOF when reading a line
Ask me anything: An error occurred: EOF when reading a line
Ask me anything: An error occurred: EOF when reading a line
Ask me anything: An error occurred: EOF when reading a line
Ask me anything: An error occurred: EOF when reading a line
Ask me anything: An error occurred: EOF when reading a line
Ask me anything: An error occurred: EOF when reading a line
Ask me anything: An error occurred: EOF when reading a line
Ask me anything: An error occurred: EOF when reading a line
Ask me anything: An error occurred: EOF when reading a line
Ask me anything: An error occurred: EOF when reading a line
Ask me anything: An error occurred: EOF when reading a line
Ask me anything: An error occurred: EOF when reading a line
Ask me anything: An error occurred: EOF when reading a line
Ask me anything: An error occurred: EOF when reading a line
Ask me anything: An error occurred: EOF when reading a line
Ask me anything: An error occurred: EOF when reading a line
Ask me anything: An error occurred: EOF when reading a line
Ask me anything: An error occurred: EOF when reading a line
Ask me anything: An error occurred: EOF when reading a line
Ask me anything: An error occurred: EOF when reading a line
Ask me anything: An error occurred: EOF when reading a line
Ask me anything: An error occurred: EOF when reading a line
Ask me anything: An error occurred: EOF when reading a line
Ask me anything: An error occurred: EOF when reading a line
Ask me anything: An error occurred: EOF when reading a line
Ask me anything: An error occurred: EOF when reading a line
Ask me anything: An error occurred: EOF when reading a line
Ask me anything: An error occurred: EOF when reading a line
Ask me anything: An error occurred: EOF when reading a line
Ask me anything: An error occurred: EOF when reading a line
Ask me anything: An error occurred: EOF when reading a line
Ask me anything: An error occurred: EOF when reading a line
Ask me anything: An error occurred: EOF when reading a line
Ask me anything: An error occurred: EOF when reading a line
Ask me anything: An error occurred: EOF when reading a line
Ask me anything: An error occurred: EOF when reading a line
Ask me anything: An error occurred: EOF when reading a line
Ask me anything: An error occurred: EOF when reading a line
Ask me anything: An error occurred: EOF when reading a line
Ask me anything: An error occurred: EOF when reading a line
Ask me anything: An error occurred: EOF when reading a line
Ask me anything: An error occurred: EOF when reading a line
Ask me anything: An error occurred: EOF when reading a line
Ask me anything: An error occurred: EOF when reading a line
Ask me anything: An error occurred: EOF when reading a line
Ask me anything: An error occurred: EOF when reading a line
Ask me anything: An error occurred: EOF when reading a line
Ask me anything: An error occurred: EOF when reading a line
Ask me anything: An error occurred: EOF when reading a line
Ask me anything: An error occurred: EOF when reading a line
Ask me anything: An error occurred: EOF when reading a line
Ask me anything: An error occurred: EOF when reading a line
Ask me anything: An error occurred: EOF when reading a line
Ask me anything: An error occurred: EOF when reading a line
Ask me anything: An error occurred: EOF when reading a line
Ask me anything: An error occurred: EOF when reading a line
Ask me anything: An error occurred: EOF when reading a line
Ask me anything: An error occurred: EOF when reading a line
Ask me anything: An error occurred: EOF when reading a line
Ask me anything: An error occurred: EOF when reading a line
Ask me anything: An error occurred: EOF when reading a line
Ask me anything: An error occurred: EOF when reading a line
Ask me anything: An error occurred: EOF when reading a line
Ask me anything: An error occurred: EOF when reading a line
Ask me anything: An error occurred: EOF when reading a line
Ask me anything: An error occurred: EOF when reading a line
Ask me anything: An error occurred: EOF when reading a line
Ask me anything: An error occurred: EOF when reading a line
Ask me anything: An error occurred: EOF when reading a line
Ask me anything: An error occurred: EOF when reading a line
Ask me anything: An error occurred: EOF when reading a line
Ask me anything: An error occurred: EOF when reading a line
Ask me anything: An error occurred: EOF when reading a line
Ask me anything: An error occurred: EOF when reading a line
Ask me anything: An error occurred: EOF when reading a line
Ask me anything: An error occurred: EOF when reading a line
Ask me anything: An error occurred: EOF when reading a line
Ask me anything: An error occurred: EOF when reading a line
Ask me anything: An error occurred: EOF when reading a line
Ask me anything: An error occurred: EOF when reading a line
Ask me anything: An error occurred: EOF when reading a line
Ask me anything: An error occurred: EOF when reading a line
Ask me anything: An error occurred: EOF when reading a line
Ask me anything: An error occurred: EOF when reading a line
Ask me anything: An error occurred: EOF when reading a line
Ask me anything: An error occurred: EOF when reading a line
Ask me anything: An error occurred: EOF when reading a line
Ask me anything: An error occurred: EOF when reading a line
Ask me anything: An error occurred: EOF when reading a line
Ask me anything: An error occurred: EOF when reading a line
Ask me anything: An error occurred: EOF when reading a line
Ask me anything: An error occurred: EOF when reading a line
Ask me anything: An error occurred: EOF when reading a line
Ask me anything: An error occurred: EOF when reading a line
Ask me anything: An error occurred: EOF when reading a line
Ask me anything: An error occurred: EOF when reading a line
Ask me anything: An error occurred: EOF when reading a line
Ask me anything: An error occurred: EOF when reading a line
Ask me anything: An error occurred: EOF when reading a line
Ask me anything: An error occurred: EOF when reading a line
Ask me anything: An error occurred: EOF when reading a line
Ask me anything: An error occurred: EOF when reading a line
Ask me anything: An error occurred: EOF when reading a line
Ask me anything: An error occurred: EOF when reading a line
Ask me anything: An error occurred: EOF when reading a line
Ask me anything: An error occurred: EOF when reading a line
Ask me anything: An error occurred: EOF when reading a line
Ask me anything: An error occurred: EOF when reading a line
Ask me anything: An error occurred: EOF when reading a line
Ask me anything: An error occurred: EOF when reading a line
Ask me anything: An error occurred: EOF when reading a line
Ask me anything: An error occurred: EOF when reading a line
Ask me anything: An error occurred: EOF when reading a line
Ask me anything: An error occurred: EOF when reading a line
Ask me anything: An error occurred: EOF when reading a line
Ask me anything: An error occurred: EOF when reading a line
Ask me anything: An error occurred: EOF when reading a line
Ask me anything: An error occurred: EOF when reading a line
Ask me anything: An error occurred: EOF when reading a line
Ask me anything: An error occurred: EOF when reading a line
Ask me anything: An error occurred: EOF when reading a line
Ask me anything: An error occurred: EOF when reading a line
Ask me anything: An error occurred: EOF when reading a line
Ask me anything: An error occurred: EOF when reading a line
Ask me anything: An error occurred: EOF when reading a line
Ask me anything: An error occurred: EOF when reading a line
Ask me anything: An error occurred: EOF when reading a line
Ask me anything: An error occurred: EOF when reading a line
Ask me anything: An error occurred: EOF when reading a line
Ask me anything: An error occurred: EOF when reading a line
Ask me anything: An error occurred: EOF when reading a line
Ask me anything: An error occurred: EOF when reading a line
Ask me anything: An error occurred: EOF when reading a line
Ask me anything: An error occurred: EOF when reading a line
Ask me anything: An error occurred: EOF when reading a line
Ask me anything: An error occurred: EOF when reading a line
Ask me anything: An error occurred: EOF when reading a line
Ask me anything: An error occurred: EOF when reading a line
Ask me anything: An error occurred: EOF when reading a line
Ask me anything: An error occurred: EOF when reading a line
Ask me anything: An error occurred: EOF when reading a line
Ask me anything: An error occurred: EOF when reading a line
Ask me anything: An error occurred: EOF when reading a line
Ask me anything: An error occurred: EOF when reading a line
Ask me anything: An error occurred: EOF when reading a line
Ask me anything: An error occurred: EOF when reading a line
Ask me anything: An error occurred: EOF when reading a line
Ask me anything: An error occurred: EOF when reading a line
Ask me anything: An error occurred: EOF when reading a line
Ask me anything: An error occurred: EOF when reading a line
Ask me anything: An error occurred: EOF when reading a line
Ask me anything: An error occurred: EOF when reading a line
Ask me anything: An error occurred: EOF when reading a line
Ask me anything: An error occurred: EOF when reading a line
Ask me anything: An error occurred: EOF when reading a line
Ask me anything: An error occurred: EOF when reading a line
Ask me anything: An error occurred: EOF when reading a line
Ask me anything: An error occurred: EOF when reading a line
Ask me anything: An error occurred: EOF when reading a line
Ask me anything: An error occurred: EOF when reading a line
Ask me anything: An error occurred: EOF when reading a line
Ask me anything: An error occurred: EOF when reading a line
Ask me anything: An error occurred: EOF when reading a line
Ask me anything: An error occurred: EOF when reading a line
Ask me anything: An error occurred: EOF when reading a line
Ask me anything: An error occurred: EOF when reading a line
Ask me anything: An error occurred: EOF when reading a line
Ask me anything: An error occurred: EOF when reading a line
Ask me anything: An error occurred: EOF when reading a line
Ask me anything: An error occurred: EOF when reading a line
Ask me anything: An error occurred: EOF when reading a line
Ask me anything: An error occurred: EOF when reading a line
Ask me anything: An error occurred: EOF when reading a line
Ask me anything: An error occurred: EOF when reading a line
Ask me anything: An error occurred: EOF when reading a line
Ask me anything: An error occurred: EOF when reading a line
Ask me anything: An error occurred: EOF when reading a line
Ask me anything: An error occurred: EOF when reading a line
Ask me anything: An error occurred: EOF when reading a line
Ask me anything: An error occurred: EOF when reading a line
Ask me anything: An error occurred: EOF when reading a line
Ask me anything: An error occurred: EOF when reading a line
Ask me anything: An error occurred: EOF when reading a line
Ask me anything: An error occurred: EOF when reading a line
Ask me anything: An error occurred: EOF when reading a line
Ask me anything: An error occurred: EOF when reading a line
Ask me anything: An error occurred: EOF when reading a line
Ask me anything: An error occurred: EOF when reading a line
Ask me anything: An error occurred: EOF when reading a line
Ask me anything: An error occurred: EOF when reading a line
Ask me anything: An error occurred: EOF when reading a line
Ask me anything: An error occurred: EOF when reading a line
Ask me anything: An error occurred: EOF when reading a line
Ask me anything: An error occurred: EOF when reading a line
Ask me anything: An error occurred: EOF when reading a line
Ask me anything: An error occurred: EOF when reading a line
Ask me anything: An error occurred: EOF when reading a line
Ask me anything: An error occurred: EOF when reading a line
Ask me anything: An error occurred: EOF when reading a line
Ask me anything: An error occurred: EOF when reading a line
Ask me anything: An error occurred: EOF when reading a line
Ask me anything: An error occurred: EOF when reading a line
Ask me anything: An error occurred: EOF when reading a line
Ask me anything: An error occurred: EOF when reading a line
Ask me anything: An error occurred: EOF when reading a line
Ask me anything: An error occurred: EOF when reading a line
Ask me anything: An error occurred: EOF when reading a line
Ask me anything: An error occurred: EOF when reading a line
Ask me anything: An error occurred: EOF when reading a line
Ask me anything: An error occurred: EOF when reading a line
Ask me anything: An error occurred: EOF when reading a line
Ask me anything: An error occurred: EOF when reading a line
Ask me anything: An error occurred: EOF when reading a line
Ask me anything: An error occurred: EOF when reading a line
Ask me anything: An error occurred: EOF when reading a line
Ask me anything: An error occurred: EOF when reading a line
Ask me anything: An error occurred: EOF when reading a line
Ask me anything: An error occurred: EOF when reading a line
Ask me anything: An error occurred: EOF when reading a line
Ask me anything: An error occurred: EOF when reading a line
Ask me anything: An error occurred: EOF when reading a line
Ask me anything: An error occurred: EOF when reading a line
Ask me anything: An error occurred: EOF when reading a line
Ask me anything: An error occurred: EOF when reading a line
Ask me anything: An error occurred: EOF when reading a line
Ask me anything: An error occurred: EOF when reading a line
Ask me anything: An error occurred: EOF when reading a line
Ask me anything: An error occurred: EOF when reading a line
Ask me anything: An error occurred: EOF when reading a line
Ask me anything: An error occurred: EOF when reading a line
Ask me anything: An error occurred: EOF when reading a line
Ask me anything: An error occurred: EOF when reading a line
Ask me anything: An error occurred: EOF when reading a line
Ask me anything: An error occurred: EOF when reading a line
Ask me anything: An error occurred: EOF when reading a line
Ask me anything: An error occurred: EOF when reading a line
Ask me anything: An error occurred: EOF when reading a line
Ask me anything: An error occurred: EOF when reading a line
Ask me anything: An error occurred: EOF when reading a line
Ask me anything: An error occurred: EOF when reading a line
Ask me anything: An error occurred: EOF when reading a line
Ask me anything: An error occurred: EOF when reading a line
Ask me anything: An error occurred: EOF when reading a line
Ask me anything: An error occurred: EOF when reading a line
Ask me anything: An error occurred: EOF when reading a line
Ask me anything: An error occurred: EOF when reading a line
Ask me anything: An error occurred: EOF when reading a line
Ask me anything: An error occurred: EOF when reading a line
Ask me anything: An error occurred: EOF when reading a line
Ask me anything: An error occurred: EOF when reading a line
Ask me anything: An error occurred: EOF when reading a line
Ask me anything: An error occurred: EOF when reading a line
Ask me anything: An error occurred: EOF when reading a line
Ask me anything: An error occurred: EOF when reading a line
Ask me anything: An error occurred: EOF when reading a line
Ask me anything: An error occurred: EOF when reading a line
Ask me anything: An error occurred: EOF when reading a line
Ask me anything: An error occurred: EOF when reading a line
Ask me anything: An error occurred: EOF when reading a line
Ask me anything: An error occurred: EOF when reading a line
Ask me anything: An error occurred: EOF when reading a line
Ask me anything: An error occurred: EOF when reading a line
Ask me anything: An error occurred: EOF when reading a line
Ask me anything: An error occurred: EOF when reading a line
Ask me anything: An error occurred: EOF when reading a line
Ask me anything: An error occurred: EOF when reading a line
Ask me anything: An error occurred: EOF when reading a line
Ask me anything: An error occurred: EOF when reading a line
Ask me anything: An error occurred: EOF when reading a line
Ask me anything: An error occurred: EOF when reading a line
Ask me anything: An error occurred: EOF when reading a line
Ask me anything: An error occurred: EOF when reading a line
Ask me anything: An error occurred: EOF when reading a line
Ask me anything: An error occurred: EOF when reading a line
Ask me anything: An error occurred: EOF when reading a line
Ask me anything: An error occurred: EOF when reading a line
Ask me anything: An error occurred: EOF when reading a line
Ask me anything: An error occurred: EOF when reading a line
Ask me anything: An error occurred: EOF when reading a line
Ask me anything: An error occurred: EOF when reading a line
Ask me anything: An error occurred: EOF when reading a line
Ask me anything: An error occurred: EOF when reading a line
Ask me anything: An error occurred: EOF when reading a line
Ask me anything: An error occurred: EOF when reading a line
Ask me anything: An error occurred: EOF when reading a line
Ask me anything: An error occurred: EOF when reading a line
Ask me anything: An error occurred: EOF when reading a line
Ask me anything: An error occurred: EOF when reading a line
Ask me anything: An error occurred: EOF when reading a line
Ask me anything: An error occurred: EOF when reading a line
Ask me anything: An error occurred: EOF when reading a line
Ask me anything: An error occurred: EOF when reading a line
Ask me anything: An error occurred: EOF when reading a line
Ask me anything: An error occurred: EOF when reading a line
Ask me anything: An error occurred: EOF when reading a line
Ask me anything: An error occurred: EOF when reading a line
Ask me anything: An error occurred: EOF when reading a line
Ask me anything: An error occurred: EOF when reading a line
Ask me anything: An error occurred: EOF when reading a line
Ask me anything: An error occurred: EOF when reading a line
Ask me anything: An error occurred: EOF when reading a line
Ask me anything: An error occurred: EOF when reading a line
Ask me anything: An error occurred: EOF when reading a line
Ask me anything: An error occurred: EOF when reading a line
Ask me anything: An error occurred: EOF when reading a line
Ask me anything: An error occurred: EOF when reading a line
Ask me anything: An error occurred: EOF when reading a line
Ask me anything: An error occurred: EOF when reading a line
Ask me anything: An error occurred: EOF when reading a line
Ask me anything: An error occurred: EOF when reading a line
Ask me anything: An error occurred: EOF when reading a line
Ask me anything: An error occurred: EOF when reading a line
Ask me anything: An error occurred: EOF when reading a line
Ask me anything: An error occurred: EOF when reading a line
Ask me anything: An error occurred: EOF when reading a line
Ask me anything: An error occurred: EOF when reading a line
Ask me anything: An error occurred: EOF when reading a line
Ask me anything: An error occurred: EOF when reading a line
Ask me anything: An error occurred: EOF when reading a line
Ask me anything: An error occurred: EOF when reading a line
Ask me anything: An error occurred: EOF when reading a line
Ask me anything: An error occurred: EOF when reading a line
Ask me anything: An error occurred: EOF when reading a line
Ask me anything: An error occurred: EOF when reading a line
Ask me anything: An error occurred: EOF when reading a line
Ask me anything: An error occurred: EOF when reading a line
Ask me anything: An error occurred: EOF when reading a line
Ask me anything: An error occurred: EOF when reading a line
Ask me anything: An error occurred: EOF when reading a line
Ask me anything: An error occurred: EOF when reading a line
Ask me anything: An error occurred: EOF when reading a line
Ask me anything: An error occurred: EOF when reading a line
Ask me anything: An error occurred: EOF when reading a line
Ask me anything: An error occurred: EOF when reading a line
Ask me anything: An error occurred: EOF when reading a line
Ask me anything: An error occurred: EOF when reading a line
Ask me anything: An error occurred: EOF when reading a line
Ask me anything: An error occurred: EOF when reading a line
Ask me anything: An error occurred: EOF when reading a line
Ask me anything: An error occurred: EOF when reading a line
Ask me anything: An error occurred: EOF when reading a line
Ask me anything: An error occurred: EOF when reading a line
Ask me anything: An error occurred: EOF when reading a line
Ask me anything: An error occurred: EOF when reading a line
Ask me anything: An error occurred: EOF when reading a line
Ask me anything: An error occurred: EOF when reading a line
Ask me anything: An error occurred: EOF when reading a line
Ask me anything: An error occurred: EOF when reading a line
Ask me anything: An error occurred: EOF when reading a line
Ask me anything: An error occurred: EOF when reading a line
Ask me anything: An error occurred: EOF when reading a line
Ask me anything: An error occurred: EOF when reading a line
Ask me anything: An error occurred: EOF when reading a line
Ask me anything: An error occurred: EOF when reading a line
Ask me anything: An error occurred: EOF when reading a line
Ask me anything: An error occurred: EOF when reading a line
Ask me anything: An error occurred: EOF when reading a line
Ask me anything: An error occurred: EOF when reading a line
Ask me anything: An error occurred: EOF when reading a line
Ask me anything: An error occurred: EOF when reading a line
Ask me anything: An error occurred: EOF when reading a line
Ask me anything: An error occurred: EOF when reading a line
Ask me anything: An error occurred: EOF when reading a line
Ask me anything: An error occurred: EOF when reading a line
Ask me anything: An error occurred: EOF when reading a line
Ask me anything: An error occurred: EOF when reading a line
Ask me anything: An error occurred: EOF when reading a line
Ask me anything: An error occurred: EOF when reading a line
Ask me anything: An error occurred: EOF when reading a line
Ask me anything: An error occurred: EOF when reading a line
Ask me anything: An error occurred: EOF when reading a line
Ask me anything: An error occurred: EOF when reading a line
Ask me anything: An error occurred: EOF when reading a line
Ask me anything: An error occurred: EOF when reading a line
Ask me anything: An error occurred: EOF when reading a line
Ask me anything: An error occurred: EOF when reading a line
Ask me anything: An error occurred: EOF when reading a line
Ask me anything: An error occurred: EOF when reading a line
Ask me anything: An error occurred: EOF when reading a line
Ask me anything: An error occurred: EOF when reading a line
Ask me anything: An error occurred: EOF when reading a line
Ask me anything: An error occurred: EOF when reading a line
Ask me anything: An error occurred: EOF when reading a line
Ask me anything: An error occurred: EOF when reading a line
Ask me anything: An error occurred: EOF when reading a line
Ask me anything: An error occurred: EOF when reading a line
Ask me anything: An error occurred: EOF when reading a line
Ask me anything: An error occurred: EOF when reading a line
Ask me anything: An error occurred: EOF when reading a line
Ask me anything: An error occurred: EOF when reading a line
Ask me anything: An error occurred: EOF when reading a line
Ask me anything: An error occurred: EOF when reading a line
Ask me anything: An error occurred: EOF when reading a line
Ask me anything: An error occurred: EOF when reading a line
Ask me anything: An error occurred: EOF when reading a line
Ask me anything: An error occurred: EOF when reading a line
Ask me anything: An error occurred: EOF when reading a line
Ask me anything: An error occurred: EOF when reading a line
Ask me anything: An error occurred: EOF when reading a line
Ask me anything: An error occurred: EOF when reading a line
Ask me anything: An error occurred: EOF when reading a line
Ask me anything: An error occurred: EOF when reading a line
Ask me anything: An error occurred: EOF when reading a line
Ask me anything: An error occurred: EOF when reading a line
Ask me anything: An error occurred: EOF when reading a line
Ask me anything: An error occurred: EOF when reading a line
Ask me anything: An error occurred: EOF when reading a line
Ask me anything: An error occurred: EOF when reading a line
Ask me anything: An error occurred: EOF when reading a line
Ask me anything: An error occurred: EOF when reading a line
Ask me anything: An error occurred: EOF when reading a line
Ask me anything: An error occurred: EOF when reading a line
Ask me anything: An error occurred: EOF when reading a line
Ask me anything: An error occurred: EOF when reading a line
Ask me anything: An error occurred: EOF when reading a line
Ask me anything: An error occurred: EOF when reading a line
Ask me anything: An error occurred: EOF when reading a line
Ask me anything: An error occurred: EOF when reading a line
Ask me anything: An error occurred: EOF when reading a line
Ask me anything: An error occurred: EOF when reading a line
Ask me anything: An error occurred: EOF when reading a line
Ask me anything: An error occurred: EOF when reading a line
Ask me anything: An error occurred: EOF when reading a line
Ask me anything: An error occurred: EOF when reading a line
Ask me anything: An error occurred: EOF when reading a line
Ask me anything: An error occurred: EOF when reading a line
Ask me anything: An error occurred: EOF when reading a line
Ask me anything: An error occurred: EOF when reading a line
Ask me anything: An error occurred: EOF when reading a line
Ask me anything: An error occurred: EOF when reading a line
Ask me anything: An error occurred: EOF when reading a line
Ask me anything: An error occurred: EOF when reading a line
Ask me anything: An error occurred: EOF when reading a line
Ask me anything: An error occurred: EOF when reading a line
Ask me anything: An error occurred: EOF when reading a line
Ask me anything: An error occurred: EOF when reading a line
Ask me anything: An error occurred: EOF when reading a line
Ask me anything: An error occurred: EOF when reading a line
Ask me anything: An error occurred: EOF when reading a line
Ask me anything: An error occurred: EOF when reading a line
Ask me anything: An error occurred: EOF when reading a line
Ask me anything: An error occurred: EOF when reading a line
Ask me anything: An error occurred: EOF when reading a line
Ask me anything: An error occurred: EOF when reading a line
Ask me anything: An error occurred: EOF when reading a line
Ask me anything: An error occurred: EOF when reading a line
Ask me anything: An error occurred: EOF when reading a line
Ask me anything: An error occurred: EOF when reading a line
Ask me anything: An error occurred: EOF when reading a line
Ask me anything: An error occurred: EOF when reading a line
Ask me anything: An error occurred: EOF when reading a line
Ask me anything: An error occurred: EOF when reading a line
Ask me anything: An error occurred: EOF when reading a line
Ask me anything: An error occurred: EOF when reading a line
Ask me anything: An error occurred: EOF when reading a line
Ask me anything: An error occurred: EOF when reading a line
Ask me anything: An error occurred: EOF when reading a line
Ask me anything: An error occurred: EOF when reading a line
Ask me anything: An error occurred: EOF when reading a line
Ask me anything: An error occurred: EOF when reading a line
Ask me anything: An error occurred: EOF when reading a line
Ask me anything: An error occurred: EOF when reading a line
Ask me anything: An error occurred: EOF when reading a line
Ask me anything: An error occurred: EOF when reading a line
Ask me anything: An error occurred: EOF when reading a line
Ask me anything: An error occurred: EOF when reading a line
Ask me anything: An error occurred: EOF when reading a line
Ask me anything: An error occurred: EOF when reading a line
Ask me anything: An error occurred: EOF when reading a line
Ask me anything: An error occurred: EOF when reading a line
Ask me anything: An error occurred: EOF when reading a line
Ask me anything: An error occurred: EOF when reading a line
Ask me anything: An error occurred: EOF when reading a line
Ask me anything: An error occurred: EOF when reading a line
Ask me anything: An error occurred: EOF when reading a line
Ask me anything: An error occurred: EOF when reading a line
Ask me anything: An error occurred: EOF when reading a line
Ask me anything: An error occurred: EOF when reading a line
Ask me anything: An error occurred: EOF when reading a line
Ask me anything: An error occurred: EOF when reading a line
Ask me anything: An error occurred: EOF when reading a line
Ask me anything: An error occurred: EOF when reading a line
Ask me anything: An error occurred: EOF when reading a line
Ask me anything: An error occurred: EOF when reading a line
Ask me anything: An error occurred: EOF when reading a line
Ask me anything: An error occurred: EOF when reading a line
Ask me anything: An error occurred: EOF when reading a line
Ask me anything: An error occurred: EOF when reading a line
Ask me anything: An error occurred: EOF when reading a line
Ask me anything: An error occurred: EOF when reading a line
Ask me anything: An error occurred: EOF when reading a line
Ask me anything: An error occurred: EOF when reading a line
Ask me anything: An error occurred: EOF when reading a line
Ask me anything: An error occurred: EOF when reading a line
Ask me anything: An error occurred: EOF when reading a line
Ask me anything: An error occurred: EOF when reading a line
Ask me anything: An error occurred: EOF when reading a line
Ask me anything: An error occurred: EOF when reading a line
Ask me anything: An error occurred: EOF when reading a line
Ask me anything: An error occurred: EOF when reading a line
Ask me anything: An error occurred: EOF when reading a line
Ask me anything: An error occurred: EOF when reading a line
Ask me anything: An error occurred: EOF when reading a line
Ask me anything: An error occurred: EOF when reading a line
Ask me anything: An error occurred: EOF when reading a line
Ask me anything: An error occurred: EOF when reading a line
Ask me anything: An error occurred: EOF when reading a line
Ask me anything: An error occurred: EOF when reading a line
Ask me anything: An error occurred: EOF when reading a line
Ask me anything: An error occurred: EOF when reading a line
Ask me anything: An error occurred: EOF when reading a line
Ask me anything: An error occurred: EOF when reading a line
Ask me anything: An error occurred: EOF when reading a line
Ask me anything: An error occurred: EOF when reading a line
Ask me anything: An error occurred: EOF when reading a line
Ask me anything: An error occurred: EOF when reading a line
Ask me anything: An error occurred: EOF when reading a line
Ask me anything: An error occurred: EOF when reading a line
Ask me anything: An error occurred: EOF when reading a line
Ask me anything: An error occurred: EOF when reading a line
Ask me anything: An error occurred: EOF when reading a line
Ask me anything: An error occurred: EOF when reading a line
Ask me anything: An error occurred: EOF when reading a line
Ask me anything: An error occurred: EOF when reading a line
Ask me anything: An error occurred: EOF when reading a line
Ask me anything: An error occurred: EOF when reading a line
Ask me anything: An error occurred: EOF when reading a line
Ask me anything: An error occurred: EOF when reading a line
Ask me anything: An error occurred: EOF when reading a line
Ask me anything: An error occurred: EOF when reading a line
Ask me anything: An error occurred: EOF when reading a line
Ask me anything: An error occurred: EOF when reading a line
Ask me anything: An error occurred: EOF when reading a line
Ask me anything: An error occurred: EOF when reading a line
Ask me anything: An error occurred: EOF when reading a line
Ask me anything: An error occurred: EOF when reading a line
Ask me anything: An error occurred: EOF when reading a line
Ask me anything: An error occurred: EOF when reading a line
Ask me anything: An error occurred: EOF when reading a line
Ask me anything: An error occurred: EOF when reading a line
Ask me anything: An error occurred: EOF when reading a line
Ask me anything: An error occurred: EOF when reading a line
Ask me anything: An error occurred: EOF when reading a line
Ask me anything: An error occurred: EOF when reading a line
Ask me anything: An error occurred: EOF when reading a line
Ask me anything: An error occurred: EOF when reading a line
Ask me anything: An error occurred: EOF when reading a line
Ask me anything: An error occurred: EOF when reading a line
Ask me anything: An error occurred: EOF when reading a line
Ask me anything: An error occurred: EOF when reading a line
Ask me anything: An error occurred: EOF when reading a line
Ask me anything: An error occurred: EOF when reading a line
Ask me anything: An error occurred: EOF when reading a line
Ask me anything: An error occurred: EOF when reading a line
Ask me anything: An error occurred: EOF when reading a line
Ask me anything: An error occurred: EOF when reading a line
Ask me anything: An error occurred: EOF when reading a line
Ask me anything: An error occurred: EOF when reading a line
Ask me anything: An error occurred: EOF when reading a line
Ask me anything: An error occurred: EOF when reading a line
Ask me anything: An error occurred: EOF when reading a line
Ask me anything: An error occurred: EOF when reading a line
Ask me anything: An error occurred: EOF when reading a line
Ask me anything: An error occurred: EOF when reading a line
Ask me anything: An error occurred: EOF when reading a line
Ask me anything: An error occurred: EOF when reading a line
Ask me anything: An error occurred: EOF when reading a line
Ask me anything: An error occurred: EOF when reading a line
Ask me anything: An error occurred: EOF when reading a line
Ask me anything: An error occurred: EOF when reading a line
Ask me anything: An error occurred: EOF when reading a line
Ask me anything: An error occurred: EOF when reading a line
Ask me anything: An error occurred: EOF when reading a line
Ask me anything: An error occurred: EOF when reading a line
Ask me anything: An error occurred: EOF when reading a line
Ask me anything: An error occurred: EOF when reading a line
Ask me anything: An error occurred: EOF when reading a line
Ask me anything: An error occurred: EOF when reading a line
Ask me anything: An error occurred: EOF when reading a line
Ask me anything: An error occurred: EOF when reading a line
Ask me anything: An error occurred: EOF when reading a line
Ask me anything: An error occurred: EOF when reading a line
Ask me anything: An error occurred: EOF when reading a line
Ask me anything: An error occurred: EOF when reading a line
Ask me anything: An error occurred: EOF when reading a line
Ask me anything: An error occurred: EOF when reading a line
Ask me anything: An error occurred: EOF when reading a line
Ask me anything: An error occurred: EOF when reading a line
Ask me anything: An error occurred: EOF when reading a line
Ask me anything: An error occurred: EOF when reading a line
Ask me anything: An error occurred: EOF when reading a line
Ask me anything: An error occurred: EOF when reading a line
Ask me anything: An error occurred: EOF when reading a line
Ask me anything: An error occurred: EOF when reading a line
Ask me anything: An error occurred: EOF when reading a line
Ask me anything: An error occurred: EOF when reading a line
Ask me anything: An error occurred: EOF when reading a line
Ask me anything: An error occurred: EOF when reading a line
Ask me anything: An error occurred: EOF when reading a line
Ask me anything: An error occurred: EOF when reading a line
Ask me anything: An error occurred: EOF when reading a line
Ask me anything: An error occurred: EOF when reading a line
Ask me anything: An error occurred: EOF when reading a line
Ask me anything: An error occurred: EOF when reading a line
Ask me anything: An error occurred: EOF when reading a line
Ask me anything: An error occurred: EOF when reading a line
Ask me anything: An error occurred: EOF when reading a line
Ask me anything: An error occurred: EOF when reading a line
Ask me anything: An error occurred: EOF when reading a line
Ask me anything: An error occurred: EOF when reading a line
Ask me anything: An error occurred: EOF when reading a line
Ask me anything: An error occurred: EOF when reading a line
Ask me anything: An error occurred: EOF when reading a line
Ask me anything: An error occurred: EOF when reading a line
Ask me anything: An error occurred: EOF when reading a line
Ask me anything: An error occurred: EOF when reading a line
Ask me anything: An error occurred: EOF when reading a line
Ask me anything: An error occurred: EOF when reading a line
Ask me anything: An error occurred: EOF when reading a line
Ask me anything: An error occurred: EOF when reading a line
Ask me anything: An error occurred: EOF when reading a line
Ask me anything: An error occurred: EOF when reading a line
Ask me anything: An error occurred: EOF when reading a line
Ask me anything: An error occurred: EOF when reading a line
Ask me anything: An error occurred: EOF when reading a line
Ask me anything: An error occurred: EOF when reading a line
Ask me anything: An error occurred: EOF when reading a line
Ask me anything: An error occurred: EOF when reading a line
Ask me anything: An error occurred: EOF when reading a line
Ask me anything: An error occurred: EOF when reading a line
Ask me anything: An error occurred: EOF when reading a line
Ask me anything: An error occurred: EOF when reading a line
Ask me anything: An error occurred: EOF when reading a line
Ask me anything: An error occurred: EOF when reading a line
Ask me anything: An error occurred: EOF when reading a line
Ask me anything: An error occurred: EOF when reading a line
Ask me anything: An error occurred: EOF when reading a line
Ask me anything: An error occurred: EOF when reading a line
Ask me anything: An error occurred: EOF when reading a line
Ask me anything: An error occurred: EOF when reading a line
Ask me anything: An error occurred: EOF when reading a line
Ask me anything: An error occurred: EOF when reading a line
Ask me anything: An error occurred: EOF when reading a line
Ask me anything: An error occurred: EOF when reading a line
Ask me anything: An error occurred: EOF when reading a line
Ask me anything: An error occurred: EOF when reading a line
Ask me anything: An error occurred: EOF when reading a line
Ask me anything: An error occurred: EOF when reading a line
Ask me anything: An error occurred: EOF when reading a line
Ask me anything: An error occurred: EOF when reading a line
Ask me anything: An error occurred: EOF when reading a line
Ask me anything: An error occurred: EOF when reading a line
Ask me anything: An error occurred: EOF when reading a line
Ask me anything: An error occurred: EOF when reading a line
Ask me anything: An error occurred: EOF when reading a line
Ask me anything: An error occurred: EOF when reading a line
Ask me anything: An error occurred: EOF when reading a line
Ask me anything: An error occurred: EOF when reading a line
Ask me anything: An error occurred: EOF when reading a line
Ask me anything: An error occurred: EOF when reading a line
Ask me anything: An error occurred: EOF when reading a line
Ask me anything: An error occurred: EOF when reading a line
Ask me anything: An error occurred: EOF when reading a line
Ask me anything: An error occurred: EOF when reading a line
Ask me anything: An error occurred: EOF when reading a line
Ask me anything: An error occurred: EOF when reading a line
Ask me anything: An error occurred: EOF when reading a line
Ask me anything: An error occurred: EOF when reading a line
Ask me anything: An error occurred: EOF when reading a line
Ask me anything: An error occurred: EOF when reading a line
Ask me anything: An error occurred: EOF when reading a line
Ask me anything: An error occurred: EOF when reading a line
Ask me anything: An error occurred: EOF when reading a line
Ask me anything: An error occurred: EOF when reading a line
Ask me anything: An error occurred: EOF when reading a line
Ask me anything: An error occurred: EOF when reading a line
Ask me anything: An error occurred: EOF when reading a line
Ask me anything: An error occurred: EOF when reading a line
Ask me anything: An error occurred: EOF when reading a line
Ask me anything: An error occurred: EOF when reading a line
Ask me anything: An error occurred: EOF when reading a line
Ask me anything: An error occurred: EOF when reading a line
Ask me anything: An error occurred: EOF when reading a line
Ask me anything: An error occurred: EOF when reading a line
Ask me anything: An error occurred: EOF when reading a line
Ask me anything: An error occurred: EOF when reading a line
Ask me anything: An error occurred: EOF when reading a line
Ask me anything: An error occurred: EOF when reading a line
Ask me anything: An error occurred: EOF when reading a line
Ask me anything: An error occurred: EOF when reading a line
Ask me anything: An error occurred: EOF when reading a line
Ask me anything: An error occurred: EOF when reading a line
Ask me anything: An error occurred: EOF when reading a line
Ask me anything: An error occurred: EOF when reading a line
Ask me anything: An error occurred: EOF when reading a line
Ask me anything: An error occurred: EOF when reading a line
Ask me anything: An error occurred: EOF when reading a line
Ask me anything: An error occurred: EOF when reading a line
Ask me anything: An error occurred: EOF when reading a line
Ask me anything: An error occurred: EOF when reading a line
Ask me anything: An error occurred: EOF when reading a line
Ask me anything: An error occurred: EOF when reading a line
Ask me anything: An error occurred: EOF when reading a line
Ask me anything: An error occurred: EOF when reading a line
Ask me anything: An error occurred: EOF when reading a line
Ask me anything: An error occurred: EOF when reading a line
Ask me anything: An error occurred: EOF when reading a line
Ask me anything: An error occurred: EOF when reading a line
Ask me anything: An error occurred: EOF when reading a line
Ask me anything: An error occurred: EOF when reading a line
Ask me anything: An error occurred: EOF when reading a line
Ask me anything: An error occurred: EOF when reading a line
Ask me anything: An error occurred: EOF when reading a line
Ask me anything: An error occurred: EOF when reading a line
Ask me anything: An error occurred: EOF when reading a line
Ask me anything: An error occurred: EOF when reading a line
Ask me anything: An error occurred: EOF when reading a line
Ask me anything: An error occurred: EOF when reading a line
Ask me anything: An error occurred: EOF when reading a line
Ask me anything: An error occurred: EOF when reading a line
Ask me anything: An error occurred: EOF when reading a line
Ask me anything: An error occurred: EOF when reading a line
Ask me anything: An error occurred: EOF when reading a line
Ask me anything: An error occurred: EOF when reading a line
Ask me anything: An error occurred: EOF when reading a line
Ask me anything: An error occurred: EOF when reading a line
Ask me anything: An error occurred: EOF when reading a line
Ask me anything: An error occurred: EOF when reading a line
Ask me anything: An error occurred: EOF when reading a line
Ask me anything: An error occurred: EOF when reading a line
Ask me anything: An error occurred: EOF when reading a line
Ask me anything: An error occurred: EOF when reading a line
Ask me anything: An error occurred: EOF when reading a line
Ask me anything: An error occurred: EOF when reading a line
Ask me anything: An error occurred: EOF when reading a line
Ask me anything: An error occurred: EOF when reading a line
Ask me anything: An error occurred: EOF when reading a line
Ask me anything: An error occurred: EOF when reading a line
Ask me anything: An error occurred: EOF when reading a line
Ask me anything: An error occurred: EOF when reading a line
Ask me anything: An error occurred: EOF when reading a line
Ask me anything: An error occurred: EOF when reading a line
Ask me anything: An error occurred: EOF when reading a line
Ask me anything: An error occurred: EOF when reading a line
Ask me anything: An error occurred: EOF when reading a line
Ask me anything: An error occurred: EOF when reading a line
Ask me anything: An error occurred: EOF when reading a line
Ask me anything: An error occurred: EOF when reading a line
Ask me anything: An error occurred: EOF when reading a line
Ask me anything: An error occurred: EOF when reading a line
Ask me anything: An error occurred: EOF when reading a line
Ask me anything: An error occurred: EOF when reading a line
Ask me anything: An error occurred: EOF when reading a line
Ask me anything: An error occurred: EOF when reading a line
Ask me anything: An error occurred: EOF when reading a line
Ask me anything: An error occurred: EOF when reading a line
Ask me anything: An error occurred: EOF when reading a line
Ask me anything: An error occurred: EOF when reading a line
Ask me anything: An error occurred: EOF when reading a line
Ask me anything: An error occurred: EOF when reading a line
Ask me anything: An error occurred: EOF when reading a line
Ask me anything: An error occurred: EOF when reading a line
Ask me anything: An error occurred: EOF when reading a line
Ask me anything: An error occurred: EOF when reading a line
Ask me anything: An error occurred: EOF when reading a line
Ask me anything: An error occurred: EOF when reading a line
Ask me anything: An error occurred: EOF when reading a line
Ask me anything: An error occurred: EOF when reading a line
Ask me anything: An error occurred: EOF when reading a line
Ask me anything: An error occurred: EOF when reading a line
Ask me anything: An error occurred: EOF when reading a line
Ask me anything: An error occurred: EOF when reading a line
Ask me anything: An error occurred: EOF when reading a line
Ask me anything: An error occurred: EOF when reading a line
Ask me anything: An error occurred: EOF when reading a line
Ask me anything: An error occurred: EOF when reading a line
Ask me anything: An error occurred: EOF when reading a line
Ask me anything: An error occurred: EOF when reading a line
Ask me anything: An error occurred: EOF when reading a line
Ask me anything: An error occurred: EOF when reading a line
Ask me anything: An error occurred: EOF when reading a line
Ask me anything: An error occurred: EOF when reading a line
Ask me anything: An error occurred: EOF when reading a line
Ask me anything: An error occurred: EOF when reading a line
Ask me anything: An error occurred: EOF when reading a line
Ask me anything: An error occurred: EOF when reading a line
Ask me anything: An error occurred: EOF when reading a line
Ask me anything: An error occurred: EOF when reading a line
Ask me anything: An error occurred: EOF when reading a line
Ask me anything: An error occurred: EOF when reading a line
Ask me anything: An error occurred: EOF when reading a line
Ask me anything: An error occurred: EOF when reading a line
Ask me anything: An error occurred: EOF when reading a line
Ask me anything: An error occurred: EOF when reading a line
Ask me anything: An error occurred: EOF when reading a line
Ask me anything: An error occurred: EOF when reading a line
Ask me anything: An error occurred: EOF when reading a line
Ask me anything: An error occurred: EOF when reading a line
Ask me anything: An error occurred: EOF when reading a line
Ask me anything: An error occurred: EOF when reading a line
Ask me anything: An error occurred: EOF when reading a line
Ask me anything: An error occurred: EOF when reading a line
Ask me anything: An error occurred: EOF when reading a line
Ask me anything: An error occurred: EOF when reading a line
Ask me anything: An error occurred: EOF when reading a line
Ask me anything: An error occurred: EOF when reading a line
Ask me anything: An error occurred: EOF when reading a line
Ask me anything: An error occurred: EOF when reading a line
Ask me anything: An error occurred: EOF when reading a line
Ask me anything: An error occurred: EOF when reading a line
Ask me anything: An error occurred: EOF when reading a line
Ask me anything: An error occurred: EOF when reading a line
Ask me anything: An error occurred: EOF when reading a line
Ask me anything: An error occurred: EOF when reading a line
Ask me anything: An error occurred: EOF when reading a line
Ask me anything: An error occurred: EOF when reading a line
Ask me anything: An error occurred: EOF when reading a line
Ask me anything: An error occurred: EOF when reading a line
Ask me anything: An error occurred: EOF when reading a line
Ask me anything: An error occurred: EOF when reading a line
Ask me anything: An error occurred: EOF when reading a line
Ask me anything: An error occurred: EOF when reading a line
Ask me anything: An error occurred: EOF when reading a line
Ask me anything: An error occurred: EOF when reading a line
Ask me anything: An error occurred: EOF when reading a line
Ask me anything: An error occurred: EOF when reading a line
Ask me anything: An error occurred: EOF when reading a line
Ask me anything: An error occurred: EOF when reading a line
Ask me anything: An error occurred: EOF when reading a line
Ask me anything: An error occurred: EOF when reading a line
Ask me anything: An error occurred: EOF when reading a line
Ask me anything: An error occurred: EOF when reading a line
Ask me anything: An error occurred: EOF when reading a line
Ask me anything: An error occurred: EOF when reading a line
Ask me anything: An error occurred: EOF when reading a line
Ask me anything: An error occurred: EOF when reading a line
Ask me anything: An error occurred: EOF when reading a line
Ask me anything: An error occurred: EOF when reading a line
Ask me anything: An error occurred: EOF when reading a line
Ask me anything: An error occurred: EOF when reading a line
Ask me anything: An error occurred: EOF when reading a line
Ask me anything: An error occurred: EOF when reading a line
Ask me anything: An error occurred: EOF when reading a line
Ask me anything: An error occurred: EOF when reading a line
Ask me anything: An error occurred: EOF when reading a line
Ask me anything: An error occurred: EOF when reading a line
Ask me anything: An error occurred: EOF when reading a line
Ask me anything: An error occurred: EOF when reading a line
Ask me anything: An error occurred: EOF when reading a line
Ask me anything: An error occurred: EOF when reading a line
Ask me anything: An error occurred: EOF when reading a line
Ask me anything: An error occurred: EOF when reading a line
Ask me anything: An error occurred: EOF when reading a line
Ask me anything: An error occurred: EOF when reading a line
Ask me anything: An error occurred: EOF when reading a line
Ask me anything: An error occurred: EOF when reading a line
Ask me anything: An error occurred: EOF when reading a line
Ask me anything: An error occurred: EOF when reading a line
Ask me anything: An error occurred: EOF when reading a line
Ask me anything: An error occurred: EOF when reading a line
Ask me anything: An error occurred: EOF when reading a line
Ask me anything: An error occurred: EOF when reading a line
Ask me anything: An error occurred: EOF when reading a line
Ask me anything: An error occurred: EOF when reading a line
Ask me anything: An error occurred: EOF when reading a line
Ask me anything: An error occurred: EOF when reading a line
Ask me anything: An error occurred: EOF when reading a line
Ask me anything: An error occurred: EOF when reading a line
Ask me anything: An error occurred: EOF when reading a line
Ask me anything: An error occurred: EOF when reading a line
Ask me anything: An error occurred: EOF when reading a line
Ask me anything: An error occurred: EOF when reading a line
Ask me anything: An error occurred: EOF when reading a line
Ask me anything: An error occurred: EOF when reading a line
Ask me anything: An error occurred: EOF when reading a line
Ask me anything: An error occurred: EOF when reading a line
Ask me anything: An error occurred: EOF when reading a line
Ask me anything: An error occurred: EOF when reading a line
Ask me anything: An error occurred: EOF when reading a line
Ask me anything: An error occurred: EOF when reading a line
Ask me anything: An error occurred: EOF when reading a line
Ask me anything: An error occurred: EOF when reading a line
Ask me anything: An error occurred: EOF when reading a line
Ask me anything: An error occurred: EOF when reading a line
Ask me anything: An error occurred: EOF when reading a line
Ask me anything: An error occurred: EOF when reading a line
Ask me anything: An error occurred: EOF when reading a line
Ask me anything: An error occurred: EOF when reading a line
Ask me anything: An error occurred: EOF when reading a line
Ask me anything: An error occurred: EOF when reading a line
Ask me anything: An error occurred: EOF when reading a line
Ask me anything: An error occurred: EOF when reading a line
Ask me anything: An error occurred: EOF when reading a line
Ask me anything: An error occurred: EOF when reading a line
Ask me anything: An error occurred: EOF when reading a line
Ask me anything: An error occurred: EOF when reading a line
Ask me anything: An error occurred: EOF when reading a line
Ask me anything: An error occurred: EOF when reading a line
Ask me anything: An error occurred: EOF when reading a line
Ask me anything: An error occurred: EOF when reading a line
Ask me anything: An error occurred: EOF when reading a line
Ask me anything: An error occurred: EOF when reading a line
Ask me anything: An error occurred: EOF when reading a line
Ask me anything: An error occurred: EOF when reading a line
Ask me anything: An error occurred: EOF when reading a line
Ask me anything: An error occurred: EOF when reading a line
Ask me anything: An error occurred: EOF when reading a line
Ask me anything: An error occurred: EOF when reading a line
Ask me anything: An error occurred: EOF when reading a line
Ask me anything: An error occurred: EOF when reading a line
Ask me anything: An error occurred: EOF when reading a line
Ask me anything: An error occurred: EOF when reading a line
Ask me anything: An error occurred: EOF when reading a line
Ask me anything: An error occurred: EOF when reading a line
Ask me anything: An error occurred: EOF when reading a line
Ask me anything: An error occurred: EOF when reading a line
Ask me anything: An error occurred: EOF when reading a line
Ask me anything: An error occurred: EOF when reading a line
Ask me anything: An error occurred: EOF when reading a line
Ask me anything: An error occurred: EOF when reading a line
Ask me anything: An error occurred: EOF when reading a line
Ask me anything: An error occurred: EOF when reading a line
Ask me anything: An error occurred: EOF when reading a line
Ask me anything: An error occurred: EOF when reading a line
Ask me anything: An error occurred: EOF when reading a line
Ask me anything: An error occurred: EOF when reading a line
Ask me anything: An error occurred: EOF when reading a line
Ask me anything: An error occurred: EOF when reading a line
Ask me anything: An error occurred: EOF when reading a line
Ask me anything: An error occurred: EOF when reading a line
Ask me anything: An error occurred: EOF when reading a line
Ask me anything: An error occurred: EOF when reading a line
Ask me anything: An error occurred: EOF when reading a line
Ask me anything: An error occurred: EOF when reading a line
Ask me anything: An error occurred: EOF when reading a line
Ask me anything: An error occurred: EOF when reading a line
Ask me anything: An error occurred: EOF when reading a line
Ask me anything: An error occurred: EOF when reading a line
Ask me anything: An error occurred: EOF when reading a line
Ask me anything: An error occurred: EOF when reading a line
Ask me anything: An error occurred: EOF when reading a line
Ask me anything: An error occurred: EOF when reading a line
Ask me anything: An error occurred: EOF when reading a line
Ask me anything: An error occurred: EOF when reading a line
Ask me anything: An error occurred: EOF when reading a line
Ask me anything: An error occurred: EOF when reading a line
Ask me anything: An error occurred: EOF when reading a line
Ask me anything: An error occurred: EOF when reading a line
Ask me anything: An error occurred: EOF when reading a line
Ask me anything: An error occurred: EOF when reading a line
Ask me anything: An error occurred: EOF when reading a line
Ask me anything: An error occurred: EOF when reading a line
Ask me anything: An error occurred: EOF when reading a line
Ask me anything: An error occurred: EOF when reading a line
Ask me anything: An error occurred: EOF when reading a line
Ask me anything: An error occurred: EOF when reading a line
Ask me anything: An error occurred: EOF when reading a line
Ask me anything: An error occurred: EOF when reading a line
Ask me anything: An error occurred: EOF when reading a line
Ask me anything: An error occurred: EOF when reading a line
Ask me anything: An error occurred: EOF when reading a line
Ask me anything: An error occurred: EOF when reading a line
Ask me anything: An error occurred: EOF when reading a line
Ask me anything: An error occurred: EOF when reading a line
Ask me anything: An error occurred: EOF when reading a line
Ask me anything: An error occurred: EOF when reading a line
Ask me anything: An error occurred: EOF when reading a line
Ask me anything: An error occurred: EOF when reading a line
Ask me anything: An error occurred: EOF when reading a line
Ask me anything: An error occurred: EOF when reading a line
Ask me anything: An error occurred: EOF when reading a line
Ask me anything: An error occurred: EOF when reading a line
Ask me anything: An error occurred: EOF when reading a line
Ask me anything: An error occurred: EOF when reading a line
Ask me anything: An error occurred: EOF when reading a line
Ask me anything: An error occurred: EOF when reading a line
Ask me anything: An error occurred: EOF when reading a line
Ask me anything: An error occurred: EOF when reading a line
Ask me anything: An error occurred: EOF when reading a line
Ask me anything: An error occurred: EOF when reading a line
Ask me anything: An error occurred: EOF when reading a line
Ask me anything: An error occurred: EOF when reading a line
Ask me anything: An error occurred: EOF when reading a line
Ask me anything: An error occurred: EOF when reading a line
Ask me anything: An error occurred: EOF when reading a line
Ask me anything: An error occurred: EOF when reading a line
Ask me anything: An error occurred: EOF when reading a line
Ask me anything: An error occurred: EOF when reading a line
Ask me anything: An error occurred: EOF when reading a line
Ask me anything: An error occurred: EOF when reading a line
Ask me anything: An error occurred: EOF when reading a line
Ask me anything: An error occurred: EOF when reading a line
Ask me anything: An error occurred: EOF when reading a line
Ask me anything: An error occurred: EOF when reading a line
Ask me anything: An error occurred: EOF when reading a line
Ask me anything: An error occurred: EOF when reading a line
Ask me anything: An error occurred: EOF when reading a line
Ask me anything: An error occurred: EOF when reading a line
Ask me anything: An error occurred: EOF when reading a line
Ask me anything: An error occurred: EOF when reading a line
Ask me anything: An error occurred: EOF when reading a line
Ask me anything: An error occurred: EOF when reading a line
Ask me anything: An error occurred: EOF when reading a line
Ask me anything: An error occurred: EOF when reading a line
Ask me anything: An error occurred: EOF when reading a line
Ask me anything: An error occurred: EOF when reading a line
Ask me anything: An error occurred: EOF when reading a line
Ask me anything: An error occurred: EOF when reading a line
Ask me anything: An error occurred: EOF when reading a line
Ask me anything: An error occurred: EOF when reading a line
Ask me anything: An error occurred: EOF when reading a line
Ask me anything: An error occurred: EOF when reading a line
Ask me anything: An error occurred: EOF when reading a line
Ask me anything: An error occurred: EOF when reading a line
Ask me anything: An error occurred: EOF when reading a line
Ask me anything: An error occurred: EOF when reading a line
Ask me anything: An error occurred: EOF when reading a line
Ask me anything: An error occurred: EOF when reading a line
Ask me anything: An error occurred: EOF when reading a line
Ask me anything: An error occurred: EOF when reading a line
Ask me anything: An error occurred: EOF when reading a line
Ask me anything: An error occurred: EOF when reading a line
Ask me anything: An error occurred: EOF when reading a line
Ask me anything: An error occurred: EOF when reading a line
Ask me anything: An error occurred: EOF when reading a line
Ask me anything: An error occurred: EOF when reading a line
Ask me anything: An error occurred: EOF when reading a line
Ask me anything: An error occurred: EOF when reading a line
Ask me anything: An error occurred: EOF when reading a line
Ask me anything: An error occurred: EOF when reading a line
Ask me anything: An error occurred: EOF when reading a line
Ask me anything: An error occurred: EOF when reading a line
Ask me anything: An error occurred: EOF when reading a line
Ask me anything: An error occurred: EOF when reading a line
Ask me anything: An error occurred: EOF when reading a line
Ask me anything: An error occurred: EOF when reading a line
Ask me anything: An error occurred: EOF when reading a line
Ask me anything: An error occurred: EOF when reading a line
Ask me anything: An error occurred: EOF when reading a line
Ask me anything: An error occurred: EOF when reading a line
Ask me anything: An error occurred: EOF when reading a line
Ask me anything: An error occurred: EOF when reading a line
Ask me anything: An error occurred: EOF when reading a line
Ask me anything: An error occurred: EOF when reading a line
Ask me anything: An error occurred: EOF when reading a line
Ask me anything: An error occurred: EOF when reading a line
Ask me anything: An error occurred: EOF when reading a line
Ask me anything: An error occurred: EOF when reading a line
Ask me anything: An error occurred: EOF when reading a line
Ask me anything: An error occurred: EOF when reading a line
Ask me anything: An error occurred: EOF when reading a line
Ask me anything: An error occurred: EOF when reading a line
Ask me anything: An error occurred: EOF when reading a line
Ask me anything: An error occurred: EOF when reading a line
Ask me anything: An error occurred: EOF when reading a line
Ask me anything: An error occurred: EOF when reading a line
Ask me anything: An error occurred: EOF when reading a line
Ask me anything: An error occurred: EOF when reading a line
Ask me anything: An error occurred: EOF when reading a line
Ask me anything: An error occurred: EOF when reading a line
Ask me anything: An error occurred: EOF when reading a line
Ask me anything: An error occurred: EOF when reading a line
Ask me anything: An error occurred: EOF when reading a line
Ask me anything: An error occurred: EOF when reading a line
Ask me anything: An error occurred: EOF when reading a line
Ask me anything: An error occurred: EOF when reading a line
Ask me anything: An error occurred: EOF when reading a line
Ask me anything: An error occurred: EOF when reading a line
Ask me anything: An error occurred: EOF when reading a line
Ask me anything: An error occurred: EOF when reading a line
Ask me anything: An error occurred: EOF when reading a line
Ask me anything: An error occurred: EOF when reading a line
Ask me anything: An error occurred: EOF when reading a line
Ask me anything: An error occurred: EOF when reading a line
Ask me anything: An error occurred: EOF when reading a line
Ask me anything: An error occurred: EOF when reading a line
Ask me anything: An error occurred: EOF when reading a line
Ask me anything: An error occurred: EOF when reading a line
Ask me anything: An error occurred: EOF when reading a line
Ask me anything: An error occurred: EOF when reading a line
Ask me anything: An error occurred: EOF when reading a line
Ask me anything: An error occurred: EOF when reading a line
Ask me anything: An error occurred: EOF when reading a line
Ask me anything: An error occurred: EOF when reading a line
Ask me anything: An error occurred: EOF when reading a line
Ask me anything: An error occurred: EOF when reading a line
Ask me anything: An error occurred: EOF when reading a line
Ask me anything: An error occurred: EOF when reading a line
Ask me anything: An error occurred: EOF when reading a line
Ask me anything: An error occurred: EOF when reading a line
Ask me anything: An error occurred: EOF when reading a line
Ask me anything: An error occurred: EOF when reading a line
Ask me anything: An error occurred: EOF when reading a line
Ask me anything: An error occurred: EOF when reading a line
Ask me anything: An error occurred: EOF when reading a line
Ask me anything: An error occurred: EOF when reading a line
Ask me anything: An error occurred: EOF when reading a line
Ask me anything: An error occurred: EOF when reading a line
Ask me anything: An error occurred: EOF when reading a line
Ask me anything: An error occurred: EOF when reading a line
Ask me anything: An error occurred: EOF when reading a line
Ask me anything: An error occurred: EOF when reading a line
Ask me anything: An error occurred: EOF when reading a line
Ask me anything: An error occurred: EOF when reading a line
Ask me anything: An error occurred: EOF when reading a line
Ask me anything: An error occurred: EOF when reading a line
Ask me anything: An error occurred: EOF when reading a line
Ask me anything: An error occurred: EOF when reading a line
Ask me anything: An error occurred: EOF when reading a line
Ask me anything: An error occurred: EOF when reading a line
Ask me anything: An error occurred: EOF when reading a line
Ask me anything: An error occurred: EOF when reading a line
Ask me anything: An error occurred: EOF when reading a line
Ask me anything: An error occurred: EOF when reading a line
Ask me anything: An error occurred: EOF when reading a line
Ask me anything: An error occurred: EOF when reading a line
Ask me anything: An error occurred: EOF when reading a line
Ask me anything: An error occurred: EOF when reading a line
Ask me anything: An error occurred: EOF when reading a line
Ask me anything: An error occurred: EOF when reading a line
Ask me anything: An error occurred: EOF when reading a line
Ask me anything: An error occurred: EOF when reading a line
Ask me anything: An error occurred: EOF when reading a line
Ask me anything: An error occurred: EOF when reading a line
Ask me anything: An error occurred: EOF when reading a line
Ask me anything: An error occurred: EOF when reading a line
Ask me anything: An error occurred: EOF when reading a line
Ask me anything: An error occurred: EOF when reading a line
Ask me anything: An error occurred: EOF when reading a line
Ask me anything: An error occurred: EOF when reading a line
Ask me anything: An error occurred: EOF when reading a line
Ask me anything: An error occurred: EOF when reading a line
Ask me anything: An error occurred: EOF when reading a line
Ask me anything: An error occurred: EOF when reading a line
Ask me anything: An error occurred: EOF when reading a line
Ask me anything: An error occurred: EOF when reading a line
Ask me anything: An error occurred: EOF when reading a line
Ask me anything: An error occurred: EOF when reading a line
Ask me anything: An error occurred: EOF when reading a line
Ask me anything: An error occurred: EOF when reading a line
Ask me anything: An error occurred: EOF when reading a line
Ask me anything: An error occurred: EOF when reading a line
Ask me anything: An error occurred: EOF when reading a line
Ask me anything: An error occurred: EOF when reading a line
Ask me anything: An error occurred: EOF when reading a line
Ask me anything: An error occurred: EOF when reading a line
Ask me anything: An error occurred: EOF when reading a line
Ask me anything: An error occurred: EOF when reading a line
Ask me anything: An error occurred: EOF when reading a line
Ask me anything: An error occurred: EOF when reading a line
Ask me anything: An error occurred: EOF when reading a line
Ask me anything: An error occurred: EOF when reading a line
Ask me anything: An error occurred: EOF when reading a line
Ask me anything: An error occurred: EOF when reading a line
Ask me anything: An error occurred: EOF when reading a line
Ask me anything: An error occurred: EOF when reading a line
Ask me anything: An error occurred: EOF when reading a line
Ask me anything: An error occurred: EOF when reading a line
Ask me anything: An error occurred: EOF when reading a line
Ask me anything: An error occurred: EOF when reading a line
Ask me anything: An error occurred: EOF when reading a line
Ask me anything: An error occurred: EOF when reading a line
Ask me anything: An error occurred: EOF when reading a line
Ask me anything: An error occurred: EOF when reading a line
Ask me anything: An error occurred: EOF when reading a line
Ask me anything: An error occurred: EOF when reading a line
Ask me anything: An error occurred: EOF when reading a line
Ask me anything: An error occurred: EOF when reading a line
Ask me anything: An error occurred: EOF when reading a line
Ask me anything: An error occurred: EOF when reading a line
Ask me anything: An error occurred: EOF when reading a line
Ask me anything: An error occurred: EOF when reading a line
Ask me anything: An error occurred: EOF when reading a line
Ask me anything: An error occurred: EOF when reading a line
Ask me anything: An error occurred: EOF when reading a line
Ask me anything: An error occurred: EOF when reading a line
Ask me anything: An error occurred: EOF when reading a line
Ask me anything: An error occurred: EOF when reading a line
Ask me anything: An error occurred: EOF when reading a line
Ask me anything: An error occurred: EOF when reading a line
Ask me anything: An error occurred: EOF when reading a line
Ask me anything: An error occurred: EOF when reading a line
Ask me anything: An error occurred: EOF when reading a line
Ask me anything: An error occurred: EOF when reading a line
Ask me anything: An error occurred: EOF when reading a line
Ask me anything: An error occurred: EOF when reading a line
Ask me anything: An error occurred: EOF when reading a line
Ask me anything: An error occurred: EOF when reading a line
Ask me anything: An error occurred: EOF when reading a line
Ask me anything: An error occurred: EOF when reading a line
Ask me anything: An error occurred: EOF when reading a line
Ask me anything: An error occurred: EOF when reading a line
Ask me anything: An error occurred: EOF when reading a line
Ask me anything: An error occurred: EOF when reading a line
Ask me anything: An error occurred: EOF when reading a line
Ask me anything: An error occurred: EOF when reading a line
Ask me anything: An error occurred: EOF when reading a line
Ask me anything: An error occurred: EOF when reading a line
Ask me anything: An error occurred: EOF when reading a line
Ask me anything: An error occurred: EOF when reading a line
Ask me anything: An error occurred: EOF when reading a line
Ask me anything: An error occurred: EOF when reading a line
Ask me anything: An error occurred: EOF when reading a line
Ask me anything: An error occurred: EOF when reading a line
Ask me anything: An error occurred: EOF when reading a line
Ask me anything: An error occurred: EOF when reading a line
Ask me anything: An error occurred: EOF when reading a line
Ask me anything: An error occurred: EOF when reading a line
Ask me anything: An error occurred: EOF when reading a line
Ask me anything: An error occurred: EOF when reading a line
Ask me anything: An error occurred: EOF when reading a line
Ask me anything: An error occurred: EOF when reading a line
Ask me anything: An error occurred: EOF when reading a line
Ask me anything: An error occurred: EOF when reading a line
Ask me anything: An error occurred: EOF when reading a line
Ask me anything: An error occurred: EOF when reading a line
Ask me anything: An error occurred: EOF when reading a line
Ask me anything: An error occurred: EOF when reading a line
Ask me anything: An error occurred: EOF when reading a line
Ask me anything: An error occurred: EOF when reading a line
Ask me anything: An error occurred: EOF when reading a line
Ask me anything: An error occurred: EOF when reading a line
Ask me anything: An error occurred: EOF when reading a line
Ask me anything: An error occurred: EOF when reading a line
Ask me anything: An error occurred: EOF when reading a line
Ask me anything: An error occurred: EOF when reading a line
Ask me anything: An error occurred: EOF when reading a line
Ask me anything: An error occurred: EOF when reading a line
Ask me anything: An error occurred: EOF when reading a line
Ask me anything: An error occurred: EOF when reading a line
Ask me anything: An error occurred: EOF when reading a line
Ask me anything: An error occurred: EOF when reading a line
Ask me anything: An error occurred: EOF when reading a line
Ask me anything: An error occurred: EOF when reading a line
Ask me anything: An error occurred: EOF when reading a line
Ask me anything: An error occurred: EOF when reading a line
Ask me anything: An error occurred: EOF when reading a line
Ask me anything: An error occurred: EOF when reading a line
Ask me anything: An error occurred: EOF when reading a line
Ask me anything: An error occurred: EOF when reading a line
Ask me anything: An error occurred: EOF when reading a line
Ask me anything: An error occurred: EOF when reading a line
Ask me anything: An error occurred: EOF when reading a line
Ask me anything: An error occurred: EOF when reading a line
Ask me anything: An error occurred: EOF when reading a line
Ask me anything: An error occurred: EOF when reading a line
Ask me anything: An error occurred: EOF when reading a line
Ask me anything: An error occurred: EOF when reading a line
Ask me anything: An error occurred: EOF when reading a line
Ask me anything: An error occurred: EOF when reading a line
Ask me anything: An error occurred: EOF when reading a line
Ask me anything: An error occurred: EOF when reading a line
Ask me anything: An error occurred: EOF when reading a line
Ask me anything: An error occurred: EOF when reading a line
Ask me anything: An error occurred: EOF when reading a line
Ask me anything: An error occurred: EOF when reading a line
Ask me anything: An error occurred: EOF when reading a line
Ask me anything: An error occurred: EOF when reading a line
Ask me anything: An error occurred: EOF when reading a line
Ask me anything: An error occurred: EOF when reading a line
Ask me anything: An error occurred: EOF when reading a line
Ask me anything: An error occurred: EOF when reading a line
Ask me anything: An error occurred: EOF when reading a line
Ask me anything: An error occurred: EOF when reading a line
Ask me anything: An error occurred: EOF when reading a line
Ask me anything: An error occurred: EOF when reading a line
Ask me anything: An error occurred: EOF when reading a line
Ask me anything: An error occurred: EOF when reading a line
Ask me anything: An error occurred: EOF when reading a line
Ask me anything: An error occurred: EOF when reading a line
Ask me anything: An error occurred: EOF when reading a line
Ask me anything: An error occurred: EOF when reading a line
Ask me anything: An error occurred: EOF when reading a line
Ask me anything: An error occurred: EOF when reading a line
Ask me anything: An error occurred: EOF when reading a line
Ask me anything: An error occurred: EOF when reading a line
Ask me anything: An error occurred: EOF when reading a line
Ask me anything: An error occurred: EOF when reading a line
Ask me anything: An error occurred: EOF when reading a line
Ask me anything: An error occurred: EOF when reading a line
Ask me anything: An error occurred: EOF when reading a line
Ask me anything: An error occurred: EOF when reading a line
Ask me anything: An error occurred: EOF when reading a line
Ask me anything: An error occurred: EOF when reading a line
Ask me anything: An error occurred: EOF when reading a line
Ask me anything: An error occurred: EOF when reading a line
Ask me anything: An error occurred: EOF when reading a line
Ask me anything: An error occurred: EOF when reading a line
Ask me anything: An error occurred: EOF when reading a line
Ask me anything: An error occurred: EOF when reading a line
Ask me anything: An error occurred: EOF when reading a line
Ask me anything: An error occurred: EOF when reading a line
Ask me anything: An error occurred: EOF when reading a line
Ask me anything: An error occurred: EOF when reading a line
Ask me anything: An error occurred: EOF when reading a line
Ask me anything: An error occurred: EOF when reading a line
Ask me anything: An error occurred: EOF when reading a line
Ask me anything: An error occurred: EOF when reading a line
Ask me anything: An error occurred: EOF when reading a line
Ask me anything: An error occurred: EOF when reading a line
Ask me anything: An error occurred: EOF when reading a line
Ask me anything: An error occurred: EOF when reading a line
Ask me anything: An error occurred: EOF when reading a line
Ask me anything: An error occurred: EOF when reading a line
Ask me anything: An error occurred: EOF when reading a line
Ask me anything: An error occurred: EOF when reading a line
Ask me anything: An error occurred: EOF when reading a line
Ask me anything: An error occurred: EOF when reading a line
Ask me anything: An error occurred: EOF when reading a line
Ask me anything: An error occurred: EOF when reading a line
Ask me anything: An error occurred: EOF when reading a line
Ask me anything: An error occurred: EOF when reading a line
Ask me anything: An error occurred: EOF when reading a line
Ask me anything: An error occurred: EOF when reading a line
Ask me anything: An error occurred: EOF when reading a line
Ask me anything: An error occurred: EOF when reading a line
Ask me anything: An error occurred: EOF when reading a line
Ask me anything: An error occurred: EOF when reading a line
Ask me anything: An error occurred: EOF when reading a line
Ask me anything: An error occurred: EOF when reading a line
Ask me anything: An error occurred: EOF when reading a line
Ask me anything: An error occurred: EOF when reading a line
Ask me anything: An error occurred: EOF when reading a line
Ask me anything: An error occurred: EOF when reading a line
Ask me anything: An error occurred: EOF when reading a line
Ask me anything: An error occurred: EOF when reading a line
Ask me anything: An error occurred: EOF when reading a line
Ask me anything: An error occurred: EOF when reading a line
Ask me anything: An error occurred: EOF when reading a line
Ask me anything: An error occurred: EOF when reading a line
Ask me anything: An error occurred: EOF when reading a line
Ask me anything: An error occurred: EOF when reading a line
Ask me anything: An error occurred: EOF when reading a line
Ask me anything: An error occurred: EOF when reading a line
Ask me anything: An error occurred: EOF when reading a line
Ask me anything: An error occurred: EOF when reading a line
Ask me anything: An error occurred: EOF when reading a line
Ask me anything: An error occurred: EOF when reading a line
Ask me anything: An error occurred: EOF when reading a line
Ask me anything: An error occurred: EOF when reading a line
Ask me anything: An error occurred: EOF when reading a line
Ask me anything: An error occurred: EOF when reading a line
Ask me anything: An error occurred: EOF when reading a line
Ask me anything: An error occurred: EOF when reading a line
Ask me anything: An error occurred: EOF when reading a line
Ask me anything: An error occurred: EOF when reading a line
Ask me anything: An error occurred: EOF when reading a line
Ask me anything: An error occurred: EOF when reading a line
Ask me anything: An error occurred: EOF when reading a line
Ask me anything: An error occurred: EOF when reading a line
Ask me anything: An error occurred: EOF when reading a line
Ask me anything: An error occurred: EOF when reading a line
Ask me anything: An error occurred: EOF when reading a line
Ask me anything: An error occurred: EOF when reading a line
Ask me anything: An error occurred: EOF when reading a line
Ask me anything: An error occurred: EOF when reading a line
Ask me anything: An error occurred: EOF when reading a line
Ask me anything: An error occurred: EOF when reading a line
Ask me anything: An error occurred: EOF when reading a line
Ask me anything: An error occurred: EOF when reading a line
Ask me anything: An error occurred: EOF when reading a line
Ask me anything: An error occurred: EOF when reading a line
Ask me anything: An error occurred: EOF when reading a line
Ask me anything: An error occurred: EOF when reading a line
Ask me anything: An error occurred: EOF when reading a line
Ask me anything: An error occurred: EOF when reading a line
Ask me anything: An error occurred: EOF when reading a line
Ask me anything: An error occurred: EOF when reading a line
Ask me anything: An error occurred: EOF when reading a line
Ask me anything: An error occurred: EOF when reading a line
Ask me anything: An error occurred: EOF when reading a line
Ask me anything: An error occurred: EOF when reading a line
Ask me anything: An error occurred: EOF when reading a line
Ask me anything: An error occurred: EOF when reading a line
Ask me anything: An error occurred: EOF when reading a line
Ask me anything: An error occurred: EOF when reading a line
Ask me anything: An error occurred: EOF when reading a line
Ask me anything: An error occurred: EOF when reading a line
Ask me anything: An error occurred: EOF when reading a line
Ask me anything: An error occurred: EOF when reading a line
Ask me anything: An error occurred: EOF when reading a line
Ask me anything: An error occurred: EOF when reading a line
Ask me anything: An error occurred: EOF when reading a line
Ask me anything: An error occurred: EOF when reading a line
Ask me anything: An error occurred: EOF when reading a line
Ask me anything: An error occurred: EOF when reading a line
Ask me anything: An error occurred: EOF when reading a line
Ask me anything: An error occurred: EOF when reading a line
Ask me anything: An error occurred: EOF when reading a line
Ask me anything: An error occurred: EOF when reading a line
Ask me anything: An error occurred: EOF when reading a line
Ask me anything: An error occurred: EOF when reading a line
Ask me anything: An error occurred: EOF when reading a line
Ask me anything: An error occurred: EOF when reading a line
Ask me anything: An error occurred: EOF when reading a line
Ask me anything: An error occurred: EOF when reading a line
Ask me anything: An error occurred: EOF when reading a line
Ask me anything: An error occurred: EOF when reading a line
Ask me anything: An error occurred: EOF when reading a line
Ask me anything: An error occurred: EOF when reading a line
Ask me anything: An error occurred: EOF when reading a line
Ask me anything: An error occurred: EOF when reading a line
Ask me anything: An error occurred: EOF when reading a line
Ask me anything: An error occurred: EOF when reading a line
Ask me anything: An error occurred: EOF when reading a line
Ask me anything: An error occurred: EOF when reading a line
Ask me anything: An error occurred: EOF when reading a line
Ask me anything: An error occurred: EOF when reading a line
Ask me anything: An error occurred: EOF when reading a line
Ask me anything: An error occurred: EOF when reading a line
Ask me anything: An error occurred: EOF when reading a line
Ask me anything: An error occurred: EOF when reading a line
Ask me anything: An error occurred: EOF when reading a line
Ask me anything: An error occurred: EOF when reading a line
Ask me anything: An error occurred: EOF when reading a line
Ask me anything: An error occurred: EOF when reading a line
Ask me anything: An error occurred: EOF when reading a line
Ask me anything: An error occurred: EOF when reading a line
Ask me anything: An error occurred: EOF when reading a line
Ask me anything: An error occurred: EOF when reading a line
Ask me anything: An error occurred: EOF when reading a line
Ask me anything: An error occurred: EOF when reading a line
Ask me anything: An error occurred: EOF when reading a line
Ask me anything: An error occurred: EOF when reading a line
Ask me anything: An error occurred: EOF when reading a line
Ask me anything: An error occurred: EOF when reading a line
Ask me anything: An error occurred: EOF when reading a line
Ask me anything: An error occurred: EOF when reading a line
Ask me anything: An error occurred: EOF when reading a line
Ask me anything: An error occurred: EOF when reading a line
Ask me anything: An error occurred: EOF when reading a line
Ask me anything: An error occurred: EOF when reading a line
Ask me anything: An error occurred: EOF when reading a line
Ask me anything: An error occurred: EOF when reading a line
Ask me anything: An error occurred: EOF when reading a line
Ask me anything: An error occurred: EOF when reading a line
Ask me anything: An error occurred: EOF when reading a line
Ask me anything: An error occurred: EOF when reading a line
Ask me anything: An error occurred: EOF when reading a line
Ask me anything: An error occurred: EOF when reading a line
Ask me anything: An error occurred: EOF when reading a line
Ask me anything: An error occurred: EOF when reading a line
Ask me anything: An error occurred: EOF when reading a line
Ask me anything: An error occurred: EOF when reading a line
Ask me anything: An error occurred: EOF when reading a line
Ask me anything: An error occurred: EOF when reading a line
Ask me anything: An error occurred: EOF when reading a line
Ask me anything: An error occurred: EOF when reading a line
Ask me anything: An error occurred: EOF when reading a line
Ask me anything: An error occurred: EOF when reading a line
Ask me anything: An error occurred: EOF when reading a line
Ask me anything: An error occurred: EOF when reading a line
Ask me anything: An error occurred: EOF when reading a line
Ask me anything: An error occurred: EOF when reading a line
Ask me anything: An error occurred: EOF when reading a line
Ask me anything: An error occurred: EOF when reading a line
Ask me anything: An error occurred: EOF when reading a line
Ask me anything: An error occurred: EOF when reading a line
Ask me anything: An error occurred: EOF when reading a line
Ask me anything: An error occurred: EOF when reading a line
Ask me anything: An error occurred: EOF when reading a line
Ask me anything: An error occurred: EOF when reading a line
Ask me anything: An error occurred: EOF when reading a line
Ask me anything: An error occurred: EOF when reading a line
Ask me anything: An error occurred: EOF when reading a line
Ask me anything: An error occurred: EOF when reading a line
Ask me anything: An error occurred: EOF when reading a line
Ask me anything: An error occurred: EOF when reading a line
Ask me anything: An error occurred: EOF when reading a line
Ask me anything: An error occurred: EOF when reading a line
Ask me anything: An error occurred: EOF when reading a line
Ask me anything: An error occurred: EOF when reading a line
Ask me anything: An error occurred: EOF when reading a line
Ask me anything: An error occurred: EOF when reading a line
Ask me anything: An error occurred: EOF when reading a line
Ask me anything: An error occurred: EOF when reading a line
Ask me anything: An error occurred: EOF when reading a line
Ask me anything: An error occurred: EOF when reading a line
Ask me anything: An error occurred: EOF when reading a line
Ask me anything: An error occurred: EOF when reading a line
Ask me anything: An error occurred: EOF when reading a line
Ask me anything: An error occurred: EOF when reading a line
Ask me anything: An error occurred: EOF when reading a line
Ask me anything: An error occurred: EOF when reading a line
Ask me anything: An error occurred: EOF when reading a line
Ask me anything: An error occurred: EOF when reading a line
Ask me anything: An error occurred: EOF when reading a line
Ask me anything: An error occurred: EOF when reading a line
Ask me anything: An error occurred: EOF when reading a line
Ask me anything: An error occurred: EOF when reading a line
Ask me anything: An error occurred: EOF when reading a line
Ask me anything: An error occurred: EOF when reading a line
Ask me anything: An error occurred: EOF when reading a line
Ask me anything: An error occurred: EOF when reading a line
Ask me anything: An error occurred: EOF when reading a line
Ask me anything: An error occurred: EOF when reading a line
Ask me anything: An error occurred: EOF when reading a line
Ask me anything: An error occurred: EOF when reading a line
Ask me anything: An error occurred: EOF when reading a line
Ask me anything: An error occurred: EOF when reading a line
Ask me anything: An error occurred: EOF when reading a line
Ask me anything: An error occurred: EOF when reading a line
Ask me anything: An error occurred: EOF when reading a line
Ask me anything: An error occurred: EOF when reading a line
Ask me anything: An error occurred: EOF when reading a line
Ask me anything: An error occurred: EOF when reading a line
Ask me anything: An error occurred: EOF when reading a line
Ask me anything: An error occurred: EOF when reading a line
Ask me anything: An error occurred: EOF when reading a line
Ask me anything: An error occurred: EOF when reading a line
Ask me anything: An error occurred: EOF when reading a line
Ask me anything: An error occurred: EOF when reading a line
Ask me anything: An error occurred: EOF when reading a line
Ask me anything: An error occurred: EOF when reading a line
Ask me anything: An error occurred: EOF when reading a line
Ask me anything: An error occurred: EOF when reading a line
Ask me anything: An error occurred: EOF when reading a line
Ask me anything: An error occurred: EOF when reading a line
Ask me anything: An error occurred: EOF when reading a line
Ask me anything: An error occurred: EOF when reading a line
Ask me anything: An error occurred: EOF when reading a line
Ask me anything: An error occurred: EOF when reading a line
Ask me anything: An error occurred: EOF when reading a line
Ask me anything: An error occurred: EOF when reading a line
Ask me anything: An error occurred: EOF when reading a line
Ask me anything: An error occurred: EOF when reading a line
Ask me anything: An error occurred: EOF when reading a line
Ask me anything: An error occurred: EOF when reading a line
Ask me anything: An error occurred: EOF when reading a line
Ask me anything: An error occurred: EOF when reading a line
Ask me anything: An error occurred: EOF when reading a line
Ask me anything: An error occurred: EOF when reading a line
Ask me anything: An error occurred: EOF when reading a line
Ask me anything: An error occurred: EOF when reading a line
Ask me anything: An error occurred: EOF when reading a line
Ask me anything: An error occurred: EOF when reading a line
Ask me anything: An error occurred: EOF when reading a line
Ask me anything: An error occurred: EOF when reading a line
Ask me anything: An error occurred: EOF when reading a line
Ask me anything: An error occurred: EOF when reading a line
Ask me anything: An error occurred: EOF when reading a line
Ask me anything: An error occurred: EOF when reading a line
Ask me anything: An error occurred: EOF when reading a line
Ask me anything: An error occurred: EOF when reading a line
Ask me anything: An error occurred: EOF when reading a line
Ask me anything: An error occurred: EOF when reading a line
Ask me anything: An error occurred: EOF when reading a line
Ask me anything: An error occurred: EOF when reading a line
Ask me anything: An error occurred: EOF when reading a line
Ask me anything: An error occurred: EOF when reading a line
Ask me anything: An error occurred: EOF when reading a line
Ask me anything: An error occurred: EOF when reading a line
Ask me anything: An error occurred: EOF when reading a line
Ask me anything: An error occurred: EOF when reading a line
Ask me anything: An error occurred: EOF when reading a line
Ask me anything: An error occurred: EOF when reading a line
Ask me anything: An error occurred: EOF when reading a line
Ask me anything: An error occurred: EOF when reading a line
Ask me anything: An error occurred: EOF when reading a line
Ask me anything: An error occurred: EOF when reading a line
Ask me anything: An error occurred: EOF when reading a line
Ask me anything: An error occurred: EOF when reading a line
Ask me anything: An error occurred: EOF when reading a line
Ask me anything: An error occurred: EOF when reading a line
Ask me anything: An error occurred: EOF when reading a line
Ask me anything: An error occurred: EOF when reading a line
Ask me anything: An error occurred: EOF when reading a line
Ask me anything: An error occurred: EOF when reading a line
Ask me anything: An error occurred: EOF when reading a line
Ask me anything: An error occurred: EOF when reading a line
Ask me anything: An error occurred: EOF when reading a line
Ask me anything: An error occurred: EOF when reading a line
Ask me anything: An error occurred: EOF when reading a line
Ask me anything: An error occurred: EOF when reading a line
Ask me anything: An error occurred: EOF when reading a line
Ask me anything: An error occurred: EOF when reading a line
Ask me anything: An error occurred: EOF when reading a line
Ask me anything: An error occurred: EOF when reading a line
Ask me anything: An error occurred: EOF when reading a line
Ask me anything: An error occurred: EOF when reading a line
Ask me anything: An error occurred: EOF when reading a line
Ask me anything: An error occurred: EOF when reading a line
Ask me anything: An error occurred: EOF when reading a line
Ask me anything: An error occurred: EOF when reading a line
Ask me anything: An error occurred: EOF when reading a line
Ask me anything: An error occurred: EOF when reading a line
Ask me anything: An error occurred: EOF when reading a line
Ask me anything: An error occurred: EOF when reading a line
Ask me anything: An error occurred: EOF when reading a line
Ask me anything: An error occurred: EOF when reading a line
Ask me anything: An error occurred: EOF when reading a line
Ask me anything: An error occurred: EOF when reading a line
Ask me anything: An error occurred: EOF when reading a line
Ask me anything: An error occurred: EOF when reading a line
Ask me anything: An error occurred: EOF when reading a line
Ask me anything: An error occurred: EOF when reading a line
Ask me anything: An error occurred: EOF when reading a line
Ask me anything: An error occurred: EOF when reading a line
Ask me anything: An error occurred: EOF when reading a line
Ask me anything: An error occurred: EOF when reading a line
Ask me anything: An error occurred: EOF when reading a line
Ask me anything: An error occurred: EOF when reading a line
Ask me anything: An error occurred: EOF when reading a line
Ask me anything: An error occurred: EOF when reading a line
Ask me anything: An error occurred: EOF when reading a line
Ask me anything: An error occurred: EOF when reading a line
Ask me anything: An error occurred: EOF when reading a line
Ask me anything: An error occurred: EOF when reading a line
Ask me anything: An error occurred: EOF when reading a line
Ask me anything: An error occurred: EOF when reading a line
Ask me anything: An error occurred: EOF when reading a line
Ask me anything: An error occurred: EOF when reading a line
Ask me anything: An error occurred: EOF when reading a line
Ask me anything: An error occurred: EOF when reading a line
Ask me anything: An error occurred: EOF when reading a line
Ask me anything: An error occurred: EOF when reading a line
Ask me anything: An error occurred: EOF when reading a line
Ask me anything: An error occurred: EOF when reading a line
Ask me anything: An error occurred: EOF when reading a line
Ask me anything: An error occurred: EOF when reading a line
Ask me anything: An error occurred: EOF when reading a line
Ask me anything: An error occurred: EOF when reading a line
Ask me anything: An error occurred: EOF when reading a line
Ask me anything: An error occurred: EOF when reading a line
Ask me anything: An error occurred: EOF when reading a line
Ask me anything: An error occurred: EOF when reading a line
Ask me anything: An error occurred: EOF when reading a line
Ask me anything: An error occurred: EOF when reading a line
Ask me anything: An error occurred: EOF when reading a line
Ask me anything: An error occurred: EOF when reading a line
Ask me anything: An error occurred: EOF when reading a line
Ask me anything: An error occurred: EOF when reading a line
Ask me anything: An error occurred: EOF when reading a line
Ask me anything: An error occurred: EOF when reading a line
Ask me anything: An error occurred: EOF when reading a line
Ask me anything: An error occurred: EOF when reading a line
Ask me anything: An error occurred: EOF when reading a line
Ask me anything: An error occurred: EOF when reading a line
Ask me anything: An error occurred: EOF when reading a line
Ask me anything: An error occurred: EOF when reading a line
Ask me anything: An error occurred: EOF when reading a line
Ask me anything: An error occurred: EOF when reading a line
Ask me anything: An error occurred: EOF when reading a line
Ask me anything: An error occurred: EOF when reading a line
Ask me anything: An error occurred: EOF when reading a line
Ask me anything: An error occurred: EOF when reading a line
Ask me anything: An error occurred: EOF when reading a line
Ask me anything: An error occurred: EOF when reading a line
Ask me anything: An error occurred: EOF when reading a line
Ask me anything: An error occurred: EOF when reading a line
Ask me anything: An error occurred: EOF when reading a line
Ask me anything: An error occurred: EOF when reading a line
Ask me anything: An error occurred: EOF when reading a line
Ask me anything: An error occurred: EOF when reading a line
Ask me anything: An error occurred: EOF when reading a line
Ask me anything: An error occurred: EOF when reading a line
Ask me anything: An error occurred: EOF when reading a line
Ask me anything: An error occurred: EOF when reading a line
Ask me anything: An error occurred: EOF when reading a line
Ask me anything: An error occurred: EOF when reading a line
Ask me anything: An error occurred: EOF when reading a line
Ask me anything: An error occurred: EOF when reading a line
Ask me anything: An error occurred: EOF when reading a line
Ask me anything: An error occurred: EOF when reading a line
Ask me anything: An error occurred: EOF when reading a line
Ask me anything: An error occurred: EOF when reading a line
Ask me anything: An error occurred: EOF when reading a line
Ask me anything: An error occurred: EOF when reading a line
Ask me anything: An error occurred: EOF when reading a line
Ask me anything: An error occurred: EOF when reading a line
Ask me anything: An error occurred: EOF when reading a line
Ask me anything: An error occurred: EOF when reading a line
Ask me anything: An error occurred: EOF when reading a line
Ask me anything: An error occurred: EOF when reading a line
Ask me anything: An error occurred: EOF when reading a line
Ask me anything: An error occurred: EOF when reading a line
Ask me anything: An error occurred: EOF when reading a line
Ask me anything: An error occurred: EOF when reading a line
Ask me anything: An error occurred: EOF when reading a line
Ask me anything: An error occurred: EOF when reading a line
Ask me anything: An error occurred: EOF when reading a line
Ask me anything: An error occurred: EOF when reading a line
Ask me anything: An error occurred: EOF when reading a line
Ask me anything: An error occurred: EOF when reading a line
Ask me anything: An error occurred: EOF when reading a line
Ask me anything: An error occurred: EOF when reading a line
Ask me anything: An error occurred: EOF when reading a line
Ask me anything: An error occurred: EOF when reading a line
Ask me anything: An error occurred: EOF when reading a line
Ask me anything: An error occurred: EOF when reading a line
Ask me anything: An error occurred: EOF when reading a line
Ask me anything: An error occurred: EOF when reading a line
Ask me anything: An error occurred: EOF when reading a line
Ask me anything: An error occurred: EOF when reading a line
Ask me anything: An error occurred: EOF when reading a line
Ask me anything: An error occurred: EOF when reading a line
Ask me anything: An error occurred: EOF when reading a line
Ask me anything: An error occurred: EOF when reading a line
Ask me anything: An error occurred: EOF when reading a line
Ask me anything: An error occurred: EOF when reading a line
Ask me anything: An error occurred: EOF when reading a line
Ask me anything: An error occurred: EOF when reading a line
Ask me anything: An error occurred: EOF when reading a line
Ask me anything: An error occurred: EOF when reading a line
Ask me anything: An error occurred: EOF when reading a line
Ask me anything: An error occurred: EOF when reading a line
Ask me anything: An error occurred: EOF when reading a line
Ask me anything: An error occurred: EOF when reading a line
Ask me anything: An error occurred: EOF when reading a line
Ask me anything: An error occurred: EOF when reading a line
Ask me anything: An error occurred: EOF when reading a line
Ask me anything: An error occurred: EOF when reading a line
Ask me anything: An error occurred: EOF when reading a line
Ask me anything: An error occurred: EOF when reading a line
Ask me anything: An error occurred: EOF when reading a line
Ask me anything: An error occurred: EOF when reading a line
Ask me anything: An error occurred: EOF when reading a line
Ask me anything: An error occurred: EOF when reading a line
Ask me anything: An error occurred: EOF when reading a line
Ask me anything: An error occurred: EOF when reading a line
Ask me anything: An error occurred: EOF when reading a line
Ask me anything: An error occurred: EOF when reading a line
Ask me anything: An error occurred: EOF when reading a line
Ask me anything: An error occurred: EOF when reading a line
Ask me anything: An error occurred: EOF when reading a line
Ask me anything: An error occurred: EOF when reading a line
Ask me anything: An error occurred: EOF when reading a line
Ask me anything: An error occurred: EOF when reading a line
Ask me anything: An error occurred: EOF when reading a line
Ask me anything: An error occurred: EOF when reading a line
Ask me anything: An error occurred: EOF when reading a line
Ask me anything: An error occurred: EOF when reading a line
Ask me anything: An error occurred: EOF when reading a line
Ask me anything: An error occurred: EOF when reading a line
Ask me anything: An error occurred: EOF when reading a line
Ask me anything: An error occurred: EOF when reading a line
Ask me anything: An error occurred: EOF when reading a line
Ask me anything: An error occurred: EOF when reading a line
Ask me anything: An error occurred: EOF when reading a line
Ask me anything: An error occurred: EOF when reading a line
Ask me anything: An error occurred: EOF when reading a line
Ask me anything: An error occurred: EOF when reading a line
Ask me anything: An error occurred: EOF when reading a line
Ask me anything: An error occurred: EOF when reading a line
Ask me anything: An error occurred: EOF when reading a line
Ask me anything: An error occurred: EOF when reading a line
Ask me anything: An error occurred: EOF when reading a line
Ask me anything: An error occurred: EOF when reading a line
Ask me anything: An error occurred: EOF when reading a line
Ask me anything: An error occurred: EOF when reading a line
Ask me anything: An error occurred: EOF when reading a line
Ask me anything: An error occurred: EOF when reading a line
Ask me anything: An error occurred: EOF when reading a line
Ask me anything: An error occurred: EOF when reading a line
Ask me anything: An error occurred: EOF when reading a line
Ask me anything: An error occurred: EOF when reading a line
Ask me anything: An error occurred: EOF when reading a line
Ask me anything: An error occurred: EOF when reading a line
Ask me anything: An error occurred: EOF when reading a line
Ask me anything: An error occurred: EOF when reading a line
Ask me anything: An error occurred: EOF when reading a line
Ask me anything: An error occurred: EOF when reading a line
Ask me anything: An error occurred: EOF when reading a line
Ask me anything: An error occurred: EOF when reading a line
Ask me anything: An error occurred: EOF when reading a line
Ask me anything: An error occurred: EOF when reading a line
Ask me anything: An error occurred: EOF when reading a line
Ask me anything: An error occurred: EOF when reading a line
Ask me anything: An error occurred: EOF when reading a line
Ask me anything: An error occurred: EOF when reading a line
Ask me anything: An error occurred: EOF when reading a line
Ask me anything: An error occurred: EOF when reading a line
Ask me anything: An error occurred: EOF when reading a line
Ask me anything: An error occurred: EOF when reading a line
Ask me anything: An error occurred: EOF when reading a line
Ask me anything: An error occurred: EOF when reading a line
Ask me anything: An error occurred: EOF when reading a line
Ask me anything: An error occurred: EOF when reading a line
Ask me anything: An error occurred: EOF when reading a line
Ask me anything: An error occurred: EOF when reading a line
Ask me anything: An error occurred: EOF when reading a line
Ask me anything: An error occurred: EOF when reading a line
Ask me anything: An error occurred: EOF when reading a line
Ask me anything: An error occurred: EOF when reading a line
Ask me anything: An error occurred: EOF when reading a line
Ask me anything: An error occurred: EOF when reading a line
Ask me anything: An error occurred: EOF when reading a line
Ask me anything: An error occurred: EOF when reading a line
Ask me anything: An error occurred: EOF when reading a line
Ask me anything: An error occurred: EOF when reading a line
Ask me anything: An error occurred: EOF when reading a line
Ask me anything: An error occurred: EOF when reading a line
Ask me anything: An error occurred: EOF when reading a line
Ask me anything: An error occurred: EOF when reading a line
Ask me anything: An error occurred: EOF when reading a line
Ask me anything: An error occurred: EOF when reading a line
Ask me anything: An error occurred: EOF when reading a line
Ask me anything: An error occurred: EOF when reading a line
Ask me anything: An error occurred: EOF when reading a line
Ask me anything: An error occurred: EOF when reading a line
Ask me anything: An error occurred: EOF when reading a line
Ask me anything: An error occurred: EOF when reading a line
Ask me anything: An error occurred: EOF when reading a line
Ask me anything: An error occurred: EOF when reading a line
Ask me anything: An error occurred: EOF when reading a line
Ask me anything: An error occurred: EOF when reading a line
Ask me anything: An error occurred: EOF when reading a line
Ask me anything: An error occurred: EOF when reading a line
Ask me anything: An error occurred: EOF when reading a line
Ask me anything: An error occurred: EOF when reading a line
Ask me anything: An error occurred: EOF when reading a line
Ask me anything: An error occurred: EOF when reading a line
Ask me anything: An error occurred: EOF when reading a line
Ask me anything: An error occurred: EOF when reading a line
Ask me anything: An error occurred: EOF when reading a line
Ask me anything: An error occurred: EOF when reading a line
Ask me anything: An error occurred: EOF when reading a line
Ask me anything: An error occurred: EOF when reading a line
Ask me anything: An error occurred: EOF when reading a line
Ask me anything: An error occurred: EOF when reading a line
Ask me anything: An error occurred: EOF when reading a line
Ask me anything: An error occurred: EOF when reading a line
Ask me anything: An error occurred: EOF when reading a line
Ask me anything: An error occurred: EOF when reading a line
Ask me anything: An error occurred: EOF when reading a line
Ask me anything: An error occurred: EOF when reading a line
Ask me anything: An error occurred: EOF when reading a line
Ask me anything: An error occurred: EOF when reading a line
Ask me anything: An error occurred: EOF when reading a line
Ask me anything: An error occurred: EOF when reading a line
Ask me anything: An error occurred: EOF when reading a line
Ask me anything: An error occurred: EOF when reading a line
Ask me anything: An error occurred: EOF when reading a line
Ask me anything: An error occurred: EOF when reading a line
Ask me anything: An error occurred: EOF when reading a line
Ask me anything: An error occurred: EOF when reading a line
Ask me anything: An error occurred: EOF when reading a line
Ask me anything: An error occurred: EOF when reading a line
Ask me anything: An error occurred: EOF when reading a line
Ask me anything: An error occurred: EOF when reading a line
Ask me anything: An error occurred: EOF when reading a line
Ask me anything: An error occurred: EOF when reading a line
Ask me anything: An error occurred: EOF when reading a line
Ask me anything: An error occurred: EOF when reading a line
Ask me anything: An error occurred: EOF when reading a line
Ask me anything: An error occurred: EOF when reading a line
Ask me anything: An error occurred: EOF when reading a line
Ask me anything: An error occurred: EOF when reading a line
Ask me anything: An error occurred: EOF when reading a line
Ask me anything: An error occurred: EOF when reading a line
Ask me anything: An error occurred: EOF when reading a line
Ask me anything: An error occurred: EOF when reading a line
Ask me anything: An error occurred: EOF when reading a line
Ask me anything: An error occurred: EOF when reading a line
Ask me anything: An error occurred: EOF when reading a line
Ask me anything: An error occurred: EOF when reading a line
Ask me anything: An error occurred: EOF when reading a line
Ask me anything: An error occurred: EOF when reading a line
Ask me anything: An error occurred: EOF when reading a line
Ask me anything: An error occurred: EOF when reading a line
Ask me anything: An error occurred: EOF when reading a line
Ask me anything: An error occurred: EOF when reading a line
Ask me anything: An error occurred: EOF when reading a line
Ask me anything: An error occurred: EOF when reading a line
Ask me anything: An error occurred: EOF when reading a line
Ask me anything: An error occurred: EOF when reading a line
Ask me anything: An error occurred: EOF when reading a line
Ask me anything: An error occurred: EOF when reading a line
Ask me anything: An error occurred: EOF when reading a line
Ask me anything: An error occurred: EOF when reading a line
Ask me anything: An error occurred: EOF when reading a line
Ask me anything: An error occurred: EOF when reading a line
Ask me anything: An error occurred: EOF when reading a line
Ask me anything: An error occurred: EOF when reading a line
Ask me anything: An error occurred: EOF when reading a line
Ask me anything: An error occurred: EOF when reading a line
Ask me anything: An error occurred: EOF when reading a line
Ask me anything: An error occurred: EOF when reading a line
Ask me anything: An error occurred: EOF when reading a line
Ask me anything: An error occurred: EOF when reading a line
Ask me anything: An error occurred: EOF when reading a line
Ask me anything: An error occurred: EOF when reading a line
Ask me anything: An error occurred: EOF when reading a line
Ask me anything: An error occurred: EOF when reading a line
Ask me anything: An error occurred: EOF when reading a line
Ask me anything: An error occurred: EOF when reading a line
Ask me anything: An error occurred: EOF when reading a line
Ask me anything: An error occurred: EOF when reading a line
Ask me anything: An error occurred: EOF when reading a line
Ask me anything: An error occurred: EOF when reading a line
Ask me anything: An error occurred: EOF when reading a line
Ask me anything: An error occurred: EOF when reading a line
Ask me anything: An error occurred: EOF when reading a line
Ask me anything: An error occurred: EOF when reading a line
Ask me anything: An error occurred: EOF when reading a line
Ask me anything: An error occurred: EOF when reading a line
Ask me anything: An error occurred: EOF when reading a line
Ask me anything: An error occurred: EOF when reading a line
Ask me anything: An error occurred: EOF when reading a line
Ask me anything: An error occurred: EOF when reading a line
Ask me anything: An error occurred: EOF when reading a line
Ask me anything: An error occurred: EOF when reading a line
Ask me anything: An error occurred: EOF when reading a line
Ask me anything: An error occurred: EOF when reading a line
Ask me anything: An error occurred: EOF when reading a line
Ask me anything: An error occurred: EOF when reading a line
Ask me anything: An error occurred: EOF when reading a line
Ask me anything: An error occurred: EOF when reading a line
Ask me anything: An error occurred: EOF when reading a line
Ask me anything: An error occurred: EOF when reading a line
Ask me anything: An error occurred: EOF when reading a line
Ask me anything: An error occurred: EOF when reading a line
Ask me anything: An error occurred: EOF when reading a line
Ask me anything: An error occurred: EOF when reading a line
Ask me anything: An error occurred: EOF when reading a line
Ask me anything: An error occurred: EOF when reading a line
Ask me anything: An error occurred: EOF when reading a line
Ask me anything: An error occurred: EOF when reading a line
Ask me anything: An error occurred: EOF when reading a line
Ask me anything: An error occurred: EOF when reading a line
Ask me anything: An error occurred: EOF when reading a line
Ask me anything: An error occurred: EOF when reading a line
Ask me anything: An error occurred: EOF when reading a line
Ask me anything: An error occurred: EOF when reading a line
Ask me anything: An error occurred: EOF when reading a line
Ask me anything: An error occurred: EOF when reading a line
Ask me anything: An error occurred: EOF when reading a line
Ask me anything: An error occurred: EOF when reading a line
Ask me anything: An error occurred: EOF when reading a line
Ask me anything: An error occurred: EOF when reading a line
Ask me anything: An error occurred: EOF when reading a line
Ask me anything: An error occurred: EOF when reading a line
Ask me anything: An error occurred: EOF when reading a line
Ask me anything: An error occurred: EOF when reading a line
Ask me anything: An error occurred: EOF when reading a line
Ask me anything: An error occurred: EOF when reading a line
Ask me anything: An error occurred: EOF when reading a line
Ask me anything: An error occurred: EOF when reading a line
Ask me anything: An error occurred: EOF when reading a line
Ask me anything: An error occurred: EOF when reading a line
Ask me anything: An error occurred: EOF when reading a line
Ask me anything: An error occurred: EOF when reading a line
Ask me anything: An error occurred: EOF when reading a line
Ask me anything: An error occurred: EOF when reading a line
Ask me anything: An error occurred: EOF when reading a line
Ask me anything: An error occurred: EOF when reading a line
Ask me anything: An error occurred: EOF when reading a line
Ask me anything: An error occurred: EOF when reading a line
Ask me anything: An error occurred: EOF when reading a line
Ask me anything: An error occurred: EOF when reading a line
Ask me anything: An error occurred: EOF when reading a line
Ask me anything: An error occurred: EOF when reading a line
Ask me anything: An error occurred: EOF when reading a line
Ask me anything: An error occurred: EOF when reading a line
Ask me anything: An error occurred: EOF when reading a line
Ask me anything: An error occurred: EOF when reading a line
Ask me anything: An error occurred: EOF when reading a line
Ask me anything: An error occurred: EOF when reading a line
Ask me anything: An error occurred: EOF when reading a line
Ask me anything: An error occurred: EOF when reading a line
Ask me anything: An error occurred: EOF when reading a line
Ask me anything: An error occurred: EOF when reading a line
Ask me anything: An error occurred: EOF when reading a line
Ask me anything: An error occurred: EOF when reading a line
Ask me anything: An error occurred: EOF when reading a line
Ask me anything: An error occurred: EOF when reading a line
Ask me anything: An error occurred: EOF when reading a line
Ask me anything: An error occurred: EOF when reading a line
Ask me anything: An error occurred: EOF when reading a line
Ask me anything: An error occurred: EOF when reading a line
Ask me anything: An error occurred: EOF when reading a line
Ask me anything: An error occurred: EOF when reading a line
Ask me anything: An error occurred: EOF when reading a line
Ask me anything: An error occurred: EOF when reading a line
Ask me anything: An error occurred: EOF when reading a line
Ask me anything: An error occurred: EOF when reading a line
Ask me anything: An error occurred: EOF when reading a line
Ask me anything: An error occurred: EOF when reading a line
Ask me anything: An error occurred: EOF when reading a line
Ask me anything: An error occurred: EOF when reading a line
Ask me anything: An error occurred: EOF when reading a line
Ask me anything: An error occurred: EOF when reading a line
Ask me anything: An error occurred: EOF when reading a line
Ask me anything: An error occurred: EOF when reading a line
Ask me anything: An error occurred: EOF when reading a line
Ask me anything: An error occurred: EOF when reading a line
Ask me anything: An error occurred: EOF when reading a line
Ask me anything: An error occurred: EOF when reading a line
Ask me anything: An error occurred: EOF when reading a line
Ask me anything: An error occurred: EOF when reading a line
Ask me anything: An error occurred: EOF when reading a line
Ask me anything: An error occurred: EOF when reading a line
Ask me anything: An error occurred: EOF when reading a line
Ask me anything: An error occurred: EOF when reading a line
Ask me anything: An error occurred: EOF when reading a line
Ask me anything: An error occurred: EOF when reading a line
Ask me anything: An error occurred: EOF when reading a line
Ask me anything: An error occurred: EOF when reading a line
Ask me anything: An error occurred: EOF when reading a line
Ask me anything: An error occurred: EOF when reading a line
Ask me anything: An error occurred: EOF when reading a line
Ask me anything: An error occurred: EOF when reading a line
Ask me anything: An error occurred: EOF when reading a line
Ask me anything: An error occurred: EOF when reading a line
Ask me anything: An error occurred: EOF when reading a line
Ask me anything: An error occurred: EOF when reading a line
Ask me anything: An error occurred: EOF when reading a line
Ask me anything: An error occurred: EOF when reading a line
Ask me anything: An error occurred: EOF when reading a line
Ask me anything: An error occurred: EOF when reading a line
Ask me anything: An error occurred: EOF when reading a line
Ask me anything: An error occurred: EOF when reading a line
Ask me anything: An error occurred: EOF when reading a line
Ask me anything: An error occurred: EOF when reading a line
Ask me anything: An error occurred: EOF when reading a line
Ask me anything: An error occurred: EOF when reading a line
Ask me anything: An error occurred: EOF when reading a line
Ask me anything: An error occurred: EOF when reading a line
Ask me anything: An error occurred: EOF when reading a line
Ask me anything: An error occurred: EOF when reading a line
Ask me anything: An error occurred: EOF when reading a line
Ask me anything: An error occurred: EOF when reading a line
Ask me anything: An error occurred: EOF when reading a line
Ask me anything: An error occurred: EOF when reading a line
Ask me anything: An error occurred: EOF when reading a line
Ask me anything: An error occurred: EOF when reading a line
Ask me anything: An error occurred: EOF when reading a line
Ask me anything: An error occurred: EOF when reading a line
Ask me anything: An error occurred: EOF when reading a line
Ask me anything: An error occurred: EOF when reading a line
Ask me anything: An error occurred: EOF when reading a line
Ask me anything: An error occurred: EOF when reading a line
Ask me anything: An error occurred: EOF when reading a line
Ask me anything: An error occurred: EOF when reading a line
Ask me anything: An error occurred: EOF when reading a line
Ask me anything: An error occurred: EOF when reading a line
Ask me anything: An error occurred: EOF when reading a line
Ask me anything: An error occurred: EOF when reading a line
Ask me anything: An error occurred: EOF when reading a line
Ask me anything: An error occurred: EOF when reading a line
Ask me anything: An error occurred: EOF when reading a line
Ask me anything: An error occurred: EOF when reading a line
Ask me anything: An error occurred: EOF when reading a line
Ask me anything: An error occurred: EOF when reading a line
Ask me anything: An error occurred: EOF when reading a line
Ask me anything: An error occurred: EOF when reading a line
Ask me anything: An error occurred: EOF when reading a line
Ask me anything: An error occurred: EOF when reading a line
Ask me anything: An error occurred: EOF when reading a line
Ask me anything: An error occurred: EOF when reading a line
Ask me anything: An error occurred: EOF when reading a line
Ask me anything: An error occurred: EOF when reading a line
Ask me anything: An error occurred: EOF when reading a line
Ask me anything: An error occurred: EOF when reading a line
Ask me anything: An error occurred: EOF when reading a line
Ask me anything: An error occurred: EOF when reading a line
Ask me anything: An error occurred: EOF when reading a line
Ask me anything: An error occurred: EOF when reading a line
Ask me anything: An error occurred: EOF when reading a line
Ask me anything: An error occurred: EOF when reading a line
Ask me anything: An error occurred: EOF when reading a line
Ask me anything: An error occurred: EOF when reading a line
Ask me anything: An error occurred: EOF when reading a line
Ask me anything: An error occurred: EOF when reading a line
Ask me anything: An error occurred: EOF when reading a line
Ask me anything: An error occurred: EOF when reading a line
Ask me anything: An error occurred: EOF when reading a line
Ask me anything: An error occurred: EOF when reading a line
Ask me anything: An error occurred: EOF when reading a line
Ask me anything: An error occurred: EOF when reading a line
Ask me anything: An error occurred: EOF when reading a line
Ask me anything: An error occurred: EOF when reading a line
Ask me anything: An error occurred: EOF when reading a line
Ask me anything: An error occurred: EOF when reading a line
Ask me anything: An error occurred: EOF when reading a line
Ask me anything: An error occurred: EOF when reading a line
Ask me anything: An error occurred: EOF when reading a line
Ask me anything: An error occurred: EOF when reading a line
Ask me anything: An error occurred: EOF when reading a line
Ask me anything: An error occurred: EOF when reading a line
Ask me anything: An error occurred: EOF when reading a line
Ask me anything: An error occurred: EOF when reading a line
Ask me anything: An error occurred: EOF when reading a line
Ask me anything: An error occurred: EOF when reading a line
Ask me anything: An error occurred: EOF when reading a line
Ask me anything: An error occurred: EOF when reading a line
Ask me anything: An error occurred: EOF when reading a line
Ask me anything: An error occurred: EOF when reading a line
Ask me anything: An error occurred: EOF when reading a line
Ask me anything: An error occurred: EOF when reading a line
Ask me anything: An error occurred: EOF when reading a line
Ask me anything: An error occurred: EOF when reading a line
Ask me anything: An error occurred: EOF when reading a line
Ask me anything: An error occurred: EOF when reading a line
Ask me anything: An error occurred: EOF when reading a line
Ask me anything: An error occurred: EOF when reading a line
Ask me anything: An error occurred: EOF when reading a line
Ask me anything: An error occurred: EOF when reading a line
Ask me anything: An error occurred: EOF when reading a line
Ask me anything: An error occurred: EOF when reading a line
Ask me anything: An error occurred: EOF when reading a line
Ask me anything: An error occurred: EOF when reading a line
Ask me anything: An error occurred: EOF when reading a line
Ask me anything: An error occurred: EOF when reading a line
Ask me anything: An error occurred: EOF when reading a line
Ask me anything: An error occurred: EOF when reading a line
Ask me anything: An error occurred: EOF when reading a line
Ask me anything: An error occurred: EOF when reading a line
Ask me anything: An error occurred: EOF when reading a line
Ask me anything: An error occurred: EOF when reading a line
Ask me anything: An error occurred: EOF when reading a line
Ask me anything: An error occurred: EOF when reading a line
Ask me anything: An error occurred: EOF when reading a line
Ask me anything: An error occurred: EOF when reading a line
Ask me anything: An error occurred: EOF when reading a line
Ask me anything: An error occurred: EOF when reading a line
Ask me anything: An error occurred: EOF when reading a line
Ask me anything: An error occurred: EOF when reading a line
Ask me anything: An error occurred: EOF when reading a line
Ask me anything: An error occurred: EOF when reading a line
Ask me anything: An error occurred: EOF when reading a line
Ask me anything: An error occurred: EOF when reading a line
Ask me anything: An error occurred: EOF when reading a line
Ask me anything: An error occurred: EOF when reading a line
Ask me anything: An error occurred: EOF when reading a line
Ask me anything: An error occurred: EOF when reading a line
Ask me anything: An error occurred: EOF when reading a line
Ask me anything: An error occurred: EOF when reading a line
Ask me anything: An error occurred: EOF when reading a line
Ask me anything: An error occurred: EOF when reading a line
Ask me anything: An error occurred: EOF when reading a line
Ask me anything: An error occurred: EOF when reading a line
Ask me anything: An error occurred: EOF when reading a line
Ask me anything: An error occurred: EOF when reading a line
Ask me anything: An error occurred: EOF when reading a line
Ask me anything: An error occurred: EOF when reading a line
Ask me anything: An error occurred: EOF when reading a line
Ask me anything: An error occurred: EOF when reading a line
Ask me anything: An error occurred: EOF when reading a line
Ask me anything: An error occurred: EOF when reading a line
Ask me anything: An error occurred: EOF when reading a line
Ask me anything: An error occurred: EOF when reading a line
Ask me anything: An error occurred: EOF when reading a line
Ask me anything: An error occurred: EOF when reading a line
Ask me anything: An error occurred: EOF when reading a line
Ask me anything: An error occurred: EOF when reading a line
Ask me anything: An error occurred: EOF when reading a line
Ask me anything: An error occurred: EOF when reading a line
Ask me anything: An error occurred: EOF when reading a line
Ask me anything: An error occurred: EOF when reading a line
Ask me anything: An error occurred: EOF when reading a line
Ask me anything: An error occurred: EOF when reading a line
Ask me anything: An error occurred: EOF when reading a line
Ask me anything: An error occurred: EOF when reading a line
Ask me anything: An error occurred: EOF when reading a line
Ask me anything: An error occurred: EOF when reading a line
Ask me anything: An error occurred: EOF when reading a line
Ask me anything: An error occurred: EOF when reading a line
Ask me anything: An error occurred: EOF when reading a line
Ask me anything: An error occurred: EOF when reading a line
Ask me anything: An error occurred: EOF when reading a line
Ask me anything: An error occurred: EOF when reading a line
Ask me anything: An error occurred: EOF when reading a line
Ask me anything: An error occurred: EOF when reading a line
Ask me anything: An error occurred: EOF when reading a line
Ask me anything: An error occurred: EOF when reading a line
Ask me anything: An error occurred: EOF when reading a line
Ask me anything: An error occurred: EOF when reading a line
Ask me anything: An error occurred: EOF when reading a line
Ask me anything: An error occurred: EOF when reading a line
Ask me anything: An error occurred: EOF when reading a line
Ask me anything: An error occurred: EOF when reading a line
Ask me anything: An error occurred: EOF when reading a line
Ask me anything: An error occurred: EOF when reading a line
Ask me anything: An error occurred: EOF when reading a line
Ask me anything: An error occurred: EOF when reading a line
Ask me anything: An error occurred: EOF when reading a line
Ask me anything: An error occurred: EOF when reading a line
Ask me anything: An error occurred: EOF when reading a line
Ask me anything: An error occurred: EOF when reading a line
Ask me anything: An error occurred: EOF when reading a line
Ask me anything: An error occurred: EOF when reading a line
Ask me anything: An error occurred: EOF when reading a line
Ask me anything: An error occurred: EOF when reading a line
Ask me anything: An error occurred: EOF when reading a line
Ask me anything: An error occurred: EOF when reading a line
Ask me anything: An error occurred: EOF when reading a line
Ask me anything: An error occurred: EOF when reading a line
Ask me anything: An error occurred: EOF when reading a line
Ask me anything: An error occurred: EOF when reading a line
Ask me anything: An error occurred: EOF when reading a line
Ask me anything: An error occurred: EOF when reading a line
Ask me anything: An error occurred: EOF when reading a line
Ask me anything: An error occurred: EOF when reading a line
Ask me anything: An error occurred: EOF when reading a line
Ask me anything: An error occurred: EOF when reading a line
Ask me anything: An error occurred: EOF when reading a line
Ask me anything: An error occurred: EOF when reading a line
Ask me anything: An error occurred: EOF when reading a line
Ask me anything: An error occurred: EOF when reading a line
Ask me anything: An error occurred: EOF when reading a line
Ask me anything: An error occurred: EOF when reading a line
Ask me anything: An error occurred: EOF when reading a line
Ask me anything: An error occurred: EOF when reading a line
Ask me anything: An error occurred: EOF when reading a line
Ask me anything: An error occurred: EOF when reading a line
Ask me anything: An error occurred: EOF when reading a line
Ask me anything: An error occurred: EOF when reading a line
Ask me anything: An error occurred: EOF when reading a line
Ask me anything: An error occurred: EOF when reading a line
Ask me anything: An error occurred: EOF when reading a line
Ask me anything: An error occurred: EOF when reading a line
Ask me anything: An error occurred: EOF when reading a line
Ask me anything: An error occurred: EOF when reading a line
Ask me anything: An error occurred: EOF when reading a line
Ask me anything: An error occurred: EOF when reading a line
Ask me anything: An error occurred: EOF when reading a line
Ask me anything: An error occurred: EOF when reading a line
Ask me anything: An error occurred: EOF when reading a line
Ask me anything: An error occurred: EOF when reading a line
Ask me anything: An error occurred: EOF when reading a line
Ask me anything: An error occurred: EOF when reading a line
Ask me anything: An error occurred: EOF when reading a line
Ask me anything: An error occurred: EOF when reading a line
Ask me anything: An error occurred: EOF when reading a line
Ask me anything: An error occurred: EOF when reading a line
Ask me anything: An error occurred: EOF when reading a line
Ask me anything: An error occurred: EOF when reading a line
Ask me anything: An error occurred: EOF when reading a line
Ask me anything: An error occurred: EOF when reading a line
Ask me anything: An error occurred: EOF when reading a line
Ask me anything: An error occurred: EOF when reading a line
Ask me anything: An error occurred: EOF when reading a line
Ask me anything: An error occurred: EOF when reading a line
Ask me anything: An error occurred: EOF when reading a line
Ask me anything: An error occurred: EOF when reading a line
Ask me anything: An error occurred: EOF when reading a line
Ask me anything: An error occurred: EOF when reading a line
Ask me anything: An error occurred: EOF when reading a line
Ask me anything: An error occurred: EOF when reading a line
Ask me anything: An error occurred: EOF when reading a line
Ask me anything: An error occurred: EOF when reading a line
Ask me anything: An error occurred: EOF when reading a line
Ask me anything: An error occurred: EOF when reading a line
Ask me anything: An error occurred: EOF when reading a line
Ask me anything: An error occurred: EOF when reading a line
Ask me anything: An error occurred: EOF when reading a line
Ask me anything: An error occurred: EOF when reading a line
Ask me anything: An error occurred: EOF when reading a line
Ask me anything: An error occurred: EOF when reading a line
Ask me anything: An error occurred: EOF when reading a line
Ask me anything: An error occurred: EOF when reading a line
Ask me anything: An error occurred: EOF when reading a line
Ask me anything: An error occurred: EOF when reading a line
Ask me anything: An error occurred: EOF when reading a line
Ask me anything: An error occurred: EOF when reading a line
Ask me anything: An error occurred: EOF when reading a line
Ask me anything: An error occurred: EOF when reading a line
Ask me anything: An error occurred: EOF when reading a line
Ask me anything: An error occurred: EOF when reading a line
Ask me anything: An error occurred: EOF when reading a line
Ask me anything: An error occurred: EOF when reading a line
Ask me anything: An error occurred: EOF when reading a line
Ask me anything: An error occurred: EOF when reading a line
Ask me anything: An error occurred: EOF when reading a line
Ask me anything: An error occurred: EOF when reading a line
Ask me anything: An error occurred: EOF when reading a line
Ask me anything: An error occurred: EOF when reading a line
Ask me anything: An error occurred: EOF when reading a line
Ask me anything: An error occurred: EOF when reading a line
Ask me anything: An error occurred: EOF when reading a line
Ask me anything: An error occurred: EOF when reading a line
Ask me anything: An error occurred: EOF when reading a line
Ask me anything: An error occurred: EOF when reading a line
Ask me anything: An error occurred: EOF when reading a line
Ask me anything: An error occurred: EOF when reading a line
Ask me anything: An error occurred: EOF when reading a line
Ask me anything: An error occurred: EOF when reading a line
Ask me anything: An error occurred: EOF when reading a line
Ask me anything: An error occurred: EOF when reading a line
Ask me anything: An error occurred: EOF when reading a line
Ask me anything: An error occurred: EOF when reading a line
Ask me anything: An error occurred: EOF when reading a line
Ask me anything: An error occurred: EOF when reading a line
Ask me anything: An error occurred: EOF when reading a line
Ask me anything: An error occurred: EOF when reading a line
Ask me anything: An error occurred: EOF when reading a line
Ask me anything: An error occurred: EOF when reading a line
Ask me anything: An error occurred: EOF when reading a line
Ask me anything: An error occurred: EOF when reading a line
Ask me anything: An error occurred: EOF when reading a line
Ask me anything: An error occurred: EOF when reading a line
Ask me anything: An error occurred: EOF when reading a line
Ask me anything: An error occurred: EOF when reading a line
Ask me anything: An error occurred: EOF when reading a line
Ask me anything: An error occurred: EOF when reading a line
Ask me anything: An error occurred: EOF when reading a line
Ask me anything: An error occurred: EOF when reading a line
Ask me anything: An error occurred: EOF when reading a line
Ask me anything: An error occurred: EOF when reading a line
Ask me anything: An error occurred: EOF when reading a line
Ask me anything: An error occurred: EOF when reading a line
Ask me anything: An error occurred: EOF when reading a line
Ask me anything: An error occurred: EOF when reading a line
Ask me anything: An error occurred: EOF when reading a line
Ask me anything: An error occurred: EOF when reading a line
Ask me anything: An error occurred: EOF when reading a line
Ask me anything: An error occurred: EOF when reading a line
Ask me anything: An error occurred: EOF when reading a line
Ask me anything: An error occurred: EOF when reading a line
Ask me anything: An error occurred: EOF when reading a line
Ask me anything: An error occurred: EOF when reading a line
Ask me anything: An error occurred: EOF when reading a line
Ask me anything: An error occurred: EOF when reading a line
Ask me anything: An error occurred: EOF when reading a line
Ask me anything: An error occurred: EOF when reading a line
Ask me anything: An error occurred: EOF when reading a line
Ask me anything: An error occurred: EOF when reading a line
Ask me anything: An error occurred: EOF when reading a line
Ask me anything: An error occurred: EOF when reading a line
Ask me anything: An error occurred: EOF when reading a line
Ask me anything: An error occurred: EOF when reading a line
Ask me anything: An error occurred: EOF when reading a line
Ask me anything: An error occurred: EOF when reading a line
Ask me anything: An error occurred: EOF when reading a line
Ask me anything: An error occurred: EOF when reading a line
Ask me anything: An error occurred: EOF when reading a line
Ask me anything: An error occurred: EOF when reading a line
Ask me anything: An error occurred: EOF when reading a line
Ask me anything: An error occurred: EOF when reading a line
Ask me anything: An error occurred: EOF when reading a line
Ask me anything: An error occurred: EOF when reading a line
Ask me anything: An error occurred: EOF when reading a line
Ask me anything: An error occurred: EOF when reading a line
Ask me anything: An error occurred: EOF when reading a line
Ask me anything: An error occurred: EOF when reading a line
Ask me anything: An error occurred: EOF when reading a line
Ask me anything: An error occurred: EOF when reading a line
Ask me anything: An error occurred: EOF when reading a line
Ask me anything: An error occurred: EOF when reading a line
Ask me anything: An error occurred: EOF when reading a line
Ask me anything: An error occurred: EOF when reading a line
Ask me anything: An error occurred: EOF when reading a line
Ask me anything: An error occurred: EOF when reading a line
Ask me anything: An error occurred: EOF when reading a line
Ask me anything: An error occurred: EOF when reading a line
Ask me anything: An error occurred: EOF when reading a line
Ask me anything: An error occurred: EOF when reading a line
Ask me anything: An error occurred: EOF when reading a line
Ask me anything: An error occurred: EOF when reading a line
Ask me anything: An error occurred: EOF when reading a line
Ask me anything: An error occurred: EOF when reading a line
Ask me anything: An error occurred: EOF when reading a line
Ask me anything: An error occurred: EOF when reading a line
Ask me anything: An error occurred: EOF when reading a line
Ask me anything: An error occurred: EOF when reading a line
Ask me anything: An error occurred: EOF when reading a line
Ask me anything: An error occurred: EOF when reading a line
Ask me anything: An error occurred: EOF when reading a line
Ask me anything: An error occurred: EOF when reading a line
Ask me anything: An error occurred: EOF when reading a line
Ask me anything: An error occurred: EOF when reading a line
Ask me anything: An error occurred: EOF when reading a line
Ask me anything: An error occurred: EOF when reading a line
Ask me anything: An error occurred: EOF when reading a line
Ask me anything: An error occurred: EOF when reading a line
Ask me anything: An error occurred: EOF when reading a line
Ask me anything: An error occurred: EOF when reading a line
Ask me anything: An error occurred: EOF when reading a line
Ask me anything: An error occurred: EOF when reading a line
Ask me anything: An error occurred: EOF when reading a line
Ask me anything: An error occurred: EOF when reading a line
Ask me anything: An error occurred: EOF when reading a line
Ask me anything: An error occurred: EOF when reading a line
Ask me anything: An error occurred: EOF when reading a line
Ask me anything: An error occurred: EOF when reading a line
Ask me anything: An error occurred: EOF when reading a line
Ask me anything: An error occurred: EOF when reading a line
Ask me anything: An error occurred: EOF when reading a line
Ask me anything: An error occurred: EOF when reading a line
Ask me anything: An error occurred: EOF when reading a line
Ask me anything: An error occurred: EOF when reading a line
Ask me anything: An error occurred: EOF when reading a line
Ask me anything: An error occurred: EOF when reading a line
Ask me anything: An error occurred: EOF when reading a line
Ask me anything: An error occurred: EOF when reading a line
Ask me anything: An error occurred: EOF when reading a line
Ask me anything: An error occurred: EOF when reading a line
Ask me anything: An error occurred: EOF when reading a line
Ask me anything: An error occurred: EOF when reading a line
Ask me anything: An error occurred: EOF when reading a line
Ask me anything: An error occurred: EOF when reading a line
Ask me anything: An error occurred: EOF when reading a line
Ask me anything: An error occurred: EOF when reading a line
Ask me anything: An error occurred: EOF when reading a line
Ask me anything: An error occurred: EOF when reading a line
Ask me anything: An error occurred: EOF when reading a line
Ask me anything: An error occurred: EOF when reading a line
Ask me anything: An error occurred: EOF when reading a line
Ask me anything: An error occurred: EOF when reading a line
Ask me anything: An error occurred: EOF when reading a line
Ask me anything: An error occurred: EOF when reading a line
Ask me anything: An error occurred: EOF when reading a line
Ask me anything: An error occurred: EOF when reading a line
Ask me anything: An error occurred: EOF when reading a line
Ask me anything: An error occurred: EOF when reading a line
Ask me anything: An error occurred: EOF when reading a line
Ask me anything: An error occurred: EOF when reading a line
Ask me anything: An error occurred: EOF when reading a line
Ask me anything: An error occurred: EOF when reading a line
Ask me anything: An error occurred: EOF when reading a line
Ask me anything: An error occurred: EOF when reading a line
Ask me anything: An error occurred: EOF when reading a line
Ask me anything: An error occurred: EOF when reading a line
Ask me anything: An error occurred: EOF when reading a line
Ask me anything: An error occurred: EOF when reading a line
Ask me anything: An error occurred: EOF when reading a line
Ask me anything: An error occurred: EOF when reading a line
Ask me anything: An error occurred: EOF when reading a line
Ask me anything: An error occurred: EOF when reading a line
Ask me anything: An error occurred: EOF when reading a line
Ask me anything: An error occurred: EOF when reading a line
Ask me anything: An error occurred: EOF when reading a line
Ask me anything: An error occurred: EOF when reading a line
Ask me anything: An error occurred: EOF when reading a line
Ask me anything: An error occurred: EOF when reading a line
Ask me anything: An error occurred: EOF when reading a line
Ask me anything: An error occurred: EOF when reading a line
Ask me anything: An error occurred: EOF when reading a line
Ask me anything: An error occurred: EOF when reading a line
Ask me anything: An error occurred: EOF when reading a line
Ask me anything: An error occurred: EOF when reading a line
Ask me anything: An error occurred: EOF when reading a line
Ask me anything: An error occurred: EOF when reading a line
Ask me anything: An error occurred: EOF when reading a line
Ask me anything: An error occurred: EOF when reading a line
Ask me anything: An error occurred: EOF when reading a line
Ask me anything: An error occurred: EOF when reading a line
Ask me anything: An error occurred: EOF when reading a line
Ask me anything: An error occurred: EOF when reading a line
Ask me anything: An error occurred: EOF when reading a line
Ask me anything: An error occurred: EOF when reading a line
Ask me anything: An error occurred: EOF when reading a line
Ask me anything: An error occurred: EOF when reading a line
Ask me anything: An error occurred: EOF when reading a line
Ask me anything: An error occurred: EOF when reading a line
Ask me anything: An error occurred: EOF when reading a line
Ask me anything: An error occurred: EOF when reading a line
Ask me anything: An error occurred: EOF when reading a line
Ask me anything: An error occurred: EOF when reading a line
Ask me anything: An error occurred: EOF when reading a line
Ask me anything: An error occurred: EOF when reading a line
Ask me anything: An error occurred: EOF when reading a line
Ask me anything: An error occurred: EOF when reading a line
Ask me anything: An error occurred: EOF when reading a line
Ask me anything: An error occurred: EOF when reading a line
Ask me anything: An error occurred: EOF when reading a line
Ask me anything: An error occurred: EOF when reading a line
Ask me anything: An error occurred: EOF when reading a line
Ask me anything: An error occurred: EOF when reading a line
Ask me anything: An error occurred: EOF when reading a line
Ask me anything: An error occurred: EOF when reading a line
Ask me anything: An error occurred: EOF when reading a line
Ask me anything: An error occurred: EOF when reading a line
Ask me anything: An error occurred: EOF when reading a line
Ask me anything: An error occurred: EOF when reading a line
Ask me anything: An error occurred: EOF when reading a line
Ask me anything: An error occurred: EOF when reading a line
Ask me anything: An error occurred: EOF when reading a line
Ask me anything: An error occurred: EOF when reading a line
Ask me anything: An error occurred: EOF when reading a line
Ask me anything: An error occurred: EOF when reading a line
Ask me anything: An error occurred: EOF when reading a line
Ask me anything: An error occurred: EOF when reading a line
Ask me anything: An error occurred: EOF when reading a line
Ask me anything: An error occurred: EOF when reading a line
Ask me anything: An error occurred: EOF when reading a line
Ask me anything: An error occurred: EOF when reading a line
Ask me anything: An error occurred: EOF when reading a line
Ask me anything: An error occurred: EOF when reading a line
Ask me anything: An error occurred: EOF when reading a line
Ask me anything: An error occurred: EOF when reading a line
Ask me anything: An error occurred: EOF when reading a line
Ask me anything: An error occurred: EOF when reading a line
Ask me anything: An error occurred: EOF when reading a line
Ask me anything: An error occurred: EOF when reading a line
Ask me anything: An error occurred: EOF when reading a line
Ask me anything: An error occurred: EOF when reading a line
Ask me anything: An error occurred: EOF when reading a line
Ask me anything: An error occurred: EOF when reading a line
Ask me anything: An error occurred: EOF when reading a line
Ask me anything: An error occurred: EOF when reading a line
Ask me anything: An error occurred: EOF when reading a line
Ask me anything: An error occurred: EOF when reading a line
Ask me anything: An error occurred: EOF when reading a line
Ask me anything: An error occurred: EOF when reading a line
Ask me anything: An error occurred: EOF when reading a line
Ask me anything: An error occurred: EOF when reading a line
Ask me anything: An error occurred: EOF when reading a line
Ask me anything: An error occurred: EOF when reading a line
Ask me anything: An error occurred: EOF when reading a line
Ask me anything: An error occurred: EOF when reading a line
Ask me anything: An error occurred: EOF when reading a line
Ask me anything: An error occurred: EOF when reading a line
Ask me anything: An error occurred: EOF when reading a line
Ask me anything: An error occurred: EOF when reading a line
Ask me anything: An error occurred: EOF when reading a line
Ask me anything: An error occurred: EOF when reading a line
Ask me anything: An error occurred: EOF when reading a line
Ask me anything: An error occurred: EOF when reading a line
Ask me anything: An error occurred: EOF when reading a line
Ask me anything: An error occurred: EOF when reading a line
Ask me anything: An error occurred: EOF when reading a line
Ask me anything: An error occurred: EOF when reading a line
Ask me anything: An error occurred: EOF when reading a line
Ask me anything: An error occurred: EOF when reading a line
Ask me anything: An error occurred: EOF when reading a line
Ask me anything: An error occurred: EOF when reading a line
Ask me anything: An error occurred: EOF when reading a line
Ask me anything: An error occurred: EOF when reading a line
Ask me anything: An error occurred: EOF when reading a line
Ask me anything: An error occurred: EOF when reading a line
Ask me anything: An error occurred: EOF when reading a line
Ask me anything: An error occurred: EOF when reading a line
Ask me anything: An error occurred: EOF when reading a line
Ask me anything: An error occurred: EOF when reading a line
Ask me anything: An error occurred: EOF when reading a line
Ask me anything: An error occurred: EOF when reading a line
Ask me anything: An error occurred: EOF when reading a line
Ask me anything: An error occurred: EOF when reading a line
Ask me anything: An error occurred: EOF when reading a line
Ask me anything: An error occurred: EOF when reading a line
Ask me anything: An error occurred: EOF when reading a line
Ask me anything: An error occurred: EOF when reading a line
Ask me anything: An error occurred: EOF when reading a line
Ask me anything: An error occurred: EOF when reading a line
Ask me anything: An error occurred: EOF when reading a line
Ask me anything: An error occurred: EOF when reading a line
Ask me anything: An error occurred: EOF when reading a line
Ask me anything: An error occurred: EOF when reading a line
Ask me anything: An error occurred: EOF when reading a line
Ask me anything: An error occurred: EOF when reading a line
Ask me anything: An error occurred: EOF when reading a line
Ask me anything: An error occurred: EOF when reading a line
Ask me anything: An error occurred: EOF when reading a line
Ask me anything: An error occurred: EOF when reading a line
Ask me anything: An error occurred: EOF when reading a line
Ask me anything: An error occurred: EOF when reading a line
Ask me anything: An error occurred: EOF when reading a line
Ask me anything: An error occurred: EOF when reading a line
Ask me anything: An error occurred: EOF when reading a line
Ask me anything: An error occurred: EOF when reading a line
Ask me anything: An error occurred: EOF when reading a line
Ask me anything: An error occurred: EOF when reading a line
Ask me anything: An error occurred: EOF when reading a line
Ask me anything: An error occurred: EOF when reading a line
Ask me anything: An error occurred: EOF when reading a line
Ask me anything: An error occurred: EOF when reading a line
Ask me anything: An error occurred: EOF when reading a line
Ask me anything: An error occurred: EOF when reading a line
Ask me anything: An error occurred: EOF when reading a line
Ask me anything: An error occurred: EOF when reading a line
Ask me anything: An error occurred: EOF when reading a line
Ask me anything: An error occurred: EOF when reading a line
Ask me anything: An error occurred: EOF when reading a line
Ask me anything: An error occurred: EOF when reading a line
Ask me anything: An error occurred: EOF when reading a line
Ask me anything: An error occurred: EOF when reading a line
Ask me anything: An error occurred: EOF when reading a line
Ask me anything: An error occurred: EOF when reading a line
Ask me anything: An error occurred: EOF when reading a line
Ask me anything: An error occurred: EOF when reading a line
Ask me anything: An error occurred: EOF when reading a line
Ask me anything: An error occurred: EOF when reading a line
Ask me anything: An error occurred: EOF when reading a line
Ask me anything: An error occurred: EOF when reading a line
Ask me anything: An error occurred: EOF when reading a line
Ask me anything: An error occurred: EOF when reading a line
Ask me anything: An error occurred: EOF when reading a line
Ask me anything: An error occurred: EOF when reading a line
Ask me anything: An error occurred: EOF when reading a line
Ask me anything: An error occurred: EOF when reading a line
Ask me anything: An error occurred: EOF when reading a line
Ask me anything: An error occurred: EOF when reading a line
Ask me anything: An error occurred: EOF when reading a line
Ask me anything: An error occurred: EOF when reading a line
Ask me anything: An error occurred: EOF when reading a line
Ask me anything: An error occurred: EOF when reading a line
Ask me anything: An error occurred: EOF when reading a line
Ask me anything: An error occurred: EOF when reading a line
Ask me anything: An error occurred: EOF when reading a line
Ask me anything: An error occurred: EOF when reading a line
Ask me anything: An error occurred: EOF when reading a line
Ask me anything: An error occurred: EOF when reading a line
Ask me anything: An error occurred: EOF when reading a line
Ask me anything: An error occurred: EOF when reading a line
Ask me anything: An error occurred: EOF when reading a line
Ask me anything: An error occurred: EOF when reading a line
Ask me anything: An error occurred: EOF when reading a line
Ask me anything: An error occurred: EOF when reading a line
Ask me anything: An error occurred: EOF when reading a line
Ask me anything: An error occurred: EOF when reading a line
Ask me anything: An error occurred: EOF when reading a line
Ask me anything: An error occurred: EOF when reading a line
Ask me anything: An error occurred: EOF when reading a line
Ask me anything: An error occurred: EOF when reading a line
Ask me anything: An error occurred: EOF when reading a line
Ask me anything: An error occurred: EOF when reading a line
Ask me anything: An error occurred: EOF when reading a line
Ask me anything: An error occurred: EOF when reading a line
Ask me anything: An error occurred: EOF when reading a line
Ask me anything: An error occurred: EOF when reading a line
Ask me anything: An error occurred: EOF when reading a line
Ask me anything: An error occurred: EOF when reading a line
Ask me anything: An error occurred: EOF when reading a line
Ask me anything: An error occurred: EOF when reading a line
Ask me anything: An error occurred: EOF when reading a line
Ask me anything: An error occurred: EOF when reading a line
Ask me anything: An error occurred: EOF when reading a line
Ask me anything: An error occurred: EOF when reading a line
Ask me anything: An error occurred: EOF when reading a line
Ask me anything: An error occurred: EOF when reading a line
Ask me anything: An error occurred: EOF when reading a line
Ask me anything: An error occurred: EOF when reading a line
Ask me anything: An error occurred: EOF when reading a line
Ask me anything: An error occurred: EOF when reading a line
Ask me anything: An error occurred: EOF when reading a line
Ask me anything: An error occurred: EOF when reading a line
Ask me anything: An error occurred: EOF when reading a line
Ask me anything: An error occurred: EOF when reading a line
Ask me anything: An error occurred: EOF when reading a line
Ask me anything: An error occurred: EOF when reading a line
Ask me anything: An error occurred: EOF when reading a line
Ask me anything: An error occurred: EOF when reading a line
Ask me anything: An error occurred: EOF when reading a line
Ask me anything: An error occurred: EOF when reading a line
Ask me anything: An error occurred: EOF when reading a line
Ask me anything: An error occurred: EOF when reading a line
Ask me anything: An error occurred: EOF when reading a line
Ask me anything: An error occurred: EOF when reading a line
Ask me anything: An error occurred: EOF when reading a line
Ask me anything: An error occurred: EOF when reading a line
Ask me anything: An error occurred: EOF when reading a line
Ask me anything: An error occurred: EOF when reading a line
Ask me anything: An error occurred: EOF when reading a line
Ask me anything: An error occurred: EOF when reading a line
Ask me anything: An error occurred: EOF when reading a line
Ask me anything: An error occurred: EOF when reading a line
Ask me anything: An error occurred: EOF when reading a line
Ask me anything: An error occurred: EOF when reading a line
Ask me anything: An error occurred: EOF when reading a line
Ask me anything: An error occurred: EOF when reading a line
Ask me anything: An error occurred: EOF when reading a line
Ask me anything: An error occurred: EOF when reading a line
Ask me anything: An error occurred: EOF when reading a line
Ask me anything: An error occurred: EOF when reading a line
Ask me anything: An error occurred: EOF when reading a line
Ask me anything: An error occurred: EOF when reading a line
Ask me anything: An error occurred: EOF when reading a line
Ask me anything: An error occurred: EOF when reading a line
Ask me anything: An error occurred: EOF when reading a line
Ask me anything: An error occurred: EOF when reading a line
Ask me anything: An error occurred: EOF when reading a line
Ask me anything: An error occurred: EOF when reading a line
Ask me anything: An error occurred: EOF when reading a line
Ask me anything: An error occurred: EOF when reading a line
Ask me anything: An error occurred: EOF when reading a line
Ask me anything: An error occurred: EOF when reading a line
Ask me anything: An error occurred: EOF when reading a line
Ask me anything: An error occurred: EOF when reading a line
Ask me anything: An error occurred: EOF when reading a line
Ask me anything: An error occurred: EOF when reading a line
Ask me anything: An error occurred: EOF when reading a line
Ask me anything: An error occurred: EOF when reading a line
Ask me anything: An error occurred: EOF when reading a line
Ask me anything: An error occurred: EOF when reading a line
Ask me anything: An error occurred: EOF when reading a line
Ask me anything: An error occurred: EOF when reading a line
Ask me anything: An error occurred: EOF when reading a line
Ask me anything: An error occurred: EOF when reading a line
Ask me anything: An error occurred: EOF when reading a line
Ask me anything: An error occurred: EOF when reading a line
Ask me anything: An error occurred: EOF when reading a line
Ask me anything: An error occurred: EOF when reading a line
Ask me anything: An error occurred: EOF when reading a line
Ask me anything: An error occurred: EOF when reading a line
Ask me anything: An error occurred: EOF when reading a line
Ask me anything: An error occurred: EOF when reading a line
Ask me anything: An error occurred: EOF when reading a line
Ask me anything: An error occurred: EOF when reading a line
Ask me anything: An error occurred: EOF when reading a line
Ask me anything: An error occurred: EOF when reading a line
Ask me anything: An error occurred: EOF when reading a line
Ask me anything: An error occurred: EOF when reading a line
Ask me anything: An error occurred: EOF when reading a line
Ask me anything: An error occurred: EOF when reading a line
Ask me anything: An error occurred: EOF when reading a line
Ask me anything: An error occurred: EOF when reading a line
Ask me anything: An error occurred: EOF when reading a line
Ask me anything: An error occurred: EOF when reading a line
Ask me anything: An error occurred: EOF when reading a line
Ask me anything: An error occurred: EOF when reading a line
Ask me anything: An error occurred: EOF when reading a line
Ask me anything: An error occurred: EOF when reading a line
Ask me anything: An error occurred: EOF when reading a line
Ask me anything: An error occurred: EOF when reading a line
Ask me anything: An error occurred: EOF when reading a line
Ask me anything: An error occurred: EOF when reading a line
Ask me anything: An error occurred: EOF when reading a line
Ask me anything: An error occurred: EOF when reading a line
Ask me anything: An error occurred: EOF when reading a line
Ask me anything: An error occurred: EOF when reading a line
Ask me anything: An error occurred: EOF when reading a line
Ask me anything: An error occurred: EOF when reading a line
Ask me anything: An error occurred: EOF when reading a line
Ask me anything: An error occurred: EOF when reading a line
Ask me anything: An error occurred: EOF when reading a line
Ask me anything: An error occurred: EOF when reading a line
Ask me anything: An error occurred: EOF when reading a line
Ask me anything: An error occurred: EOF when reading a line
Ask me anything: An error occurred: EOF when reading a line
Ask me anything: An error occurred: EOF when reading a line
Ask me anything: An error occurred: EOF when reading a line
Ask me anything: An error occurred: EOF when reading a line
Ask me anything: An error occurred: EOF when reading a line
Ask me anything: An error occurred: EOF when reading a line
Ask me anything: An error occurred: EOF when reading a line
Ask me anything: An error occurred: EOF when reading a line
Ask me anything: An error occurred: EOF when reading a line
Ask me anything: An error occurred: EOF when reading a line
Ask me anything: An error occurred: EOF when reading a line
Ask me anything: An error occurred: EOF when reading a line
Ask me anything: An error occurred: EOF when reading a line
Ask me anything: An error occurred: EOF when reading a line
Ask me anything: An error occurred: EOF when reading a line
Ask me anything: An error occurred: EOF when reading a line
Ask me anything: An error occurred: EOF when reading a line
Ask me anything: An error occurred: EOF when reading a line
Ask me anything: An error occurred: EOF when reading a line
Ask me anything: An error occurred: EOF when reading a line
Ask me anything: An error occurred: EOF when reading a line
Ask me anything: An error occurred: EOF when reading a line
Ask me anything: An error occurred: EOF when reading a line
Ask me anything: An error occurred: EOF when reading a line
Ask me anything: An error occurred: EOF when reading a line
Ask me anything: An error occurred: EOF when reading a line
Ask me anything: An error occurred: EOF when reading a line
Ask me anything: An error occurred: EOF when reading a line
Ask me anything: An error occurred: EOF when reading a line
Ask me anything: An error occurred: EOF when reading a line
Ask me anything: An error occurred: EOF when reading a line
Ask me anything: An error occurred: EOF when reading a line
Ask me anything: An error occurred: EOF when reading a line
Ask me anything: An error occurred: EOF when reading a line
Ask me anything: An error occurred: EOF when reading a line
Ask me anything: An error occurred: EOF when reading a line
Ask me anything: An error occurred: EOF when reading a line
Ask me anything: An error occurred: EOF when reading a line
Ask me anything: An error occurred: EOF when reading a line
Ask me anything: An error occurred: EOF when reading a line
Ask me anything: An error occurred: EOF when reading a line
Ask me anything: An error occurred: EOF when reading a line
Ask me anything: An error occurred: EOF when reading a line
Ask me anything: An error occurred: EOF when reading a line
Ask me anything: An error occurred: EOF when reading a line
Ask me anything: An error occurred: EOF when reading a line
Ask me anything: An error occurred: EOF when reading a line
Ask me anything: An error occurred: EOF when reading a line
Ask me anything: An error occurred: EOF when reading a line
Ask me anything: An error occurred: EOF when reading a line
Ask me anything: An error occurred: EOF when reading a line
Ask me anything: An error occurred: EOF when reading a line
Ask me anything: An error occurred: EOF when reading a line
Ask me anything: An error occurred: EOF when reading a line
Ask me anything: An error occurred: EOF when reading a line
Ask me anything: An error occurred: EOF when reading a line
Ask me anything: An error occurred: EOF when reading a line
Ask me anything: An error occurred: EOF when reading a line
Ask me anything: An error occurred: EOF when reading a line
Ask me anything: An error occurred: EOF when reading a line
Ask me anything: An error occurred: EOF when reading a line
Ask me anything: An error occurred: EOF when reading a line
Ask me anything: An error occurred: EOF when reading a line
Ask me anything: An error occurred: EOF when reading a line
Ask me anything: An error occurred: EOF when reading a line
Ask me anything: An error occurred: EOF when reading a line
Ask me anything: An error occurred: EOF when reading a line
Ask me anything: An error occurred: EOF when reading a line
Ask me anything: An error occurred: EOF when reading a line
Ask me anything: An error occurred: EOF when reading a line
Ask me anything: An error occurred: EOF when reading a line
Ask me anything: An error occurred: EOF when reading a line
Ask me anything: An error occurred: EOF when reading a line
Ask me anything: An error occurred: EOF when reading a line
Ask me anything: An error occurred: EOF when reading a line
Ask me anything: An error occurred: EOF when reading a line
Ask me anything: An error occurred: EOF when reading a line
Ask me anything: An error occurred: EOF when reading a line
Ask me anything: An error occurred: EOF when reading a line
Ask me anything: An error occurred: EOF when reading a line
Ask me anything: An error occurred: EOF when reading a line
Ask me anything: An error occurred: EOF when reading a line
Ask me anything: An error occurred: EOF when reading a line
Ask me anything: An error occurred: EOF when reading a line
Ask me anything: An error occurred: EOF when reading a line
Ask me anything: An error occurred: EOF when reading a line
Ask me anything: An error occurred: EOF when reading a line
Ask me anything: An error occurred: EOF when reading a line
Ask me anything: An error occurred: EOF when reading a line
Ask me anything: An error occurred: EOF when reading a line
Ask me anything: An error occurred: EOF when reading a line
Ask me anything: An error occurred: EOF when reading a line
Ask me anything: An error occurred: EOF when reading a line
Ask me anything: An error occurred: EOF when reading a line
Ask me anything: An error occurred: EOF when reading a line
Ask me anything: An error occurred: EOF when reading a line
Ask me anything: An error occurred: EOF when reading a line
Ask me anything: An error occurred: EOF when reading a line
Ask me anything: An error occurred: EOF when reading a line
Ask me anything: An error occurred: EOF when reading a line
Ask me anything: An error occurred: EOF when reading a line
Ask me anything: An error occurred: EOF when reading a line
Ask me anything: An error occurred: EOF when reading a line
Ask me anything: An error occurred: EOF when reading a line
Ask me anything: An error occurred: EOF when reading a line
Ask me anything: An error occurred: EOF when reading a line
Ask me anything: An error occurred: EOF when reading a line
Ask me anything: An error occurred: EOF when reading a line
Ask me anything: An error occurred: EOF when reading a line
Ask me anything: An error occurred: EOF when reading a line
Ask me anything: An error occurred: EOF when reading a line
Ask me anything: An error occurred: EOF when reading a line
Ask me anything: An error occurred: EOF when reading a line
Ask me anything: An error occurred: EOF when reading a line
Ask me anything: An error occurred: EOF when reading a line
Ask me anything: An error occurred: EOF when reading a line
Ask me anything: An error occurred: EOF when reading a line
Ask me anything: An error occurred: EOF when reading a line
Ask me anything: An error occurred: EOF when reading a line
Ask me anything: An error occurred: EOF when reading a line
Ask me anything: An error occurred: EOF when reading a line
Ask me anything: An error occurred: EOF when reading a line
Ask me anything: An error occurred: EOF when reading a line
Ask me anything: An error occurred: EOF when reading a line
Ask me anything: An error occurred: EOF when reading a line
Ask me anything: An error occurred: EOF when reading a line
Ask me anything: An error occurred: EOF when reading a line
Ask me anything: An error occurred: EOF when reading a line
Ask me anything: An error occurred: EOF when reading a line
Ask me anything: An error occurred: EOF when reading a line
Ask me anything: An error occurred: EOF when reading a line
Ask me anything: An error occurred: EOF when reading a line
Ask me anything: An error occurred: EOF when reading a line
Ask me anything: An error occurred: EOF when reading a line
Ask me anything: An error occurred: EOF when reading a line
Ask me anything: An error occurred: EOF when reading a line
Ask me anything: An error occurred: EOF when reading a line
Ask me anything: An error occurred: EOF when reading a line
Ask me anything: An error occurred: EOF when reading a line
Ask me anything: An error occurred: EOF when reading a line
Ask me anything: An error occurred: EOF when reading a line
Ask me anything: An error occurred: EOF when reading a line
Ask me anything: An error occurred: EOF when reading a line
Ask me anything: An error occurred: EOF when reading a line
Ask me anything: An error occurred: EOF when reading a line
Ask me anything: An error occurred: EOF when reading a line
Ask me anything: An error occurred: EOF when reading a line
Ask me anything: An error occurred: EOF when reading a line
Ask me anything: An error occurred: EOF when reading a line
Ask me anything: An error occurred: EOF when reading a line
Ask me anything: An error occurred: EOF when reading a line
Ask me anything: An error occurred: EOF when reading a line
Ask me anything: An error occurred: EOF when reading a line
Ask me anything: An error occurred: EOF when reading a line
Ask me anything: An error occurred: EOF when reading a line
Ask me anything: An error occurred: EOF when reading a line
Ask me anything: An error occurred: EOF when reading a line
Ask me anything: An error occurred: EOF when reading a line
Ask me anything: An error occurred: EOF when reading a line
Ask me anything: An error occurred: EOF when reading a line
Ask me anything: An error occurred: EOF when reading a line
Ask me anything: An error occurred: EOF when reading a line
Ask me anything: An error occurred: EOF when reading a line
Ask me anything: An error occurred: EOF when reading a line
Ask me anything: An error occurred: EOF when reading a line
Ask me anything: An error occurred: EOF when reading a line
Ask me anything: An error occurred: EOF when reading a line
Ask me anything: An error occurred: EOF when reading a line
Ask me anything: An error occurred: EOF when reading a line
Ask me anything: An error occurred: EOF when reading a line
Ask me anything: An error occurred: EOF when reading a line
Ask me anything: An error occurred: EOF when reading a line
Ask me anything: An error occurred: EOF when reading a line
Ask me anything: An error occurred: EOF when reading a line
Ask me anything: An error occurred: EOF when reading a line
Ask me anything: An error occurred: EOF when reading a line
Ask me anything: An error occurred: EOF when reading a line
Ask me anything: An error occurred: EOF when reading a line
Ask me anything: An error occurred: EOF when reading a line
Ask me anything: An error occurred: EOF when reading a line
Ask me anything: An error occurred: EOF when reading a line
Ask me anything: An error occurred: EOF when reading a line
Ask me anything: An error occurred: EOF when reading a line
Ask me anything: An error occurred: EOF when reading a line
Ask me anything: An error occurred: EOF when reading a line
Ask me anything: An error occurred: EOF when reading a line
Ask me anything: An error occurred: EOF when reading a line
Ask me anything: An error occurred: EOF when reading a line
Ask me anything: An error occurred: EOF when reading a line
Ask me anything: An error occurred: EOF when reading a line
Ask me anything: An error occurred: EOF when reading a line
Ask me anything: An error occurred: EOF when reading a line
Ask me anything: An error occurred: EOF when reading a line
Ask me anything: An error occurred: EOF when reading a line
Ask me anything: An error occurred: EOF when reading a line
Ask me anything: An error occurred: EOF when reading a line
Ask me anything: An error occurred: EOF when reading a line
Ask me anything: An error occurred: EOF when reading a line
Ask me anything: An error occurred: EOF when reading a line
Ask me anything: An error occurred: EOF when reading a line
Ask me anything: An error occurred: EOF when reading a line
Ask me anything: An error occurred: EOF when reading a line
Ask me anything: An error occurred: EOF when reading a line
Ask me anything: An error occurred: EOF when reading a line
Ask me anything: An error occurred: EOF when reading a line
Ask me anything: An error occurred: EOF when reading a line
Ask me anything: An error occurred: EOF when reading a line
Ask me anything: An error occurred: EOF when reading a line
Ask me anything: An error occurred: EOF when reading a line
Ask me anything: An error occurred: EOF when reading a line
Ask me anything: An error occurred: EOF when reading a line
Ask me anything: An error occurred: EOF when reading a line
Ask me anything: An error occurred: EOF when reading a line
Ask me anything: An error occurred: EOF when reading a line
Ask me anything: An error occurred: EOF when reading a line
Ask me anything: An error occurred: EOF when reading a line
Ask me anything: An error occurred: EOF when reading a line
Ask me anything: An error occurred: EOF when reading a line
Ask me anything: An error occurred: EOF when reading a line
Ask me anything: An error occurred: EOF when reading a line
Ask me anything: An error occurred: EOF when reading a line
Ask me anything: An error occurred: EOF when reading a line
Ask me anything: An error occurred: EOF when reading a line
Ask me anything: An error occurred: EOF when reading a line
Ask me anything: An error occurred: EOF when reading a line
Ask me anything: An error occurred: EOF when reading a line
Ask me anything: An error occurred: EOF when reading a line
Ask me anything: An error occurred: EOF when reading a line
Ask me anything: An error occurred: EOF when reading a line
Ask me anything: An error occurred: EOF when reading a line
Ask me anything: An error occurred: EOF when reading a line
Ask me anything: An error occurred: EOF when reading a line
Ask me anything: An error occurred: EOF when reading a line
Ask me anything: An error occurred: EOF when reading a line
Ask me anything: An error occurred: EOF when reading a line
Ask me anything: An error occurred: EOF when reading a line
Ask me anything: An error occurred: EOF when reading a line
Ask me anything: An error occurred: EOF when reading a line
Ask me anything: An error occurred: EOF when reading a line
Ask me anything: An error occurred: EOF when reading a line
Ask me anything: An error occurred: EOF when reading a line
Ask me anything: An error occurred: EOF when reading a line
Ask me anything: An error occurred: EOF when reading a line
Ask me anything: An error occurred: EOF when reading a line
Ask me anything: An error occurred: EOF when reading a line
Ask me anything: An error occurred: EOF when reading a line
Ask me anything: An error occurred: EOF when reading a line
Ask me anything: An error occurred: EOF when reading a line
Ask me anything: An error occurred: EOF when reading a line
Ask me anything: An error occurred: EOF when reading a line
Ask me anything: An error occurred: EOF when reading a line
Ask me anything: An error occurred: EOF when reading a line
Ask me anything: An error occurred: EOF when reading a line
Ask me anything: An error occurred: EOF when reading a line
Ask me anything: An error occurred: EOF when reading a line
Ask me anything: An error occurred: EOF when reading a line
Ask me anything: An error occurred: EOF when reading a line
Ask me anything: An error occurred: EOF when reading a line
Ask me anything: An error occurred: EOF when reading a line
Ask me anything: An error occurred: EOF when reading a line
Ask me anything: An error occurred: EOF when reading a line
Ask me anything: An error occurred: EOF when reading a line
Ask me anything: An error occurred: EOF when reading a line
Ask me anything: An error occurred: EOF when reading a line
Ask me anything: An error occurred: EOF when reading a line
Ask me anything: An error occurred: EOF when reading a line
Ask me anything: An error occurred: EOF when reading a line
Ask me anything: An error occurred: EOF when reading a line
Ask me anything: An error occurred: EOF when reading a line
Ask me anything: An error occurred: EOF when reading a line
Ask me anything: An error occurred: EOF when reading a line
Ask me anything: An error occurred: EOF when reading a line
Ask me anything: An error occurred: EOF when reading a line
Ask me anything: An error occurred: EOF when reading a line
Ask me anything: An error occurred: EOF when reading a line
Ask me anything: An error occurred: EOF when reading a line
Ask me anything: An error occurred: EOF when reading a line
Ask me anything: An error occurred: EOF when reading a line
Ask me anything: An error occurred: EOF when reading a line
Ask me anything: An error occurred: EOF when reading a line
Ask me anything: An error occurred: EOF when reading a line
Ask me anything: An error occurred: EOF when reading a line
Ask me anything: An error occurred: EOF when reading a line
Ask me anything: An error occurred: EOF when reading a line
Ask me anything: An error occurred: EOF when reading a line
Ask me anything: An error occurred: EOF when reading a line
Ask me anything: An error occurred: EOF when reading a line
Ask me anything: An error occurred: EOF when reading a line
Ask me anything: An error occurred: EOF when reading a line
Ask me anything: An error occurred: EOF when reading a line
Ask me anything: An error occurred: EOF when reading a line
Ask me anything: An error occurred: EOF when reading a line
Ask me anything: An error occurred: EOF when reading a line
Ask me anything: An error occurred: EOF when reading a line
Ask me anything: An error occurred: EOF when reading a line
Ask me anything: An error occurred: EOF when reading a line
Ask me anything: An error occurred: EOF when reading a line
Ask me anything: An error occurred: EOF when reading a line
Ask me anything: An error occurred: EOF when reading a line
Ask me anything: An error occurred: EOF when reading a line
Ask me anything: An error occurred: EOF when reading a line
Ask me anything: An error occurred: EOF when reading a line
Ask me anything: An error occurred: EOF when reading a line
Ask me anything: An error occurred: EOF when reading a line
Ask me anything: An error occurred: EOF when reading a line
Ask me anything: An error occurred: EOF when reading a line
Ask me anything: An error occurred: EOF when reading a line
Ask me anything: An error occurred: EOF when reading a line
Ask me anything: An error occurred: EOF when reading a line
Ask me anything: An error occurred: EOF when reading a line
Ask me anything: An error occurred: EOF when reading a line
Ask me anything: An error occurred: EOF when reading a line
Ask me anything: An error occurred: EOF when reading a line
Ask me anything: An error occurred: EOF when reading a line
Ask me anything: An error occurred: EOF when reading a line
Ask me anything: An error occurred: EOF when reading a line
Ask me anything: An error occurred: EOF when reading a line
Ask me anything: An error occurred: EOF when reading a line
Ask me anything: An error occurred: EOF when reading a line
Ask me anything: An error occurred: EOF when reading a line
Ask me anything: An error occurred: EOF when reading a line
Ask me anything: An error occurred: EOF when reading a line
Ask me anything: An error occurred: EOF when reading a line
Ask me anything: An error occurred: EOF when reading a line
Ask me anything: An error occurred: EOF when reading a line
Ask me anything: An error occurred: EOF when reading a line
Ask me anything: An error occurred: EOF when reading a line
Ask me anything: An error occurred: EOF when reading a line
Ask me anything: An error occurred: EOF when reading a line
Ask me anything: An error occurred: EOF when reading a line
Ask me anything: An error occurred: EOF when reading a line
Ask me anything: An error occurred: EOF when reading a line
Ask me anything: An error occurred: EOF when reading a line
Ask me anything: An error occurred: EOF when reading a line
Ask me anything: An error occurred: EOF when reading a line
Ask me anything: An error occurred: EOF when reading a line
Ask me anything: An error occurred: EOF when reading a line
Ask me anything: An error occurred: EOF when reading a line
Ask me anything: An error occurred: EOF when reading a line
Ask me anything: An error occurred: EOF when reading a line
Ask me anything: An error occurred: EOF when reading a line
Ask me anything: An error occurred: EOF when reading a line
Ask me anything: An error occurred: EOF when reading a line
Ask me anything: An error occurred: EOF when reading a line
Ask me anything: An error occurred: EOF when reading a line
Ask me anything: An error occurred: EOF when reading a line
Ask me anything: An error occurred: EOF when reading a line
Ask me anything: An error occurred: EOF when reading a line
Ask me anything: An error occurred: EOF when reading a line
Ask me anything: An error occurred: EOF when reading a line
Ask me anything: An error occurred: EOF when reading a line
Ask me anything: An error occurred: EOF when reading a line
Ask me anything: An error occurred: EOF when reading a line
Ask me anything: An error occurred: EOF when reading a line
Ask me anything: An error occurred: EOF when reading a line
Ask me anything: An error occurred: EOF when reading a line
Ask me anything: An error occurred: EOF when reading a line
Ask me anything: An error occurred: EOF when reading a line
Ask me anything: An error occurred: EOF when reading a line
Ask me anything: An error occurred: EOF when reading a line
Ask me anything: An error occurred: EOF when reading a line
Ask me anything: An error occurred: EOF when reading a line
Ask me anything: An error occurred: EOF when reading a line
Ask me anything: An error occurred: EOF when reading a line
Ask me anything: An error occurred: EOF when reading a line
Ask me anything: An error occurred: EOF when reading a line
Ask me anything: An error occurred: EOF when reading a line
Ask me anything: An error occurred: EOF when reading a line
Ask me anything: An error occurred: EOF when reading a line
Ask me anything: An error occurred: EOF when reading a line
Ask me anything: An error occurred: EOF when reading a line
Ask me anything: An error occurred: EOF when reading a line
Ask me anything: An error occurred: EOF when reading a line
Ask me anything: An error occurred: EOF when reading a line
Ask me anything: An error occurred: EOF when reading a line
Ask me anything: An error occurred: EOF when reading a line
Ask me anything: An error occurred: EOF when reading a line
Ask me anything: An error occurred: EOF when reading a line
Ask me anything: An error occurred: EOF when reading a line
Ask me anything: An error occurred: EOF when reading a line
Ask me anything: An error occurred: EOF when reading a line
Ask me anything: An error occurred: EOF when reading a line
Ask me anything: An error occurred: EOF when reading a line
Ask me anything: An error occurred: EOF when reading a line
Ask me anything: An error occurred: EOF when reading a line
Ask me anything: An error occurred: EOF when reading a line
Ask me anything: An error occurred: EOF when reading a line
Ask me anything: An error occurred: EOF when reading a line
Ask me anything: An error occurred: EOF when reading a line
Ask me anything: An error occurred: EOF when reading a line
Ask me anything: An error occurred: EOF when reading a line
Ask me anything: An error occurred: EOF when reading a line
Ask me anything: An error occurred: EOF when reading a line
Ask me anything: An error occurred: EOF when reading a line
Ask me anything: An error occurred: EOF when reading a line
Ask me anything: An error occurred: EOF when reading a line
Ask me anything: An error occurred: EOF when reading a line
Ask me anything: An error occurred: EOF when reading a line
Ask me anything: An error occurred: EOF when reading a line
Ask me anything: An error occurred: EOF when reading a line
Ask me anything: An error occurred: EOF when reading a line
Ask me anything: An error occurred: EOF when reading a line
Ask me anything: An error occurred: EOF when reading a line
Ask me anything: An error occurred: EOF when reading a line
Ask me anything: An error occurred: EOF when reading a line
Ask me anything: An error occurred: EOF when reading a line
Ask me anything: An error occurred: EOF when reading a line
Ask me anything: An error occurred: EOF when reading a line
Ask me anything: An error occurred: EOF when reading a line
Ask me anything: An error occurred: EOF when reading a line
Ask me anything: An error occurred: EOF when reading a line
Ask me anything: An error occurred: EOF when reading a line
Ask me anything: An error occurred: EOF when reading a line
Ask me anything: An error occurred: EOF when reading a line
Ask me anything: An error occurred: EOF when reading a line
Ask me anything: An error occurred: EOF when reading a line
Ask me anything: An error occurred: EOF when reading a line
Ask me anything: An error occurred: EOF when reading a line
Ask me anything: An error occurred: EOF when reading a line
Ask me anything: An error occurred: EOF when reading a line
Ask me anything: An error occurred: EOF when reading a line
Ask me anything: An error occurred: EOF when reading a line
Ask me anything: An error occurred: EOF when reading a line
Ask me anything: An error occurred: EOF when reading a line
Ask me anything: An error occurred: EOF when reading a line
Ask me anything: An error occurred: EOF when reading a line
Ask me anything: An error occurred: EOF when reading a line
Ask me anything: An error occurred: EOF when reading a line
Ask me anything: An error occurred: EOF when reading a line
Ask me anything: An error occurred: EOF when reading a line
Ask me anything: An error occurred: EOF when reading a line
Ask me anything: An error occurred: EOF when reading a line
Ask me anything: An error occurred: EOF when reading a line
Ask me anything: An error occurred: EOF when reading a line
Ask me anything: An error occurred: EOF when reading a line
Ask me anything: An error occurred: EOF when reading a line
Ask me anything: An error occurred: EOF when reading a line
Ask me anything: An error occurred: EOF when reading a line
Ask me anything: An error occurred: EOF when reading a line
Ask me anything: An error occurred: EOF when reading a line
Ask me anything: An error occurred: EOF when reading a line
Ask me anything: An error occurred: EOF when reading a line
Ask me anything: An error occurred: EOF when reading a line
Ask me anything: An error occurred: EOF when reading a line
Ask me anything: An error occurred: EOF when reading a line
Ask me anything: An error occurred: EOF when reading a line
Ask me anything: An error occurred: EOF when reading a line
Ask me anything: An error occurred: EOF when reading a line
Ask me anything: An error occurred: EOF when reading a line
Ask me anything: An error occurred: EOF when reading a line
Ask me anything: An error occurred: EOF when reading a line
Ask me anything: An error occurred: EOF when reading a line
Ask me anything: An error occurred: EOF when reading a line
Ask me anything: An error occurred: EOF when reading a line
Ask me anything: An error occurred: EOF when reading a line
Ask me anything: An error occurred: EOF when reading a line
Ask me anything: An error occurred: EOF when reading a line
Ask me anything: An error occurred: EOF when reading a line
Ask me anything: An error occurred: EOF when reading a line
Ask me anything: An error occurred: EOF when reading a line
Ask me anything: An error occurred: EOF when reading a line
Ask me anything: An error occurred: EOF when reading a line
Ask me anything: An error occurred: EOF when reading a line
Ask me anything: An error occurred: EOF when reading a line
Ask me anything: An error occurred: EOF when reading a line
Ask me anything: An error occurred: EOF when reading a line
Ask me anything: An error occurred: EOF when reading a line
Ask me anything: An error occurred: EOF when reading a line
Ask me anything: An error occurred: EOF when reading a line
Ask me anything: An error occurred: EOF when reading a line
Ask me anything: An error occurred: EOF when reading a line
Ask me anything: An error occurred: EOF when reading a line
Ask me anything: An error occurred: EOF when reading a line
Ask me anything: An error occurred: EOF when reading a line
Ask me anything: An error occurred: EOF when reading a line
Ask me anything: An error occurred: EOF when reading a line
Ask me anything: An error occurred: EOF when reading a line
Ask me anything: An error occurred: EOF when reading a line
Ask me anything: An error occurred: EOF when reading a line
Ask me anything: An error occurred: EOF when reading a line
Ask me anything: An error occurred: EOF when reading a line
Ask me anything: An error occurred: EOF when reading a line
Ask me anything: An error occurred: EOF when reading a line
Ask me anything: An error occurred: EOF when reading a line
Ask me anything: An error occurred: EOF when reading a line
Ask me anything: An error occurred: EOF when reading a line
Ask me anything: An error occurred: EOF when reading a line
Ask me anything: An error occurred: EOF when reading a line
Ask me anything: An error occurred: EOF when reading a line
Ask me anything: An error occurred: EOF when reading a line
Ask me anything: An error occurred: EOF when reading a line
Ask me anything: An error occurred: EOF when reading a line
Ask me anything: An error occurred: EOF when reading a line
Ask me anything: An error occurred: EOF when reading a line
Ask me anything: An error occurred: EOF when reading a line
Ask me anything: An error occurred: EOF when reading a line
Ask me anything: An error occurred: EOF when reading a line
Ask me anything: An error occurred: EOF when reading a line
Ask me anything: An error occurred: EOF when reading a line
Ask me anything: An error occurred: EOF when reading a line
Ask me anything: An error occurred: EOF when reading a line
Ask me anything: An error occurred: EOF when reading a line
Ask me anything: An error occurred: EOF when reading a line
Ask me anything: An error occurred: EOF when reading a line
Ask me anything: An error occurred: EOF when reading a line
Ask me anything: An error occurred: EOF when reading a line
Ask me anything: An error occurred: EOF when reading a line
Ask me anything: An error occurred: EOF when reading a line
Ask me anything: An error occurred: EOF when reading a line
Ask me anything: An error occurred: EOF when reading a line
Ask me anything: An error occurred: EOF when reading a line
Ask me anything: An error occurred: EOF when reading a line
Ask me anything: An error occurred: EOF when reading a line
Ask me anything: An error occurred: EOF when reading a line
Ask me anything: An error occurred: EOF when reading a line
Ask me anything: An error occurred: EOF when reading a line
Ask me anything: An error occurred: EOF when reading a line
Ask me anything: An error occurred: EOF when reading a line
Ask me anything: An error occurred: EOF when reading a line
Ask me anything: An error occurred: EOF when reading a line
Ask me anything: An error occurred: EOF when reading a line
Ask me anything: An error occurred: EOF when reading a line
Ask me anything: An error occurred: EOF when reading a line
Ask me anything: An error occurred: EOF when reading a line
Ask me anything: An error occurred: EOF when reading a line
Ask me anything: An error occurred: EOF when reading a line
Ask me anything: An error occurred: EOF when reading a line
Ask me anything: An error occurred: EOF when reading a line
Ask me anything: An error occurred: EOF when reading a line
Ask me anything: An error occurred: EOF when reading a line
Ask me anything: An error occurred: EOF when reading a line
Ask me anything: An error occurred: EOF when reading a line
Ask me anything: An error occurred: EOF when reading a line
Ask me anything: An error occurred: EOF when reading a line
Ask me anything: An error occurred: EOF when reading a line
Ask me anything: An error occurred: EOF when reading a line
Ask me anything: An error occurred: EOF when reading a line
Ask me anything: An error occurred: EOF when reading a line
Ask me anything: An error occurred: EOF when reading a line
Ask me anything: An error occurred: EOF when reading a line
Ask me anything: An error occurred: EOF when reading a line
Ask me anything: An error occurred: EOF when reading a line
Ask me anything: An error occurred: EOF when reading a line
Ask me anything: An error occurred: EOF when reading a line
Ask me anything: An error occurred: EOF when reading a line
Ask me anything: An error occurred: EOF when reading a line
Ask me anything: An error occurred: EOF when reading a line
Ask me anything: An error occurred: EOF when reading a line
Ask me anything: An error occurred: EOF when reading a line
Ask me anything: An error occurred: EOF when reading a line
Ask me anything: An error occurred: EOF when reading a line
Ask me anything: An error occurred: EOF when reading a line
Ask me anything: An error occurred: EOF when reading a line
Ask me anything: An error occurred: EOF when reading a line
Ask me anything: An error occurred: EOF when reading a line
Ask me anything: An error occurred: EOF when reading a line
Ask me anything: An error occurred: EOF when reading a line
Ask me anything: An error occurred: EOF when reading a line
Ask me anything: An error occurred: EOF when reading a line
Ask me anything: An error occurred: EOF when reading a line
Ask me anything: An error occurred: EOF when reading a line
Ask me anything: An error occurred: EOF when reading a line
Ask me anything: An error occurred: EOF when reading a line
Ask me anything: An error occurred: EOF when reading a line
Ask me anything: An error occurred: EOF when reading a line
Ask me anything: An error occurred: EOF when reading a line
Ask me anything: An error occurred: EOF when reading a line
Ask me anything: An error occurred: EOF when reading a line
Ask me anything: An error occurred: EOF when reading a line
Ask me anything: An error occurred: EOF when reading a line
Ask me anything: An error occurred: EOF when reading a line
Ask me anything: An error occurred: EOF when reading a line
Ask me anything: An error occurred: EOF when reading a line
Ask me anything: An error occurred: EOF when reading a line
Ask me anything: An error occurred: EOF when reading a line
Ask me anything: An error occurred: EOF when reading a line
Ask me anything: An error occurred: EOF when reading a line
Ask me anything: An error occurred: EOF when reading a line
Ask me anything: An error occurred: EOF when reading a line
Ask me anything: An error occurred: EOF when reading a line
Ask me anything: An error occurred: EOF when reading a line
Ask me anything: An error occurred: EOF when reading a line
Ask me anything: An error occurred: EOF when reading a line
Ask me anything: An error occurred: EOF when reading a line
Ask me anything: An error occurred: EOF when reading a line
Ask me anything: An error occurred: EOF when reading a line
Ask me anything: An error occurred: EOF when reading a line
Ask me anything: An error occurred: EOF when reading a line
Ask me anything: An error occurred: EOF when reading a line
Ask me anything: An error occurred: EOF when reading a line
Ask me anything: An error occurred: EOF when reading a line
Ask me anything: An error occurred: EOF when reading a line
Ask me anything: An error occurred: EOF when reading a line
Ask me anything: An error occurred: EOF when reading a line
Ask me anything: An error occurred: EOF when reading a line
Ask me anything: An error occurred: EOF when reading a line
Ask me anything: An error occurred: EOF when reading a line
Ask me anything: An error occurred: EOF when reading a line
Ask me anything: An error occurred: EOF when reading a line
Ask me anything: An error occurred: EOF when reading a line
Ask me anything: An error occurred: EOF when reading a line
Ask me anything: An error occurred: EOF when reading a line
Ask me anything: An error occurred: EOF when reading a line
Ask me anything: An error occurred: EOF when reading a line
Ask me anything: An error occurred: EOF when reading a line
Ask me anything: An error occurred: EOF when reading a line
Ask me anything: An error occurred: EOF when reading a line
Ask me anything: An error occurred: EOF when reading a line
Ask me anything: An error occurred: EOF when reading a line
Ask me anything: An error occurred: EOF when reading a line
Ask me anything: An error occurred: EOF when reading a line
Ask me anything: An error occurred: EOF when reading a line
Ask me anything: An error occurred: EOF when reading a line
Ask me anything: An error occurred: EOF when reading a line
Ask me anything: An error occurred: EOF when reading a line
Ask me anything: An error occurred: EOF when reading a line
Ask me anything: An error occurred: EOF when reading a line
Ask me anything: An error occurred: EOF when reading a line
Ask me anything: An error occurred: EOF when reading a line
Ask me anything: An error occurred: EOF when reading a line
Ask me anything: An error occurred: EOF when reading a line
Ask me anything: An error occurred: EOF when reading a line
Ask me anything: An error occurred: EOF when reading a line
Ask me anything: An error occurred: EOF when reading a line
Ask me anything: An error occurred: EOF when reading a line
Ask me anything: An error occurred: EOF when reading a line
Ask me anything: An error occurred: EOF when reading a line
Ask me anything: An error occurred: EOF when reading a line
Ask me anything: An error occurred: EOF when reading a line
Ask me anything: An error occurred: EOF when reading a line
Ask me anything: An error occurred: EOF when reading a line
Ask me anything: An error occurred: EOF when reading a line
Ask me anything: An error occurred: EOF when reading a line
Ask me anything: An error occurred: EOF when reading a line
Ask me anything: An error occurred: EOF when reading a line
Ask me anything: An error occurred: EOF when reading a line
Ask me anything: An error occurred: EOF when reading a line
Ask me anything: An error occurred: EOF when reading a line
Ask me anything: An error occurred: EOF when reading a line
Ask me anything: An error occurred: EOF when reading a line
Ask me anything: An error occurred: EOF when reading a line
Ask me anything: An error occurred: EOF when reading a line
Ask me anything: An error occurred: EOF when reading a line
Ask me anything: An error occurred: EOF when reading a line
Ask me anything: An error occurred: EOF when reading a line
Ask me anything: An error occurred: EOF when reading a line
Ask me anything: An error occurred: EOF when reading a line
Ask me anything: An error occurred: EOF when reading a line
Ask me anything: An error occurred: EOF when reading a line
Ask me anything: An error occurred: EOF when reading a line
Ask me anything: An error occurred: EOF when reading a line
Ask me anything: An error occurred: EOF when reading a line
Ask me anything: An error occurred: EOF when reading a line
Ask me anything: An error occurred: EOF when reading a line
Ask me anything: An error occurred: EOF when reading a line
Ask me anything: An error occurred: EOF when reading a line
Ask me anything: An error occurred: EOF when reading a line
Ask me anything: An error occurred: EOF when reading a line
Ask me anything: An error occurred: EOF when reading a line
Ask me anything: An error occurred: EOF when reading a line
Ask me anything: An error occurred: EOF when reading a line
Ask me anything: An error occurred: EOF when reading a line
Ask me anything: An error occurred: EOF when reading a line
Ask me anything: An error occurred: EOF when reading a line
Ask me anything: An error occurred: EOF when reading a line
Ask me anything: An error occurred: EOF when reading a line
Ask me anything: An error occurred: EOF when reading a line
Ask me anything: An error occurred: EOF when reading a line
Ask me anything: An error occurred: EOF when reading a line
Ask me anything: An error occurred: EOF when reading a line
Ask me anything: An error occurred: EOF when reading a line
Ask me anything: An error occurred: EOF when reading a line
Ask me anything: An error occurred: EOF when reading a line
Ask me anything: An error occurred: EOF when reading a line
Ask me anything: An error occurred: EOF when reading a line
Ask me anything: An error occurred: EOF when reading a line
Ask me anything: An error occurred: EOF when reading a line
Ask me anything: An error occurred: EOF when reading a line
Ask me anything: An error occurred: EOF when reading a line
Ask me anything: An error occurred: EOF when reading a line
Ask me anything: An error occurred: EOF when reading a line
Ask me anything: An error occurred: EOF when reading a line
Ask me anything: An error occurred: EOF when reading a line
Ask me anything: An error occurred: EOF when reading a line
Ask me anything: An error occurred: EOF when reading a line
Ask me anything: An error occurred: EOF when reading a line
Ask me anything: An error occurred: EOF when reading a line
Ask me anything: An error occurred: EOF when reading a line
Ask me anything: An error occurred: EOF when reading a line
Ask me anything: An error occurred: EOF when reading a line
Ask me anything: An error occurred: EOF when reading a line
Ask me anything: An error occurred: EOF when reading a line
Ask me anything: An error occurred: EOF when reading a line
Ask me anything: An error occurred: EOF when reading a line
Ask me anything: An error occurred: EOF when reading a line
Ask me anything: An error occurred: EOF when reading a line
Ask me anything: An error occurred: EOF when reading a line
Ask me anything: An error occurred: EOF when reading a line
Ask me anything: An error occurred: EOF when reading a line
Ask me anything: An error occurred: EOF when reading a line
Ask me anything: An error occurred: EOF when reading a line
Ask me anything: An error occurred: EOF when reading a line
Ask me anything: An error occurred: EOF when reading a line
Ask me anything: An error occurred: EOF when reading a line
Ask me anything: An error occurred: EOF when reading a line
Ask me anything: An error occurred: EOF when reading a line
Ask me anything: An error occurred: EOF when reading a line
Ask me anything: An error occurred: EOF when reading a line
Ask me anything: An error occurred: EOF when reading a line
Ask me anything: An error occurred: EOF when reading a line
Ask me anything: An error occurred: EOF when reading a line
Ask me anything: An error occurred: EOF when reading a line
Ask me anything: An error occurred: EOF when reading a line
Ask me anything: An error occurred: EOF when reading a line
Ask me anything: An error occurred: EOF when reading a line
Ask me anything: An error occurred: EOF when reading a line
Ask me anything: An error occurred: EOF when reading a line
Ask me anything: An error occurred: EOF when reading a line
Ask me anything: An error occurred: EOF when reading a line
Ask me anything: An error occurred: EOF when reading a line
Ask me anything: An error occurred: EOF when reading a line
Ask me anything: An error occurred: EOF when reading a line
Ask me anything: An error occurred: EOF when reading a line
Ask me anything: An error occurred: EOF when reading a line
Ask me anything: An error occurred: EOF when reading a line
Ask me anything: An error occurred: EOF when reading a line
Ask me anything: An error occurred: EOF when reading a line
Ask me anything: An error occurred: EOF when reading a line
Ask me anything: An error occurred: EOF when reading a line
Ask me anything: An error occurred: EOF when reading a line
Ask me anything: An error occurred: EOF when reading a line
Ask me anything: An error occurred: EOF when reading a line
Ask me anything: An error occurred: EOF when reading a line
Ask me anything: An error occurred: EOF when reading a line
Ask me anything: An error occurred: EOF when reading a line
Ask me anything: An error occurred: EOF when reading a line
Ask me anything: An error occurred: EOF when reading a line
Ask me anything: An error occurred: EOF when reading a line
Ask me anything: An error occurred: EOF when reading a line
Ask me anything: An error occurred: EOF when reading a line
Ask me anything: An error occurred: EOF when reading a line
Ask me anything: An error occurred: EOF when reading a line
Ask me anything: An error occurred: EOF when reading a line
Ask me anything: An error occurred: EOF when reading a line
Ask me anything: An error occurred: EOF when reading a line
Ask me anything: An error occurred: EOF when reading a line
Ask me anything: An error occurred: EOF when reading a line
Ask me anything: An error occurred: EOF when reading a line
Ask me anything: An error occurred: EOF when reading a line
Ask me anything: An error occurred: EOF when reading a line
Ask me anything: An error occurred: EOF when reading a line
Ask me anything: An error occurred: EOF when reading a line
Ask me anything: An error occurred: EOF when reading a line
Ask me anything: An error occurred: EOF when reading a line
Ask me anything: An error occurred: EOF when reading a line
Ask me anything: An error occurred: EOF when reading a line
Ask me anything: An error occurred: EOF when reading a line
Ask me anything: An error occurred: EOF when reading a line
Ask me anything: An error occurred: EOF when reading a line
Ask me anything: An error occurred: EOF when reading a line
Ask me anything: An error occurred: EOF when reading a line
Ask me anything: An error occurred: EOF when reading a line
Ask me anything: An error occurred: EOF when reading a line
Ask me anything: An error occurred: EOF when reading a line
Ask me anything: An error occurred: EOF when reading a line
Ask me anything: An error occurred: EOF when reading a line
Ask me anything: An error occurred: EOF when reading a line
Ask me anything: An error occurred: EOF when reading a line
Ask me anything: An error occurred: EOF when reading a line
Ask me anything: An error occurred: EOF when reading a line
Ask me anything: An error occurred: EOF when reading a line
Ask me anything: An error occurred: EOF when reading a line
Ask me anything: An error occurred: EOF when reading a line
Ask me anything: An error occurred: EOF when reading a line
Ask me anything: An error occurred: EOF when reading a line
Ask me anything: An error occurred: EOF when reading a line
Ask me anything: An error occurred: EOF when reading a line
Ask me anything: An error occurred: EOF when reading a line
Ask me anything: An error occurred: EOF when reading a line
Ask me anything: An error occurred: EOF when reading a line
Ask me anything: An error occurred: EOF when reading a line
Ask me anything: An error occurred: EOF when reading a line
Ask me anything: An error occurred: EOF when reading a line
Ask me anything: An error occurred: EOF when reading a line
Ask me anything: An error occurred: EOF when reading a line
Ask me anything: An error occurred: EOF when reading a line
Ask me anything: An error occurred: EOF when reading a line
Ask me anything: An error occurred: EOF when reading a line
Ask me anything: An error occurred: EOF when reading a line
Ask me anything: An error occurred: EOF when reading a line
Ask me anything: An error occurred: EOF when reading a line
Ask me anything: An error occurred: EOF when reading a line
Ask me anything: An error occurred: EOF when reading a line
Ask me anything: An error occurred: EOF when reading a line
Ask me anything: An error occurred: EOF when reading a line
Ask me anything: An error occurred: EOF when reading a line
Ask me anything: An error occurred: EOF when reading a line
Ask me anything: An error occurred: EOF when reading a line
Ask me anything: An error occurred: EOF when reading a line
Ask me anything: An error occurred: EOF when reading a line
Ask me anything: An error occurred: EOF when reading a line
Ask me anything: An error occurred: EOF when reading a line
Ask me anything: An error occurred: EOF when reading a line
Ask me anything: An error occurred: EOF when reading a line
Ask me anything: An error occurred: EOF when reading a line
Ask me anything: An error occurred: EOF when reading a line
Ask me anything: An error occurred: EOF when reading a line
Ask me anything: An error occurred: EOF when reading a line
Ask me anything: An error occurred: EOF when reading a line
Ask me anything: An error occurred: EOF when reading a line
Ask me anything: An error occurred: EOF when reading a line
Ask me anything: An error occurred: EOF when reading a line
Ask me anything: An error occurred: EOF when reading a line
Ask me anything: An error occurred: EOF when reading a line
Ask me anything: An error occurred: EOF when reading a line
Ask me anything: An error occurred: EOF when reading a line
Ask me anything: An error occurred: EOF when reading a line
Ask me anything: An error occurred: EOF when reading a line
Ask me anything: An error occurred: EOF when reading a line
Ask me anything: An error occurred: EOF when reading a line
Ask me anything: An error occurred: EOF when reading a line
Ask me anything: An error occurred: EOF when reading a line
Ask me anything: An error occurred: EOF when reading a line
Ask me anything: An error occurred: EOF when reading a line
Ask me anything: An error occurred: EOF when reading a line
Ask me anything: An error occurred: EOF when reading a line
Ask me anything: An error occurred: EOF when reading a line
Ask me anything: An error occurred: EOF when reading a line
Ask me anything: An error occurred: EOF when reading a line
Ask me anything: An error occurred: EOF when reading a line
Ask me anything: An error occurred: EOF when reading a line
Ask me anything: An error occurred: EOF when reading a line
Ask me anything: An error occurred: EOF when reading a line
Ask me anything: An error occurred: EOF when reading a line
Ask me anything: An error occurred: EOF when reading a line
Ask me anything: An error occurred: EOF when reading a line
Ask me anything: An error occurred: EOF when reading a line
Ask me anything: An error occurred: EOF when reading a line
Ask me anything: An error occurred: EOF when reading a line
Ask me anything: An error occurred: EOF when reading a line
Ask me anything: An error occurred: EOF when reading a line
Ask me anything: An error occurred: EOF when reading a line
Ask me anything: An error occurred: EOF when reading a line
Ask me anything: An error occurred: EOF when reading a line
Ask me anything: An error occurred: EOF when reading a line
Ask me anything: An error occurred: EOF when reading a line
Ask me anything: An error occurred: EOF when reading a line
Ask me anything: An error occurred: EOF when reading a line
Ask me anything: An error occurred: EOF when reading a line
Ask me anything: An error occurred: EOF when reading a line
Ask me anything: An error occurred: EOF when reading a line
Ask me anything: An error occurred: EOF when reading a line
Ask me anything: An error occurred: EOF when reading a line
Ask me anything: An error occurred: EOF when reading a line
Ask me anything: An error occurred: EOF when reading a line
Ask me anything: An error occurred: EOF when reading a line
Ask me anything: An error occurred: EOF when reading a line
Ask me anything: An error occurred: EOF when reading a line
Ask me anything: An error occurred: EOF when reading a line
Ask me anything: An error occurred: EOF when reading a line
Ask me anything: An error occurred: EOF when reading a line
Ask me anything: An error occurred: EOF when reading a line
Ask me anything: An error occurred: EOF when reading a line
Ask me anything: An error occurred: EOF when reading a line
Ask me anything: An error occurred: EOF when reading a line
Ask me anything: An error occurred: EOF when reading a line
Ask me anything: An error occurred: EOF when reading a line
Ask me anything: An error occurred: EOF when reading a line
Ask me anything: An error occurred: EOF when reading a line
Ask me anything: An error occurred: EOF when reading a line
Ask me anything: An error occurred: EOF when reading a line
Ask me anything: An error occurred: EOF when reading a line
Ask me anything: An error occurred: EOF when reading a line
Ask me anything: An error occurred: EOF when reading a line
Ask me anything: An error occurred: EOF when reading a line
Ask me anything: An error occurred: EOF when reading a line
Ask me anything: An error occurred: EOF when reading a line
Ask me anything: An error occurred: EOF when reading a line
Ask me anything: An error occurred: EOF when reading a line
Ask me anything: An error occurred: EOF when reading a line
Ask me anything: An error occurred: EOF when reading a line
Ask me anything: An error occurred: EOF when reading a line
Ask me anything: An error occurred: EOF when reading a line
Ask me anything: An error occurred: EOF when reading a line
Ask me anything: An error occurred: EOF when reading a line
Ask me anything: An error occurred: EOF when reading a line
Ask me anything: An error occurred: EOF when reading a line
Ask me anything: An error occurred: EOF when reading a line
Ask me anything: An error occurred: EOF when reading a line
Ask me anything: An error occurred: EOF when reading a line
Ask me anything: An error occurred: EOF when reading a line
Ask me anything: An error occurred: EOF when reading a line
Ask me anything: An error occurred: EOF when reading a line
Ask me anything: An error occurred: EOF when reading a line
Ask me anything: An error occurred: EOF when reading a line
Ask me anything: An error occurred: EOF when reading a line
Ask me anything: An error occurred: EOF when reading a line
Ask me anything: An error occurred: EOF when reading a line
Ask me anything: An error occurred: EOF when reading a line
Ask me anything: An error occurred: EOF when reading a line
Ask me anything: An error occurred: EOF when reading a line
Ask me anything: An error occurred: EOF when reading a line
Ask me anything: An error occurred: EOF when reading a line
Ask me anything: An error occurred: EOF when reading a line
Ask me anything: An error occurred: EOF when reading a line
Ask me anything: An error occurred: EOF when reading a line
Ask me anything: An error occurred: EOF when reading a line
Ask me anything: An error occurred: EOF when reading a line
Ask me anything: An error occurred: EOF when reading a line
Ask me anything: An error occurred: EOF when reading a line
Ask me anything: An error occurred: EOF when reading a line
Ask me anything: An error occurred: EOF when reading a line
Ask me anything: An error occurred: EOF when reading a line
Ask me anything: An error occurred: EOF when reading a line
Ask me anything: An error occurred: EOF when reading a line
Ask me anything: An error occurred: EOF when reading a line
Ask me anything: An error occurred: EOF when reading a line
Ask me anything: An error occurred: EOF when reading a line
Ask me anything: An error occurred: EOF when reading a line
Ask me anything: An error occurred: EOF when reading a line
Ask me anything: An error occurred: EOF when reading a line
Ask me anything: An error occurred: EOF when reading a line
Ask me anything: An error occurred: EOF when reading a line
Ask me anything: An error occurred: EOF when reading a line
Ask me anything: An error occurred: EOF when reading a line
Ask me anything: An error occurred: EOF when reading a line
Ask me anything: An error occurred: EOF when reading a line
Ask me anything: An error occurred: EOF when reading a line
Ask me anything: An error occurred: EOF when reading a line
Ask me anything: An error occurred: EOF when reading a line
Ask me anything: An error occurred: EOF when reading a line
Ask me anything: An error occurred: EOF when reading a line
Ask me anything: An error occurred: EOF when reading a line
Ask me anything: An error occurred: EOF when reading a line
Ask me anything: An error occurred: EOF when reading a line
Ask me anything: An error occurred: EOF when reading a line
Ask me anything: An error occurred: EOF when reading a line
Ask me anything: An error occurred: EOF when reading a line
Ask me anything: An error occurred: EOF when reading a line
Ask me anything: An error occurred: EOF when reading a line
Ask me anything: An error occurred: EOF when reading a line
Ask me anything: An error occurred: EOF when reading a line
Ask me anything: An error occurred: EOF when reading a line
Ask me anything: An error occurred: EOF when reading a line
Ask me anything: An error occurred: EOF when reading a line
Ask me anything: An error occurred: EOF when reading a line
Ask me anything: An error occurred: EOF when reading a line
Ask me anything: An error occurred: EOF when reading a line
Ask me anything: An error occurred: EOF when reading a line
Ask me anything: An error occurred: EOF when reading a line
Ask me anything: An error occurred: EOF when reading a line
Ask me anything: An error occurred: EOF when reading a line
Ask me anything: An error occurred: EOF when reading a line
Ask me anything: An error occurred: EOF when reading a line
Ask me anything: An error occurred: EOF when reading a line
Ask me anything: An error occurred: EOF when reading a line
Ask me anything: An error occurred: EOF when reading a line
Ask me anything: An error occurred: EOF when reading a line
Ask me anything: An error occurred: EOF when reading a line
Ask me anything: An error occurred: EOF when reading a line
Ask me anything: An error occurred: EOF when reading a line
Ask me anything: An error occurred: EOF when reading a line
Ask me anything: An error occurred: EOF when reading a line
Ask me anything: An error occurred: EOF when reading a line
Ask me anything: An error occurred: EOF when reading a line
Ask me anything: An error occurred: EOF when reading a line
Ask me anything: An error occurred: EOF when reading a line
Ask me anything: An error occurred: EOF when reading a line
Ask me anything: An error occurred: EOF when reading a line
Ask me anything: An error occurred: EOF when reading a line
Ask me anything: An error occurred: EOF when reading a line
Ask me anything: An error occurred: EOF when reading a line
Ask me anything: An error occurred: EOF when reading a line
Ask me anything: An error occurred: EOF when reading a line
Ask me anything: An error occurred: EOF when reading a line
Ask me anything: An error occurred: EOF when reading a line
Ask me anything: An error occurred: EOF when reading a line
Ask me anything: An error occurred: EOF when reading a line
Ask me anything: An error occurred: EOF when reading a line
Ask me anything: An error occurred: EOF when reading a line
Ask me anything: An error occurred: EOF when reading a line
Ask me anything: An error occurred: EOF when reading a line
Ask me anything: An error occurred: EOF when reading a line
Ask me anything: An error occurred: EOF when reading a line
Ask me anything: An error occurred: EOF when reading a line
Ask me anything: An error occurred: EOF when reading a line
Ask me anything: An error occurred: EOF when reading a line
Ask me anything: An error occurred: EOF when reading a line
Ask me anything: An error occurred: EOF when reading a line
Ask me anything: An error occurred: EOF when reading a line
Ask me anything: An error occurred: EOF when reading a line
Ask me anything: An error occurred: EOF when reading a line
Ask me anything: An error occurred: EOF when reading a line
Ask me anything: An error occurred: EOF when reading a line
Ask me anything: An error occurred: EOF when reading a line
Ask me anything: An error occurred: EOF when reading a line
Ask me anything: An error occurred: EOF when reading a line
Ask me anything: An error occurred: EOF when reading a line
Ask me anything: An error occurred: EOF when reading a line
Ask me anything: An error occurred: EOF when reading a line
Ask me anything: An error occurred: EOF when reading a line
Ask me anything: An error occurred: EOF when reading a line
Ask me anything: An error occurred: EOF when reading a line
Ask me anything: An error occurred: EOF when reading a line
Ask me anything: An error occurred: EOF when reading a line
Ask me anything: An error occurred: EOF when reading a line
Ask me anything: An error occurred: EOF when reading a line
Ask me anything: An error occurred: EOF when reading a line
Ask me anything: An error occurred: EOF when reading a line
Ask me anything: An error occurred: EOF when reading a line
Ask me anything: An error occurred: EOF when reading a line
Ask me anything: An error occurred: EOF when reading a line
Ask me anything: An error occurred: EOF when reading a line
Ask me anything: An error occurred: EOF when reading a line
Ask me anything: An error occurred: EOF when reading a line
Ask me anything: An error occurred: EOF when reading a line
Ask me anything: An error occurred: EOF when reading a line
Ask me anything: An error occurred: EOF when reading a line
Ask me anything: An error occurred: EOF when reading a line
Ask me anything: An error occurred: EOF when reading a line
Ask me anything: An error occurred: EOF when reading a line
Ask me anything: An error occurred: EOF when reading a line
Ask me anything: An error occurred: EOF when reading a line
Ask me anything: An error occurred: EOF when reading a line
Ask me anything: An error occurred: EOF when reading a line
Ask me anything: An error occurred: EOF when reading a line
Ask me anything: An error occurred: EOF when reading a line
Ask me anything: An error occurred: EOF when reading a line
Ask me anything: An error occurred: EOF when reading a line
Ask me anything: An error occurred: EOF when reading a line
Ask me anything: An error occurred: EOF when reading a line
Ask me anything: An error occurred: EOF when reading a line
Ask me anything: An error occurred: EOF when reading a line
Ask me anything: An error occurred: EOF when reading a line
Ask me anything: An error occurred: EOF when reading a line
Ask me anything: An error occurred: EOF when reading a line
Ask me anything: An error occurred: EOF when reading a line
Ask me anything: An error occurred: EOF when reading a line
Ask me anything: An error occurred: EOF when reading a line
Ask me anything: An error occurred: EOF when reading a line
Ask me anything: An error occurred: EOF when reading a line
Ask me anything: An error occurred: EOF when reading a line
Ask me anything: An error occurred: EOF when reading a line
Ask me anything: An error occurred: EOF when reading a line
Ask me anything: An error occurred: EOF when reading a line
Ask me anything: An error occurred: EOF when reading a line
Ask me anything: An error occurred: EOF when reading a line
Ask me anything: An error occurred: EOF when reading a line
Ask me anything: An error occurred: EOF when reading a line
Ask me anything: An error occurred: EOF when reading a line
Ask me anything: An error occurred: EOF when reading a line
Ask me anything: An error occurred: EOF when reading a line
Ask me anything: An error occurred: EOF when reading a line
Ask me anything: An error occurred: EOF when reading a line
Ask me anything: An error occurred: EOF when reading a line
Ask me anything: An error occurred: EOF when reading a line
Ask me anything: An error occurred: EOF when reading a line
Ask me anything: An error occurred: EOF when reading a line
Ask me anything: An error occurred: EOF when reading a line
Ask me anything: An error occurred: EOF when reading a line
Ask me anything: An error occurred: EOF when reading a line
Ask me anything: An error occurred: EOF when reading a line
Ask me anything: An error occurred: EOF when reading a line
Ask me anything: An error occurred: EOF when reading a line
Ask me anything: An error occurred: EOF when reading a line
Ask me anything: An error occurred: EOF when reading a line
Ask me anything: An error occurred: EOF when reading a line
Ask me anything: An error occurred: EOF when reading a line
Ask me anything: An error occurred: EOF when reading a line
Ask me anything: An error occurred: EOF when reading a line
Ask me anything: An error occurred: EOF when reading a line
Ask me anything: An error occurred: EOF when reading a line
Ask me anything: An error occurred: EOF when reading a line
Ask me anything: An error occurred: EOF when reading a line
Ask me anything: An error occurred: EOF when reading a line
Ask me anything: An error occurred: EOF when reading a line
Ask me anything: An error occurred: EOF when reading a line
Ask me anything: An error occurred: EOF when reading a line
Ask me anything: An error occurred: EOF when reading a line
Ask me anything: An error occurred: EOF when reading a line
Ask me anything: An error occurred: EOF when reading a line
Ask me anything: An error occurred: EOF when reading a line
Ask me anything: An error occurred: EOF when reading a line
Ask me anything: An error occurred: EOF when reading a line
Ask me anything: An error occurred: EOF when reading a line
Ask me anything: An error occurred: EOF when reading a line
Ask me anything: An error occurred: EOF when reading a line
Ask me anything: An error occurred: EOF when reading a line
Ask me anything: An error occurred: EOF when reading a line
Ask me anything: An error occurred: EOF when reading a line
Ask me anything: An error occurred: EOF when reading a line
Ask me anything: An error occurred: EOF when reading a line
Ask me anything: An error occurred: EOF when reading a line
Ask me anything: An error occurred: EOF when reading a line
Ask me anything: An error occurred: EOF when reading a line
Ask me anything: An error occurred: EOF when reading a line
Ask me anything: An error occurred: EOF when reading a line
Ask me anything: An error occurred: EOF when reading a line
Ask me anything: An error occurred: EOF when reading a line
Ask me anything: An error occurred: EOF when reading a line
Ask me anything: An error occurred: EOF when reading a line
Ask me anything: An error occurred: EOF when reading a line
Ask me anything: An error occurred: EOF when reading a line
Ask me anything: An error occurred: EOF when reading a line
Ask me anything: An error occurred: EOF when reading a line
Ask me anything: An error occurred: EOF when reading a line
Ask me anything: An error occurred: EOF when reading a line
Ask me anything: An error occurred: EOF when reading a line
Ask me anything: An error occurred: EOF when reading a line
Ask me anything: An error occurred: EOF when reading a line
Ask me anything: An error occurred: EOF when reading a line
Ask me anything: An error occurred: EOF when reading a line
Ask me anything: An error occurred: EOF when reading a line
Ask me anything: An error occurred: EOF when reading a line
Ask me anything: An error occurred: EOF when reading a line
Ask me anything: An error occurred: EOF when reading a line
Ask me anything: An error occurred: EOF when reading a line
Ask me anything: An error occurred: EOF when reading a line
Ask me anything: An error occurred: EOF when reading a line
Ask me anything: An error occurred: EOF when reading a line
Ask me anything: An error occurred: EOF when reading a line
Ask me anything: An error occurred: EOF when reading a line
Ask me anything: An error occurred: EOF when reading a line
Ask me anything: An error occurred: EOF when reading a line
Ask me anything: An error occurred: EOF when reading a line
Ask me anything: An error occurred: EOF when reading a line
Ask me anything: An error occurred: EOF when reading a line
Ask me anything: An error occurred: EOF when reading a line
Ask me anything: An error occurred: EOF when reading a line
Ask me anything: An error occurred: EOF when reading a line
Ask me anything: An error occurred: EOF when reading a line
Ask me anything: An error occurred: EOF when reading a line
Ask me anything: An error occurred: EOF when reading a line
Ask me anything: An error occurred: EOF when reading a line
Ask me anything: An error occurred: EOF when reading a line
Ask me anything: An error occurred: EOF when reading a line
Ask me anything: An error occurred: EOF when reading a line
Ask me anything: An error occurred: EOF when reading a line
Ask me anything: An error occurred: EOF when reading a line
Ask me anything: An error occurred: EOF when reading a line
Ask me anything: An error occurred: EOF when reading a line
Ask me anything: An error occurred: EOF when reading a line
Ask me anything: An error occurred: EOF when reading a line
Ask me anything: An error occurred: EOF when reading a line
Ask me anything: An error occurred: EOF when reading a line
Ask me anything: An error occurred: EOF when reading a line
Ask me anything: An error occurred: EOF when reading a line
Ask me anything: An error occurred: EOF when reading a line
Ask me anything: An error occurred: EOF when reading a line
Ask me anything: An error occurred: EOF when reading a line
Ask me anything: An error occurred: EOF when reading a line
Ask me anything: An error occurred: EOF when reading a line
Ask me anything: An error occurred: EOF when reading a line
Ask me anything: An error occurred: EOF when reading a line
Ask me anything: An error occurred: EOF when reading a line
Ask me anything: An error occurred: EOF when reading a line
Ask me anything: An error occurred: EOF when reading a line
Ask me anything: An error occurred: EOF when reading a line
Ask me anything: An error occurred: EOF when reading a line
Ask me anything: An error occurred: EOF when reading a line
Ask me anything: An error occurred: EOF when reading a line
Ask me anything: An error occurred: EOF when reading a line
Ask me anything: An error occurred: EOF when reading a line
Ask me anything: An error occurred: EOF when reading a line
Ask me anything: An error occurred: EOF when reading a line
Ask me anything: An error occurred: EOF when reading a line
Ask me anything: An error occurred: EOF when reading a line
Ask me anything: An error occurred: EOF when reading a line
Ask me anything: An error occurred: EOF when reading a line
Ask me anything: An error occurred: EOF when reading a line
Ask me anything: An error occurred: EOF when reading a line
Ask me anything: An error occurred: EOF when reading a line
Ask me anything: An error occurred: EOF when reading a line
Ask me anything: An error occurred: EOF when reading a line
Ask me anything: An error occurred: EOF when reading a line
Ask me anything: An error occurred: EOF when reading a line
Ask me anything: An error occurred: EOF when reading a line
Ask me anything: An error occurred: EOF when reading a line
Ask me anything: An error occurred: EOF when reading a line
Ask me anything: An error occurred: EOF when reading a line
Ask me anything: An error occurred: EOF when reading a line
Ask me anything: An error occurred: EOF when reading a line
Ask me anything: An error occurred: EOF when reading a line
Ask me anything: An error occurred: EOF when reading a line
Ask me anything: An error occurred: EOF when reading a line
Ask me anything: An error occurred: EOF when reading a line
Ask me anything: An error occurred: EOF when reading a line
Ask me anything: An error occurred: EOF when reading a line
Ask me anything: An error occurred: EOF when reading a line
Ask me anything: An error occurred: EOF when reading a line
Ask me anything: An error occurred: EOF when reading a line
Ask me anything: An error occurred: EOF when reading a line
Ask me anything: An error occurred: EOF when reading a line
Ask me anything: An error occurred: EOF when reading a line
Ask me anything: An error occurred: EOF when reading a line
Ask me anything: An error occurred: EOF when reading a line
Ask me anything: An error occurred: EOF when reading a line
Ask me anything: An error occurred: EOF when reading a line
Ask me anything: An error occurred: EOF when reading a line
Ask me anything: An error occurred: EOF when reading a line
Ask me anything: An error occurred: EOF when reading a line
Ask me anything: An error occurred: EOF when reading a line
Ask me anything: An error occurred: EOF when reading a line
Ask me anything: An error occurred: EOF when reading a line
Ask me anything: An error occurred: EOF when reading a line
Ask me anything: An error occurred: EOF when reading a line
Ask me anything: An error occurred: EOF when reading a line
Ask me anything: An error occurred: EOF when reading a line
Ask me anything: An error occurred: EOF when reading a line
Ask me anything: An error occurred: EOF when reading a line
Ask me anything: An error occurred: EOF when reading a line
Ask me anything: An error occurred: EOF when reading a line
Ask me anything: An error occurred: EOF when reading a line
Ask me anything: An error occurred: EOF when reading a line
Ask me anything: An error occurred: EOF when reading a line
Ask me anything: An error occurred: EOF when reading a line
Ask me anything: An error occurred: EOF when reading a line
Ask me anything: An error occurred: EOF when reading a line
Ask me anything: An error occurred: EOF when reading a line
Ask me anything: An error occurred: EOF when reading a line
Ask me anything: An error occurred: EOF when reading a line
Ask me anything: An error occurred: EOF when reading a line
Ask me anything: An error occurred: EOF when reading a line
Ask me anything: An error occurred: EOF when reading a line
Ask me anything: An error occurred: EOF when reading a line
Ask me anything: An error occurred: EOF when reading a line
Ask me anything: An error occurred: EOF when reading a line
Ask me anything: An error occurred: EOF when reading a line
Ask me anything: An error occurred: EOF when reading a line
Ask me anything: An error occurred: EOF when reading a line
Ask me anything: An error occurred: EOF when reading a line
Ask me anything: An error occurred: EOF when reading a line
Ask me anything: An error occurred: EOF when reading a line
Ask me anything: An error occurred: EOF when reading a line
Ask me anything: An error occurred: EOF when reading a line
Ask me anything: An error occurred: EOF when reading a line
Ask me anything: An error occurred: EOF when reading a line
Ask me anything: An error occurred: EOF when reading a line
Ask me anything: An error occurred: EOF when reading a line
Ask me anything: An error occurred: EOF when reading a line
Ask me anything: An error occurred: EOF when reading a line
Ask me anything: An error occurred: EOF when reading a line
Ask me anything: An error occurred: EOF when reading a line
Ask me anything: An error occurred: EOF when reading a line
Ask me anything: An error occurred: EOF when reading a line
Ask me anything: An error occurred: EOF when reading a line
Ask me anything: An error occurred: EOF when reading a line
Ask me anything: An error occurred: EOF when reading a line
Ask me anything: An error occurred: EOF when reading a line
Ask me anything: An error occurred: EOF when reading a line
Ask me anything: An error occurred: EOF when reading a line
Ask me anything: An error occurred: EOF when reading a line
Ask me anything: An error occurred: EOF when reading a line
Ask me anything: An error occurred: EOF when reading a line
Ask me anything: An error occurred: EOF when reading a line
Ask me anything: An error occurred: EOF when reading a line
Ask me anything: An error occurred: EOF when reading a line
Ask me anything: An error occurred: EOF when reading a line
Ask me anything: An error occurred: EOF when reading a line
Ask me anything: An error occurred: EOF when reading a line
Ask me anything: An error occurred: EOF when reading a line
Ask me anything: An error occurred: EOF when reading a line
Ask me anything: An error occurred: EOF when reading a line
Ask me anything: An error occurred: EOF when reading a line
Ask me anything: An error occurred: EOF when reading a line
Ask me anything: An error occurred: EOF when reading a line
Ask me anything: An error occurred: EOF when reading a line
Ask me anything: An error occurred: EOF when reading a line
Ask me anything: An error occurred: EOF when reading a line
Ask me anything: An error occurred: EOF when reading a line
Ask me anything: An error occurred: EOF when reading a line
Ask me anything: An error occurred: EOF when reading a line
Ask me anything: An error occurred: EOF when reading a line
Ask me anything: An error occurred: EOF when reading a line
Ask me anything: An error occurred: EOF when reading a line
Ask me anything: An error occurred: EOF when reading a line
Ask me anything: An error occurred: EOF when reading a line
Ask me anything: An error occurred: EOF when reading a line
Ask me anything: An error occurred: EOF when reading a line
Ask me anything: An error occurred: EOF when reading a line
Ask me anything: An error occurred: EOF when reading a line
Ask me anything: An error occurred: EOF when reading a line
Ask me anything: An error occurred: EOF when reading a line
Ask me anything: An error occurred: EOF when reading a line
Ask me anything: An error occurred: EOF when reading a line
Ask me anything: An error occurred: EOF when reading a line
Ask me anything: An error occurred: EOF when reading a line
Ask me anything: An error occurred: EOF when reading a line
Ask me anything: An error occurred: EOF when reading a line
Ask me anything: An error occurred: EOF when reading a line
Ask me anything: An error occurred: EOF when reading a line
Ask me anything: An error occurred: EOF when reading a line
Ask me anything: An error occurred: EOF when reading a line
Ask me anything: An error occurred: EOF when reading a line
Ask me anything: An error occurred: EOF when reading a line
Ask me anything: An error occurred: EOF when reading a line
Ask me anything: An error occurred: EOF when reading a line
Ask me anything: An error occurred: EOF when reading a line
Ask me anything: An error occurred: EOF when reading a line
Ask me anything: An error occurred: EOF when reading a line
Ask me anything: An error occurred: EOF when reading a line
Ask me anything: An error occurred: EOF when reading a line
Ask me anything: An error occurred: EOF when reading a line
Ask me anything: An error occurred: EOF when reading a line
Ask me anything: An error occurred: EOF when reading a line
Ask me anything: An error occurred: EOF when reading a line
Ask me anything: An error occurred: EOF when reading a line
Ask me anything: An error occurred: EOF when reading a line
Ask me anything: An error occurred: EOF when reading a line
Ask me anything: An error occurred: EOF when reading a line
Ask me anything: An error occurred: EOF when reading a line
Ask me anything: An error occurred: EOF when reading a line
Ask me anything: An error occurred: EOF when reading a line
Ask me anything: An error occurred: EOF when reading a line
Ask me anything: An error occurred: EOF when reading a line
Ask me anything: An error occurred: EOF when reading a line
Ask me anything: An error occurred: EOF when reading a line
Ask me anything: An error occurred: EOF when reading a line
Ask me anything: An error occurred: EOF when reading a line
Ask me anything: An error occurred: EOF when reading a line
Ask me anything: An error occurred: EOF when reading a line
Ask me anything: An error occurred: EOF when reading a line
Ask me anything: An error occurred: EOF when reading a line
Ask me anything: An error occurred: EOF when reading a line
Ask me anything: An error occurred: EOF when reading a line
Ask me anything: An error occurred: EOF when reading a line
Ask me anything: An error occurred: EOF when reading a line
Ask me anything: An error occurred: EOF when reading a line
Ask me anything: An error occurred: EOF when reading a line
Ask me anything: An error occurred: EOF when reading a line
Ask me anything: An error occurred: EOF when reading a line
Ask me anything: An error occurred: EOF when reading a line
Ask me anything: An error occurred: EOF when reading a line
Ask me anything: An error occurred: EOF when reading a line
Ask me anything: An error occurred: EOF when reading a line
Ask me anything: An error occurred: EOF when reading a line
Ask me anything: An error occurred: EOF when reading a line
Ask me anything: An error occurred: EOF when reading a line
Ask me anything: An error occurred: EOF when reading a line
Ask me anything: An error occurred: EOF when reading a line
Ask me anything: An error occurred: EOF when reading a line
Ask me anything: An error occurred: EOF when reading a line
Ask me anything: An error occurred: EOF when reading a line
Ask me anything: An error occurred: EOF when reading a line
Ask me anything: An error occurred: EOF when reading a line
Ask me anything: An error occurred: EOF when reading a line
Ask me anything: An error occurred: EOF when reading a line
Ask me anything: An error occurred: EOF when reading a line
Ask me anything: An error occurred: EOF when reading a line
Ask me anything: An error occurred: EOF when reading a line
Ask me anything: An error occurred: EOF when reading a line
Ask me anything: An error occurred: EOF when reading a line
Ask me anything: An error occurred: EOF when reading a line
Ask me anything: An error occurred: EOF when reading a line
Ask me anything: An error occurred: EOF when reading a line
Ask me anything: An error occurred: EOF when reading a line
Ask me anything: An error occurred: EOF when reading a line
Ask me anything: An error occurred: EOF when reading a line
Ask me anything: An error occurred: EOF when reading a line
Ask me anything: An error occurred: EOF when reading a line
Ask me anything: An error occurred: EOF when reading a line
Ask me anything: An error occurred: EOF when reading a line
Ask me anything: An error occurred: EOF when reading a line
Ask me anything: An error occurred: EOF when reading a line
Ask me anything: An error occurred: EOF when reading a line
Ask me anything: An error occurred: EOF when reading a line
Ask me anything: An error occurred: EOF when reading a line
Ask me anything: An error occurred: EOF when reading a line
Ask me anything: An error occurred: EOF when reading a line
Ask me anything: An error occurred: EOF when reading a line
Ask me anything: An error occurred: EOF when reading a line
Ask me anything: An error occurred: EOF when reading a line
Ask me anything: An error occurred: EOF when reading a line
Ask me anything: An error occurred: EOF when reading a line
Ask me anything: An error occurred: EOF when reading a line
Ask me anything: An error occurred: EOF when reading a line
Ask me anything: An error occurred: EOF when reading a line
Ask me anything: An error occurred: EOF when reading a line
Ask me anything: An error occurred: EOF when reading a line
Ask me anything: An error occurred: EOF when reading a line
Ask me anything: An error occurred: EOF when reading a line
Ask me anything: An error occurred: EOF when reading a line
Ask me anything: An error occurred: EOF when reading a line
Ask me anything: An error occurred: EOF when reading a line
Ask me anything: An error occurred: EOF when reading a line
Ask me anything: An error occurred: EOF when reading a line
Ask me anything: An error occurred: EOF when reading a line
Ask me anything: An error occurred: EOF when reading a line
Ask me anything: An error occurred: EOF when reading a line
Ask me anything: An error occurred: EOF when reading a line
Ask me anything: An error occurred: EOF when reading a line
Ask me anything: An error occurred: EOF when reading a line
Ask me anything: An error occurred: EOF when reading a line
Ask me anything: An error occurred: EOF when reading a line
Ask me anything: An error occurred: EOF when reading a line
Ask me anything: An error occurred: EOF when reading a line
Ask me anything: An error occurred: EOF when reading a line
Ask me anything: An error occurred: EOF when reading a line
Ask me anything: An error occurred: EOF when reading a line
Ask me anything: An error occurred: EOF when reading a line
Ask me anything: An error occurred: EOF when reading a line
Ask me anything: An error occurred: EOF when reading a line
Ask me anything: An error occurred: EOF when reading a line
Ask me anything: An error occurred: EOF when reading a line
Ask me anything: An error occurred: EOF when reading a line
Ask me anything: An error occurred: EOF when reading a line
Ask me anything: An error occurred: EOF when reading a line
Ask me anything: An error occurred: EOF when reading a line
Ask me anything: An error occurred: EOF when reading a line
Ask me anything: An error occurred: EOF when reading a line
Ask me anything: An error occurred: EOF when reading a line
Ask me anything: An error occurred: EOF when reading a line
Ask me anything: An error occurred: EOF when reading a line
Ask me anything: An error occurred: EOF when reading a line
Ask me anything: An error occurred: EOF when reading a line
Ask me anything: An error occurred: EOF when reading a line
Ask me anything: An error occurred: EOF when reading a line
Ask me anything: An error occurred: EOF when reading a line
Ask me anything: An error occurred: EOF when reading a line
Ask me anything: An error occurred: EOF when reading a line
Ask me anything: An error occurred: EOF when reading a line
Ask me anything: An error occurred: EOF when reading a line
Ask me anything: An error occurred: EOF when reading a line
Ask me anything: An error occurred: EOF when reading a line
Ask me anything: An error occurred: EOF when reading a line
Ask me anything: An error occurred: EOF when reading a line
Ask me anything: An error occurred: EOF when reading a line
Ask me anything: An error occurred: EOF when reading a line
Ask me anything: An error occurred: EOF when reading a line
Ask me anything: An error occurred: EOF when reading a line
Ask me anything: An error occurred: EOF when reading a line
Ask me anything: An error occurred: EOF when reading a line
Ask me anything: An error occurred: EOF when reading a line
Ask me anything: An error occurred: EOF when reading a line
Ask me anything: An error occurred: EOF when reading a line
Ask me anything: An error occurred: EOF when reading a line
Ask me anything: An error occurred: EOF when reading a line
Ask me anything: An error occurred: EOF when reading a line
Ask me anything: An error occurred: EOF when reading a line
Ask me anything: An error occurred: EOF when reading a line
Ask me anything: An error occurred: EOF when reading a line
Ask me anything: An error occurred: EOF when reading a line
Ask me anything: An error occurred: EOF when reading a line
Ask me anything: An error occurred: EOF when reading a line
Ask me anything: An error occurred: EOF when reading a line
Ask me anything: An error occurred: EOF when reading a line
Ask me anything: An error occurred: EOF when reading a line
Ask me anything: An error occurred: EOF when reading a line
Ask me anything: An error occurred: EOF when reading a line
Ask me anything: An error occurred: EOF when reading a line
Ask me anything: An error occurred: EOF when reading a line
Ask me anything: An error occurred: EOF when reading a line
Ask me anything: An error occurred: EOF when reading a line
Ask me anything: An error occurred: EOF when reading a line
Ask me anything: An error occurred: EOF when reading a line
Ask me anything: An error occurred: EOF when reading a line
Ask me anything: An error occurred: EOF when reading a line
Ask me anything: An error occurred: EOF when reading a line
Ask me anything: An error occurred: EOF when reading a line
Ask me anything: An error occurred: EOF when reading a line
Ask me anything: An error occurred: EOF when reading a line
Ask me anything: An error occurred: EOF when reading a line
Ask me anything: An error occurred: EOF when reading a line
Ask me anything: An error occurred: EOF when reading a line
Ask me anything: An error occurred: EOF when reading a line
Ask me anything: An error occurred: EOF when reading a line
Ask me anything: An error occurred: EOF when reading a line
Ask me anything: An error occurred: EOF when reading a line
Ask me anything: An error occurred: EOF when reading a line
Ask me anything: An error occurred: EOF when reading a line
Ask me anything: An error occurred: EOF when reading a line
Ask me anything: An error occurred: EOF when reading a line
Ask me anything: An error occurred: EOF when reading a line
Ask me anything: An error occurred: EOF when reading a line
Ask me anything: An error occurred: EOF when reading a line
Ask me anything: An error occurred: EOF when reading a line
Ask me anything: An error occurred: EOF when reading a line
Ask me anything: An error occurred: EOF when reading a line
Ask me anything: An error occurred: EOF when reading a line
Ask me anything: An error occurred: EOF when reading a line
Ask me anything: An error occurred: EOF when reading a line
Ask me anything: An error occurred: EOF when reading a line
Ask me anything: An error occurred: EOF when reading a line
Ask me anything: An error occurred: EOF when reading a line
Ask me anything: An error occurred: EOF when reading a line
Ask me anything: An error occurred: EOF when reading a line
Ask me anything: An error occurred: EOF when reading a line
Ask me anything: An error occurred: EOF when reading a line
Ask me anything: An error occurred: EOF when reading a line
Ask me anything: An error occurred: EOF when reading a line
Ask me anything: An error occurred: EOF when reading a line
Ask me anything: An error occurred: EOF when reading a line
Ask me anything: An error occurred: EOF when reading a line
Ask me anything: An error occurred: EOF when reading a line
Ask me anything: An error occurred: EOF when reading a line
Ask me anything: An error occurred: EOF when reading a line
Ask me anything: An error occurred: EOF when reading a line
Ask me anything: An error occurred: EOF when reading a line
Ask me anything: An error occurred: EOF when reading a line
Ask me anything: An error occurred: EOF when reading a line
Ask me anything: An error occurred: EOF when reading a line
Ask me anything: An error occurred: EOF when reading a line
Ask me anything: An error occurred: EOF when reading a line
Ask me anything: An error occurred: EOF when reading a line
Ask me anything: An error occurred: EOF when reading a line
Ask me anything: An error occurred: EOF when reading a line
Ask me anything: An error occurred: EOF when reading a line
Ask me anything: An error occurred: EOF when reading a line
Ask me anything: An error occurred: EOF when reading a line
Ask me anything: An error occurred: EOF when reading a line
Ask me anything: An error occurred: EOF when reading a line
Ask me anything: An error occurred: EOF when reading a line
Ask me anything: An error occurred: EOF when reading a line
Ask me anything: An error occurred: EOF when reading a line
Ask me anything: An error occurred: EOF when reading a line
Ask me anything: An error occurred: EOF when reading a line
Ask me anything: An error occurred: EOF when reading a line
Ask me anything: An error occurred: EOF when reading a line
Ask me anything: An error occurred: EOF when reading a line
Ask me anything: An error occurred: EOF when reading a line
Ask me anything: An error occurred: EOF when reading a line
Ask me anything: An error occurred: EOF when reading a line
Ask me anything: An error occurred: EOF when reading a line
Ask me anything: An error occurred: EOF when reading a line
Ask me anything: An error occurred: EOF when reading a line
Ask me anything: An error occurred: EOF when reading a line
Ask me anything: An error occurred: EOF when reading a line
Ask me anything: An error occurred: EOF when reading a line
Ask me anything: An error occurred: EOF when reading a line
Ask me anything: An error occurred: EOF when reading a line
Ask me anything: An error occurred: EOF when reading a line
Ask me anything: An error occurred: EOF when reading a line
Ask me anything: An error occurred: EOF when reading a line
Ask me anything: An error occurred: EOF when reading a line
Ask me anything: An error occurred: EOF when reading a line
Ask me anything: An error occurred: EOF when reading a line
Ask me anything: An error occurred: EOF when reading a line
Ask me anything: An error occurred: EOF when reading a line
Ask me anything: An error occurred: EOF when reading a line
Ask me anything: An error occurred: EOF when reading a line
Ask me anything: An error occurred: EOF when reading a line
Ask me anything: An error occurred: EOF when reading a line
Ask me anything: An error occurred: EOF when reading a line
Ask me anything: An error occurred: EOF when reading a line
Ask me anything: An error occurred: EOF when reading a line
Ask me anything: An error occurred: EOF when reading a line
Ask me anything: An error occurred: EOF when reading a line
Ask me anything: An error occurred: EOF when reading a line
Ask me anything: An error occurred: EOF when reading a line
Ask me anything: An error occurred: EOF when reading a line
Ask me anything: An error occurred: EOF when reading a line
Ask me anything: An error occurred: EOF when reading a line
Ask me anything: An error occurred: EOF when reading a line
Ask me anything: An error occurred: EOF when reading a line
Ask me anything: An error occurred: EOF when reading a line
Ask me anything: An error occurred: EOF when reading a line
Ask me anything: An error occurred: EOF when reading a line
Ask me anything: An error occurred: EOF when reading a line
Ask me anything: An error occurred: EOF when reading a line
Ask me anything: An error occurred: EOF when reading a line
Ask me anything: An error occurred: EOF when reading a line
Ask me anything: An error occurred: EOF when reading a line
Ask me anything: An error occurred: EOF when reading a line
Ask me anything: An error occurred: EOF when reading a line
Ask me anything: An error occurred: EOF when reading a line
Ask me anything: An error occurred: EOF when reading a line
Ask me anything: An error occurred: EOF when reading a line
Ask me anything: An error occurred: EOF when reading a line
Ask me anything: An error occurred: EOF when reading a line
Ask me anything: An error occurred: EOF when reading a line
Ask me anything: An error occurred: EOF when reading a line
Ask me anything: An error occurred: EOF when reading a line
Ask me anything: An error occurred: EOF when reading a line
Ask me anything: An error occurred: EOF when reading a line
Ask me anything: An error occurred: EOF when reading a line
Ask me anything: An error occurred: EOF when reading a line
Ask me anything: An error occurred: EOF when reading a line
Ask me anything: An error occurred: EOF when reading a line
Ask me anything: An error occurred: EOF when reading a line
Ask me anything: An error occurred: EOF when reading a line
Ask me anything: An error occurred: EOF when reading a line
Ask me anything: An error occurred: EOF when reading a line
Ask me anything: An error occurred: EOF when reading a line
Ask me anything: An error occurred: EOF when reading a line
Ask me anything: An error occurred: EOF when reading a line
Ask me anything: An error occurred: EOF when reading a line
Ask me anything: An error occurred: EOF when reading a line
Ask me anything: An error occurred: EOF when reading a line
Ask me anything: An error occurred: EOF when reading a line
Ask me anything: An error occurred: EOF when reading a line
Ask me anything: An error occurred: EOF when reading a line
Ask me anything: An error occurred: EOF when reading a line
Ask me anything: An error occurred: EOF when reading a line
Ask me anything: An error occurred: EOF when reading a line
Ask me anything: An error occurred: EOF when reading a line
Ask me anything: An error occurred: EOF when reading a line
Ask me anything: An error occurred: EOF when reading a line
Ask me anything: An error occurred: EOF when reading a line
Ask me anything: An error occurred: EOF when reading a line
Ask me anything: An error occurred: EOF when reading a line
Ask me anything: An error occurred: EOF when reading a line
Ask me anything: An error occurred: EOF when reading a line
Ask me anything: An error occurred: EOF when reading a line
Ask me anything: An error occurred: EOF when reading a line
Ask me anything: An error occurred: EOF when reading a line
Ask me anything: An error occurred: EOF when reading a line
Ask me anything: An error occurred: EOF when reading a line
Ask me anything: An error occurred: EOF when reading a line
Ask me anything: An error occurred: EOF when reading a line
Ask me anything: An error occurred: EOF when reading a line
Ask me anything: An error occurred: EOF when reading a line
Ask me anything: An error occurred: EOF when reading a line
Ask me anything: An error occurred: EOF when reading a line
Ask me anything: An error occurred: EOF when reading a line
Ask me anything: An error occurred: EOF when reading a line
Ask me anything: An error occurred: EOF when reading a line
Ask me anything: An error occurred: EOF when reading a line
Ask me anything: An error occurred: EOF when reading a line
Ask me anything: An error occurred: EOF when reading a line
Ask me anything: An error occurred: EOF when reading a line
Ask me anything: An error occurred: EOF when reading a line
Ask me anything: An error occurred: EOF when reading a line
Ask me anything: An error occurred: EOF when reading a line
Ask me anything: An error occurred: EOF when reading a line
Ask me anything: An error occurred: EOF when reading a line
Ask me anything: An error occurred: EOF when reading a line
Ask me anything: An error occurred: EOF when reading a line
Ask me anything: An error occurred: EOF when reading a line
Ask me anything: An error occurred: EOF when reading a line
Ask me anything: An error occurred: EOF when reading a line
Ask me anything: An error occurred: EOF when reading a line
Ask me anything: An error occurred: EOF when reading a line
Ask me anything: An error occurred: EOF when reading a line
Ask me anything: An error occurred: EOF when reading a line
Ask me anything: An error occurred: EOF when reading a line
Ask me anything: An error occurred: EOF when reading a line
Ask me anything: An error occurred: EOF when reading a line
Ask me anything: An error occurred: EOF when reading a line
Ask me anything: An error occurred: EOF when reading a line
Ask me anything: An error occurred: EOF when reading a line
Ask me anything: An error occurred: EOF when reading a line
Ask me anything: An error occurred: EOF when reading a line
Ask me anything: An error occurred: EOF when reading a line
Ask me anything: An error occurred: EOF when reading a line
Ask me anything: An error occurred: EOF when reading a line
Ask me anything: An error occurred: EOF when reading a line
Ask me anything: An error occurred: EOF when reading a line
Ask me anything: An error occurred: EOF when reading a line
Ask me anything: An error occurred: EOF when reading a line
Ask me anything: An error occurred: EOF when reading a line
Ask me anything: An error occurred: EOF when reading a line
Ask me anything: An error occurred: EOF when reading a line
Ask me anything: An error occurred: EOF when reading a line
Ask me anything: An error occurred: EOF when reading a line
Ask me anything: An error occurred: EOF when reading a line
Ask me anything: An error occurred: EOF when reading a line
Ask me anything: An error occurred: EOF when reading a line
Ask me anything: An error occurred: EOF when reading a line
Ask me anything: An error occurred: EOF when reading a line
Ask me anything: An error occurred: EOF when reading a line
Ask me anything: An error occurred: EOF when reading a line
Ask me anything: An error occurred: EOF when reading a line
Ask me anything: An error occurred: EOF when reading a line
Ask me anything: An error occurred: EOF when reading a line
Ask me anything: An error occurred: EOF when reading a line
Ask me anything: An error occurred: EOF when reading a line
Ask me anything: An error occurred: EOF when reading a line
Ask me anything: An error occurred: EOF when reading a line
Ask me anything: An error occurred: EOF when reading a line
Ask me anything: An error occurred: EOF when reading a line
Ask me anything: An error occurred: EOF when reading a line
Ask me anything: An error occurred: EOF when reading a line
Ask me anything: An error occurred: EOF when reading a line
Ask me anything: An error occurred: EOF when reading a line
Ask me anything: An error occurred: EOF when reading a line
Ask me anything: An error occurred: EOF when reading a line
Ask me anything: An error occurred: EOF when reading a line
Ask me anything: An error occurred: EOF when reading a line
Ask me anything: An error occurred: EOF when reading a line
Ask me anything: An error occurred: EOF when reading a line
Ask me anything: An error occurred: EOF when reading a line
Ask me anything: An error occurred: EOF when reading a line
Ask me anything: An error occurred: EOF when reading a line
Ask me anything: An error occurred: EOF when reading a line
Ask me anything: An error occurred: EOF when reading a line
Ask me anything: An error occurred: EOF when reading a line
Ask me anything: An error occurred: EOF when reading a line
Ask me anything: An error occurred: EOF when reading a line
Ask me anything: An error occurred: EOF when reading a line
Ask me anything: An error occurred: EOF when reading a line
Ask me anything: An error occurred: EOF when reading a line
Ask me anything: An error occurred: EOF when reading a line
Ask me anything: An error occurred: EOF when reading a line
Ask me anything: An error occurred: EOF when reading a line
Ask me anything: An error occurred: EOF when reading a line
Ask me anything: An error occurred: EOF when reading a line
Ask me anything: An error occurred: EOF when reading a line
Ask me anything: An error occurred: EOF when reading a line
Ask me anything: An error occurred: EOF when reading a line
Ask me anything: An error occurred: EOF when reading a line
Ask me anything: An error occurred: EOF when reading a line
Ask me anything: An error occurred: EOF when reading a line
Ask me anything: An error occurred: EOF when reading a line
Ask me anything: An error occurred: EOF when reading a line
Ask me anything: An error occurred: EOF when reading a line
Ask me anything: An error occurred: EOF when reading a line
Ask me anything: An error occurred: EOF when reading a line
Ask me anything: An error occurred: EOF when reading a line
Ask me anything: An error occurred: EOF when reading a line
Ask me anything: An error occurred: EOF when reading a line
Ask me anything: An error occurred: EOF when reading a line
Ask me anything: An error occurred: EOF when reading a line
Ask me anything: An error occurred: EOF when reading a line
Ask me anything: An error occurred: EOF when reading a line
Ask me anything: An error occurred: EOF when reading a line
Ask me anything: An error occurred: EOF when reading a line
Ask me anything: An error occurred: EOF when reading a line
Ask me anything: An error occurred: EOF when reading a line
Ask me anything: An error occurred: EOF when reading a line
Ask me anything: An error occurred: EOF when reading a line
Ask me anything: An error occurred: EOF when reading a line
Ask me anything: An error occurred: EOF when reading a line
Ask me anything: An error occurred: EOF when reading a line
Ask me anything: An error occurred: EOF when reading a line
Ask me anything: An error occurred: EOF when reading a line
Ask me anything: An error occurred: EOF when reading a line
Ask me anything: An error occurred: EOF when reading a line
Ask me anything: An error occurred: EOF when reading a line
Ask me anything: An error occurred: EOF when reading a line
Ask me anything: An error occurred: EOF when reading a line
Ask me anything: An error occurred: EOF when reading a line
Ask me anything: An error occurred: EOF when reading a line
Ask me anything: An error occurred: EOF when reading a line
Ask me anything: An error occurred: EOF when reading a line
Ask me anything: An error occurred: EOF when reading a line
Ask me anything: An error occurred: EOF when reading a line
Ask me anything: An error occurred: EOF when reading a line
Ask me anything: An error occurred: EOF when reading a line
Ask me anything: An error occurred: EOF when reading a line
Ask me anything: An error occurred: EOF when reading a line
Ask me anything: An error occurred: EOF when reading a line
Ask me anything: An error occurred: EOF when reading a line
Ask me anything: An error occurred: EOF when reading a line
Ask me anything: An error occurred: EOF when reading a line
Ask me anything: An error occurred: EOF when reading a line
Ask me anything: An error occurred: EOF when reading a line
Ask me anything: An error occurred: EOF when reading a line
Ask me anything: An error occurred: EOF when reading a line
Ask me anything: An error occurred: EOF when reading a line
Ask me anything: An error occurred: EOF when reading a line
Ask me anything: An error occurred: EOF when reading a line
Ask me anything: An error occurred: EOF when reading a line
Ask me anything: An error occurred: EOF when reading a line
Ask me anything: An error occurred: EOF when reading a line
Ask me anything: An error occurred: EOF when reading a line
Ask me anything: An error occurred: EOF when reading a line
Ask me anything: An error occurred: EOF when reading a line
Ask me anything: An error occurred: EOF when reading a line
Ask me anything: An error occurred: EOF when reading a line
Ask me anything: An error occurred: EOF when reading a line
Ask me anything: An error occurred: EOF when reading a line
Ask me anything: An error occurred: EOF when reading a line
Ask me anything: An error occurred: EOF when reading a line
Ask me anything: An error occurred: EOF when reading a line
Ask me anything: An error occurred: EOF when reading a line
Ask me anything: An error occurred: EOF when reading a line
Ask me anything: An error occurred: EOF when reading a line
Ask me anything: An error occurred: EOF when reading a line
Ask me anything: An error occurred: EOF when reading a line
Ask me anything: An error occurred: EOF when reading a line
Ask me anything: An error occurred: EOF when reading a line
Ask me anything: An error occurred: EOF when reading a line
Ask me anything: An error occurred: EOF when reading a line
Ask me anything: An error occurred: EOF when reading a line
Ask me anything: An error occurred: EOF when reading a line
Ask me anything: An error occurred: EOF when reading a line
Ask me anything: An error occurred: EOF when reading a line
Ask me anything: An error occurred: EOF when reading a line
Ask me anything: An error occurred: EOF when reading a line
Ask me anything: An error occurred: EOF when reading a line
Ask me anything: An error occurred: EOF when reading a line
Ask me anything: An error occurred: EOF when reading a line
Ask me anything: An error occurred: EOF when reading a line
Ask me anything: An error occurred: EOF when reading a line
Ask me anything: An error occurred: EOF when reading a line
Ask me anything: An error occurred: EOF when reading a line
Ask me anything: An error occurred: EOF when reading a line
Ask me anything: An error occurred: EOF when reading a line
Ask me anything: An error occurred: EOF when reading a line
Ask me anything: An error occurred: EOF when reading a line
Ask me anything: An error occurred: EOF when reading a line
Ask me anything: An error occurred: EOF when reading a line
Ask me anything: An error occurred: EOF when reading a line
Ask me anything: An error occurred: EOF when reading a line
Ask me anything: An error occurred: EOF when reading a line
Ask me anything: An error occurred: EOF when reading a line
Ask me anything: An error occurred: EOF when reading a line
Ask me anything: An error occurred: EOF when reading a line
Ask me anything: An error occurred: EOF when reading a line
Ask me anything: An error occurred: EOF when reading a line
Ask me anything: An error occurred: EOF when reading a line
Ask me anything: An error occurred: EOF when reading a line
Ask me anything: An error occurred: EOF when reading a line
Ask me anything: An error occurred: EOF when reading a line
Ask me anything: An error occurred: EOF when reading a line
Ask me anything: An error occurred: EOF when reading a line
Ask me anything: An error occurred: EOF when reading a line
Ask me anything: An error occurred: EOF when reading a line
Ask me anything: An error occurred: EOF when reading a line
Ask me anything: An error occurred: EOF when reading a line
Ask me anything: An error occurred: EOF when reading a line
Ask me anything: An error occurred: EOF when reading a line
Ask me anything: An error occurred: EOF when reading a line
Ask me anything: An error occurred: EOF when reading a line
Ask me anything: An error occurred: EOF when reading a line
Ask me anything: An error occurred: EOF when reading a line
Ask me anything: An error occurred: EOF when reading a line
Ask me anything: An error occurred: EOF when reading a line
Ask me anything: An error occurred: EOF when reading a line
Ask me anything: An error occurred: EOF when reading a line
Ask me anything: An error occurred: EOF when reading a line
Ask me anything: An error occurred: EOF when reading a line
Ask me anything: An error occurred: EOF when reading a line
Ask me anything: An error occurred: EOF when reading a line
Ask me anything: An error occurred: EOF when reading a line
Ask me anything: An error occurred: EOF when reading a line
Ask me anything: An error occurred: EOF when reading a line
Ask me anything: An error occurred: EOF when reading a line
Ask me anything: An error occurred: EOF when reading a line
Ask me anything: An error occurred: EOF when reading a line
Ask me anything: An error occurred: EOF when reading a line
Ask me anything: An error occurred: EOF when reading a line
Ask me anything: An error occurred: EOF when reading a line
Ask me anything: An error occurred: EOF when reading a line
Ask me anything: An error occurred: EOF when reading a line
Ask me anything: An error occurred: EOF when reading a line
Ask me anything: An error occurred: EOF when reading a line
Ask me anything: An error occurred: EOF when reading a line
Ask me anything: An error occurred: EOF when reading a line
Ask me anything: An error occurred: EOF when reading a line
Ask me anything: An error occurred: EOF when reading a line
Ask me anything: An error occurred: EOF when reading a line
Ask me anything: An error occurred: EOF when reading a line
Ask me anything: An error occurred: EOF when reading a line
Ask me anything: An error occurred: EOF when reading a line
Ask me anything: An error occurred: EOF when reading a line
Ask me anything: An error occurred: EOF when reading a line
Ask me anything: An error occurred: EOF when reading a line
Ask me anything: An error occurred: EOF when reading a line
Ask me anything: An error occurred: EOF when reading a line
Ask me anything: An error occurred: EOF when reading a line
Ask me anything: An error occurred: EOF when reading a line
Ask me anything: An error occurred: EOF when reading a line
Ask me anything: An error occurred: EOF when reading a line
Ask me anything: An error occurred: EOF when reading a line
Ask me anything: An error occurred: EOF when reading a line
Ask me anything: An error occurred: EOF when reading a line
Ask me anything: An error occurred: EOF when reading a line
Ask me anything: An error occurred: EOF when reading a line
Ask me anything: An error occurred: EOF when reading a line
Ask me anything: An error occurred: EOF when reading a line
Ask me anything: An error occurred: EOF when reading a line
Ask me anything: An error occurred: EOF when reading a line
Ask me anything: An error occurred: EOF when reading a line
Ask me anything: An error occurred: EOF when reading a line
Ask me anything: An error occurred: EOF when reading a line
Ask me anything: An error occurred: EOF when reading a line
Ask me anything: An error occurred: EOF when reading a line
Ask me anything: An error occurred: EOF when reading a line
Ask me anything: An error occurred: EOF when reading a line
Ask me anything: An error occurred: EOF when reading a line
Ask me anything: An error occurred: EOF when reading a line
Ask me anything: An error occurred: EOF when reading a line
Ask me anything: An error occurred: EOF when reading a line
Ask me anything: An error occurred: EOF when reading a line
Ask me anything: An error occurred: EOF when reading a line
Ask me anything: An error occurred: EOF when reading a line
Ask me anything: An error occurred: EOF when reading a line
Ask me anything: An error occurred: EOF when reading a line
Ask me anything: An error occurred: EOF when reading a line
Ask me anything: An error occurred: EOF when reading a line
Ask me anything: An error occurred: EOF when reading a line
Ask me anything: An error occurred: EOF when reading a line
Ask me anything: An error occurred: EOF when reading a line
Ask me anything: An error occurred: EOF when reading a line
Ask me anything: An error occurred: EOF when reading a line
Ask me anything: An error occurred: EOF when reading a line
Ask me anything: An error occurred: EOF when reading a line
Ask me anything: An error occurred: EOF when reading a line
Ask me anything: An error occurred: EOF when reading a line
Ask me anything: An error occurred: EOF when reading a line
Ask me anything: An error occurred: EOF when reading a line
Ask me anything: An error occurred: EOF when reading a line
Ask me anything: An error occurred: EOF when reading a line
Ask me anything: An error occurred: EOF when reading a line
Ask me anything: An error occurred: EOF when reading a line
Ask me anything: An error occurred: EOF when reading a line
Ask me anything: An error occurred: EOF when reading a line
Ask me anything: An error occurred: EOF when reading a line
Ask me anything: An error occurred: EOF when reading a line
Ask me anything: An error occurred: EOF when reading a line
Ask me anything: An error occurred: EOF when reading a line
Ask me anything: An error occurred: EOF when reading a line
Ask me anything: An error occurred: EOF when reading a line
Ask me anything: An error occurred: EOF when reading a line
Ask me anything: An error occurred: EOF when reading a line
Ask me anything: An error occurred: EOF when reading a line
Ask me anything: An error occurred: EOF when reading a line
Ask me anything: An error occurred: EOF when reading a line
Ask me anything: An error occurred: EOF when reading a line
Ask me anything: An error occurred: EOF when reading a line
Ask me anything: An error occurred: EOF when reading a line
Ask me anything: An error occurred: EOF when reading a line
Ask me anything: An error occurred: EOF when reading a line
Ask me anything: An error occurred: EOF when reading a line
Ask me anything: An error occurred: EOF when reading a line
Ask me anything: An error occurred: EOF when reading a line
Ask me anything: An error occurred: EOF when reading a line
Ask me anything: An error occurred: EOF when reading a line
Ask me anything: An error occurred: EOF when reading a line
Ask me anything: An error occurred: EOF when reading a line
Ask me anything: An error occurred: EOF when reading a line
Ask me anything: An error occurred: EOF when reading a line
Ask me anything: An error occurred: EOF when reading a line
Ask me anything: An error occurred: EOF when reading a line
Ask me anything: An error occurred: EOF when reading a line
Ask me anything: An error occurred: EOF when reading a line
Ask me anything: An error occurred: EOF when reading a line
Ask me anything: An error occurred: EOF when reading a line
Ask me anything: An error occurred: EOF when reading a line
Ask me anything: An error occurred: EOF when reading a line
Ask me anything: An error occurred: EOF when reading a line
Ask me anything: An error occurred: EOF when reading a line
Ask me anything: An error occurred: EOF when reading a line
Ask me anything: An error occurred: EOF when reading a line
Ask me anything: An error occurred: EOF when reading a line
Ask me anything: An error occurred: EOF when reading a line
Ask me anything: An error occurred: EOF when reading a line
Ask me anything: An error occurred: EOF when reading a line
Ask me anything: An error occurred: EOF when reading a line
Ask me anything: An error occurred: EOF when reading a line
Ask me anything: An error occurred: EOF when reading a line
Ask me anything: An error occurred: EOF when reading a line
Ask me anything: An error occurred: EOF when reading a line
Ask me anything: An error occurred: EOF when reading a line
Ask me anything: An error occurred: EOF when reading a line
Ask me anything: An error occurred: EOF when reading a line
Ask me anything: An error occurred: EOF when reading a line
Ask me anything: An error occurred: EOF when reading a line
Ask me anything: An error occurred: EOF when reading a line
Ask me anything: An error occurred: EOF when reading a line
Ask me anything: An error occurred: EOF when reading a line
Ask me anything: An error occurred: EOF when reading a line
Ask me anything: An error occurred: EOF when reading a line
Ask me anything: An error occurred: EOF when reading a line
Ask me anything: An error occurred: EOF when reading a line
Ask me anything: An error occurred: EOF when reading a line
Ask me anything: An error occurred: EOF when reading a line
Ask me anything: An error occurred: EOF when reading a line
Ask me anything: An error occurred: EOF when reading a line
Ask me anything: An error occurred: EOF when reading a line
Ask me anything: An error occurred: EOF when reading a line
Ask me anything: An error occurred: EOF when reading a line
Ask me anything: An error occurred: EOF when reading a line
Ask me anything: An error occurred: EOF when reading a line
Ask me anything: An error occurred: EOF when reading a line
Ask me anything: An error occurred: EOF when reading a line
Ask me anything: An error occurred: EOF when reading a line
Ask me anything: An error occurred: EOF when reading a line
Ask me anything: An error occurred: EOF when reading a line
Ask me anything: An error occurred: EOF when reading a line
Ask me anything: An error occurred: EOF when reading a line
Ask me anything: An error occurred: EOF when reading a line
Ask me anything: An error occurred: EOF when reading a line
Ask me anything: An error occurred: EOF when reading a line
Ask me anything: An error occurred: EOF when reading a line
Ask me anything: An error occurred: EOF when reading a line
Ask me anything: An error occurred: EOF when reading a line
Ask me anything: An error occurred: EOF when reading a line
Ask me anything: An error occurred: EOF when reading a line
Ask me anything: An error occurred: EOF when reading a line
Ask me anything: An error occurred: EOF when reading a line
Ask me anything: An error occurred: EOF when reading a line
Ask me anything: An error occurred: EOF when reading a line
Ask me anything: An error occurred: EOF when reading a line
Ask me anything: An error occurred: EOF when reading a line
Ask me anything: An error occurred: EOF when reading a line
Ask me anything: An error occurred: EOF when reading a line
Ask me anything: An error occurred: EOF when reading a line
Ask me anything: An error occurred: EOF when reading a line
Ask me anything: An error occurred: EOF when reading a line
Ask me anything: An error occurred: EOF when reading a line
Ask me anything: An error occurred: EOF when reading a line
Ask me anything: An error occurred: EOF when reading a line
Ask me anything: An error occurred: EOF when reading a line
Ask me anything: An error occurred: EOF when reading a line
Ask me anything: An error occurred: EOF when reading a line
Ask me anything: An error occurred: EOF when reading a line
Ask me anything: An error occurred: EOF when reading a line
Ask me anything: An error occurred: EOF when reading a line
Ask me anything: An error occurred: EOF when reading a line
Ask me anything: An error occurred: EOF when reading a line
Ask me anything: An error occurred: EOF when reading a line
Ask me anything: An error occurred: EOF when reading a line
Ask me anything: An error occurred: EOF when reading a line
Ask me anything: An error occurred: EOF when reading a line
Ask me anything: An error occurred: EOF when reading a line
Ask me anything: An error occurred: EOF when reading a line
Ask me anything: An error occurred: EOF when reading a line
Ask me anything: An error occurred: EOF when reading a line
Ask me anything: An error occurred: EOF when reading a line
Ask me anything: An error occurred: EOF when reading a line
Ask me anything: An error occurred: EOF when reading a line
Ask me anything: An error occurred: EOF when reading a line
Ask me anything: An error occurred: EOF when reading a line
Ask me anything: An error occurred: EOF when reading a line
Ask me anything: An error occurred: EOF when reading a line
Ask me anything: An error occurred: EOF when reading a line
Ask me anything: An error occurred: EOF when reading a line
Ask me anything: An error occurred: EOF when reading a line
Ask me anything: An error occurred: EOF when reading a line
Ask me anything: An error occurred: EOF when reading a line
Ask me anything: An error occurred: EOF when reading a line
Ask me anything: An error occurred: EOF when reading a line
Ask me anything: An error occurred: EOF when reading a line
Ask me anything: An error occurred: EOF when reading a line
Ask me anything: An error occurred: EOF when reading a line
Ask me anything: An error occurred: EOF when reading a line
Ask me anything: An error occurred: EOF when reading a line
Ask me anything: An error occurred: EOF when reading a line
Ask me anything: An error occurred: EOF when reading a line
Ask me anything: An error occurred: EOF when reading a line
Ask me anything: An error occurred: EOF when reading a line
Ask me anything: An error occurred: EOF when reading a line
Ask me anything: An error occurred: EOF when reading a line
Ask me anything: An error occurred: EOF when reading a line
Ask me anything: An error occurred: EOF when reading a line
Ask me anything: An error occurred: EOF when reading a line
Ask me anything: An error occurred: EOF when reading a line
Ask me anything: An error occurred: EOF when reading a line
Ask me anything: An error occurred: EOF when reading a line
Ask me anything: An error occurred: EOF when reading a line
Ask me anything: An error occurred: EOF when reading a line
Ask me anything: An error occurred: EOF when reading a line
Ask me anything: An error occurred: EOF when reading a line
Ask me anything: An error occurred: EOF when reading a line
Ask me anything: An error occurred: EOF when reading a line
Ask me anything: An error occurred: EOF when reading a line
Ask me anything: An error occurred: EOF when reading a line
Ask me anything: An error occurred: EOF when reading a line
Ask me anything: An error occurred: EOF when reading a line
Ask me anything: An error occurred: EOF when reading a line
Ask me anything: An error occurred: EOF when reading a line
Ask me anything: An error occurred: EOF when reading a line
Ask me anything: An error occurred: EOF when reading a line
Ask me anything: An error occurred: EOF when reading a line
Ask me anything: An error occurred: EOF when reading a line
Ask me anything: An error occurred: EOF when reading a line
Ask me anything: An error occurred: EOF when reading a line
Ask me anything: An error occurred: EOF when reading a line
Ask me anything: An error occurred: EOF when reading a line
Ask me anything: An error occurred: EOF when reading a line
Ask me anything: An error occurred: EOF when reading a line
Ask me anything: An error occurred: EOF when reading a line
Ask me anything: An error occurred: EOF when reading a line
Ask me anything: An error occurred: EOF when reading a line
Ask me anything: An error occurred: EOF when reading a line
Ask me anything: An error occurred: EOF when reading a line
Ask me anything: An error occurred: EOF when reading a line
Ask me anything: An error occurred: EOF when reading a line
Ask me anything: An error occurred: EOF when reading a line
Ask me anything: An error occurred: EOF when reading a line
Ask me anything: An error occurred: EOF when reading a line
Ask me anything: An error occurred: EOF when reading a line
Ask me anything: An error occurred: EOF when reading a line
Ask me anything: An error occurred: EOF when reading a line
Ask me anything: An error occurred: EOF when reading a line
Ask me anything: An error occurred: EOF when reading a line
Ask me anything: An error occurred: EOF when reading a line
Ask me anything: An error occurred: EOF when reading a line
Ask me anything: An error occurred: EOF when reading a line
Ask me anything: An error occurred: EOF when reading a line
Ask me anything: An error occurred: EOF when reading a line
Ask me anything: An error occurred: EOF when reading a line
Ask me anything: An error occurred: EOF when reading a line
Ask me anything: An error occurred: EOF when reading a line
Ask me anything: An error occurred: EOF when reading a line
Ask me anything: An error occurred: EOF when reading a line
Ask me anything: An error occurred: EOF when reading a line
Ask me anything: An error occurred: EOF when reading a line
Ask me anything: An error occurred: EOF when reading a line
Ask me anything: An error occurred: EOF when reading a line
Ask me anything: An error occurred: EOF when reading a line
Ask me anything: An error occurred: EOF when reading a line
Ask me anything: An error occurred: EOF when reading a line
Ask me anything: An error occurred: EOF when reading a line
Ask me anything: An error occurred: EOF when reading a line
Ask me anything: An error occurred: EOF when reading a line
Ask me anything: An error occurred: EOF when reading a line
Ask me anything: An error occurred: EOF when reading a line
Ask me anything: An error occurred: EOF when reading a line
Ask me anything: An error occurred: EOF when reading a line
Ask me anything: An error occurred: EOF when reading a line
Ask me anything: An error occurred: EOF when reading a line
Ask me anything: An error occurred: EOF when reading a line
Ask me anything: An error occurred: EOF when reading a line
Ask me anything: An error occurred: EOF when reading a line
Ask me anything: An error occurred: EOF when reading a line
Ask me anything: An error occurred: EOF when reading a line
Ask me anything: An error occurred: EOF when reading a line
Ask me anything: An error occurred: EOF when reading a line
Ask me anything: An error occurred: EOF when reading a line
Ask me anything: An error occurred: EOF when reading a line
Ask me anything: An error occurred: EOF when reading a line
Ask me anything: An error occurred: EOF when reading a line
Ask me anything: An error occurred: EOF when reading a line
Ask me anything: An error occurred: EOF when reading a line
Ask me anything: An error occurred: EOF when reading a line
Ask me anything: An error occurred: EOF when reading a line
Ask me anything: An error occurred: EOF when reading a line
Ask me anything: An error occurred: EOF when reading a line
Ask me anything: An error occurred: EOF when reading a line
Ask me anything: An error occurred: EOF when reading a line
Ask me anything: An error occurred: EOF when reading a line
Ask me anything: An error occurred: EOF when reading a line
Ask me anything: An error occurred: EOF when reading a line
Ask me anything: An error occurred: EOF when reading a line
Ask me anything: An error occurred: EOF when reading a line
Ask me anything: An error occurred: EOF when reading a line
Ask me anything: An error occurred: EOF when reading a line
Ask me anything: An error occurred: EOF when reading a line
Ask me anything: An error occurred: EOF when reading a line
Ask me anything: An error occurred: EOF when reading a line
Ask me anything: An error occurred: EOF when reading a line
Ask me anything: An error occurred: EOF when reading a line
Ask me anything: An error occurred: EOF when reading a line
Ask me anything: An error occurred: EOF when reading a line
Ask me anything: An error occurred: EOF when reading a line
Ask me anything: An error occurred: EOF when reading a line
Ask me anything: An error occurred: EOF when reading a line
Ask me anything: An error occurred: EOF when reading a line
Ask me anything: An error occurred: EOF when reading a line
Ask me anything: An error occurred: EOF when reading a line
Ask me anything: An error occurred: EOF when reading a line
Ask me anything: An error occurred: EOF when reading a line
Ask me anything: An error occurred: EOF when reading a line
Ask me anything: An error occurred: EOF when reading a line
Ask me anything: An error occurred: EOF when reading a line
Ask me anything: An error occurred: EOF when reading a line
Ask me anything: An error occurred: EOF when reading a line
Ask me anything: An error occurred: EOF when reading a line
Ask me anything: An error occurred: EOF when reading a line
Ask me anything: An error occurred: EOF when reading a line
Ask me anything: An error occurred: EOF when reading a line
Ask me anything: An error occurred: EOF when reading a line
Ask me anything: An error occurred: EOF when reading a line
Ask me anything: An error occurred: EOF when reading a line
Ask me anything: An error occurred: EOF when reading a line
Ask me anything: An error occurred: EOF when reading a line
Ask me anything: An error occurred: EOF when reading a line
Ask me anything: An error occurred: EOF when reading a line
Ask me anything: An error occurred: EOF when reading a line
Ask me anything: An error occurred: EOF when reading a line
Ask me anything: An error occurred: EOF when reading a line
Ask me anything: An error occurred: EOF when reading a line
Ask me anything: An error occurred: EOF when reading a line
Ask me anything: An error occurred: EOF when reading a line
Ask me anything: An error occurred: EOF when reading a line
Ask me anything: An error occurred: EOF when reading a line
Ask me anything: An error occurred: EOF when reading a line
Ask me anything: An error occurred: EOF when reading a line
Ask me anything: An error occurred: EOF when reading a line
Ask me anything: An error occurred: EOF when reading a line
Ask me anything: An error occurred: EOF when reading a line
Ask me anything: An error occurred: EOF when reading a line
Ask me anything: An error occurred: EOF when reading a line
Ask me anything: An error occurred: EOF when reading a line
Ask me anything: An error occurred: EOF when reading a line
Ask me anything: An error occurred: EOF when reading a line
Ask me anything: An error occurred: EOF when reading a line
Ask me anything: An error occurred: EOF when reading a line
Ask me anything: An error occurred: EOF when reading a line
Ask me anything: An error occurred: EOF when reading a line
Ask me anything: An error occurred: EOF when reading a line
Ask me anything: An error occurred: EOF when reading a line
Ask me anything: An error occurred: EOF when reading a line
Ask me anything: An error occurred: EOF when reading a line
Ask me anything: An error occurred: EOF when reading a line
Ask me anything: An error occurred: EOF when reading a line
Ask me anything: An error occurred: EOF when reading a line
Ask me anything: An error occurred: EOF when reading a line
Ask me anything: An error occurred: EOF when reading a line
Ask me anything: An error occurred: EOF when reading a line
Ask me anything: An error occurred: EOF when reading a line
Ask me anything: An error occurred: EOF when reading a line
Ask me anything: An error occurred: EOF when reading a line
Ask me anything: An error occurred: EOF when reading a line
Ask me anything: An error occurred: EOF when reading a line
Ask me anything: An error occurred: EOF when reading a line
Ask me anything: An error occurred: EOF when reading a line
Ask me anything: An error occurred: EOF when reading a line
Ask me anything: An error occurred: EOF when reading a line
Ask me anything: An error occurred: EOF when reading a line
Ask me anything: An error occurred: EOF when reading a line
Ask me anything: An error occurred: EOF when reading a line
Ask me anything: An error occurred: EOF when reading a line
Ask me anything: An error occurred: EOF when reading a line
Ask me anything: An error occurred: EOF when reading a line
Ask me anything: An error occurred: EOF when reading a line
Ask me anything: An error occurred: EOF when reading a line
Ask me anything: An error occurred: EOF when reading a line
Ask me anything: An error occurred: EOF when reading a line
Ask me anything: An error occurred: EOF when reading a line
Ask me anything: An error occurred: EOF when reading a line
Ask me anything: An error occurred: EOF when reading a line
Ask me anything: An error occurred: EOF when reading a line
Ask me anything: An error occurred: EOF when reading a line
Ask me anything: An error occurred: EOF when reading a line
Ask me anything: An error occurred: EOF when reading a line
Ask me anything: An error occurred: EOF when reading a line
Ask me anything: An error occurred: EOF when reading a line
Ask me anything: An error occurred: EOF when reading a line
Ask me anything: An error occurred: EOF when reading a line
Ask me anything: An error occurred: EOF when reading a line
Ask me anything: An error occurred: EOF when reading a line
Ask me anything: An error occurred: EOF when reading a line
Ask me anything: An error occurred: EOF when reading a line
Ask me anything: An error occurred: EOF when reading a line
Ask me anything: An error occurred: EOF when reading a line
Ask me anything: An error occurred: EOF when reading a line
Ask me anything: An error occurred: EOF when reading a line
Ask me anything: An error occurred: EOF when reading a line
Ask me anything: An error occurred: EOF when reading a line
Ask me anything: An error occurred: EOF when reading a line
Ask me anything: An error occurred: EOF when reading a line
Ask me anything: An error occurred: EOF when reading a line
Ask me anything: An error occurred: EOF when reading a line
Ask me anything: An error occurred: EOF when reading a line
Ask me anything: An error occurred: EOF when reading a line
Ask me anything: An error occurred: EOF when reading a line
Ask me anything: An error occurred: EOF when reading a line
Ask me anything: An error occurred: EOF when reading a line
Ask me anything: An error occurred: EOF when reading a line
Ask me anything: An error occurred: EOF when reading a line
Ask me anything: An error occurred: EOF when reading a line
Ask me anything: An error occurred: EOF when reading a line
Ask me anything: An error occurred: EOF when reading a line
Ask me anything: An error occurred: EOF when reading a line
Ask me anything: An error occurred: EOF when reading a line
Ask me anything: An error occurred: EOF when reading a line
Ask me anything: An error occurred: EOF when reading a line
Ask me anything: An error occurred: EOF when reading a line
Ask me anything: An error occurred: EOF when reading a line
Ask me anything: An error occurred: EOF when reading a line
Ask me anything: An error occurred: EOF when reading a line
Ask me anything: An error occurred: EOF when reading a line
Ask me anything: An error occurred: EOF when reading a line
Ask me anything: An error occurred: EOF when reading a line
Ask me anything: An error occurred: EOF when reading a line
Ask me anything: An error occurred: EOF when reading a line
Ask me anything: An error occurred: EOF when reading a line
Ask me anything: An error occurred: EOF when reading a line
Ask me anything: An error occurred: EOF when reading a line
Ask me anything: An error occurred: EOF when reading a line
Ask me anything: An error occurred: EOF when reading a line
Ask me anything: An error occurred: EOF when reading a line
Ask me anything: An error occurred: EOF when reading a line
Ask me anything: An error occurred: EOF when reading a line
Ask me anything: An error occurred: EOF when reading a line
Ask me anything: An error occurred: EOF when reading a line
Ask me anything: An error occurred: EOF when reading a line
Ask me anything: An error occurred: EOF when reading a line
Ask me anything: An error occurred: EOF when reading a line
Ask me anything: An error occurred: EOF when reading a line
Ask me anything: An error occurred: EOF when reading a line
Ask me anything: An error occurred: EOF when reading a line
Ask me anything: An error occurred: EOF when reading a line
Ask me anything: An error occurred: EOF when reading a line
Ask me anything: An error occurred: EOF when reading a line
Ask me anything: An error occurred: EOF when reading a line
Ask me anything: An error occurred: EOF when reading a line
Ask me anything: An error occurred: EOF when reading a line
Ask me anything: An error occurred: EOF when reading a line
Ask me anything: An error occurred: EOF when reading a line
Ask me anything: An error occurred: EOF when reading a line
Ask me anything: An error occurred: EOF when reading a line
Ask me anything: An error occurred: EOF when reading a line
Ask me anything: An error occurred: EOF when reading a line
Ask me anything: An error occurred: EOF when reading a line
Ask me anything: An error occurred: EOF when reading a line
Ask me anything: An error occurred: EOF when reading a line
Ask me anything: An error occurred: EOF when reading a line
Ask me anything: An error occurred: EOF when reading a line
Ask me anything: An error occurred: EOF when reading a line
Ask me anything: An error occurred: EOF when reading a line
Ask me anything: An error occurred: EOF when reading a line
Ask me anything: An error occurred: EOF when reading a line
Ask me anything: An error occurred: EOF when reading a line
Ask me anything: An error occurred: EOF when reading a line
Ask me anything: An error occurred: EOF when reading a line
Ask me anything: An error occurred: EOF when reading a line
Ask me anything: An error occurred: EOF when reading a line
Ask me anything: An error occurred: EOF when reading a line
Ask me anything: An error occurred: EOF when reading a line
Ask me anything: An error occurred: EOF when reading a line
Ask me anything: An error occurred: EOF when reading a line
Ask me anything: An error occurred: EOF when reading a line
Ask me anything: An error occurred: EOF when reading a line
Ask me anything: An error occurred: EOF when reading a line
Ask me anything: An error occurred: EOF when reading a line
Ask me anything: An error occurred: EOF when reading a line
Ask me anything: An error occurred: EOF when reading a line
Ask me anything: An error occurred: EOF when reading a line
Ask me anything: An error occurred: EOF when reading a line
Ask me anything: An error occurred: EOF when reading a line
Ask me anything: An error occurred: EOF when reading a line
Ask me anything: An error occurred: EOF when reading a line
Ask me anything: An error occurred: EOF when reading a line
Ask me anything: An error occurred: EOF when reading a line
Ask me anything: An error occurred: EOF when reading a line
Ask me anything: An error occurred: EOF when reading a line
Ask me anything: An error occurred: EOF when reading a line
Ask me anything: An error occurred: EOF when reading a line
Ask me anything: An error occurred: EOF when reading a line
Ask me anything: An error occurred: EOF when reading a line
Ask me anything: An error occurred: EOF when reading a line
Ask me anything: An error occurred: EOF when reading a line
Ask me anything: An error occurred: EOF when reading a line
Ask me anything: An error occurred: EOF when reading a line
Ask me anything: An error occurred: EOF when reading a line
Ask me anything: An error occurred: EOF when reading a line
Ask me anything: An error occurred: EOF when reading a line
Ask me anything: An error occurred: EOF when reading a line
Ask me anything: An error occurred: EOF when reading a line
Ask me anything: An error occurred: EOF when reading a line
Ask me anything: An error occurred: EOF when reading a line
Ask me anything: An error occurred: EOF when reading a line
Ask me anything: An error occurred: EOF when reading a line
Ask me anything: An error occurred: EOF when reading a line
Ask me anything: An error occurred: EOF when reading a line
Ask me anything: An error occurred: EOF when reading a line
Ask me anything: An error occurred: EOF when reading a line
Ask me anything: An error occurred: EOF when reading a line
Ask me anything: An error occurred: EOF when reading a line
Ask me anything: An error occurred: EOF when reading a line
Ask me anything: An error occurred: EOF when reading a line
Ask me anything: An error occurred: EOF when reading a line
Ask me anything: An error occurred: EOF when reading a line
Ask me anything: An error occurred: EOF when reading a line
Ask me anything: An error occurred: EOF when reading a line
Ask me anything: An error occurred: EOF when reading a line
Ask me anything: An error occurred: EOF when reading a line
Ask me anything: An error occurred: EOF when reading a line
Ask me anything: An error occurred: EOF when reading a line
Ask me anything: An error occurred: EOF when reading a line
Ask me anything: An error occurred: EOF when reading a line
Ask me anything: An error occurred: EOF when reading a line
Ask me anything: An error occurred: EOF when reading a line
Ask me anything: An error occurred: EOF when reading a line
Ask me anything: An error occurred: EOF when reading a line
Ask me anything: An error occurred: EOF when reading a line
Ask me anything: An error occurred: EOF when reading a line
Ask me anything: An error occurred: EOF when reading a line
Ask me anything: An error occurred: EOF when reading a line
Ask me anything: An error occurred: EOF when reading a line
Ask me anything: An error occurred: EOF when reading a line
Ask me anything: An error occurred: EOF when reading a line
Ask me anything: An error occurred: EOF when reading a line
Ask me anything: An error occurred: EOF when reading a line
Ask me anything: An error occurred: EOF when reading a line
Ask me anything: An error occurred: EOF when reading a line
Ask me anything: An error occurred: EOF when reading a line
Ask me anything: An error occurred: EOF when reading a line
Ask me anything: An error occurred: EOF when reading a line
Ask me anything: An error occurred: EOF when reading a line
Ask me anything: An error occurred: EOF when reading a line
Ask me anything: An error occurred: EOF when reading a line
Ask me anything: An error occurred: EOF when reading a line
Ask me anything: An error occurred: EOF when reading a line
Ask me anything: An error occurred: EOF when reading a line
Ask me anything: An error occurred: EOF when reading a line
Ask me anything: An error occurred: EOF when reading a line
Ask me anything: An error occurred: EOF when reading a line
Ask me anything: An error occurred: EOF when reading a line
Ask me anything: An error occurred: EOF when reading a line
Ask me anything: An error occurred: EOF when reading a line
Ask me anything: An error occurred: EOF when reading a line
Ask me anything: An error occurred: EOF when reading a line
Ask me anything: An error occurred: EOF when reading a line
Ask me anything: An error occurred: EOF when reading a line
Ask me anything: An error occurred: EOF when reading a line
Ask me anything: An error occurred: EOF when reading a line
Ask me anything: An error occurred: EOF when reading a line
Ask me anything: An error occurred: EOF when reading a line
Ask me anything: An error occurred: EOF when reading a line
Ask me anything: An error occurred: EOF when reading a line
Ask me anything: An error occurred: EOF when reading a line
Ask me anything: An error occurred: EOF when reading a line
Ask me anything: An error occurred: EOF when reading a line
Ask me anything: An error occurred: EOF when reading a line
Ask me anything: An error occurred: EOF when reading a line
Ask me anything: An error occurred: EOF when reading a line
Ask me anything: An error occurred: EOF when reading a line
Ask me anything: An error occurred: EOF when reading a line
Ask me anything: An error occurred: EOF when reading a line
Ask me anything: An error occurred: EOF when reading a line
Ask me anything: An error occurred: EOF when reading a line
Ask me anything: An error occurred: EOF when reading a line
Ask me anything: An error occurred: EOF when reading a line
Ask me anything: An error occurred: EOF when reading a line
Ask me anything: An error occurred: EOF when reading a line
Ask me anything: An error occurred: EOF when reading a line
Ask me anything: An error occurred: EOF when reading a line
Ask me anything: An error occurred: EOF when reading a line
Ask me anything: An error occurred: EOF when reading a line
Ask me anything: An error occurred: EOF when reading a line
Ask me anything: An error occurred: EOF when reading a line
Ask me anything: An error occurred: EOF when reading a line
Ask me anything: An error occurred: EOF when reading a line
Ask me anything: An error occurred: EOF when reading a line
Ask me anything: An error occurred: EOF when reading a line
Ask me anything: An error occurred: EOF when reading a line
Ask me anything: An error occurred: EOF when reading a line
Ask me anything: An error occurred: EOF when reading a line
Ask me anything: An error occurred: EOF when reading a line
Ask me anything: An error occurred: EOF when reading a line
Ask me anything: An error occurred: EOF when reading a line
Ask me anything: An error occurred: EOF when reading a line
Ask me anything: An error occurred: EOF when reading a line
Ask me anything: An error occurred: EOF when reading a line
Ask me anything: An error occurred: EOF when reading a line
Ask me anything: An error occurred: EOF when reading a line
Ask me anything: An error occurred: EOF when reading a line
Ask me anything: An error occurred: EOF when reading a line
Ask me anything: An error occurred: EOF when reading a line
Ask me anything: An error occurred: EOF when reading a line
Ask me anything: An error occurred: EOF when reading a line
Ask me anything: An error occurred: EOF when reading a line
Ask me anything: An error occurred: EOF when reading a line
Ask me anything: An error occurred: EOF when reading a line
Ask me anything: An error occurred: EOF when reading a line
Ask me anything: An error occurred: EOF when reading a line
Ask me anything: An error occurred: EOF when reading a line
Ask me anything: An error occurred: EOF when reading a line
Ask me anything: An error occurred: EOF when reading a line
Ask me anything: An error occurred: EOF when reading a line
Ask me anything: An error occurred: EOF when reading a line
Ask me anything: An error occurred: EOF when reading a line
Ask me anything: An error occurred: EOF when reading a line
Ask me anything: An error occurred: EOF when reading a line
Ask me anything: An error occurred: EOF when reading a line
Ask me anything: An error occurred: EOF when reading a line
Ask me anything: An error occurred: EOF when reading a line
Ask me anything: An error occurred: EOF when reading a line
Ask me anything: An error occurred: EOF when reading a line
Ask me anything: An error occurred: EOF when reading a line
Ask me anything: An error occurred: EOF when reading a line
Ask me anything: An error occurred: EOF when reading a line
Ask me anything: An error occurred: EOF when reading a line
Ask me anything: An error occurred: EOF when reading a line
Ask me anything: An error occurred: EOF when reading a line
Ask me anything: An error occurred: EOF when reading a line
Ask me anything: An error occurred: EOF when reading a line
Ask me anything: An error occurred: EOF when reading a line
Ask me anything: An error occurred: EOF when reading a line
Ask me anything: An error occurred: EOF when reading a line
Ask me anything: An error occurred: EOF when reading a line
Ask me anything: An error occurred: EOF when reading a line
Ask me anything: An error occurred: EOF when reading a line
Ask me anything: An error occurred: EOF when reading a line
Ask me anything: An error occurred: EOF when reading a line
Ask me anything: An error occurred: EOF when reading a line
Ask me anything: An error occurred: EOF when reading a line
Ask me anything: An error occurred: EOF when reading a line
Ask me anything: An error occurred: EOF when reading a line
Ask me anything: An error occurred: EOF when reading a line
Ask me anything: An error occurred: EOF when reading a line
Ask me anything: An error occurred: EOF when reading a line
Ask me anything: An error occurred: EOF when reading a line
Ask me anything: An error occurred: EOF when reading a line
Ask me anything: An error occurred: EOF when reading a line
Ask me anything: An error occurred: EOF when reading a line
Ask me anything: An error occurred: EOF when reading a line
Ask me anything: An error occurred: EOF when reading a line
Ask me anything: An error occurred: EOF when reading a line
Ask me anything: An error occurred: EOF when reading a line
Ask me anything: An error occurred: EOF when reading a line
Ask me anything: An error occurred: EOF when reading a line
Ask me anything: An error occurred: EOF when reading a line
Ask me anything: An error occurred: EOF when reading a line
Ask me anything: An error occurred: EOF when reading a line
Ask me anything: An error occurred: EOF when reading a line
Ask me anything: An error occurred: EOF when reading a line
Ask me anything: An error occurred: EOF when reading a line
Ask me anything: An error occurred: EOF when reading a line
Ask me anything: An error occurred: EOF when reading a line
Ask me anything: An error occurred: EOF when reading a line
Ask me anything: An error occurred: EOF when reading a line
Ask me anything: An error occurred: EOF when reading a line
Ask me anything: An error occurred: EOF when reading a line
Ask me anything: An error occurred: EOF when reading a line
Ask me anything: An error occurred: EOF when reading a line
Ask me anything: An error occurred: EOF when reading a line
Ask me anything: An error occurred: EOF when reading a line
Ask me anything: An error occurred: EOF when reading a line
Ask me anything: An error occurred: EOF when reading a line
Ask me anything: An error occurred: EOF when reading a line
Ask me anything: An error occurred: EOF when reading a line
Ask me anything: An error occurred: EOF when reading a line
Ask me anything: An error occurred: EOF when reading a line
Ask me anything: An error occurred: EOF when reading a line
Ask me anything: An error occurred: EOF when reading a line
Ask me anything: An error occurred: EOF when reading a line
Ask me anything: An error occurred: EOF when reading a line
Ask me anything: An error occurred: EOF when reading a line
Ask me anything: An error occurred: EOF when reading a line
Ask me anything: An error occurred: EOF when reading a line
Ask me anything: An error occurred: EOF when reading a line
Ask me anything: An error occurred: EOF when reading a line
Ask me anything: An error occurred: EOF when reading a line
Ask me anything: An error occurred: EOF when reading a line
Ask me anything: An error occurred: EOF when reading a line
Ask me anything: An error occurred: EOF when reading a line
Ask me anything: An error occurred: EOF when reading a line
Ask me anything: An error occurred: EOF when reading a line
Ask me anything: An error occurred: EOF when reading a line
Ask me anything: An error occurred: EOF when reading a line
Ask me anything: An error occurred: EOF when reading a line
Ask me anything: An error occurred: EOF when reading a line
Ask me anything: An error occurred: EOF when reading a line
Ask me anything: An error occurred: EOF when reading a line
Ask me anything: An error occurred: EOF when reading a line
Ask me anything: An error occurred: EOF when reading a line
Ask me anything: An error occurred: EOF when reading a line
Ask me anything: An error occurred: EOF when reading a line
Ask me anything: An error occurred: EOF when reading a line
Ask me anything: An error occurred: EOF when reading a line
Ask me anything: An error occurred: EOF when reading a line
Ask me anything: An error occurred: EOF when reading a line
Ask me anything: An error occurred: EOF when reading a line
Ask me anything: An error occurred: EOF when reading a line
Ask me anything: An error occurred: EOF when reading a line
Ask me anything: An error occurred: EOF when reading a line
Ask me anything: An error occurred: EOF when reading a line
Ask me anything: An error occurred: EOF when reading a line
Ask me anything: An error occurred: EOF when reading a line
Ask me anything: An error occurred: EOF when reading a line
Ask me anything: An error occurred: EOF when reading a line
Ask me anything: An error occurred: EOF when reading a line
Ask me anything: An error occurred: EOF when reading a line
Ask me anything: An error occurred: EOF when reading a line
Ask me anything: An error occurred: EOF when reading a line
Ask me anything: An error occurred: EOF when reading a line
Ask me anything: An error occurred: EOF when reading a line
Ask me anything: An error occurred: EOF when reading a line
Ask me anything: An error occurred: EOF when reading a line
Ask me anything: An error occurred: EOF when reading a line
Ask me anything: An error occurred: EOF when reading a line
Ask me anything: An error occurred: EOF when reading a line
Ask me anything: An error occurred: EOF when reading a line
Ask me anything: An error occurred: EOF when reading a line
Ask me anything: An error occurred: EOF when reading a line
Ask me anything: An error occurred: EOF when reading a line
Ask me anything: An error occurred: EOF when reading a line
Ask me anything: An error occurred: EOF when reading a line
Ask me anything: An error occurred: EOF when reading a line
Ask me anything: An error occurred: EOF when reading a line
Ask me anything: An error occurred: EOF when reading a line
Ask me anything: An error occurred: EOF when reading a line
Ask me anything: An error occurred: EOF when reading a line
Ask me anything: An error occurred: EOF when reading a line
Ask me anything: An error occurred: EOF when reading a line
Ask me anything: An error occurred: EOF when reading a line
Ask me anything: An error occurred: EOF when reading a line
Ask me anything: An error occurred: EOF when reading a line
Ask me anything: An error occurred: EOF when reading a line
Ask me anything: An error occurred: EOF when reading a line
Ask me anything: An error occurred: EOF when reading a line
Ask me anything: An error occurred: EOF when reading a line
Ask me anything: An error occurred: EOF when reading a line
Ask me anything: An error occurred: EOF when reading a line
Ask me anything: An error occurred: EOF when reading a line
Ask me anything: An error occurred: EOF when reading a line
Ask me anything: An error occurred: EOF when reading a line
Ask me anything: An error occurred: EOF when reading a line
Ask me anything: An error occurred: EOF when reading a line
Ask me anything: An error occurred: EOF when reading a line
Ask me anything: An error occurred: EOF when reading a line
Ask me anything: An error occurred: EOF when reading a line
Ask me anything: An error occurred: EOF when reading a line
Ask me anything: An error occurred: EOF when reading a line
Ask me anything: An error occurred: EOF when reading a line
Ask me anything: An error occurred: EOF when reading a line
Ask me anything: An error occurred: EOF when reading a line
Ask me anything: An error occurred: EOF when reading a line
Ask me anything: An error occurred: EOF when reading a line
Ask me anything: An error occurred: EOF when reading a line
Ask me anything: An error occurred: EOF when reading a line
Ask me anything: An error occurred: EOF when reading a line
Ask me anything: An error occurred: EOF when reading a line
Ask me anything: An error occurred: EOF when reading a line
Ask me anything: An error occurred: EOF when reading a line
Ask me anything: An error occurred: EOF when reading a line
Ask me anything: An error occurred: EOF when reading a line
Ask me anything: An error occurred: EOF when reading a line
Ask me anything: An error occurred: EOF when reading a line
Ask me anything: An error occurred: EOF when reading a line
Ask me anything: An error occurred: EOF when reading a line
Ask me anything: An error occurred: EOF when reading a line
Ask me anything: An error occurred: EOF when reading a line
Ask me anything: An error occurred: EOF when reading a line
Ask me anything: An error occurred: EOF when reading a line
Ask me anything: An error occurred: EOF when reading a line
Ask me anything: An error occurred: EOF when reading a line
Ask me anything: An error occurred: EOF when reading a line
Ask me anything: An error occurred: EOF when reading a line
Ask me anything: An error occurred: EOF when reading a line
Ask me anything: An error occurred: EOF when reading a line
Ask me anything: An error occurred: EOF when reading a line
Ask me anything: An error occurred: EOF when reading a line
Ask me anything: An error occurred: EOF when reading a line
Ask me anything: An error occurred: EOF when reading a line
Ask me anything: An error occurred: EOF when reading a line
Ask me anything: An error occurred: EOF when reading a line
Ask me anything: An error occurred: EOF when reading a line
Ask me anything: An error occurred: EOF when reading a line
Ask me anything: An error occurred: EOF when reading a line
Ask me anything: An error occurred: EOF when reading a line
Ask me anything: An error occurred: EOF when reading a line
Ask me anything: An error occurred: EOF when reading a line
Ask me anything: An error occurred: EOF when reading a line
Ask me anything: An error occurred: EOF when reading a line
Ask me anything: An error occurred: EOF when reading a line
Ask me anything: An error occurred: EOF when reading a line
Ask me anything: An error occurred: EOF when reading a line
Ask me anything: An error occurred: EOF when reading a line
Ask me anything: An error occurred: EOF when reading a line
Ask me anything: An error occurred: EOF when reading a line
Ask me anything: An error occurred: EOF when reading a line
Ask me anything: An error occurred: EOF when reading a line
Ask me anything: An error occurred: EOF when reading a line
Ask me anything: An error occurred: EOF when reading a line
Ask me anything: An error occurred: EOF when reading a line
Ask me anything: An error occurred: EOF when reading a line
Ask me anything: An error occurred: EOF when reading a line
Ask me anything: An error occurred: EOF when reading a line
Ask me anything: An error occurred: EOF when reading a line
Ask me anything: An error occurred: EOF when reading a line
Ask me anything: An error occurred: EOF when reading a line
Ask me anything: An error occurred: EOF when reading a line
Ask me anything: An error occurred: EOF when reading a line
Ask me anything: An error occurred: EOF when reading a line
Ask me anything: An error occurred: EOF when reading a line
Ask me anything: An error occurred: EOF when reading a line
Ask me anything: An error occurred: EOF when reading a line
Ask me anything: An error occurred: EOF when reading a line
Ask me anything: An error occurred: EOF when reading a line
Ask me anything: An error occurred: EOF when reading a line
Ask me anything: An error occurred: EOF when reading a line
Ask me anything: An error occurred: EOF when reading a line
Ask me anything: An error occurred: EOF when reading a line
Ask me anything: An error occurred: EOF when reading a line
Ask me anything: An error occurred: EOF when reading a line
Ask me anything: An error occurred: EOF when reading a line
Ask me anything: An error occurred: EOF when reading a line
Ask me anything: An error occurred: EOF when reading a line
Ask me anything: An error occurred: EOF when reading a line
Ask me anything: An error occurred: EOF when reading a line
Ask me anything: An error occurred: EOF when reading a line
Ask me anything: An error occurred: EOF when reading a line
Ask me anything: An error occurred: EOF when reading a line
Ask me anything: An error occurred: EOF when reading a line
Ask me anything: An error occurred: EOF when reading a line
Ask me anything: An error occurred: EOF when reading a line
Ask me anything: An error occurred: EOF when reading a line
Ask me anything: An error occurred: EOF when reading a line
Ask me anything: An error occurred: EOF when reading a line
Ask me anything: An error occurred: EOF when reading a line
Ask me anything: An error occurred: EOF when reading a line
Ask me anything: An error occurred: EOF when reading a line
Ask me anything: An error occurred: EOF when reading a line
Ask me anything: An error occurred: EOF when reading a line
Ask me anything: An error occurred: EOF when reading a line
Ask me anything: An error occurred: EOF when reading a line
Ask me anything: An error occurred: EOF when reading a line
Ask me anything: An error occurred: EOF when reading a line
Ask me anything: An error occurred: EOF when reading a line
Ask me anything: An error occurred: EOF when reading a line
Ask me anything: An error occurred: EOF when reading a line
Ask me anything: An error occurred: EOF when reading a line
Ask me anything: An error occurred: EOF when reading a line
Ask me anything: An error occurred: EOF when reading a line
Ask me anything: An error occurred: EOF when reading a line
Ask me anything: An error occurred: EOF when reading a line
Ask me anything: An error occurred: EOF when reading a line
Ask me anything: An error occurred: EOF when reading a line
Ask me anything: An error occurred: EOF when reading a line
Ask me anything: An error occurred: EOF when reading a line
Ask me anything: An error occurred: EOF when reading a line
Ask me anything: An error occurred: EOF when reading a line
Ask me anything: An error occurred: EOF when reading a line
Ask me anything: An error occurred: EOF when reading a line
Ask me anything: An error occurred: EOF when reading a line
Ask me anything: An error occurred: EOF when reading a line
Ask me anything: An error occurred: EOF when reading a line
Ask me anything: An error occurred: EOF when reading a line
Ask me anything: An error occurred: EOF when reading a line
Ask me anything: An error occurred: EOF when reading a line
Ask me anything: An error occurred: EOF when reading a line
Ask me anything: An error occurred: EOF when reading a line
Ask me anything: An error occurred: EOF when reading a line
Ask me anything: An error occurred: EOF when reading a line
Ask me anything: An error occurred: EOF when reading a line
Ask me anything: An error occurred: EOF when reading a line
Ask me anything: An error occurred: EOF when reading a line
Ask me anything: An error occurred: EOF when reading a line
Ask me anything: An error occurred: EOF when reading a line
Ask me anything: An error occurred: EOF when reading a line
Ask me anything: An error occurred: EOF when reading a line
Ask me anything: An error occurred: EOF when reading a line
Ask me anything: An error occurred: EOF when reading a line
Ask me anything: An error occurred: EOF when reading a line
Ask me anything: An error occurred: EOF when reading a line
Ask me anything: An error occurred: EOF when reading a line
Ask me anything: An error occurred: EOF when reading a line
Ask me anything: An error occurred: EOF when reading a line
Ask me anything: An error occurred: EOF when reading a line
Ask me anything: An error occurred: EOF when reading a line
Ask me anything: An error occurred: EOF when reading a line
Ask me anything: An error occurred: EOF when reading a line
Ask me anything: An error occurred: EOF when reading a line
Ask me anything: An error occurred: EOF when reading a line
Ask me anything: An error occurred: EOF when reading a line
Ask me anything: An error occurred: EOF when reading a line
Ask me anything: An error occurred: EOF when reading a line
Ask me anything: An error occurred: EOF when reading a line
Ask me anything: An error occurred: EOF when reading a line
Ask me anything: An error occurred: EOF when reading a line
Ask me anything: An error occurred: EOF when reading a line
Ask me anything: An error occurred: EOF when reading a line
Ask me anything: An error occurred: EOF when reading a line
Ask me anything: An error occurred: EOF when reading a line
Ask me anything: An error occurred: EOF when reading a line
Ask me anything: An error occurred: EOF when reading a line
Ask me anything: An error occurred: EOF when reading a line
Ask me anything: An error occurred: EOF when reading a line
Ask me anything: An error occurred: EOF when reading a line
Ask me anything: An error occurred: EOF when reading a line
Ask me anything: An error occurred: EOF when reading a line
Ask me anything: An error occurred: EOF when reading a line
Ask me anything: An error occurred: EOF when reading a line
Ask me anything: An error occurred: EOF when reading a line
Ask me anything: An error occurred: EOF when reading a line
Ask me anything: An error occurred: EOF when reading a line
Ask me anything: An error occurred: EOF when reading a line
Ask me anything: An error occurred: EOF when reading a line
Ask me anything: An error occurred: EOF when reading a line
Ask me anything: An error occurred: EOF when reading a line
Ask me anything: An error occurred: EOF when reading a line
Ask me anything: An error occurred: EOF when reading a line
Ask me anything: An error occurred: EOF when reading a line
Ask me anything: An error occurred: EOF when reading a line
Ask me anything: An error occurred: EOF when reading a line
Ask me anything: An error occurred: EOF when reading a line
Ask me anything: An error occurred: EOF when reading a line
Ask me anything: An error occurred: EOF when reading a line
Ask me anything: An error occurred: EOF when reading a line
Ask me anything: An error occurred: EOF when reading a line
Ask me anything: An error occurred: EOF when reading a line
Ask me anything: An error occurred: EOF when reading a line
Ask me anything: An error occurred: EOF when reading a line
Ask me anything: An error occurred: EOF when reading a line
Ask me anything: An error occurred: EOF when reading a line
Ask me anything: An error occurred: EOF when reading a line
Ask me anything: An error occurred: EOF when reading a line
Ask me anything: An error occurred: EOF when reading a line
Ask me anything: An error occurred: EOF when reading a line
Ask me anything: An error occurred: EOF when reading a line
Ask me anything: An error occurred: EOF when reading a line
Ask me anything: An error occurred: EOF when reading a line
Ask me anything: An error occurred: EOF when reading a line
Ask me anything: An error occurred: EOF when reading a line
Ask me anything: An error occurred: EOF when reading a line
Ask me anything: An error occurred: EOF when reading a line
Ask me anything: An error occurred: EOF when reading a line
Ask me anything: An error occurred: EOF when reading a line
Ask me anything: An error occurred: EOF when reading a line
Ask me anything: An error occurred: EOF when reading a line
Ask me anything: An error occurred: EOF when reading a line
Ask me anything: An error occurred: EOF when reading a line
Ask me anything: An error occurred: EOF when reading a line
Ask me anything: An error occurred: EOF when reading a line
Ask me anything: An error occurred: EOF when reading a line
Ask me anything: An error occurred: EOF when reading a line
Ask me anything: An error occurred: EOF when reading a line
Ask me anything: An error occurred: EOF when reading a line
Ask me anything: An error occurred: EOF when reading a line
Ask me anything: An error occurred: EOF when reading a line
Ask me anything: An error occurred: EOF when reading a line
Ask me anything: An error occurred: EOF when reading a line
Ask me anything: An error occurred: EOF when reading a line
Ask me anything: An error occurred: EOF when reading a line
Ask me anything: An error occurred: EOF when reading a line
Ask me anything: An error occurred: EOF when reading a line
Ask me anything: An error occurred: EOF when reading a line
Ask me anything: An error occurred: EOF when reading a line
Ask me anything: An error occurred: EOF when reading a line
Ask me anything: An error occurred: EOF when reading a line
Ask me anything: An error occurred: EOF when reading a line
Ask me anything: An error occurred: EOF when reading a line
Ask me anything: An error occurred: EOF when reading a line
Ask me anything: An error occurred: EOF when reading a line
Ask me anything: An error occurred: EOF when reading a line
Ask me anything: An error occurred: EOF when reading a line
Ask me anything: An error occurred: EOF when reading a line
Ask me anything: An error occurred: EOF when reading a line
Ask me anything: An error occurred: EOF when reading a line
Ask me anything: An error occurred: EOF when reading a line
Ask me anything: An error occurred: EOF when reading a line
Ask me anything: An error occurred: EOF when reading a line
Ask me anything: An error occurred: EOF when reading a line
Ask me anything: An error occurred: EOF when reading a line
Ask me anything: An error occurred: EOF when reading a line
Ask me anything: An error occurred: EOF when reading a line
Ask me anything: An error occurred: EOF when reading a line
Ask me anything: An error occurred: EOF when reading a line
Ask me anything: An error occurred: EOF when reading a line
Ask me anything: An error occurred: EOF when reading a line
Ask me anything: An error occurred: EOF when reading a line
Ask me anything: An error occurred: EOF when reading a line
Ask me anything: An error occurred: EOF when reading a line
Ask me anything: An error occurred: EOF when reading a line
Ask me anything: An error occurred: EOF when reading a line
Ask me anything: An error occurred: EOF when reading a line
Ask me anything: An error occurred: EOF when reading a line
Ask me anything: An error occurred: EOF when reading a line
Ask me anything: An error occurred: EOF when reading a line
Ask me anything: An error occurred: EOF when reading a line
Ask me anything: An error occurred: EOF when reading a line
Ask me anything: An error occurred: EOF when reading a line
Ask me anything: An error occurred: EOF when reading a line
Ask me anything: An error occurred: EOF when reading a line
Ask me anything: An error occurred: EOF when reading a line
Ask me anything: An error occurred: EOF when reading a line
Ask me anything: An error occurred: EOF when reading a line
Ask me anything: An error occurred: EOF when reading a line
Ask me anything: An error occurred: EOF when reading a line
Ask me anything: An error occurred: EOF when reading a line
Ask me anything: An error occurred: EOF when reading a line
Ask me anything: An error occurred: EOF when reading a line
Ask me anything: An error occurred: EOF when reading a line
Ask me anything: An error occurred: EOF when reading a line
Ask me anything: An error occurred: EOF when reading a line
Ask me anything: An error occurred: EOF when reading a line
Ask me anything: An error occurred: EOF when reading a line
Ask me anything: An error occurred: EOF when reading a line
Ask me anything: An error occurred: EOF when reading a line
Ask me anything: An error occurred: EOF when reading a line
Ask me anything: An error occurred: EOF when reading a line
Ask me anything: An error occurred: EOF when reading a line
Ask me anything: An error occurred: EOF when reading a line
Ask me anything: An error occurred: EOF when reading a line
Ask me anything: An error occurred: EOF when reading a line
Ask me anything: An error occurred: EOF when reading a line
Ask me anything: An error occurred: EOF when reading a line
Ask me anything: An error occurred: EOF when reading a line
Ask me anything: An error occurred: EOF when reading a line
Ask me anything: An error occurred: EOF when reading a line
Ask me anything: An error occurred: EOF when reading a line
Ask me anything: An error occurred: EOF when reading a line
Ask me anything: An error occurred: EOF when reading a line
Ask me anything: An error occurred: EOF when reading a line
Ask me anything: An error occurred: EOF when reading a line
Ask me anything: An error occurred: EOF when reading a line
Ask me anything: An error occurred: EOF when reading a line
Ask me anything: An error occurred: EOF when reading a line
Ask me anything: An error occurred: EOF when reading a line
Ask me anything: An error occurred: EOF when reading a line
Ask me anything: An error occurred: EOF when reading a line
Ask me anything: An error occurred: EOF when reading a line
Ask me anything: An error occurred: EOF when reading a line
Ask me anything: An error occurred: EOF when reading a line
Ask me anything: An error occurred: EOF when reading a line
Ask me anything: An error occurred: EOF when reading a line
Ask me anything: An error occurred: EOF when reading a line
Ask me anything: An error occurred: EOF when reading a line
Ask me anything: An error occurred: EOF when reading a line
Ask me anything: An error occurred: EOF when reading a line
Ask me anything: An error occurred: EOF when reading a line
Ask me anything: An error occurred: EOF when reading a line
Ask me anything: An error occurred: EOF when reading a line
Ask me anything: An error occurred: EOF when reading a line
Ask me anything: An error occurred: EOF when reading a line
Ask me anything: An error occurred: EOF when reading a line
Ask me anything: An error occurred: EOF when reading a line
Ask me anything: An error occurred: EOF when reading a line
Ask me anything: An error occurred: EOF when reading a line
Ask me anything: An error occurred: EOF when reading a line
Ask me anything: An error occurred: EOF when reading a line
Ask me anything: An error occurred: EOF when reading a line
Ask me anything: An error occurred: EOF when reading a line
Ask me anything: An error occurred: EOF when reading a line
Ask me anything: An error occurred: EOF when reading a line
Ask me anything: An error occurred: EOF when reading a line
Ask me anything: An error occurred: EOF when reading a line
Ask me anything: An error occurred: EOF when reading a line
Ask me anything: An error occurred: EOF when reading a line
Ask me anything: An error occurred: EOF when reading a line
Ask me anything: An error occurred: EOF when reading a line
Ask me anything: An error occurred: EOF when reading a line
Ask me anything: An error occurred: EOF when reading a line
Ask me anything: An error occurred: EOF when reading a line
Ask me anything: An error occurred: EOF when reading a line
Ask me anything: An error occurred: EOF when reading a line
Ask me anything: An error occurred: EOF when reading a line
Ask me anything: An error occurred: EOF when reading a line
Ask me anything: An error occurred: EOF when reading a line
Ask me anything: An error occurred: EOF when reading a line
Ask me anything: An error occurred: EOF when reading a line
Ask me anything: An error occurred: EOF when reading a line
Ask me anything: An error occurred: EOF when reading a line
Ask me anything: An error occurred: EOF when reading a line
Ask me anything: An error occurred: EOF when reading a line
Ask me anything: An error occurred: EOF when reading a line
Ask me anything: An error occurred: EOF when reading a line
Ask me anything: An error occurred: EOF when reading a line
Ask me anything: An error occurred: EOF when reading a line
Ask me anything: An error occurred: EOF when reading a line
Ask me anything: An error occurred: EOF when reading a line
Ask me anything: An error occurred: EOF when reading a line
Ask me anything: An error occurred: EOF when reading a line
Ask me anything: An error occurred: EOF when reading a line
Ask me anything: An error occurred: EOF when reading a line
Ask me anything: An error occurred: EOF when reading a line
Ask me anything: An error occurred: EOF when reading a line
Ask me anything: An error occurred: EOF when reading a line
Ask me anything: An error occurred: EOF when reading a line
Ask me anything: An error occurred: EOF when reading a line
Ask me anything: An error occurred: EOF when reading a line
Ask me anything: An error occurred: EOF when reading a line
Ask me anything: An error occurred: EOF when reading a line
Ask me anything: An error occurred: EOF when reading a line
Ask me anything: An error occurred: EOF when reading a line
Ask me anything: An error occurred: EOF when reading a line
Ask me anything: An error occurred: EOF when reading a line
Ask me anything: An error occurred: EOF when reading a line
Ask me anything: An error occurred: EOF when reading a line
Ask me anything: An error occurred: EOF when reading a line
Ask me anything: An error occurred: EOF when reading a line
Ask me anything: An error occurred: EOF when reading a line
Ask me anything: An error occurred: EOF when reading a line
Ask me anything: An error occurred: EOF when reading a line
Ask me anything: An error occurred: EOF when reading a line
Ask me anything: An error occurred: EOF when reading a line
Ask me anything: An error occurred: EOF when reading a line
Ask me anything: An error occurred: EOF when reading a line
Ask me anything: An error occurred: EOF when reading a line
Ask me anything: An error occurred: EOF when reading a line
Ask me anything: An error occurred: EOF when reading a line
Ask me anything: An error occurred: EOF when reading a line
Ask me anything: An error occurred: EOF when reading a line
Ask me anything: An error occurred: EOF when reading a line
Ask me anything: An error occurred: EOF when reading a line
Ask me anything: An error occurred: EOF when reading a line
Ask me anything: An error occurred: EOF when reading a line
Ask me anything: An error occurred: EOF when reading a line
Ask me anything: An error occurred: EOF when reading a line
Ask me anything: An error occurred: EOF when reading a line
Ask me anything: An error occurred: EOF when reading a line
Ask me anything: An error occurred: EOF when reading a line
Ask me anything: An error occurred: EOF when reading a line
Ask me anything: An error occurred: EOF when reading a line
Ask me anything: An error occurred: EOF when reading a line
Ask me anything: An error occurred: EOF when reading a line
Ask me anything: An error occurred: EOF when reading a line
Ask me anything: An error occurred: EOF when reading a line
Ask me anything: An error occurred: EOF when reading a line
Ask me anything: An error occurred: EOF when reading a line
Ask me anything: An error occurred: EOF when reading a line
Ask me anything: An error occurred: EOF when reading a line
Ask me anything: An error occurred: EOF when reading a line
Ask me anything: An error occurred: EOF when reading a line
Ask me anything: An error occurred: EOF when reading a line
Ask me anything: An error occurred: EOF when reading a line
Ask me anything: An error occurred: EOF when reading a line
Ask me anything: An error occurred: EOF when reading a line
Ask me anything: An error occurred: EOF when reading a line
Ask me anything: An error occurred: EOF when reading a line
Ask me anything: An error occurred: EOF when reading a line
Ask me anything: An error occurred: EOF when reading a line
Ask me anything: An error occurred: EOF when reading a line
Ask me anything: An error occurred: EOF when reading a line
Ask me anything: An error occurred: EOF when reading a line
Ask me anything: An error occurred: EOF when reading a line
Ask me anything: An error occurred: EOF when reading a line
Ask me anything: An error occurred: EOF when reading a line
Ask me anything: An error occurred: EOF when reading a line
Ask me anything: An error occurred: EOF when reading a line
Ask me anything: An error occurred: EOF when reading a line
Ask me anything: An error occurred: EOF when reading a line
Ask me anything: An error occurred: EOF when reading a line
Ask me anything: An error occurred: EOF when reading a line
Ask me anything: An error occurred: EOF when reading a line
Ask me anything: An error occurred: EOF when reading a line
Ask me anything: An error occurred: EOF when reading a line
Ask me anything: An error occurred: EOF when reading a line
Ask me anything: An error occurred: EOF when reading a line
Ask me anything: An error occurred: EOF when reading a line
Ask me anything: An error occurred: EOF when reading a line
Ask me anything: An error occurred: EOF when reading a line
Ask me anything: An error occurred: EOF when reading a line
Ask me anything: An error occurred: EOF when reading a line
Ask me anything: An error occurred: EOF when reading a line
Ask me anything: An error occurred: EOF when reading a line
Ask me anything: An error occurred: EOF when reading a line
Ask me anything: An error occurred: EOF when reading a line
Ask me anything: An error occurred: EOF when reading a line
Ask me anything: An error occurred: EOF when reading a line
Ask me anything: An error occurred: EOF when reading a line
Ask me anything: An error occurred: EOF when reading a line
Ask me anything: An error occurred: EOF when reading a line
Ask me anything: An error occurred: EOF when reading a line
Ask me anything: An error occurred: EOF when reading a line
Ask me anything: An error occurred: EOF when reading a line
Ask me anything: An error occurred: EOF when reading a line
Ask me anything: An error occurred: EOF when reading a line
Ask me anything: An error occurred: EOF when reading a line
Ask me anything: An error occurred: EOF when reading a line
Ask me anything: An error occurred: EOF when reading a line
Ask me anything: An error occurred: EOF when reading a line
Ask me anything: An error occurred: EOF when reading a line
Ask me anything: An error occurred: EOF when reading a line
Ask me anything: An error occurred: EOF when reading a line
Ask me anything: An error occurred: EOF when reading a line
Ask me anything: An error occurred: EOF when reading a line
Ask me anything: An error occurred: EOF when reading a line
Ask me anything: An error occurred: EOF when reading a line
Ask me anything: An error occurred: EOF when reading a line
Ask me anything: An error occurred: EOF when reading a line
Ask me anything: An error occurred: EOF when reading a line
Ask me anything: An error occurred: EOF when reading a line
Ask me anything: An error occurred: EOF when reading a line
Ask me anything: An error occurred: EOF when reading a line
Ask me anything: An error occurred: EOF when reading a line
Ask me anything: An error occurred: EOF when reading a line
Ask me anything: An error occurred: EOF when reading a line
Ask me anything: An error occurred: EOF when reading a line
Ask me anything: An error occurred: EOF when reading a line
Ask me anything: An error occurred: EOF when reading a line
Ask me anything: An error occurred: EOF when reading a line
Ask me anything: An error occurred: EOF when reading a line
Ask me anything: An error occurred: EOF when reading a line
Ask me anything: An error occurred: EOF when reading a line
Ask me anything: An error occurred: EOF when reading a line
Ask me anything: An error occurred: EOF when reading a line
Ask me anything: An error occurred: EOF when reading a line
Ask me anything: An error occurred: EOF when reading a line
Ask me anything: An error occurred: EOF when reading a line
Ask me anything: An error occurred: EOF when reading a line
Ask me anything: An error occurred: EOF when reading a line
Ask me anything: An error occurred: EOF when reading a line
Ask me anything: An error occurred: EOF when reading a line
Ask me anything: An error occurred: EOF when reading a line
Ask me anything: An error occurred: EOF when reading a line
Ask me anything: An error occurred: EOF when reading a line
Ask me anything: An error occurred: EOF when reading a line
Ask me anything: An error occurred: EOF when reading a line
Ask me anything: An error occurred: EOF when reading a line
Ask me anything: An error occurred: EOF when reading a line
Ask me anything: An error occurred: EOF when reading a line
Ask me anything: An error occurred: EOF when reading a line
Ask me anything: An error occurred: EOF when reading a line
Ask me anything: An error occurred: EOF when reading a line
Ask me anything: An error occurred: EOF when reading a line
Ask me anything: An error occurred: EOF when reading a line
Ask me anything: An error occurred: EOF when reading a line
Ask me anything: An error occurred: EOF when reading a line
Ask me anything: An error occurred: EOF when reading a line
Ask me anything: An error occurred: EOF when reading a line
Ask me anything: An error occurred: EOF when reading a line
Ask me anything: An error occurred: EOF when reading a line
Ask me anything: An error occurred: EOF when reading a line
Ask me anything: An error occurred: EOF when reading a line
Ask me anything: An error occurred: EOF when reading a line
Ask me anything: An error occurred: EOF when reading a line
Ask me anything: An error occurred: EOF when reading a line
Ask me anything: An error occurred: EOF when reading a line
Ask me anything: An error occurred: EOF when reading a line
Ask me anything: An error occurred: EOF when reading a line
Ask me anything: An error occurred: EOF when reading a line
Ask me anything: An error occurred: EOF when reading a line
Ask me anything: An error occurred: EOF when reading a line
Ask me anything: An error occurred: EOF when reading a line
Ask me anything: An error occurred: EOF when reading a line
Ask me anything: An error occurred: EOF when reading a line
Ask me anything: An error occurred: EOF when reading a line
Ask me anything: An error occurred: EOF when reading a line
Ask me anything: An error occurred: EOF when reading a line
Ask me anything: An error occurred: EOF when reading a line
Ask me anything: An error occurred: EOF when reading a line
Ask me anything: An error occurred: EOF when reading a line
Ask me anything: An error occurred: EOF when reading a line
Ask me anything: An error occurred: EOF when reading a line
Ask me anything: An error occurred: EOF when reading a line
Ask me anything: An error occurred: EOF when reading a line
Ask me anything: An error occurred: EOF when reading a line
Ask me anything: An error occurred: EOF when reading a line
Ask me anything: An error occurred: EOF when reading a line
Ask me anything: An error occurred: EOF when reading a line
Ask me anything: An error occurred: EOF when reading a line
Ask me anything: An error occurred: EOF when reading a line
Ask me anything: An error occurred: EOF when reading a line
Ask me anything: An error occurred: EOF when reading a line
Ask me anything: An error occurred: EOF when reading a line
Ask me anything: An error occurred: EOF when reading a line
Ask me anything: An error occurred: EOF when reading a line
Ask me anything: An error occurred: EOF when reading a line
Ask me anything: An error occurred: EOF when reading a line
Ask me anything: An error occurred: EOF when reading a line
Ask me anything: An error occurred: EOF when reading a line
Ask me anything: An error occurred: EOF when reading a line
Ask me anything: An error occurred: EOF when reading a line
Ask me anything: An error occurred: EOF when reading a line
Ask me anything: An error occurred: EOF when reading a line
Ask me anything: An error occurred: EOF when reading a line
Ask me anything: An error occurred: EOF when reading a line
Ask me anything: An error occurred: EOF when reading a line
Ask me anything: An error occurred: EOF when reading a line
Ask me anything: An error occurred: EOF when reading a line
Ask me anything: An error occurred: EOF when reading a line
Ask me anything: An error occurred: EOF when reading a line
Ask me anything: An error occurred: EOF when reading a line
Ask me anything: An error occurred: EOF when reading a line
Ask me anything: An error occurred: EOF when reading a line
Ask me anything: An error occurred: EOF when reading a line
Ask me anything: An error occurred: EOF when reading a line
Ask me anything: An error occurred: EOF when reading a line
Ask me anything: An error occurred: EOF when reading a line
Ask me anything: An error occurred: EOF when reading a line
Ask me anything: An error occurred: EOF when reading a line
Ask me anything: An error occurred: EOF when reading a line
Ask me anything: An error occurred: EOF when reading a line
Ask me anything: An error occurred: EOF when reading a line
Ask me anything: An error occurred: EOF when reading a line
Ask me anything: An error occurred: EOF when reading a line
Ask me anything: An error occurred: EOF when reading a line
Ask me anything: An error occurred: EOF when reading a line
Ask me anything: An error occurred: EOF when reading a line
Ask me anything: An error occurred: EOF when reading a line
Ask me anything: An error occurred: EOF when reading a line
Ask me anything: An error occurred: EOF when reading a line
Ask me anything: An error occurred: EOF when reading a line
Ask me anything: An error occurred: EOF when reading a line
Ask me anything: An error occurred: EOF when reading a line
Ask me anything: An error occurred: EOF when reading a line
Ask me anything: An error occurred: EOF when reading a line
Ask me anything: An error occurred: EOF when reading a line
Ask me anything: An error occurred: EOF when reading a line
Ask me anything: An error occurred: EOF when reading a line
Ask me anything: An error occurred: EOF when reading a line
Ask me anything: An error occurred: EOF when reading a line
Ask me anything: An error occurred: EOF when reading a line
Ask me anything: An error occurred: EOF when reading a line
Ask me anything: An error occurred: EOF when reading a line
Ask me anything: An error occurred: EOF when reading a line
Ask me anything: An error occurred: EOF when reading a line
Ask me anything: An error occurred: EOF when reading a line
Ask me anything: An error occurred: EOF when reading a line
Ask me anything: An error occurred: EOF when reading a line
Ask me anything: An error occurred: EOF when reading a line
Ask me anything: An error occurred: EOF when reading a line
Ask me anything: An error occurred: EOF when reading a line
Ask me anything: An error occurred: EOF when reading a line
Ask me anything: An error occurred: EOF when reading a line
Ask me anything: An error occurred: EOF when reading a line
Ask me anything: An error occurred: EOF when reading a line
Ask me anything: An error occurred: EOF when reading a line
Ask me anything: An error occurred: EOF when reading a line
Ask me anything: An error occurred: EOF when reading a line
Ask me anything: An error occurred: EOF when reading a line
Ask me anything: An error occurred: EOF when reading a line
Ask me anything: An error occurred: EOF when reading a line
Ask me anything: An error occurred: EOF when reading a line
Ask me anything: An error occurred: EOF when reading a line
Ask me anything: An error occurred: EOF when reading a line
Ask me anything: An error occurred: EOF when reading a line
Ask me anything: An error occurred: EOF when reading a line
Ask me anything: An error occurred: EOF when reading a line
Ask me anything: An error occurred: EOF when reading a line
Ask me anything: An error occurred: EOF when reading a line
Ask me anything: An error occurred: EOF when reading a line
Ask me anything: An error occurred: EOF when reading a line
Ask me anything: An error occurred: EOF when reading a line
Ask me anything: An error occurred: EOF when reading a line
Ask me anything: An error occurred: EOF when reading a line
Ask me anything: An error occurred: EOF when reading a line
Ask me anything: An error occurred: EOF when reading a line
Ask me anything: An error occurred: EOF when reading a line
Ask me anything: An error occurred: EOF when reading a line
Ask me anything: An error occurred: EOF when reading a line
Ask me anything: An error occurred: EOF when reading a line
Ask me anything: An error occurred: EOF when reading a line
Ask me anything: An error occurred: EOF when reading a line
Ask me anything: An error occurred: EOF when reading a line
Ask me anything: An error occurred: EOF when reading a line
Ask me anything: An error occurred: EOF when reading a line
Ask me anything: An error occurred: EOF when reading a line
Ask me anything: An error occurred: EOF when reading a line
Ask me anything: An error occurred: EOF when reading a line
Ask me anything: An error occurred: EOF when reading a line
Ask me anything: An error occurred: EOF when reading a line
Ask me anything: An error occurred: EOF when reading a line
Ask me anything: An error occurred: EOF when reading a line
Ask me anything: An error occurred: EOF when reading a line
Ask me anything: An error occurred: EOF when reading a line
Ask me anything: An error occurred: EOF when reading a line
Ask me anything: An error occurred: EOF when reading a line
Ask me anything: An error occurred: EOF when reading a line
Ask me anything: An error occurred: EOF when reading a line
Ask me anything: An error occurred: EOF when reading a line
Ask me anything: An error occurred: EOF when reading a line
Ask me anything: An error occurred: EOF when reading a line
Ask me anything: An error occurred: EOF when reading a line
Ask me anything: An error occurred: EOF when reading a line
Ask me anything: An error occurred: EOF when reading a line
Ask me anything: An error occurred: EOF when reading a line
Ask me anything: An error occurred: EOF when reading a line
Ask me anything: An error occurred: EOF when reading a line
Ask me anything: An error occurred: EOF when reading a line
Ask me anything: An error occurred: EOF when reading a line
Ask me anything: An error occurred: EOF when reading a line
Ask me anything: An error occurred: EOF when reading a line
Ask me anything: An error occurred: EOF when reading a line
Ask me anything: An error occurred: EOF when reading a line
Ask me anything: An error occurred: EOF when reading a line
Ask me anything: An error occurred: EOF when reading a line
Ask me anything: An error occurred: EOF when reading a line
Ask me anything: An error occurred: EOF when reading a line
Ask me anything: An error occurred: EOF when reading a line
Ask me anything: An error occurred: EOF when reading a line
Ask me anything: An error occurred: EOF when reading a line
Ask me anything: An error occurred: EOF when reading a line
Ask me anything: An error occurred: EOF when reading a line
Ask me anything: An error occurred: EOF when reading a line
Ask me anything: An error occurred: EOF when reading a line
Ask me anything: An error occurred: EOF when reading a line
Ask me anything: An error occurred: EOF when reading a line
Ask me anything: An error occurred: EOF when reading a line
Ask me anything: An error occurred: EOF when reading a line
Ask me anything: An error occurred: EOF when reading a line
Ask me anything: An error occurred: EOF when reading a line
Ask me anything: An error occurred: EOF when reading a line
Ask me anything: An error occurred: EOF when reading a line
Ask me anything: An error occurred: EOF when reading a line
Ask me anything: An error occurred: EOF when reading a line
Ask me anything: An error occurred: EOF when reading a line
Ask me anything: An error occurred: EOF when reading a line
Ask me anything: An error occurred: EOF when reading a line
Ask me anything: An error occurred: EOF when reading a line
Ask me anything: An error occurred: EOF when reading a line
Ask me anything: An error occurred: EOF when reading a line
Ask me anything: An error occurred: EOF when reading a line
Ask me anything: An error occurred: EOF when reading a line
Ask me anything: An error occurred: EOF when reading a line
Ask me anything: An error occurred: EOF when reading a line
Ask me anything: An error occurred: EOF when reading a line
Ask me anything: An error occurred: EOF when reading a line
Ask me anything: An error occurred: EOF when reading a line
Ask me anything: An error occurred: EOF when reading a line
Ask me anything: An error occurred: EOF when reading a line
Ask me anything: An error occurred: EOF when reading a line
Ask me anything: An error occurred: EOF when reading a line
Ask me anything: An error occurred: EOF when reading a line
Ask me anything: An error occurred: EOF when reading a line
Ask me anything: An error occurred: EOF when reading a line
Ask me anything: An error occurred: EOF when reading a line
Ask me anything: An error occurred: EOF when reading a line
Ask me anything: An error occurred: EOF when reading a line
Ask me anything: An error occurred: EOF when reading a line
Ask me anything: An error occurred: EOF when reading a line
Ask me anything: An error occurred: EOF when reading a line
Ask me anything: An error occurred: EOF when reading a line
Ask me anything: An error occurred: EOF when reading a line
Ask me anything: An error occurred: EOF when reading a line
Ask me anything: An error occurred: EOF when reading a line
Ask me anything: An error occurred: EOF when reading a line
Ask me anything: An error occurred: EOF when reading a line
Ask me anything: An error occurred: EOF when reading a line
Ask me anything: An error occurred: EOF when reading a line
Ask me anything: An error occurred: EOF when reading a line
Ask me anything: An error occurred: EOF when reading a line
Ask me anything: An error occurred: EOF when reading a line
Ask me anything: An error occurred: EOF when reading a line
Ask me anything: An error occurred: EOF when reading a line
Ask me anything: An error occurred: EOF when reading a line
Ask me anything: An error occurred: EOF when reading a line
Ask me anything: An error occurred: EOF when reading a line
Ask me anything: An error occurred: EOF when reading a line
Ask me anything: An error occurred: EOF when reading a line
Ask me anything: An error occurred: EOF when reading a line
Ask me anything: An error occurred: EOF when reading a line
Ask me anything: An error occurred: EOF when reading a line
Ask me anything: An error occurred: EOF when reading a line
Ask me anything: An error occurred: EOF when reading a line
Ask me anything: An error occurred: EOF when reading a line
Ask me anything: An error occurred: EOF when reading a line
Ask me anything: An error occurred: EOF when reading a line
Ask me anything: An error occurred: EOF when reading a line
Ask me anything: An error occurred: EOF when reading a line
Ask me anything: An error occurred: EOF when reading a line
Ask me anything: An error occurred: EOF when reading a line
Ask me anything: An error occurred: EOF when reading a line
Ask me anything: An error occurred: EOF when reading a line
Ask me anything: An error occurred: EOF when reading a line
Ask me anything: An error occurred: EOF when reading a line
Ask me anything: An error occurred: EOF when reading a line
Ask me anything: An error occurred: EOF when reading a line
Ask me anything: An error occurred: EOF when reading a line
Ask me anything: An error occurred: EOF when reading a line
Ask me anything: An error occurred: EOF when reading a line
Ask me anything: An error occurred: EOF when reading a line
Ask me anything: An error occurred: EOF when reading a line
Ask me anything: An error occurred: EOF when reading a line
Ask me anything: An error occurred: EOF when reading a line
Ask me anything: An error occurred: EOF when reading a line
Ask me anything: An error occurred: EOF when reading a line
Ask me anything: An error occurred: EOF when reading a line
Ask me anything: An error occurred: EOF when reading a line
Ask me anything: An error occurred: EOF when reading a line
Ask me anything: An error occurred: EOF when reading a line
Ask me anything: An error occurred: EOF when reading a line
Ask me anything: An error occurred: EOF when reading a line
Ask me anything: An error occurred: EOF when reading a line
Ask me anything: An error occurred: EOF when reading a line
Ask me anything: An error occurred: EOF when reading a line
Ask me anything: An error occurred: EOF when reading a line
Ask me anything: An error occurred: EOF when reading a line
Ask me anything: An error occurred: EOF when reading a line
Ask me anything: An error occurred: EOF when reading a line
Ask me anything: An error occurred: EOF when reading a line
Ask me anything: An error occurred: EOF when reading a line
Ask me anything: An error occurred: EOF when reading a line
Ask me anything: An error occurred: EOF when reading a line
Ask me anything: An error occurred: EOF when reading a line
Ask me anything: An error occurred: EOF when reading a line
Ask me anything: An error occurred: EOF when reading a line
Ask me anything: An error occurred: EOF when reading a line
Ask me anything: An error occurred: EOF when reading a line
Ask me anything: An error occurred: EOF when reading a line
Ask me anything: An error occurred: EOF when reading a line
Ask me anything: An error occurred: EOF when reading a line
Ask me anything: An error occurred: EOF when reading a line
Ask me anything: An error occurred: EOF when reading a line
Ask me anything: An error occurred: EOF when reading a line
Ask me anything: An error occurred: EOF when reading a line
Ask me anything: An error occurred: EOF when reading a line
Ask me anything: An error occurred: EOF when reading a line
Ask me anything: An error occurred: EOF when reading a line
Ask me anything: An error occurred: EOF when reading a line
Ask me anything: An error occurred: EOF when reading a line
Ask me anything: An error occurred: EOF when reading a line
Ask me anything: An error occurred: EOF when reading a line
Ask me anything: An error occurred: EOF when reading a line
Ask me anything: An error occurred: EOF when reading a line
Ask me anything: An error occurred: EOF when reading a line
Ask me anything: An error occurred: EOF when reading a line
Ask me anything: An error occurred: EOF when reading a line
Ask me anything: An error occurred: EOF when reading a line
Ask me anything: An error occurred: EOF when reading a line
Ask me anything: An error occurred: EOF when reading a line
Ask me anything: An error occurred: EOF when reading a line
Ask me anything: An error occurred: EOF when reading a line
Ask me anything: An error occurred: EOF when reading a line
Ask me anything: An error occurred: EOF when reading a line
Ask me anything: An error occurred: EOF when reading a line
Ask me anything: An error occurred: EOF when reading a line
Ask me anything: An error occurred: EOF when reading a line
Ask me anything: An error occurred: EOF when reading a line
Ask me anything: An error occurred: EOF when reading a line
Ask me anything: An error occurred: EOF when reading a line
Ask me anything: An error occurred: EOF when reading a line
Ask me anything: An error occurred: EOF when reading a line
Ask me anything: An error occurred: EOF when reading a line
Ask me anything: An error occurred: EOF when reading a line
Ask me anything: An error occurred: EOF when reading a line
Ask me anything: An error occurred: EOF when reading a line
Ask me anything: An error occurred: EOF when reading a line
Ask me anything: An error occurred: EOF when reading a line
Ask me anything: An error occurred: EOF when reading a line
Ask me anything: An error occurred: EOF when reading a line
Ask me anything: An error occurred: EOF when reading a line
Ask me anything: An error occurred: EOF when reading a line
Ask me anything: An error occurred: EOF when reading a line
Ask me anything: An error occurred: EOF when reading a line
Ask me anything: An error occurred: EOF when reading a line
Ask me anything: An error occurred: EOF when reading a line
Ask me anything: An error occurred: EOF when reading a line
Ask me anything: An error occurred: EOF when reading a line
Ask me anything: An error occurred: EOF when reading a line
Ask me anything: An error occurred: EOF when reading a line
Ask me anything: An error occurred: EOF when reading a line
Ask me anything: An error occurred: EOF when reading a line
Ask me anything: An error occurred: EOF when reading a line
Ask me anything: An error occurred: EOF when reading a line
Ask me anything: An error occurred: EOF when reading a line
Ask me anything: An error occurred: EOF when reading a line
Ask me anything: An error occurred: EOF when reading a line
Ask me anything: An error occurred: EOF when reading a line
Ask me anything: An error occurred: EOF when reading a line
Ask me anything: An error occurred: EOF when reading a line
Ask me anything: An error occurred: EOF when reading a line
Ask me anything: An error occurred: EOF when reading a line
Ask me anything: An error occurred: EOF when reading a line
Ask me anything: An error occurred: EOF when reading a line
Ask me anything: An error occurred: EOF when reading a line
Ask me anything: An error occurred: EOF when reading a line
Ask me anything: An error occurred: EOF when reading a line
Ask me anything: An error occurred: EOF when reading a line
Ask me anything: An error occurred: EOF when reading a line
Ask me anything: An error occurred: EOF when reading a line
Ask me anything: An error occurred: EOF when reading a line
Ask me anything: An error occurred: EOF when reading a line
Ask me anything: An error occurred: EOF when reading a line
Ask me anything: An error occurred: EOF when reading a line
Ask me anything: An error occurred: EOF when reading a line
Ask me anything: An error occurred: EOF when reading a line
Ask me anything: An error occurred: EOF when reading a line
Ask me anything: An error occurred: EOF when reading a line
Ask me anything: An error occurred: EOF when reading a line
Ask me anything: An error occurred: EOF when reading a line
Ask me anything: An error occurred: EOF when reading a line
Ask me anything: An error occurred: EOF when reading a line
Ask me anything: An error occurred: EOF when reading a line
Ask me anything: An error occurred: EOF when reading a line
Ask me anything: An error occurred: EOF when reading a line
Ask me anything: An error occurred: EOF when reading a line
Ask me anything: An error occurred: EOF when reading a line
Ask me anything: An error occurred: EOF when reading a line
Ask me anything: An error occurred: EOF when reading a line
Ask me anything: An error occurred: EOF when reading a line
Ask me anything: An error occurred: EOF when reading a line
Ask me anything: An error occurred: EOF when reading a line
Ask me anything: An error occurred: EOF when reading a line
Ask me anything: An error occurred: EOF when reading a line
Ask me anything: An error occurred: EOF when reading a line
Ask me anything: An error occurred: EOF when reading a line
Ask me anything: An error occurred: EOF when reading a line
Ask me anything: An error occurred: EOF when reading a line
Ask me anything: An error occurred: EOF when reading a line
Ask me anything: An error occurred: EOF when reading a line
Ask me anything: An error occurred: EOF when reading a line
Ask me anything: An error occurred: EOF when reading a line
Ask me anything: An error occurred: EOF when reading a line
Ask me anything: An error occurred: EOF when reading a line
Ask me anything: An error occurred: EOF when reading a line
Ask me anything: An error occurred: EOF when reading a line
Ask me anything: An error occurred: EOF when reading a line
Ask me anything: An error occurred: EOF when reading a line
Ask me anything: An error occurred: EOF when reading a line
Ask me anything: An error occurred: EOF when reading a line
Ask me anything: An error occurred: EOF when reading a line
Ask me anything: An error occurred: EOF when reading a line
Ask me anything: An error occurred: EOF when reading a line
Ask me anything: An error occurred: EOF when reading a line
Ask me anything: An error occurred: EOF when reading a line
Ask me anything: An error occurred: EOF when reading a line
Ask me anything: An error occurred: EOF when reading a line
Ask me anything: An error occurred: EOF when reading a line
Ask me anything: An error occurred: EOF when reading a line
Ask me anything: An error occurred: EOF when reading a line
Ask me anything: An error occurred: EOF when reading a line
Ask me anything: An error occurred: EOF when reading a line
Ask me anything: An error occurred: EOF when reading a line
Ask me anything: An error occurred: EOF when reading a line
Ask me anything: An error occurred: EOF when reading a line
Ask me anything: An error occurred: EOF when reading a line
Ask me anything: An error occurred: EOF when reading a line
Ask me anything: An error occurred: EOF when reading a line
Ask me anything: An error occurred: EOF when reading a line
Ask me anything: An error occurred: EOF when reading a line
Ask me anything: An error occurred: EOF when reading a line
Ask me anything: An error occurred: EOF when reading a line
Ask me anything: An error occurred: EOF when reading a line
Ask me anything: An error occurred: EOF when reading a line
Ask me anything: An error occurred: EOF when reading a line
Ask me anything: An error occurred: EOF when reading a line
Ask me anything: An error occurred: EOF when reading a line
Ask me anything: An error occurred: EOF when reading a line
Ask me anything: An error occurred: EOF when reading a line
Ask me anything: An error occurred: EOF when reading a line
Ask me anything: An error occurred: EOF when reading a line
Ask me anything: An error occurred: EOF when reading a line
Ask me anything: An error occurred: EOF when reading a line
Ask me anything: An error occurred: EOF when reading a line
Ask me anything: An error occurred: EOF when reading a line
Ask me anything: An error occurred: EOF when reading a line
Ask me anything: An error occurred: EOF when reading a line
Ask me anything: An error occurred: EOF when reading a line
Ask me anything: An error occurred: EOF when reading a line
Ask me anything: An error occurred: EOF when reading a line
Ask me anything: An error occurred: EOF when reading a line
Ask me anything: An error occurred: EOF when reading a line
Ask me anything: An error occurred: EOF when reading a line
Ask me anything: An error occurred: EOF when reading a line
Ask me anything: An error occurred: EOF when reading a line
Ask me anything: An error occurred: EOF when reading a line
Ask me anything: An error occurred: EOF when reading a line
Ask me anything: An error occurred: EOF when reading a line
Ask me anything: An error occurred: EOF when reading a line
Ask me anything: An error occurred: EOF when reading a line
Ask me anything: An error occurred: EOF when reading a line
Ask me anything: An error occurred: EOF when reading a line
Ask me anything: An error occurred: EOF when reading a line
Ask me anything: An error occurred: EOF when reading a line
Ask me anything: An error occurred: EOF when reading a line
Ask me anything: An error occurred: EOF when reading a line
Ask me anything: An error occurred: EOF when reading a line
Ask me anything: An error occurred: EOF when reading a line
Ask me anything: An error occurred: EOF when reading a line
Ask me anything: An error occurred: EOF when reading a line
Ask me anything: An error occurred: EOF when reading a line
Ask me anything: An error occurred: EOF when reading a line
Ask me anything: An error occurred: EOF when reading a line
Ask me anything: An error occurred: EOF when reading a line
Ask me anything: An error occurred: EOF when reading a line
Ask me anything: An error occurred: EOF when reading a line
Ask me anything: An error occurred: EOF when reading a line
Ask me anything: An error occurred: EOF when reading a line
Ask me anything: An error occurred: EOF when reading a line
Ask me anything: An error occurred: EOF when reading a line
Ask me anything: An error occurred: EOF when reading a line
Ask me anything: An error occurred: EOF when reading a line
Ask me anything: An error occurred: EOF when reading a line
Ask me anything: An error occurred: EOF when reading a line
Ask me anything: An error occurred: EOF when reading a line
Ask me anything: An error occurred: EOF when reading a line
Ask me anything: An error occurred: EOF when reading a line
Ask me anything: An error occurred: EOF when reading a line
Ask me anything: An error occurred: EOF when reading a line
Ask me anything: An error occurred: EOF when reading a line
Ask me anything: An error occurred: EOF when reading a line
Ask me anything: An error occurred: EOF when reading a line
Ask me anything: An error occurred: EOF when reading a line
Ask me anything: An error occurred: EOF when reading a line
Ask me anything: An error occurred: EOF when reading a line
Ask me anything: An error occurred: EOF when reading a line
Ask me anything: An error occurred: EOF when reading a line
Ask me anything: An error occurred: EOF when reading a line
Ask me anything: An error occurred: EOF when reading a line
Ask me anything: An error occurred: EOF when reading a line
Ask me anything: An error occurred: EOF when reading a line
Ask me anything: An error occurred: EOF when reading a line
Ask me anything: An error occurred: EOF when reading a line
Ask me anything: An error occurred: EOF when reading a line
Ask me anything: An error occurred: EOF when reading a line
Ask me anything: An error occurred: EOF when reading a line
Ask me anything: An error occurred: EOF when reading a line
Ask me anything: An error occurred: EOF when reading a line
Ask me anything: An error occurred: EOF when reading a line
Ask me anything: An error occurred: EOF when reading a line
Ask me anything: An error occurred: EOF when reading a line
Ask me anything: An error occurred: EOF when reading a line
Ask me anything: An error occurred: EOF when reading a line
Ask me anything: An error occurred: EOF when reading a line
Ask me anything: An error occurred: EOF when reading a line
Ask me anything: An error occurred: EOF when reading a line
Ask me anything: An error occurred: EOF when reading a line
Ask me anything: An error occurred: EOF when reading a line
Ask me anything: An error occurred: EOF when reading a line
Ask me anything: An error occurred: EOF when reading a line
Ask me anything: An error occurred: EOF when reading a line
Ask me anything: An error occurred: EOF when reading a line
Ask me anything: An error occurred: EOF when reading a line
Ask me anything: An error occurred: EOF when reading a line
Ask me anything: An error occurred: EOF when reading a line
Ask me anything: An error occurred: EOF when reading a line
Ask me anything: An error occurred: EOF when reading a line
Ask me anything: An error occurred: EOF when reading a line
Ask me anything: An error occurred: EOF when reading a line
Ask me anything: An error occurred: EOF when reading a line
Ask me anything: An error occurred: EOF when reading a line
Ask me anything: An error occurred: EOF when reading a line
Ask me anything: An error occurred: EOF when reading a line
Ask me anything: An error occurred: EOF when reading a line
Ask me anything: An error occurred: EOF when reading a line
Ask me anything: An error occurred: EOF when reading a line
Ask me anything: An error occurred: EOF when reading a line
Ask me anything: An error occurred: EOF when reading a line
Ask me anything: An error occurred: EOF when reading a line
Ask me anything: An error occurred: EOF when reading a line
Ask me anything: An error occurred: EOF when reading a line
Ask me anything: An error occurred: EOF when reading a line
Ask me anything: An error occurred: EOF when reading a line
Ask me anything: An error occurred: EOF when reading a line
Ask me anything: An error occurred: EOF when reading a line
Ask me anything: An error occurred: EOF when reading a line
Ask me anything: An error occurred: EOF when reading a line
Ask me anything: An error occurred: EOF when reading a line
Ask me anything: An error occurred: EOF when reading a line
Ask me anything: An error occurred: EOF when reading a line
Ask me anything: An error occurred: EOF when reading a line
Ask me anything: An error occurred: EOF when reading a line
Ask me anything: An error occurred: EOF when reading a line
Ask me anything: An error occurred: EOF when reading a line
Ask me anything: An error occurred: EOF when reading a line
Ask me anything: An error occurred: EOF when reading a line
Ask me anything: An error occurred: EOF when reading a line
Ask me anything: An error occurred: EOF when reading a line
Ask me anything: An error occurred: EOF when reading a line
Ask me anything: An error occurred: EOF when reading a line
Ask me anything: An error occurred: EOF when reading a line
Ask me anything: An error occurred: EOF when reading a line
Ask me anything: An error occurred: EOF when reading a line
Ask me anything: An error occurred: EOF when reading a line
Ask me anything: An error occurred: EOF when reading a line
Ask me anything: An error occurred: EOF when reading a line
Ask me anything: An error occurred: EOF when reading a line
Ask me anything: An error occurred: EOF when reading a line
Ask me anything: An error occurred: EOF when reading a line
Ask me anything: An error occurred: EOF when reading a line
Ask me anything: An error occurred: EOF when reading a line
Ask me anything: An error occurred: EOF when reading a line
Ask me anything: An error occurred: EOF when reading a line
Ask me anything: An error occurred: EOF when reading a line
Ask me anything: An error occurred: EOF when reading a line
Ask me anything: An error occurred: EOF when reading a line
Ask me anything: An error occurred: EOF when reading a line
Ask me anything: An error occurred: EOF when reading a line
Ask me anything: An error occurred: EOF when reading a line
Ask me anything: An error occurred: EOF when reading a line
Ask me anything: An error occurred: EOF when reading a line
Ask me anything: An error occurred: EOF when reading a line
Ask me anything: An error occurred: EOF when reading a line
Ask me anything: An error occurred: EOF when reading a line
Ask me anything: An error occurred: EOF when reading a line
Ask me anything: An error occurred: EOF when reading a line
Ask me anything: An error occurred: EOF when reading a line
Ask me anything: An error occurred: EOF when reading a line
Ask me anything: An error occurred: EOF when reading a line
Ask me anything: An error occurred: EOF when reading a line
Ask me anything: An error occurred: EOF when reading a line
Ask me anything: An error occurred: EOF when reading a line
Ask me anything: An error occurred: EOF when reading a line
Ask me anything: An error occurred: EOF when reading a line
Ask me anything: An error occurred: EOF when reading a line
Ask me anything: An error occurred: EOF when reading a line
Ask me anything: An error occurred: EOF when reading a line
Ask me anything: An error occurred: EOF when reading a line
Ask me anything: An error occurred: EOF when reading a line
Ask me anything: An error occurred: EOF when reading a line
Ask me anything: An error occurred: EOF when reading a line
Ask me anything: An error occurred: EOF when reading a line
Ask me anything: An error occurred: EOF when reading a line
Ask me anything: An error occurred: EOF when reading a line
Ask me anything: An error occurred: EOF when reading a line
Ask me anything: An error occurred: EOF when reading a line
Ask me anything: An error occurred: EOF when reading a line
Ask me anything: An error occurred: EOF when reading a line
Ask me anything: An error occurred: EOF when reading a line
Ask me anything: An error occurred: EOF when reading a line
Ask me anything: An error occurred: EOF when reading a line
Ask me anything: An error occurred: EOF when reading a line
Ask me anything: An error occurred: EOF when reading a line
Ask me anything: An error occurred: EOF when reading a line
Ask me anything: An error occurred: EOF when reading a line
Ask me anything: An error occurred: EOF when reading a line
Ask me anything: An error occurred: EOF when reading a line
Ask me anything: An error occurred: EOF when reading a line
Ask me anything: An error occurred: EOF when reading a line
Ask me anything: An error occurred: EOF when reading a line
Ask me anything: An error occurred: EOF when reading a line
Ask me anything: An error occurred: EOF when reading a line
Ask me anything: An error occurred: EOF when reading a line
Ask me anything: An error occurred: EOF when reading a line
Ask me anything: An error occurred: EOF when reading a line
Ask me anything: An error occurred: EOF when reading a line
Ask me anything: An error occurred: EOF when reading a line
Ask me anything: An error occurred: EOF when reading a line
Ask me anything: An error occurred: EOF when reading a line
Ask me anything: An error occurred: EOF when reading a line
Ask me anything: An error occurred: EOF when reading a line
Ask me anything: An error occurred: EOF when reading a line
Ask me anything: An error occurred: EOF when reading a line
Ask me anything: An error occurred: EOF when reading a line
Ask me anything: An error occurred: EOF when reading a line
Ask me anything: An error occurred: EOF when reading a line
Ask me anything: An error occurred: EOF when reading a line
Ask me anything: An error occurred: EOF when reading a line
Ask me anything: An error occurred: EOF when reading a line
Ask me anything: An error occurred: EOF when reading a line
Ask me anything: An error occurred: EOF when reading a line
Ask me anything: An error occurred: EOF when reading a line
Ask me anything: An error occurred: EOF when reading a line
Ask me anything: An error occurred: EOF when reading a line
Ask me anything: An error occurred: EOF when reading a line
Ask me anything: An error occurred: EOF when reading a line
Ask me anything: An error occurred: EOF when reading a line
Ask me anything: An error occurred: EOF when reading a line
Ask me anything: An error occurred: EOF when reading a line
Ask me anything: An error occurred: EOF when reading a line
Ask me anything: An error occurred: EOF when reading a line
Ask me anything: An error occurred: EOF when reading a line
Ask me anything: An error occurred: EOF when reading a line
Ask me anything: An error occurred: EOF when reading a line
Ask me anything: An error occurred: EOF when reading a line
Ask me anything: An error occurred: EOF when reading a line
Ask me anything: An error occurred: EOF when reading a line
Ask me anything: An error occurred: EOF when reading a line
Ask me anything: An error occurred: EOF when reading a line
Ask me anything: An error occurred: EOF when reading a line
Ask me anything: An error occurred: EOF when reading a line
Ask me anything: An error occurred: EOF when reading a line
Ask me anything: An error occurred: EOF when reading a line
Ask me anything: An error occurred: EOF when reading a line
Ask me anything: An error occurred: EOF when reading a line
Ask me anything: An error occurred: EOF when reading a line
Ask me anything: An error occurred: EOF when reading a line
Ask me anything: An error occurred: EOF when reading a line
Ask me anything: An error occurred: EOF when reading a line
Ask me anything: An error occurred: EOF when reading a line
Ask me anything: An error occurred: EOF when reading a line
Ask me anything: An error occurred: EOF when reading a line
Ask me anything: An error occurred: EOF when reading a line
Ask me anything: An error occurred: EOF when reading a line
Ask me anything: An error occurred: EOF when reading a line
Ask me anything: An error occurred: EOF when reading a line
Ask me anything: An error occurred: EOF when reading a line
Ask me anything: An error occurred: EOF when reading a line
Ask me anything: An error occurred: EOF when reading a line
Ask me anything: An error occurred: EOF when reading a line
Ask me anything: An error occurred: EOF when reading a line
Ask me anything: An error occurred: EOF when reading a line
Ask me anything: An error occurred: EOF when reading a line
Ask me anything: An error occurred: EOF when reading a line
Ask me anything: An error occurred: EOF when reading a line
Ask me anything: An error occurred: EOF when reading a line
Ask me anything: An error occurred: EOF when reading a line
Ask me anything: An error occurred: EOF when reading a line
Ask me anything: An error occurred: EOF when reading a line
Ask me anything: An error occurred: EOF when reading a line
Ask me anything: An error occurred: EOF when reading a line
Ask me anything: An error occurred: EOF when reading a line
Ask me anything: An error occurred: EOF when reading a line
Ask me anything: An error occurred: EOF when reading a line
Ask me anything: An error occurred: EOF when reading a line
Ask me anything: An error occurred: EOF when reading a line
Ask me anything: An error occurred: EOF when reading a line
Ask me anything: An error occurred: EOF when reading a line
Ask me anything: An error occurred: EOF when reading a line
Ask me anything: An error occurred: EOF when reading a line
Ask me anything: An error occurred: EOF when reading a line
Ask me anything: An error occurred: EOF when reading a line
Ask me anything: An error occurred: EOF when reading a line
Ask me anything: An error occurred: EOF when reading a line
Ask me anything: An error occurred: EOF when reading a line
Ask me anything: An error occurred: EOF when reading a line
Ask me anything: An error occurred: EOF when reading a line
Ask me anything: An error occurred: EOF when reading a line
Ask me anything: An error occurred: EOF when reading a line
Ask me anything: An error occurred: EOF when reading a line
Ask me anything: An error occurred: EOF when reading a line
Ask me anything: An error occurred: EOF when reading a line
Ask me anything: An error occurred: EOF when reading a line
Ask me anything: An error occurred: EOF when reading a line
Ask me anything: An error occurred: EOF when reading a line
Ask me anything: An error occurred: EOF when reading a line
Ask me anything: An error occurred: EOF when reading a line
Ask me anything: An error occurred: EOF when reading a line
Ask me anything: An error occurred: EOF when reading a line
Ask me anything: An error occurred: EOF when reading a line
Ask me anything: An error occurred: EOF when reading a line
Ask me anything: An error occurred: EOF when reading a line
Ask me anything: An error occurred: EOF when reading a line
Ask me anything: An error occurred: EOF when reading a line
Ask me anything: An error occurred: EOF when reading a line
Ask me anything: An error occurred: EOF when reading a line
Ask me anything: An error occurred: EOF when reading a line
Ask me anything: An error occurred: EOF when reading a line
Ask me anything: An error occurred: EOF when reading a line
Ask me anything: An error occurred: EOF when reading a line
Ask me anything: An error occurred: EOF when reading a line
Ask me anything: An error occurred: EOF when reading a line
Ask me anything: An error occurred: EOF when reading a line
Ask me anything: An error occurred: EOF when reading a line
Ask me anything: An error occurred: EOF when reading a line
Ask me anything: An error occurred: EOF when reading a line
Ask me anything: An error occurred: EOF when reading a line
Ask me anything: An error occurred: EOF when reading a line
Ask me anything: An error occurred: EOF when reading a line
Ask me anything: An error occurred: EOF when reading a line
Ask me anything: An error occurred: EOF when reading a line
Ask me anything: An error occurred: EOF when reading a line
Ask me anything: An error occurred: EOF when reading a line
Ask me anything: An error occurred: EOF when reading a line
Ask me anything: An error occurred: EOF when reading a line
Ask me anything: An error occurred: EOF when reading a line
Ask me anything: An error occurred: EOF when reading a line
Ask me anything: An error occurred: EOF when reading a line
Ask me anything: An error occurred: EOF when reading a line
Ask me anything: An error occurred: EOF when reading a line
Ask me anything: An error occurred: EOF when reading a line
Ask me anything: An error occurred: EOF when reading a line
Ask me anything: An error occurred: EOF when reading a line
Ask me anything: An error occurred: EOF when reading a line
Ask me anything: An error occurred: EOF when reading a line
Ask me anything: An error occurred: EOF when reading a line
Ask me anything: An error occurred: EOF when reading a line
Ask me anything: An error occurred: EOF when reading a line
Ask me anything: An error occurred: EOF when reading a line
Ask me anything: An error occurred: EOF when reading a line
Ask me anything: An error occurred: EOF when reading a line
Ask me anything: An error occurred: EOF when reading a line
Ask me anything: An error occurred: EOF when reading a line
Ask me anything: An error occurred: EOF when reading a line
Ask me anything: An error occurred: EOF when reading a line
Ask me anything: An error occurred: EOF when reading a line
Ask me anything: An error occurred: EOF when reading a line
Ask me anything: An error occurred: EOF when reading a line
Ask me anything: An error occurred: EOF when reading a line
Ask me anything: An error occurred: EOF when reading a line
Ask me anything: An error occurred: EOF when reading a line
Ask me anything: An error occurred: EOF when reading a line
Ask me anything: An error occurred: EOF when reading a line
Ask me anything: An error occurred: EOF when reading a line
Ask me anything: An error occurred: EOF when reading a line
Ask me anything: An error occurred: EOF when reading a line
Ask me anything: An error occurred: EOF when reading a line
Ask me anything: An error occurred: EOF when reading a line
Ask me anything: An error occurred: EOF when reading a line
Ask me anything: An error occurred: EOF when reading a line
Ask me anything: An error occurred: EOF when reading a line
Ask me anything: An error occurred: EOF when reading a line
Ask me anything: An error occurred: EOF when reading a line
Ask me anything: An error occurred: EOF when reading a line
Ask me anything: An error occurred: EOF when reading a line
Ask me anything: An error occurred: EOF when reading a line
Ask me anything: An error occurred: EOF when reading a line
Ask me anything: An error occurred: EOF when reading a line
Ask me anything: An error occurred: EOF when reading a line
Ask me anything: An error occurred: EOF when reading a line
Ask me anything: An error occurred: EOF when reading a line
Ask me anything: An error occurred: EOF when reading a line
Ask me anything: An error occurred: EOF when reading a line
Ask me anything: An error occurred: EOF when reading a line
Ask me anything: An error occurred: EOF when reading a line
Ask me anything: An error occurred: EOF when reading a line
Ask me anything: An error occurred: EOF when reading a line
Ask me anything: An error occurred: EOF when reading a line
Ask me anything: An error occurred: EOF when reading a line
Ask me anything: An error occurred: EOF when reading a line
Ask me anything: An error occurred: EOF when reading a line
Ask me anything: An error occurred: EOF when reading a line
Ask me anything: An error occurred: EOF when reading a line
Ask me anything: An error occurred: EOF when reading a line
Ask me anything: An error occurred: EOF when reading a line
Ask me anything: An error occurred: EOF when reading a line
Ask me anything: An error occurred: EOF when reading a line
Ask me anything: An error occurred: EOF when reading a line
Ask me anything: An error occurred: EOF when reading a line
Ask me anything: An error occurred: EOF when reading a line
Ask me anything: An error occurred: EOF when reading a line
Ask me anything: An error occurred: EOF when reading a line
Ask me anything: An error occurred: EOF when reading a line
Ask me anything: An error occurred: EOF when reading a line
Ask me anything: An error occurred: EOF when reading a line
Ask me anything: An error occurred: EOF when reading a line
Ask me anything: An error occurred: EOF when reading a line
Ask me anything: An error occurred: EOF when reading a line
Ask me anything: An error occurred: EOF when reading a line
Ask me anything: An error occurred: EOF when reading a line
Ask me anything: An error occurred: EOF when reading a line
Ask me anything: An error occurred: EOF when reading a line
Ask me anything: An error occurred: EOF when reading a line
Ask me anything: An error occurred: EOF when reading a line
Ask me anything: An error occurred: EOF when reading a line
Ask me anything: An error occurred: EOF when reading a line
Ask me anything: An error occurred: EOF when reading a line
Ask me anything: An error occurred: EOF when reading a line
Ask me anything: An error occurred: EOF when reading a line
Ask me anything: An error occurred: EOF when reading a line
Ask me anything: An error occurred: EOF when reading a line
Ask me anything: An error occurred: EOF when reading a line
Ask me anything: An error occurred: EOF when reading a line
Ask me anything: An error occurred: EOF when reading a line
Ask me anything: An error occurred: EOF when reading a line
Ask me anything: An error occurred: EOF when reading a line
Ask me anything: An error occurred: EOF when reading a line
Ask me anything: An error occurred: EOF when reading a line
Ask me anything: An error occurred: EOF when reading a line
Ask me anything: An error occurred: EOF when reading a line
Ask me anything: An error occurred: EOF when reading a line
Ask me anything: An error occurred: EOF when reading a line
Ask me anything: An error occurred: EOF when reading a line
Ask me anything: An error occurred: EOF when reading a line
Ask me anything: An error occurred: EOF when reading a line
Ask me anything: An error occurred: EOF when reading a line
Ask me anything: An error occurred: EOF when reading a line
Ask me anything: An error occurred: EOF when reading a line
Ask me anything: An error occurred: EOF when reading a line
Ask me anything: An error occurred: EOF when reading a line
Ask me anything: An error occurred: EOF when reading a line
Ask me anything: An error occurred: EOF when reading a line
Ask me anything: An error occurred: EOF when reading a line
Ask me anything: An error occurred: EOF when reading a line
Ask me anything: An error occurred: EOF when reading a line
Ask me anything: An error occurred: EOF when reading a line
Ask me anything: An error occurred: EOF when reading a line
Ask me anything: An error occurred: EOF when reading a line
Ask me anything: An error occurred: EOF when reading a line
Ask me anything: An error occurred: EOF when reading a line
Ask me anything: An error occurred: EOF when reading a line
Ask me anything: An error occurred: EOF when reading a line
Ask me anything: An error occurred: EOF when reading a line
Ask me anything: An error occurred: EOF when reading a line
Ask me anything: An error occurred: EOF when reading a line
Ask me anything: An error occurred: EOF when reading a line
Ask me anything: An error occurred: EOF when reading a line
Ask me anything: An error occurred: EOF when reading a line
Ask me anything: An error occurred: EOF when reading a line
Ask me anything: An error occurred: EOF when reading a line
Ask me anything: An error occurred: EOF when reading a line
Ask me anything: An error occurred: EOF when reading a line
Ask me anything: An error occurred: EOF when reading a line
Ask me anything: An error occurred: EOF when reading a line
Ask me anything: An error occurred: EOF when reading a line
Ask me anything: An error occurred: EOF when reading a line
Ask me anything: An error occurred: EOF when reading a line
Ask me anything: An error occurred: EOF when reading a line
Ask me anything: An error occurred: EOF when reading a line
Ask me anything: An error occurred: EOF when reading a line
Ask me anything: An error occurred: EOF when reading a line
Ask me anything: An error occurred: EOF when reading a line
Ask me anything: An error occurred: EOF when reading a line
Ask me anything: An error occurred: EOF when reading a line
Ask me anything: An error occurred: EOF when reading a line
Ask me anything: An error occurred: EOF when reading a line
Ask me anything: An error occurred: EOF when reading a line
Ask me anything: An error occurred: EOF when reading a line
Ask me anything: An error occurred: EOF when reading a line
Ask me anything: An error occurred: EOF when reading a line
Ask me anything: An error occurred: EOF when reading a line
Ask me anything: An error occurred: EOF when reading a line
Ask me anything: An error occurred: EOF when reading a line
Ask me anything: An error occurred: EOF when reading a line
Ask me anything: An error occurred: EOF when reading a line
Ask me anything: An error occurred: EOF when reading a line
Ask me anything: An error occurred: EOF when reading a line
Ask me anything: An error occurred: EOF when reading a line
Ask me anything: An error occurred: EOF when reading a line
Ask me anything: An error occurred: EOF when reading a line
Ask me anything: An error occurred: EOF when reading a line
Ask me anything: An error occurred: EOF when reading a line
Ask me anything: An error occurred: EOF when reading a line
Ask me anything: An error occurred: EOF when reading a line
Ask me anything: An error occurred: EOF when reading a line
Ask me anything: An error occurred: EOF when reading a line
Ask me anything: An error occurred: EOF when reading a line
Ask me anything: An error occurred: EOF when reading a line
Ask me anything: An error occurred: EOF when reading a line
Ask me anything: An error occurred: EOF when reading a line
Ask me anything: An error occurred: EOF when reading a line
Ask me anything: An error occurred: EOF when reading a line
Ask me anything: An error occurred: EOF when reading a line
Ask me anything: An error occurred: EOF when reading a line
Ask me anything: An error occurred: EOF when reading a line
Ask me anything: An error occurred: EOF when reading a line
Ask me anything: An error occurred: EOF when reading a line
Ask me anything: An error occurred: EOF when reading a line
Ask me anything: An error occurred: EOF when reading a line
Ask me anything: An error occurred: EOF when reading a line
Ask me anything: An error occurred: EOF when reading a line
Ask me anything: An error occurred: EOF when reading a line
Ask me anything: An error occurred: EOF when reading a line
Ask me anything: An error occurred: EOF when reading a line
Ask me anything: An error occurred: EOF when reading a line
Ask me anything: An error occurred: EOF when reading a line
Ask me anything: An error occurred: EOF when reading a line
Ask me anything: An error occurred: EOF when reading a line
Ask me anything: An error occurred: EOF when reading a line
Ask me anything: An error occurred: EOF when reading a line
Ask me anything: An error occurred: EOF when reading a line
Ask me anything: An error occurred: EOF when reading a line
Ask me anything: An error occurred: EOF when reading a line
Ask me anything: An error occurred: EOF when reading a line
Ask me anything: An error occurred: EOF when reading a line
Ask me anything: An error occurred: EOF when reading a line
Ask me anything: An error occurred: EOF when reading a line
Ask me anything: An error occurred: EOF when reading a line
Ask me anything: An error occurred: EOF when reading a line
Ask me anything: An error occurred: EOF when reading a line
Ask me anything: An error occurred: EOF when reading a line
Ask me anything: An error occurred: EOF when reading a line
Ask me anything: An error occurred: EOF when reading a line
Ask me anything: An error occurred: EOF when reading a line
Ask me anything: An error occurred: EOF when reading a line
Ask me anything: An error occurred: EOF when reading a line
Ask me anything: An error occurred: EOF when reading a line
Ask me anything: An error occurred: EOF when reading a line
Ask me anything: An error occurred: EOF when reading a line
Ask me anything: An error occurred: EOF when reading a line
Ask me anything: An error occurred: EOF when reading a line
Ask me anything: An error occurred: EOF when reading a line
Ask me anything: An error occurred: EOF when reading a line
Ask me anything: An error occurred: EOF when reading a line
Ask me anything: An error occurred: EOF when reading a line
Ask me anything: An error occurred: EOF when reading a line
Ask me anything: An error occurred: EOF when reading a line
Ask me anything: An error occurred: EOF when reading a line
Ask me anything: An error occurred: EOF when reading a line
Ask me anything: An error occurred: EOF when reading a line
Ask me anything: An error occurred: EOF when reading a line
Ask me anything: An error occurred: EOF when reading a line
Ask me anything: An error occurred: EOF when reading a line
Ask me anything: An error occurred: EOF when reading a line
Ask me anything: An error occurred: EOF when reading a line
Ask me anything: An error occurred: EOF when reading a line
Ask me anything: An error occurred: EOF when reading a line
Ask me anything: An error occurred: EOF when reading a line
Ask me anything: An error occurred: EOF when reading a line
Ask me anything: An error occurred: EOF when reading a line
Ask me anything: An error occurred: EOF when reading a line
Ask me anything: An error occurred: EOF when reading a line
Ask me anything: An error occurred: EOF when reading a line
Ask me anything: An error occurred: EOF when reading a line
Ask me anything: An error occurred: EOF when reading a line
Ask me anything: An error occurred: EOF when reading a line
Ask me anything: An error occurred: EOF when reading a line
Ask me anything: An error occurred: EOF when reading a line
Ask me anything: An error occurred: EOF when reading a line
Ask me anything: An error occurred: EOF when reading a line
Ask me anything: An error occurred: EOF when reading a line
Ask me anything: An error occurred: EOF when reading a line
Ask me anything: An error occurred: EOF when reading a line
Ask me anything: An error occurred: EOF when reading a line
Ask me anything: An error occurred: EOF when reading a line
Ask me anything: An error occurred: EOF when reading a line
Ask me anything: An error occurred: EOF when reading a line
Ask me anything: An error occurred: EOF when reading a line
Ask me anything: An error occurred: EOF when reading a line
Ask me anything: An error occurred: EOF when reading a line
Ask me anything: An error occurred: EOF when reading a line
Ask me anything: An error occurred: EOF when reading a line
Ask me anything: An error occurred: EOF when reading a line
Ask me anything: An error occurred: EOF when reading a line
Ask me anything: An error occurred: EOF when reading a line
Ask me anything: An error occurred: EOF when reading a line
Ask me anything: An error occurred: EOF when reading a line
Ask me anything: An error occurred: EOF when reading a line
Ask me anything: An error occurred: EOF when reading a line
Ask me anything: An error occurred: EOF when reading a line
Ask me anything: An error occurred: EOF when reading a line
Ask me anything: An error occurred: EOF when reading a line
Ask me anything: An error occurred: EOF when reading a line
Ask me anything: An error occurred: EOF when reading a line
Ask me anything: An error occurred: EOF when reading a line
Ask me anything: An error occurred: EOF when reading a line
Ask me anything: An error occurred: EOF when reading a line
Ask me anything: An error occurred: EOF when reading a line
Ask me anything: An error occurred: EOF when reading a line
Ask me anything: An error occurred: EOF when reading a line
Ask me anything: An error occurred: EOF when reading a line
Ask me anything: An error occurred: EOF when reading a line
Ask me anything: An error occurred: EOF when reading a line
Ask me anything: An error occurred: EOF when reading a line
Ask me anything: An error occurred: EOF when reading a line
Ask me anything: An error occurred: EOF when reading a line
Ask me anything: An error occurred: EOF when reading a line
Ask me anything: An error occurred: EOF when reading a line
Ask me anything: An error occurred: EOF when reading a line
Ask me anything: An error occurred: EOF when reading a line
Ask me anything: An error occurred: EOF when reading a line
Ask me anything: An error occurred: EOF when reading a line
Ask me anything: An error occurred: EOF when reading a line
Ask me anything: An error occurred: EOF when reading a line
Ask me anything: An error occurred: EOF when reading a line
Ask me anything: An error occurred: EOF when reading a line
Ask me anything: An error occurred: EOF when reading a line
Ask me anything: An error occurred: EOF when reading a line
Ask me anything: An error occurred: EOF when reading a line
Ask me anything: An error occurred: EOF when reading a line
Ask me anything: An error occurred: EOF when reading a line
Ask me anything: An error occurred: EOF when reading a line
Ask me anything: An error occurred: EOF when reading a line
Ask me anything: An error occurred: EOF when reading a line
Ask me anything: An error occurred: EOF when reading a line
Ask me anything: An error occurred: EOF when reading a line
Ask me anything: An error occurred: EOF when reading a line
Ask me anything: An error occurred: EOF when reading a line
Ask me anything: An error occurred: EOF when reading a line
Ask me anything: An error occurred: EOF when reading a line
Ask me anything: An error occurred: EOF when reading a line
Ask me anything: An error occurred: EOF when reading a line
Ask me anything: An error occurred: EOF when reading a line
Ask me anything: An error occurred: EOF when reading a line
Ask me anything: An error occurred: EOF when reading a line
Ask me anything: An error occurred: EOF when reading a line
Ask me anything: An error occurred: EOF when reading a line
Ask me anything: An error occurred: EOF when reading a line
Ask me anything: An error occurred: EOF when reading a line
Ask me anything: An error occurred: EOF when reading a line
Ask me anything: An error occurred: EOF when reading a line
Ask me anything: An error occurred: EOF when reading a line
Ask me anything: An error occurred: EOF when reading a line
Ask me anything: An error occurred: EOF when reading a line
Ask me anything: An error occurred: EOF when reading a line
Ask me anything: An error occurred: EOF when reading a line
Ask me anything: An error occurred: EOF when reading a line
Ask me anything: An error occurred: EOF when reading a line
Ask me anything: An error occurred: EOF when reading a line
Ask me anything: An error occurred: EOF when reading a line
Ask me anything: An error occurred: EOF when reading a line
Ask me anything: An error occurred: EOF when reading a line
Ask me anything: An error occurred: EOF when reading a line
Ask me anything: An error occurred: EOF when reading a line
Ask me anything: An error occurred: EOF when reading a line
Ask me anything: An error occurred: EOF when reading a line
Ask me anything: An error occurred: EOF when reading a line
Ask me anything: An error occurred: EOF when reading a line
Ask me anything: An error occurred: EOF when reading a line
Ask me anything: An error occurred: EOF when reading a line
Ask me anything: An error occurred: EOF when reading a line
Ask me anything: An error occurred: EOF when reading a line
Ask me anything: An error occurred: EOF when reading a line
Ask me anything: An error occurred: EOF when reading a line
Ask me anything: An error occurred: EOF when reading a line
Ask me anything: An error occurred: EOF when reading a line
Ask me anything: An error occurred: EOF when reading a line
Ask me anything: An error occurred: EOF when reading a line
Ask me anything: An error occurred: EOF when reading a line
Ask me anything: An error occurred: EOF when reading a line
Ask me anything: An error occurred: EOF when reading a line
Ask me anything: An error occurred: EOF when reading a line
Ask me anything: An error occurred: EOF when reading a line
Ask me anything: An error occurred: EOF when reading a line
Ask me anything: An error occurred: EOF when reading a line
Ask me anything: An error occurred: EOF when reading a line
Ask me anything: An error occurred: EOF when reading a line
Ask me anything: An error occurred: EOF when reading a line
Ask me anything: An error occurred: EOF when reading a line
Ask me anything: An error occurred: EOF when reading a line
Ask me anything: An error occurred: EOF when reading a line
Ask me anything: An error occurred: EOF when reading a line
Ask me anything: An error occurred: EOF when reading a line
Ask me anything: An error occurred: EOF when reading a line
Ask me anything: An error occurred: EOF when reading a line
Ask me anything: An error occurred: EOF when reading a line
Ask me anything: An error occurred: EOF when reading a line
Ask me anything: An error occurred: EOF when reading a line
Ask me anything: An error occurred: EOF when reading a line
Ask me anything: An error occurred: EOF when reading a line
Ask me anything: An error occurred: EOF when reading a line
Ask me anything: An error occurred: EOF when reading a line
Ask me anything: An error occurred: EOF when reading a line
Ask me anything: An error occurred: EOF when reading a line
Ask me anything: An error occurred: EOF when reading a line
Ask me anything: An error occurred: EOF when reading a line
Ask me anything: An error occurred: EOF when reading a line
Ask me anything: An error occurred: EOF when reading a line
Ask me anything: An error occurred: EOF when reading a line
Ask me anything: An error occurred: EOF when reading a line
Ask me anything: An error occurred: EOF when reading a line
Ask me anything: An error occurred: EOF when reading a line
Ask me anything: An error occurred: EOF when reading a line
Ask me anything: An error occurred: EOF when reading a line
Ask me anything: An error occurred: EOF when reading a line
Ask me anything: An error occurred: EOF when reading a line
Ask me anything: An error occurred: EOF when reading a line
Ask me anything: An error occurred: EOF when reading a line
Ask me anything: An error occurred: EOF when reading a line
Ask me anything: An error occurred: EOF when reading a line
Ask me anything: An error occurred: EOF when reading a line
Ask me anything: An error occurred: EOF when reading a line
Ask me anything: An error occurred: EOF when reading a line
Ask me anything: An error occurred: EOF when reading a line
Ask me anything: An error occurred: EOF when reading a line
Ask me anything: An error occurred: EOF when reading a line
Ask me anything: An error occurred: EOF when reading a line
Ask me anything: An error occurred: EOF when reading a line
Ask me anything: An error occurred: EOF when reading a line
Ask me anything: An error occurred: EOF when reading a line
Ask me anything: An error occurred: EOF when reading a line
Ask me anything: An error occurred: EOF when reading a line
Ask me anything: An error occurred: EOF when reading a line
Ask me anything: An error occurred: EOF when reading a line
Ask me anything: An error occurred: EOF when reading a line
Ask me anything: An error occurred: EOF when reading a line
Ask me anything: An error occurred: EOF when reading a line
Ask me anything: An error occurred: EOF when reading a line
Ask me anything: An error occurred: EOF when reading a line
Ask me anything: An error occurred: EOF when reading a line
Ask me anything: An error occurred: EOF when reading a line
Ask me anything: An error occurred: EOF when reading a line
Ask me anything: An error occurred: EOF when reading a line
Ask me anything: An error occurred: EOF when reading a line
Ask me anything: An error occurred: EOF when reading a line
Ask me anything: An error occurred: EOF when reading a line
Ask me anything: An error occurred: EOF when reading a line
Ask me anything: An error occurred: EOF when reading a line
Ask me anything: An error occurred: EOF when reading a line
Ask me anything: An error occurred: EOF when reading a line
Ask me anything: An error occurred: EOF when reading a line
Ask me anything: An error occurred: EOF when reading a line
Ask me anything: An error occurred: EOF when reading a line
Ask me anything: An error occurred: EOF when reading a line
Ask me anything: An error occurred: EOF when reading a line
Ask me anything: An error occurred: EOF when reading a line
Ask me anything: An error occurred: EOF when reading a line
Ask me anything: An error occurred: EOF when reading a line
Ask me anything: An error occurred: EOF when reading a line
Ask me anything: An error occurred: EOF when reading a line
Ask me anything: An error occurred: EOF when reading a line
Ask me anything: An error occurred: EOF when reading a line
Ask me anything: An error occurred: EOF when reading a line
Ask me anything: An error occurred: EOF when reading a line
Ask me anything: An error occurred: EOF when reading a line
Ask me anything: An error occurred: EOF when reading a line
Ask me anything: An error occurred: EOF when reading a line
Ask me anything: An error occurred: EOF when reading a line
Ask me anything: An error occurred: EOF when reading a line
Ask me anything: An error occurred: EOF when reading a line
Ask me anything: An error occurred: EOF when reading a line
Ask me anything: An error occurred: EOF when reading a line
Ask me anything: An error occurred: EOF when reading a line
Ask me anything: An error occurred: EOF when reading a line
Ask me anything: An error occurred: EOF when reading a line
Ask me anything: An error occurred: EOF when reading a line
Ask me anything: An error occurred: EOF when reading a line
Ask me anything: An error occurred: EOF when reading a line
Ask me anything: An error occurred: EOF when reading a line
Ask me anything: An error occurred: EOF when reading a line
Ask me anything: An error occurred: EOF when reading a line
Ask me anything: An error occurred: EOF when reading a line
Ask me anything: An error occurred: EOF when reading a line
Ask me anything: An error occurred: EOF when reading a line
Ask me anything: An error occurred: EOF when reading a line
Ask me anything: An error occurred: EOF when reading a line
Ask me anything: An error occurred: EOF when reading a line
Ask me anything: An error occurred: EOF when reading a line
Ask me anything: An error occurred: EOF when reading a line
Ask me anything: An error occurred: EOF when reading a line
Ask me anything: An error occurred: EOF when reading a line
Ask me anything: An error occurred: EOF when reading a line
Ask me anything: An error occurred: EOF when reading a line
Ask me anything: An error occurred: EOF when reading a line
Ask me anything: An error occurred: EOF when reading a line
Ask me anything: An error occurred: EOF when reading a line
Ask me anything: An error occurred: EOF when reading a line
Ask me anything: An error occurred: EOF when reading a line
Ask me anything: An error occurred: EOF when reading a line
Ask me anything: An error occurred: EOF when reading a line
Ask me anything: An error occurred: EOF when reading a line
Ask me anything: An error occurred: EOF when reading a line
Ask me anything: An error occurred: EOF when reading a line
Ask me anything: An error occurred: EOF when reading a line
Ask me anything: An error occurred: EOF when reading a line
Ask me anything: An error occurred: EOF when reading a line
Ask me anything: An error occurred: EOF when reading a line
Ask me anything: An error occurred: EOF when reading a line
Ask me anything: An error occurred: EOF when reading a line
Ask me anything: An error occurred: EOF when reading a line
Ask me anything: An error occurred: EOF when reading a line
Ask me anything: An error occurred: EOF when reading a line
Ask me anything: An error occurred: EOF when reading a line
Ask me anything: An error occurred: EOF when reading a line
Ask me anything: An error occurred: EOF when reading a line
Ask me anything: An error occurred: EOF when reading a line
Ask me anything: An error occurred: EOF when reading a line
Ask me anything: An error occurred: EOF when reading a line
Ask me anything: An error occurred: EOF when reading a line
Ask me anything: An error occurred: EOF when reading a line
Ask me anything: An error occurred: EOF when reading a line
Ask me anything: An error occurred: EOF when reading a line
Ask me anything: An error occurred: EOF when reading a line
Ask me anything: An error occurred: EOF when reading a line
Ask me anything: An error occurred: EOF when reading a line
Ask me anything: An error occurred: EOF when reading a line
Ask me anything: An error occurred: EOF when reading a line
Ask me anything: An error occurred: EOF when reading a line
Ask me anything: An error occurred: EOF when reading a line
Ask me anything: An error occurred: EOF when reading a line
Ask me anything: An error occurred: EOF when reading a line
Ask me anything: An error occurred: EOF when reading a line
Ask me anything: An error occurred: EOF when reading a line
Ask me anything: An error occurred: EOF when reading a line
Ask me anything: An error occurred: EOF when reading a line
Ask me anything: An error occurred: EOF when reading a line
Ask me anything: An error occurred: EOF when reading a line
Ask me anything: An error occurred: EOF when reading a line
Ask me anything: An error occurred: EOF when reading a line
Ask me anything: An error occurred: EOF when reading a line
Ask me anything: An error occurred: EOF when reading a line
Ask me anything: An error occurred: EOF when reading a line
Ask me anything: An error occurred: EOF when reading a line
Ask me anything: An error occurred: EOF when reading a line
Ask me anything: An error occurred: EOF when reading a line
Ask me anything: An error occurred: EOF when reading a line
Ask me anything: An error occurred: EOF when reading a line
Ask me anything: An error occurred: EOF when reading a line
Ask me anything: An error occurred: EOF when reading a line
Ask me anything: An error occurred: EOF when reading a line
Ask me anything: An error occurred: EOF when reading a line
Ask me anything: An error occurred: EOF when reading a line
Ask me anything: An error occurred: EOF when reading a line
Ask me anything: An error occurred: EOF when reading a line
Ask me anything: An error occurred: EOF when reading a line
Ask me anything: An error occurred: EOF when reading a line
Ask me anything: An error occurred: EOF when reading a line
Ask me anything: An error occurred: EOF when reading a line
Ask me anything: An error occurred: EOF when reading a line
Ask me anything: An error occurred: EOF when reading a line
Ask me anything: An error occurred: EOF when reading a line
Ask me anything: An error occurred: EOF when reading a line
Ask me anything: An error occurred: EOF when reading a line
Ask me anything: An error occurred: EOF when reading a line
Ask me anything: An error occurred: EOF when reading a line
Ask me anything: An error occurred: EOF when reading a line
Ask me anything: An error occurred: EOF when reading a line
Ask me anything: An error occurred: EOF when reading a line
Ask me anything: An error occurred: EOF when reading a line
Ask me anything: An error occurred: EOF when reading a line
Ask me anything: An error occurred: EOF when reading a line
Ask me anything: An error occurred: EOF when reading a line
Ask me anything: An error occurred: EOF when reading a line
Ask me anything: An error occurred: EOF when reading a line
Ask me anything: An error occurred: EOF when reading a line
Ask me anything: An error occurred: EOF when reading a line
Ask me anything: An error occurred: EOF when reading a line
Ask me anything: An error occurred: EOF when reading a line
Ask me anything: An error occurred: EOF when reading a line
Ask me anything: An error occurred: EOF when reading a line
Ask me anything: An error occurred: EOF when reading a line
Ask me anything: An error occurred: EOF when reading a line
Ask me anything: An error occurred: EOF when reading a line
Ask me anything: An error occurred: EOF when reading a line
Ask me anything: An error occurred: EOF when reading a line
Ask me anything: An error occurred: EOF when reading a line
Ask me anything: An error occurred: EOF when reading a line
Ask me anything: An error occurred: EOF when reading a line
Ask me anything: An error occurred: EOF when reading a line
Ask me anything: An error occurred: EOF when reading a line
Ask me anything: An error occurred: EOF when reading a line
Ask me anything: An error occurred: EOF when reading a line
Ask me anything: An error occurred: EOF when reading a line
Ask me anything: An error occurred: EOF when reading a line
Ask me anything: An error occurred: EOF when reading a line
Ask me anything: An error occurred: EOF when reading a line
Ask me anything: An error occurred: EOF when reading a line
Ask me anything: An error occurred: EOF when reading a line
Ask me anything: An error occurred: EOF when reading a line
Ask me anything: An error occurred: EOF when reading a line
Ask me anything: An error occurred: EOF when reading a line
Ask me anything: An error occurred: EOF when reading a line
Ask me anything: An error occurred: EOF when reading a line
Ask me anything: An error occurred: EOF when reading a line
Ask me anything: An error occurred: EOF when reading a line
Ask me anything: An error occurred: EOF when reading a line
Ask me anything: An error occurred: EOF when reading a line
Ask me anything: An error occurred: EOF when reading a line
Ask me anything: An error occurred: EOF when reading a line
Ask me anything: An error occurred: EOF when reading a line
Ask me anything: An error occurred: EOF when reading a line
Ask me anything: An error occurred: EOF when reading a line
Ask me anything: An error occurred: EOF when reading a line
Ask me anything: An error occurred: EOF when reading a line
Ask me anything: An error occurred: EOF when reading a line
Ask me anything: An error occurred: EOF when reading a line
Ask me anything: An error occurred: EOF when reading a line
Ask me anything: An error occurred: EOF when reading a line
Ask me anything: An error occurred: EOF when reading a line
Ask me anything: An error occurred: EOF when reading a line
Ask me anything: An error occurred: EOF when reading a line
Ask me anything: An error occurred: EOF when reading a line
Ask me anything: An error occurred: EOF when reading a line
Ask me anything: An error occurred: EOF when reading a line
Ask me anything: An error occurred: EOF when reading a line
Ask me anything: An error occurred: EOF when reading a line
Ask me anything: An error occurred: EOF when reading a line
Ask me anything: An error occurred: EOF when reading a line
Ask me anything: An error occurred: EOF when reading a line
Ask me anything: An error occurred: EOF when reading a line
Ask me anything: An error occurred: EOF when reading a line
Ask me anything: An error occurred: EOF when reading a line
Ask me anything: An error occurred: EOF when reading a line
Ask me anything: An error occurred: EOF when reading a line
Ask me anything: An error occurred: EOF when reading a line
Ask me anything: An error occurred: EOF when reading a line
Ask me anything: An error occurred: EOF when reading a line
Ask me anything: An error occurred: EOF when reading a line
Ask me anything: An error occurred: EOF when reading a line
Ask me anything: An error occurred: EOF when reading a line
Ask me anything: An error occurred: EOF when reading a line
Ask me anything: An error occurred: EOF when reading a line
Ask me anything: An error occurred: EOF when reading a line
Ask me anything: An error occurred: EOF when reading a line
Ask me anything: An error occurred: EOF when reading a line
Ask me anything: An error occurred: EOF when reading a line
Ask me anything: An error occurred: EOF when reading a line
Ask me anything: An error occurred: EOF when reading a line
Ask me anything: An error occurred: EOF when reading a line
Ask me anything: An error occurred: EOF when reading a line
Ask me anything: An error occurred: EOF when reading a line
Ask me anything: An error occurred: EOF when reading a line
Ask me anything: An error occurred: EOF when reading a line
Ask me anything: An error occurred: EOF when reading a line
Ask me anything: An error occurred: EOF when reading a line
Ask me anything: An error occurred: EOF when reading a line
Ask me anything: An error occurred: EOF when reading a line
Ask me anything: An error occurred: EOF when reading a line
Ask me anything: An error occurred: EOF when reading a line
Ask me anything: An error occurred: EOF when reading a line
Ask me anything: An error occurred: EOF when reading a line
Ask me anything: An error occurred: EOF when reading a line
Ask me anything: An error occurred: EOF when reading a line
Ask me anything: An error occurred: EOF when reading a line
Ask me anything: An error occurred: EOF when reading a line
Ask me anything: An error occurred: EOF when reading a line
Ask me anything: An error occurred: EOF when reading a line
Ask me anything: An error occurred: EOF when reading a line
Ask me anything: An error occurred: EOF when reading a line
Ask me anything: An error occurred: EOF when reading a line
Ask me anything: An error occurred: EOF when reading a line
Ask me anything: An error occurred: EOF when reading a line
Ask me anything: An error occurred: EOF when reading a line
Ask me anything: An error occurred: EOF when reading a line
Ask me anything: An error occurred: EOF when reading a line
Ask me anything: An error occurred: EOF when reading a line
Ask me anything: An error occurred: EOF when reading a line
Ask me anything: An error occurred: EOF when reading a line
Ask me anything: An error occurred: EOF when reading a line
Ask me anything: An error occurred: EOF when reading a line
Ask me anything: An error occurred: EOF when reading a line
Ask me anything: An error occurred: EOF when reading a line
Ask me anything: An error occurred: EOF when reading a line
Ask me anything: An error occurred: EOF when reading a line
Ask me anything: An error occurred: EOF when reading a line
Ask me anything: An error occurred: EOF when reading a line
Ask me anything: An error occurred: EOF when reading a line
Ask me anything: An error occurred: EOF when reading a line
Ask me anything: An error occurred: EOF when reading a line
Ask me anything: An error occurred: EOF when reading a line
Ask me anything: An error occurred: EOF when reading a line
Ask me anything: An error occurred: EOF when reading a line
Ask me anything: An error occurred: EOF when reading a line
Ask me anything: An error occurred: EOF when reading a line
Ask me anything: An error occurred: EOF when reading a line
Ask me anything: An error occurred: EOF when reading a line
Ask me anything: An error occurred: EOF when reading a line
Ask me anything: An error occurred: EOF when reading a line
Ask me anything: An error occurred: EOF when reading a line
Ask me anything: An error occurred: EOF when reading a line
Ask me anything: An error occurred: EOF when reading a line
Ask me anything: An error occurred: EOF when reading a line
Ask me anything: An error occurred: EOF when reading a line
Ask me anything: An error occurred: EOF when reading a line
Ask me anything: An error occurred: EOF when reading a line
Ask me anything: An error occurred: EOF when reading a line
Ask me anything: An error occurred: EOF when reading a line
Ask me anything: An error occurred: EOF when reading a line
Ask me anything: An error occurred: EOF when reading a line
Ask me anything: An error occurred: EOF when reading a line
Ask me anything: An error occurred: EOF when reading a line
Ask me anything: An error occurred: EOF when reading a line
Ask me anything: An error occurred: EOF when reading a line
Ask me anything: An error occurred: EOF when reading a line
Ask me anything: An error occurred: EOF when reading a line
Ask me anything: An error occurred: EOF when reading a line
Ask me anything: An error occurred: EOF when reading a line
Ask me anything: An error occurred: EOF when reading a line
Ask me anything: An error occurred: EOF when reading a line
Ask me anything: An error occurred: EOF when reading a line
Ask me anything: An error occurred: EOF when reading a line
Ask me anything: An error occurred: EOF when reading a line
Ask me anything: An error occurred: EOF when reading a line
Ask me anything: An error occurred: EOF when reading a line
Ask me anything: An error occurred: EOF when reading a line
Ask me anything: An error occurred: EOF when reading a line
Ask me anything: An error occurred: EOF when reading a line
Ask me anything: An error occurred: EOF when reading a line
Ask me anything: An error occurred: EOF when reading a line
Ask me anything: An error occurred: EOF when reading a line
Ask me anything: An error occurred: EOF when reading a line
Ask me anything: An error occurred: EOF when reading a line
Ask me anything: An error occurred: EOF when reading a line
Ask me anything: An error occurred: EOF when reading a line
Ask me anything: An error occurred: EOF when reading a line
Ask me anything: An error occurred: EOF when reading a line
Ask me anything: An error occurred: EOF when reading a line
Ask me anything: An error occurred: EOF when reading a line
Ask me anything: An error occurred: EOF when reading a line
Ask me anything: An error occurred: EOF when reading a line
Ask me anything: An error occurred: EOF when reading a line
Ask me anything: An error occurred: EOF when reading a line
Ask me anything: An error occurred: EOF when reading a line
Ask me anything: An error occurred: EOF when reading a line
Ask me anything: An error occurred: EOF when reading a line
Ask me anything: An error occurred: EOF when reading a line
Ask me anything: An error occurred: EOF when reading a line
Ask me anything: An error occurred: EOF when reading a line
Ask me anything: An error occurred: EOF when reading a line
Ask me anything: An error occurred: EOF when reading a line
Ask me anything: An error occurred: EOF when reading a line
Ask me anything: An error occurred: EOF when reading a line
Ask me anything: An error occurred: EOF when reading a line
Ask me anything: An error occurred: EOF when reading a line
Ask me anything: An error occurred: EOF when reading a line
Ask me anything: An error occurred: EOF when reading a line
Ask me anything: An error occurred: EOF when reading a line
Ask me anything: An error occurred: EOF when reading a line
Ask me anything: An error occurred: EOF when reading a line
Ask me anything: An error occurred: EOF when reading a line
Ask me anything: An error occurred: EOF when reading a line
Ask me anything: An error occurred: EOF when reading a line
Ask me anything: An error occurred: EOF when reading a line
Ask me anything: An error occurred: EOF when reading a line
Ask me anything: An error occurred: EOF when reading a line
Ask me anything: An error occurred: EOF when reading a line
Ask me anything: An error occurred: EOF when reading a line
Ask me anything: An error occurred: EOF when reading a line
Ask me anything: An error occurred: EOF when reading a line
Ask me anything: An error occurred: EOF when reading a line
Ask me anything: An error occurred: EOF when reading a line
Ask me anything: An error occurred: EOF when reading a line
Ask me anything: An error occurred: EOF when reading a line
Ask me anything: An error occurred: EOF when reading a line
Ask me anything: An error occurred: EOF when reading a line
Ask me anything: An error occurred: EOF when reading a line
Ask me anything: An error occurred: EOF when reading a line
Ask me anything: An error occurred: EOF when reading a line
Ask me anything: An error occurred: EOF when reading a line
Ask me anything: An error occurred: EOF when reading a line
Ask me anything: An error occurred: EOF when reading a line
Ask me anything: An error occurred: EOF when reading a line
Ask me anything: An error occurred: EOF when reading a line
Ask me anything: An error occurred: EOF when reading a line
Ask me anything: An error occurred: EOF when reading a line
Ask me anything: An error occurred: EOF when reading a line
Ask me anything: An error occurred: EOF when reading a line
Ask me anything: An error occurred: EOF when reading a line
Ask me anything: An error occurred: EOF when reading a line
Ask me anything: An error occurred: EOF when reading a line
Ask me anything: An error occurred: EOF when reading a line
Ask me anything: An error occurred: EOF when reading a line
Ask me anything: An error occurred: EOF when reading a line
Ask me anything: An error occurred: EOF when reading a line
Ask me anything: An error occurred: EOF when reading a line
Ask me anything: An error occurred: EOF when reading a line
Ask me anything: An error occurred: EOF when reading a line
Ask me anything: An error occurred: EOF when reading a line
Ask me anything: An error occurred: EOF when reading a line
Ask me anything: An error occurred: EOF when reading a line
Ask me anything: An error occurred: EOF when reading a line
Ask me anything: An error occurred: EOF when reading a line
Ask me anything: An error occurred: EOF when reading a line
Ask me anything: An error occurred: EOF when reading a line
Ask me anything: An error occurred: EOF when reading a line
Ask me anything: An error occurred: EOF when reading a line
Ask me anything: An error occurred: EOF when reading a line
Ask me anything: An error occurred: EOF when reading a line
Ask me anything: An error occurred: EOF when reading a line
Ask me anything: An error occurred: EOF when reading a line
Ask me anything: An error occurred: EOF when reading a line
Ask me anything: An error occurred: EOF when reading a line
Ask me anything: An error occurred: EOF when reading a line
Ask me anything: An error occurred: EOF when reading a line
Ask me anything: An error occurred: EOF when reading a line
Ask me anything: An error occurred: EOF when reading a line
Ask me anything: An error occurred: EOF when reading a line
Ask me anything: An error occurred: EOF when reading a line
Ask me anything: An error occurred: EOF when reading a line
Ask me anything: An error occurred: EOF when reading a line
Ask me anything: An error occurred: EOF when reading a line
Ask me anything: An error occurred: EOF when reading a line
Ask me anything: An error occurred: EOF when reading a line
Ask me anything: An error occurred: EOF when reading a line
Ask me anything: An error occurred: EOF when reading a line
Ask me anything: An error occurred: EOF when reading a line
Ask me anything: An error occurred: EOF when reading a line
Ask me anything: An error occurred: EOF when reading a line
Ask me anything: An error occurred: EOF when reading a line
Ask me anything: An error occurred: EOF when reading a line
Ask me anything: An error occurred: EOF when reading a line
Ask me anything: An error occurred: EOF when reading a line
Ask me anything: An error occurred: EOF when reading a line
Ask me anything: An error occurred: EOF when reading a line
Ask me anything: An error occurred: EOF when reading a line
Ask me anything: An error occurred: EOF when reading a line
Ask me anything: An error occurred: EOF when reading a line
Ask me anything: An error occurred: EOF when reading a line
Ask me anything: An error occurred: EOF when reading a line
Ask me anything: An error occurred: EOF when reading a line
Ask me anything: An error occurred: EOF when reading a line
Ask me anything: An error occurred: EOF when reading a line
Ask me anything: An error occurred: EOF when reading a line
Ask me anything: An error occurred: EOF when reading a line
Ask me anything: An error occurred: EOF when reading a line
Ask me anything: An error occurred: EOF when reading a line
Ask me anything: An error occurred: EOF when reading a line
Ask me anything: An error occurred: EOF when reading a line
Ask me anything: An error occurred: EOF when reading a line
Ask me anything: An error occurred: EOF when reading a line
Ask me anything: An error occurred: EOF when reading a line
Ask me anything: An error occurred: EOF when reading a line
Ask me anything: An error occurred: EOF when reading a line
Ask me anything: An error occurred: EOF when reading a line
Ask me anything: An error occurred: EOF when reading a line
Ask me anything: An error occurred: EOF when reading a line
Ask me anything: An error occurred: EOF when reading a line
Ask me anything: An error occurred: EOF when reading a line
Ask me anything: An error occurred: EOF when reading a line
Ask me anything: An error occurred: EOF when reading a line
Ask me anything: An error occurred: EOF when reading a line
Ask me anything: An error occurred: EOF when reading a line
Ask me anything: An error occurred: EOF when reading a line
Ask me anything: An error occurred: EOF when reading a line
Ask me anything: An error occurred: EOF when reading a line
Ask me anything: An error occurred: EOF when reading a line
Ask me anything: An error occurred: EOF when reading a line
Ask me anything: An error occurred: EOF when reading a line
Ask me anything: An error occurred: EOF when reading a line
Ask me anything: An error occurred: EOF when reading a line
Ask me anything: An error occurred: EOF when reading a line
Ask me anything: An error occurred: EOF when reading a line
Ask me anything: An error occurred: EOF when reading a line
Ask me anything: An error occurred: EOF when reading a line
Ask me anything: An error occurred: EOF when reading a line
Ask me anything: An error occurred: EOF when reading a line
Ask me anything: An error occurred: EOF when reading a line
Ask me anything: An error occurred: EOF when reading a line
Ask me anything: An error occurred: EOF when reading a line
Ask me anything: An error occurred: EOF when reading a line
Ask me anything: An error occurred: EOF when reading a line
Ask me anything: An error occurred: EOF when reading a line
Ask me anything: An error occurred: EOF when reading a line
Ask me anything: An error occurred: EOF when reading a line
Ask me anything: An error occurred: EOF when reading a line
Ask me anything: An error occurred: EOF when reading a line
Ask me anything: An error occurred: EOF when reading a line
Ask me anything: An error occurred: EOF when reading a line
Ask me anything: An error occurred: EOF when reading a line
Ask me anything: An error occurred: EOF when reading a line
Ask me anything: An error occurred: EOF when reading a line
Ask me anything: An error occurred: EOF when reading a line
Ask me anything: An error occurred: EOF when reading a line
Ask me anything: An error occurred: EOF when reading a line
Ask me anything: An error occurred: EOF when reading a line
Ask me anything: An error occurred: EOF when reading a line
Ask me anything: An error occurred: EOF when reading a line
Ask me anything: An error occurred: EOF when reading a line
Ask me anything: An error occurred: EOF when reading a line
Ask me anything: An error occurred: EOF when reading a line
Ask me anything: An error occurred: EOF when reading a line
Ask me anything: An error occurred: EOF when reading a line
Ask me anything: An error occurred: EOF when reading a line
Ask me anything: An error occurred: EOF when reading a line
Ask me anything: An error occurred: EOF when reading a line
Ask me anything: An error occurred: EOF when reading a line
Ask me anything: An error occurred: EOF when reading a line
Ask me anything: An error occurred: EOF when reading a line
Ask me anything: An error occurred: EOF when reading a line
Ask me anything: An error occurred: EOF when reading a line
Ask me anything: An error occurred: EOF when reading a line
Ask me anything: An error occurred: EOF when reading a line
Ask me anything: An error occurred: EOF when reading a line
Ask me anything: An error occurred: EOF when reading a line
Ask me anything: An error occurred: EOF when reading a line
Ask me anything: An error occurred: EOF when reading a line
Ask me anything: An error occurred: EOF when reading a line
Ask me anything: An error occurred: EOF when reading a line
Ask me anything: An error occurred: EOF when reading a line
Ask me anything: An error occurred: EOF when reading a line
Ask me anything: An error occurred: EOF when reading a line
Ask me anything: An error occurred: EOF when reading a line
Ask me anything: An error occurred: EOF when reading a line
Ask me anything: An error occurred: EOF when reading a line
Ask me anything: An error occurred: EOF when reading a line
Ask me anything: An error occurred: EOF when reading a line
Ask me anything: An error occurred: EOF when reading a line
Ask me anything: An error occurred: EOF when reading a line
Ask me anything: An error occurred: EOF when reading a line
Ask me anything: An error occurred: EOF when reading a line
Ask me anything: An error occurred: EOF when reading a line
Ask me anything: An error occurred: EOF when reading a line
Ask me anything: An error occurred: EOF when reading a line
Ask me anything: An error occurred: EOF when reading a line
Ask me anything: An error occurred: EOF when reading a line
Ask me anything: An error occurred: EOF when reading a line
Ask me anything: An error occurred: EOF when reading a line
Ask me anything: An error occurred: EOF when reading a line
Ask me anything: An error occurred: EOF when reading a line
Ask me anything: An error occurred: EOF when reading a line
Ask me anything: An error occurred: EOF when reading a line
Ask me anything: An error occurred: EOF when reading a line
Ask me anything: An error occurred: EOF when reading a line
Ask me anything: An error occurred: EOF when reading a line
Ask me anything: An error occurred: EOF when reading a line
Ask me anything: An error occurred: EOF when reading a line
Ask me anything: An error occurred: EOF when reading a line
Ask me anything: An error occurred: EOF when reading a line
Ask me anything: An error occurred: EOF when reading a line
Ask me anything: An error occurred: EOF when reading a line
Ask me anything: An error occurred: EOF when reading a line
Ask me anything: An error occurred: EOF when reading a line
Ask me anything: An error occurred: EOF when reading a line
Ask me anything: An error occurred: EOF when reading a line
Ask me anything: An error occurred: EOF when reading a line
Ask me anything: An error occurred: EOF when reading a line
Ask me anything: An error occurred: EOF when reading a line
Ask me anything: An error occurred: EOF when reading a line
Ask me anything: An error occurred: EOF when reading a line
Ask me anything: An error occurred: EOF when reading a line
Ask me anything: An error occurred: EOF when reading a line
Ask me anything: An error occurred: EOF when reading a line
Ask me anything: An error occurred: EOF when reading a line
Ask me anything: An error occurred: EOF when reading a line
Ask me anything: An error occurred: EOF when reading a line
Ask me anything: An error occurred: EOF when reading a line
Ask me anything: An error occurred: EOF when reading a line
Ask me anything: An error occurred: EOF when reading a line
Ask me anything: An error occurred: EOF when reading a line
Ask me anything: An error occurred: EOF when reading a line
Ask me anything: An error occurred: EOF when reading a line
Ask me anything: An error occurred: EOF when reading a line
Ask me anything: An error occurred: EOF when reading a line
Ask me anything: An error occurred: EOF when reading a line
Ask me anything: An error occurred: EOF when reading a line
Ask me anything: An error occurred: EOF when reading a line
Ask me anything: An error occurred: EOF when reading a line
Ask me anything: An error occurred: EOF when reading a line
Ask me anything: An error occurred: EOF when reading a line
Ask me anything: An error occurred: EOF when reading a line
Ask me anything: An error occurred: EOF when reading a line
Ask me anything: An error occurred: EOF when reading a line
Ask me anything: An error occurred: EOF when reading a line
Ask me anything: An error occurred: EOF when reading a line
Ask me anything: An error occurred: EOF when reading a line
Ask me anything: An error occurred: EOF when reading a line
Ask me anything: An error occurred: EOF when reading a line
Ask me anything: An error occurred: EOF when reading a line
Ask me anything: An error occurred: EOF when reading a line
Ask me anything: An error occurred: EOF when reading a line
Ask me anything: An error occurred: EOF when reading a line
Ask me anything: An error occurred: EOF when reading a line
Ask me anything: An error occurred: EOF when reading a line
Ask me anything: An error occurred: EOF when reading a line
Ask me anything: An error occurred: EOF when reading a line
Ask me anything: An error occurred: EOF when reading a line
Ask me anything: An error occurred: EOF when reading a line
Ask me anything: An error occurred: EOF when reading a line
Ask me anything: An error occurred: EOF when reading a line
Ask me anything: An error occurred: EOF when reading a line
Ask me anything: An error occurred: EOF when reading a line
Ask me anything: An error occurred: EOF when reading a line
Ask me anything: An error occurred: EOF when reading a line
Ask me anything: An error occurred: EOF when reading a line
Ask me anything: An error occurred: EOF when reading a line
Ask me anything: An error occurred: EOF when reading a line
Ask me anything: An error occurred: EOF when reading a line
Ask me anything: An error occurred: EOF when reading a line
Ask me anything: An error occurred: EOF when reading a line
Ask me anything: An error occurred: EOF when reading a line
Ask me anything: An error occurred: EOF when reading a line
Ask me anything: An error occurred: EOF when reading a line
Ask me anything: An error occurred: EOF when reading a line
Ask me anything: An error occurred: EOF when reading a line
Ask me anything: An error occurred: EOF when reading a line
Ask me anything: An error occurred: EOF when reading a line
Ask me anything: An error occurred: EOF when reading a line
Ask me anything: An error occurred: EOF when reading a line
Ask me anything: An error occurred: EOF when reading a line
Ask me anything: An error occurred: EOF when reading a line
Ask me anything: An error occurred: EOF when reading a line
Ask me anything: An error occurred: EOF when reading a line
Ask me anything: An error occurred: EOF when reading a line
Ask me anything: An error occurred: EOF when reading a line
Ask me anything: An error occurred: EOF when reading a line
Ask me anything: An error occurred: EOF when reading a line
Ask me anything: An error occurred: EOF when reading a line
Ask me anything: An error occurred: EOF when reading a line
Ask me anything: An error occurred: EOF when reading a line
Ask me anything: An error occurred: EOF when reading a line
Ask me anything: An error occurred: EOF when reading a line
Ask me anything: An error occurred: EOF when reading a line
Ask me anything: An error occurred: EOF when reading a line
Ask me anything: An error occurred: EOF when reading a line
Ask me anything: An error occurred: EOF when reading a line
Ask me anything: An error occurred: EOF when reading a line
Ask me anything: An error occurred: EOF when reading a line
Ask me anything: An error occurred: EOF when reading a line
Ask me anything: An error occurred: EOF when reading a line
Ask me anything: An error occurred: EOF when reading a line
Ask me anything: An error occurred: EOF when reading a line
Ask me anything: An error occurred: EOF when reading a line
Ask me anything: An error occurred: EOF when reading a line
Ask me anything: An error occurred: EOF when reading a line
Ask me anything: An error occurred: EOF when reading a line
Ask me anything: An error occurred: EOF when reading a line
Ask me anything: An error occurred: EOF when reading a line
Ask me anything: An error occurred: EOF when reading a line
Ask me anything: An error occurred: EOF when reading a line
Ask me anything: An error occurred: EOF when reading a line
Ask me anything: An error occurred: EOF when reading a line
Ask me anything: An error occurred: EOF when reading a line
Ask me anything: An error occurred: EOF when reading a line
Ask me anything: An error occurred: EOF when reading a line
Ask me anything: An error occurred: EOF when reading a line
Ask me anything: An error occurred: EOF when reading a line
Ask me anything: An error occurred: EOF when reading a line
Ask me anything: An error occurred: EOF when reading a line
Ask me anything: An error occurred: EOF when reading a line
Ask me anything: An error occurred: EOF when reading a line
Ask me anything: An error occurred: EOF when reading a line
Ask me anything: An error occurred: EOF when reading a line
Ask me anything: An error occurred: EOF when reading a line
Ask me anything: An error occurred: EOF when reading a line
Ask me anything: An error occurred: EOF when reading a line
Ask me anything: An error occurred: EOF when reading a line
Ask me anything: An error occurred: EOF when reading a line
Ask me anything: An error occurred: EOF when reading a line
Ask me anything: An error occurred: EOF when reading a line
Ask me anything: An error occurred: EOF when reading a line
Ask me anything: An error occurred: EOF when reading a line
Ask me anything: An error occurred: EOF when reading a line
Ask me anything: An error occurred: EOF when reading a line
Ask me anything: An error occurred: EOF when reading a line
Ask me anything: An error occurred: EOF when reading a line
Ask me anything: An error occurred: EOF when reading a line
Ask me anything: An error occurred: EOF when reading a line
Ask me anything: An error occurred: EOF when reading a line
Ask me anything: An error occurred: EOF when reading a line
Ask me anything: An error occurred: EOF when reading a line
Ask me anything: An error occurred: EOF when reading a line
Ask me anything: An error occurred: EOF when reading a line
Ask me anything: An error occurred: EOF when reading a line
Ask me anything: An error occurred: EOF when reading a line
Ask me anything: An error occurred: EOF when reading a line
Ask me anything: An error occurred: EOF when reading a line
Ask me anything: An error occurred: EOF when reading a line
Ask me anything: An error occurred: EOF when reading a line
Ask me anything: An error occurred: EOF when reading a line
Ask me anything: An error occurred: EOF when reading a line
Ask me anything: An error occurred: EOF when reading a line
Ask me anything: An error occurred: EOF when reading a line
Ask me anything: An error occurred: EOF when reading a line
Ask me anything: An error occurred: EOF when reading a line
Ask me anything: An error occurred: EOF when reading a line
Ask me anything: An error occurred: EOF when reading a line
Ask me anything: An error occurred: EOF when reading a line
Ask me anything: An error occurred: EOF when reading a line
Ask me anything: An error occurred: EOF when reading a line
Ask me anything: An error occurred: EOF when reading a line
Ask me anything: An error occurred: EOF when reading a line
Ask me anything: An error occurred: EOF when reading a line
Ask me anything: An error occurred: EOF when reading a line
Ask me anything: An error occurred: EOF when reading a line
Ask me anything: An error occurred: EOF when reading a line
Ask me anything: An error occurred: EOF when reading a line
Ask me anything: An error occurred: EOF when reading a line
Ask me anything: An error occurred: EOF when reading a line
Ask me anything: An error occurred: EOF when reading a line
Ask me anything: An error occurred: EOF when reading a line
Ask me anything: An error occurred: EOF when reading a line
Ask me anything: An error occurred: EOF when reading a line
Ask me anything: An error occurred: EOF when reading a line
Ask me anything: An error occurred: EOF when reading a line
Ask me anything: An error occurred: EOF when reading a line
Ask me anything: An error occurred: EOF when reading a line
Ask me anything: An error occurred: EOF when reading a line
Ask me anything: An error occurred: EOF when reading a line
Ask me anything: An error occurred: EOF when reading a line
Ask me anything: An error occurred: EOF when reading a line
Ask me anything: An error occurred: EOF when reading a line
Ask me anything: An error occurred: EOF when reading a line
Ask me anything: An error occurred: EOF when reading a line
Ask me anything: An error occurred: EOF when reading a line
Ask me anything: An error occurred: EOF when reading a line
Ask me anything: An error occurred: EOF when reading a line
Ask me anything: An error occurred: EOF when reading a line
Ask me anything: An error occurred: EOF when reading a line
Ask me anything: An error occurred: EOF when reading a line
Ask me anything: An error occurred: EOF when reading a line
Ask me anything: An error occurred: EOF when reading a line
Ask me anything: An error occurred: EOF when reading a line
Ask me anything: An error occurred: EOF when reading a line
Ask me anything: An error occurred: EOF when reading a line
Ask me anything: An error occurred: EOF when reading a line
Ask me anything: An error occurred: EOF when reading a line
Ask me anything: An error occurred: EOF when reading a line
Ask me anything: An error occurred: EOF when reading a line
Ask me anything: An error occurred: EOF when reading a line
Ask me anything: An error occurred: EOF when reading a line
Ask me anything: An error occurred: EOF when reading a line
Ask me anything: An error occurred: EOF when reading a line
Ask me anything: An error occurred: EOF when reading a line
Ask me anything: An error occurred: EOF when reading a line
Ask me anything: An error occurred: EOF when reading a line
Ask me anything: An error occurred: EOF when reading a line
Ask me anything: An error occurred: EOF when reading a line
Ask me anything: An error occurred: EOF when reading a line
Ask me anything: An error occurred: EOF when reading a line
Ask me anything: An error occurred: EOF when reading a line
Ask me anything: An error occurred: EOF when reading a line
Ask me anything: An error occurred: EOF when reading a line
Ask me anything: An error occurred: EOF when reading a line
Ask me anything: An error occurred: EOF when reading a line
Ask me anything: An error occurred: EOF when reading a line
Ask me anything: An error occurred: EOF when reading a line
Ask me anything: An error occurred: EOF when reading a line
Ask me anything: An error occurred: EOF when reading a line
Ask me anything: An error occurred: EOF when reading a line
Ask me anything: An error occurred: EOF when reading a line
Ask me anything: An error occurred: EOF when reading a line
Ask me anything: An error occurred: EOF when reading a line
Ask me anything: An error occurred: EOF when reading a line
Ask me anything: An error occurred: EOF when reading a line
Ask me anything: An error occurred: EOF when reading a line
Ask me anything: An error occurred: EOF when reading a line
Ask me anything: An error occurred: EOF when reading a line
Ask me anything: An error occurred: EOF when reading a line
Ask me anything: An error occurred: EOF when reading a line
Ask me anything: An error occurred: EOF when reading a line
Ask me anything: An error occurred: EOF when reading a line
Ask me anything: An error occurred: EOF when reading a line
Ask me anything: An error occurred: EOF when reading a line
Ask me anything: An error occurred: EOF when reading a line
Ask me anything: An error occurred: EOF when reading a line
Ask me anything: An error occurred: EOF when reading a line
Ask me anything: An error occurred: EOF when reading a line
Ask me anything: An error occurred: EOF when reading a line
Ask me anything: An error occurred: EOF when reading a line
Ask me anything: An error occurred: EOF when reading a line
Ask me anything: An error occurred: EOF when reading a line
Ask me anything: An error occurred: EOF when reading a line
Ask me anything: An error occurred: EOF when reading a line
Ask me anything: An error occurred: EOF when reading a line
Ask me anything: An error occurred: EOF when reading a line
Ask me anything: An error occurred: EOF when reading a line
Ask me anything: An error occurred: EOF when reading a line
Ask me anything: An error occurred: EOF when reading a line
Ask me anything: An error occurred: EOF when reading a line
Ask me anything: An error occurred: EOF when reading a line
Ask me anything: An error occurred: EOF when reading a line
Ask me anything: An error occurred: EOF when reading a line
Ask me anything: An error occurred: EOF when reading a line
Ask me anything: An error occurred: EOF when reading a line
Ask me anything: An error occurred: EOF when reading a line
Ask me anything: An error occurred: EOF when reading a line
Ask me anything: An error occurred: EOF when reading a line
Ask me anything: An error occurred: EOF when reading a line
Ask me anything: An error occurred: EOF when reading a line
Ask me anything: An error occurred: EOF when reading a line
Ask me anything: An error occurred: EOF when reading a line
Ask me anything: An error occurred: EOF when reading a line
Ask me anything: An error occurred: EOF when reading a line
Ask me anything: An error occurred: EOF when reading a line
Ask me anything: An error occurred: EOF when reading a line
Ask me anything: An error occurred: EOF when reading a line
Ask me anything: An error occurred: EOF when reading a line
Ask me anything: An error occurred: EOF when reading a line
Ask me anything: An error occurred: EOF when reading a line
Ask me anything: An error occurred: EOF when reading a line
Ask me anything: An error occurred: EOF when reading a line
Ask me anything: An error occurred: EOF when reading a line
Ask me anything: An error occurred: EOF when reading a line
Ask me anything: An error occurred: EOF when reading a line
Ask me anything: An error occurred: EOF when reading a line
Ask me anything: An error occurred: EOF when reading a line
Ask me anything: An error occurred: EOF when reading a line
Ask me anything: An error occurred: EOF when reading a line
Ask me anything: An error occurred: EOF when reading a line
Ask me anything: An error occurred: EOF when reading a line
Ask me anything: An error occurred: EOF when reading a line
Ask me anything: An error occurred: EOF when reading a line
Ask me anything: An error occurred: EOF when reading a line
Ask me anything: An error occurred: EOF when reading a line
Ask me anything: An error occurred: EOF when reading a line
Ask me anything: An error occurred: EOF when reading a line
Ask me anything: An error occurred: EOF when reading a line
Ask me anything: An error occurred: EOF when reading a line
Ask me anything: An error occurred: EOF when reading a line
Ask me anything: An error occurred: EOF when reading a line
Ask me anything: An error occurred: EOF when reading a line
Ask me anything: An error occurred: EOF when reading a line
Ask me anything: An error occurred: EOF when reading a line
Ask me anything: An error occurred: EOF when reading a line
Ask me anything: An error occurred: EOF when reading a line
Ask me anything: An error occurred: EOF when reading a line
Ask me anything: An error occurred: EOF when reading a line
Ask me anything: An error occurred: EOF when reading a line
Ask me anything: An error occurred: EOF when reading a line
Ask me anything: An error occurred: EOF when reading a line
Ask me anything: An error occurred: EOF when reading a line
Ask me anything: An error occurred: EOF when reading a line
Ask me anything: An error occurred: EOF when reading a line
Ask me anything: An error occurred: EOF when reading a line
Ask me anything: An error occurred: EOF when reading a line
Ask me anything: An error occurred: EOF when reading a line
Ask me anything: An error occurred: EOF when reading a line
Ask me anything: An error occurred: EOF when reading a line
Ask me anything: An error occurred: EOF when reading a line
Ask me anything: An error occurred: EOF when reading a line
Ask me anything: An error occurred: EOF when reading a line
Ask me anything: An error occurred: EOF when reading a line
Ask me anything: An error occurred: EOF when reading a line
Ask me anything: An error occurred: EOF when reading a line
Ask me anything: An error occurred: EOF when reading a line
Ask me anything: An error occurred: EOF when reading a line
Ask me anything: An error occurred: EOF when reading a line
Ask me anything: An error occurred: EOF when reading a line
Ask me anything: An error occurred: EOF when reading a line
Ask me anything: An error occurred: EOF when reading a line
Ask me anything: An error occurred: EOF when reading a line
Ask me anything: An error occurred: EOF when reading a line
Ask me anything: An error occurred: EOF when reading a line
Ask me anything: An error occurred: EOF when reading a line
Ask me anything: An error occurred: EOF when reading a line
Ask me anything: An error occurred: EOF when reading a line
Ask me anything: An error occurred: EOF when reading a line
Ask me anything: An error occurred: EOF when reading a line
Ask me anything: An error occurred: EOF when reading a line
Ask me anything: An error occurred: EOF when reading a line
Ask me anything: An error occurred: EOF when reading a line
Ask me anything: An error occurred: EOF when reading a line
Ask me anything: An error occurred: EOF when reading a line
Ask me anything: An error occurred: EOF when reading a line
Ask me anything: An error occurred: EOF when reading a line
Ask me anything: An error occurred: EOF when reading a line
Ask me anything: An error occurred: EOF when reading a line
Ask me anything: An error occurred: EOF when reading a line
Ask me anything: An error occurred: EOF when reading a line
Ask me anything: An error occurred: EOF when reading a line
Ask me anything: An error occurred: EOF when reading a line
Ask me anything: An error occurred: EOF when reading a line
Ask me anything: An error occurred: EOF when reading a line
Ask me anything: An error occurred: EOF when reading a line
Ask me anything: An error occurred: EOF when reading a line
Ask me anything: An error occurred: EOF when reading a line
Ask me anything: An error occurred: EOF when reading a line
Ask me anything: An error occurred: EOF when reading a line
Ask me anything: An error occurred: EOF when reading a line
Ask me anything: An error occurred: EOF when reading a line
Ask me anything: An error occurred: EOF when reading a line
Ask me anything: An error occurred: EOF when reading a line
Ask me anything: An error occurred: EOF when reading a line
Ask me anything: An error occurred: EOF when reading a line
Ask me anything: An error occurred: EOF when reading a line
Ask me anything: An error occurred: EOF when reading a line
Ask me anything: An error occurred: EOF when reading a line
Ask me anything: An error occurred: EOF when reading a line
Ask me anything: An error occurred: EOF when reading a line
Ask me anything: An error occurred: EOF when reading a line
Ask me anything: An error occurred: EOF when reading a line
Ask me anything: An error occurred: EOF when reading a line
Ask me anything: An error occurred: EOF when reading a line
Ask me anything: An error occurred: EOF when reading a line
Ask me anything: An error occurred: EOF when reading a line
Ask me anything: An error occurred: EOF when reading a line
Ask me anything: An error occurred: EOF when reading a line
Ask me anything: An error occurred: EOF when reading a line
Ask me anything: An error occurred: EOF when reading a line
Ask me anything: An error occurred: EOF when reading a line
Ask me anything: An error occurred: EOF when reading a line
Ask me anything: An error occurred: EOF when reading a line
Ask me anything: An error occurred: EOF when reading a line
Ask me anything: An error occurred: EOF when reading a line
Ask me anything: An error occurred: EOF when reading a line
Ask me anything: An error occurred: EOF when reading a line
Ask me anything: An error occurred: EOF when reading a line
Ask me anything: An error occurred: EOF when reading a line
Ask me anything: An error occurred: EOF when reading a line
Ask me anything: An error occurred: EOF when reading a line
Ask me anything: An error occurred: EOF when reading a line
Ask me anything: An error occurred: EOF when reading a line
Ask me anything: An error occurred: EOF when reading a line
Ask me anything: An error occurred: EOF when reading a line
Ask me anything: An error occurred: EOF when reading a line
Ask me anything: An error occurred: EOF when reading a line
Ask me anything: An error occurred: EOF when reading a line
Ask me anything: An error occurred: EOF when reading a line
Ask me anything: An error occurred: EOF when reading a line
Ask me anything: An error occurred: EOF when reading a line
Ask me anything: An error occurred: EOF when reading a line
Ask me anything: An error occurred: EOF when reading a line
Ask me anything: An error occurred: EOF when reading a line
Ask me anything: An error occurred: EOF when reading a line
Ask me anything: An error occurred: EOF when reading a line
Ask me anything: An error occurred: EOF when reading a line
Ask me anything: An error occurred: EOF when reading a line
Ask me anything: An error occurred: EOF when reading a line
Ask me anything: An error occurred: EOF when reading a line
Ask me anything: An error occurred: EOF when reading a line
Ask me anything: An error occurred: EOF when reading a line
Ask me anything: An error occurred: EOF when reading a line
Ask me anything: An error occurred: EOF when reading a line
Ask me anything: An error occurred: EOF when reading a line
Ask me anything: An error occurred: EOF when reading a line
Ask me anything: An error occurred: EOF when reading a line
Ask me anything: An error occurred: EOF when reading a line
Ask me anything: An error occurred: EOF when reading a line
Ask me anything: An error occurred: EOF when reading a line
Ask me anything: An error occurred: EOF when reading a line
Ask me anything: An error occurred: EOF when reading a line
Ask me anything: An error occurred: EOF when reading a line
Ask me anything: An error occurred: EOF when reading a line
Ask me anything: An error occurred: EOF when reading a line
Ask me anything: An error occurred: EOF when reading a line
Ask me anything: An error occurred: EOF when reading a line
Ask me anything: An error occurred: EOF when reading a line
Ask me anything: An error occurred: EOF when reading a line
Ask me anything: An error occurred: EOF when reading a line
Ask me anything: An error occurred: EOF when reading a line
Ask me anything: An error occurred: EOF when reading a line
Ask me anything: An error occurred: EOF when reading a line
Ask me anything: An error occurred: EOF when reading a line
Ask me anything: An error occurred: EOF when reading a line
Ask me anything: An error occurred: EOF when reading a line
Ask me anything: An error occurred: EOF when reading a line
Ask me anything: An error occurred: EOF when reading a line
Ask me anything: An error occurred: EOF when reading a line
Ask me anything: An error occurred: EOF when reading a line
Ask me anything: An error occurred: EOF when reading a line
Ask me anything: An error occurred: EOF when reading a line
Ask me anything: An error occurred: EOF when reading a line
Ask me anything: An error occurred: EOF when reading a line
Ask me anything: An error occurred: EOF when reading a line
Ask me anything: An error occurred: EOF when reading a line
Ask me anything: An error occurred: EOF when reading a line
Ask me anything: An error occurred: EOF when reading a line
Ask me anything: An error occurred: EOF when reading a line
Ask me anything: An error occurred: EOF when reading a line
Ask me anything: An error occurred: EOF when reading a line
Ask me anything: An error occurred: EOF when reading a line
Ask me anything: An error occurred: EOF when reading a line
Ask me anything: An error occurred: EOF when reading a line
Ask me anything: An error occurred: EOF when reading a line
Ask me anything: An error occurred: EOF when reading a line
Ask me anything: An error occurred: EOF when reading a line
Ask me anything: An error occurred: EOF when reading a line
Ask me anything: An error occurred: EOF when reading a line
Ask me anything: An error occurred: EOF when reading a line
Ask me anything: An error occurred: EOF when reading a line
Ask me anything: An error occurred: EOF when reading a line
Ask me anything: An error occurred: EOF when reading a line
Ask me anything: An error occurred: EOF when reading a line
Ask me anything: An error occurred: EOF when reading a line
Ask me anything: An error occurred: EOF when reading a line
Ask me anything: An error occurred: EOF when reading a line
Ask me anything: An error occurred: EOF when reading a line
Ask me anything: An error occurred: EOF when reading a line
Ask me anything: An error occurred: EOF when reading a line
Ask me anything: An error occurred: EOF when reading a line
Ask me anything: An error occurred: EOF when reading a line
Ask me anything: An error occurred: EOF when reading a line
Ask me anything: An error occurred: EOF when reading a line
Ask me anything: An error occurred: EOF when reading a line
Ask me anything: An error occurred: EOF when reading a line
Ask me anything: An error occurred: EOF when reading a line
Ask me anything: An error occurred: EOF when reading a line
Ask me anything: An error occurred: EOF when reading a line
Ask me anything: An error occurred: EOF when reading a line
Ask me anything: An error occurred: EOF when reading a line
Ask me anything: An error occurred: EOF when reading a line
Ask me anything: An error occurred: EOF when reading a line
Ask me anything: An error occurred: EOF when reading a line
Ask me anything: An error occurred: EOF when reading a line
Ask me anything: An error occurred: EOF when reading a line
Ask me anything: An error occurred: EOF when reading a line
Ask me anything: An error occurred: EOF when reading a line
Ask me anything: An error occurred: EOF when reading a line
Ask me anything: An error occurred: EOF when reading a line
Ask me anything: An error occurred: EOF when reading a line
Ask me anything: An error occurred: EOF when reading a line
Ask me anything: An error occurred: EOF when reading a line
Ask me anything: An error occurred: EOF when reading a line
Ask me anything: An error occurred: EOF when reading a line
Ask me anything: An error occurred: EOF when reading a line
Ask me anything: An error occurred: EOF when reading a line
Ask me anything: An error occurred: EOF when reading a line
Ask me anything: An error occurred: EOF when reading a line
Ask me anything: An error occurred: EOF when reading a line
Ask me anything: An error occurred: EOF when reading a line
Ask me anything: An error occurred: EOF when reading a line
Ask me anything: An error occurred: EOF when reading a line
Ask me anything: An error occurred: EOF when reading a line
Ask me anything: An error occurred: EOF when reading a line
Ask me anything: An error occurred: EOF when reading a line
Ask me anything: An error occurred: EOF when reading a line
Ask me anything: An error occurred: EOF when reading a line
Ask me anything: An error occurred: EOF when reading a line
Ask me anything: An error occurred: EOF when reading a line
Ask me anything: An error occurred: EOF when reading a line
Ask me anything: An error occurred: EOF when reading a line
Ask me anything: An error occurred: EOF when reading a line
Ask me anything: An error occurred: EOF when reading a line
Ask me anything: An error occurred: EOF when reading a line
Ask me anything: An error occurred: EOF when reading a line
Ask me anything: An error occurred: EOF when reading a line
Ask me anything: An error occurred: EOF when reading a line
Ask me anything: An error occurred: EOF when reading a line
Ask me anything: An error occurred: EOF when reading a line
Ask me anything: An error occurred: EOF when reading a line
Ask me anything: An error occurred: EOF when reading a line
Ask me anything: An error occurred: EOF when reading a line
Ask me anything: An error occurred: EOF when reading a line
Ask me anything: An error occurred: EOF when reading a line
Ask me anything: An error occurred: EOF when reading a line
Ask me anything: An error occurred: EOF when reading a line
Ask me anything: An error occurred: EOF when reading a line
Ask me anything: An error occurred: EOF when reading a line
Ask me anything: An error occurred: EOF when reading a line
Ask me anything: An error occurred: EOF when reading a line
Ask me anything: An error occurred: EOF when reading a line
Ask me anything: An error occurred: EOF when reading a line
Ask me anything: An error occurred: EOF when reading a line
Ask me anything: An error occurred: EOF when reading a line
Ask me anything: An error occurred: EOF when reading a line
Ask me anything: An error occurred: EOF when reading a line
Ask me anything: An error occurred: EOF when reading a line
Ask me anything: An error occurred: EOF when reading a line
Ask me anything: An error occurred: EOF when reading a line
Ask me anything: An error occurred: EOF when reading a line
Ask me anything: An error occurred: EOF when reading a line
Ask me anything: An error occurred: EOF when reading a line
Ask me anything: An error occurred: EOF when reading a line
Ask me anything: An error occurred: EOF when reading a line
Ask me anything: An error occurred: EOF when reading a line
Ask me anything: An error occurred: EOF when reading a line
Ask me anything: An error occurred: EOF when reading a line
Ask me anything: An error occurred: EOF when reading a line
Ask me anything: An error occurred: EOF when reading a line
Ask me anything: An error occurred: EOF when reading a line
Ask me anything: An error occurred: EOF when reading a line
Ask me anything: An error occurred: EOF when reading a line
Ask me anything: An error occurred: EOF when reading a line
Ask me anything: An error occurred: EOF when reading a line
Ask me anything: An error occurred: EOF when reading a line
Ask me anything: An error occurred: EOF when reading a line
Ask me anything: An error occurred: EOF when reading a line
Ask me anything: An error occurred: EOF when reading a line
Ask me anything: An error occurred: EOF when reading a line
Ask me anything: An error occurred: EOF when reading a line
Ask me anything: An error occurred: EOF when reading a line
Ask me anything: An error occurred: EOF when reading a line
Ask me anything: An error occurred: EOF when reading a line
Ask me anything: An error occurred: EOF when reading a line
Ask me anything: An error occurred: EOF when reading a line
Ask me anything: An error occurred: EOF when reading a line
Ask me anything: An error occurred: EOF when reading a line
Ask me anything: An error occurred: EOF when reading a line
Ask me anything: An error occurred: EOF when reading a line
Ask me anything: An error occurred: EOF when reading a line
Ask me anything: An error occurred: EOF when reading a line
Ask me anything: An error occurred: EOF when reading a line
Ask me anything: An error occurred: EOF when reading a line
Ask me anything: An error occurred: EOF when reading a line
Ask me anything: An error occurred: EOF when reading a line
Ask me anything: An error occurred: EOF when reading a line
Ask me anything: An error occurred: EOF when reading a line
Ask me anything: An error occurred: EOF when reading a line
Ask me anything: An error occurred: EOF when reading a line
Ask me anything: An error occurred: EOF when reading a line
Ask me anything: An error occurred: EOF when reading a line
Ask me anything: An error occurred: EOF when reading a line
Ask me anything: An error occurred: EOF when reading a line
Ask me anything: An error occurred: EOF when reading a line
Ask me anything: An error occurred: EOF when reading a line
Ask me anything: An error occurred: EOF when reading a line
Ask me anything: An error occurred: EOF when reading a line
Ask me anything: An error occurred: EOF when reading a line
Ask me anything: An error occurred: EOF when reading a line
Ask me anything: An error occurred: EOF when reading a line
Ask me anything: An error occurred: EOF when reading a line
Ask me anything: An error occurred: EOF when reading a line
Ask me anything: An error occurred: EOF when reading a line
Ask me anything: An error occurred: EOF when reading a line
Ask me anything: An error occurred: EOF when reading a line
Ask me anything: An error occurred: EOF when reading a line
Ask me anything: An error occurred: EOF when reading a line
Ask me anything: An error occurred: EOF when reading a line
Ask me anything: An error occurred: EOF when reading a line
Ask me anything: An error occurred: EOF when reading a line
Ask me anything: An error occurred: EOF when reading a line
Ask me anything: An error occurred: EOF when reading a line
Ask me anything: An error occurred: EOF when reading a line
Ask me anything: An error occurred: EOF when reading a line
Ask me anything: An error occurred: EOF when reading a line
Ask me anything: An error occurred: EOF when reading a line
Ask me anything: An error occurred: EOF when reading a line
Ask me anything: An error occurred: EOF when reading a line
Ask me anything: An error occurred: EOF when reading a line
Ask me anything: An error occurred: EOF when reading a line
Ask me anything: An error occurred: EOF when reading a line
Ask me anything: An error occurred: EOF when reading a line
Ask me anything: An error occurred: EOF when reading a line
Ask me anything: An error occurred: EOF when reading a line
Ask me anything: An error occurred: EOF when reading a line
Ask me anything: An error occurred: EOF when reading a line
Ask me anything: An error occurred: EOF when reading a line
Ask me anything: An error occurred: EOF when reading a line
Ask me anything: An error occurred: EOF when reading a line
Ask me anything: An error occurred: EOF when reading a line
Ask me anything: An error occurred: EOF when reading a line
Ask me anything: An error occurred: EOF when reading a line
Ask me anything: An error occurred: EOF when reading a line
Ask me anything: An error occurred: EOF when reading a line
Ask me anything: An error occurred: EOF when reading a line
Ask me anything: An error occurred: EOF when reading a line
Ask me anything: An error occurred: EOF when reading a line
Ask me anything: An error occurred: EOF when reading a line
Ask me anything: An error occurred: EOF when reading a line
Ask me anything: An error occurred: EOF when reading a line
Ask me anything: An error occurred: EOF when reading a line
Ask me anything: An error occurred: EOF when reading a line
Ask me anything: An error occurred: EOF when reading a line
Ask me anything: An error occurred: EOF when reading a line
Ask me anything: An error occurred: EOF when reading a line
Ask me anything: An error occurred: EOF when reading a line
Ask me anything: An error occurred: EOF when reading a line
Ask me anything: An error occurred: EOF when reading a line
Ask me anything: An error occurred: EOF when reading a line
Ask me anything: An error occurred: EOF when reading a line
Ask me anything: An error occurred: EOF when reading a line
Ask me anything: An error occurred: EOF when reading a line
Ask me anything: An error occurred: EOF when reading a line
Ask me anything: An error occurred: EOF when reading a line
Ask me anything: An error occurred: EOF when reading a line
Ask me anything: An error occurred: EOF when reading a line
Ask me anything: An error occurred: EOF when reading a line
Ask me anything: An error occurred: EOF when reading a line
Ask me anything: An error occurred: EOF when reading a line
Ask me anything: An error occurred: EOF when reading a line
Ask me anything: An error occurred: EOF when reading a line
Ask me anything: An error occurred: EOF when reading a line
Ask me anything: An error occurred: EOF when reading a line
Ask me anything: An error occurred: EOF when reading a line
Ask me anything: An error occurred: EOF when reading a line
Ask me anything: An error occurred: EOF when reading a line
Ask me anything: An error occurred: EOF when reading a line
Ask me anything: An error occurred: EOF when reading a line
Ask me anything: An error occurred: EOF when reading a line
Ask me anything: An error occurred: EOF when reading a line
Ask me anything: An error occurred: EOF when reading a line
Ask me anything: An error occurred: EOF when reading a line
Ask me anything: An error occurred: EOF when reading a line
Ask me anything: An error occurred: EOF when reading a line
Ask me anything: An error occurred: EOF when reading a line
Ask me anything: An error occurred: EOF when reading a line
Ask me anything: An error occurred: EOF when reading a line
Ask me anything: An error occurred: EOF when reading a line
Ask me anything: An error occurred: EOF when reading a line
Ask me anything: An error occurred: EOF when reading a line
Ask me anything: An error occurred: EOF when reading a line
Ask me anything: An error occurred: EOF when reading a line
Ask me anything: An error occurred: EOF when reading a line
Ask me anything: An error occurred: EOF when reading a line
Ask me anything: An error occurred: EOF when reading a line
Ask me anything: An error occurred: EOF when reading a line
Ask me anything: An error occurred: EOF when reading a line
Ask me anything: An error occurred: EOF when reading a line
Ask me anything: An error occurred: EOF when reading a line
Ask me anything: An error occurred: EOF when reading a line
Ask me anything: An error occurred: EOF when reading a line
Ask me anything: An error occurred: EOF when reading a line
Ask me anything: An error occurred: EOF when reading a line
Ask me anything: An error occurred: EOF when reading a line
Ask me anything: An error occurred: EOF when reading a line
Ask me anything: An error occurred: EOF when reading a line
Ask me anything: An error occurred: EOF when reading a line
Ask me anything: An error occurred: EOF when reading a line
Ask me anything: An error occurred: EOF when reading a line
Ask me anything: An error occurred: EOF when reading a line
Ask me anything: An error occurred: EOF when reading a line
Ask me anything: An error occurred: EOF when reading a line
Ask me anything: An error occurred: EOF when reading a line
Ask me anything: An error occurred: EOF when reading a line
Ask me anything: An error occurred: EOF when reading a line
Ask me anything: An error occurred: EOF when reading a line
Ask me anything: An error occurred: EOF when reading a line
Ask me anything: An error occurred: EOF when reading a line
Ask me anything: An error occurred: EOF when reading a line
Ask me anything: An error occurred: EOF when reading a line
Ask me anything: An error occurred: EOF when reading a line
Ask me anything: An error occurred: EOF when reading a line
Ask me anything: An error occurred: EOF when reading a line
Ask me anything: An error occurred: EOF when reading a line
Ask me anything: An error occurred: EOF when reading a line
Ask me anything: An error occurred: EOF when reading a line
Ask me anything: An error occurred: EOF when reading a line
Ask me anything: An error occurred: EOF when reading a line
Ask me anything: An error occurred: EOF when reading a line
Ask me anything: An error occurred: EOF when reading a line
Ask me anything: An error occurred: EOF when reading a line
Ask me anything: An error occurred: EOF when reading a line
Ask me anything: An error occurred: EOF when reading a line
Ask me anything: An error occurred: EOF when reading a line
Ask me anything: An error occurred: EOF when reading a line
Ask me anything: An error occurred: EOF when reading a line
Ask me anything: An error occurred: EOF when reading a line
Ask me anything: An error occurred: EOF when reading a line
Ask me anything: An error occurred: EOF when reading a line
Ask me anything: An error occurred: EOF when reading a line
Ask me anything: An error occurred: EOF when reading a line
Ask me anything: An error occurred: EOF when reading a line
Ask me anything: An error occurred: EOF when reading a line
Ask me anything: An error occurred: EOF when reading a line
Ask me anything: An error occurred: EOF when reading a line
Ask me anything: An error occurred: EOF when reading a line
Ask me anything: An error occurred: EOF when reading a line
Ask me anything: An error occurred: EOF when reading a line
Ask me anything: An error occurred: EOF when reading a line
Ask me anything: An error occurred: EOF when reading a line
Ask me anything: An error occurred: EOF when reading a line
Ask me anything: An error occurred: EOF when reading a line
Ask me anything: An error occurred: EOF when reading a line
Ask me anything: An error occurred: EOF when reading a line
Ask me anything: An error occurred: EOF when reading a line
Ask me anything: An error occurred: EOF when reading a line
Ask me anything: An error occurred: EOF when reading a line
Ask me anything: An error occurred: EOF when reading a line
Ask me anything: An error occurred: EOF when reading a line
Ask me anything: An error occurred: EOF when reading a line
Ask me anything: An error occurred: EOF when reading a line
Ask me anything: An error occurred: EOF when reading a line
Ask me anything: An error occurred: EOF when reading a line
Ask me anything: An error occurred: EOF when reading a line
Ask me anything: An error occurred: EOF when reading a line
Ask me anything: An error occurred: EOF when reading a line
Ask me anything: An error occurred: EOF when reading a line
Ask me anything: An error occurred: EOF when reading a line
Ask me anything: An error occurred: EOF when reading a line
Ask me anything: An error occurred: EOF when reading a line
Ask me anything: An error occurred: EOF when reading a line
Ask me anything: An error occurred: EOF when reading a line
Ask me anything: An error occurred: EOF when reading a line
Ask me anything: An error occurred: EOF when reading a line
Ask me anything: An error occurred: EOF when reading a line
Ask me anything: An error occurred: EOF when reading a line
Ask me anything: An error occurred: EOF when reading a line
Ask me anything: An error occurred: EOF when reading a line
Ask me anything: An error occurred: EOF when reading a line
Ask me anything: An error occurred: EOF when reading a line
Ask me anything: An error occurred: EOF when reading a line
Ask me anything: An error occurred: EOF when reading a line
Ask me anything: An error occurred: EOF when reading a line
Ask me anything: An error occurred: EOF when reading a line
Ask me anything: An error occurred: EOF when reading a line
Ask me anything: An error occurred: EOF when reading a line
Ask me anything: An error occurred: EOF when reading a line
Ask me anything: An error occurred: EOF when reading a line
Ask me anything: An error occurred: EOF when reading a line
Ask me anything: An error occurred: EOF when reading a line
Ask me anything: An error occurred: EOF when reading a line
Ask me anything: An error occurred: EOF when reading a line
Ask me anything: An error occurred: EOF when reading a line
Ask me anything: An error occurred: EOF when reading a line
Ask me anything: An error occurred: EOF when reading a line
Ask me anything: An error occurred: EOF when reading a line
Ask me anything: An error occurred: EOF when reading a line
Ask me anything: An error occurred: EOF when reading a line
Ask me anything: An error occurred: EOF when reading a line
Ask me anything: An error occurred: EOF when reading a line
Ask me anything: An error occurred: EOF when reading a line
Ask me anything: An error occurred: EOF when reading a line
Ask me anything: An error occurred: EOF when reading a line
Ask me anything: An error occurred: EOF when reading a line
Ask me anything: An error occurred: EOF when reading a line
Ask me anything: An error occurred: EOF when reading a line
Ask me anything: An error occurred: EOF when reading a line
Ask me anything: An error occurred: EOF when reading a line
Ask me anything: An error occurred: EOF when reading a line
Ask me anything: An error occurred: EOF when reading a line
Ask me anything: An error occurred: EOF when reading a line
Ask me anything: An error occurred: EOF when reading a line
Ask me anything: An error occurred: EOF when reading a line
Ask me anything: An error occurred: EOF when reading a line
Ask me anything: An error occurred: EOF when reading a line
Ask me anything: An error occurred: EOF when reading a line
Ask me anything: An error occurred: EOF when reading a line
Ask me anything: An error occurred: EOF when reading a line
Ask me anything: An error occurred: EOF when reading a line
Ask me anything: An error occurred: EOF when reading a line
Ask me anything: An error occurred: EOF when reading a line
Ask me anything: An error occurred: EOF when reading a line
Ask me anything: An error occurred: EOF when reading a line
Ask me anything: An error occurred: EOF when reading a line
Ask me anything: An error occurred: EOF when reading a line
Ask me anything: An error occurred: EOF when reading a line
Ask me anything: An error occurred: EOF when reading a line
Ask me anything: An error occurred: EOF when reading a line
Ask me anything: An error occurred: EOF when reading a line
Ask me anything: An error occurred: EOF when reading a line
Ask me anything: An error occurred: EOF when reading a line
Ask me anything: An error occurred: EOF when reading a line
Ask me anything: An error occurred: EOF when reading a line
Ask me anything: An error occurred: EOF when reading a line
Ask me anything: An error occurred: EOF when reading a line
Ask me anything: An error occurred: EOF when reading a line
Ask me anything: An error occurred: EOF when reading a line
Ask me anything: An error occurred: EOF when reading a line
Ask me anything: An error occurred: EOF when reading a line
Ask me anything: An error occurred: EOF when reading a line
Ask me anything: An error occurred: EOF when reading a line
Ask me anything: An error occurred: EOF when reading a line
Ask me anything: An error occurred: EOF when reading a line
Ask me anything: An error occurred: EOF when reading a line
Ask me anything: An error occurred: EOF when reading a line
Ask me anything: An error occurred: EOF when reading a line
Ask me anything: An error occurred: EOF when reading a line
Ask me anything: An error occurred: EOF when reading a line
Ask me anything: An error occurred: EOF when reading a line
Ask me anything: An error occurred: EOF when reading a line
Ask me anything: An error occurred: EOF when reading a line
Ask me anything: An error occurred: EOF when reading a line
Ask me anything: An error occurred: EOF when reading a line
Ask me anything: An error occurred: EOF when reading a line
Ask me anything: An error occurred: EOF when reading a line
Ask me anything: An error occurred: EOF when reading a line
Ask me anything: An error occurred: EOF when reading a line
Ask me anything: An error occurred: EOF when reading a line
Ask me anything: An error occurred: EOF when reading a line
Ask me anything: An error occurred: EOF when reading a line
Ask me anything: An error occurred: EOF when reading a line
Ask me anything: An error occurred: EOF when reading a line
Ask me anything: An error occurred: EOF when reading a line
Ask me anything: An error occurred: EOF when reading a line
Ask me anything: An error occurred: EOF when reading a line
Ask me anything: An error occurred: EOF when reading a line
Ask me anything: An error occurred: EOF when reading a line
Ask me anything: An error occurred: EOF when reading a line
Ask me anything: An error occurred: EOF when reading a line
Ask me anything: An error occurred: EOF when reading a line
Ask me anything: An error occurred: EOF when reading a line
Ask me anything: An error occurred: EOF when reading a line
Ask me anything: An error occurred: EOF when reading a line
Ask me anything: An error occurred: EOF when reading a line
Ask me anything: An error occurred: EOF when reading a line
Ask me anything: An error occurred: EOF when reading a line
Ask me anything: An error occurred: EOF when reading a line
Ask me anything: An error occurred: EOF when reading a line
Ask me anything: An error occurred: EOF when reading a line
Ask me anything: An error occurred: EOF when reading a line
Ask me anything: An error occurred: EOF when reading a line
Ask me anything: An error occurred: EOF when reading a line
Ask me anything: An error occurred: EOF when reading a line
Ask me anything: An error occurred: EOF when reading a line
Ask me anything: An error occurred: EOF when reading a line
Ask me anything: An error occurred: EOF when reading a line
Ask me anything: An error occurred: EOF when reading a line
Ask me anything: An error occurred: EOF when reading a line
Ask me anything: An error occurred: EOF when reading a line
Ask me anything: An error occurred: EOF when reading a line
Ask me anything: An error occurred: EOF when reading a line
Ask me anything: An error occurred: EOF when reading a line
Ask me anything: An error occurred: EOF when reading a line
Ask me anything: An error occurred: EOF when reading a line
Ask me anything: An error occurred: EOF when reading a line
Ask me anything: An error occurred: EOF when reading a line
Ask me anything: An error occurred: EOF when reading a line
Ask me anything: An error occurred: EOF when reading a line
Ask me anything: An error occurred: EOF when reading a line
Ask me anything: An error occurred: EOF when reading a line
Ask me anything: An error occurred: EOF when reading a line
Ask me anything: An error occurred: EOF when reading a line
Ask me anything: An error occurred: EOF when reading a line
Ask me anything: An error occurred: EOF when reading a line
Ask me anything: An error occurred: EOF when reading a line
Ask me anything: An error occurred: EOF when reading a line
Ask me anything: An error occurred: EOF when reading a line
Ask me anything: An error occurred: EOF when reading a line
Ask me anything: An error occurred: EOF when reading a line
Ask me anything: An error occurred: EOF when reading a line
Ask me anything: An error occurred: EOF when reading a line
Ask me anything: An error occurred: EOF when reading a line
Ask me anything: An error occurred: EOF when reading a line
Ask me anything: An error occurred: EOF when reading a line
Ask me anything: An error occurred: EOF when reading a line
Ask me anything: An error occurred: EOF when reading a line
Ask me anything: An error occurred: EOF when reading a line
Ask me anything: An error occurred: EOF when reading a line
Ask me anything: An error occurred: EOF when reading a line
Ask me anything: An error occurred: EOF when reading a line
Ask me anything: An error occurred: EOF when reading a line
Ask me anything: An error occurred: EOF when reading a line
Ask me anything: An error occurred: EOF when reading a line
Ask me anything: An error occurred: EOF when reading a line
Ask me anything: An error occurred: EOF when reading a line
Ask me anything: An error occurred: EOF when reading a line
Ask me anything: An error occurred: EOF when reading a line
Ask me anything: An error occurred: EOF when reading a line
Ask me anything: An error occurred: EOF when reading a line
Ask me anything: An error occurred: EOF when reading a line
Ask me anything: An error occurred: EOF when reading a line
Ask me anything: An error occurred: EOF when reading a line
Ask me anything: An error occurred: EOF when reading a line
Ask me anything: An error occurred: EOF when reading a line
Ask me anything: An error occurred: EOF when reading a line
Ask me anything: An error occurred: EOF when reading a line
Ask me anything: An error occurred: EOF when reading a line
Ask me anything: An error occurred: EOF when reading a line
Ask me anything: An error occurred: EOF when reading a line
Ask me anything: An error occurred: EOF when reading a line
Ask me anything: An error occurred: EOF when reading a line
Ask me anything: An error occurred: EOF when reading a line
Ask me anything: An error occurred: EOF when reading a line
Ask me anything: An error occurred: EOF when reading a line
Ask me anything: An error occurred: EOF when reading a line
Ask me anything: An error occurred: EOF when reading a line
Ask me anything: An error occurred: EOF when reading a line
Ask me anything: An error occurred: EOF when reading a line
Ask me anything: An error occurred: EOF when reading a line
Ask me anything: An error occurred: EOF when reading a line
Ask me anything: An error occurred: EOF when reading a line
Ask me anything: An error occurred: EOF when reading a line
Ask me anything: An error occurred: EOF when reading a line
Ask me anything: An error occurred: EOF when reading a line
Ask me anything: An error occurred: EOF when reading a line
Ask me anything: An error occurred: EOF when reading a line
Ask me anything: An error occurred: EOF when reading a line
Ask me anything: An error occurred: EOF when reading a line
Ask me anything: An error occurred: EOF when reading a line
Ask me anything: An error occurred: EOF when reading a line
Ask me anything: An error occurred: EOF when reading a line
Ask me anything: An error occurred: EOF when reading a line
Ask me anything: An error occurred: EOF when reading a line
Ask me anything: An error occurred: EOF when reading a line
Ask me anything: An error occurred: EOF when reading a line
Ask me anything: An error occurred: EOF when reading a line
Ask me anything: An error occurred: EOF when reading a line
Ask me anything: An error occurred: EOF when reading a line
Ask me anything: An error occurred: EOF when reading a line
Ask me anything: An error occurred: EOF when reading a line
Ask me anything: An error occurred: EOF when reading a line
Ask me anything: An error occurred: EOF when reading a line
Ask me anything: An error occurred: EOF when reading a line
Ask me anything: An error occurred: EOF when reading a line
Ask me anything: An error occurred: EOF when reading a line
Ask me anything: An error occurred: EOF when reading a line
Ask me anything: An error occurred: EOF when reading a line
Ask me anything: An error occurred: EOF when reading a line
Ask me anything: An error occurred: EOF when reading a line
Ask me anything: An error occurred: EOF when reading a line
Ask me anything: An error occurred: EOF when reading a line
Ask me anything: An error occurred: EOF when reading a line
Ask me anything: An error occurred: EOF when reading a line
Ask me anything: An error occurred: EOF when reading a line
Ask me anything: An error occurred: EOF when reading a line
Ask me anything: An error occurred: EOF when reading a line
Ask me anything: An error occurred: EOF when reading a line
Ask me anything: An error occurred: EOF when reading a line
Ask me anything: An error occurred: EOF when reading a line
Ask me anything: An error occurred: EOF when reading a line
Ask me anything: An error occurred: EOF when reading a line
Ask me anything: An error occurred: EOF when reading a line
Ask me anything: An error occurred: EOF when reading a line
Ask me anything: An error occurred: EOF when reading a line
Ask me anything: An error occurred: EOF when reading a line
Ask me anything: An error occurred: EOF when reading a line
Ask me anything: An error occurred: EOF when reading a line
Ask me anything: An error occurred: EOF when reading a line
Ask me anything: An error occurred: EOF when reading a line
Ask me anything: An error occurred: EOF when reading a line
Ask me anything: An error occurred: EOF when reading a line
Ask me anything: An error occurred: EOF when reading a line
Ask me anything: An error occurred: EOF when reading a line
Ask me anything: An error occurred: EOF when reading a line
Ask me anything: An error occurred: EOF when reading a line
Ask me anything: An error occurred: EOF when reading a line
Ask me anything: An error occurred: EOF when reading a line
Ask me anything: An error occurred: EOF when reading a line
Ask me anything: An error occurred: EOF when reading a line
Ask me anything: An error occurred: EOF when reading a line
Ask me anything: An error occurred: EOF when reading a line
Ask me anything: An error occurred: EOF when reading a line
Ask me anything: An error occurred: EOF when reading a line
Ask me anything: An error occurred: EOF when reading a line
Ask me anything: An error occurred: EOF when reading a line
Ask me anything: An error occurred: EOF when reading a line
Ask me anything: An error occurred: EOF when reading a line
Ask me anything: An error occurred: EOF when reading a line
Ask me anything: An error occurred: EOF when reading a line
Ask me anything: An error occurred: EOF when reading a line
Ask me anything: An error occurred: EOF when reading a line
Ask me anything: An error occurred: EOF when reading a line
Ask me anything: An error occurred: EOF when reading a line
Ask me anything: An error occurred: EOF when reading a line
Ask me anything: An error occurred: EOF when reading a line
Ask me anything: An error occurred: EOF when reading a line
Ask me anything: An error occurred: EOF when reading a line
Ask me anything: An error occurred: EOF when reading a line
Ask me anything: An error occurred: EOF when reading a line
Ask me anything: An error occurred: EOF when reading a line
Ask me anything: An error occurred: EOF when reading a line
Ask me anything: An error occurred: EOF when reading a line
Ask me anything: An error occurred: EOF when reading a line
Ask me anything: An error occurred: EOF when reading a line
Ask me anything: An error occurred: EOF when reading a line
Ask me anything: An error occurred: EOF when reading a line
Ask me anything: An error occurred: EOF when reading a line
Ask me anything: An error occurred: EOF when reading a line
Ask me anything: An error occurred: EOF when reading a line
Ask me anything: An error occurred: EOF when reading a line
Ask me anything: An error occurred: EOF when reading a line
Ask me anything: An error occurred: EOF when reading a line
Ask me anything: An error occurred: EOF when reading a line
Ask me anything: An error occurred: EOF when reading a line
Ask me anything: An error occurred: EOF when reading a line
Ask me anything: An error occurred: EOF when reading a line
Ask me anything: An error occurred: EOF when reading a line
Ask me anything: An error occurred: EOF when reading a line
Ask me anything: An error occurred: EOF when reading a line
Ask me anything: An error occurred: EOF when reading a line
Ask me anything: An error occurred: EOF when reading a line
Ask me anything: An error occurred: EOF when reading a line
Ask me anything: An error occurred: EOF when reading a line
Ask me anything: An error occurred: EOF when reading a line
Ask me anything: An error occurred: EOF when reading a line
Ask me anything: An error occurred: EOF when reading a line
Ask me anything: An error occurred: EOF when reading a line
Ask me anything: An error occurred: EOF when reading a line
Ask me anything: An error occurred: EOF when reading a line
Ask me anything: An error occurred: EOF when reading a line
Ask me anything: An error occurred: EOF when reading a line
Ask me anything: An error occurred: EOF when reading a line
Ask me anything: An error occurred: EOF when reading a line
Ask me anything: An error occurred: EOF when reading a line
Ask me anything: An error occurred: EOF when reading a line
Ask me anything: An error occurred: EOF when reading a line
Ask me anything: An error occurred: EOF when reading a line
Ask me anything: An error occurred: EOF when reading a line
Ask me anything: An error occurred: EOF when reading a line
Ask me anything: An error occurred: EOF when reading a line
Ask me anything: An error occurred: EOF when reading a line
Ask me anything: An error occurred: EOF when reading a line
Ask me anything: An error occurred: EOF when reading a line
Ask me anything: An error occurred: EOF when reading a line
Ask me anything: An error occurred: EOF when reading a line
Ask me anything: An error occurred: EOF when reading a line
Ask me anything: An error occurred: EOF when reading a line
Ask me anything: An error occurred: EOF when reading a line
Ask me anything: An error occurred: EOF when reading a line
Ask me anything: An error occurred: EOF when reading a line
Ask me anything: An error occurred: EOF when reading a line
Ask me anything: An error occurred: EOF when reading a line
Ask me anything: An error occurred: EOF when reading a line
Ask me anything: An error occurred: EOF when reading a line
Ask me anything: An error occurred: EOF when reading a line
Ask me anything: An error occurred: EOF when reading a line
Ask me anything: An error occurred: EOF when reading a line
Ask me anything: An error occurred: EOF when reading a line
Ask me anything: An error occurred: EOF when reading a line
Ask me anything: An error occurred: EOF when reading a line
Ask me anything: An error occurred: EOF when reading a line
Ask me anything: An error occurred: EOF when reading a line
Ask me anything: An error occurred: EOF when reading a line
Ask me anything: An error occurred: EOF when reading a line
Ask me anything: An error occurred: EOF when reading a line
Ask me anything: An error occurred: EOF when reading a line
Ask me anything: An error occurred: EOF when reading a line
Ask me anything: An error occurred: EOF when reading a line
Ask me anything: An error occurred: EOF when reading a line
Ask me anything: An error occurred: EOF when reading a line
Ask me anything: An error occurred: EOF when reading a line
Ask me anything: An error occurred: EOF when reading a line
Ask me anything: An error occurred: EOF when reading a line
Ask me anything: An error occurred: EOF when reading a line
Ask me anything: An error occurred: EOF when reading a line
Ask me anything: An error occurred: EOF when reading a line
Ask me anything: An error occurred: EOF when reading a line
Ask me anything: An error occurred: EOF when reading a line
Ask me anything: An error occurred: EOF when reading a line
Ask me anything: An error occurred: EOF when reading a line
Ask me anything: An error occurred: EOF when reading a line
Ask me anything: An error occurred: EOF when reading a line
Ask me anything: An error occurred: EOF when reading a line
Ask me anything: An error occurred: EOF when reading a line
Ask me anything: An error occurred: EOF when reading a line
Ask me anything: An error occurred: EOF when reading a line
Ask me anything: An error occurred: EOF when reading a line
Ask me anything: An error occurred: EOF when reading a line
Ask me anything: An error occurred: EOF when reading a line
Ask me anything: An error occurred: EOF when reading a line
Ask me anything: An error occurred: EOF when reading a line
Ask me anything: An error occurred: EOF when reading a line
Ask me anything: An error occurred: EOF when reading a line
Ask me anything: An error occurred: EOF when reading a line
Ask me anything: An error occurred: EOF when reading a line
Ask me anything: An error occurred: EOF when reading a line
Ask me anything: An error occurred: EOF when reading a line
Ask me anything: An error occurred: EOF when reading a line
Ask me anything: An error occurred: EOF when reading a line
Ask me anything: An error occurred: EOF when reading a line
Ask me anything: An error occurred: EOF when reading a line
Ask me anything: An error occurred: EOF when reading a line
Ask me anything: An error occurred: EOF when reading a line
Ask me anything: An error occurred: EOF when reading a line
Ask me anything: An error occurred: EOF when reading a line
Ask me anything: An error occurred: EOF when reading a line
Ask me anything: An error occurred: EOF when reading a line
Ask me anything: An error occurred: EOF when reading a line
Ask me anything: An error occurred: EOF when reading a line
Ask me anything: An error occurred: EOF when reading a line
Ask me anything: An error occurred: EOF when reading a line
Ask me anything: An error occurred: EOF when reading a line
Ask me anything: An error occurred: EOF when reading a line
Ask me anything: An error occurred: EOF when reading a line
Ask me anything: An error occurred: EOF when reading a line
Ask me anything: An error occurred: EOF when reading a line
Ask me anything: An error occurred: EOF when reading a line
Ask me anything: An error occurred: EOF when reading a line
Ask me anything: An error occurred: EOF when reading a line
Ask me anything: An error occurred: EOF when reading a line
Ask me anything: An error occurred: EOF when reading a line
Ask me anything: An error occurred: EOF when reading a line
Ask me anything: An error occurred: EOF when reading a line
Ask me anything: An error occurred: EOF when reading a line
Ask me anything: An error occurred: EOF when reading a line
Ask me anything: An error occurred: EOF when reading a line
Ask me anything: An error occurred: EOF when reading a line
Ask me anything: An error occurred: EOF when reading a line
Ask me anything: An error occurred: EOF when reading a line
Ask me anything: An error occurred: EOF when reading a line
Ask me anything: An error occurred: EOF when reading a line
Ask me anything: An error occurred: EOF when reading a line
Ask me anything: An error occurred: EOF when reading a line
Ask me anything: An error occurred: EOF when reading a line
Ask me anything: An error occurred: EOF when reading a line
Ask me anything: An error occurred: EOF when reading a line
Ask me anything: An error occurred: EOF when reading a line
Ask me anything: An error occurred: EOF when reading a line
Ask me anything: An error occurred: EOF when reading a line
Ask me anything: An error occurred: EOF when reading a line
Ask me anything: An error occurred: EOF when reading a line
Ask me anything: An error occurred: EOF when reading a line
Ask me anything: An error occurred: EOF when reading a line
Ask me anything: An error occurred: EOF when reading a line
Ask me anything: An error occurred: EOF when reading a line
Ask me anything: An error occurred: EOF when reading a line
Ask me anything: An error occurred: EOF when reading a line
Ask me anything: An error occurred: EOF when reading a line
Ask me anything: An error occurred: EOF when reading a line
Ask me anything: An error occurred: EOF when reading a line
Ask me anything: An error occurred: EOF when reading a line
Ask me anything: An error occurred: EOF when reading a line
Ask me anything: An error occurred: EOF when reading a line
Ask me anything: An error occurred: EOF when reading a line
Ask me anything: An error occurred: EOF when reading a line
Ask me anything: An error occurred: EOF when reading a line
Ask me anything: An error occurred: EOF when reading a line
Ask me anything: An error occurred: EOF when reading a line
Ask me anything: An error occurred: EOF when reading a line
Ask me anything: An error occurred: EOF when reading a line
Ask me anything: An error occurred: EOF when reading a line
Ask me anything: An error occurred: EOF when reading a line
Ask me anything: An error occurred: EOF when reading a line
Ask me anything: An error occurred: EOF when reading a line
Ask me anything: An error occurred: EOF when reading a line
Ask me anything: An error occurred: EOF when reading a line
Ask me anything: An error occurred: EOF when reading a line
Ask me anything: An error occurred: EOF when reading a line
Ask me anything: An error occurred: EOF when reading a line
Ask me anything: An error occurred: EOF when reading a line
Ask me anything: An error occurred: EOF when reading a line
Ask me anything: An error occurred: EOF when reading a line
Ask me anything: An error occurred: EOF when reading a line
Ask me anything: An error occurred: EOF when reading a line
Ask me anything: An error occurred: EOF when reading a line
Ask me anything: An error occurred: EOF when reading a line
Ask me anything: An error occurred: EOF when reading a line
Ask me anything: An error occurred: EOF when reading a line
Ask me anything: An error occurred: EOF when reading a line
Ask me anything: An error occurred: EOF when reading a line
Ask me anything: An error occurred: EOF when reading a line
Ask me anything: An error occurred: EOF when reading a line
Ask me anything: An error occurred: EOF when reading a line
Ask me anything: An error occurred: EOF when reading a line
Ask me anything: An error occurred: EOF when reading a line
Ask me anything: An error occurred: EOF when reading a line
Ask me anything: An error occurred: EOF when reading a line
Ask me anything: An error occurred: EOF when reading a line
Ask me anything: An error occurred: EOF when reading a line
Ask me anything: An error occurred: EOF when reading a line
Ask me anything: An error occurred: EOF when reading a line
Ask me anything: An error occurred: EOF when reading a line
Ask me anything: An error occurred: EOF when reading a line
Ask me anything: An error occurred: EOF when reading a line
Ask me anything: An error occurred: EOF when reading a line
Ask me anything: An error occurred: EOF when reading a line
Ask me anything: An error occurred: EOF when reading a line
Ask me anything: An error occurred: EOF when reading a line
Ask me anything: An error occurred: EOF when reading a line
Ask me anything: An error occurred: EOF when reading a line
Ask me anything: An error occurred: EOF when reading a line
Ask me anything: An error occurred: EOF when reading a line
Ask me anything: An error occurred: EOF when reading a line
Ask me anything: An error occurred: EOF when reading a line
Ask me anything: An error occurred: EOF when reading a line
Ask me anything: An error occurred: EOF when reading a line
Ask me anything: An error occurred: EOF when reading a line
Ask me anything: An error occurred: EOF when reading a line
Ask me anything: An error occurred: EOF when reading a line
Ask me anything: An error occurred: EOF when reading a line
Ask me anything: An error occurred: EOF when reading a line
Ask me anything: An error occurred: EOF when reading a line
Ask me anything: An error occurred: EOF when reading a line
Ask me anything: An error occurred: EOF when reading a line
Ask me anything: An error occurred: EOF when reading a line
Ask me anything: An error occurred: EOF when reading a line
Ask me anything: An error occurred: EOF when reading a line
Ask me anything: An error occurred: EOF when reading a line
Ask me anything: An error occurred: EOF when reading a line
Ask me anything: An error occurred: EOF when reading a line
Ask me anything: An error occurred: EOF when reading a line
Ask me anything: An error occurred: EOF when reading a line
Ask me anything: An error occurred: EOF when reading a line
Ask me anything: An error occurred: EOF when reading a line
Ask me anything: An error occurred: EOF when reading a line
Ask me anything: An error occurred: EOF when reading a line
Ask me anything: An error occurred: EOF when reading a line
Ask me anything: An error occurred: EOF when reading a line
Ask me anything: An error occurred: EOF when reading a line
Ask me anything: An error occurred: EOF when reading a line
Ask me anything: An error occurred: EOF when reading a line
Ask me anything: An error occurred: EOF when reading a line
Ask me anything: An error occurred: EOF when reading a line
Ask me anything: An error occurred: EOF when reading a line
Ask me anything: An error occurred: EOF when reading a line
Ask me anything: An error occurred: EOF when reading a line
Ask me anything: An error occurred: EOF when reading a line
Ask me anything: An error occurred: EOF when reading a line
Ask me anything: An error occurred: EOF when reading a line
Ask me anything: An error occurred: EOF when reading a line
Ask me anything: An error occurred: EOF when reading a line
Ask me anything: An error occurred: EOF when reading a line
Ask me anything: An error occurred: EOF when reading a line
Ask me anything: An error occurred: EOF when reading a line
Ask me anything: An error occurred: EOF when reading a line
Ask me anything: An error occurred: EOF when reading a line
Ask me anything: An error occurred: EOF when reading a line
Ask me anything: An error occurred: EOF when reading a line
Ask me anything: An error occurred: EOF when reading a line
Ask me anything: An error occurred: EOF when reading a line
Ask me anything: An error occurred: EOF when reading a line
Ask me anything: An error occurred: EOF when reading a line
Ask me anything: An error occurred: EOF when reading a line
Ask me anything: An error occurred: EOF when reading a line
Ask me anything: An error occurred: EOF when reading a line
Ask me anything: An error occurred: EOF when reading a line
Ask me anything: An error occurred: EOF when reading a line
Ask me anything: An error occurred: EOF when reading a line
Ask me anything: An error occurred: EOF when reading a line
Ask me anything: An error occurred: EOF when reading a line
Ask me anything: An error occurred: EOF when reading a line
Ask me anything: An error occurred: EOF when reading a line
Ask me anything: An error occurred: EOF when reading a line
Ask me anything: An error occurred: EOF when reading a line
Ask me anything: An error occurred: EOF when reading a line
Ask me anything: An error occurred: EOF when reading a line
Ask me anything: An error occurred: EOF when reading a line
Ask me anything: An error occurred: EOF when reading a line
Ask me anything: An error occurred: EOF when reading a line
Ask me anything: An error occurred: EOF when reading a line
Ask me anything: An error occurred: EOF when reading a line
Ask me anything: An error occurred: EOF when reading a line
Ask me anything: An error occurred: EOF when reading a line
Ask me anything: An error occurred: EOF when reading a line
Ask me anything: An error occurred: EOF when reading a line
Ask me anything: An error occurred: EOF when reading a line
Ask me anything: An error occurred: EOF when reading a line
Ask me anything: An error occurred: EOF when reading a line
Ask me anything: An error occurred: EOF when reading a line
Ask me anything: An error occurred: EOF when reading a line
Ask me anything: An error occurred: EOF when reading a line
Ask me anything: An error occurred: EOF when reading a line
Ask me anything: An error occurred: EOF when reading a line
Ask me anything: An error occurred: EOF when reading a line
Ask me anything: An error occurred: EOF when reading a line
Ask me anything: An error occurred: EOF when reading a line
Ask me anything: An error occurred: EOF when reading a line
Ask me anything: An error occurred: EOF when reading a line
Ask me anything: An error occurred: EOF when reading a line
Ask me anything: An error occurred: EOF when reading a line
Ask me anything: An error occurred: EOF when reading a line
Ask me anything: An error occurred: EOF when reading a line
Ask me anything: An error occurred: EOF when reading a line
Ask me anything: An error occurred: EOF when reading a line
Ask me anything: An error occurred: EOF when reading a line
Ask me anything: An error occurred: EOF when reading a line
Ask me anything: An error occurred: EOF when reading a line
Ask me anything: An error occurred: EOF when reading a line
Ask me anything: An error occurred: EOF when reading a line
Ask me anything: An error occurred: EOF when reading a line
Ask me anything: An error occurred: EOF when reading a line
Ask me anything: An error occurred: EOF when reading a line
Ask me anything: An error occurred: EOF when reading a line
Ask me anything: An error occurred: EOF when reading a line
Ask me anything: An error occurred: EOF when reading a line
Ask me anything: An error occurred: EOF when reading a line
Ask me anything: An error occurred: EOF when reading a line
Ask me anything: An error occurred: EOF when reading a line
Ask me anything: An error occurred: EOF when reading a line
Ask me anything: An error occurred: EOF when reading a line
Ask me anything: An error occurred: EOF when reading a line
Ask me anything: An error occurred: EOF when reading a line
Ask me anything: An error occurred: EOF when reading a line
Ask me anything: An error occurred: EOF when reading a line
Ask me anything: An error occurred: EOF when reading a line
Ask me anything: An error occurred: EOF when reading a line
Ask me anything: An error occurred: EOF when reading a line
Ask me anything: An error occurred: EOF when reading a line
Ask me anything: An error occurred: EOF when reading a line
Ask me anything: An error occurred: EOF when reading a line
Ask me anything: An error occurred: EOF when reading a line
Ask me anything: An error occurred: EOF when reading a line
Ask me anything: An error occurred: EOF when reading a line
Ask me anything: An error occurred: EOF when reading a line
Ask me anything: An error occurred: EOF when reading a line
Ask me anything: An error occurred: EOF when reading a line
Ask me anything: An error occurred: EOF when reading a line
Ask me anything: An error occurred: EOF when reading a line
Ask me anything: An error occurred: EOF when reading a line
Ask me anything: An error occurred: EOF when reading a line
Ask me anything: An error occurred: EOF when reading a line
Ask me anything: An error occurred: EOF when reading a line
Ask me anything: An error occurred: EOF when reading a line
Ask me anything: An error occurred: EOF when reading a line
Ask me anything: An error occurred: EOF when reading a line
Ask me anything: An error occurred: EOF when reading a line
Ask me anything: An error occurred: EOF when reading a line
Ask me anything: An error occurred: EOF when reading a line
Ask me anything: An error occurred: EOF when reading a line
Ask me anything: An error occurred: EOF when reading a line
Ask me anything: An error occurred: EOF when reading a line
Ask me anything: An error occurred: EOF when reading a line
Ask me anything: An error occurred: EOF when reading a line
Ask me anything: An error occurred: EOF when reading a line
Ask me anything: An error occurred: EOF when reading a line
Ask me anything: An error occurred: EOF when reading a line
Ask me anything: An error occurred: EOF when reading a line
Ask me anything: An error occurred: EOF when reading a line
Ask me anything: An error occurred: EOF when reading a line
Ask me anything: An error occurred: EOF when reading a line
Ask me anything: An error occurred: EOF when reading a line
Ask me anything: An error occurred: EOF when reading a line
Ask me anything: An error occurred: EOF when reading a line
Ask me anything: An error occurred: EOF when reading a line
Ask me anything: An error occurred: EOF when reading a line
Ask me anything: An error occurred: EOF when reading a line
Ask me anything: An error occurred: EOF when reading a line
Ask me anything: An error occurred: EOF when reading a line
Ask me anything: An error occurred: EOF when reading a line
Ask me anything: An error occurred: EOF when reading a line
Ask me anything: An error occurred: EOF when reading a line
Ask me anything: An error occurred: EOF when reading a line
Ask me anything: An error occurred: EOF when reading a line
Ask me anything: An error occurred: EOF when reading a line
Ask me anything: An error occurred: EOF when reading a line
Ask me anything: An error occurred: EOF when reading a line
Ask me anything: An error occurred: EOF when reading a line
Ask me anything: An error occurred: EOF when reading a line
Ask me anything: An error occurred: EOF when reading a line
Ask me anything: An error occurred: EOF when reading a line
Ask me anything: An error occurred: EOF when reading a line
Ask me anything: An error occurred: EOF when reading a line
Ask me anything: An error occurred: EOF when reading a line
Ask me anything: An error occurred: EOF when reading a line
Ask me anything: An error occurred: EOF when reading a line
Ask me anything: An error occurred: EOF when reading a line
Ask me anything: An error occurred: EOF when reading a line
Ask me anything: An error occurred: EOF when reading a line
Ask me anything: An error occurred: EOF when reading a line
Ask me anything: An error occurred: EOF when reading a line
Ask me anything: An error occurred: EOF when reading a line
Ask me anything: An error occurred: EOF when reading a line
Ask me anything: An error occurred: EOF when reading a line
Ask me anything: An error occurred: EOF when reading a line
Ask me anything: An error occurred: EOF when reading a line
Ask me anything: An error occurred: EOF when reading a line
Ask me anything: An error occurred: EOF when reading a line
Ask me anything: An error occurred: EOF when reading a line
Ask me anything: An error occurred: EOF when reading a line
Ask me anything: An error occurred: EOF when reading a line
Ask me anything: An error occurred: EOF when reading a line
Ask me anything: An error occurred: EOF when reading a line
Ask me anything: An error occurred: EOF when reading a line
Ask me anything: An error occurred: EOF when reading a line
Ask me anything: An error occurred: EOF when reading a line
Ask me anything: An error occurred: EOF when reading a line
Ask me anything: An error occurred: EOF when reading a line
Ask me anything: An error occurred: EOF when reading a line
Ask me anything: An error occurred: EOF when reading a line
Ask me anything: An error occurred: EOF when reading a line
Ask me anything: An error occurred: EOF when reading a line
Ask me anything: An error occurred: EOF when reading a line
Ask me anything: An error occurred: EOF when reading a line
Ask me anything: An error occurred: EOF when reading a line
Ask me anything: An error occurred: EOF when reading a line
Ask me anything: An error occurred: EOF when reading a line
Ask me anything: An error occurred: EOF when reading a line
Ask me anything: An error occurred: EOF when reading a line
Ask me anything: An error occurred: EOF when reading a line
Ask me anything: An error occurred: EOF when reading a line
Ask me anything: An error occurred: EOF when reading a line
Ask me anything: An error occurred: EOF when reading a line
Ask me anything: An error occurred: EOF when reading a line
Ask me anything: An error occurred: EOF when reading a line
Ask me anything: An error occurred: EOF when reading a line
Ask me anything: An error occurred: EOF when reading a line
Ask me anything: An error occurred: EOF when reading a line
Ask me anything: An error occurred: EOF when reading a line
Ask me anything: An error occurred: EOF when reading a line
Ask me anything: An error occurred: EOF when reading a line
Ask me anything: An error occurred: EOF when reading a line
Ask me anything: An error occurred: EOF when reading a line
Ask me anything: An error occurred: EOF when reading a line
Ask me anything: An error occurred: EOF when reading a line
Ask me anything: An error occurred: EOF when reading a line
Ask me anything: An error occurred: EOF when reading a line
Ask me anything: An error occurred: EOF when reading a line
Ask me anything: An error occurred: EOF when reading a line
Ask me anything: An error occurred: EOF when reading a line
Ask me anything: An error occurred: EOF when reading a line
Ask me anything: An error occurred: EOF when reading a line
Ask me anything: An error occurred: EOF when reading a line
Ask me anything: An error occurred: EOF when reading a line
Ask me anything: An error occurred: EOF when reading a line
Ask me anything: An error occurred: EOF when reading a line
Ask me anything: An error occurred: EOF when reading a line
Ask me anything: An error occurred: EOF when reading a line
Ask me anything: An error occurred: EOF when reading a line
Ask me anything: An error occurred: EOF when reading a line
Ask me anything: An error occurred: EOF when reading a line
Ask me anything: An error occurred: EOF when reading a line
Ask me anything: An error occurred: EOF when reading a line
Ask me anything: An error occurred: EOF when reading a line
Ask me anything: An error occurred: EOF when reading a line
Ask me anything: An error occurred: EOF when reading a line
Ask me anything: An error occurred: EOF when reading a line
Ask me anything: An error occurred: EOF when reading a line
Ask me anything: An error occurred: EOF when reading a line
Ask me anything: An error occurred: EOF when reading a line
Ask me anything: An error occurred: EOF when reading a line
Ask me anything: An error occurred: EOF when reading a line
Ask me anything: An error occurred: EOF when reading a line
Ask me anything: An error occurred: EOF when reading a line
Ask me anything: An error occurred: EOF when reading a line
Ask me anything: An error occurred: EOF when reading a line
Ask me anything: An error occurred: EOF when reading a line
Ask me anything: An error occurred: EOF when reading a line
Ask me anything: An error occurred: EOF when reading a line
Ask me anything: An error occurred: EOF when reading a line
Ask me anything: An error occurred: EOF when reading a line
Ask me anything: An error occurred: EOF when reading a line
Ask me anything: An error occurred: EOF when reading a line
Ask me anything: An error occurred: EOF when reading a line
Ask me anything: An error occurred: EOF when reading a line
Ask me anything: An error occurred: EOF when reading a line
Ask me anything: An error occurred: EOF when reading a line
Ask me anything: An error occurred: EOF when reading a line
Ask me anything: An error occurred: EOF when reading a line
Ask me anything: An error occurred: EOF when reading a line
Ask me anything: An error occurred: EOF when reading a line
Ask me anything: An error occurred: EOF when reading a line
Ask me anything: An error occurred: EOF when reading a line
Ask me anything: An error occurred: EOF when reading a line
Ask me anything: An error occurred: EOF when reading a line
Ask me anything: An error occurred: EOF when reading a line
Ask me anything: An error occurred: EOF when reading a line
Ask me anything: An error occurred: EOF when reading a line
Ask me anything: An error occurred: EOF when reading a line
Ask me anything: An error occurred: EOF when reading a line
Ask me anything: An error occurred: EOF when reading a line
Ask me anything: An error occurred: EOF when reading a line
Ask me anything: An error occurred: EOF when reading a line
Ask me anything: An error occurred: EOF when reading a line
Ask me anything: An error occurred: EOF when reading a line
Ask me anything: An error occurred: EOF when reading a line
Ask me anything: An error occurred: EOF when reading a line
Ask me anything: An error occurred: EOF when reading a line
Ask me anything: An error occurred: EOF when reading a line
Ask me anything: An error occurred: EOF when reading a line
Ask me anything: An error occurred: EOF when reading a line
Ask me anything: An error occurred: EOF when reading a line
Ask me anything: An error occurred: EOF when reading a line
Ask me anything: An error occurred: EOF when reading a line
Ask me anything: An error occurred: EOF when reading a line
Ask me anything: An error occurred: EOF when reading a line
Ask me anything: An error occurred: EOF when reading a line
Ask me anything: An error occurred: EOF when reading a line
Ask me anything: An error occurred: EOF when reading a line
Ask me anything: An error occurred: EOF when reading a line
Ask me anything: An error occurred: EOF when reading a line
Ask me anything: An error occurred: EOF when reading a line
Ask me anything: An error occurred: EOF when reading a line
Ask me anything: An error occurred: EOF when reading a line
Ask me anything: An error occurred: EOF when reading a line
Ask me anything: An error occurred: EOF when reading a line
Ask me anything: An error occurred: EOF when reading a line
Ask me anything: An error occurred: EOF when reading a line
Ask me anything: An error occurred: EOF when reading a line
Ask me anything: An error occurred: EOF when reading a line
Ask me anything: An error occurred: EOF when reading a line
Ask me anything: An error occurred: EOF when reading a line
Ask me anything: An error occurred: EOF when reading a line
Ask me anything: An error occurred: EOF when reading a line
Ask me anything: An error occurred: EOF when reading a line
Ask me anything: An error occurred: EOF when reading a line
Ask me anything: An error occurred: EOF when reading a line
Ask me anything: An error occurred: EOF when reading a line
Ask me anything: An error occurred: EOF when reading a line
Ask me anything: An error occurred: EOF when reading a line
Ask me anything: An error occurred: EOF when reading a line
Ask me anything: An error occurred: EOF when reading a line
Ask me anything: An error occurred: EOF when reading a line
Ask me anything: An error occurred: EOF when reading a line
Ask me anything: An error occurred: EOF when reading a line
Ask me anything: An error occurred: EOF when reading a line
Ask me anything: An error occurred: EOF when reading a line
Ask me anything: An error occurred: EOF when reading a line
Ask me anything: An error occurred: EOF when reading a line
Ask me anything: An error occurred: EOF when reading a line
Ask me anything: An error occurred: EOF when reading a line
Ask me anything: An error occurred: EOF when reading a line
Ask me anything: An error occurred: EOF when reading a line
Ask me anything: An error occurred: EOF when reading a line
Ask me anything: An error occurred: EOF when reading a line
Ask me anything: An error occurred: EOF when reading a line
Ask me anything: An error occurred: EOF when reading a line
Ask me anything: An error occurred: EOF when reading a line
Ask me anything: An error occurred: EOF when reading a line
Ask me anything: An error occurred: EOF when reading a line
Ask me anything: An error occurred: EOF when reading a line
Ask me anything: An error occurred: EOF when reading a line
Ask me anything: An error occurred: EOF when reading a line
Ask me anything: An error occurred: EOF when reading a line
Ask me anything: An error occurred: EOF when reading a line
Ask me anything: An error occurred: EOF when reading a line
Ask me anything: An error occurred: EOF when reading a line
Ask me anything: An error occurred: EOF when reading a line
Ask me anything: An error occurred: EOF when reading a line
Ask me anything: An error occurred: EOF when reading a line
Ask me anything: An error occurred: EOF when reading a line
Ask me anything: An error occurred: EOF when reading a line
Ask me anything: An error occurred: EOF when reading a line
Ask me anything: An error occurred: EOF when reading a line
Ask me anything: An error occurred: EOF when reading a line
Ask me anything: An error occurred: EOF when reading a line
Ask me anything: An error occurred: EOF when reading a line
Ask me anything: An error occurred: EOF when reading a line
Ask me anything: An error occurred: EOF when reading a line
Ask me anything: An error occurred: EOF when reading a line
Ask me anything: An error occurred: EOF when reading a line
Ask me anything: An error occurred: EOF when reading a line
Ask me anything: An error occurred: EOF when reading a line
Ask me anything: An error occurred: EOF when reading a line
Ask me anything: An error occurred: EOF when reading a line
Ask me anything: An error occurred: EOF when reading a line
Ask me anything: An error occurred: EOF when reading a line
Ask me anything: An error occurred: EOF when reading a line
Ask me anything: An error occurred: EOF when reading a line
Ask me anything: An error occurred: EOF when reading a line
Ask me anything: An error occurred: EOF when reading a line
Ask me anything: An error occurred: EOF when reading a line
Ask me anything: An error occurred: EOF when reading a line
Ask me anything: An error occurred: EOF when reading a line
Ask me anything: An error occurred: EOF when reading a line
Ask me anything: An error occurred: EOF when reading a line
Ask me anything: An error occurred: EOF when reading a line
Ask me anything: An error occurred: EOF when reading a line
Ask me anything: An error occurred: EOF when reading a line
Ask me anything: An error occurred: EOF when reading a line
Ask me anything: An error occurred: EOF when reading a line
Ask me anything: An error occurred: EOF when reading a line
Ask me anything: An error occurred: EOF when reading a line
Ask me anything: An error occurred: EOF when reading a line
Ask me anything: An error occurred: EOF when reading a line
Ask me anything: An error occurred: EOF when reading a line
Ask me anything: An error occurred: EOF when reading a line
Ask me anything: An error occurred: EOF when reading a line
Ask me anything: An error occurred: EOF when reading a line
Ask me anything: An error occurred: EOF when reading a line
Ask me anything: An error occurred: EOF when reading a line
Ask me anything: An error occurred: EOF when reading a line
Ask me anything: An error occurred: EOF when reading a line
Ask me anything: An error occurred: EOF when reading a line
Ask me anything: An error occurred: EOF when reading a line
Ask me anything: An error occurred: EOF when reading a line
Ask me anything: An error occurred: EOF when reading a line
Ask me anything: An error occurred: EOF when reading a line
Ask me anything: An error occurred: EOF when reading a line
Ask me anything: An error occurred: EOF when reading a line
Ask me anything: An error occurred: EOF when reading a line
Ask me anything: An error occurred: EOF when reading a line
Ask me anything: An error occurred: EOF when reading a line
Ask me anything: An error occurred: EOF when reading a line
Ask me anything: An error occurred: EOF when reading a line
Ask me anything: An error occurred: EOF when reading a line
Ask me anything: An error occurred: EOF when reading a line
Ask me anything: An error occurred: EOF when reading a line
Ask me anything: An error occurred: EOF when reading a line
Ask me anything: An error occurred: EOF when reading a line
Ask me anything: An error occurred: EOF when reading a line
Ask me anything: An error occurred: EOF when reading a line
Ask me anything: An error occurred: EOF when reading a line
Ask me anything: An error occurred: EOF when reading a line
Ask me anything: An error occurred: EOF when reading a line
Ask me anything: An error occurred: EOF when reading a line
Ask me anything: An error occurred: EOF when reading a line
Ask me anything: An error occurred: EOF when reading a line
Ask me anything: An error occurred: EOF when reading a line
Ask me anything: An error occurred: EOF when reading a line
Ask me anything: An error occurred: EOF when reading a line
Ask me anything: An error occurred: EOF when reading a line
Ask me anything: An error occurred: EOF when reading a line
Ask me anything: An error occurred: EOF when reading a line
Ask me anything: An error occurred: EOF when reading a line
Ask me anything: An error occurred: EOF when reading a line
Ask me anything: An error occurred: EOF when reading a line
Ask me anything: An error occurred: EOF when reading a line
Ask me anything: An error occurred: EOF when reading a line
Ask me anything: An error occurred: EOF when reading a line
Ask me anything: An error occurred: EOF when reading a line
Ask me anything: An error occurred: EOF when reading a line
Ask me anything: An error occurred: EOF when reading a line
Ask me anything: An error occurred: EOF when reading a line
Ask me anything: An error occurred: EOF when reading a line
Ask me anything: An error occurred: EOF when reading a line
Ask me anything: An error occurred: EOF when reading a line
Ask me anything: An error occurred: EOF when reading a line
Ask me anything: An error occurred: EOF when reading a line
Ask me anything: An error occurred: EOF when reading a line
Ask me anything: An error occurred: EOF when reading a line
Ask me anything: An error occurred: EOF when reading a line
Ask me anything: An error occurred: EOF when reading a line
Ask me anything: An error occurred: EOF when reading a line
Ask me anything: An error occurred: EOF when reading a line
Ask me anything: An error occurred: EOF when reading a line
Ask me anything: An error occurred: EOF when reading a line
Ask me anything: An error occurred: EOF when reading a line
Ask me anything: An error occurred: EOF when reading a line
Ask me anything: An error occurred: EOF when reading a line
Ask me anything: An error occurred: EOF when reading a line
Ask me anything: An error occurred: EOF when reading a line
Ask me anything: An error occurred: EOF when reading a line
Ask me anything: An error occurred: EOF when reading a line
Ask me anything: An error occurred: EOF when reading a line
Ask me anything: An error occurred: EOF when reading a line
Ask me anything: An error occurred: EOF when reading a line
Ask me anything: An error occurred: EOF when reading a line
Ask me anything: An error occurred: EOF when reading a line
Ask me anything: An error occurred: EOF when reading a line
Ask me anything: An error occurred: EOF when reading a line
Ask me anything: An error occurred: EOF when reading a line
Ask me anything: An error occurred: EOF when reading a line
Ask me anything: An error occurred: EOF when reading a line
Ask me anything: An error occurred: EOF when reading a line
Ask me anything: An error occurred: EOF when reading a line
Ask me anything: An error occurred: EOF when reading a line
Ask me anything: An error occurred: EOF when reading a line
Ask me anything: An error occurred: EOF when reading a line
Ask me anything: An error occurred: EOF when reading a line
Ask me anything: An error occurred: EOF when reading a line
Ask me anything: An error occurred: EOF when reading a line
Ask me anything: An error occurred: EOF when reading a line
Ask me anything: An error occurred: EOF when reading a line
Ask me anything: An error occurred: EOF when reading a line
Ask me anything: An error occurred: EOF when reading a line
Ask me anything: An error occurred: EOF when reading a line
Ask me anything: An error occurred: EOF when reading a line
Ask me anything: An error occurred: EOF when reading a line
Ask me anything: An error occurred: EOF when reading a line
Ask me anything: An error occurred: EOF when reading a line
Ask me anything: An error occurred: EOF when reading a line
Ask me anything: An error occurred: EOF when reading a line
Ask me anything: An error occurred: EOF when reading a line
Ask me anything: An error occurred: EOF when reading a line
Ask me anything: An error occurred: EOF when reading a line
Ask me anything: An error occurred: EOF when reading a line
Ask me anything: An error occurred: EOF when reading a line
Ask me anything: An error occurred: EOF when reading a line
Ask me anything: An error occurred: EOF when reading a line
Ask me anything: An error occurred: EOF when reading a line
Ask me anything: An error occurred: EOF when reading a line
Ask me anything: An error occurred: EOF when reading a line
Ask me anything: An error occurred: EOF when reading a line
Ask me anything: An error occurred: EOF when reading a line
Ask me anything: An error occurred: EOF when reading a line
Ask me anything: An error occurred: EOF when reading a line
Ask me anything: An error occurred: EOF when reading a line
Ask me anything: An error occurred: EOF when reading a line
Ask me anything: An error occurred: EOF when reading a line
Ask me anything: An error occurred: EOF when reading a line
Ask me anything: An error occurred: EOF when reading a line
Ask me anything: An error occurred: EOF when reading a line
Ask me anything: An error occurred: EOF when reading a line
Ask me anything: An error occurred: EOF when reading a line
Ask me anything: An error occurred: EOF when reading a line
Ask me anything: An error occurred: EOF when reading a line
Ask me anything: An error occurred: EOF when reading a line
Ask me anything: An error occurred: EOF when reading a line
Ask me anything: An error occurred: EOF when reading a line
Ask me anything: An error occurred: EOF when reading a line
Ask me anything: An error occurred: EOF when reading a line
Ask me anything: An error occurred: EOF when reading a line
Ask me anything: An error occurred: EOF when reading a line
Ask me anything: An error occurred: EOF when reading a line
Ask me anything: An error occurred: EOF when reading a line
Ask me anything: An error occurred: EOF when reading a line
Ask me anything: An error occurred: EOF when reading a line
Ask me anything: An error occurred: EOF when reading a line
Ask me anything: An error occurred: EOF when reading a line
Ask me anything: An error occurred: EOF when reading a line
Ask me anything: An error occurred: EOF when reading a line
Ask me anything: An error occurred: EOF when reading a line
Ask me anything: An error occurred: EOF when reading a line
Ask me anything: An error occurred: EOF when reading a line
Ask me anything: An error occurred: EOF when reading a line
Ask me anything: An error occurred: EOF when reading a line
Ask me anything: An error occurred: EOF when reading a line
Ask me anything: An error occurred: EOF when reading a line
Ask me anything: An error occurred: EOF when reading a line
Ask me anything: An error occurred: EOF when reading a line
Ask me anything: An error occurred: EOF when reading a line
Ask me anything: An error occurred: EOF when reading a line
Ask me anything: An error occurred: EOF when reading a line
Ask me anything: An error occurred: EOF when reading a line
Ask me anything: An error occurred: EOF when reading a line
Ask me anything: An error occurred: EOF when reading a line
Ask me anything: An error occurred: EOF when reading a line
Ask me anything: An error occurred: EOF when reading a line
Ask me anything: An error occurred: EOF when reading a line
Ask me anything: An error occurred: EOF when reading a line
Ask me anything: An error occurred: EOF when reading a line
Ask me anything: An error occurred: EOF when reading a line
Ask me anything: An error occurred: EOF when reading a line
Ask me anything: An error occurred: EOF when reading a line
Ask me anything: An error occurred: EOF when reading a line
Ask me anything: An error occurred: EOF when reading a line
Ask me anything: An error occurred: EOF when reading a line
Ask me anything: An error occurred: EOF when reading a line
Ask me anything: An error occurred: EOF when reading a line
Ask me anything: An error occurred: EOF when reading a line
Ask me anything: An error occurred: EOF when reading a line
Ask me anything: An error occurred: EOF when reading a line
Ask me anything: An error occurred: EOF when reading a line
Ask me anything: An error occurred: EOF when reading a line
Ask me anything: An error occurred: EOF when reading a line
Ask me anything: An error occurred: EOF when reading a line
Ask me anything: An error occurred: EOF when reading a line
Ask me anything: An error occurred: EOF when reading a line
Ask me anything: An error occurred: EOF when reading a line
Ask me anything: An error occurred: EOF when reading a line
Ask me anything: An error occurred: EOF when reading a line
Ask me anything: An error occurred: EOF when reading a line
Ask me anything: An error occurred: EOF when reading a line
Ask me anything: An error occurred: EOF when reading a line
Ask me anything: An error occurred: EOF when reading a line
Ask me anything: An error occurred: EOF when reading a line
Ask me anything: An error occurred: EOF when reading a line
Ask me anything: An error occurred: EOF when reading a line
Ask me anything: An error occurred: EOF when reading a line
Ask me anything: An error occurred: EOF when reading a line
Ask me anything: An error occurred: EOF when reading a line
Ask me anything: An error occurred: EOF when reading a line
Ask me anything: An error occurred: EOF when reading a line
Ask me anything: An error occurred: EOF when reading a line
Ask me anything: An error occurred: EOF when reading a line
Ask me anything: An error occurred: EOF when reading a line
Ask me anything: An error occurred: EOF when reading a line
Ask me anything: An error occurred: EOF when reading a line
Ask me anything: An error occurred: EOF when reading a line
Ask me anything: An error occurred: EOF when reading a line
Ask me anything: An error occurred: EOF when reading a line
Ask me anything: An error occurred: EOF when reading a line
Ask me anything: An error occurred: EOF when reading a line
Ask me anything: An error occurred: EOF when reading a line
Ask me anything: An error occurred: EOF when reading a line
Ask me anything: An error occurred: EOF when reading a line
Ask me anything: An error occurred: EOF when reading a line
Ask me anything: An error occurred: EOF when reading a line
Ask me anything: An error occurred: EOF when reading a line
Ask me anything: An error occurred: EOF when reading a line
Ask me anything: An error occurred: EOF when reading a line
Ask me anything: An error occurred: EOF when reading a line
Ask me anything: An error occurred: EOF when reading a line
Ask me anything: An error occurred: EOF when reading a line
Ask me anything: An error occurred: EOF when reading a line
Ask me anything: An error occurred: EOF when reading a line
Ask me anything: An error occurred: EOF when reading a line
Ask me anything: An error occurred: EOF when reading a line
Ask me anything: An error occurred: EOF when reading a line
Ask me anything: An error occurred: EOF when reading a line
Ask me anything: An error occurred: EOF when reading a line
Ask me anything: An error occurred: EOF when reading a line
Ask me anything: An error occurred: EOF when reading a line
Ask me anything: An error occurred: EOF when reading a line
Ask me anything: An error occurred: EOF when reading a line
Ask me anything: An error occurred: EOF when reading a line
Ask me anything: An error occurred: EOF when reading a line
Ask me anything: An error occurred: EOF when reading a line
Ask me anything: An error occurred: EOF when reading a line
Ask me anything: An error occurred: EOF when reading a line
Ask me anything: An error occurred: EOF when reading a line
Ask me anything: An error occurred: EOF when reading a line
Ask me anything: An error occurred: EOF when reading a line
Ask me anything: An error occurred: EOF when reading a line
Ask me anything: An error occurred: EOF when reading a line
Ask me anything: An error occurred: EOF when reading a line
Ask me anything: An error occurred: EOF when reading a line
Ask me anything: An error occurred: EOF when reading a line
Ask me anything: An error occurred: EOF when reading a line
Ask me anything: An error occurred: EOF when reading a line
Ask me anything: An error occurred: EOF when reading a line
Ask me anything: An error occurred: EOF when reading a line
Ask me anything: An error occurred: EOF when reading a line
Ask me anything: An error occurred: EOF when reading a line
Ask me anything: An error occurred: EOF when reading a line
Ask me anything: An error occurred: EOF when reading a line
Ask me anything: An error occurred: EOF when reading a line
Ask me anything: An error occurred: EOF when reading a line
Ask me anything: An error occurred: EOF when reading a line
Ask me anything: An error occurred: EOF when reading a line
Ask me anything: An error occurred: EOF when reading a line
Ask me anything: An error occurred: EOF when reading a line
Ask me anything: An error occurred: EOF when reading a line
Ask me anything: An error occurred: EOF when reading a line
Ask me anything: An error occurred: EOF when reading a line
Ask me anything: An error occurred: EOF when reading a line
Ask me anything: An error occurred: EOF when reading a line
Ask me anything: An error occurred: EOF when reading a line
Ask me anything: An error occurred: EOF when reading a line
Ask me anything: An error occurred: EOF when reading a line
Ask me anything: An error occurred: EOF when reading a line
Ask me anything: An error occurred: EOF when reading a line
Ask me anything: An error occurred: EOF when reading a line
Ask me anything: An error occurred: EOF when reading a line
Ask me anything: An error occurred: EOF when reading a line
Ask me anything: An error occurred: EOF when reading a line
Ask me anything: An error occurred: EOF when reading a line
Ask me anything: An error occurred: EOF when reading a line
Ask me anything: An error occurred: EOF when reading a line
Ask me anything: An error occurred: EOF when reading a line
Ask me anything: An error occurred: EOF when reading a line
Ask me anything: An error occurred: EOF when reading a line
Ask me anything: An error occurred: EOF when reading a line
Ask me anything: An error occurred: EOF when reading a line
Ask me anything: An error occurred: EOF when reading a line
Ask me anything: An error occurred: EOF when reading a line
Ask me anything: An error occurred: EOF when reading a line
Ask me anything: An error occurred: EOF when reading a line
Ask me anything: An error occurred: EOF when reading a line
Ask me anything: An error occurred: EOF when reading a line
Ask me anything: An error occurred: EOF when reading a line
Ask me anything: An error occurred: EOF when reading a line
Ask me anything: An error occurred: EOF when reading a line
Ask me anything: An error occurred: EOF when reading a line
Ask me anything: An error occurred: EOF when reading a line
Ask me anything: An error occurred: EOF when reading a line
Ask me anything: An error occurred: EOF when reading a line
Ask me anything: An error occurred: EOF when reading a line
Ask me anything: An error occurred: EOF when reading a line
Ask me anything: An error occurred: EOF when reading a line
Ask me anything: An error occurred: EOF when reading a line
Ask me anything: An error occurred: EOF when reading a line
Ask me anything: An error occurred: EOF when reading a line
Ask me anything: An error occurred: EOF when reading a line
Ask me anything: An error occurred: EOF when reading a line
Ask me anything: An error occurred: EOF when reading a line
Ask me anything: An error occurred: EOF when reading a line
Ask me anything: An error occurred: EOF when reading a line
Ask me anything: An error occurred: EOF when reading a line
Ask me anything: An error occurred: EOF when reading a line
Ask me anything: An error occurred: EOF when reading a line
Ask me anything: An error occurred: EOF when reading a line
Ask me anything: An error occurred: EOF when reading a line
Ask me anything: An error occurred: EOF when reading a line
Ask me anything: An error occurred: EOF when reading a line
Ask me anything: An error occurred: EOF when reading a line
Ask me anything: An error occurred: EOF when reading a line
Ask me anything: An error occurred: EOF when reading a line
Ask me anything: An error occurred: EOF when reading a line
Ask me anything: An error occurred: EOF when reading a line
Ask me anything: An error occurred: EOF when reading a line
Ask me anything: An error occurred: EOF when reading a line
Ask me anything: An error occurred: EOF when reading a line
Ask me anything: An error occurred: EOF when reading a line
Ask me anything: An error occurred: EOF when reading a line
Ask me anything: An error occurred: EOF when reading a line
Ask me anything: An error occurred: EOF when reading a line
Ask me anything: An error occurred: EOF when reading a line
Ask me anything: An error occurred: EOF when reading a line
Ask me anything: An error occurred: EOF when reading a line
Ask me anything: An error occurred: EOF when reading a line
Ask me anything: An error occurred: EOF when reading a line
Ask me anything: An error occurred: EOF when reading a line
Ask me anything: An error occurred: EOF when reading a line
Ask me anything: An error occurred: EOF when reading a line
Ask me anything: An error occurred: EOF when reading a line
Ask me anything: An error occurred: EOF when reading a line
Ask me anything: An error occurred: EOF when reading a line
Ask me anything: An error occurred: EOF when reading a line
Ask me anything: An error occurred: EOF when reading a line
Ask me anything: An error occurred: EOF when reading a line
Ask me anything: An error occurred: EOF when reading a line
Ask me anything: An error occurred: EOF when reading a line
Ask me anything: An error occurred: EOF when reading a line
Ask me anything: An error occurred: EOF when reading a line
Ask me anything: An error occurred: EOF when reading a line
Ask me anything: An error occurred: EOF when reading a line
Ask me anything: An error occurred: EOF when reading a line
Ask me anything: An error occurred: EOF when reading a line
Ask me anything: An error occurred: EOF when reading a line
Ask me anything: An error occurred: EOF when reading a line
Ask me anything: An error occurred: EOF when reading a line
Ask me anything: An error occurred: EOF when reading a line
Ask me anything: An error occurred: EOF when reading a line
Ask me anything: An error occurred: EOF when reading a line
Ask me anything: An error occurred: EOF when reading a line
Ask me anything: An error occurred: EOF when reading a line
Ask me anything: An error occurred: EOF when reading a line
Ask me anything: An error occurred: EOF when reading a line
Ask me anything: An error occurred: EOF when reading a line
Ask me anything: An error occurred: EOF when reading a line
Ask me anything: An error occurred: EOF when reading a line
Ask me anything: An error occurred: EOF when reading a line
Ask me anything: An error occurred: EOF when reading a line
Ask me anything: An error occurred: EOF when reading a line
Ask me anything: An error occurred: EOF when reading a line
Ask me anything: An error occurred: EOF when reading a line
Ask me anything: An error occurred: EOF when reading a line
Ask me anything: An error occurred: EOF when reading a line
Ask me anything: An error occurred: EOF when reading a line
Ask me anything: An error occurred: EOF when reading a line
Ask me anything: An error occurred: EOF when reading a line
Ask me anything: An error occurred: EOF when reading a line
Ask me anything: An error occurred: EOF when reading a line
Ask me anything: An error occurred: EOF when reading a line
Ask me anything: An error occurred: EOF when reading a line
Ask me anything: An error occurred: EOF when reading a line
Ask me anything: An error occurred: EOF when reading a line
Ask me anything: An error occurred: EOF when reading a line
Ask me anything: An error occurred: EOF when reading a line
Ask me anything: An error occurred: EOF when reading a line
Ask me anything: An error occurred: EOF when reading a line
Ask me anything: An error occurred: EOF when reading a line
Ask me anything: An error occurred: EOF when reading a line
Ask me anything: An error occurred: EOF when reading a line
Ask me anything: An error occurred: EOF when reading a line
Ask me anything: An error occurred: EOF when reading a line
Ask me anything: An error occurred: EOF when reading a line
Ask me anything: An error occurred: EOF when reading a line
Ask me anything: An error occurred: EOF when reading a line
Ask me anything: An error occurred: EOF when reading a line
Ask me anything: An error occurred: EOF when reading a line
Ask me anything: An error occurred: EOF when reading a line
Ask me anything: An error occurred: EOF when reading a line
Ask me anything: An error occurred: EOF when reading a line
Ask me anything: An error occurred: EOF when reading a line
Ask me anything: An error occurred: EOF when reading a line
Ask me anything: An error occurred: EOF when reading a line
Ask me anything: An error occurred: EOF when reading a line
Ask me anything: An error occurred: EOF when reading a line
Ask me anything: An error occurred: EOF when reading a line
Ask me anything: An error occurred: EOF when reading a line
Ask me anything: An error occurred: EOF when reading a line
Ask me anything: An error occurred: EOF when reading a line
Ask me anything: An error occurred: EOF when reading a line
Ask me anything: An error occurred: EOF when reading a line
Ask me anything: An error occurred: EOF when reading a line
Ask me anything: An error occurred: EOF when reading a line
Ask me anything: An error occurred: EOF when reading a line
Ask me anything: An error occurred: EOF when reading a line
Ask me anything: An error occurred: EOF when reading a line
Ask me anything: An error occurred: EOF when reading a line
Ask me anything: An error occurred: EOF when reading a line
Ask me anything: An error occurred: EOF when reading a line
Ask me anything: An error occurred: EOF when reading a line
Ask me anything: An error occurred: EOF when reading a line
Ask me anything: An error occurred: EOF when reading a line
Ask me anything: An error occurred: EOF when reading a line
Ask me anything: An error occurred: EOF when reading a line
Ask me anything: An error occurred: EOF when reading a line
Ask me anything: An error occurred: EOF when reading a line
Ask me anything: An error occurred: EOF when reading a line
Ask me anything: An error occurred: EOF when reading a line
Ask me anything: An error occurred: EOF when reading a line
Ask me anything: An error occurred: EOF when reading a line
Ask me anything: An error occurred: EOF when reading a line
Ask me anything: An error occurred: EOF when reading a line
Ask me anything: An error occurred: EOF when reading a line
Ask me anything: An error occurred: EOF when reading a line
Ask me anything: An error occurred: EOF when reading a line
Ask me anything: An error occurred: EOF when reading a line
Ask me anything: An error occurred: EOF when reading a line
Ask me anything: An error occurred: EOF when reading a line
Ask me anything: An error occurred: EOF when reading a line
Ask me anything: An error occurred: EOF when reading a line
Ask me anything: An error occurred: EOF when reading a line
Ask me anything: An error occurred: EOF when reading a line
Ask me anything: An error occurred: EOF when reading a line
Ask me anything: An error occurred: EOF when reading a line
Ask me anything: An error occurred: EOF when reading a line
Ask me anything: An error occurred: EOF when reading a line
Ask me anything: An error occurred: EOF when reading a line
Ask me anything: An error occurred: EOF when reading a line
Ask me anything: An error occurred: EOF when reading a line
Ask me anything: An error occurred: EOF when reading a line
Ask me anything: An error occurred: EOF when reading a line
Ask me anything: An error occurred: EOF when reading a line
Ask me anything: An error occurred: EOF when reading a line
Ask me anything: An error occurred: EOF when reading a line
Ask me anything: An error occurred: EOF when reading a line
Ask me anything: An error occurred: EOF when reading a line
Ask me anything: An error occurred: EOF when reading a line
Ask me anything: An error occurred: EOF when reading a line
Ask me anything: An error occurred: EOF when reading a line
Ask me anything: An error occurred: EOF when reading a line
Ask me anything: An error occurred: EOF when reading a line
Ask me anything: An error occurred: EOF when reading a line
Ask me anything: An error occurred: EOF when reading a line
Ask me anything: An error occurred: EOF when reading a line
Ask me anything: An error occurred: EOF when reading a line
Ask me anything: An error occurred: EOF when reading a line
Ask me anything: An error occurred: EOF when reading a line
Ask me anything: An error occurred: EOF when reading a line
Ask me anything: An error occurred: EOF when reading a line
Ask me anything: An error occurred: EOF when reading a line
Ask me anything: An error occurred: EOF when reading a line
Ask me anything: An error occurred: EOF when reading a line
Ask me anything: An error occurred: EOF when reading a line
Ask me anything: An error occurred: EOF when reading a line
Ask me anything: An error occurred: EOF when reading a line
Ask me anything: An error occurred: EOF when reading a line
Ask me anything: An error occurred: EOF when reading a line
Ask me anything: An error occurred: EOF when reading a line
Ask me anything: An error occurred: EOF when reading a line
Ask me anything: An error occurred: EOF when reading a line
Ask me anything: An error occurred: EOF when reading a line
Ask me anything: An error occurred: EOF when reading a line
Ask me anything: An error occurred: EOF when reading a line
Ask me anything: An error occurred: EOF when reading a line
Ask me anything: An error occurred: EOF when reading a line
Ask me anything: An error occurred: EOF when reading a line
Ask me anything: An error occurred: EOF when reading a line
Ask me anything: An error occurred: EOF when reading a line
Ask me anything: An error occurred: EOF when reading a line
Ask me anything: An error occurred: EOF when reading a line
Ask me anything: An error occurred: EOF when reading a line
Ask me anything: An error occurred: EOF when reading a line
Ask me anything: An error occurred: EOF when reading a line
Ask me anything: An error occurred: EOF when reading a line
Ask me anything: An error occurred: EOF when reading a line
Ask me anything: An error occurred: EOF when reading a line
Ask me anything: An error occurred: EOF when reading a line
Ask me anything: An error occurred: EOF when reading a line
Ask me anything: An error occurred: EOF when reading a line
Ask me anything: An error occurred: EOF when reading a line
Ask me anything: An error occurred: EOF when reading a line
Ask me anything: An error occurred: EOF when reading a line
Ask me anything: An error occurred: EOF when reading a line
Ask me anything: An error occurred: EOF when reading a line
Ask me anything: An error occurred: EOF when reading a line
Ask me anything: An error occurred: EOF when reading a line
Ask me anything: An error occurred: EOF when reading a line
Ask me anything: An error occurred: EOF when reading a line
Ask me anything: An error occurred: EOF when reading a line
Ask me anything: An error occurred: EOF when reading a line
Ask me anything: An error occurred: EOF when reading a line
Ask me anything: An error occurred: EOF when reading a line
Ask me anything: An error occurred: EOF when reading a line
Ask me anything: An error occurred: EOF when reading a line
Ask me anything: An error occurred: EOF when reading a line
Ask me anything: An error occurred: EOF when reading a line
Ask me anything: An error occurred: EOF when reading a line
Ask me anything: An error occurred: EOF when reading a line
Ask me anything: An error occurred: EOF when reading a line
Ask me anything: An error occurred: EOF when reading a line
Ask me anything: An error occurred: EOF when reading a line
Ask me anything: An error occurred: EOF when reading a line
Ask me anything: An error occurred: EOF when reading a line
Ask me anything: An error occurred: EOF when reading a line
Ask me anything: An error occurred: EOF when reading a line
Ask me anything: An error occurred: EOF when reading a line
Ask me anything: An error occurred: EOF when reading a line
Ask me anything: An error occurred: EOF when reading a line
Ask me anything: An error occurred: EOF when reading a line
Ask me anything: An error occurred: EOF when reading a line
Ask me anything: An error occurred: EOF when reading a line
Ask me anything: An error occurred: EOF when reading a line
Ask me anything: An error occurred: EOF when reading a line
Ask me anything: An error occurred: EOF when reading a line
Ask me anything: An error occurred: EOF when reading a line
Ask me anything: An error occurred: EOF when reading a line
Ask me anything: An error occurred: EOF when reading a line
Ask me anything: An error occurred: EOF when reading a line
Ask me anything: An error occurred: EOF when reading a line
Ask me anything: An error occurred: EOF when reading a line
Ask me anything: An error occurred: EOF when reading a line
Ask me anything: An error occurred: EOF when reading a line
Ask me anything: An error occurred: EOF when reading a line
Ask me anything: An error occurred: EOF when reading a line
Ask me anything: An error occurred: EOF when reading a line
Ask me anything: An error occurred: EOF when reading a line
Ask me anything: An error occurred: EOF when reading a line
Ask me anything: An error occurred: EOF when reading a line
Ask me anything: An error occurred: EOF when reading a line
Ask me anything: An error occurred: EOF when reading a line
Ask me anything: An error occurred: EOF when reading a line
Ask me anything: An error occurred: EOF when reading a line
Ask me anything: An error occurred: EOF when reading a line
Ask me anything: An error occurred: EOF when reading a line
Ask me anything: An error occurred: EOF when reading a line
Ask me anything: An error occurred: EOF when reading a line
Ask me anything: An error occurred: EOF when reading a line
Ask me anything: An error occurred: EOF when reading a line
Ask me anything: An error occurred: EOF when reading a line
Ask me anything: An error occurred: EOF when reading a line
Ask me anything: An error occurred: EOF when reading a line
Ask me anything: An error occurred: EOF when reading a line
Ask me anything: An error occurred: EOF when reading a line
Ask me anything: An error occurred: EOF when reading a line
Ask me anything: An error occurred: EOF when reading a line
Ask me anything: An error occurred: EOF when reading a line
Ask me anything: An error occurred: EOF when reading a line
Ask me anything: An error occurred: EOF when reading a line
Ask me anything: An error occurred: EOF when reading a line
Ask me anything: An error occurred: EOF when reading a line
Ask me anything: An error occurred: EOF when reading a line
Ask me anything: An error occurred: EOF when reading a line
Ask me anything: An error occurred: EOF when reading a line
Ask me anything: An error occurred: EOF when reading a line
Ask me anything: An error occurred: EOF when reading a line
Ask me anything: An error occurred: EOF when reading a line
Ask me anything: An error occurred: EOF when reading a line
Ask me anything: An error occurred: EOF when reading a line
Ask me anything: An error occurred: EOF when reading a line
Ask me anything: An error occurred: EOF when reading a line
Ask me anything: An error occurred: EOF when reading a line
Ask me anything: An error occurred: EOF when reading a line
Ask me anything: An error occurred: EOF when reading a line
Ask me anything: An error occurred: EOF when reading a line
Ask me anything: An error occurred: EOF when reading a line
Ask me anything: An error occurred: EOF when reading a line
Ask me anything: An error occurred: EOF when reading a line
Ask me anything: An error occurred: EOF when reading a line
Ask me anything: An error occurred: EOF when reading a line
Ask me anything: An error occurred: EOF when reading a line
Ask me anything: An error occurred: EOF when reading a line
Ask me anything: An error occurred: EOF when reading a line
Ask me anything: An error occurred: EOF when reading a line
Ask me anything: An error occurred: EOF when reading a line
Ask me anything: An error occurred: EOF when reading a line
Ask me anything: An error occurred: EOF when reading a line
Ask me anything: An error occurred: EOF when reading a line
Ask me anything: An error occurred: EOF when reading a line
Ask me anything: An error occurred: EOF when reading a line
Ask me anything: An error occurred: EOF when reading a line
Ask me anything: An error occurred: EOF when reading a line
Ask me anything: An error occurred: EOF when reading a line
Ask me anything: An error occurred: EOF when reading a line
Ask me anything: An error occurred: EOF when reading a line
Ask me anything: An error occurred: EOF when reading a line
Ask me anything: An error occurred: EOF when reading a line
Ask me anything: An error occurred: EOF when reading a line
Ask me anything: An error occurred: EOF when reading a line
Ask me anything: An error occurred: EOF when reading a line
Ask me anything: An error occurred: EOF when reading a line
Ask me anything: An error occurred: EOF when reading a line
Ask me anything: An error occurred: EOF when reading a line
Ask me anything: An error occurred: EOF when reading a line
Ask me anything: An error occurred: EOF when reading a line
Ask me anything: An error occurred: EOF when reading a line
Ask me anything: An error occurred: EOF when reading a line
Ask me anything: An error occurred: EOF when reading a line
Ask me anything: An error occurred: EOF when reading a line
Ask me anything: An error occurred: EOF when reading a line
Ask me anything: An error occurred: EOF when reading a line
Ask me anything: An error occurred: EOF when reading a line
Ask me anything: An error occurred: EOF when reading a line
Ask me anything: An error occurred: EOF when reading a line
Ask me anything: An error occurred: EOF when reading a line
Ask me anything: An error occurred: EOF when reading a line
Ask me anything: An error occurred: EOF when reading a line
Ask me anything: An error occurred: EOF when reading a line
Ask me anything: An error occurred: EOF when reading a line
Ask me anything: An error occurred: EOF when reading a line
Ask me anything: An error occurred: EOF when reading a line
Ask me anything: An error occurred: EOF when reading a line
Ask me anything: An error occurred: EOF when reading a line
Ask me anything: An error occurred: EOF when reading a line
Ask me anything: An error occurred: EOF when reading a line
Ask me anything: An error occurred: EOF when reading a line
Ask me anything: An error occurred: EOF when reading a line
Ask me anything: An error occurred: EOF when reading a line
Ask me anything: An error occurred: EOF when reading a line
Ask me anything: An error occurred: EOF when reading a line
Ask me anything: An error occurred: EOF when reading a line
Ask me anything: An error occurred: EOF when reading a line
Ask me anything: An error occurred: EOF when reading a line
Ask me anything: An error occurred: EOF when reading a line
Ask me anything: An error occurred: EOF when reading a line
Ask me anything: An error occurred: EOF when reading a line
Ask me anything: An error occurred: EOF when reading a line
Ask me anything: An error occurred: EOF when reading a line
Ask me anything: An error occurred: EOF when reading a line
Ask me anything: An error occurred: EOF when reading a line
Ask me anything: An error occurred: EOF when reading a line
Ask me anything: An error occurred: EOF when reading a line
Ask me anything: An error occurred: EOF when reading a line
Ask me anything: An error occurred: EOF when reading a line
Ask me anything: An error occurred: EOF when reading a line
Ask me anything: An error occurred: EOF when reading a line
Ask me anything: An error occurred: EOF when reading a line
Ask me anything: An error occurred: EOF when reading a line
Ask me anything: An error occurred: EOF when reading a line
Ask me anything: An error occurred: EOF when reading a line
Ask me anything: An error occurred: EOF when reading a line
Ask me anything: An error occurred: EOF when reading a line
Ask me anything: An error occurred: EOF when reading a line
Ask me anything: An error occurred: EOF when reading a line
Ask me anything: An error occurred: EOF when reading a line
Ask me anything: An error occurred: EOF when reading a line
Ask me anything: An error occurred: EOF when reading a line
Ask me anything: An error occurred: EOF when reading a line
Ask me anything: An error occurred: EOF when reading a line
Ask me anything: An error occurred: EOF when reading a line
Ask me anything: An error occurred: EOF when reading a line
Ask me anything: An error occurred: EOF when reading a line
Ask me anything: An error occurred: EOF when reading a line
Ask me anything: An error occurred: EOF when reading a line
Ask me anything: An error occurred: EOF when reading a line
Ask me anything: An error occurred: EOF when reading a line
Ask me anything: An error occurred: EOF when reading a line
Ask me anything: An error occurred: EOF when reading a line
Ask me anything: An error occurred: EOF when reading a line
Ask me anything: An error occurred: EOF when reading a line
Ask me anything: An error occurred: EOF when reading a line
Ask me anything: An error occurred: EOF when reading a line
Ask me anything: An error occurred: EOF when reading a line
Ask me anything: An error occurred: EOF when reading a line
Ask me anything: An error occurred: EOF when reading a line
Ask me anything: An error occurred: EOF when reading a line
Ask me anything: An error occurred: EOF when reading a line
Ask me anything: An error occurred: EOF when reading a line
Ask me anything: An error occurred: EOF when reading a line
Ask me anything: An error occurred: EOF when reading a line
Ask me anything: An error occurred: EOF when reading a line
Ask me anything: An error occurred: EOF when reading a line
Ask me anything: An error occurred: EOF when reading a line
Ask me anything: An error occurred: EOF when reading a line
Ask me anything: An error occurred: EOF when reading a line
Ask me anything: An error occurred: EOF when reading a line
Ask me anything: An error occurred: EOF when reading a line
Ask me anything: An error occurred: EOF when reading a line
Ask me anything: An error occurred: EOF when reading a line
Ask me anything: An error occurred: EOF when reading a line
Ask me anything: An error occurred: EOF when reading a line
Ask me anything: An error occurred: EOF when reading a line
Ask me anything: An error occurred: EOF when reading a line
Ask me anything: An error occurred: EOF when reading a line
Ask me anything: An error occurred: EOF when reading a line
Ask me anything: An error occurred: EOF when reading a line
Ask me anything: An error occurred: EOF when reading a line
Ask me anything: An error occurred: EOF when reading a line
Ask me anything: An error occurred: EOF when reading a line
Ask me anything: An error occurred: EOF when reading a line
Ask me anything: An error occurred: EOF when reading a line
Ask me anything: An error occurred: EOF when reading a line
Ask me anything: An error occurred: EOF when reading a line
Ask me anything: An error occurred: EOF when reading a line
Ask me anything: An error occurred: EOF when reading a line
Ask me anything: An error occurred: EOF when reading a line
Ask me anything: An error occurred: EOF when reading a line
Ask me anything: An error occurred: EOF when reading a line
Ask me anything: An error occurred: EOF when reading a line
Ask me anything: An error occurred: EOF when reading a line
Ask me anything: An error occurred: EOF when reading a line
Ask me anything: An error occurred: EOF when reading a line
Ask me anything: An error occurred: EOF when reading a line
Ask me anything: An error occurred: EOF when reading a line
Ask me anything: An error occurred: EOF when reading a line
Ask me anything: An error occurred: EOF when reading a line
Ask me anything: An error occurred: EOF when reading a line
Ask me anything: An error occurred: EOF when reading a line
Ask me anything: An error occurred: EOF when reading a line
Ask me anything: An error occurred: EOF when reading a line
Ask me anything: An error occurred: EOF when reading a line
Ask me anything: An error occurred: EOF when reading a line
Ask me anything: An error occurred: EOF when reading a line
Ask me anything: An error occurred: EOF when reading a line
Ask me anything: An error occurred: EOF when reading a line
Ask me anything: An error occurred: EOF when reading a line
Ask me anything: An error occurred: EOF when reading a line
Ask me anything: An error occurred: EOF when reading a line
Ask me anything: An error occurred: EOF when reading a line
Ask me anything: An error occurred: EOF when reading a line
Ask me anything: An error occurred: EOF when reading a line
Ask me anything: An error occurred: EOF when reading a line
Ask me anything: An error occurred: EOF when reading a line
Ask me anything: An error occurred: EOF when reading a line
Ask me anything: An error occurred: EOF when reading a line
Ask me anything: An error occurred: EOF when reading a line
Ask me anything: An error occurred: EOF when reading a line
Ask me anything: An error occurred: EOF when reading a line
Ask me anything: An error occurred: EOF when reading a line
Ask me anything: An error occurred: EOF when reading a line
Ask me anything: An error occurred: EOF when reading a line
Ask me anything: An error occurred: EOF when reading a line
Ask me anything: An error occurred: EOF when reading a line
Ask me anything: An error occurred: EOF when reading a line
Ask me anything: An error occurred: EOF when reading a line
Ask me anything: An error occurred: EOF when reading a line
Ask me anything: An error occurred: EOF when reading a line
Ask me anything: An error occurred: EOF when reading a line
Ask me anything: An error occurred: EOF when reading a line
Ask me anything: An error occurred: EOF when reading a line
Ask me anything: An error occurred: EOF when reading a line
Ask me anything: An error occurred: EOF when reading a line
Ask me anything: An error occurred: EOF when reading a line
Ask me anything: An error occurred: EOF when reading a line
Ask me anything: An error occurred: EOF when reading a line
Ask me anything: An error occurred: EOF when reading a line
Ask me anything: An error occurred: EOF when reading a line
Ask me anything: An error occurred: EOF when reading a line
Ask me anything: An error occurred: EOF when reading a line
Ask me anything: An error occurred: EOF when reading a line
Ask me anything: An error occurred: EOF when reading a line
Ask me anything: An error occurred: EOF when reading a line
Ask me anything: An error occurred: EOF when reading a line
Ask me anything: An error occurred: EOF when reading a line
Ask me anything: An error occurred: EOF when reading a line
Ask me anything: An error occurred: EOF when reading a line
Ask me anything: An error occurred: EOF when reading a line
Ask me anything: An error occurred: EOF when reading a line
Ask me anything: An error occurred: EOF when reading a line
Ask me anything: An error occurred: EOF when reading a line
Ask me anything: An error occurred: EOF when reading a line
Ask me anything: An error occurred: EOF when reading a line
Ask me anything: An error occurred: EOF when reading a line
Ask me anything: An error occurred: EOF when reading a line
Ask me anything: An error occurred: EOF when reading a line
Ask me anything: An error occurred: EOF when reading a line
Ask me anything: An error occurred: EOF when reading a line
Ask me anything: An error occurred: EOF when reading a line
Ask me anything: An error occurred: EOF when reading a line
Ask me anything: An error occurred: EOF when reading a line
Ask me anything: An error occurred: EOF when reading a line
Ask me anything: An error occurred: EOF when reading a line
Ask me anything: An error occurred: EOF when reading a line
Ask me anything: An error occurred: EOF when reading a line
Ask me anything: An error occurred: EOF when reading a line
Ask me anything: An error occurred: EOF when reading a line
Ask me anything: An error occurred: EOF when reading a line
Ask me anything: An error occurred: EOF when reading a line
Ask me anything: An error occurred: EOF when reading a line
Ask me anything: An error occurred: EOF when reading a line
Ask me anything: An error occurred: EOF when reading a line
Ask me anything: An error occurred: EOF when reading a line
Ask me anything: An error occurred: EOF when reading a line
Ask me anything: An error occurred: EOF when reading a line
Ask me anything: An error occurred: EOF when reading a line
Ask me anything: An error occurred: EOF when reading a line
Ask me anything: An error occurred: EOF when reading a line
Ask me anything: An error occurred: EOF when reading a line
Ask me anything: An error occurred: EOF when reading a line
Ask me anything: An error occurred: EOF when reading a line
Ask me anything: An error occurred: EOF when reading a line
Ask me anything: An error occurred: EOF when reading a line
Ask me anything: An error occurred: EOF when reading a line
Ask me anything: An error occurred: EOF when reading a line
Ask me anything: An error occurred: EOF when reading a line
Ask me anything: An error occurred: EOF when reading a line
Ask me anything: An error occurred: EOF when reading a line
Ask me anything: An error occurred: EOF when reading a line
Ask me anything: An error occurred: EOF when reading a line
Ask me anything: An error occurred: EOF when reading a line
Ask me anything: An error occurred: EOF when reading a line
Ask me anything: An error occurred: EOF when reading a line
Ask me anything: An error occurred: EOF when reading a line
Ask me anything: An error occurred: EOF when reading a line
Ask me anything: An error occurred: EOF when reading a line
Ask me anything: An error occurred: EOF when reading a line
Ask me anything: An error occurred: EOF when reading a line
Ask me anything: An error occurred: EOF when reading a line
Ask me anything: An error occurred: EOF when reading a line
Ask me anything: An error occurred: EOF when reading a line
Ask me anything: An error occurred: EOF when reading a line
Ask me anything: An error occurred: EOF when reading a line
Ask me anything: An error occurred: EOF when reading a line
Ask me anything: An error occurred: EOF when reading a line
Ask me anything: An error occurred: EOF when reading a line
Ask me anything: An error occurred: EOF when reading a line
Ask me anything: An error occurred: EOF when reading a line
Ask me anything: An error occurred: EOF when reading a line
Ask me anything: An error occurred: EOF when reading a line
Ask me anything: An error occurred: EOF when reading a line
Ask me anything: An error occurred: EOF when reading a line
Ask me anything: An error occurred: EOF when reading a line
Ask me anything: An error occurred: EOF when reading a line
Ask me anything: An error occurred: EOF when reading a line
Ask me anything: An error occurred: EOF when reading a line
Ask me anything: An error occurred: EOF when reading a line
Ask me anything: An error occurred: EOF when reading a line
Ask me anything: An error occurred: EOF when reading a line
Ask me anything: An error occurred: EOF when reading a line
Ask me anything: An error occurred: EOF when reading a line
Ask me anything: An error occurred: EOF when reading a line
Ask me anything: An error occurred: EOF when reading a line
Ask me anything: An error occurred: EOF when reading a line
Ask me anything: An error occurred: EOF when reading a line
Ask me anything: An error occurred: EOF when reading a line
Ask me anything: An error occurred: EOF when reading a line
Ask me anything: An error occurred: EOF when reading a line
Ask me anything: An error occurred: EOF when reading a line
Ask me anything: An error occurred: EOF when reading a line
Ask me anything: An error occurred: EOF when reading a line
Ask me anything: An error occurred: EOF when reading a line
Ask me anything: An error occurred: EOF when reading a line
Ask me anything: An error occurred: EOF when reading a line
Ask me anything: An error occurred: EOF when reading a line
Ask me anything: An error occurred: EOF when reading a line
Ask me anything: An error occurred: EOF when reading a line
Ask me anything: An error occurred: EOF when reading a line
Ask me anything: An error occurred: EOF when reading a line
Ask me anything: An error occurred: EOF when reading a line
Ask me anything: An error occurred: EOF when reading a line
Ask me anything: An error occurred: EOF when reading a line
Ask me anything: An error occurred: EOF when reading a line
Ask me anything: An error occurred: EOF when reading a line
Ask me anything: An error occurred: EOF when reading a line
Ask me anything: An error occurred: EOF when reading a line
Ask me anything: An error occurred: EOF when reading a line
Ask me anything: An error occurred: EOF when reading a line
Ask me anything: An error occurred: EOF when reading a line
Ask me anything: An error occurred: EOF when reading a line
Ask me anything: An error occurred: EOF when reading a line
Ask me anything: An error occurred: EOF when reading a line
Ask me anything: An error occurred: EOF when reading a line
Ask me anything: An error occurred: EOF when reading a line
Ask me anything: An error occurred: EOF when reading a line
Ask me anything: An error occurred: EOF when reading a line
Ask me anything: An error occurred: EOF when reading a line
Ask me anything: An error occurred: EOF when reading a line
Ask me anything: An error occurred: EOF when reading a line
Ask me anything: An error occurred: EOF when reading a line
Ask me anything: An error occurred: EOF when reading a line
Ask me anything: An error occurred: EOF when reading a line
Ask me anything: An error occurred: EOF when reading a line
Ask me anything: An error occurred: EOF when reading a line
Ask me anything: An error occurred: EOF when reading a line
Ask me anything: An error occurred: EOF when reading a line
Ask me anything: An error occurred: EOF when reading a line
Ask me anything: An error occurred: EOF when reading a line
Ask me anything: An error occurred: EOF when reading a line
Ask me anything: An error occurred: EOF when reading a line
Ask me anything: An error occurred: EOF when reading a line
Ask me anything: An error occurred: EOF when reading a line
Ask me anything: An error occurred: EOF when reading a line
Ask me anything: An error occurred: EOF when reading a line
Ask me anything: An error occurred: EOF when reading a line
Ask me anything: An error occurred: EOF when reading a line
Ask me anything: An error occurred: EOF when reading a line
Ask me anything: An error occurred: EOF when reading a line
Ask me anything: An error occurred: EOF when reading a line
Ask me anything: An error occurred: EOF when reading a line
Ask me anything: An error occurred: EOF when reading a line
Ask me anything: An error occurred: EOF when reading a line
Ask me anything: An error occurred: EOF when reading a line
Ask me anything: An error occurred: EOF when reading a line
Ask me anything: An error occurred: EOF when reading a line
Ask me anything: An error occurred: EOF when reading a line
Ask me anything: An error occurred: EOF when reading a line
Ask me anything: An error occurred: EOF when reading a line
Ask me anything: An error occurred: EOF when reading a line
Ask me anything: An error occurred: EOF when reading a line
Ask me anything: An error occurred: EOF when reading a line
Ask me anything: An error occurred: EOF when reading a line
Ask me anything: An error occurred: EOF when reading a line
Ask me anything: An error occurred: EOF when reading a line
Ask me anything: An error occurred: EOF when reading a line
Ask me anything: An error occurred: EOF when reading a line
Ask me anything: An error occurred: EOF when reading a line
Ask me anything: An error occurred: EOF when reading a line
Ask me anything: An error occurred: EOF when reading a line
Ask me anything: An error occurred: EOF when reading a line
Ask me anything: An error occurred: EOF when reading a line
Ask me anything: An error occurred: EOF when reading a line
Ask me anything: An error occurred: EOF when reading a line
Ask me anything: An error occurred: EOF when reading a line
Ask me anything: An error occurred: EOF when reading a line
Ask me anything: An error occurred: EOF when reading a line
Ask me anything: An error occurred: EOF when reading a line
Ask me anything: An error occurred: EOF when reading a line
Ask me anything: An error occurred: EOF when reading a line
Ask me anything: An error occurred: EOF when reading a line
Ask me anything: An error occurred: EOF when reading a line
Ask me anything: An error occurred: EOF when reading a line
Ask me anything: An error occurred: EOF when reading a line
Ask me anything: An error occurred: EOF when reading a line
Ask me anything: An error occurred: EOF when reading a line
Ask me anything: An error occurred: EOF when reading a line
Ask me anything: An error occurred: EOF when reading a line
Ask me anything: An error occurred: EOF when reading a line
Ask me anything: An error occurred: EOF when reading a line
Ask me anything: An error occurred: EOF when reading a line
Ask me anything: An error occurred: EOF when reading a line
Ask me anything: An error occurred: EOF when reading a line
Ask me anything: An error occurred: EOF when reading a line
Ask me anything: An error occurred: EOF when reading a line
Ask me anything: An error occurred: EOF when reading a line
Ask me anything: An error occurred: EOF when reading a line
Ask me anything: An error occurred: EOF when reading a line
Ask me anything: An error occurred: EOF when reading a line
Ask me anything: An error occurred: EOF when reading a line
Ask me anything: An error occurred: EOF when reading a line
Ask me anything: An error occurred: EOF when reading a line
Ask me anything: An error occurred: EOF when reading a line
Ask me anything: An error occurred: EOF when reading a line
Ask me anything: An error occurred: EOF when reading a line
Ask me anything: An error occurred: EOF when reading a line
Ask me anything: An error occurred: EOF when reading a line
Ask me anything: An error occurred: EOF when reading a line
Ask me anything: An error occurred: EOF when reading a line
Ask me anything: An error occurred: EOF when reading a line
Ask me anything: An error occurred: EOF when reading a line
Ask me anything: An error occurred: EOF when reading a line
Ask me anything: An error occurred: EOF when reading a line
Ask me anything: An error occurred: EOF when reading a line
Ask me anything: An error occurred: EOF when reading a line
Ask me anything: An error occurred: EOF when reading a line
Ask me anything: An error occurred: EOF when reading a line
Ask me anything: An error occurred: EOF when reading a line
Ask me anything: An error occurred: EOF when reading a line
Ask me anything: An error occurred: EOF when reading a line
Ask me anything: An error occurred: EOF when reading a line
Ask me anything: An error occurred: EOF when reading a line
Ask me anything: An error occurred: EOF when reading a line
Ask me anything: An error occurred: EOF when reading a line
Ask me anything: An error occurred: EOF when reading a line
Ask me anything: An error occurred: EOF when reading a line
Ask me anything: An error occurred: EOF when reading a line
Ask me anything: An error occurred: EOF when reading a line
Ask me anything: An error occurred: EOF when reading a line
Ask me anything: An error occurred: EOF when reading a line
Ask me anything: An error occurred: EOF when reading a line
Ask me anything: An error occurred: EOF when reading a line
Ask me anything: An error occurred: EOF when reading a line
Ask me anything: An error occurred: EOF when reading a line
Ask me anything: An error occurred: EOF when reading a line
Ask me anything: An error occurred: EOF when reading a line
Ask me anything: An error occurred: EOF when reading a line
Ask me anything: An error occurred: EOF when reading a line
Ask me anything: An error occurred: EOF when reading a line
Ask me anything: An error occurred: EOF when reading a line
Ask me anything: An error occurred: EOF when reading a line
Ask me anything: An error occurred: EOF when reading a line
Ask me anything: An error occurred: EOF when reading a line
Ask me anything: An error occurred: EOF when reading a line
Ask me anything: An error occurred: EOF when reading a line
Ask me anything: An error occurred: EOF when reading a line
Ask me anything: An error occurred: EOF when reading a line
Ask me anything: An error occurred: EOF when reading a line
Ask me anything: An error occurred: EOF when reading a line
Ask me anything: An error occurred: EOF when reading a line
Ask me anything: An error occurred: EOF when reading a line
Ask me anything: An error occurred: EOF when reading a line
Ask me anything: An error occurred: EOF when reading a line
Ask me anything: An error occurred: EOF when reading a line
Ask me anything: An error occurred: EOF when reading a line
Ask me anything: An error occurred: EOF when reading a line
Ask me anything: An error occurred: EOF when reading a line
Ask me anything: An error occurred: EOF when reading a line
Ask me anything: An error occurred: EOF when reading a line
Ask me anything: An error occurred: EOF when reading a line
Ask me anything: An error occurred: EOF when reading a line
Ask me anything: An error occurred: EOF when reading a line
Ask me anything: An error occurred: EOF when reading a line
Ask me anything: An error occurred: EOF when reading a line
Ask me anything: An error occurred: EOF when reading a line
Ask me anything: An error occurred: EOF when reading a line
Ask me anything: An error occurred: EOF when reading a line
Ask me anything: An error occurred: EOF when reading a line
Ask me anything: An error occurred: EOF when reading a line
Ask me anything: An error occurred: EOF when reading a line
Ask me anything: An error occurred: EOF when reading a line
Ask me anything: An error occurred: EOF when reading a line
Ask me anything: An error occurred: EOF when reading a line
Ask me anything: An error occurred: EOF when reading a line
Ask me anything: An error occurred: EOF when reading a line
Ask me anything: An error occurred: EOF when reading a line
Ask me anything: An error occurred: EOF when reading a line
Ask me anything: An error occurred: EOF when reading a line
Ask me anything: An error occurred: EOF when reading a line
Ask me anything: An error occurred: EOF when reading a line
Ask me anything: An error occurred: EOF when reading a line
Ask me anything: An error occurred: EOF when reading a line
Ask me anything: An error occurred: EOF when reading a line
Ask me anything: An error occurred: EOF when reading a line
Ask me anything: An error occurred: EOF when reading a line
Ask me anything: An error occurred: EOF when reading a line
Ask me anything: An error occurred: EOF when reading a line
Ask me anything: An error occurred: EOF when reading a line
Ask me anything: An error occurred: EOF when reading a line
Ask me anything: An error occurred: EOF when reading a line
Ask me anything: An error occurred: EOF when reading a line
Ask me anything: An error occurred: EOF when reading a line
Ask me anything: An error occurred: EOF when reading a line
Ask me anything: An error occurred: EOF when reading a line
Ask me anything: An error occurred: EOF when reading a line
Ask me anything: An error occurred: EOF when reading a line
Ask me anything: An error occurred: EOF when reading a line
Ask me anything: An error occurred: EOF when reading a line
Ask me anything: An error occurred: EOF when reading a line
Ask me anything: An error occurred: EOF when reading a line
Ask me anything: An error occurred: EOF when reading a line
Ask me anything: An error occurred: EOF when reading a line
Ask me anything: An error occurred: EOF when reading a line
Ask me anything: An error occurred: EOF when reading a line
Ask me anything: An error occurred: EOF when reading a line
Ask me anything: An error occurred: EOF when reading a line
Ask me anything: An error occurred: EOF when reading a line
Ask me anything: An error occurred: EOF when reading a line
Ask me anything: An error occurred: EOF when reading a line
Ask me anything: An error occurred: EOF when reading a line
Ask me anything: An error occurred: EOF when reading a line
Ask me anything: An error occurred: EOF when reading a line
Ask me anything: An error occurred: EOF when reading a line
Ask me anything: An error occurred: EOF when reading a line
Ask me anything: An error occurred: EOF when reading a line
Ask me anything: An error occurred: EOF when reading a line
Ask me anything: An error occurred: EOF when reading a line
Ask me anything: An error occurred: EOF when reading a line
Ask me anything: An error occurred: EOF when reading a line
Ask me anything: An error occurred: EOF when reading a line
Ask me anything: An error occurred: EOF when reading a line
Ask me anything: An error occurred: EOF when reading a line
Ask me anything: An error occurred: EOF when reading a line
Ask me anything: An error occurred: EOF when reading a line
Ask me anything: An error occurred: EOF when reading a line
Ask me anything: An error occurred: EOF when reading a line
Ask me anything: An error occurred: EOF when reading a line
Ask me anything: An error occurred: EOF when reading a line
Ask me anything: An error occurred: EOF when reading a line
Ask me anything: An error occurred: EOF when reading a line
Ask me anything: An error occurred: EOF when reading a line
Ask me anything: An error occurred: EOF when reading a line
Ask me anything: An error occurred: EOF when reading a line
Ask me anything: An error occurred: EOF when reading a line
Ask me anything: An error occurred: EOF when reading a line
Ask me anything: An error occurred: EOF when reading a line
Ask me anything: An error occurred: EOF when reading a line
Ask me anything: An error occurred: EOF when reading a line
Ask me anything: An error occurred: EOF when reading a line
Ask me anything: An error occurred: EOF when reading a line
Ask me anything: An error occurred: EOF when reading a line
Ask me anything: An error occurred: EOF when reading a line
Ask me anything: An error occurred: EOF when reading a line
Ask me anything: An error occurred: EOF when reading a line
Ask me anything: An error occurred: EOF when reading a line
Ask me anything: An error occurred: EOF when reading a line
Ask me anything: An error occurred: EOF when reading a line
Ask me anything: An error occurred: EOF when reading a line
Ask me anything: An error occurred: EOF when reading a line
Ask me anything: An error occurred: EOF when reading a line
Ask me anything: An error occurred: EOF when reading a line
Ask me anything: An error occurred: EOF when reading a line
Ask me anything: An error occurred: EOF when reading a line
Ask me anything: An error occurred: EOF when reading a line
Ask me anything: An error occurred: EOF when reading a line
Ask me anything: An error occurred: EOF when reading a line
Ask me anything: An error occurred: EOF when reading a line
Ask me anything: An error occurred: EOF when reading a line
Ask me anything: An error occurred: EOF when reading a line
Ask me anything: An error occurred: EOF when reading a line
Ask me anything: An error occurred: EOF when reading a line
Ask me anything: An error occurred: EOF when reading a line
Ask me anything: An error occurred: EOF when reading a line
Ask me anything: An error occurred: EOF when reading a line
Ask me anything: An error occurred: EOF when reading a line
Ask me anything: An error occurred: EOF when reading a line
Ask me anything: An error occurred: EOF when reading a line
Ask me anything: An error occurred: EOF when reading a line
Ask me anything: An error occurred: EOF when reading a line
Ask me anything: An error occurred: EOF when reading a line
Ask me anything: An error occurred: EOF when reading a line
Ask me anything: An error occurred: EOF when reading a line
Ask me anything: An error occurred: EOF when reading a line
Ask me anything: An error occurred: EOF when reading a line
Ask me anything: An error occurred: EOF when reading a line
Ask me anything: An error occurred: EOF when reading a line
Ask me anything: An error occurred: EOF when reading a line
Ask me anything: An error occurred: EOF when reading a line
Ask me anything: An error occurred: EOF when reading a line
Ask me anything: An error occurred: EOF when reading a line
Ask me anything: An error occurred: EOF when reading a line
Ask me anything: An error occurred: EOF when reading a line
Ask me anything: An error occurred: EOF when reading a line
Ask me anything: An error occurred: EOF when reading a line
Ask me anything: An error occurred: EOF when reading a line
Ask me anything: An error occurred: EOF when reading a line
Ask me anything: An error occurred: EOF when reading a line
Ask me anything: An error occurred: EOF when reading a line
Ask me anything: An error occurred: EOF when reading a line
Ask me anything: An error occurred: EOF when reading a line
Ask me anything: An error occurred: EOF when reading a line
Ask me anything: An error occurred: EOF when reading a line
Ask me anything: An error occurred: EOF when reading a line
Ask me anything: An error occurred: EOF when reading a line
Ask me anything: An error occurred: EOF when reading a line
Ask me anything: An error occurred: EOF when reading a line
Ask me anything: An error occurred: EOF when reading a line
Ask me anything: An error occurred: EOF when reading a line
Ask me anything: An error occurred: EOF when reading a line
Ask me anything: An error occurred: EOF when reading a line
Ask me anything: An error occurred: EOF when reading a line
Ask me anything: An error occurred: EOF when reading a line
Ask me anything: An error occurred: EOF when reading a line
Ask me anything: An error occurred: EOF when reading a line
Ask me anything: An error occurred: EOF when reading a line
Ask me anything: An error occurred: EOF when reading a line
Ask me anything: An error occurred: EOF when reading a line
Ask me anything: An error occurred: EOF when reading a line
Ask me anything: An error occurred: EOF when reading a line
Ask me anything: An error occurred: EOF when reading a line
Ask me anything: An error occurred: EOF when reading a line
Ask me anything: An error occurred: EOF when reading a line
Ask me anything: An error occurred: EOF when reading a line
Ask me anything: An error occurred: EOF when reading a line
Ask me anything: An error occurred: EOF when reading a line
Ask me anything: An error occurred: EOF when reading a line
Ask me anything: An error occurred: EOF when reading a line
Ask me anything: An error occurred: EOF when reading a line
Ask me anything: An error occurred: EOF when reading a line
Ask me anything: An error occurred: EOF when reading a line
Ask me anything: An error occurred: EOF when reading a line
Ask me anything: An error occurred: EOF when reading a line
Ask me anything: An error occurred: EOF when reading a line
Ask me anything: An error occurred: EOF when reading a line
Ask me anything: An error occurred: EOF when reading a line
Ask me anything: An error occurred: EOF when reading a line
Ask me anything: An error occurred: EOF when reading a line
Ask me anything: An error occurred: EOF when reading a line
Ask me anything: An error occurred: EOF when reading a line
Ask me anything: An error occurred: EOF when reading a line
Ask me anything: An error occurred: EOF when reading a line
Ask me anything: An error occurred: EOF when reading a line
Ask me anything: An error occurred: EOF when reading a line
Ask me anything: An error occurred: EOF when reading a line
Ask me anything: An error occurred: EOF when reading a line
Ask me anything: An error occurred: EOF when reading a line
Ask me anything: An error occurred: EOF when reading a line
Ask me anything: An error occurred: EOF when reading a line
Ask me anything: An error occurred: EOF when reading a line
Ask me anything: An error occurred: EOF when reading a line
Ask me anything: An error occurred: EOF when reading a line
Ask me anything: An error occurred: EOF when reading a line
Ask me anything: An error occurred: EOF when reading a line
Ask me anything: An error occurred: EOF when reading a line
Ask me anything: An error occurred: EOF when reading a line
Ask me anything: An error occurred: EOF when reading a line
Ask me anything: An error occurred: EOF when reading a line
Ask me anything: An error occurred: EOF when reading a line
Ask me anything: An error occurred: EOF when reading a line
Ask me anything: An error occurred: EOF when reading a line
Ask me anything: An error occurred: EOF when reading a line
Ask me anything: An error occurred: EOF when reading a line
Ask me anything: An error occurred: EOF when reading a line
Ask me anything: An error occurred: EOF when reading a line
Ask me anything: An error occurred: EOF when reading a line
Ask me anything: An error occurred: EOF when reading a line
Ask me anything: An error occurred: EOF when reading a line
Ask me anything: An error occurred: EOF when reading a line
Ask me anything: An error occurred: EOF when reading a line
Ask me anything: An error occurred: EOF when reading a line
Ask me anything: An error occurred: EOF when reading a line
Ask me anything: An error occurred: EOF when reading a line
Ask me anything: An error occurred: EOF when reading a line
Ask me anything: An error occurred: EOF when reading a line
Ask me anything: An error occurred: EOF when reading a line
Ask me anything: An error occurred: EOF when reading a line
Ask me anything: An error occurred: EOF when reading a line
Ask me anything: An error occurred: EOF when reading a line
Ask me anything: An error occurred: EOF when reading a line
Ask me anything: An error occurred: EOF when reading a line
Ask me anything: An error occurred: EOF when reading a line
Ask me anything: An error occurred: EOF when reading a line
Ask me anything: An error occurred: EOF when reading a line
Ask me anything: An error occurred: EOF when reading a line
Ask me anything: An error occurred: EOF when reading a line
Ask me anything: An error occurred: EOF when reading a line
Ask me anything: An error occurred: EOF when reading a line
Ask me anything: An error occurred: EOF when reading a line
Ask me anything: An error occurred: EOF when reading a line
Ask me anything: An error occurred: EOF when reading a line
Ask me anything: An error occurred: EOF when reading a line
Ask me anything: An error occurred: EOF when reading a line
Ask me anything: An error occurred: EOF when reading a line
Ask me anything: An error occurred: EOF when reading a line
Ask me anything: An error occurred: EOF when reading a line
Ask me anything: An error occurred: EOF when reading a line
Ask me anything: An error occurred: EOF when reading a line
Ask me anything: An error occurred: EOF when reading a line
Ask me anything: An error occurred: EOF when reading a line
Ask me anything: An error occurred: EOF when reading a line
Ask me anything: An error occurred: EOF when reading a line
Ask me anything: An error occurred: EOF when reading a line
Ask me anything: An error occurred: EOF when reading a line
Ask me anything: An error occurred: EOF when reading a line
Ask me anything: An error occurred: EOF when reading a line
Ask me anything: An error occurred: EOF when reading a line
Ask me anything: An error occurred: EOF when reading a line
Ask me anything: An error occurred: EOF when reading a line
Ask me anything: An error occurred: EOF when reading a line
Ask me anything: An error occurred: EOF when reading a line
Ask me anything: An error occurred: EOF when reading a line
Ask me anything: An error occurred: EOF when reading a line
Ask me anything: An error occurred: EOF when reading a line
Ask me anything: An error occurred: EOF when reading a line
Ask me anything: An error occurred: EOF when reading a line
Ask me anything: An error occurred: EOF when reading a line
Ask me anything: An error occurred: EOF when reading a line
Ask me anything: An error occurred: EOF when reading a line
Ask me anything: An error occurred: EOF when reading a line
Ask me anything: An error occurred: EOF when reading a line
Ask me anything: An error occurred: EOF when reading a line
Ask me anything: An error occurred: EOF when reading a line
Ask me anything: An error occurred: EOF when reading a line
Ask me anything: An error occurred: EOF when reading a line
Ask me anything: An error occurred: EOF when reading a line
Ask me anything: An error occurred: EOF when reading a line
Ask me anything: An error occurred: EOF when reading a line
Ask me anything: An error occurred: EOF when reading a line
Ask me anything: An error occurred: EOF when reading a line
Ask me anything: An error occurred: EOF when reading a line
Ask me anything: An error occurred: EOF when reading a line
Ask me anything: An error occurred: EOF when reading a line
Ask me anything: An error occurred: EOF when reading a line
Ask me anything: An error occurred: EOF when reading a line
Ask me anything: An error occurred: EOF when reading a line
Ask me anything: An error occurred: EOF when reading a line
Ask me anything: An error occurred: EOF when reading a line
Ask me anything: An error occurred: EOF when reading a line
Ask me anything: An error occurred: EOF when reading a line
Ask me anything: An error occurred: EOF when reading a line
Ask me anything: An error occurred: EOF when reading a line
Ask me anything: An error occurred: EOF when reading a line
Ask me anything: An error occurred: EOF when reading a line
Ask me anything: An error occurred: EOF when reading a line
Ask me anything: An error occurred: EOF when reading a line
Ask me anything: An error occurred: EOF when reading a line
Ask me anything: An error occurred: EOF when reading a line
Ask me anything: An error occurred: EOF when reading a line
Ask me anything: An error occurred: EOF when reading a line
Ask me anything: An error occurred: EOF when reading a line
Ask me anything: An error occurred: EOF when reading a line
Ask me anything: An error occurred: EOF when reading a line
Ask me anything: An error occurred: EOF when reading a line
Ask me anything: An error occurred: EOF when reading a line
Ask me anything: An error occurred: EOF when reading a line
Ask me anything: An error occurred: EOF when reading a line
Ask me anything: An error occurred: EOF when reading a line
Ask me anything: An error occurred: EOF when reading a line
Ask me anything: An error occurred: EOF when reading a line
Ask me anything: An error occurred: EOF when reading a line
Ask me anything: An error occurred: EOF when reading a line
Ask me anything: An error occurred: EOF when reading a line
Ask me anything: An error occurred: EOF when reading a line
Ask me anything: An error occurred: EOF when reading a line
Ask me anything: An error occurred: EOF when reading a line
Ask me anything: An error occurred: EOF when reading a line
Ask me anything: An error occurred: EOF when reading a line
Ask me anything: An error occurred: EOF when reading a line
Ask me anything: An error occurred: EOF when reading a line
Ask me anything: An error occurred: EOF when reading a line
Ask me anything: An error occurred: EOF when reading a line
Ask me anything: An error occurred: EOF when reading a line
Ask me anything: An error occurred: EOF when reading a line
Ask me anything: An error occurred: EOF when reading a line
Ask me anything: An error occurred: EOF when reading a line
Ask me anything: An error occurred: EOF when reading a line
Ask me anything: An error occurred: EOF when reading a line
Ask me anything: An error occurred: EOF when reading a line
Ask me anything: An error occurred: EOF when reading a line
Ask me anything: An error occurred: EOF when reading a line
Ask me anything: An error occurred: EOF when reading a line
Ask me anything: An error occurred: EOF when reading a line
Ask me anything: An error occurred: EOF when reading a line
Ask me anything: An error occurred: EOF when reading a line
Ask me anything: An error occurred: EOF when reading a line
Ask me anything: An error occurred: EOF when reading a line
Ask me anything: An error occurred: EOF when reading a line
Ask me anything: An error occurred: EOF when reading a line
Ask me anything: An error occurred: EOF when reading a line
Ask me anything: An error occurred: EOF when reading a line
Ask me anything: An error occurred: EOF when reading a line
Ask me anything: An error occurred: EOF when reading a line
Ask me anything: An error occurred: EOF when reading a line
Ask me anything: An error occurred: EOF when reading a line
Ask me anything: An error occurred: EOF when reading a line
Ask me anything: An error occurred: EOF when reading a line
Ask me anything: An error occurred: EOF when reading a line
Ask me anything: An error occurred: EOF when reading a line
Ask me anything: An error occurred: EOF when reading a line
Ask me anything: An error occurred: EOF when reading a line
Ask me anything: An error occurred: EOF when reading a line
Ask me anything: An error occurred: EOF when reading a line
Ask me anything: An error occurred: EOF when reading a line
Ask me anything: An error occurred: EOF when reading a line
Ask me anything: An error occurred: EOF when reading a line
Ask me anything: An error occurred: EOF when reading a line
Ask me anything: An error occurred: EOF when reading a line
Ask me anything: An error occurred: EOF when reading a line
Ask me anything: An error occurred: EOF when reading a line
Ask me anything: An error occurred: EOF when reading a line
Ask me anything: An error occurred: EOF when reading a line
Ask me anything: An error occurred: EOF when reading a line
Ask me anything: An error occurred: EOF when reading a line
Ask me anything: An error occurred: EOF when reading a line
Ask me anything: An error occurred: EOF when reading a line
Ask me anything: An error occurred: EOF when reading a line
Ask me anything: An error occurred: EOF when reading a line
Ask me anything: An error occurred: EOF when reading a line
Ask me anything: An error occurred: EOF when reading a line
Ask me anything: An error occurred: EOF when reading a line
Ask me anything: An error occurred: EOF when reading a line
Ask me anything: An error occurred: EOF when reading a line
Ask me anything: An error occurred: EOF when reading a line
Ask me anything: An error occurred: EOF when reading a line
Ask me anything: An error occurred: EOF when reading a line
Ask me anything: An error occurred: EOF when reading a line
Ask me anything: An error occurred: EOF when reading a line
Ask me anything: An error occurred: EOF when reading a line
Ask me anything: An error occurred: EOF when reading a line
Ask me anything: An error occurred: EOF when reading a line
Ask me anything: An error occurred: EOF when reading a line
Ask me anything: An error occurred: EOF when reading a line
Ask me anything: An error occurred: EOF when reading a line
Ask me anything: An error occurred: EOF when reading a line
Ask me anything: An error occurred: EOF when reading a line
Ask me anything: An error occurred: EOF when reading a line
Ask me anything: An error occurred: EOF when reading a line
Ask me anything: An error occurred: EOF when reading a line
Ask me anything: An error occurred: EOF when reading a line
Ask me anything: An error occurred: EOF when reading a line
Ask me anything: An error occurred: EOF when reading a line
Ask me anything: An error occurred: EOF when reading a line
Ask me anything: An error occurred: EOF when reading a line
Ask me anything: An error occurred: EOF when reading a line
Ask me anything: An error occurred: EOF when reading a line
Ask me anything: An error occurred: EOF when reading a line
Ask me anything: An error occurred: EOF when reading a line
Ask me anything: An error occurred: EOF when reading a line
Ask me anything: An error occurred: EOF when reading a line
Ask me anything: An error occurred: EOF when reading a line
Ask me anything: An error occurred: EOF when reading a line
Ask me anything: An error occurred: EOF when reading a line
Ask me anything: An error occurred: EOF when reading a line
Ask me anything: An error occurred: EOF when reading a line
Ask me anything: An error occurred: EOF when reading a line
Ask me anything: An error occurred: EOF when reading a line
Ask me anything: An error occurred: EOF when reading a line
Ask me anything: An error occurred: EOF when reading a line
Ask me anything: An error occurred: EOF when reading a line
Ask me anything: An error occurred: EOF when reading a line
Ask me anything: An error occurred: EOF when reading a line
Ask me anything: An error occurred: EOF when reading a line
Ask me anything: An error occurred: EOF when reading a line
Ask me anything: An error occurred: EOF when reading a line
Ask me anything: An error occurred: EOF when reading a line
Ask me anything: An error occurred: EOF when reading a line
Ask me anything: An error occurred: EOF when reading a line
Ask me anything: An error occurred: EOF when reading a line
Ask me anything: An error occurred: EOF when reading a line
Ask me anything: An error occurred: EOF when reading a line
Ask me anything: An error occurred: EOF when reading a line
Ask me anything: An error occurred: EOF when reading a line
Ask me anything: An error occurred: EOF when reading a line
Ask me anything: An error occurred: EOF when reading a line
Ask me anything: An error occurred: EOF when reading a line
Ask me anything: An error occurred: EOF when reading a line
Ask me anything: An error occurred: EOF when reading a line
Ask me anything: An error occurred: EOF when reading a line
Ask me anything: An error occurred: EOF when reading a line
Ask me anything: An error occurred: EOF when reading a line
Ask me anything: An error occurred: EOF when reading a line
Ask me anything: An error occurred: EOF when reading a line
Ask me anything: An error occurred: EOF when reading a line
Ask me anything: An error occurred: EOF when reading a line
Ask me anything: An error occurred: EOF when reading a line
Ask me anything: An error occurred: EOF when reading a line
Ask me anything: An error occurred: EOF when reading a line
Ask me anything: An error occurred: EOF when reading a line
Ask me anything: An error occurred: EOF when reading a line
Ask me anything: An error occurred: EOF when reading a line
Ask me anything: An error occurred: EOF when reading a line
Ask me anything: An error occurred: EOF when reading a line
Ask me anything: An error occurred: EOF when reading a line
Ask me anything: An error occurred: EOF when reading a line
Ask me anything: An error occurred: EOF when reading a line
Ask me anything: An error occurred: EOF when reading a line
Ask me anything: An error occurred: EOF when reading a line
Ask me anything: An error occurred: EOF when reading a line
Ask me anything: An error occurred: EOF when reading a line
Ask me anything: An error occurred: EOF when reading a line
Ask me anything: An error occurred: EOF when reading a line
Ask me anything: An error occurred: EOF when reading a line
Ask me anything: An error occurred: EOF when reading a line
Ask me anything: An error occurred: EOF when reading a line
Ask me anything: An error occurred: EOF when reading a line
Ask me anything: An error occurred: EOF when reading a line
Ask me anything: An error occurred: EOF when reading a line
Ask me anything: An error occurred: EOF when reading a line
Ask me anything: An error occurred: EOF when reading a line
Ask me anything: An error occurred: EOF when reading a line
Ask me anything: An error occurred: EOF when reading a line
Ask me anything: An error occurred: EOF when reading a line
Ask me anything: An error occurred: EOF when reading a line
Ask me anything: An error occurred: EOF when reading a line
Ask me anything: An error occurred: EOF when reading a line
Ask me anything: An error occurred: EOF when reading a line
Ask me anything: An error occurred: EOF when reading a line
Ask me anything: An error occurred: EOF when reading a line
Ask me anything: An error occurred: EOF when reading a line
Ask me anything: An error occurred: EOF when reading a line
Ask me anything: An error occurred: EOF when reading a line
Ask me anything: An error occurred: EOF when reading a line
Ask me anything: An error occurred: EOF when reading a line
Ask me anything: An error occurred: EOF when reading a line
Ask me anything: An error occurred: EOF when reading a line
Ask me anything: An error occurred: EOF when reading a line
Ask me anything: An error occurred: EOF when reading a line
Ask me anything: An error occurred: EOF when reading a line
Ask me anything: An error occurred: EOF when reading a line
Ask me anything: An error occurred: EOF when reading a line
Ask me anything: An error occurred: EOF when reading a line
Ask me anything: An error occurred: EOF when reading a line
Ask me anything: An error occurred: EOF when reading a line
Ask me anything: An error occurred: EOF when reading a line
Ask me anything: An error occurred: EOF when reading a line
Ask me anything: An error occurred: EOF when reading a line
Ask me anything: An error occurred: EOF when reading a line
Ask me anything: An error occurred: EOF when reading a line
Ask me anything: An error occurred: EOF when reading a line
Ask me anything: An error occurred: EOF when reading a line
Ask me anything: An error occurred: EOF when reading a line
Ask me anything: An error occurred: EOF when reading a line
Ask me anything: An error occurred: EOF when reading a line
Ask me anything: An error occurred: EOF when reading a line
Ask me anything: An error occurred: EOF when reading a line
Ask me anything: An error occurred: EOF when reading a line
Ask me anything: An error occurred: EOF when reading a line
Ask me anything: An error occurred: EOF when reading a line
Ask me anything: An error occurred: EOF when reading a line
Ask me anything: An error occurred: EOF when reading a line
Ask me anything: An error occurred: EOF when reading a line
Ask me anything: An error occurred: EOF when reading a line
Ask me anything: An error occurred: EOF when reading a line
Ask me anything: An error occurred: EOF when reading a line
Ask me anything: An error occurred: EOF when reading a line
Ask me anything: An error occurred: EOF when reading a line
Ask me anything: An error occurred: EOF when reading a line
Ask me anything: An error occurred: EOF when reading a line
Ask me anything: An error occurred: EOF when reading a line
Ask me anything: An error occurred: EOF when reading a line
Ask me anything: An error occurred: EOF when reading a line
Ask me anything: An error occurred: EOF when reading a line
Ask me anything: An error occurred: EOF when reading a line
Ask me anything: An error occurred: EOF when reading a line
Ask me anything: An error occurred: EOF when reading a line
Ask me anything: An error occurred: EOF when reading a line
Ask me anything: An error occurred: EOF when reading a line
Ask me anything: An error occurred: EOF when reading a line
Ask me anything: An error occurred: EOF when reading a line
Ask me anything: An error occurred: EOF when reading a line
Ask me anything: An error occurred: EOF when reading a line
Ask me anything: An error occurred: EOF when reading a line
Ask me anything: An error occurred: EOF when reading a line
Ask me anything: An error occurred: EOF when reading a line
Ask me anything: An error occurred: EOF when reading a line
Ask me anything: An error occurred: EOF when reading a line
Ask me anything: An error occurred: EOF when reading a line
Ask me anything: An error occurred: EOF when reading a line
Ask me anything: An error occurred: EOF when reading a line
Ask me anything: An error occurred: EOF when reading a line
Ask me anything: An error occurred: EOF when reading a line
Ask me anything: An error occurred: EOF when reading a line
Ask me anything: An error occurred: EOF when reading a line
Ask me anything: An error occurred: EOF when reading a line
Ask me anything: An error occurred: EOF when reading a line
Ask me anything: An error occurred: EOF when reading a line
Ask me anything: An error occurred: EOF when reading a line
Ask me anything: An error occurred: EOF when reading a line
Ask me anything: An error occurred: EOF when reading a line
Ask me anything: An error occurred: EOF when reading a line
Ask me anything: An error occurred: EOF when reading a line
Ask me anything: An error occurred: EOF when reading a line
Ask me anything: An error occurred: EOF when reading a line
Ask me anything: An error occurred: EOF when reading a line
Ask me anything: An error occurred: EOF when reading a line
Ask me anything: An error occurred: EOF when reading a line
Ask me anything: An error occurred: EOF when reading a line
Ask me anything: An error occurred: EOF when reading a line
Ask me anything: An error occurred: EOF when reading a line
Ask me anything: An error occurred: EOF when reading a line
Ask me anything: An error occurred: EOF when reading a line
Ask me anything: An error occurred: EOF when reading a line
Ask me anything: An error occurred: EOF when reading a line
Ask me anything: An error occurred: EOF when reading a line
Ask me anything: An error occurred: EOF when reading a line
Ask me anything: An error occurred: EOF when reading a line
Ask me anything: An error occurred: EOF when reading a line
Ask me anything: An error occurred: EOF when reading a line
Ask me anything: An error occurred: EOF when reading a line
Ask me anything: An error occurred: EOF when reading a line
Ask me anything: An error occurred: EOF when reading a line
Ask me anything: An error occurred: EOF when reading a line
Ask me anything: An error occurred: EOF when reading a line
Ask me anything: An error occurred: EOF when reading a line
Ask me anything: An error occurred: EOF when reading a line
Ask me anything: An error occurred: EOF when reading a line
Ask me anything: An error occurred: EOF when reading a line
Ask me anything: An error occurred: EOF when reading a line
Ask me anything: An error occurred: EOF when reading a line
Ask me anything: An error occurred: EOF when reading a line
Ask me anything: An error occurred: EOF when reading a line
Ask me anything: An error occurred: EOF when reading a line
Ask me anything: An error occurred: EOF when reading a line
Ask me anything: An error occurred: EOF when reading a line
Ask me anything: An error occurred: EOF when reading a line
Ask me anything: An error occurred: EOF when reading a line
Ask me anything: An error occurred: EOF when reading a line
Ask me anything: An error occurred: EOF when reading a line
Ask me anything: An error occurred: EOF when reading a line
Ask me anything: An error occurred: EOF when reading a line
Ask me anything: An error occurred: EOF when reading a line
Ask me anything: An error occurred: EOF when reading a line
Ask me anything: An error occurred: EOF when reading a line
Ask me anything: An error occurred: EOF when reading a line
Ask me anything: An error occurred: EOF when reading a line
Ask me anything: An error occurred: EOF when reading a line
Ask me anything: An error occurred: EOF when reading a line
Ask me anything: An error occurred: EOF when reading a line
Ask me anything: An error occurred: EOF when reading a line
Ask me anything: An error occurred: EOF when reading a line
Ask me anything: An error occurred: EOF when reading a line
Ask me anything: An error occurred: EOF when reading a line
Ask me anything: An error occurred: EOF when reading a line
Ask me anything: An error occurred: EOF when reading a line
Ask me anything: An error occurred: EOF when reading a line
Ask me anything: An error occurred: EOF when reading a line
Ask me anything: An error occurred: EOF when reading a line
Ask me anything: An error occurred: EOF when reading a line
Ask me anything: An error occurred: EOF when reading a line
Ask me anything: An error occurred: EOF when reading a line
Ask me anything: An error occurred: EOF when reading a line
Ask me anything: An error occurred: EOF when reading a line
Ask me anything: An error occurred: EOF when reading a line
Ask me anything: An error occurred: EOF when reading a line
Ask me anything: An error occurred: EOF when reading a line
Ask me anything: An error occurred: EOF when reading a line
Ask me anything: An error occurred: EOF when reading a line
Ask me anything: An error occurred: EOF when reading a line
Ask me anything: An error occurred: EOF when reading a line
Ask me anything: An error occurred: EOF when reading a line
Ask me anything: An error occurred: EOF when reading a line
Ask me anything: An error occurred: EOF when reading a line
Ask me anything: An error occurred: EOF when reading a line
Ask me anything: An error occurred: EOF when reading a line
Ask me anything: An error occurred: EOF when reading a line
Ask me anything: An error occurred: EOF when reading a line
Ask me anything: An error occurred: EOF when reading a line
Ask me anything: An error occurred: EOF when reading a line
Ask me anything: An error occurred: EOF when reading a line
Ask me anything: An error occurred: EOF when reading a line
Ask me anything: An error occurred: EOF when reading a line
Ask me anything: An error occurred: EOF when reading a line
Ask me anything: An error occurred: EOF when reading a line
Ask me anything: An error occurred: EOF when reading a line
Ask me anything: An error occurred: EOF when reading a line
Ask me anything: An error occurred: EOF when reading a line
Ask me anything: An error occurred: EOF when reading a line
Ask me anything: An error occurred: EOF when reading a line
Ask me anything: An error occurred: EOF when reading a line
Ask me anything: An error occurred: EOF when reading a line
Ask me anything: An error occurred: EOF when reading a line
Ask me anything: An error occurred: EOF when reading a line
Ask me anything: An error occurred: EOF when reading a line
Ask me anything: An error occurred: EOF when reading a line
Ask me anything: An error occurred: EOF when reading a line
Ask me anything: An error occurred: EOF when reading a line
Ask me anything: An error occurred: EOF when reading a line
Ask me anything: An error occurred: EOF when reading a line
Ask me anything: An error occurred: EOF when reading a line
Ask me anything: An error occurred: EOF when reading a line
Ask me anything: An error occurred: EOF when reading a line
Ask me anything: An error occurred: EOF when reading a line
Ask me anything: An error occurred: EOF when reading a line
Ask me anything: An error occurred: EOF when reading a line
Ask me anything: An error occurred: EOF when reading a line
Ask me anything: An error occurred: EOF when reading a line
Ask me anything: An error occurred: EOF when reading a line
Ask me anything: An error occurred: EOF when reading a line
Ask me anything: An error occurred: EOF when reading a line
Ask me anything: An error occurred: EOF when reading a line
Ask me anything: An error occurred: EOF when reading a line
Ask me anything: An error occurred: EOF when reading a line
Ask me anything: An error occurred: EOF when reading a line
Ask me anything: An error occurred: EOF when reading a line
Ask me anything: An error occurred: EOF when reading a line
Ask me anything: An error occurred: EOF when reading a line
Ask me anything: An error occurred: EOF when reading a line
Ask me anything: An error occurred: EOF when reading a line
Ask me anything: An error occurred: EOF when reading a line
Ask me anything: An error occurred: EOF when reading a line
Ask me anything: An error occurred: EOF when reading a line
Ask me anything: An error occurred: EOF when reading a line
Ask me anything: An error occurred: EOF when reading a line
Ask me anything: An error occurred: EOF when reading a line
Ask me anything: An error occurred: EOF when reading a line
Ask me anything: An error occurred: EOF when reading a line
Ask me anything: An error occurred: EOF when reading a line
Ask me anything: An error occurred: EOF when reading a line
Ask me anything: An error occurred: EOF when reading a line
Ask me anything: An error occurred: EOF when reading a line
Ask me anything: An error occurred: EOF when reading a line
Ask me anything: An error occurred: EOF when reading a line
Ask me anything: An error occurred: EOF when reading a line
Ask me anything: An error occurred: EOF when reading a line
Ask me anything: An error occurred: EOF when reading a line
Ask me anything: An error occurred: EOF when reading a line
Ask me anything: An error occurred: EOF when reading a line
Ask me anything: An error occurred: EOF when reading a line
Ask me anything: An error occurred: EOF when reading a line
Ask me anything: An error occurred: EOF when reading a line
Ask me anything: An error occurred: EOF when reading a line
Ask me anything: An error occurred: EOF when reading a line
Ask me anything: An error occurred: EOF when reading a line
Ask me anything: An error occurred: EOF when reading a line
Ask me anything: An error occurred: EOF when reading a line
Ask me anything: An error occurred: EOF when reading a line
Ask me anything: An error occurred: EOF when reading a line
Ask me anything: An error occurred: EOF when reading a line
Ask me anything: An error occurred: EOF when reading a line
Ask me anything: An error occurred: EOF when reading a line
Ask me anything: An error occurred: EOF when reading a line
Ask me anything: An error occurred: EOF when reading a line
Ask me anything: An error occurred: EOF when reading a line
Ask me anything: An error occurred: EOF when reading a line
Ask me anything: An error occurred: EOF when reading a line
Ask me anything: An error occurred: EOF when reading a line
Ask me anything: An error occurred: EOF when reading a line
Ask me anything: An error occurred: EOF when reading a line
Ask me anything: An error occurred: EOF when reading a line
Ask me anything: An error occurred: EOF when reading a line
Ask me anything: An error occurred: EOF when reading a line
Ask me anything: An error occurred: EOF when reading a line
Ask me anything: An error occurred: EOF when reading a line
Ask me anything: An error occurred: EOF when reading a line
Ask me anything: An error occurred: EOF when reading a line
Ask me anything: An error occurred: EOF when reading a line
Ask me anything: An error occurred: EOF when reading a line
Ask me anything: An error occurred: EOF when reading a line
Ask me anything: An error occurred: EOF when reading a line
Ask me anything: An error occurred: EOF when reading a line
Ask me anything: An error occurred: EOF when reading a line
Ask me anything: An error occurred: EOF when reading a line
Ask me anything: An error occurred: EOF when reading a line
Ask me anything: An error occurred: EOF when reading a line
Ask me anything: An error occurred: EOF when reading a line
Ask me anything: An error occurred: EOF when reading a line
Ask me anything: An error occurred: EOF when reading a line
Ask me anything: An error occurred: EOF when reading a line
Ask me anything: An error occurred: EOF when reading a line
Ask me anything: An error occurred: EOF when reading a line
Ask me anything: An error occurred: EOF when reading a line
Ask me anything: An error occurred: EOF when reading a line
Ask me anything: An error occurred: EOF when reading a line
Ask me anything: An error occurred: EOF when reading a line
Ask me anything: An error occurred: EOF when reading a line
Ask me anything: An error occurred: EOF when reading a line
Ask me anything: An error occurred: EOF when reading a line
Ask me anything: An error occurred: EOF when reading a line
Ask me anything: An error occurred: EOF when reading a line
Ask me anything: An error occurred: EOF when reading a line
Ask me anything: An error occurred: EOF when reading a line
Ask me anything: An error occurred: EOF when reading a line
Ask me anything: An error occurred: EOF when reading a line
Ask me anything: An error occurred: EOF when reading a line
Ask me anything: An error occurred: EOF when reading a line
Ask me anything: An error occurred: EOF when reading a line
Ask me anything: An error occurred: EOF when reading a line
Ask me anything: An error occurred: EOF when reading a line
Ask me anything: An error occurred: EOF when reading a line
Ask me anything: An error occurred: EOF when reading a line
Ask me anything: An error occurred: EOF when reading a line
Ask me anything: An error occurred: EOF when reading a line
Ask me anything: An error occurred: EOF when reading a line
Ask me anything: An error occurred: EOF when reading a line
Ask me anything: An error occurred: EOF when reading a line
Ask me anything: An error occurred: EOF when reading a line
Ask me anything: An error occurred: EOF when reading a line
Ask me anything: An error occurred: EOF when reading a line
Ask me anything: An error occurred: EOF when reading a line
Ask me anything: An error occurred: EOF when reading a line
Ask me anything: An error occurred: EOF when reading a line
Ask me anything: An error occurred: EOF when reading a line
Ask me anything: An error occurred: EOF when reading a line
Ask me anything: An error occurred: EOF when reading a line
Ask me anything: An error occurred: EOF when reading a line
Ask me anything: An error occurred: EOF when reading a line
Ask me anything: An error occurred: EOF when reading a line
Ask me anything: An error occurred: EOF when reading a line
Ask me anything: An error occurred: EOF when reading a line
Ask me anything: An error occurred: EOF when reading a line
Ask me anything: An error occurred: EOF when reading a line
Ask me anything: An error occurred: EOF when reading a line
Ask me anything: An error occurred: EOF when reading a line
Ask me anything: An error occurred: EOF when reading a line
Ask me anything: An error occurred: EOF when reading a line
Ask me anything: An error occurred: EOF when reading a line
Ask me anything: An error occurred: EOF when reading a line
Ask me anything: An error occurred: EOF when reading a line
Ask me anything: An error occurred: EOF when reading a line
Ask me anything: An error occurred: EOF when reading a line
Ask me anything: An error occurred: EOF when reading a line
Ask me anything: An error occurred: EOF when reading a line
Ask me anything: An error occurred: EOF when reading a line
Ask me anything: An error occurred: EOF when reading a line
Ask me anything: An error occurred: EOF when reading a line
Ask me anything: An error occurred: EOF when reading a line
Ask me anything: An error occurred: EOF when reading a line
Ask me anything: An error occurred: EOF when reading a line
Ask me anything: An error occurred: EOF when reading a line
Ask me anything: An error occurred: EOF when reading a line
Ask me anything: An error occurred: EOF when reading a line
Ask me anything: An error occurred: EOF when reading a line
Ask me anything: An error occurred: EOF when reading a line
Ask me anything: An error occurred: EOF when reading a line
Ask me anything: An error occurred: EOF when reading a line
Ask me anything: An error occurred: EOF when reading a line
Ask me anything: An error occurred: EOF when reading a line
Ask me anything: An error occurred: EOF when reading a line
Ask me anything: An error occurred: EOF when reading a line
Ask me anything: An error occurred: EOF when reading a line
Ask me anything: An error occurred: EOF when reading a line
Ask me anything: An error occurred: EOF when reading a line
Ask me anything: An error occurred: EOF when reading a line
Ask me anything: An error occurred: EOF when reading a line
Ask me anything: An error occurred: EOF when reading a line
Ask me anything: An error occurred: EOF when reading a line
Ask me anything: An error occurred: EOF when reading a line
Ask me anything: An error occurred: EOF when reading a line
Ask me anything: An error occurred: EOF when reading a line
Ask me anything: An error occurred: EOF when reading a line
Ask me anything: An error occurred: EOF when reading a line
Ask me anything: An error occurred: EOF when reading a line
Ask me anything: An error occurred: EOF when reading a line
Ask me anything: An error occurred: EOF when reading a line
Ask me anything: An error occurred: EOF when reading a line
Ask me anything: An error occurred: EOF when reading a line
Ask me anything: An error occurred: EOF when reading a line
Ask me anything: An error occurred: EOF when reading a line
Ask me anything: An error occurred: EOF when reading a line
Ask me anything: An error occurred: EOF when reading a line
Ask me anything: An error occurred: EOF when reading a line
Ask me anything: An error occurred: EOF when reading a line
Ask me anything: An error occurred: EOF when reading a line
Ask me anything: An error occurred: EOF when reading a line
Ask me anything: An error occurred: EOF when reading a line
Ask me anything: An error occurred: EOF when reading a line
Ask me anything: An error occurred: EOF when reading a line
Ask me anything: An error occurred: EOF when reading a line
Ask me anything: An error occurred: EOF when reading a line
Ask me anything: An error occurred: EOF when reading a line
Ask me anything: An error occurred: EOF when reading a line
Ask me anything: An error occurred: EOF when reading a line
Ask me anything: An error occurred: EOF when reading a line
Ask me anything: An error occurred: EOF when reading a line
Ask me anything: An error occurred: EOF when reading a line
Ask me anything: An error occurred: EOF when reading a line
Ask me anything: An error occurred: EOF when reading a line
Ask me anything: An error occurred: EOF when reading a line
Ask me anything: An error occurred: EOF when reading a line
Ask me anything: An error occurred: EOF when reading a line
Ask me anything: An error occurred: EOF when reading a line
Ask me anything: An error occurred: EOF when reading a line
Ask me anything: An error occurred: EOF when reading a line
Ask me anything: An error occurred: EOF when reading a line
Ask me anything: An error occurred: EOF when reading a line
Ask me anything: An error occurred: EOF when reading a line
Ask me anything: An error occurred: EOF when reading a line
Ask me anything: An error occurred: EOF when reading a line
Ask me anything: An error occurred: EOF when reading a line
Ask me anything: An error occurred: EOF when reading a line
Ask me anything: An error occurred: EOF when reading a line
Ask me anything: An error occurred: EOF when reading a line
Ask me anything: An error occurred: EOF when reading a line
Ask me anything: An error occurred: EOF when reading a line
Ask me anything: An error occurred: EOF when reading a line
Ask me anything: An error occurred: EOF when reading a line
Ask me anything: An error occurred: EOF when reading a line
Ask me anything: An error occurred: EOF when reading a line
Ask me anything: An error occurred: EOF when reading a line
Ask me anything: An error occurred: EOF when reading a line
Ask me anything: An error occurred: EOF when reading a line
Ask me anything: An error occurred: EOF when reading a line
Ask me anything: An error occurred: EOF when reading a line
Ask me anything: An error occurred: EOF when reading a line
Ask me anything: An error occurred: EOF when reading a line
Ask me anything: An error occurred: EOF when reading a line
Ask me anything: An error occurred: EOF when reading a line
Ask me anything: An error occurred: EOF when reading a line
Ask me anything: An error occurred: EOF when reading a line
Ask me anything: An error occurred: EOF when reading a line
Ask me anything: An error occurred: EOF when reading a line
Ask me anything: An error occurred: EOF when reading a line
Ask me anything: An error occurred: EOF when reading a line
Ask me anything: An error occurred: EOF when reading a line
Ask me anything: An error occurred: EOF when reading a line
Ask me anything: An error occurred: EOF when reading a line
Ask me anything: An error occurred: EOF when reading a line
Ask me anything: An error occurred: EOF when reading a line
Ask me anything: An error occurred: EOF when reading a line
Ask me anything: An error occurred: EOF when reading a line
Ask me anything: An error occurred: EOF when reading a line
Ask me anything: An error occurred: EOF when reading a line
Ask me anything: An error occurred: EOF when reading a line
Ask me anything: An error occurred: EOF when reading a line
Ask me anything: An error occurred: EOF when reading a line
Ask me anything: An error occurred: EOF when reading a line
Ask me anything: An error occurred: EOF when reading a line
Ask me anything: An error occurred: EOF when reading a line
Ask me anything: An error occurred: EOF when reading a line
Ask me anything: An error occurred: EOF when reading a line
Ask me anything: An error occurred: EOF when reading a line
Ask me anything: An error occurred: EOF when reading a line
Ask me anything: An error occurred: EOF when reading a line
Ask me anything: An error occurred: EOF when reading a line
Ask me anything: An error occurred: EOF when reading a line
Ask me anything: An error occurred: EOF when reading a line
Ask me anything: An error occurred: EOF when reading a line
Ask me anything: An error occurred: EOF when reading a line
Ask me anything: An error occurred: EOF when reading a line
Ask me anything: An error occurred: EOF when reading a line
Ask me anything: An error occurred: EOF when reading a line
Ask me anything: An error occurred: EOF when reading a line
Ask me anything: An error occurred: EOF when reading a line
Ask me anything: An error occurred: EOF when reading a line
Ask me anything: An error occurred: EOF when reading a line
Ask me anything: An error occurred: EOF when reading a line
Ask me anything: An error occurred: EOF when reading a line
Ask me anything: An error occurred: EOF when reading a line
Ask me anything: An error occurred: EOF when reading a line
Ask me anything: An error occurred: EOF when reading a line
Ask me anything: An error occurred: EOF when reading a line
Ask me anything: An error occurred: EOF when reading a line
Ask me anything: An error occurred: EOF when reading a line
Ask me anything: An error occurred: EOF when reading a line
Ask me anything: An error occurred: EOF when reading a line
Ask me anything: An error occurred: EOF when reading a line
Ask me anything: An error occurred: EOF when reading a line
Ask me anything: An error occurred: EOF when reading a line
Ask me anything: An error occurred: EOF when reading a line
Ask me anything: An error occurred: EOF when reading a line
Ask me anything: An error occurred: EOF when reading a line
Ask me anything: An error occurred: EOF when reading a line
Ask me anything: An error occurred: EOF when reading a line
Ask me anything: An error occurred: EOF when reading a line
Ask me anything: An error occurred: EOF when reading a line
Ask me anything: An error occurred: EOF when reading a line
Ask me anything: An error occurred: EOF when reading a line
Ask me anything: An error occurred: EOF when reading a line
Ask me anything: An error occurred: EOF when reading a line
Ask me anything: An error occurred: EOF when reading a line
Ask me anything: An error occurred: EOF when reading a line
Ask me anything: An error occurred: EOF when reading a line
Ask me anything: An error occurred: EOF when reading a line
Ask me anything: An error occurred: EOF when reading a line
Ask me anything: An error occurred: EOF when reading a line
Ask me anything: An error occurred: EOF when reading a line
Ask me anything: An error occurred: EOF when reading a line
Ask me anything: An error occurred: EOF when reading a line
Ask me anything: An error occurred: EOF when reading a line
Ask me anything: An error occurred: EOF when reading a line
Ask me anything: An error occurred: EOF when reading a line
Ask me anything: An error occurred: EOF when reading a line
Ask me anything: An error occurred: EOF when reading a line
Ask me anything: An error occurred: EOF when reading a line
Ask me anything: An error occurred: EOF when reading a line
Ask me anything: An error occurred: EOF when reading a line
Ask me anything: An error occurred: EOF when reading a line
Ask me anything: An error occurred: EOF when reading a line
Ask me anything: An error occurred: EOF when reading a line
Ask me anything: An error occurred: EOF when reading a line
Ask me anything: An error occurred: EOF when reading a line
Ask me anything: An error occurred: EOF when reading a line
Ask me anything: An error occurred: EOF when reading a line
Ask me anything: An error occurred: EOF when reading a line
Ask me anything: An error occurred: EOF when reading a line
Ask me anything: An error occurred: EOF when reading a line
Ask me anything: An error occurred: EOF when reading a line
Ask me anything: An error occurred: EOF when reading a line
Ask me anything: An error occurred: EOF when reading a line
Ask me anything: An error occurred: EOF when reading a line
Ask me anything: An error occurred: EOF when reading a line
Ask me anything: An error occurred: EOF when reading a line
Ask me anything: An error occurred: EOF when reading a line
Ask me anything: An error occurred: EOF when reading a line
Ask me anything: An error occurred: EOF when reading a line
Ask me anything: An error occurred: EOF when reading a line
Ask me anything: An error occurred: EOF when reading a line
Ask me anything: An error occurred: EOF when reading a line
Ask me anything: An error occurred: EOF when reading a line
Ask me anything: An error occurred: EOF when reading a line
Ask me anything: An error occurred: EOF when reading a line
Ask me anything: An error occurred: EOF when reading a line
Ask me anything: An error occurred: EOF when reading a line
Ask me anything: An error occurred: EOF when reading a line
Ask me anything: An error occurred: EOF when reading a line
Ask me anything: An error occurred: EOF when reading a line
Ask me anything: An error occurred: EOF when reading a line
Ask me anything: An error occurred: EOF when reading a line
Ask me anything: An error occurred: EOF when reading a line
Ask me anything: An error occurred: EOF when reading a line
Ask me anything: An error occurred: EOF when reading a line
Ask me anything: An error occurred: EOF when reading a line
Ask me anything: An error occurred: EOF when reading a line
Ask me anything: An error occurred: EOF when reading a line
Ask me anything: An error occurred: EOF when reading a line
Ask me anything: An error occurred: EOF when reading a line
Ask me anything: An error occurred: EOF when reading a line
Ask me anything: An error occurred: EOF when reading a line
Ask me anything: An error occurred: EOF when reading a line
Ask me anything: An error occurred: EOF when reading a line
Ask me anything: An error occurred: EOF when reading a line
Ask me anything: An error occurred: EOF when reading a line
Ask me anything: An error occurred: EOF when reading a line
Ask me anything: An error occurred: EOF when reading a line
Ask me anything: An error occurred: EOF when reading a line
Ask me anything: An error occurred: EOF when reading a line
Ask me anything: An error occurred: EOF when reading a line
Ask me anything: An error occurred: EOF when reading a line
Ask me anything: An error occurred: EOF when reading a line
Ask me anything: An error occurred: EOF when reading a line
Ask me anything: An error occurred: EOF when reading a line
Ask me anything: An error occurred: EOF when reading a line
Ask me anything: An error occurred: EOF when reading a line
Ask me anything: An error occurred: EOF when reading a line
Ask me anything: An error occurred: EOF when reading a line
Ask me anything: An error occurred: EOF when reading a line
Ask me anything: An error occurred: EOF when reading a line
Ask me anything: An error occurred: EOF when reading a line
Ask me anything: An error occurred: EOF when reading a line
Ask me anything: An error occurred: EOF when reading a line
Ask me anything: An error occurred: EOF when reading a line
Ask me anything: An error occurred: EOF when reading a line
Ask me anything: An error occurred: EOF when reading a line
Ask me anything: An error occurred: EOF when reading a line
Ask me anything: An error occurred: EOF when reading a line
Ask me anything: An error occurred: EOF when reading a line
Ask me anything: An error occurred: EOF when reading a line
Ask me anything: An error occurred: EOF when reading a line
Ask me anything: An error occurred: EOF when reading a line
Ask me anything: An error occurred: EOF when reading a line
Ask me anything: An error occurred: EOF when reading a line
Ask me anything: An error occurred: EOF when reading a line
Ask me anything: An error occurred: EOF when reading a line
Ask me anything: An error occurred: EOF when reading a line
Ask me anything: An error occurred: EOF when reading a line
Ask me anything: An error occurred: EOF when reading a line
Ask me anything: An error occurred: EOF when reading a line
Ask me anything: An error occurred: EOF when reading a line
Ask me anything: An error occurred: EOF when reading a line
Ask me anything: An error occurred: EOF when reading a line
Ask me anything: An error occurred: EOF when reading a line
Ask me anything: An error occurred: EOF when reading a line
Ask me anything: An error occurred: EOF when reading a line
Ask me anything: An error occurred: EOF when reading a line
Ask me anything: An error occurred: EOF when reading a line
Ask me anything: An error occurred: EOF when reading a line
Ask me anything: An error occurred: EOF when reading a line
Ask me anything: An error occurred: EOF when reading a line
Ask me anything: An error occurred: EOF when reading a line
Ask me anything: An error occurred: EOF when reading a line
Ask me anything: An error occurred: EOF when reading a line
Ask me anything: An error occurred: EOF when reading a line
Ask me anything: An error occurred: EOF when reading a line
Ask me anything: An error occurred: EOF when reading a line
Ask me anything: An error occurred: EOF when reading a line
Ask me anything: An error occurred: EOF when reading a line
Ask me anything: An error occurred: EOF when reading a line
Ask me anything: An error occurred: EOF when reading a line
Ask me anything: An error occurred: EOF when reading a line
Ask me anything: An error occurred: EOF when reading a line
Ask me anything: An error occurred: EOF when reading a line
Ask me anything: An error occurred: EOF when reading a line
Ask me anything: An error occurred: EOF when reading a line
Ask me anything: An error occurred: EOF when reading a line
Ask me anything: An error occurred: EOF when reading a line
Ask me anything: An error occurred: EOF when reading a line
Ask me anything: An error occurred: EOF when reading a line
Ask me anything: An error occurred: EOF when reading a line
Ask me anything: An error occurred: EOF when reading a line
Ask me anything: An error occurred: EOF when reading a line
Ask me anything: An error occurred: EOF when reading a line
Ask me anything: An error occurred: EOF when reading a line
Ask me anything: An error occurred: EOF when reading a line
Ask me anything: An error occurred: EOF when reading a line
Ask me anything: An error occurred: EOF when reading a line
Ask me anything: An error occurred: EOF when reading a line
Ask me anything: An error occurred: EOF when reading a line
Ask me anything: An error occurred: EOF when reading a line
Ask me anything: An error occurred: EOF when reading a line
Ask me anything: An error occurred: EOF when reading a line
Ask me anything: An error occurred: EOF when reading a line
Ask me anything: An error occurred: EOF when reading a line
Ask me anything: An error occurred: EOF when reading a line
Ask me anything: An error occurred: EOF when reading a line
Ask me anything: An error occurred: EOF when reading a line
Ask me anything: An error occurred: EOF when reading a line
Ask me anything: An error occurred: EOF when reading a line
Ask me anything: An error occurred: EOF when reading a line
Ask me anything: An error occurred: EOF when reading a line
Ask me anything: An error occurred: EOF when reading a line
Ask me anything: An error occurred: EOF when reading a line
Ask me anything: An error occurred: EOF when reading a line
Ask me anything: An error occurred: EOF when reading a line
Ask me anything: An error occurred: EOF when reading a line
Ask me anything: An error occurred: EOF when reading a line
Ask me anything: An error occurred: EOF when reading a line
Ask me anything: An error occurred: EOF when reading a line
Ask me anything: An error occurred: EOF when reading a line
Ask me anything: An error occurred: EOF when reading a line
Ask me anything: An error occurred: EOF when reading a line
Ask me anything: An error occurred: EOF when reading a line
Ask me anything: An error occurred: EOF when reading a line
Ask me anything: An error occurred: EOF when reading a line
Ask me anything: An error occurred: EOF when reading a line
Ask me anything: An error occurred: EOF when reading a line
Ask me anything: An error occurred: EOF when reading a line
Ask me anything: An error occurred: EOF when reading a line
Ask me anything: An error occurred: EOF when reading a line
Ask me anything: An error occurred: EOF when reading a line
Ask me anything: An error occurred: EOF when reading a line
Ask me anything: An error occurred: EOF when reading a line
Ask me anything: An error occurred: EOF when reading a line
Ask me anything: An error occurred: EOF when reading a line
Ask me anything: An error occurred: EOF when reading a line
Ask me anything: An error occurred: EOF when reading a line
Ask me anything: An error occurred: EOF when reading a line
Ask me anything: An error occurred: EOF when reading a line
Ask me anything: An error occurred: EOF when reading a line
Ask me anything: An error occurred: EOF when reading a line
Ask me anything: An error occurred: EOF when reading a line
Ask me anything: An error occurred: EOF when reading a line
Ask me anything: An error occurred: EOF when reading a line
Ask me anything: An error occurred: EOF when reading a line
Ask me anything: An error occurred: EOF when reading a line
Ask me anything: An error occurred: EOF when reading a line
Ask me anything: An error occurred: EOF when reading a line
Ask me anything: An error occurred: EOF when reading a line
Ask me anything: An error occurred: EOF when reading a line
Ask me anything: An error occurred: EOF when reading a line
Ask me anything: An error occurred: EOF when reading a line
Ask me anything: An error occurred: EOF when reading a line
Ask me anything: An error occurred: EOF when reading a line
Ask me anything: An error occurred: EOF when reading a line
Ask me anything: An error occurred: EOF when reading a line
Ask me anything: An error occurred: EOF when reading a line
Ask me anything: An error occurred: EOF when reading a line
Ask me anything: An error occurred: EOF when reading a line
Ask me anything: An error occurred: EOF when reading a line
Ask me anything: An error occurred: EOF when reading a line
Ask me anything: An error occurred: EOF when reading a line
Ask me anything: An error occurred: EOF when reading a line
Ask me anything: An error occurred: EOF when reading a line
Ask me anything: An error occurred: EOF when reading a line
Ask me anything: An error occurred: EOF when reading a line
Ask me anything: An error occurred: EOF when reading a line
Ask me anything: An error occurred: EOF when reading a line
Ask me anything: An error occurred: EOF when reading a line
Ask me anything: An error occurred: EOF when reading a line
Ask me anything: An error occurred: EOF when reading a line
Ask me anything: An error occurred: EOF when reading a line
Ask me anything: An error occurred: EOF when reading a line
Ask me anything: An error occurred: EOF when reading a line
Ask me anything: An error occurred: EOF when reading a line
Ask me anything: An error occurred: EOF when reading a line
Ask me anything: An error occurred: EOF when reading a line
Ask me anything: An error occurred: EOF when reading a line
Ask me anything: An error occurred: EOF when reading a line
Ask me anything: An error occurred: EOF when reading a line
Ask me anything: An error occurred: EOF when reading a line
Ask me anything: An error occurred: EOF when reading a line
Ask me anything: An error occurred: EOF when reading a line
Ask me anything: An error occurred: EOF when reading a line
Ask me anything: An error occurred: EOF when reading a line
Ask me anything: An error occurred: EOF when reading a line
Ask me anything: An error occurred: EOF when reading a line
Ask me anything: An error occurred: EOF when reading a line
Ask me anything: An error occurred: EOF when reading a line
Ask me anything: An error occurred: EOF when reading a line
Ask me anything: An error occurred: EOF when reading a line
Ask me anything: An error occurred: EOF when reading a line
Ask me anything: An error occurred: EOF when reading a line
Ask me anything: An error occurred: EOF when reading a line
Ask me anything: An error occurred: EOF when reading a line
Ask me anything: An error occurred: EOF when reading a line
Ask me anything: An error occurred: EOF when reading a line
Ask me anything: An error occurred: EOF when reading a line
Ask me anything: An error occurred: EOF when reading a line
Ask me anything: An error occurred: EOF when reading a line
Ask me anything: An error occurred: EOF when reading a line
Ask me anything: An error occurred: EOF when reading a line
Ask me anything: An error occurred: EOF when reading a line
Ask me anything: An error occurred: EOF when reading a line
Ask me anything: An error occurred: EOF when reading a line
Ask me anything: An error occurred: EOF when reading a line
Ask me anything: An error occurred: EOF when reading a line
Ask me anything: An error occurred: EOF when reading a line
Ask me anything: An error occurred: EOF when reading a line
Ask me anything: An error occurred: EOF when reading a line
Ask me anything: An error occurred: EOF when reading a line
Ask me anything: An error occurred: EOF when reading a line
Ask me anything: An error occurred: EOF when reading a line
Ask me anything: An error occurred: EOF when reading a line
Ask me anything: An error occurred: EOF when reading a line
Ask me anything: An error occurred: EOF when reading a line
Ask me anything: An error occurred: EOF when reading a line
Ask me anything: An error occurred: EOF when reading a line
Ask me anything: An error occurred: EOF when reading a line
Ask me anything: An error occurred: EOF when reading a line
Ask me anything: An error occurred: EOF when reading a line
Ask me anything: An error occurred: EOF when reading a line
Ask me anything: An error occurred: EOF when reading a line
Ask me anything: An error occurred: EOF when reading a line
Ask me anything: An error occurred: EOF when reading a line
Ask me anything: An error occurred: EOF when reading a line
Ask me anything: An error occurred: EOF when reading a line
Ask me anything: An error occurred: EOF when reading a line
Ask me anything: An error occurred: EOF when reading a line
Ask me anything: An error occurred: EOF when reading a line
Ask me anything: An error occurred: EOF when reading a line
Ask me anything: An error occurred: EOF when reading a line
Ask me anything: An error occurred: EOF when reading a line
Ask me anything: An error occurred: EOF when reading a line
Ask me anything: An error occurred: EOF when reading a line
Ask me anything: An error occurred: EOF when reading a line
Ask me anything: An error occurred: EOF when reading a line
Ask me anything: An error occurred: EOF when reading a line
Ask me anything: An error occurred: EOF when reading a line
Ask me anything: An error occurred: EOF when reading a line
Ask me anything: An error occurred: EOF when reading a line
Ask me anything: An error occurred: EOF when reading a line
Ask me anything: An error occurred: EOF when reading a line
Ask me anything: An error occurred: EOF when reading a line
Ask me anything: An error occurred: EOF when reading a line
Ask me anything: An error occurred: EOF when reading a line
Ask me anything: An error occurred: EOF when reading a line
Ask me anything: An error occurred: EOF when reading a line
Ask me anything: An error occurred: EOF when reading a line
Ask me anything: An error occurred: EOF when reading a line
Ask me anything: An error occurred: EOF when reading a line
Ask me anything: An error occurred: EOF when reading a line
Ask me anything: An error occurred: EOF when reading a line
Ask me anything: An error occurred: EOF when reading a line
Ask me anything: An error occurred: EOF when reading a line
Ask me anything: An error occurred: EOF when reading a line
Ask me anything: An error occurred: EOF when reading a line
Ask me anything: An error occurred: EOF when reading a line
Ask me anything: An error occurred: EOF when reading a line
Ask me anything: An error occurred: EOF when reading a line
Ask me anything: An error occurred: EOF when reading a line
Ask me anything: An error occurred: EOF when reading a line
Ask me anything: An error occurred: EOF when reading a line
Ask me anything: An error occurred: EOF when reading a line
Ask me anything: An error occurred: EOF when reading a line
Ask me anything: An error occurred: EOF when reading a line
Ask me anything: An error occurred: EOF when reading a line
Ask me anything: An error occurred: EOF when reading a line
Ask me anything: An error occurred: EOF when reading a line
Ask me anything: An error occurred: EOF when reading a line
Ask me anything: An error occurred: EOF when reading a line
Ask me anything: An error occurred: EOF when reading a line
Ask me anything: An error occurred: EOF when reading a line
Ask me anything: An error occurred: EOF when reading a line
Ask me anything: An error occurred: EOF when reading a line
Ask me anything: An error occurred: EOF when reading a line
Ask me anything: An error occurred: EOF when reading a line
Ask me anything: An error occurred: EOF when reading a line
Ask me anything: An error occurred: EOF when reading a line
Ask me anything: An error occurred: EOF when reading a line
Ask me anything: An error occurred: EOF when reading a line
Ask me anything: An error occurred: EOF when reading a line
Ask me anything: An error occurred: EOF when reading a line
Ask me anything: An error occurred: EOF when reading a line
Ask me anything: An error occurred: EOF when reading a line
Ask me anything: An error occurred: EOF when reading a line
Ask me anything: An error occurred: EOF when reading a line
Ask me anything: An error occurred: EOF when reading a line
Ask me anything: An error occurred: EOF when reading a line
Ask me anything: An error occurred: EOF when reading a line
Ask me anything: An error occurred: EOF when reading a line
Ask me anything: An error occurred: EOF when reading a line
Ask me anything: An error occurred: EOF when reading a line
Ask me anything: An error occurred: EOF when reading a line
Ask me anything: An error occurred: EOF when reading a line
Ask me anything: An error occurred: EOF when reading a line
Ask me anything: An error occurred: EOF when reading a line
Ask me anything: An error occurred: EOF when reading a line
Ask me anything: An error occurred: EOF when reading a line
Ask me anything: An error occurred: EOF when reading a line
Ask me anything: An error occurred: EOF when reading a line
Ask me anything: An error occurred: EOF when reading a line
Ask me anything: An error occurred: EOF when reading a line
Ask me anything: An error occurred: EOF when reading a line
Ask me anything: An error occurred: EOF when reading a line
Ask me anything: An error occurred: EOF when reading a line
Ask me anything: An error occurred: EOF when reading a line
Ask me anything: An error occurred: EOF when reading a line
Ask me anything: An error occurred: EOF when reading a line
Ask me anything: An error occurred: EOF when reading a line
Ask me anything: An error occurred: EOF when reading a line
Ask me anything: An error occurred: EOF when reading a line
Ask me anything: An error occurred: EOF when reading a line
Ask me anything: An error occurred: EOF when reading a line
Ask me anything: An error occurred: EOF when reading a line
Ask me anything: An error occurred: EOF when reading a line
Ask me anything: An error occurred: EOF when reading a line
Ask me anything: An error occurred: EOF when reading a line
Ask me anything: An error occurred: EOF when reading a line
Ask me anything: An error occurred: EOF when reading a line
Ask me anything: An error occurred: EOF when reading a line
Ask me anything: An error occurred: EOF when reading a line
Ask me anything: An error occurred: EOF when reading a line
Ask me anything: An error occurred: EOF when reading a line
Ask me anything: An error occurred: EOF when reading a line
Ask me anything: An error occurred: EOF when reading a line
Ask me anything: An error occurred: EOF when reading a line
Ask me anything: An error occurred: EOF when reading a line
Ask me anything: An error occurred: EOF when reading a line
Ask me anything: An error occurred: EOF when reading a line
Ask me anything: An error occurred: EOF when reading a line
Ask me anything: An error occurred: EOF when reading a line
Ask me anything: An error occurred: EOF when reading a line
Ask me anything: An error occurred: EOF when reading a line
Ask me anything: An error occurred: EOF when reading a line
Ask me anything: An error occurred: EOF when reading a line
Ask me anything: An error occurred: EOF when reading a line
Ask me anything: An error occurred: EOF when reading a line
Ask me anything: An error occurred: EOF when reading a line
Ask me anything: An error occurred: EOF when reading a line
Ask me anything: An error occurred: EOF when reading a line
Ask me anything: An error occurred: EOF when reading a line
Ask me anything: An error occurred: EOF when reading a line
Ask me anything: An error occurred: EOF when reading a line
Ask me anything: An error occurred: EOF when reading a line
Ask me anything: An error occurred: EOF when reading a line
Ask me anything: An error occurred: EOF when reading a line
Ask me anything: An error occurred: EOF when reading a line
Ask me anything: An error occurred: EOF when reading a line
Ask me anything: An error occurred: EOF when reading a line
Ask me anything: An error occurred: EOF when reading a line
Ask me anything: An error occurred: EOF when reading a line
Ask me anything: An error occurred: EOF when reading a line
Ask me anything: An error occurred: EOF when reading a line
Ask me anything: An error occurred: EOF when reading a line
Ask me anything: An error occurred: EOF when reading a line
Ask me anything: An error occurred: EOF when reading a line
Ask me anything: An error occurred: EOF when reading a line
Ask me anything: An error occurred: EOF when reading a line
Ask me anything: An error occurred: EOF when reading a line
Ask me anything: An error occurred: EOF when reading a line
Ask me anything: An error occurred: EOF when reading a line
Ask me anything: An error occurred: EOF when reading a line
Ask me anything: An error occurred: EOF when reading a line
Ask me anything: An error occurred: EOF when reading a line
Ask me anything: An error occurred: EOF when reading a line
Ask me anything: An error occurred: EOF when reading a line
Ask me anything: An error occurred: EOF when reading a line
Ask me anything: An error occurred: EOF when reading a line
Ask me anything: An error occurred: EOF when reading a line
Ask me anything: An error occurred: EOF when reading a line
Ask me anything: An error occurred: EOF when reading a line
Ask me anything: An error occurred: EOF when reading a line
Ask me anything: An error occurred: EOF when reading a line
Ask me anything: An error occurred: EOF when reading a line
Ask me anything: An error occurred: EOF when reading a line
Ask me anything: An error occurred: EOF when reading a line
Ask me anything: An error occurred: EOF when reading a line
Ask me anything: An error occurred: EOF when reading a line
Ask me anything: An error occurred: EOF when reading a line
Ask me anything: An error occurred: EOF when reading a line
Ask me anything: An error occurred: EOF when reading a line
Ask me anything: An error occurred: EOF when reading a line
Ask me anything: An error occurred: EOF when reading a line
Ask me anything: An error occurred: EOF when reading a line
Ask me anything: An error occurred: EOF when reading a line
Ask me anything: An error occurred: EOF when reading a line
Ask me anything: An error occurred: EOF when reading a line
Ask me anything: An error occurred: EOF when reading a line
Ask me anything: An error occurred: EOF when reading a line
Ask me anything: An error occurred: EOF when reading a line
Ask me anything: An error occurred: EOF when reading a line
Ask me anything: An error occurred: EOF when reading a line
Ask me anything: An error occurred: EOF when reading a line
Ask me anything: An error occurred: EOF when reading a line
Ask me anything: An error occurred: EOF when reading a line
Ask me anything: An error occurred: EOF when reading a line
Ask me anything: An error occurred: EOF when reading a line
Ask me anything: An error occurred: EOF when reading a line
Ask me anything: An error occurred: EOF when reading a line
Ask me anything: An error occurred: EOF when reading a line
Ask me anything: An error occurred: EOF when reading a line
Ask me anything: An error occurred: EOF when reading a line
Ask me anything: An error occurred: EOF when reading a line
Ask me anything: An error occurred: EOF when reading a line
Ask me anything: An error occurred: EOF when reading a line
Ask me anything: An error occurred: EOF when reading a line
Ask me anything: An error occurred: EOF when reading a line
Ask me anything: An error occurred: EOF when reading a line
Ask me anything: An error occurred: EOF when reading a line
Ask me anything: An error occurred: EOF when reading a line
Ask me anything: An error occurred: EOF when reading a line
Ask me anything: An error occurred: EOF when reading a line
Ask me anything: An error occurred: EOF when reading a line
Ask me anything: An error occurred: EOF when reading a line
Ask me anything: An error occurred: EOF when reading a line
Ask me anything: An error occurred: EOF when reading a line
Ask me anything: An error occurred: EOF when reading a line
Ask me anything: An error occurred: EOF when reading a line
Ask me anything: An error occurred: EOF when reading a line
Ask me anything: An error occurred: EOF when reading a line
Ask me anything: An error occurred: EOF when reading a line
Ask me anything: An error occurred: EOF when reading a line
Ask me anything: An error occurred: EOF when reading a line
Ask me anything: An error occurred: EOF when reading a line
Ask me anything: An error occurred: EOF when reading a line
Ask me anything: An error occurred: EOF when reading a line
Ask me anything: An error occurred: EOF when reading a line
Ask me anything: An error occurred: EOF when reading a line
Ask me anything: An error occurred: EOF when reading a line
Ask me anything: An error occurred: EOF when reading a line
Ask me anything: An error occurred: EOF when reading a line
Ask me anything: An error occurred: EOF when reading a line
Ask me anything: An error occurred: EOF when reading a line
Ask me anything: An error occurred: EOF when reading a line
Ask me anything: An error occurred: EOF when reading a line
Ask me anything: An error occurred: EOF when reading a line
Ask me anything: An error occurred: EOF when reading a line
Ask me anything: An error occurred: EOF when reading a line
Ask me anything: An error occurred: EOF when reading a line
Ask me anything: An error occurred: EOF when reading a line
Ask me anything: An error occurred: EOF when reading a line
Ask me anything: An error occurred: EOF when reading a line
Ask me anything: An error occurred: EOF when reading a line
Ask me anything: An error occurred: EOF when reading a line
Ask me anything: An error occurred: EOF when reading a line
Ask me anything: An error occurred: EOF when reading a line
Ask me anything: An error occurred: EOF when reading a line
Ask me anything: An error occurred: EOF when reading a line
Ask me anything: An error occurred: EOF when reading a line
Ask me anything: An error occurred: EOF when reading a line
Ask me anything: An error occurred: EOF when reading a line
Ask me anything: An error occurred: EOF when reading a line
Ask me anything: An error occurred: EOF when reading a line
Ask me anything: An error occurred: EOF when reading a line
Ask me anything: An error occurred: EOF when reading a line
Ask me anything: An error occurred: EOF when reading a line
Ask me anything: An error occurred: EOF when reading a line
Ask me anything: An error occurred: EOF when reading a line
Ask me anything: An error occurred: EOF when reading a line
Ask me anything: An error occurred: EOF when reading a line
Ask me anything: An error occurred: EOF when reading a line
Ask me anything: An error occurred: EOF when reading a line
Ask me anything: An error occurred: EOF when reading a line
Ask me anything: An error occurred: EOF when reading a line
Ask me anything: An error occurred: EOF when reading a line
Ask me anything: An error occurred: EOF when reading a line
Ask me anything: An error occurred: EOF when reading a line
Ask me anything: An error occurred: EOF when reading a line
Ask me anything: An error occurred: EOF when reading a line
Ask me anything: An error occurred: EOF when reading a line
Ask me anything: An error occurred: EOF when reading a line
Ask me anything: An error occurred: EOF when reading a line
Ask me anything: An error occurred: EOF when reading a line
Ask me anything: An error occurred: EOF when reading a line
Ask me anything: An error occurred: EOF when reading a line
Ask me anything: An error occurred: EOF when reading a line
Ask me anything: An error occurred: EOF when reading a line
Ask me anything: An error occurred: EOF when reading a line
Ask me anything: An error occurred: EOF when reading a line
Ask me anything: An error occurred: EOF when reading a line
Ask me anything: An error occurred: EOF when reading a line
Ask me anything: An error occurred: EOF when reading a line
Ask me anything: An error occurred: EOF when reading a line
Ask me anything: An error occurred: EOF when reading a line
Ask me anything: An error occurred: EOF when reading a line
Ask me anything: An error occurred: EOF when reading a line
Ask me anything: An error occurred: EOF when reading a line
Ask me anything: An error occurred: EOF when reading a line
Ask me anything: An error occurred: EOF when reading a line
Ask me anything: An error occurred: EOF when reading a line
Ask me anything: An error occurred: EOF when reading a line
Ask me anything: An error occurred: EOF when reading a line
Ask me anything: An error occurred: EOF when reading a line
Ask me anything: An error occurred: EOF when reading a line
Ask me anything: An error occurred: EOF when reading a line
Ask me anything: An error occurred: EOF when reading a line
Ask me anything: An error occurred: EOF when reading a line
Ask me anything: An error occurred: EOF when reading a line
Ask me anything: An error occurred: EOF when reading a line
Ask me anything: An error occurred: EOF when reading a line
Ask me anything: An error occurred: EOF when reading a line
Ask me anything: An error occurred: EOF when reading a line
Ask me anything: An error occurred: EOF when reading a line
Ask me anything: An error occurred: EOF when reading a line
Ask me anything: An error occurred: EOF when reading a line
Ask me anything: An error occurred: EOF when reading a line
Ask me anything: An error occurred: EOF when reading a line
Ask me anything: An error occurred: EOF when reading a line
Ask me anything: An error occurred: EOF when reading a line
Ask me anything: An error occurred: EOF when reading a line
Ask me anything: An error occurred: EOF when reading a line
Ask me anything: An error occurred: EOF when reading a line
Ask me anything: An error occurred: EOF when reading a line
Ask me anything: An error occurred: EOF when reading a line
Ask me anything: An error occurred: EOF when reading a line
Ask me anything: An error occurred: EOF when reading a line
Ask me anything: An error occurred: EOF when reading a line
Ask me anything: An error occurred: EOF when reading a line
Ask me anything: An error occurred: EOF when reading a line
Ask me anything: An error occurred: EOF when reading a line
Ask me anything: An error occurred: EOF when reading a line
Ask me anything: An error occurred: EOF when reading a line
Ask me anything: An error occurred: EOF when reading a line
Ask me anything: An error occurred: EOF when reading a line
Ask me anything: An error occurred: EOF when reading a line
Ask me anything: An error occurred: EOF when reading a line
Ask me anything: An error occurred: EOF when reading a line
Ask me anything: An error occurred: EOF when reading a line
Ask me anything: An error occurred: EOF when reading a line
Ask me anything: An error occurred: EOF when reading a line
Ask me anything: An error occurred: EOF when reading a line
Ask me anything: An error occurred: EOF when reading a line
Ask me anything: An error occurred: EOF when reading a line
Ask me anything: An error occurred: EOF when reading a line
Ask me anything: An error occurred: EOF when reading a line
Ask me anything: An error occurred: EOF when reading a line
Ask me anything: An error occurred: EOF when reading a line
Ask me anything: An error occurred: EOF when reading a line
Ask me anything: An error occurred: EOF when reading a line
Ask me anything: An error occurred: EOF when reading a line
Ask me anything: An error occurred: EOF when reading a line
Ask me anything: An error occurred: EOF when reading a line
Ask me anything: An error occurred: EOF when reading a line
Ask me anything: An error occurred: EOF when reading a line
Ask me anything: An error occurred: EOF when reading a line
Ask me anything: An error occurred: EOF when reading a line
Ask me anything: An error occurred: EOF when reading a line
Ask me anything: An error occurred: EOF when reading a line
Ask me anything: An error occurred: EOF when reading a line
Ask me anything: An error occurred: EOF when reading a line
Ask me anything: An error occurred: EOF when reading a line
Ask me anything: An error occurred: EOF when reading a line
Ask me anything: An error occurred: EOF when reading a line
Ask me anything: An error occurred: EOF when reading a line
Ask me anything: An error occurred: EOF when reading a line
Ask me anything: An error occurred: EOF when reading a line
Ask me anything: An error occurred: EOF when reading a line
Ask me anything: An error occurred: EOF when reading a line
Ask me anything: An error occurred: EOF when reading a line
Ask me anything: An error occurred: EOF when reading a line
Ask me anything: An error occurred: EOF when reading a line
Ask me anything: An error occurred: EOF when reading a line
Ask me anything: An error occurred: EOF when reading a line
Ask me anything: An error occurred: EOF when reading a line
Ask me anything: An error occurred: EOF when reading a line
Ask me anything: An error occurred: EOF when reading a line
Ask me anything: An error occurred: EOF when reading a line
Ask me anything: An error occurred: EOF when reading a line
Ask me anything: An error occurred: EOF when reading a line
Ask me anything: An error occurred: EOF when reading a line
Ask me anything: An error occurred: EOF when reading a line
Ask me anything: An error occurred: EOF when reading a line
Ask me anything: An error occurred: EOF when reading a line
Ask me anything: An error occurred: EOF when reading a line
Ask me anything: An error occurred: EOF when reading a line
Ask me anything: An error occurred: EOF when reading a line
Ask me anything: An error occurred: EOF when reading a line
Ask me anything: An error occurred: EOF when reading a line
Ask me anything: An error occurred: EOF when reading a line
Ask me anything: An error occurred: EOF when reading a line
Ask me anything: An error occurred: EOF when reading a line
Ask me anything: An error occurred: EOF when reading a line
Ask me anything: An error occurred: EOF when reading a line
Ask me anything: An error occurred: EOF when reading a line
Ask me anything: An error occurred: EOF when reading a line
Ask me anything: An error occurred: EOF when reading a line
Ask me anything: An error occurred: EOF when reading a line
Ask me anything: An error occurred: EOF when reading a line
Ask me anything: An error occurred: EOF when reading a line
Ask me anything: An error occurred: EOF when reading a line
Ask me anything: An error occurred: EOF when reading a line
Ask me anything: An error occurred: EOF when reading a line
Ask me anything: An error occurred: EOF when reading a line
Ask me anything: An error occurred: EOF when reading a line
Ask me anything: An error occurred: EOF when reading a line
Ask me anything: An error occurred: EOF when reading a line
Ask me anything: An error occurred: EOF when reading a line
Ask me anything: An error occurred: EOF when reading a line
Ask me anything: An error occurred: EOF when reading a line
Ask me anything: An error occurred: EOF when reading a line
Ask me anything: An error occurred: EOF when reading a line
Ask me anything: An error occurred: EOF when reading a line
Ask me anything: An error occurred: EOF when reading a line
Ask me anything: An error occurred: EOF when reading a line
Ask me anything: An error occurred: EOF when reading a line
Ask me anything: An error occurred: EOF when reading a line
Ask me anything: An error occurred: EOF when reading a line
Ask me anything: An error occurred: EOF when reading a line
Ask me anything: An error occurred: EOF when reading a line
Ask me anything: An error occurred: EOF when reading a line
Ask me anything: An error occurred: EOF when reading a line
Ask me anything: An error occurred: EOF when reading a line
Ask me anything: An error occurred: EOF when reading a line
Ask me anything: An error occurred: EOF when reading a line
Ask me anything: An error occurred: EOF when reading a line
Ask me anything: An error occurred: EOF when reading a line
Ask me anything: An error occurred: EOF when reading a line
Ask me anything: An error occurred: EOF when reading a line
Ask me anything: An error occurred: EOF when reading a line
Ask me anything: An error occurred: EOF when reading a line
Ask me anything: An error occurred: EOF when reading a line
Ask me anything: An error occurred: EOF when reading a line
Ask me anything: An error occurred: EOF when reading a line
Ask me anything: An error occurred: EOF when reading a line
Ask me anything: An error occurred: EOF when reading a line
Ask me anything: An error occurred: EOF when reading a line
Ask me anything: An error occurred: EOF when reading a line
Ask me anything: An error occurred: EOF when reading a line
Ask me anything: An error occurred: EOF when reading a line
Ask me anything: An error occurred: EOF when reading a line
Ask me anything: An error occurred: EOF when reading a line
Ask me anything: An error occurred: EOF when reading a line
Ask me anything: An error occurred: EOF when reading a line
Ask me anything: An error occurred: EOF when reading a line
Ask me anything: An error occurred: EOF when reading a line
Ask me anything: An error occurred: EOF when reading a line
Ask me anything: An error occurred: EOF when reading a line
Ask me anything: An error occurred: EOF when reading a line
Ask me anything: An error occurred: EOF when reading a line
Ask me anything: An error occurred: EOF when reading a line
Ask me anything: An error occurred: EOF when reading a line
Ask me anything: An error occurred: EOF when reading a line
Ask me anything: An error occurred: EOF when reading a line
Ask me anything: An error occurred: EOF when reading a line
Ask me anything: An error occurred: EOF when reading a line
Ask me anything: An error occurred: EOF when reading a line
Ask me anything: An error occurred: EOF when reading a line
Ask me anything: An error occurred: EOF when reading a line
Ask me anything: An error occurred: EOF when reading a line
Ask me anything: An error occurred: EOF when reading a line
Ask me anything: An error occurred: EOF when reading a line
Ask me anything: An error occurred: EOF when reading a line
Ask me anything: An error occurred: EOF when reading a line
Ask me anything: An error occurred: EOF when reading a line
Ask me anything: An error occurred: EOF when reading a line
Ask me anything: An error occurred: EOF when reading a line
Ask me anything: An error occurred: EOF when reading a line
Ask me anything: An error occurred: EOF when reading a line
Ask me anything: An error occurred: EOF when reading a line
Ask me anything: An error occurred: EOF when reading a line
Ask me anything: An error occurred: EOF when reading a line
Ask me anything: An error occurred: EOF when reading a line
Ask me anything: An error occurred: EOF when reading a line
Ask me anything: An error occurred: EOF when reading a line
Ask me anything: An error occurred: EOF when reading a line
Ask me anything: An error occurred: EOF when reading a line
Ask me anything: An error occurred: EOF when reading a line
Ask me anything: An error occurred: EOF when reading a line
Ask me anything: An error occurred: EOF when reading a line
Ask me anything: An error occurred: EOF when reading a line
Ask me anything: An error occurred: EOF when reading a line
Ask me anything: An error occurred: EOF when reading a line
Ask me anything: An error occurred: EOF when reading a line
Ask me anything: An error occurred: EOF when reading a line
Ask me anything: An error occurred: EOF when reading a line
Ask me anything: An error occurred: EOF when reading a line
Ask me anything: An error occurred: EOF when reading a line
Ask me anything: An error occurred: EOF when reading a line
Ask me anything: An error occurred: EOF when reading a line
Ask me anything: An error occurred: EOF when reading a line
Ask me anything: An error occurred: EOF when reading a line
Ask me anything: An error occurred: EOF when reading a line
Ask me anything: An error occurred: EOF when reading a line
Ask me anything: An error occurred: EOF when reading a line
Ask me anything: An error occurred: EOF when reading a line
Ask me anything: An error occurred: EOF when reading a line
Ask me anything: An error occurred: EOF when reading a line
Ask me anything: An error occurred: EOF when reading a line
Ask me anything: An error occurred: EOF when reading a line
Ask me anything: An error occurred: EOF when reading a line
Ask me anything: An error occurred: EOF when reading a line
Ask me anything: An error occurred: EOF when reading a line
Ask me anything: An error occurred: EOF when reading a line
Ask me anything: An error occurred: EOF when reading a line
Ask me anything: An error occurred: EOF when reading a line
Ask me anything: An error occurred: EOF when reading a line
Ask me anything: An error occurred: EOF when reading a line
Ask me anything: An error occurred: EOF when reading a line
Ask me anything: An error occurred: EOF when reading a line
Ask me anything: An error occurred: EOF when reading a line
Ask me anything: An error occurred: EOF when reading a line
Ask me anything: An error occurred: EOF when reading a line
Ask me anything: An error occurred: EOF when reading a line
Ask me anything: An error occurred: EOF when reading a line
Ask me anything: An error occurred: EOF when reading a line
Ask me anything: An error occurred: EOF when reading a line
Ask me anything: An error occurred: EOF when reading a line
Ask me anything: An error occurred: EOF when reading a line
Ask me anything: An error occurred: EOF when reading a line
Ask me anything: An error occurred: EOF when reading a line
Ask me anything: An error occurred: EOF when reading a line
Ask me anything: An error occurred: EOF when reading a line
Ask me anything: An error occurred: EOF when reading a line
Ask me anything: An error occurred: EOF when reading a line
Ask me anything: An error occurred: EOF when reading a line
Ask me anything: An error occurred: EOF when reading a line
Ask me anything: An error occurred: EOF when reading a line
Ask me anything: An error occurred: EOF when reading a line
Ask me anything: An error occurred: EOF when reading a line
Ask me anything: An error occurred: EOF when reading a line
Ask me anything: An error occurred: EOF when reading a line
Ask me anything: An error occurred: EOF when reading a line
Ask me anything: An error occurred: EOF when reading a line
Ask me anything: An error occurred: EOF when reading a line
Ask me anything: An error occurred: EOF when reading a line
Ask me anything: An error occurred: EOF when reading a line
Ask me anything: An error occurred: EOF when reading a line
Ask me anything: An error occurred: EOF when reading a line
Ask me anything: An error occurred: EOF when reading a line
Ask me anything: An error occurred: EOF when reading a line
Ask me anything: An error occurred: EOF when reading a line
Ask me anything: An error occurred: EOF when reading a line
Ask me anything: An error occurred: EOF when reading a line
Ask me anything: An error occurred: EOF when reading a line
Ask me anything: An error occurred: EOF when reading a line
Ask me anything: An error occurred: EOF when reading a line
Ask me anything: An error occurred: EOF when reading a line
Ask me anything: An error occurred: EOF when reading a line
Ask me anything: An error occurred: EOF when reading a line
Ask me anything: An error occurred: EOF when reading a line
Ask me anything: An error occurred: EOF when reading a line
Ask me anything: An error occurred: EOF when reading a line
Ask me anything: An error occurred: EOF when reading a line
Ask me anything: An error occurred: EOF when reading a line
Ask me anything: An error occurred: EOF when reading a line
Ask me anything: An error occurred: EOF when reading a line
Ask me anything: An error occurred: EOF when reading a line
Ask me anything: An error occurred: EOF when reading a line
Ask me anything: An error occurred: EOF when reading a line
Ask me anything: An error occurred: EOF when reading a line
Ask me anything: An error occurred: EOF when reading a line
Ask me anything: An error occurred: EOF when reading a line
Ask me anything: An error occurred: EOF when reading a line
Ask me anything: An error occurred: EOF when reading a line
Ask me anything: An error occurred: EOF when reading a line
Ask me anything: An error occurred: EOF when reading a line
Ask me anything: An error occurred: EOF when reading a line
Ask me anything: An error occurred: EOF when reading a line
Ask me anything: An error occurred: EOF when reading a line
Ask me anything: An error occurred: EOF when reading a line
Ask me anything: An error occurred: EOF when reading a line
Ask me anything: An error occurred: EOF when reading a line
Ask me anything: An error occurred: EOF when reading a line
Ask me anything: An error occurred: EOF when reading a line
Ask me anything: An error occurred: EOF when reading a line
Ask me anything: An error occurred: EOF when reading a line
Ask me anything: An error occurred: EOF when reading a line
Ask me anything: An error occurred: EOF when reading a line
Ask me anything: An error occurred: EOF when reading a line
Ask me anything: An error occurred: EOF when reading a line
Ask me anything: An error occurred: EOF when reading a line
Ask me anything: An error occurred: EOF when reading a line
Ask me anything: An error occurred: EOF when reading a line
Ask me anything: An error occurred: EOF when reading a line
Ask me anything: An error occurred: EOF when reading a line
Ask me anything: An error occurred: EOF when reading a line
Ask me anything: An error occurred: EOF when reading a line
Ask me anything: An error occurred: EOF when reading a line
Ask me anything: An error occurred: EOF when reading a line
Ask me anything: An error occurred: EOF when reading a line
Ask me anything: An error occurred: EOF when reading a line
Ask me anything: An error occurred: EOF when reading a line
Ask me anything: An error occurred: EOF when reading a line
Ask me anything: An error occurred: EOF when reading a line
Ask me anything: An error occurred: EOF when reading a line
Ask me anything: An error occurred: EOF when reading a line
Ask me anything: An error occurred: EOF when reading a line
Ask me anything: An error occurred: EOF when reading a line
Ask me anything: An error occurred: EOF when reading a line
Ask me anything: An error occurred: EOF when reading a line
Ask me anything: An error occurred: EOF when reading a line
Ask me anything: An error occurred: EOF when reading a line
Ask me anything: An error occurred: EOF when reading a line
Ask me anything: An error occurred: EOF when reading a line
Ask me anything: An error occurred: EOF when reading a line
Ask me anything: An error occurred: EOF when reading a line
Ask me anything: An error occurred: EOF when reading a line
Ask me anything: An error occurred: EOF when reading a line
Ask me anything: An error occurred: EOF when reading a line
Ask me anything: An error occurred: EOF when reading a line
Ask me anything: An error occurred: EOF when reading a line
Ask me anything: An error occurred: EOF when reading a line
Ask me anything: An error occurred: EOF when reading a line
Ask me anything: An error occurred: EOF when reading a line
Ask me anything: An error occurred: EOF when reading a line
Ask me anything: An error occurred: EOF when reading a line
Ask me anything: An error occurred: EOF when reading a line
Ask me anything: An error occurred: EOF when reading a line
Ask me anything: An error occurred: EOF when reading a line
Ask me anything: An error occurred: EOF when reading a line
Ask me anything: An error occurred: EOF when reading a line
Ask me anything: An error occurred: EOF when reading a line
Ask me anything: An error occurred: EOF when reading a line
Ask me anything: An error occurred: EOF when reading a line
Ask me anything: An error occurred: EOF when reading a line
Ask me anything: An error occurred: EOF when reading a line
Ask me anything: An error occurred: EOF when reading a line
Ask me anything: An error occurred: EOF when reading a line
Ask me anything: An error occurred: EOF when reading a line
Ask me anything: An error occurred: EOF when reading a line
Ask me anything: An error occurred: EOF when reading a line
Ask me anything: An error occurred: EOF when reading a line
Ask me anything: An error occurred: EOF when reading a line
Ask me anything: An error occurred: EOF when reading a line
Ask me anything: An error occurred: EOF when reading a line
Ask me anything: An error occurred: EOF when reading a line
Ask me anything: An error occurred: EOF when reading a line
Ask me anything: An error occurred: EOF when reading a line
Ask me anything: An error occurred: EOF when reading a line
Ask me anything: An error occurred: EOF when reading a line
Ask me anything: An error occurred: EOF when reading a line
Ask me anything: An error occurred: EOF when reading a line
Ask me anything: An error occurred: EOF when reading a line
Ask me anything: An error occurred: EOF when reading a line
Ask me anything: An error occurred: EOF when reading a line
Ask me anything: An error occurred: EOF when reading a line
Ask me anything: An error occurred: EOF when reading a line
Ask me anything: An error occurred: EOF when reading a line
Ask me anything: An error occurred: EOF when reading a line
Ask me anything: An error occurred: EOF when reading a line
Ask me anything: An error occurred: EOF when reading a line
Ask me anything: An error occurred: EOF when reading a line
Ask me anything: An error occurred: EOF when reading a line
Ask me anything: An error occurred: EOF when reading a line
Ask me anything: An error occurred: EOF when reading a line
Ask me anything: An error occurred: EOF when reading a line
Ask me anything: An error occurred: EOF when reading a line
Ask me anything: An error occurred: EOF when reading a line
Ask me anything: An error occurred: EOF when reading a line
Ask me anything: An error occurred: EOF when reading a line
Ask me anything: An error occurred: EOF when reading a line
Ask me anything: An error occurred: EOF when reading a line
Ask me anything: An error occurred: EOF when reading a line
Ask me anything: An error occurred: EOF when reading a line
Ask me anything: An error occurred: EOF when reading a line
Ask me anything: An error occurred: EOF when reading a line
Ask me anything: An error occurred: EOF when reading a line
Ask me anything: An error occurred: EOF when reading a line
Ask me anything: An error occurred: EOF when reading a line
Ask me anything: An error occurred: EOF when reading a line
Ask me anything: An error occurred: EOF when reading a line
Ask me anything: An error occurred: EOF when reading a line
Ask me anything: An error occurred: EOF when reading a line
Ask me anything: An error occurred: EOF when reading a line
Ask me anything: An error occurred: EOF when reading a line
Ask me anything: An error occurred: EOF when reading a line
Ask me anything: An error occurred: EOF when reading a line
Ask me anything: An error occurred: EOF when reading a line
Ask me anything: An error occurred: EOF when reading a line
Ask me anything: An error occurred: EOF when reading a line
Ask me anything: An error occurred: EOF when reading a line
Ask me anything: An error occurred: EOF when reading a line
Ask me anything: An error occurred: EOF when reading a line
Ask me anything: An error occurred: EOF when reading a line
Ask me anything: An error occurred: EOF when reading a line
Ask me anything: An error occurred: EOF when reading a line
Ask me anything: An error occurred: EOF when reading a line
Ask me anything: An error occurred: EOF when reading a line
Ask me anything: An error occurred: EOF when reading a line
Ask me anything: An error occurred: EOF when reading a line
Ask me anything: An error occurred: EOF when reading a line
Ask me anything: An error occurred: EOF when reading a line
Ask me anything: An error occurred: EOF when reading a line
Ask me anything: An error occurred: EOF when reading a line
Ask me anything: An error occurred: EOF when reading a line
Ask me anything: An error occurred: EOF when reading a line
Ask me anything: An error occurred: EOF when reading a line
Ask me anything: An error occurred: EOF when reading a line
Ask me anything: An error occurred: EOF when reading a line
Ask me anything: An error occurred: EOF when reading a line
Ask me anything: An error occurred: EOF when reading a line
Ask me anything: An error occurred: EOF when reading a line
Ask me anything: An error occurred: EOF when reading a line
Ask me anything: An error occurred: EOF when reading a line
Ask me anything: An error occurred: EOF when reading a line
Ask me anything: An error occurred: EOF when reading a line
Ask me anything: An error occurred: EOF when reading a line
Ask me anything: An error occurred: EOF when reading a line
Ask me anything: An error occurred: EOF when reading a line
Ask me anything: An error occurred: EOF when reading a line
Ask me anything: An error occurred: EOF when reading a line
Ask me anything: An error occurred: EOF when reading a line
Ask me anything: An error occurred: EOF when reading a line
Ask me anything: An error occurred: EOF when reading a line
Ask me anything: An error occurred: EOF when reading a line
Ask me anything: An error occurred: EOF when reading a line
Ask me anything: An error occurred: EOF when reading a line
Ask me anything: An error occurred: EOF when reading a line
Ask me anything: An error occurred: EOF when reading a line
Ask me anything: An error occurred: EOF when reading a line
Ask me anything: An error occurred: EOF when reading a line
Ask me anything: An error occurred: EOF when reading a line
Ask me anything: An error occurred: EOF when reading a line
Ask me anything: An error occurred: EOF when reading a line
Ask me anything: An error occurred: EOF when reading a line
Ask me anything: An error occurred: EOF when reading a line
Ask me anything: An error occurred: EOF when reading a line
Ask me anything: An error occurred: EOF when reading a line
Ask me anything: An error occurred: EOF when reading a line
Ask me anything: An error occurred: EOF when reading a line
Ask me anything: An error occurred: EOF when reading a line
Ask me anything: An error occurred: EOF when reading a line
Ask me anything: An error occurred: EOF when reading a line
Ask me anything: An error occurred: EOF when reading a line
Ask me anything: An error occurred: EOF when reading a line
Ask me anything: An error occurred: EOF when reading a line
Ask me anything: An error occurred: EOF when reading a line
Ask me anything: An error occurred: EOF when reading a line
Ask me anything: An error occurred: EOF when reading a line
Ask me anything: An error occurred: EOF when reading a line
Ask me anything: An error occurred: EOF when reading a line
Ask me anything: An error occurred: EOF when reading a line
Ask me anything: An error occurred: EOF when reading a line
Ask me anything: An error occurred: EOF when reading a line
Ask me anything: An error occurred: EOF when reading a line
Ask me anything: An error occurred: EOF when reading a line
Ask me anything: An error occurred: EOF when reading a line
Ask me anything: An error occurred: EOF when reading a line
Ask me anything: An error occurred: EOF when reading a line
Ask me anything: An error occurred: EOF when reading a line
Ask me anything: An error occurred: EOF when reading a line
Ask me anything: An error occurred: EOF when reading a line
Ask me anything: An error occurred: EOF when reading a line
Ask me anything: An error occurred: EOF when reading a line
Ask me anything: An error occurred: EOF when reading a line
Ask me anything: An error occurred: EOF when reading a line
Ask me anything: An error occurred: EOF when reading a line
Ask me anything: An error occurred: EOF when reading a line
Ask me anything: An error occurred: EOF when reading a line
Ask me anything: An error occurred: EOF when reading a line
Ask me anything: An error occurred: EOF when reading a line
Ask me anything: An error occurred: EOF when reading a line
Ask me anything: An error occurred: EOF when reading a line
Ask me anything: An error occurred: EOF when reading a line
Ask me anything: An error occurred: EOF when reading a line
Ask me anything: An error occurred: EOF when reading a line
Ask me anything: An error occurred: EOF when reading a line
Ask me anything: An error occurred: EOF when reading a line
Ask me anything: An error occurred: EOF when reading a line
Ask me anything: An error occurred: EOF when reading a line
Ask me anything: An error occurred: EOF when reading a line
Ask me anything: An error occurred: EOF when reading a line
Ask me anything: An error occurred: EOF when reading a line
Ask me anything: An error occurred: EOF when reading a line
Ask me anything: An error occurred: EOF when reading a line
Ask me anything: An error occurred: EOF when reading a line
Ask me anything: An error occurred: EOF when reading a line
Ask me anything: An error occurred: EOF when reading a line
Ask me anything: An error occurred: EOF when reading a line
Ask me anything: An error occurred: EOF when reading a line
Ask me anything: An error occurred: EOF when reading a line
Ask me anything: An error occurred: EOF when reading a line
Ask me anything: An error occurred: EOF when reading a line
Ask me anything: An error occurred: EOF when reading a line
Ask me anything: An error occurred: EOF when reading a line
Ask me anything: An error occurred: EOF when reading a line
Ask me anything: An error occurred: EOF when reading a line
Ask me anything: An error occurred: EOF when reading a line
Ask me anything: An error occurred: EOF when reading a line
Ask me anything: An error occurred: EOF when reading a line
Ask me anything: An error occurred: EOF when reading a line
Ask me anything: An error occurred: EOF when reading a line
Ask me anything: An error occurred: EOF when reading a line
Ask me anything: An error occurred: EOF when reading a line
Ask me anything: An error occurred: EOF when reading a line
Ask me anything: An error occurred: EOF when reading a line
Ask me anything: An error occurred: EOF when reading a line
Ask me anything: An error occurred: EOF when reading a line
Ask me anything: An error occurred: EOF when reading a line
Ask me anything: An error occurred: EOF when reading a line
Ask me anything: An error occurred: EOF when reading a line
Ask me anything: An error occurred: EOF when reading a line
Ask me anything: An error occurred: EOF when reading a line
Ask me anything: An error occurred: EOF when reading a line
Ask me anything: An error occurred: EOF when reading a line
Ask me anything: An error occurred: EOF when reading a line
Ask me anything: An error occurred: EOF when reading a line
Ask me anything: An error occurred: EOF when reading a line
Ask me anything: An error occurred: EOF when reading a line
Ask me anything: An error occurred: EOF when reading a line
Ask me anything: An error occurred: EOF when reading a line
Ask me anything: An error occurred: EOF when reading a line
Ask me anything: An error occurred: EOF when reading a line
Ask me anything: An error occurred: EOF when reading a line
Ask me anything: An error occurred: EOF when reading a line
Ask me anything: An error occurred: EOF when reading a line
Ask me anything: An error occurred: EOF when reading a line
Ask me anything: An error occurred: EOF when reading a line
Ask me anything: An error occurred: EOF when reading a line
Ask me anything: An error occurred: EOF when reading a line
Ask me anything: An error occurred: EOF when reading a line
Ask me anything: An error occurred: EOF when reading a line
Ask me anything: An error occurred: EOF when reading a line
Ask me anything: An error occurred: EOF when reading a line
Ask me anything: An error occurred: EOF when reading a line
Ask me anything: An error occurred: EOF when reading a line
Ask me anything: An error occurred: EOF when reading a line
Ask me anything: An error occurred: EOF when reading a line
Ask me anything: An error occurred: EOF when reading a line
Ask me anything: An error occurred: EOF when reading a line
Ask me anything: An error occurred: EOF when reading a line
Ask me anything: An error occurred: EOF when reading a line
Ask me anything: An error occurred: EOF when reading a line
Ask me anything: An error occurred: EOF when reading a line
Ask me anything: An error occurred: EOF when reading a line
Ask me anything: An error occurred: EOF when reading a line
Ask me anything: An error occurred: EOF when reading a line
Ask me anything: An error occurred: EOF when reading a line
Ask me anything: An error occurred: EOF when reading a line
Ask me anything: An error occurred: EOF when reading a line
Ask me anything: An error occurred: EOF when reading a line
Ask me anything: An error occurred: EOF when reading a line
Ask me anything: An error occurred: EOF when reading a line
Ask me anything: An error occurred: EOF when reading a line
Ask me anything: An error occurred: EOF when reading a line
Ask me anything: An error occurred: EOF when reading a line
Ask me anything: An error occurred: EOF when reading a line
Ask me anything: An error occurred: EOF when reading a line
Ask me anything: An error occurred: EOF when reading a line
Ask me anything: An error occurred: EOF when reading a line
Ask me anything: An error occurred: EOF when reading a line
Ask me anything: An error occurred: EOF when reading a line
Ask me anything: An error occurred: EOF when reading a line
Ask me anything: An error occurred: EOF when reading a line
Ask me anything: An error occurred: EOF when reading a line
Ask me anything: An error occurred: EOF when reading a line
Ask me anything: An error occurred: EOF when reading a line
Ask me anything: An error occurred: EOF when reading a line
Ask me anything: An error occurred: EOF when reading a line
Ask me anything: An error occurred: EOF when reading a line
Ask me anything: An error occurred: EOF when reading a line
Ask me anything: An error occurred: EOF when reading a line
Ask me anything: An error occurred: EOF when reading a line
Ask me anything: An error occurred: EOF when reading a line
Ask me anything: An error occurred: EOF when reading a line
Ask me anything: An error occurred: EOF when reading a line
Ask me anything: An error occurred: EOF when reading a line
Ask me anything: An error occurred: EOF when reading a line
Ask me anything: An error occurred: EOF when reading a line
Ask me anything: An error occurred: EOF when reading a line
Ask me anything: An error occurred: EOF when reading a line
Ask me anything: An error occurred: EOF when reading a line
Ask me anything: An error occurred: EOF when reading a line
Ask me anything: An error occurred: EOF when reading a line
Ask me anything: An error occurred: EOF when reading a line
Ask me anything: An error occurred: EOF when reading a line
Ask me anything: An error occurred: EOF when reading a line
Ask me anything: An error occurred: EOF when reading a line
Ask me anything: An error occurred: EOF when reading a line
Ask me anything: An error occurred: EOF when reading a line
Ask me anything: An error occurred: EOF when reading a line
Ask me anything: An error occurred: EOF when reading a line
Ask me anything: An error occurred: EOF when reading a line
Ask me anything: An error occurred: EOF when reading a line
Ask me anything: An error occurred: EOF when reading a line
Ask me anything: An error occurred: EOF when reading a line
Ask me anything: An error occurred: EOF when reading a line
Ask me anything: An error occurred: EOF when reading a line
Ask me anything: An error occurred: EOF when reading a line
Ask me anything: An error occurred: EOF when reading a line
Ask me anything: An error occurred: EOF when reading a line
Ask me anything: An error occurred: EOF when reading a line
Ask me anything: An error occurred: EOF when reading a line
Ask me anything: An error occurred: EOF when reading a line
Ask me anything: An error occurred: EOF when reading a line
Ask me anything: An error occurred: EOF when reading a line
Ask me anything: An error occurred: EOF when reading a line
Ask me anything: An error occurred: EOF when reading a line
Ask me anything: An error occurred: EOF when reading a line
Ask me anything: An error occurred: EOF when reading a line
Ask me anything: An error occurred: EOF when reading a line
Ask me anything: An error occurred: EOF when reading a line
Ask me anything: An error occurred: EOF when reading a line
Ask me anything: An error occurred: EOF when reading a line
Ask me anything: An error occurred: EOF when reading a line
Ask me anything: An error occurred: EOF when reading a line
Ask me anything: An error occurred: EOF when reading a line
Ask me anything: An error occurred: EOF when reading a line
Ask me anything: An error occurred: EOF when reading a line
Ask me anything: An error occurred: EOF when reading a line
Ask me anything: An error occurred: EOF when reading a line
Ask me anything: An error occurred: EOF when reading a line
Ask me anything: An error occurred: EOF when reading a line
Ask me anything: An error occurred: EOF when reading a line
Ask me anything: An error occurred: EOF when reading a line
Ask me anything: An error occurred: EOF when reading a line
Ask me anything: An error occurred: EOF when reading a line
Ask me anything: An error occurred: EOF when reading a line
Ask me anything: An error occurred: EOF when reading a line
Ask me anything: An error occurred: EOF when reading a line
Ask me anything: An error occurred: EOF when reading a line
Ask me anything: An error occurred: EOF when reading a line
Ask me anything: An error occurred: EOF when reading a line
Ask me anything: An error occurred: EOF when reading a line
Ask me anything: An error occurred: EOF when reading a line
Ask me anything: An error occurred: EOF when reading a line
Ask me anything: An error occurred: EOF when reading a line
Ask me anything: An error occurred: EOF when reading a line
Ask me anything: An error occurred: EOF when reading a line
Ask me anything: An error occurred: EOF when reading a line
Ask me anything: An error occurred: EOF when reading a line
Ask me anything: An error occurred: EOF when reading a line
Ask me anything: An error occurred: EOF when reading a line
Ask me anything: An error occurred: EOF when reading a line
Ask me anything: An error occurred: EOF when reading a line
Ask me anything: An error occurred: EOF when reading a line
Ask me anything: An error occurred: EOF when reading a line
Ask me anything: An error occurred: EOF when reading a line
Ask me anything: An error occurred: EOF when reading a line
Ask me anything: An error occurred: EOF when reading a line
Ask me anything: An error occurred: EOF when reading a line
Ask me anything: An error occurred: EOF when reading a line
Ask me anything: An error occurred: EOF when reading a line
Ask me anything: An error occurred: EOF when reading a line
Ask me anything: An error occurred: EOF when reading a line
Ask me anything: An error occurred: EOF when reading a line
Ask me anything: An error occurred: EOF when reading a line
Ask me anything: An error occurred: EOF when reading a line
Ask me anything: An error occurred: EOF when reading a line
Ask me anything: An error occurred: EOF when reading a line
Ask me anything: An error occurred: EOF when reading a line
Ask me anything: An error occurred: EOF when reading a line
Ask me anything: An error occurred: EOF when reading a line
Ask me anything: An error occurred: EOF when reading a line
Ask me anything: An error occurred: EOF when reading a line
Ask me anything: An error occurred: EOF when reading a line
Ask me anything: An error occurred: EOF when reading a line
Ask me anything: An error occurred: EOF when reading a line
Ask me anything: An error occurred: EOF when reading a line
Ask me anything: An error occurred: EOF when reading a line
Ask me anything: An error occurred: EOF when reading a line
Ask me anything: An error occurred: EOF when reading a line
Ask me anything: An error occurred: EOF when reading a line
Ask me anything: An error occurred: EOF when reading a line
Ask me anything: An error occurred: EOF when reading a line
Ask me anything: An error occurred: EOF when reading a line
Ask me anything: An error occurred: EOF when reading a line
Ask me anything: An error occurred: EOF when reading a line
Ask me anything: An error occurred: EOF when reading a line
Ask me anything: An error occurred: EOF when reading a line
Ask me anything: An error occurred: EOF when reading a line
Ask me anything: An error occurred: EOF when reading a line
Ask me anything: An error occurred: EOF when reading a line
Ask me anything: An error occurred: EOF when reading a line
Ask me anything: An error occurred: EOF when reading a line
Ask me anything: An error occurred: EOF when reading a line
Ask me anything: An error occurred: EOF when reading a line
Ask me anything: An error occurred: EOF when reading a line
Ask me anything: An error occurred: EOF when reading a line
Ask me anything: An error occurred: EOF when reading a line
Ask me anything: An error occurred: EOF when reading a line
Ask me anything: An error occurred: EOF when reading a line
Ask me anything: An error occurred: EOF when reading a line
Ask me anything: An error occurred: EOF when reading a line
Ask me anything: An error occurred: EOF when reading a line
Ask me anything: An error occurred: EOF when reading a line
Ask me anything: An error occurred: EOF when reading a line
Ask me anything: An error occurred: EOF when reading a line
Ask me anything: An error occurred: EOF when reading a line
Ask me anything: An error occurred: EOF when reading a line
Ask me anything: An error occurred: EOF when reading a line
Ask me anything: An error occurred: EOF when reading a line
Ask me anything: An error occurred: EOF when reading a line
Ask me anything: An error occurred: EOF when reading a line
Ask me anything: An error occurred: EOF when reading a line
Ask me anything: An error occurred: EOF when reading a line
Ask me anything: An error occurred: EOF when reading a line
Ask me anything: An error occurred: EOF when reading a line
Ask me anything: An error occurred: EOF when reading a line
Ask me anything: An error occurred: EOF when reading a line
Ask me anything: An error occurred: EOF when reading a line
Ask me anything: An error occurred: EOF when reading a line
Ask me anything: An error occurred: EOF when reading a line
Ask me anything: An error occurred: EOF when reading a line
Ask me anything: An error occurred: EOF when reading a line
Ask me anything: An error occurred: EOF when reading a line
Ask me anything: An error occurred: EOF when reading a line
Ask me anything: An error occurred: EOF when reading a line
Ask me anything: An error occurred: EOF when reading a line
Ask me anything: An error occurred: EOF when reading a line
Ask me anything: An error occurred: EOF when reading a line
Ask me anything: An error occurred: EOF when reading a line
Ask me anything: An error occurred: EOF when reading a line
Ask me anything: An error occurred: EOF when reading a line
Ask me anything: An error occurred: EOF when reading a line
Ask me anything: An error occurred: EOF when reading a line
Ask me anything: An error occurred: EOF when reading a line
Ask me anything: An error occurred: EOF when reading a line
Ask me anything: An error occurred: EOF when reading a line
Ask me anything: An error occurred: EOF when reading a line
Ask me anything: An error occurred: EOF when reading a line
Ask me anything: An error occurred: EOF when reading a line
Ask me anything: An error occurred: EOF when reading a line
Ask me anything: An error occurred: EOF when reading a line
Ask me anything: An error occurred: EOF when reading a line
Ask me anything: An error occurred: EOF when reading a line
Ask me anything: An error occurred: EOF when reading a line
Ask me anything: An error occurred: EOF when reading a line
Ask me anything: An error occurred: EOF when reading a line
Ask me anything: An error occurred: EOF when reading a line
Ask me anything: An error occurred: EOF when reading a line
Ask me anything: An error occurred: EOF when reading a line
Ask me anything: An error occurred: EOF when reading a line
Ask me anything: An error occurred: EOF when reading a line
Ask me anything: An error occurred: EOF when reading a line
Ask me anything: An error occurred: EOF when reading a line
Ask me anything: An error occurred: EOF when reading a line
Ask me anything: An error occurred: EOF when reading a line
Ask me anything: An error occurred: EOF when reading a line
Ask me anything: An error occurred: EOF when reading a line
Ask me anything: An error occurred: EOF when reading a line
Ask me anything: An error occurred: EOF when reading a line
Ask me anything: An error occurred: EOF when reading a line
Ask me anything: An error occurred: EOF when reading a line
Ask me anything: An error occurred: EOF when reading a line
Ask me anything: An error occurred: EOF when reading a line
Ask me anything: An error occurred: EOF when reading a line
Ask me anything: An error occurred: EOF when reading a line
Ask me anything: An error occurred: EOF when reading a line
Ask me anything: An error occurred: EOF when reading a line
Ask me anything: An error occurred: EOF when reading a line
Ask me anything: An error occurred: EOF when reading a line
Ask me anything: An error occurred: EOF when reading a line
Ask me anything: An error occurred: EOF when reading a line
Ask me anything: An error occurred: EOF when reading a line
Ask me anything: An error occurred: EOF when reading a line
Ask me anything: An error occurred: EOF when reading a line
Ask me anything: An error occurred: EOF when reading a line
Ask me anything: An error occurred: EOF when reading a line
Ask me anything: An error occurred: EOF when reading a line
Ask me anything: An error occurred: EOF when reading a line
Ask me anything: An error occurred: EOF when reading a line
Ask me anything: An error occurred: EOF when reading a line
Ask me anything: An error occurred: EOF when reading a line
Ask me anything: An error occurred: EOF when reading a line
Ask me anything: An error occurred: EOF when reading a line
Ask me anything: An error occurred: EOF when reading a line
Ask me anything: An error occurred: EOF when reading a line
Ask me anything: An error occurred: EOF when reading a line
Ask me anything: An error occurred: EOF when reading a line
Ask me anything: An error occurred: EOF when reading a line
Ask me anything: An error occurred: EOF when reading a line
Ask me anything: An error occurred: EOF when reading a line
Ask me anything: An error occurred: EOF when reading a line
Ask me anything: An error occurred: EOF when reading a line
Ask me anything: An error occurred: EOF when reading a line
Ask me anything: An error occurred: EOF when reading a line
Ask me anything: An error occurred: EOF when reading a line
Ask me anything: An error occurred: EOF when reading a line
Ask me anything: An error occurred: EOF when reading a line
Ask me anything: An error occurred: EOF when reading a line
Ask me anything: An error occurred: EOF when reading a line
Ask me anything: An error occurred: EOF when reading a line
Ask me anything: An error occurred: EOF when reading a line
Ask me anything: An error occurred: EOF when reading a line
Ask me anything: An error occurred: EOF when reading a line
Ask me anything: An error occurred: EOF when reading a line
Ask me anything: An error occurred: EOF when reading a line
Ask me anything: An error occurred: EOF when reading a line
Ask me anything: An error occurred: EOF when reading a line
Ask me anything: An error occurred: EOF when reading a line
Ask me anything: An error occurred: EOF when reading a line
Ask me anything: An error occurred: EOF when reading a line
Ask me anything: An error occurred: EOF when reading a line
Ask me anything: An error occurred: EOF when reading a line
Ask me anything: An error occurred: EOF when reading a line
Ask me anything: An error occurred: EOF when reading a line
Ask me anything: An error occurred: EOF when reading a line
Ask me anything: An error occurred: EOF when reading a line
Ask me anything: An error occurred: EOF when reading a line
Ask me anything: An error occurred: EOF when reading a line
Ask me anything: An error occurred: EOF when reading a line
Ask me anything: An error occurred: EOF when reading a line
Ask me anything: An error occurred: EOF when reading a line
Ask me anything: An error occurred: EOF when reading a line
Ask me anything: An error occurred: EOF when reading a line
Ask me anything: An error occurred: EOF when reading a line
Ask me anything: An error occurred: EOF when reading a line
Ask me anything: An error occurred: EOF when reading a line
Ask me anything: An error occurred: EOF when reading a line
Ask me anything: An error occurred: EOF when reading a line
Ask me anything: An error occurred: EOF when reading a line
Ask me anything: An error occurred: EOF when reading a line
Ask me anything: An error occurred: EOF when reading a line
Ask me anything: An error occurred: EOF when reading a line
Ask me anything: An error occurred: EOF when reading a line
Ask me anything: An error occurred: EOF when reading a line
Ask me anything: An error occurred: EOF when reading a line
Ask me anything: An error occurred: EOF when reading a line
Ask me anything: An error occurred: EOF when reading a line
Ask me anything: An error occurred: EOF when reading a line
Ask me anything: An error occurred: EOF when reading a line
Ask me anything: An error occurred: EOF when reading a line
Ask me anything: An error occurred: EOF when reading a line
Ask me anything: An error occurred: EOF when reading a line
Ask me anything: An error occurred: EOF when reading a line
Ask me anything: An error occurred: EOF when reading a line
Ask me anything: An error occurred: EOF when reading a line
Ask me anything: An error occurred: EOF when reading a line
Ask me anything: An error occurred: EOF when reading a line
Ask me anything: An error occurred: EOF when reading a line
Ask me anything: An error occurred: EOF when reading a line
Ask me anything: An error occurred: EOF when reading a line
Ask me anything: An error occurred: EOF when reading a line
Ask me anything: An error occurred: EOF when reading a line
Ask me anything: An error occurred: EOF when reading a line
Ask me anything: An error occurred: EOF when reading a line
Ask me anything: An error occurred: EOF when reading a line
Ask me anything: An error occurred: EOF when reading a line
Ask me anything: An error occurred: EOF when reading a line
Ask me anything: An error occurred: EOF when reading a line
Ask me anything: An error occurred: EOF when reading a line
Ask me anything: An error occurred: EOF when reading a line
Ask me anything: An error occurred: EOF when reading a line
Ask me anything: An error occurred: EOF when reading a line
Ask me anything: An error occurred: EOF when reading a line
Ask me anything: An error occurred: EOF when reading a line
Ask me anything: An error occurred: EOF when reading a line
Ask me anything: An error occurred: EOF when reading a line
Ask me anything: An error occurred: EOF when reading a line
Ask me anything: An error occurred: EOF when reading a line
Ask me anything: An error occurred: EOF when reading a line
Ask me anything: An error occurred: EOF when reading a line
Ask me anything: An error occurred: EOF when reading a line
Ask me anything: An error occurred: EOF when reading a line
Ask me anything: An error occurred: EOF when reading a line
Ask me anything: An error occurred: EOF when reading a line
Ask me anything: An error occurred: EOF when reading a line
Ask me anything: An error occurred: EOF when reading a line
Ask me anything: An error occurred: EOF when reading a line
Ask me anything: An error occurred: EOF when reading a line
Ask me anything: An error occurred: EOF when reading a line
Ask me anything: An error occurred: EOF when reading a line
Ask me anything: An error occurred: EOF when reading a line
Ask me anything: An error occurred: EOF when reading a line
Ask me anything: An error occurred: EOF when reading a line
Ask me anything: An error occurred: EOF when reading a line
Ask me anything: An error occurred: EOF when reading a line
Ask me anything: An error occurred: EOF when reading a line
Ask me anything: An error occurred: EOF when reading a line
Ask me anything: An error occurred: EOF when reading a line
Ask me anything: An error occurred: EOF when reading a line
Ask me anything: An error occurred: EOF when reading a line
Ask me anything: An error occurred: EOF when reading a line
Ask me anything: An error occurred: EOF when reading a line
Ask me anything: An error occurred: EOF when reading a line
Ask me anything: An error occurred: EOF when reading a line
Ask me anything: An error occurred: EOF when reading a line
Ask me anything: An error occurred: EOF when reading a line
Ask me anything: An error occurred: EOF when reading a line
Ask me anything: An error occurred: EOF when reading a line
Ask me anything: An error occurred: EOF when reading a line
Ask me anything: An error occurred: EOF when reading a line
Ask me anything: An error occurred: EOF when reading a line
Ask me anything: An error occurred: EOF when reading a line
Ask me anything: An error occurred: EOF when reading a line
Ask me anything: An error occurred: EOF when reading a line
Ask me anything: An error occurred: EOF when reading a line
Ask me anything: An error occurred: EOF when reading a line
Ask me anything: An error occurred: EOF when reading a line
Ask me anything: An error occurred: EOF when reading a line
Ask me anything: An error occurred: EOF when reading a line
Ask me anything: An error occurred: EOF when reading a line
Ask me anything: An error occurred: EOF when reading a line
Ask me anything: An error occurred: EOF when reading a line
Ask me anything: An error occurred: EOF when reading a line
Ask me anything: An error occurred: EOF when reading a line
Ask me anything: An error occurred: EOF when reading a line
Ask me anything: An error occurred: EOF when reading a line
Ask me anything: An error occurred: EOF when reading a line
Ask me anything: An error occurred: EOF when reading a line
Ask me anything: An error occurred: EOF when reading a line
Ask me anything: An error occurred: EOF when reading a line
Ask me anything: An error occurred: EOF when reading a line
Ask me anything: An error occurred: EOF when reading a line
Ask me anything: An error occurred: EOF when reading a line
Ask me anything: An error occurred: EOF when reading a line
Ask me anything: An error occurred: EOF when reading a line
Ask me anything: An error occurred: EOF when reading a line
Ask me anything: An error occurred: EOF when reading a line
Ask me anything: An error occurred: EOF when reading a line
Ask me anything: An error occurred: EOF when reading a line
Ask me anything: An error occurred: EOF when reading a line
Ask me anything: An error occurred: EOF when reading a line
Ask me anything: An error occurred: EOF when reading a line
Ask me anything: An error occurred: EOF when reading a line
Ask me anything: An error occurred: EOF when reading a line
Ask me anything: An error occurred: EOF when reading a line
Ask me anything: An error occurred: EOF when reading a line
Ask me anything: An error occurred: EOF when reading a line
Ask me anything: An error occurred: EOF when reading a line
Ask me anything: An error occurred: EOF when reading a line
Ask me anything: An error occurred: EOF when reading a line
Ask me anything: An error occurred: EOF when reading a line
Ask me anything: An error occurred: EOF when reading a line
Ask me anything: An error occurred: EOF when reading a line
Ask me anything: An error occurred: EOF when reading a line
Ask me anything: An error occurred: EOF when reading a line
Ask me anything: An error occurred: EOF when reading a line
Ask me anything: An error occurred: EOF when reading a line
Ask me anything: An error occurred: EOF when reading a line
Ask me anything: An error occurred: EOF when reading a line
Ask me anything: An error occurred: EOF when reading a line
Ask me anything: An error occurred: EOF when reading a line
Ask me anything: An error occurred: EOF when reading a line
Ask me anything: An error occurred: EOF when reading a line
Ask me anything: An error occurred: EOF when reading a line
Ask me anything: An error occurred: EOF when reading a line
Ask me anything: An error occurred: EOF when reading a line
Ask me anything: An error occurred: EOF when reading a line
Ask me anything: An error occurred: EOF when reading a line
Ask me anything: An error occurred: EOF when reading a line
Ask me anything: An error occurred: EOF when reading a line
Ask me anything: An error occurred: EOF when reading a line
Ask me anything: An error occurred: EOF when reading a line
Ask me anything: An error occurred: EOF when reading a line
Ask me anything: An error occurred: EOF when reading a line
Ask me anything: An error occurred: EOF when reading a line
Ask me anything: An error occurred: EOF when reading a line
Ask me anything: An error occurred: EOF when reading a line
Ask me anything: An error occurred: EOF when reading a line
Ask me anything: An error occurred: EOF when reading a line
Ask me anything: An error occurred: EOF when reading a line
Ask me anything: An error occurred: EOF when reading a line
Ask me anything: An error occurred: EOF when reading a line
Ask me anything: An error occurred: EOF when reading a line
Ask me anything: An error occurred: EOF when reading a line
Ask me anything: An error occurred: EOF when reading a line
Ask me anything: An error occurred: EOF when reading a line
Ask me anything: An error occurred: EOF when reading a line
Ask me anything: An error occurred: EOF when reading a line
Ask me anything: An error occurred: EOF when reading a line
Ask me anything: An error occurred: EOF when reading a line
Ask me anything: An error occurred: EOF when reading a line
Ask me anything: An error occurred: EOF when reading a line
Ask me anything: An error occurred: EOF when reading a line
Ask me anything: An error occurred: EOF when reading a line
Ask me anything: An error occurred: EOF when reading a line
Ask me anything: An error occurred: EOF when reading a line
Ask me anything: An error occurred: EOF when reading a line
Ask me anything: An error occurred: EOF when reading a line
Ask me anything: An error occurred: EOF when reading a line
Ask me anything: An error occurred: EOF when reading a line
Ask me anything: An error occurred: EOF when reading a line
Ask me anything: An error occurred: EOF when reading a line
Ask me anything: An error occurred: EOF when reading a line
Ask me anything: An error occurred: EOF when reading a line
Ask me anything: An error occurred: EOF when reading a line
Ask me anything: An error occurred: EOF when reading a line
Ask me anything: An error occurred: EOF when reading a line
Ask me anything: An error occurred: EOF when reading a line
Ask me anything: An error occurred: EOF when reading a line
Ask me anything: An error occurred: EOF when reading a line
Ask me anything: An error occurred: EOF when reading a line
Ask me anything: An error occurred: EOF when reading a line
Ask me anything: An error occurred: EOF when reading a line
Ask me anything: An error occurred: EOF when reading a line
Ask me anything: An error occurred: EOF when reading a line
Ask me anything: An error occurred: EOF when reading a line
Ask me anything: An error occurred: EOF when reading a line
Ask me anything: An error occurred: EOF when reading a line
Ask me anything: An error occurred: EOF when reading a line
Ask me anything: An error occurred: EOF when reading a line
Ask me anything: An error occurred: EOF when reading a line
Ask me anything: An error occurred: EOF when reading a line
Ask me anything: An error occurred: EOF when reading a line
Ask me anything: An error occurred: EOF when reading a line
Ask me anything: An error occurred: EOF when reading a line
Ask me anything: An error occurred: EOF when reading a line
Ask me anything: An error occurred: EOF when reading a line
Ask me anything: An error occurred: EOF when reading a line
Ask me anything: An error occurred: EOF when reading a line
Ask me anything: An error occurred: EOF when reading a line
Ask me anything: An error occurred: EOF when reading a line
Ask me anything: An error occurred: EOF when reading a line
Ask me anything: An error occurred: EOF when reading a line
Ask me anything: An error occurred: EOF when reading a line
Ask me anything: An error occurred: EOF when reading a line
Ask me anything: An error occurred: EOF when reading a line
Ask me anything: An error occurred: EOF when reading a line
Ask me anything: An error occurred: EOF when reading a line
Ask me anything: An error occurred: EOF when reading a line
Ask me anything: An error occurred: EOF when reading a line
Ask me anything: An error occurred: EOF when reading a line
Ask me anything: An error occurred: EOF when reading a line
Ask me anything: An error occurred: EOF when reading a line
Ask me anything: An error occurred: EOF when reading a line
Ask me anything: An error occurred: EOF when reading a line
Ask me anything: An error occurred: EOF when reading a line
Ask me anything: An error occurred: EOF when reading a line
Ask me anything: An error occurred: EOF when reading a line
Ask me anything: An error occurred: EOF when reading a line
Ask me anything: An error occurred: EOF when reading a line
Ask me anything: An error occurred: EOF when reading a line
Ask me anything: An error occurred: EOF when reading a line
Ask me anything: An error occurred: EOF when reading a line
Ask me anything: An error occurred: EOF when reading a line
Ask me anything: An error occurred: EOF when reading a line
Ask me anything: An error occurred: EOF when reading a line
Ask me anything: An error occurred: EOF when reading a line
Ask me anything: An error occurred: EOF when reading a line
Ask me anything: An error occurred: EOF when reading a line
Ask me anything: An error occurred: EOF when reading a line
Ask me anything: An error occurred: EOF when reading a line
Ask me anything: An error occurred: EOF when reading a line
Ask me anything: An error occurred: EOF when reading a line
Ask me anything: An error occurred: EOF when reading a line
Ask me anything: An error occurred: EOF when reading a line
Ask me anything: An error occurred: EOF when reading a line
Ask me anything: An error occurred: EOF when reading a line
Ask me anything: An error occurred: EOF when reading a line
Ask me anything: An error occurred: EOF when reading a line
Ask me anything: An error occurred: EOF when reading a line
Ask me anything: An error occurred: EOF when reading a line
Ask me anything: An error occurred: EOF when reading a line
Ask me anything: An error occurred: EOF when reading a line
Ask me anything: An error occurred: EOF when reading a line
Ask me anything: An error occurred: EOF when reading a line
Ask me anything: An error occurred: EOF when reading a line
Ask me anything: An error occurred: EOF when reading a line
Ask me anything: An error occurred: EOF when reading a line
Ask me anything: An error occurred: EOF when reading a line
Ask me anything: An error occurred: EOF when reading a line
Ask me anything: An error occurred: EOF when reading a line
Ask me anything: An error occurred: EOF when reading a line
Ask me anything: An error occurred: EOF when reading a line
Ask me anything: An error occurred: EOF when reading a line
Ask me anything: An error occurred: EOF when reading a line
Ask me anything: An error occurred: EOF when reading a line
Ask me anything: An error occurred: EOF when reading a line
Ask me anything: An error occurred: EOF when reading a line
Ask me anything: An error occurred: EOF when reading a line
Ask me anything: An error occurred: EOF when reading a line
Ask me anything: An error occurred: EOF when reading a line
Ask me anything: An error occurred: EOF when reading a line
Ask me anything: An error occurred: EOF when reading a line
Ask me anything: An error occurred: EOF when reading a line
Ask me anything: An error occurred: EOF when reading a line
Ask me anything: An error occurred: EOF when reading a line
Ask me anything: An error occurred: EOF when reading a line
Ask me anything: An error occurred: EOF when reading a line
Ask me anything: An error occurred: EOF when reading a line
Ask me anything: An error occurred: EOF when reading a line
Ask me anything: An error occurred: EOF when reading a line
Ask me anything: An error occurred: EOF when reading a line
Ask me anything: An error occurred: EOF when reading a line
Ask me anything: An error occurred: EOF when reading a line
Ask me anything: An error occurred: EOF when reading a line
Ask me anything: An error occurred: EOF when reading a line
Ask me anything: An error occurred: EOF when reading a line
Ask me anything: An error occurred: EOF when reading a line
Ask me anything: An error occurred: EOF when reading a line
Ask me anything: An error occurred: EOF when reading a line
Ask me anything: An error occurred: EOF when reading a line
Ask me anything: An error occurred: EOF when reading a line
Ask me anything: An error occurred: EOF when reading a line
Ask me anything: An error occurred: EOF when reading a line
Ask me anything: An error occurred: EOF when reading a line
Ask me anything: An error occurred: EOF when reading a line
Ask me anything: An error occurred: EOF when reading a line
Ask me anything: An error occurred: EOF when reading a line
Ask me anything: An error occurred: EOF when reading a line
Ask me anything: An error occurred: EOF when reading a line
Ask me anything: An error occurred: EOF when reading a line
Ask me anything: An error occurred: EOF when reading a line
Ask me anything: An error occurred: EOF when reading a line
Ask me anything: An error occurred: EOF when reading a line
Ask me anything: An error occurred: EOF when reading a line
Ask me anything: An error occurred: EOF when reading a line
Ask me anything: An error occurred: EOF when reading a line
Ask me anything: An error occurred: EOF when reading a line
Ask me anything: An error occurred: EOF when reading a line
Ask me anything: An error occurred: EOF when reading a line
Ask me anything: An error occurred: EOF when reading a line
Ask me anything: An error occurred: EOF when reading a line
Ask me anything: An error occurred: EOF when reading a line
Ask me anything: An error occurred: EOF when reading a line
Ask me anything: An error occurred: EOF when reading a line
Ask me anything: An error occurred: EOF when reading a line
Ask me anything: An error occurred: EOF when reading a line
Ask me anything: An error occurred: EOF when reading a line
Ask me anything: An error occurred: EOF when reading a line
Ask me anything: An error occurred: EOF when reading a line
Ask me anything: An error occurred: EOF when reading a line
Ask me anything: An error occurred: EOF when reading a line
Ask me anything: An error occurred: EOF when reading a line
Ask me anything: An error occurred: EOF when reading a line
Ask me anything: An error occurred: EOF when reading a line
Ask me anything: An error occurred: EOF when reading a line
Ask me anything: An error occurred: EOF when reading a line
Ask me anything: An error occurred: EOF when reading a line
Ask me anything: An error occurred: EOF when reading a line
Ask me anything: An error occurred: EOF when reading a line
Ask me anything: An error occurred: EOF when reading a line
Ask me anything: An error occurred: EOF when reading a line
Ask me anything: An error occurred: EOF when reading a line
Ask me anything: An error occurred: EOF when reading a line
Ask me anything: An error occurred: EOF when reading a line
Ask me anything: An error occurred: EOF when reading a line
Ask me anything: An error occurred: EOF when reading a line
Ask me anything: An error occurred: EOF when reading a line
Ask me anything: An error occurred: EOF when reading a line
Ask me anything: An error occurred: EOF when reading a line
Ask me anything: An error occurred: EOF when reading a line
Ask me anything: An error occurred: EOF when reading a line
Ask me anything: An error occurred: EOF when reading a line
Ask me anything: An error occurred: EOF when reading a line
Ask me anything: An error occurred: EOF when reading a line
Ask me anything: An error occurred: EOF when reading a line
Ask me anything: An error occurred: EOF when reading a line
Ask me anything: An error occurred: EOF when reading a line
Ask me anything: An error occurred: EOF when reading a line
Ask me anything: An error occurred: EOF when reading a line
Ask me anything: An error occurred: EOF when reading a line
Ask me anything: An error occurred: EOF when reading a line
Ask me anything: An error occurred: EOF when reading a line
Ask me anything: An error occurred: EOF when reading a line
Ask me anything: An error occurred: EOF when reading a line
Ask me anything: An error occurred: EOF when reading a line
Ask me anything: An error occurred: EOF when reading a line
Ask me anything: An error occurred: EOF when reading a line
Ask me anything: An error occurred: EOF when reading a line
Ask me anything: An error occurred: EOF when reading a line
Ask me anything: An error occurred: EOF when reading a line
Ask me anything: An error occurred: EOF when reading a line
Ask me anything: An error occurred: EOF when reading a line
Ask me anything: An error occurred: EOF when reading a line
Ask me anything: An error occurred: EOF when reading a line
Ask me anything: An error occurred: EOF when reading a line
Ask me anything: An error occurred: EOF when reading a line
Ask me anything: An error occurred: EOF when reading a line
Ask me anything: An error occurred: EOF when reading a line
Ask me anything: An error occurred: EOF when reading a line
Ask me anything: An error occurred: EOF when reading a line
Ask me anything: An error occurred: EOF when reading a line
Ask me anything: An error occurred: EOF when reading a line
Ask me anything: An error occurred: EOF when reading a line
Ask me anything: An error occurred: EOF when reading a line
Ask me anything: An error occurred: EOF when reading a line
Ask me anything: An error occurred: EOF when reading a line
Ask me anything: An error occurred: EOF when reading a line
Ask me anything: An error occurred: EOF when reading a line
Ask me anything: An error occurred: EOF when reading a line
Ask me anything: An error occurred: EOF when reading a line
Ask me anything: An error occurred: EOF when reading a line
Ask me anything: An error occurred: EOF when reading a line
Ask me anything: An error occurred: EOF when reading a line
Ask me anything: An error occurred: EOF when reading a line
Ask me anything: An error occurred: EOF when reading a line
Ask me anything: An error occurred: EOF when reading a line
Ask me anything: An error occurred: EOF when reading a line
Ask me anything: An error occurred: EOF when reading a line
Ask me anything: An error occurred: EOF when reading a line
Ask me anything: An error occurred: EOF when reading a line
Ask me anything: An error occurred: EOF when reading a line
Ask me anything: An error occurred: EOF when reading a line
Ask me anything: An error occurred: EOF when reading a line
Ask me anything: An error occurred: EOF when reading a line
Ask me anything: An error occurred: EOF when reading a line
Ask me anything: An error occurred: EOF when reading a line
Ask me anything: An error occurred: EOF when reading a line
Ask me anything: An error occurred: EOF when reading a line
Ask me anything: An error occurred: EOF when reading a line
Ask me anything: An error occurred: EOF when reading a line
Ask me anything: An error occurred: EOF when reading a line
Ask me anything: An error occurred: EOF when reading a line
Ask me anything: An error occurred: EOF when reading a line
Ask me anything: An error occurred: EOF when reading a line
Ask me anything: An error occurred: EOF when reading a line
Ask me anything: An error occurred: EOF when reading a line
Ask me anything: An error occurred: EOF when reading a line
Ask me anything: An error occurred: EOF when reading a line
Ask me anything: An error occurred: EOF when reading a line
Ask me anything: An error occurred: EOF when reading a line
Ask me anything: An error occurred: EOF when reading a line
Ask me anything: An error occurred: EOF when reading a line
Ask me anything: An error occurred: EOF when reading a line
Ask me anything: An error occurred: EOF when reading a line
Ask me anything: An error occurred: EOF when reading a line
Ask me anything: An error occurred: EOF when reading a line
Ask me anything: An error occurred: EOF when reading a line
Ask me anything: An error occurred: EOF when reading a line
Ask me anything: An error occurred: EOF when reading a line
Ask me anything: An error occurred: EOF when reading a line
Ask me anything: An error occurred: EOF when reading a line
Ask me anything: An error occurred: EOF when reading a line
Ask me anything: An error occurred: EOF when reading a line
Ask me anything: An error occurred: EOF when reading a line
Ask me anything: An error occurred: EOF when reading a line
Ask me anything: An error occurred: EOF when reading a line
Ask me anything: An error occurred: EOF when reading a line
Ask me anything: An error occurred: EOF when reading a line
Ask me anything: An error occurred: EOF when reading a line
Ask me anything: An error occurred: EOF when reading a line
Ask me anything: An error occurred: EOF when reading a line
Ask me anything: An error occurred: EOF when reading a line
Ask me anything: An error occurred: EOF when reading a line
Ask me anything: An error occurred: EOF when reading a line
Ask me anything: An error occurred: EOF when reading a line
Ask me anything: An error occurred: EOF when reading a line
Ask me anything: An error occurred: EOF when reading a line
Ask me anything: An error occurred: EOF when reading a line
Ask me anything: An error occurred: EOF when reading a line
Ask me anything: An error occurred: EOF when reading a line
Ask me anything: An error occurred: EOF when reading a line
Ask me anything: An error occurred: EOF when reading a line
Ask me anything: An error occurred: EOF when reading a line
Ask me anything: An error occurred: EOF when reading a line
Ask me anything: An error occurred: EOF when reading a line
Ask me anything: An error occurred: EOF when reading a line
Ask me anything: An error occurred: EOF when reading a line
Ask me anything: An error occurred: EOF when reading a line
Ask me anything: An error occurred: EOF when reading a line
Ask me anything: An error occurred: EOF when reading a line
Ask me anything: An error occurred: EOF when reading a line
Ask me anything: An error occurred: EOF when reading a line
Ask me anything: An error occurred: EOF when reading a line
Ask me anything: An error occurred: EOF when reading a line
Ask me anything: An error occurred: EOF when reading a line
Ask me anything: An error occurred: EOF when reading a line
Ask me anything: An error occurred: EOF when reading a line
Ask me anything: An error occurred: EOF when reading a line
Ask me anything: An error occurred: EOF when reading a line
Ask me anything: An error occurred: EOF when reading a line
Ask me anything: An error occurred: EOF when reading a line
Ask me anything: An error occurred: EOF when reading a line
Ask me anything: An error occurred: EOF when reading a line
Ask me anything: An error occurred: EOF when reading a line
Ask me anything: An error occurred: EOF when reading a line
Ask me anything: An error occurred: EOF when reading a line
Ask me anything: An error occurred: EOF when reading a line
Ask me anything: An error occurred: EOF when reading a line
Ask me anything: An error occurred: EOF when reading a line
Ask me anything: An error occurred: EOF when reading a line
Ask me anything: An error occurred: EOF when reading a line
Ask me anything: An error occurred: EOF when reading a line
Ask me anything: An error occurred: EOF when reading a line
Ask me anything: An error occurred: EOF when reading a line
Ask me anything: An error occurred: EOF when reading a line
Ask me anything: An error occurred: EOF when reading a line
Ask me anything: An error occurred: EOF when reading a line
Ask me anything: An error occurred: EOF when reading a line
Ask me anything: An error occurred: EOF when reading a line
Ask me anything: An error occurred: EOF when reading a line
Ask me anything: An error occurred: EOF when reading a line
Ask me anything: An error occurred: EOF when reading a line
Ask me anything: An error occurred: EOF when reading a line
Ask me anything: An error occurred: EOF when reading a line
Ask me anything: An error occurred: EOF when reading a line
Ask me anything: An error occurred: EOF when reading a line
Ask me anything: An error occurred: EOF when reading a line
Ask me anything: An error occurred: EOF when reading a line
Ask me anything: An error occurred: EOF when reading a line
Ask me anything: An error occurred: EOF when reading a line
Ask me anything: An error occurred: EOF when reading a line
Ask me anything: An error occurred: EOF when reading a line
Ask me anything: An error occurred: EOF when reading a line
Ask me anything: An error occurred: EOF when reading a line
Ask me anything: An error occurred: EOF when reading a line
Ask me anything: An error occurred: EOF when reading a line
Ask me anything: An error occurred: EOF when reading a line
Ask me anything: An error occurred: EOF when reading a line
Ask me anything: An error occurred: EOF when reading a line
Ask me anything: An error occurred: EOF when reading a line
Ask me anything: An error occurred: EOF when reading a line
Ask me anything: An error occurred: EOF when reading a line
Ask me anything: An error occurred: EOF when reading a line
Ask me anything: An error occurred: EOF when reading a line
Ask me anything: An error occurred: EOF when reading a line
Ask me anything: An error occurred: EOF when reading a line
Ask me anything: An error occurred: EOF when reading a line
Ask me anything: An error occurred: EOF when reading a line
Ask me anything: An error occurred: EOF when reading a line
Ask me anything: An error occurred: EOF when reading a line
Ask me anything: An error occurred: EOF when reading a line
Ask me anything: An error occurred: EOF when reading a line
Ask me anything: An error occurred: EOF when reading a line
Ask me anything: An error occurred: EOF when reading a line
Ask me anything: An error occurred: EOF when reading a line
Ask me anything: An error occurred: EOF when reading a line
Ask me anything: An error occurred: EOF when reading a line
Ask me anything: An error occurred: EOF when reading a line
Ask me anything: An error occurred: EOF when reading a line
Ask me anything: An error occurred: EOF when reading a line
Ask me anything: An error occurred: EOF when reading a line
Ask me anything: An error occurred: EOF when reading a line
Ask me anything: An error occurred: EOF when reading a line
Ask me anything: An error occurred: EOF when reading a line
Ask me anything: An error occurred: EOF when reading a line
Ask me anything: An error occurred: EOF when reading a line
Ask me anything: An error occurred: EOF when reading a line
Ask me anything: An error occurred: EOF when reading a line
Ask me anything: An error occurred: EOF when reading a line
Ask me anything: An error occurred: EOF when reading a line
Ask me anything: An error occurred: EOF when reading a line
Ask me anything: An error occurred: EOF when reading a line
Ask me anything: An error occurred: EOF when reading a line
Ask me anything: An error occurred: EOF when reading a line
Ask me anything: An error occurred: EOF when reading a line
Ask me anything: An error occurred: EOF when reading a line
Ask me anything: An error occurred: EOF when reading a line
Ask me anything: An error occurred: EOF when reading a line
Ask me anything: An error occurred: EOF when reading a line
Ask me anything: An error occurred: EOF when reading a line
Ask me anything: An error occurred: EOF when reading a line
Ask me anything: An error occurred: EOF when reading a line
Ask me anything: An error occurred: EOF when reading a line
Ask me anything: An error occurred: EOF when reading a line
Ask me anything: An error occurred: EOF when reading a line
Ask me anything: An error occurred: EOF when reading a line
Ask me anything: An error occurred: EOF when reading a line
Ask me anything: An error occurred: EOF when reading a line
Ask me anything: An error occurred: EOF when reading a line
Ask me anything: An error occurred: EOF when reading a line
Ask me anything: An error occurred: EOF when reading a line
Ask me anything: An error occurred: EOF when reading a line
Ask me anything: An error occurred: EOF when reading a line
Ask me anything: An error occurred: EOF when reading a line
Ask me anything: An error occurred: EOF when reading a line
Ask me anything: An error occurred: EOF when reading a line
Ask me anything: An error occurred: EOF when reading a line
Ask me anything: An error occurred: EOF when reading a line
Ask me anything: An error occurred: EOF when reading a line
Ask me anything: An error occurred: EOF when reading a line
Ask me anything: An error occurred: EOF when reading a line
Ask me anything: An error occurred: EOF when reading a line
Ask me anything: An error occurred: EOF when reading a line
Ask me anything: An error occurred: EOF when reading a line
Ask me anything: An error occurred: EOF when reading a line
Ask me anything: An error occurred: EOF when reading a line
Ask me anything: An error occurred: EOF when reading a line
Ask me anything: An error occurred: EOF when reading a line
Ask me anything: An error occurred: EOF when reading a line
Ask me anything: An error occurred: EOF when reading a line
Ask me anything: An error occurred: EOF when reading a line
Ask me anything: An error occurred: EOF when reading a line
Ask me anything: An error occurred: EOF when reading a line
Ask me anything: An error occurred: EOF when reading a line
Ask me anything: An error occurred: EOF when reading a line
Ask me anything: An error occurred: EOF when reading a line
Ask me anything: An error occurred: EOF when reading a line
Ask me anything: An error occurred: EOF when reading a line
Ask me anything: An error occurred: EOF when reading a line
Ask me anything: An error occurred: EOF when reading a line
Ask me anything: An error occurred: EOF when reading a line
Ask me anything: An error occurred: EOF when reading a line
Ask me anything: An error occurred: EOF when reading a line
Ask me anything: An error occurred: EOF when reading a line
Ask me anything: An error occurred: EOF when reading a line
Ask me anything: An error occurred: EOF when reading a line
Ask me anything: An error occurred: EOF when reading a line
Ask me anything: An error occurred: EOF when reading a line
Ask me anything: An error occurred: EOF when reading a line
Ask me anything: An error occurred: EOF when reading a line
Ask me anything: An error occurred: EOF when reading a line
Ask me anything: An error occurred: EOF when reading a line
Ask me anything: An error occurred: EOF when reading a line
Ask me anything: An error occurred: EOF when reading a line
Ask me anything: An error occurred: EOF when reading a line
Ask me anything: An error occurred: EOF when reading a line
Ask me anything: An error occurred: EOF when reading a line
Ask me anything: An error occurred: EOF when reading a line
Ask me anything: An error occurred: EOF when reading a line
Ask me anything: An error occurred: EOF when reading a line
Ask me anything: An error occurred: EOF when reading a line
Ask me anything: An error occurred: EOF when reading a line
Ask me anything: An error occurred: EOF when reading a line
Ask me anything: An error occurred: EOF when reading a line
Ask me anything: An error occurred: EOF when reading a line
Ask me anything: An error occurred: EOF when reading a line
Ask me anything: An error occurred: EOF when reading a line
Ask me anything: An error occurred: EOF when reading a line
Ask me anything: An error occurred: EOF when reading a line
Ask me anything: An error occurred: EOF when reading a line
Ask me anything: An error occurred: EOF when reading a line
Ask me anything: An error occurred: EOF when reading a line
Ask me anything: An error occurred: EOF when reading a line
Ask me anything: An error occurred: EOF when reading a line
Ask me anything: An error occurred: EOF when reading a line
Ask me anything: An error occurred: EOF when reading a line
Ask me anything: An error occurred: EOF when reading a line
Ask me anything: An error occurred: EOF when reading a line
Ask me anything: An error occurred: EOF when reading a line
Ask me anything: An error occurred: EOF when reading a line
Ask me anything: An error occurred: EOF when reading a line
Ask me anything: An error occurred: EOF when reading a line
Ask me anything: An error occurred: EOF when reading a line
Ask me anything: An error occurred: EOF when reading a line
Ask me anything: An error occurred: EOF when reading a line
Ask me anything: An error occurred: EOF when reading a line
Ask me anything: An error occurred: EOF when reading a line
Ask me anything: An error occurred: EOF when reading a line
Ask me anything: An error occurred: EOF when reading a line
Ask me anything: An error occurred: EOF when reading a line
Ask me anything: An error occurred: EOF when reading a line
Ask me anything: An error occurred: EOF when reading a line
Ask me anything: An error occurred: EOF when reading a line
Ask me anything: An error occurred: EOF when reading a line
Ask me anything: An error occurred: EOF when reading a line
Ask me anything: An error occurred: EOF when reading a line
Ask me anything: An error occurred: EOF when reading a line
Ask me anything: An error occurred: EOF when reading a line
Ask me anything: An error occurred: EOF when reading a line
Ask me anything: An error occurred: EOF when reading a line
Ask me anything: An error occurred: EOF when reading a line
Ask me anything: An error occurred: EOF when reading a line
Ask me anything: An error occurred: EOF when reading a line
Ask me anything: An error occurred: EOF when reading a line
Ask me anything: An error occurred: EOF when reading a line
Ask me anything: An error occurred: EOF when reading a line
Ask me anything: An error occurred: EOF when reading a line
Ask me anything: An error occurred: EOF when reading a line
Ask me anything: An error occurred: EOF when reading a line
Ask me anything: An error occurred: EOF when reading a line
Ask me anything: An error occurred: EOF when reading a line
Ask me anything: An error occurred: EOF when reading a line
Ask me anything: An error occurred: EOF when reading a line
Ask me anything: An error occurred: EOF when reading a line
Ask me anything: An error occurred: EOF when reading a line
Ask me anything: An error occurred: EOF when reading a line
Ask me anything: An error occurred: EOF when reading a line
Ask me anything: An error occurred: EOF when reading a line
Ask me anything: An error occurred: EOF when reading a line
Ask me anything: An error occurred: EOF when reading a line
Ask me anything: An error occurred: EOF when reading a line
Ask me anything: An error occurred: EOF when reading a line
Ask me anything: An error occurred: EOF when reading a line
Ask me anything: An error occurred: EOF when reading a line
Ask me anything: An error occurred: EOF when reading a line
Ask me anything: An error occurred: EOF when reading a line
Ask me anything: An error occurred: EOF when reading a line
Ask me anything: An error occurred: EOF when reading a line
Ask me anything: An error occurred: EOF when reading a line
Ask me anything: An error occurred: EOF when reading a line
Ask me anything: An error occurred: EOF when reading a line
Ask me anything: An error occurred: EOF when reading a line
Ask me anything: An error occurred: EOF when reading a line
Ask me anything: An error occurred: EOF when reading a line
Ask me anything: An error occurred: EOF when reading a line
Ask me anything: An error occurred: EOF when reading a line
Ask me anything: An error occurred: EOF when reading a line
Ask me anything: An error occurred: EOF when reading a line
Ask me anything: An error occurred: EOF when reading a line
Ask me anything: An error occurred: EOF when reading a line
Ask me anything: An error occurred: EOF when reading a line
Ask me anything: An error occurred: EOF when reading a line
Ask me anything: An error occurred: EOF when reading a line
Ask me anything: An error occurred: EOF when reading a line
Ask me anything: An error occurred: EOF when reading a line
Ask me anything: An error occurred: EOF when reading a line
Ask me anything: An error occurred: EOF when reading a line
Ask me anything: An error occurred: EOF when reading a line
Ask me anything: An error occurred: EOF when reading a line
Ask me anything: An error occurred: EOF when reading a line
Ask me anything: An error occurred: EOF when reading a line
Ask me anything: An error occurred: EOF when reading a line
Ask me anything: An error occurred: EOF when reading a line
Ask me anything: An error occurred: EOF when reading a line
Ask me anything: An error occurred: EOF when reading a line
Ask me anything: An error occurred: EOF when reading a line
Ask me anything: An error occurred: EOF when reading a line
Ask me anything: An error occurred: EOF when reading a line
Ask me anything: An error occurred: EOF when reading a line
Ask me anything: An error occurred: EOF when reading a line
Ask me anything: An error occurred: EOF when reading a line
Ask me anything: An error occurred: EOF when reading a line
Ask me anything: An error occurred: EOF when reading a line
Ask me anything: An error occurred: EOF when reading a line
Ask me anything: An error occurred: EOF when reading a line
Ask me anything: An error occurred: EOF when reading a line
Ask me anything: An error occurred: EOF when reading a line
Ask me anything: An error occurred: EOF when reading a line
Ask me anything: An error occurred: EOF when reading a line
Ask me anything: An error occurred: EOF when reading a line
Ask me anything: An error occurred: EOF when reading a line
Ask me anything: An error occurred: EOF when reading a line
Ask me anything: An error occurred: EOF when reading a line
Ask me anything: An error occurred: EOF when reading a line
Ask me anything: An error occurred: EOF when reading a line
Ask me anything: An error occurred: EOF when reading a line
Ask me anything: An error occurred: EOF when reading a line
Ask me anything: An error occurred: EOF when reading a line
Ask me anything: An error occurred: EOF when reading a line
Ask me anything: An error occurred: EOF when reading a line
Ask me anything: An error occurred: EOF when reading a line
Ask me anything: An error occurred: EOF when reading a line
Ask me anything: An error occurred: EOF when reading a line
Ask me anything: An error occurred: EOF when reading a line
Ask me anything: An error occurred: EOF when reading a line
Ask me anything: An error occurred: EOF when reading a line
Ask me anything: An error occurred: EOF when reading a line
Ask me anything: An error occurred: EOF when reading a line
Ask me anything: An error occurred: EOF when reading a line
Ask me anything: An error occurred: EOF when reading a line
Ask me anything: An error occurred: EOF when reading a line
Ask me anything: An error occurred: EOF when reading a line
Ask me anything: An error occurred: EOF when reading a line
Ask me anything: An error occurred: EOF when reading a line
Ask me anything: An error occurred: EOF when reading a line
Ask me anything: An error occurred: EOF when reading a line
Ask me anything: An error occurred: EOF when reading a line
Ask me anything: An error occurred: EOF when reading a line
Ask me anything: An error occurred: EOF when reading a line
Ask me anything: An error occurred: EOF when reading a line
Ask me anything: An error occurred: EOF when reading a line
Ask me anything: An error occurred: EOF when reading a line
Ask me anything: An error occurred: EOF when reading a line
Ask me anything: An error occurred: EOF when reading a line
Ask me anything: An error occurred: EOF when reading a line
Ask me anything: An error occurred: EOF when reading a line
Ask me anything: An error occurred: EOF when reading a line
Ask me anything: An error occurred: EOF when reading a line
Ask me anything: An error occurred: EOF when reading a line
Ask me anything: An error occurred: EOF when reading a line
Ask me anything: An error occurred: EOF when reading a line
Ask me anything: An error occurred: EOF when reading a line
Ask me anything: An error occurred: EOF when reading a line
Ask me anything: An error occurred: EOF when reading a line
Ask me anything: An error occurred: EOF when reading a line
Ask me anything: An error occurred: EOF when reading a line
Ask me anything: An error occurred: EOF when reading a line
Ask me anything: An error occurred: EOF when reading a line
Ask me anything: An error occurred: EOF when reading a line
Ask me anything: An error occurred: EOF when reading a line
Ask me anything: An error occurred: EOF when reading a line
Ask me anything: An error occurred: EOF when reading a line
Ask me anything: An error occurred: EOF when reading a line
Ask me anything: An error occurred: EOF when reading a line
Ask me anything: An error occurred: EOF when reading a line
Ask me anything: An error occurred: EOF when reading a line
Ask me anything: An error occurred: EOF when reading a line
Ask me anything: An error occurred: EOF when reading a line
Ask me anything: An error occurred: EOF when reading a line
Ask me anything: An error occurred: EOF when reading a line
Ask me anything: An error occurred: EOF when reading a line
Ask me anything: An error occurred: EOF when reading a line
Ask me anything: An error occurred: EOF when reading a line
Ask me anything: An error occurred: EOF when reading a line
Ask me anything: An error occurred: EOF when reading a line
Ask me anything: An error occurred: EOF when reading a line
Ask me anything: An error occurred: EOF when reading a line
Ask me anything: An error occurred: EOF when reading a line
Ask me anything: An error occurred: EOF when reading a line
Ask me anything: An error occurred: EOF when reading a line
Ask me anything: An error occurred: EOF when reading a line
Ask me anything: An error occurred: EOF when reading a line
Ask me anything: An error occurred: EOF when reading a line
Ask me anything: An error occurred: EOF when reading a line
Ask me anything: An error occurred: EOF when reading a line
Ask me anything: An error occurred: EOF when reading a line
Ask me anything: An error occurred: EOF when reading a line
Ask me anything: An error occurred: EOF when reading a line
Ask me anything: An error occurred: EOF when reading a line
Ask me anything: An error occurred: EOF when reading a line
Ask me anything: An error occurred: EOF when reading a line
Ask me anything: An error occurred: EOF when reading a line
Ask me anything: An error occurred: EOF when reading a line
Ask me anything: An error occurred: EOF when reading a line
Ask me anything: An error occurred: EOF when reading a line
Ask me anything: An error occurred: EOF when reading a line
Ask me anything: An error occurred: EOF when reading a line
Ask me anything: An error occurred: EOF when reading a line
Ask me anything: An error occurred: EOF when reading a line
Ask me anything: An error occurred: EOF when reading a line
Ask me anything: An error occurred: EOF when reading a line
Ask me anything: An error occurred: EOF when reading a line
Ask me anything: An error occurred: EOF when reading a line
Ask me anything: An error occurred: EOF when reading a line
Ask me anything: An error occurred: EOF when reading a line
Ask me anything: An error occurred: EOF when reading a line
Ask me anything: An error occurred: EOF when reading a line
Ask me anything: An error occurred: EOF when reading a line
Ask me anything: An error occurred: EOF when reading a line
Ask me anything: An error occurred: EOF when reading a line
Ask me anything: An error occurred: EOF when reading a line
Ask me anything: An error occurred: EOF when reading a line
Ask me anything: An error occurred: EOF when reading a line
Ask me anything: An error occurred: EOF when reading a line
Ask me anything: An error occurred: EOF when reading a line
Ask me anything: An error occurred: EOF when reading a line
Ask me anything: An error occurred: EOF when reading a line
Ask me anything: An error occurred: EOF when reading a line
Ask me anything: An error occurred: EOF when reading a line
Ask me anything: An error occurred: EOF when reading a line
Ask me anything: An error occurred: EOF when reading a line
Ask me anything: An error occurred: EOF when reading a line
Ask me anything: An error occurred: EOF when reading a line
Ask me anything: An error occurred: EOF when reading a line
Ask me anything: An error occurred: EOF when reading a line
Ask me anything: An error occurred: EOF when reading a line
Ask me anything: An error occurred: EOF when reading a line
Ask me anything: An error occurred: EOF when reading a line
Ask me anything: An error occurred: EOF when reading a line
Ask me anything: An error occurred: EOF when reading a line
Ask me anything: An error occurred: EOF when reading a line
Ask me anything: An error occurred: EOF when reading a line
Ask me anything: An error occurred: EOF when reading a line
Ask me anything: An error occurred: EOF when reading a line
Ask me anything: An error occurred: EOF when reading a line
Ask me anything: An error occurred: EOF when reading a line
Ask me anything: An error occurred: EOF when reading a line
Ask me anything: An error occurred: EOF when reading a line
Ask me anything: An error occurred: EOF when reading a line
Ask me anything: An error occurred: EOF when reading a line
Ask me anything: An error occurred: EOF when reading a line
Ask me anything: An error occurred: EOF when reading a line
Ask me anything: An error occurred: EOF when reading a line
Ask me anything: An error occurred: EOF when reading a line
Ask me anything: An error occurred: EOF when reading a line
Ask me anything: An error occurred: EOF when reading a line
Ask me anything: An error occurred: EOF when reading a line
Ask me anything: An error occurred: EOF when reading a line
Ask me anything: An error occurred: EOF when reading a line
Ask me anything: An error occurred: EOF when reading a line
Ask me anything: An error occurred: EOF when reading a line
Ask me anything: An error occurred: EOF when reading a line
Ask me anything: An error occurred: EOF when reading a line
Ask me anything: An error occurred: EOF when reading a line
Ask me anything: An error occurred: EOF when reading a line
Ask me anything: An error occurred: EOF when reading a line
Ask me anything: An error occurred: EOF when reading a line
Ask me anything: An error occurred: EOF when reading a line
Ask me anything: An error occurred: EOF when reading a line
Ask me anything: An error occurred: EOF when reading a line
Ask me anything: An error occurred: EOF when reading a line
Ask me anything: An error occurred: EOF when reading a line
Ask me anything: An error occurred: EOF when reading a line
Ask me anything: An error occurred: EOF when reading a line
Ask me anything: An error occurred: EOF when reading a line
Ask me anything: An error occurred: EOF when reading a line
Ask me anything: An error occurred: EOF when reading a line
Ask me anything: An error occurred: EOF when reading a line
Ask me anything: An error occurred: EOF when reading a line
Ask me anything: An error occurred: EOF when reading a line
Ask me anything: An error occurred: EOF when reading a line
Ask me anything: An error occurred: EOF when reading a line
Ask me anything: An error occurred: EOF when reading a line
Ask me anything: An error occurred: EOF when reading a line
Ask me anything: An error occurred: EOF when reading a line
Ask me anything: An error occurred: EOF when reading a line
Ask me anything: An error occurred: EOF when reading a line
Ask me anything: An error occurred: EOF when reading a line
Ask me anything: An error occurred: EOF when reading a line
Ask me anything: An error occurred: EOF when reading a line
Ask me anything: An error occurred: EOF when reading a line
Ask me anything: An error occurred: EOF when reading a line
Ask me anything: An error occurred: EOF when reading a line
Ask me anything: An error occurred: EOF when reading a line
Ask me anything: An error occurred: EOF when reading a line
Ask me anything: An error occurred: EOF when reading a line
Ask me anything: An error occurred: EOF when reading a line
Ask me anything: An error occurred: EOF when reading a line
Ask me anything: An error occurred: EOF when reading a line
Ask me anything: An error occurred: EOF when reading a line
Ask me anything: An error occurred: EOF when reading a line
Ask me anything: An error occurred: EOF when reading a line
Ask me anything: An error occurred: EOF when reading a line
Ask me anything: An error occurred: EOF when reading a line
Ask me anything: An error occurred: EOF when reading a line
Ask me anything: An error occurred: EOF when reading a line
Ask me anything: An error occurred: EOF when reading a line
Ask me anything: An error occurred: EOF when reading a line
Ask me anything: An error occurred: EOF when reading a line
Ask me anything: An error occurred: EOF when reading a line
Ask me anything: An error occurred: EOF when reading a line
Ask me anything: An error occurred: EOF when reading a line
Ask me anything: An error occurred: EOF when reading a line
Ask me anything: An error occurred: EOF when reading a line
Ask me anything: An error occurred: EOF when reading a line
Ask me anything: An error occurred: EOF when reading a line
Ask me anything: An error occurred: EOF when reading a line
Ask me anything: An error occurred: EOF when reading a line
Ask me anything: An error occurred: EOF when reading a line
Ask me anything: An error occurred: EOF when reading a line
Ask me anything: An error occurred: EOF when reading a line
Ask me anything: An error occurred: EOF when reading a line
Ask me anything: An error occurred: EOF when reading a line
Ask me anything: An error occurred: EOF when reading a line
Ask me anything: An error occurred: EOF when reading a line
Ask me anything: An error occurred: EOF when reading a line
Ask me anything: An error occurred: EOF when reading a line
Ask me anything: An error occurred: EOF when reading a line
Ask me anything: An error occurred: EOF when reading a line
Ask me anything: An error occurred: EOF when reading a line
Ask me anything: An error occurred: EOF when reading a line
Ask me anything: An error occurred: EOF when reading a line
Ask me anything: An error occurred: EOF when reading a line
Ask me anything: An error occurred: EOF when reading a line
Ask me anything: An error occurred: EOF when reading a line
Ask me anything: An error occurred: EOF when reading a line
Ask me anything: An error occurred: EOF when reading a line
Ask me anything: An error occurred: EOF when reading a line
Ask me anything: An error occurred: EOF when reading a line
Ask me anything: An error occurred: EOF when reading a line
Ask me anything: An error occurred: EOF when reading a line
Ask me anything: An error occurred: EOF when reading a line
Ask me anything: An error occurred: EOF when reading a line
Ask me anything: An error occurred: EOF when reading a line
Ask me anything: An error occurred: EOF when reading a line
Ask me anything: An error occurred: EOF when reading a line
Ask me anything: An error occurred: EOF when reading a line
Ask me anything: An error occurred: EOF when reading a line
Ask me anything: An error occurred: EOF when reading a line
Ask me anything: An error occurred: EOF when reading a line
Ask me anything: An error occurred: EOF when reading a line
Ask me anything: An error occurred: EOF when reading a line
Ask me anything: An error occurred: EOF when reading a line
Ask me anything: An error occurred: EOF when reading a line
Ask me anything: An error occurred: EOF when reading a line
Ask me anything: An error occurred: EOF when reading a line
Ask me anything: An error occurred: EOF when reading a line
Ask me anything: An error occurred: EOF when reading a line
Ask me anything: An error occurred: EOF when reading a line
Ask me anything: An error occurred: EOF when reading a line
Ask me anything: An error occurred: EOF when reading a line
Ask me anything: An error occurred: EOF when reading a line
Ask me anything: An error occurred: EOF when reading a line
Ask me anything: An error occurred: EOF when reading a line
Ask me anything: An error occurred: EOF when reading a line
Ask me anything: An error occurred: EOF when reading a line
Ask me anything: An error occurred: EOF when reading a line
Ask me anything: An error occurred: EOF when reading a line
Ask me anything: An error occurred: EOF when reading a line
Ask me anything: An error occurred: EOF when reading a line
Ask me anything: An error occurred: EOF when reading a line
Ask me anything: An error occurred: EOF when reading a line
Ask me anything: An error occurred: EOF when reading a line
Ask me anything: An error occurred: EOF when reading a line
Ask me anything: An error occurred: EOF when reading a line
Ask me anything: An error occurred: EOF when reading a line
Ask me anything: An error occurred: EOF when reading a line
Ask me anything: An error occurred: EOF when reading a line
Ask me anything: An error occurred: EOF when reading a line
Ask me anything: An error occurred: EOF when reading a line
Ask me anything: An error occurred: EOF when reading a line
Ask me anything: An error occurred: EOF when reading a line
Ask me anything: An error occurred: EOF when reading a line
Ask me anything: An error occurred: EOF when reading a line
Ask me anything: An error occurred: EOF when reading a line
Ask me anything: An error occurred: EOF when reading a line
Ask me anything: An error occurred: EOF when reading a line
Ask me anything: An error occurred: EOF when reading a line
Ask me anything: An error occurred: EOF when reading a line
Ask me anything: An error occurred: EOF when reading a line
Ask me anything: An error occurred: EOF when reading a line
Ask me anything: An error occurred: EOF when reading a line
Ask me anything: An error occurred: EOF when reading a line
Ask me anything: An error occurred: EOF when reading a line
Ask me anything: An error occurred: EOF when reading a line
Ask me anything: An error occurred: EOF when reading a line
Ask me anything: An error occurred: EOF when reading a line
Ask me anything: An error occurred: EOF when reading a line
Ask me anything: An error occurred: EOF when reading a line
Ask me anything: An error occurred: EOF when reading a line
Ask me anything: An error occurred: EOF when reading a line
Ask me anything: An error occurred: EOF when reading a line
Ask me anything: An error occurred: EOF when reading a line
Ask me anything: An error occurred: EOF when reading a line
Ask me anything: An error occurred: EOF when reading a line
Ask me anything: An error occurred: EOF when reading a line
Ask me anything: An error occurred: EOF when reading a line
Ask me anything: An error occurred: EOF when reading a line
Ask me anything: An error occurred: EOF when reading a line
Ask me anything: An error occurred: EOF when reading a line
Ask me anything: An error occurred: EOF when reading a line
Ask me anything: An error occurred: EOF when reading a line
Ask me anything: An error occurred: EOF when reading a line
Ask me anything: An error occurred: EOF when reading a line
Ask me anything: An error occurred: EOF when reading a line
Ask me anything: An error occurred: EOF when reading a line
Ask me anything: An error occurred: EOF when reading a line
Ask me anything: An error occurred: EOF when reading a line
Ask me anything: An error occurred: EOF when reading a line
Ask me anything: An error occurred: EOF when reading a line
Ask me anything: An error occurred: EOF when reading a line
Ask me anything: An error occurred: EOF when reading a line
Ask me anything: An error occurred: EOF when reading a line
Ask me anything: An error occurred: EOF when reading a line
Ask me anything: An error occurred: EOF when reading a line
Ask me anything: An error occurred: EOF when reading a line
Ask me anything: An error occurred: EOF when reading a line
Ask me anything: An error occurred: EOF when reading a line
Ask me anything: An error occurred: EOF when reading a line
Ask me anything: An error occurred: EOF when reading a line
Ask me anything: An error occurred: EOF when reading a line
Ask me anything: An error occurred: EOF when reading a line
Ask me anything: An error occurred: EOF when reading a line
Ask me anything: An error occurred: EOF when reading a line
Ask me anything: An error occurred: EOF when reading a line
Ask me anything: An error occurred: EOF when reading a line
Ask me anything: An error occurred: EOF when reading a line
Ask me anything: An error occurred: EOF when reading a line
Ask me anything: An error occurred: EOF when reading a line
Ask me anything: An error occurred: EOF when reading a line
Ask me anything: An error occurred: EOF when reading a line
Ask me anything: An error occurred: EOF when reading a line
Ask me anything: An error occurred: EOF when reading a line
Ask me anything: An error occurred: EOF when reading a line
Ask me anything: An error occurred: EOF when reading a line
Ask me anything: An error occurred: EOF when reading a line
Ask me anything: An error occurred: EOF when reading a line
Ask me anything: An error occurred: EOF when reading a line
Ask me anything: An error occurred: EOF when reading a line
Ask me anything: An error occurred: EOF when reading a line
Ask me anything: An error occurred: EOF when reading a line
Ask me anything: An error occurred: EOF when reading a line
Ask me anything: An error occurred: EOF when reading a line
Ask me anything: An error occurred: EOF when reading a line
Ask me anything: An error occurred: EOF when reading a line
Ask me anything: An error occurred: EOF when reading a line
Ask me anything: An error occurred: EOF when reading a line
Ask me anything: An error occurred: EOF when reading a line
Ask me anything: An error occurred: EOF when reading a line
Ask me anything: An error occurred: EOF when reading a line
Ask me anything: An error occurred: EOF when reading a line
Ask me anything: An error occurred: EOF when reading a line
Ask me anything: An error occurred: EOF when reading a line
Ask me anything: An error occurred: EOF when reading a line
Ask me anything: An error occurred: EOF when reading a line
Ask me anything: An error occurred: EOF when reading a line
Ask me anything: An error occurred: EOF when reading a line
Ask me anything: An error occurred: EOF when reading a line
Ask me anything: An error occurred: EOF when reading a line
Ask me anything: An error occurred: EOF when reading a line
Ask me anything: An error occurred: EOF when reading a line
Ask me anything: An error occurred: EOF when reading a line
Ask me anything: An error occurred: EOF when reading a line
Ask me anything: An error occurred: EOF when reading a line
Ask me anything: An error occurred: EOF when reading a line
Ask me anything: An error occurred: EOF when reading a line
Ask me anything: An error occurred: EOF when reading a line
Ask me anything: An error occurred: EOF when reading a line
Ask me anything: An error occurred: EOF when reading a line
Ask me anything: An error occurred: EOF when reading a line
Ask me anything: An error occurred: EOF when reading a line
Ask me anything: An error occurred: EOF when reading a line
Ask me anything: An error occurred: EOF when reading a line
Ask me anything: An error occurred: EOF when reading a line
Ask me anything: An error occurred: EOF when reading a line
Ask me anything: An error occurred: EOF when reading a line
Ask me anything: An error occurred: EOF when reading a line
Ask me anything: An error occurred: EOF when reading a line
Ask me anything: An error occurred: EOF when reading a line
Ask me anything: An error occurred: EOF when reading a line
Ask me anything: An error occurred: EOF when reading a line
Ask me anything: An error occurred: EOF when reading a line
Ask me anything: An error occurred: EOF when reading a line
Ask me anything: An error occurred: EOF when reading a line
Ask me anything: An error occurred: EOF when reading a line
Ask me anything: An error occurred: EOF when reading a line
Ask me anything: An error occurred: EOF when reading a line
Ask me anything: An error occurred: EOF when reading a line
Ask me anything: An error occurred: EOF when reading a line
Ask me anything: An error occurred: EOF when reading a line
Ask me anything: An error occurred: EOF when reading a line
Ask me anything: An error occurred: EOF when reading a line
Ask me anything: An error occurred: EOF when reading a line
Ask me anything: An error occurred: EOF when reading a line
Ask me anything: An error occurred: EOF when reading a line
Ask me anything: An error occurred: EOF when reading a line
Ask me anything: An error occurred: EOF when reading a line
Ask me anything: An error occurred: EOF when reading a line
Ask me anything: An error occurred: EOF when reading a line
Ask me anything: An error occurred: EOF when reading a line
Ask me anything: An error occurred: EOF when reading a line
Ask me anything: An error occurred: EOF when reading a line
Ask me anything: An error occurred: EOF when reading a line
Ask me anything: An error occurred: EOF when reading a line
Ask me anything: An error occurred: EOF when reading a line
Ask me anything: An error occurred: EOF when reading a line
Ask me anything: An error occurred: EOF when reading a line
Ask me anything: An error occurred: EOF when reading a line
Ask me anything: An error occurred: EOF when reading a line
Ask me anything: An error occurred: EOF when reading a line
Ask me anything: An error occurred: EOF when reading a line
Ask me anything: An error occurred: EOF when reading a line
Ask me anything: An error occurred: EOF when reading a line
Ask me anything: An error occurred: EOF when reading a line
Ask me anything: An error occurred: EOF when reading a line
Ask me anything: An error occurred: EOF when reading a line
Ask me anything: An error occurred: EOF when reading a line
Ask me anything: An error occurred: EOF when reading a line
Ask me anything: An error occurred: EOF when reading a line
Ask me anything: An error occurred: EOF when reading a line
Ask me anything: An error occurred: EOF when reading a line
Ask me anything: An error occurred: EOF when reading a line
Ask me anything: An error occurred: EOF when reading a line
Ask me anything: An error occurred: EOF when reading a line
Ask me anything: An error occurred: EOF when reading a line
Ask me anything: An error occurred: EOF when reading a line
Ask me anything: An error occurred: EOF when reading a line
Ask me anything: An error occurred: EOF when reading a line
Ask me anything: An error occurred: EOF when reading a line
Ask me anything: An error occurred: EOF when reading a line
Ask me anything: An error occurred: EOF when reading a line
Ask me anything: An error occurred: EOF when reading a line
Ask me anything: An error occurred: EOF when reading a line
Ask me anything: An error occurred: EOF when reading a line
Ask me anything: An error occurred: EOF when reading a line
Ask me anything: An error occurred: EOF when reading a line
Ask me anything: An error occurred: EOF when reading a line
Ask me anything: An error occurred: EOF when reading a line
Ask me anything: An error occurred: EOF when reading a line
Ask me anything: An error occurred: EOF when reading a line
Ask me anything: An error occurred: EOF when reading a line
Ask me anything: An error occurred: EOF when reading a line
Ask me anything: An error occurred: EOF when reading a line
Ask me anything: An error occurred: EOF when reading a line
Ask me anything: An error occurred: EOF when reading a line
Ask me anything: An error occurred: EOF when reading a line
Ask me anything: An error occurred: EOF when reading a line
Ask me anything: An error occurred: EOF when reading a line
Ask me anything: An error occurred: EOF when reading a line
Ask me anything: An error occurred: EOF when reading a line
Ask me anything: An error occurred: EOF when reading a line
Ask me anything: An error occurred: EOF when reading a line
Ask me anything: An error occurred: EOF when reading a line
Ask me anything: An error occurred: EOF when reading a line
Ask me anything: An error occurred: EOF when reading a line
Ask me anything: An error occurred: EOF when reading a line
Ask me anything: An error occurred: EOF when reading a line
Ask me anything: An error occurred: EOF when reading a line
Ask me anything: An error occurred: EOF when reading a line
Ask me anything: An error occurred: EOF when reading a line
Ask me anything: An error occurred: EOF when reading a line
Ask me anything: An error occurred: EOF when reading a line
Ask me anything: An error occurred: EOF when reading a line
Ask me anything: An error occurred: EOF when reading a line
Ask me anything: An error occurred: EOF when reading a line
Ask me anything: An error occurred: EOF when reading a line
Ask me anything: An error occurred: EOF when reading a line
Ask me anything: An error occurred: EOF when reading a line
Ask me anything: An error occurred: EOF when reading a line
Ask me anything: An error occurred: EOF when reading a line
Ask me anything: An error occurred: EOF when reading a line
Ask me anything: An error occurred: EOF when reading a line
Ask me anything: An error occurred: EOF when reading a line
Ask me anything: An error occurred: EOF when reading a line
Ask me anything: An error occurred: EOF when reading a line
Ask me anything: An error occurred: EOF when reading a line
Ask me anything: An error occurred: EOF when reading a line
Ask me anything: An error occurred: EOF when reading a line
Ask me anything: An error occurred: EOF when reading a line
Ask me anything: An error occurred: EOF when reading a line
Ask me anything: An error occurred: EOF when reading a line
Ask me anything: An error occurred: EOF when reading a line
Ask me anything: An error occurred: EOF when reading a line
Ask me anything: An error occurred: EOF when reading a line
Ask me anything: An error occurred: EOF when reading a line
Ask me anything: An error occurred: EOF when reading a line
Ask me anything: An error occurred: EOF when reading a line
Ask me anything: An error occurred: EOF when reading a line
Ask me anything: An error occurred: EOF when reading a line
Ask me anything: An error occurred: EOF when reading a line
Ask me anything: An error occurred: EOF when reading a line
Ask me anything: An error occurred: EOF when reading a line
Ask me anything: An error occurred: EOF when reading a line
Ask me anything: An error occurred: EOF when reading a line
Ask me anything: An error occurred: EOF when reading a line
Ask me anything: An error occurred: EOF when reading a line
Ask me anything: An error occurred: EOF when reading a line
Ask me anything: An error occurred: EOF when reading a line
Ask me anything: An error occurred: EOF when reading a line
Ask me anything: An error occurred: EOF when reading a line
Ask me anything: An error occurred: EOF when reading a line
Ask me anything: An error occurred: EOF when reading a line
Ask me anything: An error occurred: EOF when reading a line
Ask me anything: An error occurred: EOF when reading a line
Ask me anything: An error occurred: EOF when reading a line
Ask me anything: An error occurred: EOF when reading a line
Ask me anything: An error occurred: EOF when reading a line
Ask me anything: An error occurred: EOF when reading a line
Ask me anything: An error occurred: EOF when reading a line
Ask me anything: An error occurred: EOF when reading a line
Ask me anything: An error occurred: EOF when reading a line
Ask me anything: An error occurred: EOF when reading a line
Ask me anything: An error occurred: EOF when reading a line
Ask me anything: An error occurred: EOF when reading a line
Ask me anything: An error occurred: EOF when reading a line
Ask me anything: An error occurred: EOF when reading a line
Ask me anything: An error occurred: EOF when reading a line
Ask me anything: An error occurred: EOF when reading a line
Ask me anything: An error occurred: EOF when reading a line
Ask me anything: An error occurred: EOF when reading a line
Ask me anything: An error occurred: EOF when reading a line
Ask me anything: An error occurred: EOF when reading a line
Ask me anything: An error occurred: EOF when reading a line
Ask me anything: An error occurred: EOF when reading a line
Ask me anything: An error occurred: EOF when reading a line
Ask me anything: An error occurred: EOF when reading a line
Ask me anything: An error occurred: EOF when reading a line
Ask me anything: An error occurred: EOF when reading a line
Ask me anything: An error occurred: EOF when reading a line
Ask me anything: An error occurred: EOF when reading a line
Ask me anything: An error occurred: EOF when reading a line
Ask me anything: An error occurred: EOF when reading a line
Ask me anything: An error occurred: EOF when reading a line
Ask me anything: An error occurred: EOF when reading a line
Ask me anything: An error occurred: EOF when reading a line
Ask me anything: An error occurred: EOF when reading a line
Ask me anything: An error occurred: EOF when reading a line
Ask me anything: An error occurred: EOF when reading a line
Ask me anything: An error occurred: EOF when reading a line
Ask me anything: An error occurred: EOF when reading a line
Ask me anything: An error occurred: EOF when reading a line
Ask me anything: An error occurred: EOF when reading a line
Ask me anything: An error occurred: EOF when reading a line
Ask me anything: An error occurred: EOF when reading a line
Ask me anything: An error occurred: EOF when reading a line
Ask me anything: An error occurred: EOF when reading a line
Ask me anything: An error occurred: EOF when reading a line
Ask me anything: An error occurred: EOF when reading a line
Ask me anything: An error occurred: EOF when reading a line
Ask me anything: An error occurred: EOF when reading a line
Ask me anything: An error occurred: EOF when reading a line
Ask me anything: An error occurred: EOF when reading a line
Ask me anything: An error occurred: EOF when reading a line
Ask me anything: An error occurred: EOF when reading a line
Ask me anything: An error occurred: EOF when reading a line
Ask me anything: An error occurred: EOF when reading a line
Ask me anything: An error occurred: EOF when reading a line
Ask me anything: An error occurred: EOF when reading a line
Ask me anything: An error occurred: EOF when reading a line
Ask me anything: An error occurred: EOF when reading a line
Ask me anything: An error occurred: EOF when reading a line
Ask me anything: An error occurred: EOF when reading a line
Ask me anything: An error occurred: EOF when reading a line
Ask me anything: An error occurred: EOF when reading a line
Ask me anything: An error occurred: EOF when reading a line
Ask me anything: An error occurred: EOF when reading a line
Ask me anything: An error occurred: EOF when reading a line
Ask me anything: An error occurred: EOF when reading a line
Ask me anything: An error occurred: EOF when reading a line
Ask me anything: An error occurred: EOF when reading a line
Ask me anything: An error occurred: EOF when reading a line
Ask me anything: An error occurred: EOF when reading a line
Ask me anything: An error occurred: EOF when reading a line
Ask me anything: An error occurred: EOF when reading a line
Ask me anything: An error occurred: EOF when reading a line
Ask me anything: An error occurred: EOF when reading a line
Ask me anything: An error occurred: EOF when reading a line
Ask me anything: An error occurred: EOF when reading a line
Ask me anything: An error occurred: EOF when reading a line
Ask me anything: An error occurred: EOF when reading a line
Ask me anything: An error occurred: EOF when reading a line
Ask me anything: An error occurred: EOF when reading a line
Ask me anything: An error occurred: EOF when reading a line
Ask me anything: An error occurred: EOF when reading a line
Ask me anything: An error occurred: EOF when reading a line
Ask me anything: An error occurred: EOF when reading a line
Ask me anything: An error occurred: EOF when reading a line
Ask me anything: An error occurred: EOF when reading a line
Ask me anything: An error occurred: EOF when reading a line
Ask me anything: An error occurred: EOF when reading a line
Ask me anything: An error occurred: EOF when reading a line
Ask me anything: An error occurred: EOF when reading a line
Ask me anything: An error occurred: EOF when reading a line
Ask me anything: An error occurred: EOF when reading a line
Ask me anything: An error occurred: EOF when reading a line
Ask me anything: An error occurred: EOF when reading a line
Ask me anything: An error occurred: EOF when reading a line
Ask me anything: An error occurred: EOF when reading a line
Ask me anything: An error occurred: EOF when reading a line
Ask me anything: An error occurred: EOF when reading a line
Ask me anything: An error occurred: EOF when reading a line
Ask me anything: An error occurred: EOF when reading a line
Ask me anything: An error occurred: EOF when reading a line
Ask me anything: An error occurred: EOF when reading a line
Ask me anything: An error occurred: EOF when reading a line
Ask me anything: An error occurred: EOF when reading a line
Ask me anything: An error occurred: EOF when reading a line
Ask me anything: An error occurred: EOF when reading a line
Ask me anything: An error occurred: EOF when reading a line
Ask me anything: An error occurred: EOF when reading a line
Ask me anything: An error occurred: EOF when reading a line
Ask me anything: An error occurred: EOF when reading a line
Ask me anything: An error occurred: EOF when reading a line
Ask me anything: An error occurred: EOF when reading a line
Ask me anything: An error occurred: EOF when reading a line
Ask me anything: An error occurred: EOF when reading a line
Ask me anything: An error occurred: EOF when reading a line
Ask me anything: An error occurred: EOF when reading a line
Ask me anything: An error occurred: EOF when reading a line
Ask me anything: An error occurred: EOF when reading a line
Ask me anything: An error occurred: EOF when reading a line
Ask me anything: An error occurred: EOF when reading a line
Ask me anything: An error occurred: EOF when reading a line
Ask me anything: An error occurred: EOF when reading a line
Ask me anything: An error occurred: EOF when reading a line
Ask me anything: An error occurred: EOF when reading a line
Ask me anything: An error occurred: EOF when reading a line
Ask me anything: An error occurred: EOF when reading a line
Ask me anything: An error occurred: EOF when reading a line
Ask me anything: An error occurred: EOF when reading a line
Ask me anything: An error occurred: EOF when reading a line
Ask me anything: An error occurred: EOF when reading a line
Ask me anything: An error occurred: EOF when reading a line
Ask me anything: An error occurred: EOF when reading a line
Ask me anything: An error occurred: EOF when reading a line
Ask me anything: An error occurred: EOF when reading a line
Ask me anything: An error occurred: EOF when reading a line
Ask me anything: An error occurred: EOF when reading a line
Ask me anything: An error occurred: EOF when reading a line
Ask me anything: An error occurred: EOF when reading a line
Ask me anything: An error occurred: EOF when reading a line
Ask me anything: An error occurred: EOF when reading a line
Ask me anything: An error occurred: EOF when reading a line
Ask me anything: An error occurred: EOF when reading a line
Ask me anything: An error occurred: EOF when reading a line
Ask me anything: An error occurred: EOF when reading a line
Ask me anything: An error occurred: EOF when reading a line
Ask me anything: An error occurred: EOF when reading a line
Ask me anything: An error occurred: EOF when reading a line
Ask me anything: An error occurred: EOF when reading a line
Ask me anything: An error occurred: EOF when reading a line
Ask me anything: An error occurred: EOF when reading a line
Ask me anything: An error occurred: EOF when reading a line
Ask me anything: An error occurred: EOF when reading a line
Ask me anything: An error occurred: EOF when reading a line
Ask me anything: An error occurred: EOF when reading a line
Ask me anything: An error occurred: EOF when reading a line
Ask me anything: An error occurred: EOF when reading a line
Ask me anything: An error occurred: EOF when reading a line
Ask me anything: An error occurred: EOF when reading a line
Ask me anything: An error occurred: EOF when reading a line
Ask me anything: An error occurred: EOF when reading a line
Ask me anything: An error occurred: EOF when reading a line
Ask me anything: An error occurred: EOF when reading a line
Ask me anything: An error occurred: EOF when reading a line
Ask me anything: An error occurred: EOF when reading a line
Ask me anything: An error occurred: EOF when reading a line
Ask me anything: An error occurred: EOF when reading a line
Ask me anything: An error occurred: EOF when reading a line
Ask me anything: An error occurred: EOF when reading a line
Ask me anything: An error occurred: EOF when reading a line
Ask me anything: An error occurred: EOF when reading a line
Ask me anything: An error occurred: EOF when reading a line
Ask me anything: An error occurred: EOF when reading a line
Ask me anything: An error occurred: EOF when reading a line
Ask me anything: An error occurred: EOF when reading a line
Ask me anything: An error occurred: EOF when reading a line
Ask me anything: An error occurred: EOF when reading a line
Ask me anything: An error occurred: EOF when reading a line
Ask me anything: An error occurred: EOF when reading a line
Ask me anything: An error occurred: EOF when reading a line
Ask me anything: An error occurred: EOF when reading a line
Ask me anything: An error occurred: EOF when reading a line
Ask me anything: An error occurred: EOF when reading a line
Ask me anything: An error occurred: EOF when reading a line
Ask me anything: An error occurred: EOF when reading a line
Ask me anything: An error occurred: EOF when reading a line
Ask me anything: An error occurred: EOF when reading a line
Ask me anything: An error occurred: EOF when reading a line
Ask me anything: An error occurred: EOF when reading a line
Ask me anything: An error occurred: EOF when reading a line
Ask me anything: An error occurred: EOF when reading a line
Ask me anything: An error occurred: EOF when reading a line
Ask me anything: An error occurred: EOF when reading a line
Ask me anything: An error occurred: EOF when reading a line
Ask me anything: An error occurred: EOF when reading a line
Ask me anything: An error occurred: EOF when reading a line
Ask me anything: An error occurred: EOF when reading a line
Ask me anything: An error occurred: EOF when reading a line
Ask me anything: An error occurred: EOF when reading a line
Ask me anything: An error occurred: EOF when reading a line
Ask me anything: An error occurred: EOF when reading a line
Ask me anything: An error occurred: EOF when reading a line
Ask me anything: An error occurred: EOF when reading a line
Ask me anything: An error occurred: EOF when reading a line
Ask me anything: An error occurred: EOF when reading a line
Ask me anything: An error occurred: EOF when reading a line
Ask me anything: An error occurred: EOF when reading a line
Ask me anything: An error occurred: EOF when reading a line
Ask me anything: An error occurred: EOF when reading a line
Ask me anything: An error occurred: EOF when reading a line
Ask me anything: An error occurred: EOF when reading a line
Ask me anything: An error occurred: EOF when reading a line
Ask me anything: An error occurred: EOF when reading a line
Ask me anything: An error occurred: EOF when reading a line
Ask me anything: An error occurred: EOF when reading a line
Ask me anything: An error occurred: EOF when reading a line
Ask me anything: An error occurred: EOF when reading a line
Ask me anything: An error occurred: EOF when reading a line
Ask me anything: An error occurred: EOF when reading a line
Ask me anything: An error occurred: EOF when reading a line
Ask me anything: An error occurred: EOF when reading a line
Ask me anything: An error occurred: EOF when reading a line
Ask me anything: An error occurred: EOF when reading a line
Ask me anything: An error occurred: EOF when reading a line
Ask me anything: An error occurred: EOF when reading a line
Ask me anything: An error occurred: EOF when reading a line
Ask me anything: An error occurred: EOF when reading a line
Ask me anything: An error occurred: EOF when reading a line
Ask me anything: An error occurred: EOF when reading a line
Ask me anything: An error occurred: EOF when reading a line
Ask me anything: An error occurred: EOF when reading a line
Ask me anything: An error occurred: EOF when reading a line
Ask me anything: An error occurred: EOF when reading a line
Ask me anything: An error occurred: EOF when reading a line
Ask me anything: An error occurred: EOF when reading a line
Ask me anything: An error occurred: EOF when reading a line
Ask me anything: An error occurred: EOF when reading a line
Ask me anything: An error occurred: EOF when reading a line
Ask me anything: An error occurred: EOF when reading a line
Ask me anything: An error occurred: EOF when reading a line
Ask me anything: An error occurred: EOF when reading a line
Ask me anything: An error occurred: EOF when reading a line
Ask me anything: An error occurred: EOF when reading a line
Ask me anything: An error occurred: EOF when reading a line
Ask me anything: An error occurred: EOF when reading a line
Ask me anything: An error occurred: EOF when reading a line
Ask me anything: An error occurred: EOF when reading a line
Ask me anything: An error occurred: EOF when reading a line
Ask me anything: An error occurred: EOF when reading a line
Ask me anything: An error occurred: EOF when reading a line
Ask me anything: An error occurred: EOF when reading a line
Ask me anything: An error occurred: EOF when reading a line
Ask me anything: An error occurred: EOF when reading a line
Ask me anything: An error occurred: EOF when reading a line
Ask me anything: An error occurred: EOF when reading a line
Ask me anything: An error occurred: EOF when reading a line
Ask me anything: An error occurred: EOF when reading a line
Ask me anything: An error occurred: EOF when reading a line
Ask me anything: An error occurred: EOF when reading a line
Ask me anything: An error occurred: EOF when reading a line
Ask me anything: An error occurred: EOF when reading a line
Ask me anything: An error occurred: EOF when reading a line
Ask me anything: An error occurred: EOF when reading a line
Ask me anything: An error occurred: EOF when reading a line
Ask me anything: An error occurred: EOF when reading a line
Ask me anything: An error occurred: EOF when reading a line
Ask me anything: An error occurred: EOF when reading a line
Ask me anything: An error occurred: EOF when reading a line
Ask me anything: An error occurred: EOF when reading a line
Ask me anything: An error occurred: EOF when reading a line
Ask me anything: An error occurred: EOF when reading a line
Ask me anything: An error occurred: EOF when reading a line
Ask me anything: An error occurred: EOF when reading a line
Ask me anything: An error occurred: EOF when reading a line
Ask me anything: An error occurred: EOF when reading a line
Ask me anything: An error occurred: EOF when reading a line
Ask me anything: An error occurred: EOF when reading a line
Ask me anything: An error occurred: EOF when reading a line
Ask me anything: An error occurred: EOF when reading a line
Ask me anything: An error occurred: EOF when reading a line
Ask me anything: An error occurred: EOF when reading a line
Ask me anything: An error occurred: EOF when reading a line
Ask me anything: An error occurred: EOF when reading a line
Ask me anything: An error occurred: EOF when reading a line
Ask me anything: An error occurred: EOF when reading a line
Ask me anything: An error occurred: EOF when reading a line
Ask me anything: An error occurred: EOF when reading a line
Ask me anything: An error occurred: EOF when reading a line
Ask me anything: An error occurred: EOF when reading a line
Ask me anything: An error occurred: EOF when reading a line
Ask me anything: An error occurred: EOF when reading a line
Ask me anything: An error occurred: EOF when reading a line
Ask me anything: An error occurred: EOF when reading a line
Ask me anything: An error occurred: EOF when reading a line
Ask me anything: An error occurred: EOF when reading a line
Ask me anything: An error occurred: EOF when reading a line
Ask me anything: An error occurred: EOF when reading a line
Ask me anything: An error occurred: EOF when reading a line
Ask me anything: An error occurred: EOF when reading a line
Ask me anything: An error occurred: EOF when reading a line
Ask me anything: An error occurred: EOF when reading a line
Ask me anything: An error occurred: EOF when reading a line
Ask me anything: An error occurred: EOF when reading a line
Ask me anything: An error occurred: EOF when reading a line
Ask me anything: An error occurred: EOF when reading a line
Ask me anything: An error occurred: EOF when reading a line
Ask me anything: An error occurred: EOF when reading a line
Ask me anything: An error occurred: EOF when reading a line
Ask me anything: An error occurred: EOF when reading a line
Ask me anything: An error occurred: EOF when reading a line
Ask me anything: An error occurred: EOF when reading a line
Ask me anything: An error occurred: EOF when reading a line
Ask me anything: An error occurred: EOF when reading a line
Ask me anything: An error occurred: EOF when reading a line
Ask me anything: An error occurred: EOF when reading a line
Ask me anything: An error occurred: EOF when reading a line
Ask me anything: An error occurred: EOF when reading a line
Ask me anything: An error occurred: EOF when reading a line
Ask me anything: An error occurred: EOF when reading a line
Ask me anything: An error occurred: EOF when reading a line
Ask me anything: An error occurred: EOF when reading a line
Ask me anything: An error occurred: EOF when reading a line
Ask me anything: An error occurred: EOF when reading a line
Ask me anything: An error occurred: EOF when reading a line
Ask me anything: An error occurred: EOF when reading a line
Ask me anything: An error occurred: EOF when reading a line
Ask me anything: An error occurred: EOF when reading a line
Ask me anything: An error occurred: EOF when reading a line
Ask me anything: An error occurred: EOF when reading a line
Ask me anything: An error occurred: EOF when reading a line
Ask me anything: An error occurred: EOF when reading a line
Ask me anything: An error occurred: EOF when reading a line
Ask me anything: An error occurred: EOF when reading a line
Ask me anything: An error occurred: EOF when reading a line
Ask me anything: An error occurred: EOF when reading a line
Ask me anything: An error occurred: EOF when reading a line
Ask me anything: An error occurred: EOF when reading a line
Ask me anything: An error occurred: EOF when reading a line
Ask me anything: An error occurred: EOF when reading a line
Ask me anything: An error occurred: EOF when reading a line
Ask me anything: An error occurred: EOF when reading a line
Ask me anything: An error occurred: EOF when reading a line
Ask me anything: An error occurred: EOF when reading a line
Ask me anything: An error occurred: EOF when reading a line
Ask me anything: An error occurred: EOF when reading a line
Ask me anything: An error occurred: EOF when reading a line
Ask me anything: An error occurred: EOF when reading a line
Ask me anything: An error occurred: EOF when reading a line
Ask me anything: An error occurred: EOF when reading a line
Ask me anything: An error occurred: EOF when reading a line
Ask me anything: An error occurred: EOF when reading a line
Ask me anything: An error occurred: EOF when reading a line
Ask me anything: An error occurred: EOF when reading a line
Ask me anything: An error occurred: EOF when reading a line
Ask me anything: An error occurred: EOF when reading a line
Ask me anything: An error occurred: EOF when reading a line
Ask me anything: An error occurred: EOF when reading a line
Ask me anything: An error occurred: EOF when reading a line
Ask me anything: An error occurred: EOF when reading a line
Ask me anything: An error occurred: EOF when reading a line
Ask me anything: An error occurred: EOF when reading a line
Ask me anything: An error occurred: EOF when reading a line
Ask me anything: An error occurred: EOF when reading a line
Ask me anything: An error occurred: EOF when reading a line
Ask me anything: An error occurred: EOF when reading a line
Ask me anything: An error occurred: EOF when reading a line
Ask me anything: An error occurred: EOF when reading a line
Ask me anything: An error occurred: EOF when reading a line
Ask me anything: An error occurred: EOF when reading a line
Ask me anything: An error occurred: EOF when reading a line
Ask me anything: An error occurred: EOF when reading a line
Ask me anything: An error occurred: EOF when reading a line
Ask me anything: An error occurred: EOF when reading a line
Ask me anything: An error occurred: EOF when reading a line
Ask me anything: An error occurred: EOF when reading a line
Ask me anything: An error occurred: EOF when reading a line
Ask me anything: An error occurred: EOF when reading a line
Ask me anything: An error occurred: EOF when reading a line
Ask me anything: An error occurred: EOF when reading a line
Ask me anything: An error occurred: EOF when reading a line
Ask me anything: An error occurred: EOF when reading a line
Ask me anything: An error occurred: EOF when reading a line
Ask me anything: An error occurred: EOF when reading a line
Ask me anything: An error occurred: EOF when reading a line
Ask me anything: An error occurred: EOF when reading a line
Ask me anything: An error occurred: EOF when reading a line
Ask me anything: An error occurred: EOF when reading a line
Ask me anything: An error occurred: EOF when reading a line
Ask me anything: An error occurred: EOF when reading a line
Ask me anything: An error occurred: EOF when reading a line
Ask me anything: An error occurred: EOF when reading a line
Ask me anything: An error occurred: EOF when reading a line
Ask me anything: An error occurred: EOF when reading a line
Ask me anything: An error occurred: EOF when reading a line
Ask me anything: An error occurred: EOF when reading a line
Ask me anything: An error occurred: EOF when reading a line
Ask me anything: An error occurred: EOF when reading a line
Ask me anything: An error occurred: EOF when reading a line
Ask me anything: An error occurred: EOF when reading a line
Ask me anything: An error occurred: EOF when reading a line
Ask me anything: An error occurred: EOF when reading a line
Ask me anything: An error occurred: EOF when reading a line
Ask me anything: An error occurred: EOF when reading a line
Ask me anything: An error occurred: EOF when reading a line
Ask me anything: An error occurred: EOF when reading a line
Ask me anything: An error occurred: EOF when reading a line
Ask me anything: An error occurred: EOF when reading a line
Ask me anything: An error occurred: EOF when reading a line
Ask me anything: An error occurred: EOF when reading a line
Ask me anything: An error occurred: EOF when reading a line
Ask me anything: An error occurred: EOF when reading a line
Ask me anything: An error occurred: EOF when reading a line
Ask me anything: An error occurred: EOF when reading a line
Ask me anything: An error occurred: EOF when reading a line
Ask me anything: An error occurred: EOF when reading a line
Ask me anything: An error occurred: EOF when reading a line
Ask me anything: An error occurred: EOF when reading a line
Ask me anything: An error occurred: EOF when reading a line
Ask me anything: An error occurred: EOF when reading a line
Ask me anything: An error occurred: EOF when reading a line
Ask me anything: An error occurred: EOF when reading a line
Ask me anything: An error occurred: EOF when reading a line
Ask me anything: An error occurred: EOF when reading a line
Ask me anything: An error occurred: EOF when reading a line
Ask me anything: An error occurred: EOF when reading a line
Ask me anything: An error occurred: EOF when reading a line
Ask me anything: An error occurred: EOF when reading a line
Ask me anything: An error occurred: EOF when reading a line
Ask me anything: An error occurred: EOF when reading a line
Ask me anything: An error occurred: EOF when reading a line
Ask me anything: An error occurred: EOF when reading a line
Ask me anything: An error occurred: EOF when reading a line
Ask me anything: An error occurred: EOF when reading a line
Ask me anything: An error occurred: EOF when reading a line
Ask me anything: An error occurred: EOF when reading a line
Ask me anything: An error occurred: EOF when reading a line
Ask me anything: An error occurred: EOF when reading a line
Ask me anything: An error occurred: EOF when reading a line
Ask me anything: An error occurred: EOF when reading a line
Ask me anything: An error occurred: EOF when reading a line
Ask me anything: An error occurred: EOF when reading a line
Ask me anything: An error occurred: EOF when reading a line
Ask me anything: An error occurred: EOF when reading a line
Ask me anything: An error occurred: EOF when reading a line
Ask me anything: An error occurred: EOF when reading a line
Ask me anything: An error occurred: EOF when reading a line
Ask me anything: An error occurred: EOF when reading a line
Ask me anything: An error occurred: EOF when reading a line
Ask me anything: An error occurred: EOF when reading a line
Ask me anything: An error occurred: EOF when reading a line
Ask me anything: An error occurred: EOF when reading a line
Ask me anything: An error occurred: EOF when reading a line
Ask me anything: An error occurred: EOF when reading a line
Ask me anything: An error occurred: EOF when reading a line
Ask me anything: An error occurred: EOF when reading a line
Ask me anything: An error occurred: EOF when reading a line
Ask me anything: An error occurred: EOF when reading a line
Ask me anything: An error occurred: EOF when reading a line
Ask me anything: An error occurred: EOF when reading a line
Ask me anything: An error occurred: EOF when reading a line
Ask me anything: An error occurred: EOF when reading a line
Ask me anything: An error occurred: EOF when reading a line
Ask me anything: An error occurred: EOF when reading a line
Ask me anything: An error occurred: EOF when reading a line
Ask me anything: An error occurred: EOF when reading a line
Ask me anything: An error occurred: EOF when reading a line
Ask me anything: An error occurred: EOF when reading a line
Ask me anything: An error occurred: EOF when reading a line
Ask me anything: An error occurred: EOF when reading a line
Ask me anything: An error occurred: EOF when reading a line
Ask me anything: An error occurred: EOF when reading a line
Ask me anything: An error occurred: EOF when reading a line
Ask me anything: An error occurred: EOF when reading a line
Ask me anything: An error occurred: EOF when reading a line
Ask me anything: An error occurred: EOF when reading a line
Ask me anything: An error occurred: EOF when reading a line
Ask me anything: An error occurred: EOF when reading a line
Ask me anything: An error occurred: EOF when reading a line
Ask me anything: An error occurred: EOF when reading a line
Ask me anything: An error occurred: EOF when reading a line
Ask me anything: An error occurred: EOF when reading a line
Ask me anything: An error occurred: EOF when reading a line
Ask me anything: An error occurred: EOF when reading a line
Ask me anything: An error occurred: EOF when reading a line
Ask me anything: An error occurred: EOF when reading a line
Ask me anything: An error occurred: EOF when reading a line
Ask me anything: An error occurred: EOF when reading a line
Ask me anything: An error occurred: EOF when reading a line
Ask me anything: An error occurred: EOF when reading a line
Ask me anything: An error occurred: EOF when reading a line
Ask me anything: An error occurred: EOF when reading a line
Ask me anything: An error occurred: EOF when reading a line
Ask me anything: An error occurred: EOF when reading a line
Ask me anything: An error occurred: EOF when reading a line
Ask me anything: An error occurred: EOF when reading a line
Ask me anything: An error occurred: EOF when reading a line
Ask me anything: An error occurred: EOF when reading a line
Ask me anything: An error occurred: EOF when reading a line
Ask me anything: An error occurred: EOF when reading a line
Ask me anything: An error occurred: EOF when reading a line
Ask me anything: An error occurred: EOF when reading a line
Ask me anything: An error occurred: EOF when reading a line
Ask me anything: An error occurred: EOF when reading a line
Ask me anything: An error occurred: EOF when reading a line
Ask me anything: An error occurred: EOF when reading a line
Ask me anything: An error occurred: EOF when reading a line
Ask me anything: An error occurred: EOF when reading a line
Ask me anything: An error occurred: EOF when reading a line
Ask me anything: An error occurred: EOF when reading a line
Ask me anything: An error occurred: EOF when reading a line
Ask me anything: An error occurred: EOF when reading a line
Ask me anything: An error occurred: EOF when reading a line
Ask me anything: An error occurred: EOF when reading a line
Ask me anything: An error occurred: EOF when reading a line
Ask me anything: An error occurred: EOF when reading a line
Ask me anything: An error occurred: EOF when reading a line
Ask me anything: An error occurred: EOF when reading a line
Ask me anything: An error occurred: EOF when reading a line
Ask me anything: An error occurred: EOF when reading a line
Ask me anything: An error occurred: EOF when reading a line
Ask me anything: An error occurred: EOF when reading a line
Ask me anything: An error occurred: EOF when reading a line
Ask me anything: An error occurred: EOF when reading a line
Ask me anything: An error occurred: EOF when reading a line
Ask me anything: An error occurred: EOF when reading a line
Ask me anything: An error occurred: EOF when reading a line
Ask me anything: An error occurred: EOF when reading a line
Ask me anything: An error occurred: EOF when reading a line
Ask me anything: An error occurred: EOF when reading a line
Ask me anything: An error occurred: EOF when reading a line
Ask me anything: An error occurred: EOF when reading a line
Ask me anything: An error occurred: EOF when reading a line
Ask me anything: An error occurred: EOF when reading a line
Ask me anything: An error occurred: EOF when reading a line
Ask me anything: An error occurred: EOF when reading a line
Ask me anything: An error occurred: EOF when reading a line
Ask me anything: An error occurred: EOF when reading a line
Ask me anything: An error occurred: EOF when reading a line
Ask me anything: An error occurred: EOF when reading a line
Ask me anything: An error occurred: EOF when reading a line
Ask me anything: An error occurred: EOF when reading a line
Ask me anything: An error occurred: EOF when reading a line
Ask me anything: An error occurred: EOF when reading a line
Ask me anything: An error occurred: EOF when reading a line
Ask me anything: An error occurred: EOF when reading a line
Ask me anything: An error occurred: EOF when reading a line
Ask me anything: An error occurred: EOF when reading a line
Ask me anything: An error occurred: EOF when reading a line
Ask me anything: An error occurred: EOF when reading a line
Ask me anything: An error occurred: EOF when reading a line
Ask me anything: An error occurred: EOF when reading a line
Ask me anything: An error occurred: EOF when reading a line
Ask me anything: An error occurred: EOF when reading a line
Ask me anything: An error occurred: EOF when reading a line
Ask me anything: An error occurred: EOF when reading a line
Ask me anything: An error occurred: EOF when reading a line
Ask me anything: An error occurred: EOF when reading a line
Ask me anything: An error occurred: EOF when reading a line
Ask me anything: An error occurred: EOF when reading a line
Ask me anything: An error occurred: EOF when reading a line
Ask me anything: An error occurred: EOF when reading a line
Ask me anything: An error occurred: EOF when reading a line
Ask me anything: An error occurred: EOF when reading a line
Ask me anything: An error occurred: EOF when reading a line
Ask me anything: An error occurred: EOF when reading a line
Ask me anything: An error occurred: EOF when reading a line
Ask me anything: An error occurred: EOF when reading a line
Ask me anything: An error occurred: EOF when reading a line
Ask me anything: An error occurred: EOF when reading a line
Ask me anything: An error occurred: EOF when reading a line
Ask me anything: An error occurred: EOF when reading a line
Ask me anything: An error occurred: EOF when reading a line
Ask me anything: An error occurred: EOF when reading a line
Ask me anything: An error occurred: EOF when reading a line
Ask me anything: An error occurred: EOF when reading a line
Ask me anything: An error occurred: EOF when reading a line
Ask me anything: An error occurred: EOF when reading a line
Ask me anything: An error occurred: EOF when reading a line
Ask me anything: An error occurred: EOF when reading a line
Ask me anything: An error occurred: EOF when reading a line
Ask me anything: An error occurred: EOF when reading a line
Ask me anything: An error occurred: EOF when reading a line
Ask me anything: An error occurred: EOF when reading a line
Ask me anything: An error occurred: EOF when reading a line
Ask me anything: An error occurred: EOF when reading a line
Ask me anything: An error occurred: EOF when reading a line
Ask me anything: An error occurred: EOF when reading a line
Ask me anything: An error occurred: EOF when reading a line
Ask me anything: An error occurred: EOF when reading a line
Ask me anything: An error occurred: EOF when reading a line
Ask me anything: An error occurred: EOF when reading a line
Ask me anything: An error occurred: EOF when reading a line
Ask me anything: An error occurred: EOF when reading a line
Ask me anything: An error occurred: EOF when reading a line
Ask me anything: An error occurred: EOF when reading a line
Ask me anything: An error occurred: EOF when reading a line
Ask me anything: An error occurred: EOF when reading a line
Ask me anything: An error occurred: EOF when reading a line
Ask me anything: An error occurred: EOF when reading a line
Ask me anything: An error occurred: EOF when reading a line
Ask me anything: An error occurred: EOF when reading a line
Ask me anything: An error occurred: EOF when reading a line
Ask me anything: An error occurred: EOF when reading a line
Ask me anything: An error occurred: EOF when reading a line
Ask me anything: An error occurred: EOF when reading a line
Ask me anything: An error occurred: EOF when reading a line
Ask me anything: An error occurred: EOF when reading a line
Ask me anything: An error occurred: EOF when reading a line
Ask me anything: An error occurred: EOF when reading a line
Ask me anything: An error occurred: EOF when reading a line
Ask me anything: An error occurred: EOF when reading a line
Ask me anything: An error occurred: EOF when reading a line
Ask me anything: An error occurred: EOF when reading a line
Ask me anything: An error occurred: EOF when reading a line
Ask me anything: An error occurred: EOF when reading a line
Ask me anything: An error occurred: EOF when reading a line
Ask me anything: An error occurred: EOF when reading a line
Ask me anything: An error occurred: EOF when reading a line
Ask me anything: An error occurred: EOF when reading a line
Ask me anything: An error occurred: EOF when reading a line
Ask me anything: An error occurred: EOF when reading a line
Ask me anything: An error occurred: EOF when reading a line
Ask me anything: An error occurred: EOF when reading a line
Ask me anything: An error occurred: EOF when reading a line
Ask me anything: An error occurred: EOF when reading a line
Ask me anything: An error occurred: EOF when reading a line
Ask me anything: An error occurred: EOF when reading a line
Ask me anything: An error occurred: EOF when reading a line
Ask me anything: An error occurred: EOF when reading a line
Ask me anything: An error occurred: EOF when reading a line
Ask me anything: An error occurred: EOF when reading a line
Ask me anything: An error occurred: EOF when reading a line
Ask me anything: An error occurred: EOF when reading a line
Ask me anything: An error occurred: EOF when reading a line
Ask me anything: An error occurred: EOF when reading a line
Ask me anything: An error occurred: EOF when reading a line
Ask me anything: An error occurred: EOF when reading a line
Ask me anything: An error occurred: EOF when reading a line
Ask me anything: An error occurred: EOF when reading a line
Ask me anything: An error occurred: EOF when reading a line
Ask me anything: An error occurred: EOF when reading a line
Ask me anything: An error occurred: EOF when reading a line
Ask me anything: An error occurred: EOF when reading a line
Ask me anything: An error occurred: EOF when reading a line
Ask me anything: An error occurred: EOF when reading a line
Ask me anything: An error occurred: EOF when reading a line
Ask me anything: An error occurred: EOF when reading a line
Ask me anything: An error occurred: EOF when reading a line
Ask me anything: An error occurred: EOF when reading a line
Ask me anything: An error occurred: EOF when reading a line
Ask me anything: An error occurred: EOF when reading a line
Ask me anything: An error occurred: EOF when reading a line
Ask me anything: An error occurred: EOF when reading a line
Ask me anything: An error occurred: EOF when reading a line
Ask me anything: An error occurred: EOF when reading a line
Ask me anything: An error occurred: EOF when reading a line
Ask me anything: An error occurred: EOF when reading a line
Ask me anything: An error occurred: EOF when reading a line
Ask me anything: An error occurred: EOF when reading a line
Ask me anything: An error occurred: EOF when reading a line
Ask me anything: An error occurred: EOF when reading a line
Ask me anything: An error occurred: EOF when reading a line
Ask me anything: An error occurred: EOF when reading a line
Ask me anything: An error occurred: EOF when reading a line
Ask me anything: An error occurred: EOF when reading a line
Ask me anything: An error occurred: EOF when reading a line
Ask me anything: An error occurred: EOF when reading a line
Ask me anything: An error occurred: EOF when reading a line
Ask me anything: An error occurred: EOF when reading a line
Ask me anything: An error occurred: EOF when reading a line
Ask me anything: An error occurred: EOF when reading a line
Ask me anything: An error occurred: EOF when reading a line
Ask me anything: An error occurred: EOF when reading a line
Ask me anything: An error occurred: EOF when reading a line
Ask me anything: An error occurred: EOF when reading a line
Ask me anything: An error occurred: EOF when reading a line
Ask me anything: An error occurred: EOF when reading a line
Ask me anything: An error occurred: EOF when reading a line
Ask me anything: An error occurred: EOF when reading a line
Ask me anything: An error occurred: EOF when reading a line
Ask me anything: An error occurred: EOF when reading a line
Ask me anything: An error occurred: EOF when reading a line
Ask me anything: An error occurred: EOF when reading a line
Ask me anything: An error occurred: EOF when reading a line
Ask me anything: An error occurred: EOF when reading a line
Ask me anything: An error occurred: EOF when reading a line
Ask me anything: An error occurred: EOF when reading a line
Ask me anything: An error occurred: EOF when reading a line
Ask me anything: An error occurred: EOF when reading a line
Ask me anything: An error occurred: EOF when reading a line
Ask me anything: An error occurred: EOF when reading a line
Ask me anything: An error occurred: EOF when reading a line
Ask me anything: An error occurred: EOF when reading a line
Ask me anything: An error occurred: EOF when reading a line
Ask me anything: An error occurred: EOF when reading a line
Ask me anything: An error occurred: EOF when reading a line
Ask me anything: An error occurred: EOF when reading a line
Ask me anything: An error occurred: EOF when reading a line
Ask me anything: An error occurred: EOF when reading a line
Ask me anything: An error occurred: EOF when reading a line
Ask me anything: An error occurred: EOF when reading a line
Ask me anything: An error occurred: EOF when reading a line
Ask me anything: An error occurred: EOF when reading a line
Ask me anything: An error occurred: EOF when reading a line
Ask me anything: An error occurred: EOF when reading a line
Ask me anything: An error occurred: EOF when reading a line
Ask me anything: An error occurred: EOF when reading a line
Ask me anything: An error occurred: EOF when reading a line
Ask me anything: An error occurred: EOF when reading a line
Ask me anything: An error occurred: EOF when reading a line
Ask me anything: An error occurred: EOF when reading a line
Ask me anything: An error occurred: EOF when reading a line
Ask me anything: An error occurred: EOF when reading a line
Ask me anything: An error occurred: EOF when reading a line
Ask me anything: An error occurred: EOF when reading a line
Ask me anything: An error occurred: EOF when reading a line
Ask me anything: An error occurred: EOF when reading a line
Ask me anything: An error occurred: EOF when reading a line
Ask me anything: An error occurred: EOF when reading a line
Ask me anything: An error occurred: EOF when reading a line
Ask me anything: An error occurred: EOF when reading a line
Ask me anything: An error occurred: EOF when reading a line
Ask me anything: An error occurred: EOF when reading a line
Ask me anything: An error occurred: EOF when reading a line
Ask me anything: An error occurred: EOF when reading a line
Ask me anything: An error occurred: EOF when reading a line
Ask me anything: An error occurred: EOF when reading a line
Ask me anything: An error occurred: EOF when reading a line
Ask me anything: An error occurred: EOF when reading a line
Ask me anything: An error occurred: EOF when reading a line
Ask me anything: An error occurred: EOF when reading a line
Ask me anything: An error occurred: EOF when reading a line
Ask me anything: An error occurred: EOF when reading a line
Ask me anything: An error occurred: EOF when reading a line
Ask me anything: An error occurred: EOF when reading a line
Ask me anything: An error occurred: EOF when reading a line
Ask me anything: An error occurred: EOF when reading a line
Ask me anything: An error occurred: EOF when reading a line
Ask me anything: An error occurred: EOF when reading a line
Ask me anything: An error occurred: EOF when reading a line
Ask me anything: An error occurred: EOF when reading a line
Ask me anything: An error occurred: EOF when reading a line
Ask me anything: An error occurred: EOF when reading a line
Ask me anything: An error occurred: EOF when reading a line
Ask me anything: An error occurred: EOF when reading a line
Ask me anything: An error occurred: EOF when reading a line
Ask me anything: An error occurred: EOF when reading a line
Ask me anything: An error occurred: EOF when reading a line
Ask me anything: An error occurred: EOF when reading a line
Ask me anything: An error occurred: EOF when reading a line
Ask me anything: An error occurred: EOF when reading a line
Ask me anything: An error occurred: EOF when reading a line
Ask me anything: An error occurred: EOF when reading a line
Ask me anything: An error occurred: EOF when reading a line
Ask me anything: An error occurred: EOF when reading a line
Ask me anything: An error occurred: EOF when reading a line
Ask me anything: An error occurred: EOF when reading a line
Ask me anything: An error occurred: EOF when reading a line
Ask me anything: An error occurred: EOF when reading a line
Ask me anything: An error occurred: EOF when reading a line
Ask me anything: An error occurred: EOF when reading a line
Ask me anything: An error occurred: EOF when reading a line
Ask me anything: An error occurred: EOF when reading a line
Ask me anything: An error occurred: EOF when reading a line
Ask me anything: An error occurred: EOF when reading a line
Ask me anything: An error occurred: EOF when reading a line
Ask me anything: An error occurred: EOF when reading a line
Ask me anything: An error occurred: EOF when reading a line
Ask me anything: An error occurred: EOF when reading a line
Ask me anything: An error occurred: EOF when reading a line
Ask me anything: An error occurred: EOF when reading a line
Ask me anything: An error occurred: EOF when reading a line
Ask me anything: An error occurred: EOF when reading a line
Ask me anything: An error occurred: EOF when reading a line
Ask me anything: An error occurred: EOF when reading a line
Ask me anything: An error occurred: EOF when reading a line
Ask me anything: An error occurred: EOF when reading a line
Ask me anything: An error occurred: EOF when reading a line
Ask me anything: An error occurred: EOF when reading a line
Ask me anything: An error occurred: EOF when reading a line
Ask me anything: An error occurred: EOF when reading a line
Ask me anything: An error occurred: EOF when reading a line
Ask me anything: An error occurred: EOF when reading a line
Ask me anything: An error occurred: EOF when reading a line
Ask me anything: An error occurred: EOF when reading a line
Ask me anything: An error occurred: EOF when reading a line
Ask me anything: An error occurred: EOF when reading a line
Ask me anything: An error occurred: EOF when reading a line
Ask me anything: An error occurred: EOF when reading a line
Ask me anything: An error occurred: EOF when reading a line
Ask me anything: An error occurred: EOF when reading a line
Ask me anything: An error occurred: EOF when reading a line
Ask me anything: An error occurred: EOF when reading a line
Ask me anything: An error occurred: EOF when reading a line
Ask me anything: An error occurred: EOF when reading a line
Ask me anything: An error occurred: EOF when reading a line
Ask me anything: An error occurred: EOF when reading a line
Ask me anything: An error occurred: EOF when reading a line
Ask me anything: An error occurred: EOF when reading a line
Ask me anything: An error occurred: EOF when reading a line
Ask me anything: An error occurred: EOF when reading a line
Ask me anything: An error occurred: EOF when reading a line
Ask me anything: An error occurred: EOF when reading a line
Ask me anything: An error occurred: EOF when reading a line
Ask me anything: An error occurred: EOF when reading a line
Ask me anything: An error occurred: EOF when reading a line
Ask me anything: An error occurred: EOF when reading a line
Ask me anything: An error occurred: EOF when reading a line
Ask me anything: An error occurred: EOF when reading a line
Ask me anything: An error occurred: EOF when reading a line
Ask me anything: An error occurred: EOF when reading a line
Ask me anything: An error occurred: EOF when reading a line
Ask me anything: An error occurred: EOF when reading a line
Ask me anything: An error occurred: EOF when reading a line
Ask me anything: An error occurred: EOF when reading a line
Ask me anything: An error occurred: EOF when reading a line
Ask me anything: An error occurred: EOF when reading a line
Ask me anything: An error occurred: EOF when reading a line
Ask me anything: An error occurred: EOF when reading a line
Ask me anything: An error occurred: EOF when reading a line
Ask me anything: An error occurred: EOF when reading a line
Ask me anything: An error occurred: EOF when reading a line
Ask me anything: An error occurred: EOF when reading a line
Ask me anything: An error occurred: EOF when reading a line
Ask me anything: An error occurred: EOF when reading a line
Ask me anything: An error occurred: EOF when reading a line
Ask me anything: An error occurred: EOF when reading a line
Ask me anything: An error occurred: EOF when reading a line
Ask me anything: An error occurred: EOF when reading a line
Ask me anything: An error occurred: EOF when reading a line
Ask me anything: An error occurred: EOF when reading a line
Ask me anything: An error occurred: EOF when reading a line
Ask me anything: An error occurred: EOF when reading a line
Ask me anything: An error occurred: EOF when reading a line
Ask me anything: An error occurred: EOF when reading a line
Ask me anything: An error occurred: EOF when reading a line
Ask me anything: An error occurred: EOF when reading a line
Ask me anything: An error occurred: EOF when reading a line
Ask me anything: An error occurred: EOF when reading a line
Ask me anything: An error occurred: EOF when reading a line
Ask me anything: An error occurred: EOF when reading a line
Ask me anything: An error occurred: EOF when reading a line
Ask me anything: An error occurred: EOF when reading a line
Ask me anything: An error occurred: EOF when reading a line
Ask me anything: An error occurred: EOF when reading a line
Ask me anything: An error occurred: EOF when reading a line
Ask me anything: An error occurred: EOF when reading a line
Ask me anything: An error occurred: EOF when reading a line
Ask me anything: An error occurred: EOF when reading a line
Ask me anything: An error occurred: EOF when reading a line
Ask me anything: An error occurred: EOF when reading a line
Ask me anything: An error occurred: EOF when reading a line
Ask me anything: An error occurred: EOF when reading a line
Ask me anything: An error occurred: EOF when reading a line
Ask me anything: An error occurred: EOF when reading a line
Ask me anything: An error occurred: EOF when reading a line
Ask me anything: An error occurred: EOF when reading a line
Ask me anything: An error occurred: EOF when reading a line
Ask me anything: An error occurred: EOF when reading a line
Ask me anything: An error occurred: EOF when reading a line
Ask me anything: An error occurred: EOF when reading a line
Ask me anything: An error occurred: EOF when reading a line
Ask me anything: An error occurred: EOF when reading a line
Ask me anything: An error occurred: EOF when reading a line
Ask me anything: An error occurred: EOF when reading a line
Ask me anything: An error occurred: EOF when reading a line
Ask me anything: An error occurred: EOF when reading a line
Ask me anything: An error occurred: EOF when reading a line
Ask me anything: An error occurred: EOF when reading a line
Ask me anything: An error occurred: EOF when reading a line
Ask me anything: An error occurred: EOF when reading a line
Ask me anything: An error occurred: EOF when reading a line
Ask me anything: An error occurred: EOF when reading a line
Ask me anything: An error occurred: EOF when reading a line
Ask me anything: An error occurred: EOF when reading a line
Ask me anything: An error occurred: EOF when reading a line
Ask me anything: An error occurred: EOF when reading a line
Ask me anything: An error occurred: EOF when reading a line
Ask me anything: An error occurred: EOF when reading a line
Ask me anything: An error occurred: EOF when reading a line
Ask me anything: An error occurred: EOF when reading a line
Ask me anything: An error occurred: EOF when reading a line
Ask me anything: An error occurred: EOF when reading a line
Ask me anything: An error occurred: EOF when reading a line
Ask me anything: An error occurred: EOF when reading a line
Ask me anything: An error occurred: EOF when reading a line
Ask me anything: An error occurred: EOF when reading a line
Ask me anything: An error occurred: EOF when reading a line
Ask me anything: An error occurred: EOF when reading a line
Ask me anything: An error occurred: EOF when reading a line
Ask me anything: An error occurred: EOF when reading a line
Ask me anything: An error occurred: EOF when reading a line
Ask me anything: An error occurred: EOF when reading a line
Ask me anything: An error occurred: EOF when reading a line
Ask me anything: An error occurred: EOF when reading a line
Ask me anything: An error occurred: EOF when reading a line
Ask me anything: An error occurred: EOF when reading a line
Ask me anything: An error occurred: EOF when reading a line
Ask me anything: An error occurred: EOF when reading a line
Ask me anything: An error occurred: EOF when reading a line
Ask me anything: An error occurred: EOF when reading a line
Ask me anything: An error occurred: EOF when reading a line
Ask me anything: An error occurred: EOF when reading a line
Ask me anything: An error occurred: EOF when reading a line
Ask me anything: An error occurred: EOF when reading a line
Ask me anything: An error occurred: EOF when reading a line
Ask me anything: An error occurred: EOF when reading a line
Ask me anything: An error occurred: EOF when reading a line
Ask me anything: An error occurred: EOF when reading a line
Ask me anything: An error occurred: EOF when reading a line
Ask me anything: An error occurred: EOF when reading a line
Ask me anything: An error occurred: EOF when reading a line
Ask me anything: An error occurred: EOF when reading a line
Ask me anything: An error occurred: EOF when reading a line
Ask me anything: An error occurred: EOF when reading a line
Ask me anything: An error occurred: EOF when reading a line
Ask me anything: An error occurred: EOF when reading a line
Ask me anything: An error occurred: EOF when reading a line
Ask me anything: An error occurred: EOF when reading a line
Ask me anything: An error occurred: EOF when reading a line
Ask me anything: An error occurred: EOF when reading a line
Ask me anything: An error occurred: EOF when reading a line
Ask me anything: An error occurred: EOF when reading a line
Ask me anything: An error occurred: EOF when reading a line
Ask me anything: An error occurred: EOF when reading a line
Ask me anything: An error occurred: EOF when reading a line
Ask me anything: An error occurred: EOF when reading a line
Ask me anything: An error occurred: EOF when reading a line
Ask me anything: An error occurred: EOF when reading a line
Ask me anything: An error occurred: EOF when reading a line
Ask me anything: An error occurred: EOF when reading a line
Ask me anything: An error occurred: EOF when reading a line
Ask me anything: An error occurred: EOF when reading a line
Ask me anything: An error occurred: EOF when reading a line
Ask me anything: An error occurred: EOF when reading a line
Ask me anything: An error occurred: EOF when reading a line
Ask me anything: An error occurred: EOF when reading a line
Ask me anything: An error occurred: EOF when reading a line
Ask me anything: An error occurred: EOF when reading a line
Ask me anything: An error occurred: EOF when reading a line
Ask me anything: An error occurred: EOF when reading a line
Ask me anything: An error occurred: EOF when reading a line
Ask me anything: An error occurred: EOF when reading a line
Ask me anything: An error occurred: EOF when reading a line
Ask me anything: An error occurred: EOF when reading a line
Ask me anything: An error occurred: EOF when reading a line
Ask me anything: An error occurred: EOF when reading a line
Ask me anything: An error occurred: EOF when reading a line
Ask me anything: An error occurred: EOF when reading a line
Ask me anything: An error occurred: EOF when reading a line
Ask me anything: An error occurred: EOF when reading a line
Ask me anything: An error occurred: EOF when reading a line
Ask me anything: An error occurred: EOF when reading a line
Ask me anything: An error occurred: EOF when reading a line
Ask me anything: An error occurred: EOF when reading a line
Ask me anything: An error occurred: EOF when reading a line
Ask me anything: An error occurred: EOF when reading a line
Ask me anything: An error occurred: EOF when reading a line
Ask me anything: An error occurred: EOF when reading a line
Ask me anything: An error occurred: EOF when reading a line
Ask me anything: An error occurred: EOF when reading a line
Ask me anything: An error occurred: EOF when reading a line
Ask me anything: An error occurred: EOF when reading a line
Ask me anything: An error occurred: EOF when reading a line
Ask me anything: An error occurred: EOF when reading a line
Ask me anything: An error occurred: EOF when reading a line
Ask me anything: An error occurred: EOF when reading a line
Ask me anything: An error occurred: EOF when reading a line
Ask me anything: An error occurred: EOF when reading a line
Ask me anything: An error occurred: EOF when reading a line
Ask me anything: An error occurred: EOF when reading a line
Ask me anything: An error occurred: EOF when reading a line
Ask me anything: An error occurred: EOF when reading a line
Ask me anything: An error occurred: EOF when reading a line
Ask me anything: An error occurred: EOF when reading a line
Ask me anything: An error occurred: EOF when reading a line
Ask me anything: An error occurred: EOF when reading a line
Ask me anything: An error occurred: EOF when reading a line
Ask me anything: An error occurred: EOF when reading a line
Ask me anything: An error occurred: EOF when reading a line
Ask me anything: An error occurred: EOF when reading a line
Ask me anything: An error occurred: EOF when reading a line
Ask me anything: An error occurred: EOF when reading a line
Ask me anything: An error occurred: EOF when reading a line
Ask me anything: An error occurred: EOF when reading a line
Ask me anything: An error occurred: EOF when reading a line
Ask me anything: An error occurred: EOF when reading a line
Ask me anything: An error occurred: EOF when reading a line
Ask me anything: An error occurred: EOF when reading a line
Ask me anything: An error occurred: EOF when reading a line
Ask me anything: An error occurred: EOF when reading a line
Ask me anything: An error occurred: EOF when reading a line
Ask me anything: An error occurred: EOF when reading a line
Ask me anything: An error occurred: EOF when reading a line
Ask me anything: An error occurred: EOF when reading a line
Ask me anything: An error occurred: EOF when reading a line
Ask me anything: An error occurred: EOF when reading a line
Ask me anything: An error occurred: EOF when reading a line
Ask me anything: An error occurred: EOF when reading a line
Ask me anything: An error occurred: EOF when reading a line
Ask me anything: An error occurred: EOF when reading a line
Ask me anything: An error occurred: EOF when reading a line
Ask me anything: An error occurred: EOF when reading a line
Ask me anything: An error occurred: EOF when reading a line
Ask me anything: An error occurred: EOF when reading a line
Ask me anything: An error occurred: EOF when reading a line
Ask me anything: An error occurred: EOF when reading a line
Ask me anything: An error occurred: EOF when reading a line
Ask me anything: An error occurred: EOF when reading a line
Ask me anything: An error occurred: EOF when reading a line
Ask me anything: An error occurred: EOF when reading a line
Ask me anything: An error occurred: EOF when reading a line
Ask me anything: An error occurred: EOF when reading a line
Ask me anything: An error occurred: EOF when reading a line
Ask me anything: An error occurred: EOF when reading a line
Ask me anything: An error occurred: EOF when reading a line
Ask me anything: An error occurred: EOF when reading a line
Ask me anything: An error occurred: EOF when reading a line
Ask me anything: An error occurred: EOF when reading a line
Ask me anything: An error occurred: EOF when reading a line
Ask me anything: An error occurred: EOF when reading a line
Ask me anything: An error occurred: EOF when reading a line
Ask me anything: An error occurred: EOF when reading a line
Ask me anything: An error occurred: EOF when reading a line
Ask me anything: An error occurred: EOF when reading a line
Ask me anything: An error occurred: EOF when reading a line
Ask me anything: An error occurred: EOF when reading a line
Ask me anything: An error occurred: EOF when reading a line
Ask me anything: An error occurred: EOF when reading a line
Ask me anything: An error occurred: EOF when reading a line
Ask me anything: An error occurred: EOF when reading a line
Ask me anything: An error occurred: EOF when reading a line
Ask me anything: An error occurred: EOF when reading a line
Ask me anything: An error occurred: EOF when reading a line
Ask me anything: An error occurred: EOF when reading a line
Ask me anything: An error occurred: EOF when reading a line
Ask me anything: An error occurred: EOF when reading a line
Ask me anything: An error occurred: EOF when reading a line
Ask me anything: An error occurred: EOF when reading a line
Ask me anything: An error occurred: EOF when reading a line
Ask me anything: An error occurred: EOF when reading a line
Ask me anything: An error occurred: EOF when reading a line
Ask me anything: An error occurred: EOF when reading a line
Ask me anything: An error occurred: EOF when reading a line
Ask me anything: An error occurred: EOF when reading a line
Ask me anything: An error occurred: EOF when reading a line
Ask me anything: An error occurred: EOF when reading a line
Ask me anything: An error occurred: EOF when reading a line
Ask me anything: An error occurred: EOF when reading a line
Ask me anything: An error occurred: EOF when reading a line
Ask me anything: An error occurred: EOF when reading a line
Ask me anything: An error occurred: EOF when reading a line
Ask me anything: An error occurred: EOF when reading a line
Ask me anything: An error occurred: EOF when reading a line
Ask me anything: An error occurred: EOF when reading a line
Ask me anything: An error occurred: EOF when reading a line
Ask me anything: An error occurred: EOF when reading a line
Ask me anything: An error occurred: EOF when reading a line
Ask me anything: An error occurred: EOF when reading a line
Ask me anything: An error occurred: EOF when reading a line
Ask me anything: An error occurred: EOF when reading a line
Ask me anything: An error occurred: EOF when reading a line
Ask me anything: An error occurred: EOF when reading a line
Ask me anything: An error occurred: EOF when reading a line
Ask me anything: An error occurred: EOF when reading a line
Ask me anything: An error occurred: EOF when reading a line
Ask me anything: An error occurred: EOF when reading a line
Ask me anything: An error occurred: EOF when reading a line
Ask me anything: An error occurred: EOF when reading a line
Ask me anything: An error occurred: EOF when reading a line
Ask me anything: An error occurred: EOF when reading a line
Ask me anything: An error occurred: EOF when reading a line
Ask me anything: An error occurred: EOF when reading a line
Ask me anything: An error occurred: EOF when reading a line
Ask me anything: An error occurred: EOF when reading a line
Ask me anything: An error occurred: EOF when reading a line
Ask me anything: An error occurred: EOF when reading a line
Ask me anything: An error occurred: EOF when reading a line
Ask me anything: An error occurred: EOF when reading a line
Ask me anything: An error occurred: EOF when reading a line
Ask me anything: An error occurred: EOF when reading a line
Ask me anything: An error occurred: EOF when reading a line
Ask me anything: An error occurred: EOF when reading a line
Ask me anything: An error occurred: EOF when reading a line
Ask me anything: An error occurred: EOF when reading a line
Ask me anything: An error occurred: EOF when reading a line
Ask me anything: An error occurred: EOF when reading a line
Ask me anything: An error occurred: EOF when reading a line
Ask me anything: An error occurred: EOF when reading a line
Ask me anything: An error occurred: EOF when reading a line
Ask me anything: An error occurred: EOF when reading a line
Ask me anything: An error occurred: EOF when reading a line
Ask me anything: An error occurred: EOF when reading a line
Ask me anything: An error occurred: EOF when reading a line
Ask me anything: An error occurred: EOF when reading a line
Ask me anything: An error occurred: EOF when reading a line
Ask me anything: An error occurred: EOF when reading a line
Ask me anything: An error occurred: EOF when reading a line
Ask me anything: An error occurred: EOF when reading a line
Ask me anything: An error occurred: EOF when reading a line
Ask me anything: An error occurred: EOF when reading a line
Ask me anything: An error occurred: EOF when reading a line
Ask me anything: An error occurred: EOF when reading a line
Ask me anything: An error occurred: EOF when reading a line
Ask me anything: An error occurred: EOF when reading a line
Ask me anything: An error occurred: EOF when reading a line
Ask me anything: An error occurred: EOF when reading a line
Ask me anything: An error occurred: EOF when reading a line
Ask me anything: An error occurred: EOF when reading a line
Ask me anything: An error occurred: EOF when reading a line
Ask me anything: An error occurred: EOF when reading a line
Ask me anything: An error occurred: EOF when reading a line
Ask me anything: An error occurred: EOF when reading a line
Ask me anything: An error occurred: EOF when reading a line
Ask me anything: An error occurred: EOF when reading a line
Ask me anything: An error occurred: EOF when reading a line
Ask me anything: An error occurred: EOF when reading a line
Ask me anything: An error occurred: EOF when reading a line
Ask me anything: An error occurred: EOF when reading a line
Ask me anything: An error occurred: EOF when reading a line
Ask me anything: An error occurred: EOF when reading a line
Ask me anything: An error occurred: EOF when reading a line
Ask me anything: An error occurred: EOF when reading a line
Ask me anything: An error occurred: EOF when reading a line
Ask me anything: An error occurred: EOF when reading a line
Ask me anything: An error occurred: EOF when reading a line
Ask me anything: An error occurred: EOF when reading a line
Ask me anything: An error occurred: EOF when reading a line
Ask me anything: An error occurred: EOF when reading a line
Ask me anything: An error occurred: EOF when reading a line
Ask me anything: An error occurred: EOF when reading a line
Ask me anything: An error occurred: EOF when reading a line
Ask me anything: An error occurred: EOF when reading a line
Ask me anything: An error occurred: EOF when reading a line
Ask me anything: An error occurred: EOF when reading a line
Ask me anything: An error occurred: EOF when reading a line
Ask me anything: An error occurred: EOF when reading a line
Ask me anything: An error occurred: EOF when reading a line
Ask me anything: An error occurred: EOF when reading a line
Ask me anything: An error occurred: EOF when reading a line
Ask me anything: An error occurred: EOF when reading a line
Ask me anything: An error occurred: EOF when reading a line
Ask me anything: An error occurred: EOF when reading a line
Ask me anything: An error occurred: EOF when reading a line
Ask me anything: An error occurred: EOF when reading a line
Ask me anything: An error occurred: EOF when reading a line
Ask me anything: An error occurred: EOF when reading a line
Ask me anything: An error occurred: EOF when reading a line
Ask me anything: An error occurred: EOF when reading a line
Ask me anything: An error occurred: EOF when reading a line
Ask me anything: An error occurred: EOF when reading a line
Ask me anything: An error occurred: EOF when reading a line
Ask me anything: An error occurred: EOF when reading a line
Ask me anything: An error occurred: EOF when reading a line
Ask me anything: An error occurred: EOF when reading a line
Ask me anything: An error occurred: EOF when reading a line
Ask me anything: An error occurred: EOF when reading a line
Ask me anything: An error occurred: EOF when reading a line
Ask me anything: An error occurred: EOF when reading a line
Ask me anything: An error occurred: EOF when reading a line
Ask me anything: An error occurred: EOF when reading a line
Ask me anything: An error occurred: EOF when reading a line
Ask me anything: An error occurred: EOF when reading a line
Ask me anything: An error occurred: EOF when reading a line
Ask me anything: An error occurred: EOF when reading a line
Ask me anything: An error occurred: EOF when reading a line
Ask me anything: An error occurred: EOF when reading a line
Ask me anything: An error occurred: EOF when reading a line
Ask me anything: An error occurred: EOF when reading a line
Ask me anything: An error occurred: EOF when reading a line
Ask me anything: An error occurred: EOF when reading a line
Ask me anything: An error occurred: EOF when reading a line
Ask me anything: An error occurred: EOF when reading a line
Ask me anything: An error occurred: EOF when reading a line
Ask me anything: An error occurred: EOF when reading a line
Ask me anything: An error occurred: EOF when reading a line
Ask me anything: An error occurred: EOF when reading a line
Ask me anything: An error occurred: EOF when reading a line
Ask me anything: An error occurred: EOF when reading a line
Ask me anything: An error occurred: EOF when reading a line
Ask me anything: An error occurred: EOF when reading a line
Ask me anything: An error occurred: EOF when reading a line
Ask me anything: An error occurred: EOF when reading a line
Ask me anything: An error occurred: EOF when reading a line
Ask me anything: An error occurred: EOF when reading a line
Ask me anything: An error occurred: EOF when reading a line
Ask me anything: An error occurred: EOF when reading a line
Ask me anything: An error occurred: EOF when reading a line
Ask me anything: An error occurred: EOF when reading a line
Ask me anything: An error occurred: EOF when reading a line
Ask me anything: An error occurred: EOF when reading a line
Ask me anything: An error occurred: EOF when reading a line
Ask me anything: An error occurred: EOF when reading a line
Ask me anything: An error occurred: EOF when reading a line
Ask me anything: An error occurred: EOF when reading a line
Ask me anything: An error occurred: EOF when reading a line
Ask me anything: An error occurred: EOF when reading a line
Ask me anything: An error occurred: EOF when reading a line
Ask me anything: An error occurred: EOF when reading a line
Ask me anything: An error occurred: EOF when reading a line
Ask me anything: An error occurred: EOF when reading a line
Ask me anything: An error occurred: EOF when reading a line
Ask me anything: An error occurred: EOF when reading a line
Ask me anything: An error occurred: EOF when reading a line
Ask me anything: An error occurred: EOF when reading a line
Ask me anything: An error occurred: EOF when reading a line
Ask me anything: An error occurred: EOF when reading a line
Ask me anything: An error occurred: EOF when reading a line
Ask me anything: An error occurred: EOF when reading a line
Ask me anything: An error occurred: EOF when reading a line
Ask me anything: An error occurred: EOF when reading a line
Ask me anything: An error occurred: EOF when reading a line
Ask me anything: An error occurred: EOF when reading a line
Ask me anything: An error occurred: EOF when reading a line
Ask me anything: An error occurred: EOF when reading a line
Ask me anything: An error occurred: EOF when reading a line
Ask me anything: An error occurred: EOF when reading a line
Ask me anything: An error occurred: EOF when reading a line
Ask me anything: An error occurred: EOF when reading a line
Ask me anything: An error occurred: EOF when reading a line
Ask me anything: An error occurred: EOF when reading a line
Ask me anything: An error occurred: EOF when reading a line
Ask me anything: An error occurred: EOF when reading a line
Ask me anything: An error occurred: EOF when reading a line
Ask me anything: An error occurred: EOF when reading a line
Ask me anything: An error occurred: EOF when reading a line
Ask me anything: An error occurred: EOF when reading a line
Ask me anything: An error occurred: EOF when reading a line
Ask me anything: An error occurred: EOF when reading a line
Ask me anything: An error occurred: EOF when reading a line
Ask me anything: An error occurred: EOF when reading a line
Ask me anything: An error occurred: EOF when reading a line
Ask me anything: An error occurred: EOF when reading a line
Ask me anything: An error occurred: EOF when reading a line
Ask me anything: An error occurred: EOF when reading a line
Ask me anything: An error occurred: EOF when reading a line
Ask me anything: An error occurred: EOF when reading a line
Ask me anything: An error occurred: EOF when reading a line
Ask me anything: An error occurred: EOF when reading a line
Ask me anything: An error occurred: EOF when reading a line
Ask me anything: An error occurred: EOF when reading a line
Ask me anything: An error occurred: EOF when reading a line
Ask me anything: An error occurred: EOF when reading a line
Ask me anything: An error occurred: EOF when reading a line
Ask me anything: An error occurred: EOF when reading a line
Ask me anything: An error occurred: EOF when reading a line
Ask me anything: An error occurred: EOF when reading a line
Ask me anything: An error occurred: EOF when reading a line
Ask me anything: An error occurred: EOF when reading a line
Ask me anything: An error occurred: EOF when reading a line
Ask me anything: An error occurred: EOF when reading a line
Ask me anything: An error occurred: EOF when reading a line
Ask me anything: An error occurred: EOF when reading a line
Ask me anything: An error occurred: EOF when reading a line
Ask me anything: An error occurred: EOF when reading a line
Ask me anything: An error occurred: EOF when reading a line
Ask me anything: An error occurred: EOF when reading a line
Ask me anything: An error occurred: EOF when reading a line
Ask me anything: An error occurred: EOF when reading a line
Ask me anything: An error occurred: EOF when reading a line
Ask me anything: An error occurred: EOF when reading a line
Ask me anything: An error occurred: EOF when reading a line
Ask me anything: An error occurred: EOF when reading a line
Ask me anything: An error occurred: EOF when reading a line
Ask me anything: An error occurred: EOF when reading a line
Ask me anything: An error occurred: EOF when reading a line
Ask me anything: An error occurred: EOF when reading a line
Ask me anything: An error occurred: EOF when reading a line
Ask me anything: An error occurred: EOF when reading a line
Ask me anything: An error occurred: EOF when reading a line
Ask me anything: An error occurred: EOF when reading a line
Ask me anything: An error occurred: EOF when reading a line
Ask me anything: An error occurred: EOF when reading a line
Ask me anything: An error occurred: EOF when reading a line
Ask me anything: An error occurred: EOF when reading a line
Ask me anything: An error occurred: EOF when reading a line
Ask me anything: An error occurred: EOF when reading a line
Ask me anything: An error occurred: EOF when reading a line
Ask me anything: An error occurred: EOF when reading a line
Ask me anything: An error occurred: EOF when reading a line
Ask me anything: An error occurred: EOF when reading a line
Ask me anything: An error occurred: EOF when reading a line
Ask me anything: An error occurred: EOF when reading a line
Ask me anything: An error occurred: EOF when reading a line
Ask me anything: An error occurred: EOF when reading a line
Ask me anything: An error occurred: EOF when reading a line
Ask me anything: An error occurred: EOF when reading a line
Ask me anything: An error occurred: EOF when reading a line
Ask me anything: An error occurred: EOF when reading a line
Ask me anything: An error occurred: EOF when reading a line
Ask me anything: An error occurred: EOF when reading a line
Ask me anything: An error occurred: EOF when reading a line
Ask me anything: An error occurred: EOF when reading a line
Ask me anything: An error occurred: EOF when reading a line
Ask me anything: An error occurred: EOF when reading a line
Ask me anything: An error occurred: EOF when reading a line
Ask me anything: An error occurred: EOF when reading a line
Ask me anything: An error occurred: EOF when reading a line
Ask me anything: An error occurred: EOF when reading a line
Ask me anything: An error occurred: EOF when reading a line
Ask me anything: An error occurred: EOF when reading a line
Ask me anything: An error occurred: EOF when reading a line
Ask me anything: An error occurred: EOF when reading a line
Ask me anything: An error occurred: EOF when reading a line
Ask me anything: An error occurred: EOF when reading a line
Ask me anything: An error occurred: EOF when reading a line
Ask me anything: An error occurred: EOF when reading a line
Ask me anything: An error occurred: EOF when reading a line
Ask me anything: An error occurred: EOF when reading a line
Ask me anything: An error occurred: EOF when reading a line
Ask me anything: An error occurred: EOF when reading a line
Ask me anything: An error occurred: EOF when reading a line
Ask me anything: An error occurred: EOF when reading a line
Ask me anything: An error occurred: EOF when reading a line
Ask me anything: An error occurred: EOF when reading a line
Ask me anything: An error occurred: EOF when reading a line
Ask me anything: An error occurred: EOF when reading a line
Ask me anything: An error occurred: EOF when reading a line
Ask me anything: An error occurred: EOF when reading a line
Ask me anything: An error occurred: EOF when reading a line
Ask me anything: An error occurred: EOF when reading a line
Ask me anything: An error occurred: EOF when reading a line
Ask me anything: An error occurred: EOF when reading a line
Ask me anything: An error occurred: EOF when reading a line
Ask me anything: An error occurred: EOF when reading a line
Ask me anything: An error occurred: EOF when reading a line
Ask me anything: An error occurred: EOF when reading a line
Ask me anything: An error occurred: EOF when reading a line
Ask me anything: An error occurred: EOF when reading a line
Ask me anything: An error occurred: EOF when reading a line
Ask me anything: An error occurred: EOF when reading a line
Ask me anything: An error occurred: EOF when reading a line
Ask me anything: An error occurred: EOF when reading a line
Ask me anything: An error occurred: EOF when reading a line
Ask me anything: An error occurred: EOF when reading a line
Ask me anything: An error occurred: EOF when reading a line
Ask me anything: An error occurred: EOF when reading a line
Ask me anything: An error occurred: EOF when reading a line
Ask me anything: An error occurred: EOF when reading a line
Ask me anything: An error occurred: EOF when reading a line
Ask me anything: An error occurred: EOF when reading a line
Ask me anything: An error occurred: EOF when reading a line
Ask me anything: An error occurred: EOF when reading a line
Ask me anything: An error occurred: EOF when reading a line
Ask me anything: An error occurred: EOF when reading a line
Ask me anything: An error occurred: EOF when reading a line
Ask me anything: An error occurred: EOF when reading a line
Ask me anything: An error occurred: EOF when reading a line
Ask me anything: An error occurred: EOF when reading a line
Ask me anything: An error occurred: EOF when reading a line
Ask me anything: An error occurred: EOF when reading a line
Ask me anything: An error occurred: EOF when reading a line
Ask me anything: An error occurred: EOF when reading a line
Ask me anything: An error occurred: EOF when reading a line
Ask me anything: An error occurred: EOF when reading a line
Ask me anything: An error occurred: EOF when reading a line
Ask me anything: An error occurred: EOF when reading a line
Ask me anything: An error occurred: EOF when reading a line
Ask me anything: An error occurred: EOF when reading a line
Ask me anything: An error occurred: EOF when reading a line
Ask me anything: An error occurred: EOF when reading a line
Ask me anything: An error occurred: EOF when reading a line
Ask me anything: An error occurred: EOF when reading a line
Ask me anything: An error occurred: EOF when reading a line
Ask me anything: An error occurred: EOF when reading a line
Ask me anything: An error occurred: EOF when reading a line
Ask me anything: An error occurred: EOF when reading a line
Ask me anything: An error occurred: EOF when reading a line
Ask me anything: An error occurred: EOF when reading a line
Ask me anything: An error occurred: EOF when reading a line
Ask me anything: An error occurred: EOF when reading a line
Ask me anything: An error occurred: EOF when reading a line
Ask me anything: An error occurred: EOF when reading a line
Ask me anything: An error occurred: EOF when reading a line
Ask me anything: An error occurred: EOF when reading a line
Ask me anything: An error occurred: EOF when reading a line
Ask me anything: An error occurred: EOF when reading a line
Ask me anything: An error occurred: EOF when reading a line
Ask me anything: An error occurred: EOF when reading a line
Ask me anything: An error occurred: EOF when reading a line
Ask me anything: An error occurred: EOF when reading a line
Ask me anything: An error occurred: EOF when reading a line
Ask me anything: An error occurred: EOF when reading a line
Ask me anything: An error occurred: EOF when reading a line
Ask me anything: An error occurred: EOF when reading a line
Ask me anything: An error occurred: EOF when reading a line
Ask me anything: An error occurred: EOF when reading a line
Ask me anything: An error occurred: EOF when reading a line
Ask me anything: An error occurred: EOF when reading a line
Ask me anything: An error occurred: EOF when reading a line
Ask me anything: An error occurred: EOF when reading a line
Ask me anything: An error occurred: EOF when reading a line
Ask me anything: An error occurred: EOF when reading a line
Ask me anything: An error occurred: EOF when reading a line
Ask me anything: An error occurred: EOF when reading a line
Ask me anything: An error occurred: EOF when reading a line
Ask me anything: An error occurred: EOF when reading a line
Ask me anything: An error occurred: EOF when reading a line
Ask me anything: An error occurred: EOF when reading a line
Ask me anything: An error occurred: EOF when reading a line
Ask me anything: An error occurred: EOF when reading a line
Ask me anything: An error occurred: EOF when reading a line
Ask me anything: An error occurred: EOF when reading a line
Ask me anything: An error occurred: EOF when reading a line
Ask me anything: An error occurred: EOF when reading a line
Ask me anything: An error occurred: EOF when reading a line
Ask me anything: An error occurred: EOF when reading a line
Ask me anything: An error occurred: EOF when reading a line
Ask me anything: An error occurred: EOF when reading a line
Ask me anything: An error occurred: EOF when reading a line
Ask me anything: An error occurred: EOF when reading a line
Ask me anything: An error occurred: EOF when reading a line
Ask me anything: An error occurred: EOF when reading a line
Ask me anything: An error occurred: EOF when reading a line
Ask me anything: An error occurred: EOF when reading a line
Ask me anything: An error occurred: EOF when reading a line
Ask me anything: An error occurred: EOF when reading a line
Ask me anything: An error occurred: EOF when reading a line
Ask me anything: An error occurred: EOF when reading a line
Ask me anything: An error occurred: EOF when reading a line
Ask me anything: An error occurred: EOF when reading a line
Ask me anything: An error occurred: EOF when reading a line
Ask me anything: An error occurred: EOF when reading a line
Ask me anything: An error occurred: EOF when reading a line
Ask me anything: An error occurred: EOF when reading a line
Ask me anything: An error occurred: EOF when reading a line
Ask me anything: An error occurred: EOF when reading a line
Ask me anything: An error occurred: EOF when reading a line
Ask me anything: An error occurred: EOF when reading a line
Ask me anything: An error occurred: EOF when reading a line
Ask me anything: An error occurred: EOF when reading a line
Ask me anything: An error occurred: EOF when reading a line
Ask me anything: An error occurred: EOF when reading a line
Ask me anything: An error occurred: EOF when reading a line
Ask me anything: An error occurred: EOF when reading a line
Ask me anything: An error occurred: EOF when reading a line
Ask me anything: An error occurred: EOF when reading a line
Ask me anything: An error occurred: EOF when reading a line
Ask me anything: An error occurred: EOF when reading a line
Ask me anything: An error occurred: EOF when reading a line
Ask me anything: An error occurred: EOF when reading a line
Ask me anything: An error occurred: EOF when reading a line
Ask me anything: An error occurred: EOF when reading a line
Ask me anything: An error occurred: EOF when reading a line
Ask me anything: An error occurred: EOF when reading a line
Ask me anything: An error occurred: EOF when reading a line
Ask me anything: An error occurred: EOF when reading a line
Ask me anything: An error occurred: EOF when reading a line
Ask me anything: An error occurred: EOF when reading a line
Ask me anything: An error occurred: EOF when reading a line
Ask me anything: An error occurred: EOF when reading a line
Ask me anything: An error occurred: EOF when reading a line
Ask me anything: An error occurred: EOF when reading a line
Ask me anything: An error occurred: EOF when reading a line
Ask me anything: An error occurred: EOF when reading a line
Ask me anything: An error occurred: EOF when reading a line
Ask me anything: An error occurred: EOF when reading a line
Ask me anything: An error occurred: EOF when reading a line
Ask me anything: An error occurred: EOF when reading a line
Ask me anything: An error occurred: EOF when reading a line
Ask me anything: An error occurred: EOF when reading a line
Ask me anything: An error occurred: EOF when reading a line
Ask me anything: An error occurred: EOF when reading a line
Ask me anything: An error occurred: EOF when reading a line
Ask me anything: An error occurred: EOF when reading a line
Ask me anything: An error occurred: EOF when reading a line
Ask me anything: An error occurred: EOF when reading a line
Ask me anything: An error occurred: EOF when reading a line
Ask me anything: An error occurred: EOF when reading a line
Ask me anything: An error occurred: EOF when reading a line
Ask me anything: An error occurred: EOF when reading a line
Ask me anything: An error occurred: EOF when reading a line
Ask me anything: An error occurred: EOF when reading a line
Ask me anything: An error occurred: EOF when reading a line
Ask me anything: An error occurred: EOF when reading a line
Ask me anything: An error occurred: EOF when reading a line
Ask me anything: An error occurred: EOF when reading a line
Ask me anything: An error occurred: EOF when reading a line
Ask me anything: An error occurred: EOF when reading a line
Ask me anything: An error occurred: EOF when reading a line
Ask me anything: An error occurred: EOF when reading a line
Ask me anything: An error occurred: EOF when reading a line
Ask me anything: An error occurred: EOF when reading a line
Ask me anything: An error occurred: EOF when reading a line
Ask me anything: An error occurred: EOF when reading a line
Ask me anything: An error occurred: EOF when reading a line
Ask me anything: An error occurred: EOF when reading a line
Ask me anything: An error occurred: EOF when reading a line
Ask me anything: An error occurred: EOF when reading a line
Ask me anything: An error occurred: EOF when reading a line
Ask me anything: An error occurred: EOF when reading a line
Ask me anything: An error occurred: EOF when reading a line
Ask me anything: An error occurred: EOF when reading a line
Ask me anything: An error occurred: EOF when reading a line
Ask me anything: An error occurred: EOF when reading a line
Ask me anything: An error occurred: EOF when reading a line
Ask me anything: An error occurred: EOF when reading a line
Ask me anything: An error occurred: EOF when reading a line
Ask me anything: An error occurred: EOF when reading a line
Ask me anything: An error occurred: EOF when reading a line
Ask me anything: An error occurred: EOF when reading a line
Ask me anything: An error occurred: EOF when reading a line
Ask me anything: An error occurred: EOF when reading a line
Ask me anything: An error occurred: EOF when reading a line
Ask me anything: An error occurred: EOF when reading a line
Ask me anything: An error occurred: EOF when reading a line
Ask me anything: An error occurred: EOF when reading a line
Ask me anything: An error occurred: EOF when reading a line
Ask me anything: An error occurred: EOF when reading a line
Ask me anything: An error occurred: EOF when reading a line
Ask me anything: An error occurred: EOF when reading a line
Ask me anything: An error occurred: EOF when reading a line
Ask me anything: An error occurred: EOF when reading a line
Ask me anything: An error occurred: EOF when reading a line
Ask me anything: An error occurred: EOF when reading a line
Ask me anything: An error occurred: EOF when reading a line
Ask me anything: An error occurred: EOF when reading a line
Ask me anything: An error occurred: EOF when reading a line
Ask me anything: An error occurred: EOF when reading a line
Ask me anything: An error occurred: EOF when reading a line
Ask me anything: An error occurred: EOF when reading a line
Ask me anything: An error occurred: EOF when reading a line
Ask me anything: An error occurred: EOF when reading a line
Ask me anything: An error occurred: EOF when reading a line
Ask me anything: An error occurred: EOF when reading a line
Ask me anything: An error occurred: EOF when reading a line
Ask me anything: An error occurred: EOF when reading a line
Ask me anything: An error occurred: EOF when reading a line
Ask me anything: An error occurred: EOF when reading a line
Ask me anything: An error occurred: EOF when reading a line
Ask me anything: An error occurred: EOF when reading a line
Ask me anything: An error occurred: EOF when reading a line
Ask me anything: An error occurred: EOF when reading a line
Ask me anything: An error occurred: EOF when reading a line
Ask me anything: An error occurred: EOF when reading a line
Ask me anything: An error occurred: EOF when reading a line
Ask me anything: An error occurred: EOF when reading a line
Ask me anything: An error occurred: EOF when reading a line
Ask me anything: An error occurred: EOF when reading a line
Ask me anything: An error occurred: EOF when reading a line
Ask me anything: An error occurred: EOF when reading a line
Ask me anything: An error occurred: EOF when reading a line
Ask me anything: An error occurred: EOF when reading a line
Ask me anything: An error occurred: EOF when reading a line
Ask me anything: An error occurred: EOF when reading a line
Ask me anything: An error occurred: EOF when reading a line
Ask me anything: An error occurred: EOF when reading a line
Ask me anything: An error occurred: EOF when reading a line
Ask me anything: An error occurred: EOF when reading a line
Ask me anything: An error occurred: EOF when reading a line
Ask me anything: An error occurred: EOF when reading a line
Ask me anything: An error occurred: EOF when reading a line
Ask me anything: An error occurred: EOF when reading a line
Ask me anything: An error occurred: EOF when reading a line
Ask me anything: An error occurred: EOF when reading a line
Ask me anything: An error occurred: EOF when reading a line
Ask me anything: An error occurred: EOF when reading a line
Ask me anything: An error occurred: EOF when reading a line
Ask me anything: An error occurred: EOF when reading a line
Ask me anything: An error occurred: EOF when reading a line
Ask me anything: An error occurred: EOF when reading a line
Ask me anything: An error occurred: EOF when reading a line
Ask me anything: An error occurred: EOF when reading a line
Ask me anything: An error occurred: EOF when reading a line
Ask me anything: An error occurred: EOF when reading a line
Ask me anything: An error occurred: EOF when reading a line
Ask me anything: An error occurred: EOF when reading a line
Ask me anything: An error occurred: EOF when reading a line
Ask me anything: An error occurred: EOF when reading a line
Ask me anything: An error occurred: EOF when reading a line
Ask me anything: An error occurred: EOF when reading a line
Ask me anything: An error occurred: EOF when reading a line
Ask me anything: An error occurred: EOF when reading a line
Ask me anything: An error occurred: EOF when reading a line
Ask me anything: An error occurred: EOF when reading a line
Ask me anything: An error occurred: EOF when reading a line
Ask me anything: An error occurred: EOF when reading a line
Ask me anything: An error occurred: EOF when reading a line
Ask me anything: An error occurred: EOF when reading a line
Ask me anything: An error occurred: EOF when reading a line
Ask me anything: An error occurred: EOF when reading a line
Ask me anything: An error occurred: EOF when reading a line
Ask me anything: An error occurred: EOF when reading a line
Ask me anything: An error occurred: EOF when reading a line
Ask me anything: An error occurred: EOF when reading a line
Ask me anything: An error occurred: EOF when reading a line
Ask me anything: An error occurred: EOF when reading a line
Ask me anything: An error occurred: EOF when reading a line
Ask me anything: An error occurred: EOF when reading a line
Ask me anything: An error occurred: EOF when reading a line
Ask me anything: An error occurred: EOF when reading a line
Ask me anything: An error occurred: EOF when reading a line
Ask me anything: An error occurred: EOF when reading a line
Ask me anything: An error occurred: EOF when reading a line
Ask me anything: An error occurred: EOF when reading a line
Ask me anything: An error occurred: EOF when reading a line
Ask me anything: An error occurred: EOF when reading a line
Ask me anything: An error occurred: EOF when reading a line
Ask me anything: An error occurred: EOF when reading a line
Ask me anything: An error occurred: EOF when reading a line
Ask me anything: An error occurred: EOF when reading a line
Ask me anything: An error occurred: EOF when reading a line
Ask me anything: An error occurred: EOF when reading a line
Ask me anything: An error occurred: EOF when reading a line
Ask me anything: An error occurred: EOF when reading a line
Ask me anything: An error occurred: EOF when reading a line
Ask me anything: An error occurred: EOF when reading a line
Ask me anything: An error occurred: EOF when reading a line
Ask me anything: An error occurred: EOF when reading a line
Ask me anything: An error occurred: EOF when reading a line
Ask me anything: An error occurred: EOF when reading a line
Ask me anything: An error occurred: EOF when reading a line
Ask me anything: An error occurred: EOF when reading a line
Ask me anything: An error occurred: EOF when reading a line
Ask me anything: An error occurred: EOF when reading a line
Ask me anything: An error occurred: EOF when reading a line
Ask me anything: An error occurred: EOF when reading a line
Ask me anything: An error occurred: EOF when reading a line
Ask me anything: An error occurred: EOF when reading a line
Ask me anything: An error occurred: EOF when reading a line
Ask me anything: An error occurred: EOF when reading a line
Ask me anything: An error occurred: EOF when reading a line
Ask me anything: An error occurred: EOF when reading a line
Ask me anything: An error occurred: EOF when reading a line
Ask me anything: An error occurred: EOF when reading a line
Ask me anything: An error occurred: EOF when reading a line
Ask me anything: An error occurred: EOF when reading a line
Ask me anything: An error occurred: EOF when reading a line
Ask me anything: An error occurred: EOF when reading a line
Ask me anything: An error occurred: EOF when reading a line
Ask me anything: An error occurred: EOF when reading a line
Ask me anything: An error occurred: EOF when reading a line
Ask me anything: An error occurred: EOF when reading a line
Ask me anything: An error occurred: EOF when reading a line
Ask me anything: An error occurred: EOF when reading a line
Ask me anything: An error occurred: EOF when reading a line
Ask me anything: An error occurred: EOF when reading a line
Ask me anything: An error occurred: EOF when reading a line
Ask me anything: An error occurred: EOF when reading a line
Ask me anything: An error occurred: EOF when reading a line
Ask me anything: An error occurred: EOF when reading a line
Ask me anything: An error occurred: EOF when reading a line
Ask me anything: An error occurred: EOF when reading a line
Ask me anything: An error occurred: EOF when reading a line
Ask me anything: An error occurred: EOF when reading a line
Ask me anything: An error occurred: EOF when reading a line
Ask me anything: An error occurred: EOF when reading a line
Ask me anything: An error occurred: EOF when reading a line
Ask me anything: An error occurred: EOF when reading a line
Ask me anything: An error occurred: EOF when reading a line
Ask me anything: An error occurred: EOF when reading a line
Ask me anything: An error occurred: EOF when reading a line
Ask me anything: An error occurred: EOF when reading a line
Ask me anything: An error occurred: EOF when reading a line
Ask me anything: An error occurred: EOF when reading a line
Ask me anything: An error occurred: EOF when reading a line
Ask me anything: An error occurred: EOF when reading a line
Ask me anything: An error occurred: EOF when reading a line
Ask me anything: An error occurred: EOF when reading a line
Ask me anything: An error occurred: EOF when reading a line
Ask me anything: An error occurred: EOF when reading a line
Ask me anything: An error occurred: EOF when reading a line
Ask me anything: An error occurred: EOF when reading a line
Ask me anything: An error occurred: EOF when reading a line
Ask me anything: An error occurred: EOF when reading a line
Ask me anything: An error occurred: EOF when reading a line
Ask me anything: An error occurred: EOF when reading a line
Ask me anything: An error occurred: EOF when reading a line
Ask me anything: An error occurred: EOF when reading a line
Ask me anything: An error occurred: EOF when reading a line
Ask me anything: An error occurred: EOF when reading a line
Ask me anything: An error occurred: EOF when reading a line
Ask me anything: An error occurred: EOF when reading a line
Ask me anything: An error occurred: EOF when reading a line
Ask me anything: An error occurred: EOF when reading a line
Ask me anything: An error occurred: EOF when reading a line
Ask me anything: An error occurred: EOF when reading a line
Ask me anything: An error occurred: EOF when reading a line
Ask me anything: An error occurred: EOF when reading a line
Ask me anything: An error occurred: EOF when reading a line
Ask me anything: An error occurred: EOF when reading a line
Ask me anything: An error occurred: EOF when reading a line
Ask me anything: An error occurred: EOF when reading a line
Ask me anything: An error occurred: EOF when reading a line
Ask me anything: An error occurred: EOF when reading a line
Ask me anything: An error occurred: EOF when reading a line
Ask me anything: An error occurred: EOF when reading a line
Ask me anything: An error occurred: EOF when reading a line
Ask me anything: An error occurred: EOF when reading a line
Ask me anything: An error occurred: EOF when reading a line
Ask me anything: An error occurred: EOF when reading a line
Ask me anything: An error occurred: EOF when reading a line
Ask me anything: An error occurred: EOF when reading a line
Ask me anything: An error occurred: EOF when reading a line
Ask me anything: An error occurred: EOF when reading a line
Ask me anything: An error occurred: EOF when reading a line
Ask me anything: An error occurred: EOF when reading a line
Ask me anything: An error occurred: EOF when reading a line
Ask me anything: An error occurred: EOF when reading a line
Ask me anything: An error occurred: EOF when reading a line
Ask me anything: An error occurred: EOF when reading a line
Ask me anything: An error occurred: EOF when reading a line
Ask me anything: An error occurred: EOF when reading a line
Ask me anything: An error occurred: EOF when reading a line
Ask me anything: An error occurred: EOF when reading a line
Ask me anything: An error occurred: EOF when reading a line
Ask me anything: An error occurred: EOF when reading a line
Ask me anything: An error occurred: EOF when reading a line
Ask me anything: An error occurred: EOF when reading a line
Ask me anything: An error occurred: EOF when reading a line
Ask me anything: An error occurred: EOF when reading a line
Ask me anything: An error occurred: EOF when reading a line
Ask me anything: An error occurred: EOF when reading a line
Ask me anything: An error occurred: EOF when reading a line
Ask me anything: An error occurred: EOF when reading a line
Ask me anything: An error occurred: EOF when reading a line
Ask me anything: An error occurred: EOF when reading a line
Ask me anything: An error occurred: EOF when reading a line
Ask me anything: An error occurred: EOF when reading a line
Ask me anything: An error occurred: EOF when reading a line
Ask me anything: An error occurred: EOF when reading a line
Ask me anything: An error occurred: EOF when reading a line
Ask me anything: An error occurred: EOF when reading a line
Ask me anything: An error occurred: EOF when reading a line
Ask me anything: An error occurred: EOF when reading a line
Ask me anything: An error occurred: EOF when reading a line
Ask me anything: An error occurred: EOF when reading a line
Ask me anything: An error occurred: EOF when reading a line
Ask me anything: An error occurred: EOF when reading a line
Ask me anything: An error occurred: EOF when reading a line
Ask me anything: An error occurred: EOF when reading a line
Ask me anything: An error occurred: EOF when reading a line
Ask me anything: An error occurred: EOF when reading a line
Ask me anything: An error occurred: EOF when reading a line
Ask me anything: An error occurred: EOF when reading a line
Ask me anything: An error occurred: EOF when reading a line
Ask me anything: An error occurred: EOF when reading a line
Ask me anything: An error occurred: EOF when reading a line
Ask me anything: An error occurred: EOF when reading a line
Ask me anything: An error occurred: EOF when reading a line
Ask me anything: An error occurred: EOF when reading a line
Ask me anything: An error occurred: EOF when reading a line
Ask me anything: An error occurred: EOF when reading a line
Ask me anything: An error occurred: EOF when reading a line
Ask me anything: An error occurred: EOF when reading a line
Ask me anything: An error occurred: EOF when reading a line
Ask me anything: An error occurred: EOF when reading a line
Ask me anything: An error occurred: EOF when reading a line
Ask me anything: An error occurred: EOF when reading a line
Ask me anything: An error occurred: EOF when reading a line
Ask me anything: An error occurred: EOF when reading a line
Ask me anything: An error occurred: EOF when reading a line
Ask me anything: An error occurred: EOF when reading a line
Ask me anything: An error occurred: EOF when reading a line
Ask me anything: An error occurred: EOF when reading a line
Ask me anything: An error occurred: EOF when reading a line
Ask me anything: An error occurred: EOF when reading a line
Ask me anything: An error occurred: EOF when reading a line
Ask me anything: An error occurred: EOF when reading a line
Ask me anything: An error occurred: EOF when reading a line
Ask me anything: An error occurred: EOF when reading a line
Ask me anything: An error occurred: EOF when reading a line
Ask me anything: An error occurred: EOF when reading a line
Ask me anything: An error occurred: EOF when reading a line
Ask me anything: An error occurred: EOF when reading a line
Ask me anything: An error occurred: EOF when reading a line
Ask me anything: An error occurred: EOF when reading a line
Ask me anything: An error occurred: EOF when reading a line
Ask me anything: An error occurred: EOF when reading a line
Ask me anything: An error occurred: EOF when reading a line
Ask me anything: An error occurred: EOF when reading a line
Ask me anything: An error occurred: EOF when reading a line
Ask me anything: An error occurred: EOF when reading a line
Ask me anything: An error occurred: EOF when reading a line
Ask me anything: An error occurred: EOF when reading a line
Ask me anything: An error occurred: EOF when reading a line
Ask me anything: An error occurred: EOF when reading a line
Ask me anything: An error occurred: EOF when reading a line
Ask me anything: An error occurred: EOF when reading a line
Ask me anything: An error occurred: EOF when reading a line
Ask me anything: An error occurred: EOF when reading a line
Ask me anything: An error occurred: EOF when reading a line
Ask me anything: An error occurred: EOF when reading a line
Ask me anything: An error occurred: EOF when reading a line
Ask me anything: An error occurred: EOF when reading a line
Ask me anything: An error occurred: EOF when reading a line
Ask me anything: An error occurred: EOF when reading a line
Ask me anything: An error occurred: EOF when reading a line
Ask me anything: An error occurred: EOF when reading a line
Ask me anything: An error occurred: EOF when reading a line
Ask me anything: An error occurred: EOF when reading a line
Ask me anything: An error occurred: EOF when reading a line
Ask me anything: An error occurred: EOF when reading a line
Ask me anything: An error occurred: EOF when reading a line
Ask me anything: An error occurred: EOF when reading a line
Ask me anything: An error occurred: EOF when reading a line
Ask me anything: An error occurred: EOF when reading a line
Ask me anything: An error occurred: EOF when reading a line
Ask me anything: An error occurred: EOF when reading a line
Ask me anything: An error occurred: EOF when reading a line
Ask me anything: An error occurred: EOF when reading a line
Ask me anything: An error occurred: EOF when reading a line
Ask me anything: An error occurred: EOF when reading a line
Ask me anything: An error occurred: EOF when reading a line
Ask me anything: An error occurred: EOF when reading a line
Ask me anything: An error occurred: EOF when reading a line
Ask me anything: An error occurred: EOF when reading a line
Ask me anything: An error occurred: EOF when reading a line
Ask me anything: An error occurred: EOF when reading a line
Ask me anything: An error occurred: EOF when reading a line
Ask me anything: An error occurred: EOF when reading a line
Ask me anything: An error occurred: EOF when reading a line
Ask me anything: An error occurred: EOF when reading a line
Ask me anything: An error occurred: EOF when reading a line
Ask me anything: An error occurred: EOF when reading a line
Ask me anything: An error occurred: EOF when reading a line
Ask me anything: An error occurred: EOF when reading a line
Ask me anything: An error occurred: EOF when reading a line
Ask me anything: An error occurred: EOF when reading a line
Ask me anything: An error occurred: EOF when reading a line
Ask me anything: An error occurred: EOF when reading a line
Ask me anything: An error occurred: EOF when reading a line
Ask me anything: An error occurred: EOF when reading a line
Ask me anything: An error occurred: EOF when reading a line
Ask me anything: An error occurred: EOF when reading a line
Ask me anything: An error occurred: EOF when reading a line
Ask me anything: An error occurred: EOF when reading a line
Ask me anything: An error occurred: EOF when reading a line
Ask me anything: An error occurred: EOF when reading a line
Ask me anything: An error occurred: EOF when reading a line
Ask me anything: An error occurred: EOF when reading a line
Ask me anything: An error occurred: EOF when reading a line
Ask me anything: An error occurred: EOF when reading a line
Ask me anything: An error occurred: EOF when reading a line
Ask me anything: An error occurred: EOF when reading a line
Ask me anything: An error occurred: EOF when reading a line
Ask me anything: An error occurred: EOF when reading a line
Ask me anything: An error occurred: EOF when reading a line
Ask me anything: An error occurred: EOF when reading a line
Ask me anything: An error occurred: EOF when reading a line
Ask me anything: An error occurred: EOF when reading a line
Ask me anything: An error occurred: EOF when reading a line
Ask me anything: An error occurred: EOF when reading a line
Ask me anything: An error occurred: EOF when reading a line
Ask me anything: An error occurred: EOF when reading a line
Ask me anything: An error occurred: EOF when reading a line
Ask me anything: An error occurred: EOF when reading a line
Ask me anything: An error occurred: EOF when reading a line
Ask me anything: An error occurred: EOF when reading a line
Ask me anything: An error occurred: EOF when reading a line
Ask me anything: An error occurred: EOF when reading a line
Ask me anything: An error occurred: EOF when reading a line
Ask me anything: An error occurred: EOF when reading a line
Ask me anything: An error occurred: EOF when reading a line
Ask me anything: An error occurred: EOF when reading a line
Ask me anything: An error occurred: EOF when reading a line
Ask me anything: An error occurred: EOF when reading a line
Ask me anything: An error occurred: EOF when reading a line
Ask me anything: An error occurred: EOF when reading a line
Ask me anything: An error occurred: EOF when reading a line
Ask me anything: An error occurred: EOF when reading a line
Ask me anything: An error occurred: EOF when reading a line
Ask me anything: An error occurred: EOF when reading a line
Ask me anything: An error occurred: EOF when reading a line
Ask me anything: An error occurred: EOF when reading a line
Ask me anything: An error occurred: EOF when reading a line
Ask me anything: An error occurred: EOF when reading a line
Ask me anything: An error occurred: EOF when reading a line
Ask me anything: An error occurred: EOF when reading a line
Ask me anything: An error occurred: EOF when reading a line
Ask me anything: An error occurred: EOF when reading a line
Ask me anything: An error occurred: EOF when reading a line
Ask me anything: An error occurred: EOF when reading a line
Ask me anything: An error occurred: EOF when reading a line
Ask me anything: An error occurred: EOF when reading a line
Ask me anything: An error occurred: EOF when reading a line
Ask me anything: An error occurred: EOF when reading a line
Ask me anything: An error occurred: EOF when reading a line
Ask me anything: An error occurred: EOF when reading a line
Ask me anything: An error occurred: EOF when reading a line
Ask me anything: An error occurred: EOF when reading a line
Ask me anything: An error occurred: EOF when reading a line
Ask me anything: An error occurred: EOF when reading a line
Ask me anything: An error occurred: EOF when reading a line
Ask me anything: An error occurred: EOF when reading a line
Ask me anything: An error occurred: EOF when reading a line
Ask me anything: An error occurred: EOF when reading a line
Ask me anything: An error occurred: EOF when reading a line
Ask me anything: An error occurred: EOF when reading a line
Ask me anything: An error occurred: EOF when reading a line
Ask me anything: An error occurred: EOF when reading a line
Ask me anything: An error occurred: EOF when reading a line
Ask me anything: An error occurred: EOF when reading a line
Ask me anything: An error occurred: EOF when reading a line
Ask me anything: An error occurred: EOF when reading a line
Ask me anything: An error occurred: EOF when reading a line
Ask me anything: An error occurred: EOF when reading a line
Ask me anything: An error occurred: EOF when reading a line
Ask me anything: An error occurred: EOF when reading a line
Ask me anything: An error occurred: EOF when reading a line
Ask me anything: An error occurred: EOF when reading a line
Ask me anything: An error occurred: EOF when reading a line
Ask me anything: An error occurred: EOF when reading a line
Ask me anything: An error occurred: EOF when reading a line
Ask me anything: An error occurred: EOF when reading a line
Ask me anything: An error occurred: EOF when reading a line
Ask me anything: An error occurred: EOF when reading a line
Ask me anything: An error occurred: EOF when reading a line
Ask me anything: An error occurred: EOF when reading a line
Ask me anything: An error occurred: EOF when reading a line
Ask me anything: An error occurred: EOF when reading a line
Ask me anything: An error occurred: EOF when reading a line
Ask me anything: An error occurred: EOF when reading a line
Ask me anything: An error occurred: EOF when reading a line
Ask me anything: An error occurred: EOF when reading a line
Ask me anything: An error occurred: EOF when reading a line
Ask me anything: An error occurred: EOF when reading a line
Ask me anything: An error occurred: EOF when reading a line
Ask me anything: An error occurred: EOF when reading a line
Ask me anything: An error occurred: EOF when reading a line
Ask me anything: An error occurred: EOF when reading a line
Ask me anything: An error occurred: EOF when reading a line
Ask me anything: An error occurred: EOF when reading a line
Ask me anything: An error occurred: EOF when reading a line
Ask me anything: An error occurred: EOF when reading a line
Ask me anything: An error occurred: EOF when reading a line
Ask me anything: An error occurred: EOF when reading a line
Ask me anything: An error occurred: EOF when reading a line
Ask me anything: An error occurred: EOF when reading a line
Ask me anything: An error occurred: EOF when reading a line
Ask me anything: An error occurred: EOF when reading a line
Ask me anything: An error occurred: EOF when reading a line
Ask me anything: An error occurred: EOF when reading a line
Ask me anything: An error occurred: EOF when reading a line
Ask me anything: An error occurred: EOF when reading a line
Ask me anything: An error occurred: EOF when reading a line
Ask me anything: An error occurred: EOF when reading a line
Ask me anything: An error occurred: EOF when reading a line
Ask me anything: An error occurred: EOF when reading a line
Ask me anything: An error occurred: EOF when reading a line
Ask me anything: An error occurred: EOF when reading a line
Ask me anything: An error occurred: EOF when reading a line
Ask me anything: An error occurred: EOF when reading a line
Ask me anything: An error occurred: EOF when reading a line
Ask me anything: An error occurred: EOF when reading a line
Ask me anything: An error occurred: EOF when reading a line
Ask me anything: An error occurred: EOF when reading a line
Ask me anything: An error occurred: EOF when reading a line
Ask me anything: An error occurred: EOF when reading a line
Ask me anything: An error occurred: EOF when reading a line
Ask me anything: An error occurred: EOF when reading a line
Ask me anything: An error occurred: EOF when reading a line
Ask me anything: An error occurred: EOF when reading a line
Ask me anything: An error occurred: EOF when reading a line
Ask me anything: An error occurred: EOF when reading a line
Ask me anything: An error occurred: EOF when reading a line
Ask me anything: An error occurred: EOF when reading a line
Ask me anything: An error occurred: EOF when reading a line
Ask me anything: An error occurred: EOF when reading a line
Ask me anything: An error occurred: EOF when reading a line
Ask me anything: An error occurred: EOF when reading a line
Ask me anything: An error occurred: EOF when reading a line
Ask me anything: An error occurred: EOF when reading a line
Ask me anything: An error occurred: EOF when reading a line
Ask me anything: An error occurred: EOF when reading a line
Ask me anything: An error occurred: EOF when reading a line
Ask me anything: An error occurred: EOF when reading a line
Ask me anything: An error occurred: EOF when reading a line
Ask me anything: An error occurred: EOF when reading a line
Ask me anything: An error occurred: EOF when reading a line
Ask me anything: An error occurred: EOF when reading a line
Ask me anything: An error occurred: EOF when reading a line
Ask me anything: An error occurred: EOF when reading a line
Ask me anything: An error occurred: EOF when reading a line
Ask me anything: An error occurred: EOF when reading a line
Ask me anything: An error occurred: EOF when reading a line
Ask me anything: An error occurred: EOF when reading a line
Ask me anything: An error occurred: EOF when reading a line
Ask me anything: An error occurred: EOF when reading a line
Ask me anything: An error occurred: EOF when reading a line
Ask me anything: An error occurred: EOF when reading a line
Ask me anything: An error occurred: EOF when reading a line
Ask me anything: An error occurred: EOF when reading a line
Ask me anything: An error occurred: EOF when reading a line
Ask me anything: An error occurred: EOF when reading a line
Ask me anything: An error occurred: EOF when reading a line
Ask me anything: An error occurred: EOF when reading a line
Ask me anything: An error occurred: EOF when reading a line
Ask me anything: An error occurred: EOF when reading a line
Ask me anything: An error occurred: EOF when reading a line
Ask me anything: An error occurred: EOF when reading a line
Ask me anything: An error occurred: EOF when reading a line
Ask me anything: An error occurred: EOF when reading a line
Ask me anything: An error occurred: EOF when reading a line
Ask me anything: An error occurred: EOF when reading a line
Ask me anything: An error occurred: EOF when reading a line
Ask me anything: An error occurred: EOF when reading a line
Ask me anything: An error occurred: EOF when reading a line
Ask me anything: An error occurred: EOF when reading a line
Ask me anything: An error occurred: EOF when reading a line
Ask me anything: An error occurred: EOF when reading a line
Ask me anything: An error occurred: EOF when reading a line
Ask me anything: An error occurred: EOF when reading a line
Ask me anything: An error occurred: EOF when reading a line
Ask me anything: An error occurred: EOF when reading a line
Ask me anything: An error occurred: EOF when reading a line
Ask me anything: An error occurred: EOF when reading a line
Ask me anything: An error occurred: EOF when reading a line
Ask me anything: An error occurred: EOF when reading a line
Ask me anything: An error occurred: EOF when reading a line
Ask me anything: An error occurred: EOF when reading a line
Ask me anything: An error occurred: EOF when reading a line
Ask me anything: An error occurred: EOF when reading a line
Ask me anything: An error occurred: EOF when reading a line
Ask me anything: An error occurred: EOF when reading a line
Ask me anything: An error occurred: EOF when reading a line
Ask me anything: An error occurred: EOF when reading a line
Ask me anything: An error occurred: EOF when reading a line
Ask me anything: An error occurred: EOF when reading a line
Ask me anything: An error occurred: EOF when reading a line
Ask me anything: An error occurred: EOF when reading a line
Ask me anything: An error occurred: EOF when reading a line
Ask me anything: An error occurred: EOF when reading a line
Ask me anything: An error occurred: EOF when reading a line
Ask me anything: An error occurred: EOF when reading a line
Ask me anything: An error occurred: EOF when reading a line
Ask me anything: An error occurred: EOF when reading a line
Ask me anything: An error occurred: EOF when reading a line
Ask me anything: An error occurred: EOF when reading a line
Ask me anything: An error occurred: EOF when reading a line
Ask me anything: An error occurred: EOF when reading a line
Ask me anything: An error occurred: EOF when reading a line
Ask me anything: An error occurred: EOF when reading a line
Ask me anything: An error occurred: EOF when reading a line
Ask me anything: An error occurred: EOF when reading a line
Ask me anything: An error occurred: EOF when reading a line
Ask me anything: An error occurred: EOF when reading a line
Ask me anything: An error occurred: EOF when reading a line
Ask me anything: An error occurred: EOF when reading a line
Ask me anything: An error occurred: EOF when reading a line
Ask me anything: An error occurred: EOF when reading a line
Ask me anything: An error occurred: EOF when reading a line
Ask me anything: An error occurred: EOF when reading a line
Ask me anything: An error occurred: EOF when reading a line
Ask me anything: An error occurred: EOF when reading a line
Ask me anything: An error occurred: EOF when reading a line
Ask me anything: An error occurred: EOF when reading a line
Ask me anything: An error occurred: EOF when reading a line
Ask me anything: An error occurred: EOF when reading a line
Ask me anything: An error occurred: EOF when reading a line
Ask me anything: An error occurred: EOF when reading a line
Ask me anything: An error occurred: EOF when reading a line
Ask me anything: An error occurred: EOF when reading a line
Ask me anything: An error occurred: EOF when reading a line
Ask me anything: An error occurred: EOF when reading a line
Ask me anything: An error occurred: EOF when reading a line
Ask me anything: An error occurred: EOF when reading a line
Ask me anything: An error occurred: EOF when reading a line
Ask me anything: An error occurred: EOF when reading a line
Ask me anything: An error occurred: EOF when reading a line
Ask me anything: An error occurred: EOF when reading a line
Ask me anything: An error occurred: EOF when reading a line
Ask me anything: An error occurred: EOF when reading a line
Ask me anything: An error occurred: EOF when reading a line
Ask me anything: An error occurred: EOF when reading a line
Ask me anything: An error occurred: EOF when reading a line
Ask me anything: An error occurred: EOF when reading a line
Ask me anything: An error occurred: EOF when reading a line
Ask me anything: An error occurred: EOF when reading a line
Ask me anything: An error occurred: EOF when reading a line
Ask me anything: An error occurred: EOF when reading a line
Ask me anything: An error occurred: EOF when reading a line
Ask me anything: An error occurred: EOF when reading a line
Ask me anything: An error occurred: EOF when reading a line
Ask me anything: An error occurred: EOF when reading a line
Ask me anything: An error occurred: EOF when reading a line
Ask me anything: An error occurred: EOF when reading a line
Ask me anything: An error occurred: EOF when reading a line
Ask me anything: An error occurred: EOF when reading a line
Ask me anything: An error occurred: EOF when reading a line
Ask me anything: An error occurred: EOF when reading a line
Ask me anything: An error occurred: EOF when reading a line
Ask me anything: An error occurred: EOF when reading a line
Ask me anything: An error occurred: EOF when reading a line
Ask me anything: An error occurred: EOF when reading a line
Ask me anything: An error occurred: EOF when reading a line
Ask me anything: An error occurred: EOF when reading a line
Ask me anything: An error occurred: EOF when reading a line
Ask me anything: An error occurred: EOF when reading a line
Ask me anything: An error occurred: EOF when reading a line
Ask me anything: An error occurred: EOF when reading a line
Ask me anything: An error occurred: EOF when reading a line
Ask me anything: An error occurred: EOF when reading a line
Ask me anything: An error occurred: EOF when reading a line
Ask me anything: An error occurred: EOF when reading a line
Ask me anything: An error occurred: EOF when reading a line
Ask me anything: An error occurred: EOF when reading a line
Ask me anything: An error occurred: EOF when reading a line
Ask me anything: An error occurred: EOF when reading a line
Ask me anything: An error occurred: EOF when reading a line
Ask me anything: An error occurred: EOF when reading a line
Ask me anything: An error occurred: EOF when reading a line
Ask me anything: An error occurred: EOF when reading a line
Ask me anything: An error occurred: EOF when reading a line
Ask me anything: An error occurred: EOF when reading a line
Ask me anything: An error occurred: EOF when reading a line
Ask me anything: An error occurred: EOF when reading a line
Ask me anything: An error occurred: EOF when reading a line
Ask me anything: An error occurred: EOF when reading a line
Ask me anything: An error occurred: EOF when reading a line
Ask me anything: An error occurred: EOF when reading a line
Ask me anything: An error occurred: EOF when reading a line
Ask me anything: An error occurred: EOF when reading a line
Ask me anything: An error occurred: EOF when reading a line
Ask me anything: An error occurred: EOF when reading a line
Ask me anything: An error occurred: EOF when reading a line
Ask me anything: An error occurred: EOF when reading a line
Ask me anything: An error occurred: EOF when reading a line
Ask me anything: An error occurred: EOF when reading a line
Ask me anything: An error occurred: EOF when reading a line
Ask me anything: An error occurred: EOF when reading a line
Ask me anything: An error occurred: EOF when reading a line
Ask me anything: An error occurred: EOF when reading a line
Ask me anything: An error occurred: EOF when reading a line
Ask me anything: An error occurred: EOF when reading a line
Ask me anything: An error occurred: EOF when reading a line
Ask me anything: An error occurred: EOF when reading a line
Ask me anything: An error occurred: EOF when reading a line
Ask me anything: An error occurred: EOF when reading a line
Ask me anything: An error occurred: EOF when reading a line
Ask me anything: An error occurred: EOF when reading a line
Ask me anything: An error occurred: EOF when reading a line
Ask me anything: An error occurred: EOF when reading a line
Ask me anything: An error occurred: EOF when reading a line
Ask me anything: An error occurred: EOF when reading a line
Ask me anything: An error occurred: EOF when reading a line
Ask me anything: An error occurred: EOF when reading a line
Ask me anything: An error occurred: EOF when reading a line
Ask me anything: An error occurred: EOF when reading a line
Ask me anything: An error occurred: EOF when reading a line
Ask me anything: An error occurred: EOF when reading a line
Ask me anything: An error occurred: EOF when reading a line
Ask me anything: An error occurred: EOF when reading a line
Ask me anything: An error occurred: EOF when reading a line
Ask me anything: An error occurred: EOF when reading a line
Ask me anything: An error occurred: EOF when reading a line
Ask me anything: An error occurred: EOF when reading a line
Ask me anything: An error occurred: EOF when reading a line
Ask me anything: An error occurred: EOF when reading a line
Ask me anything: An error occurred: EOF when reading a line
Ask me anything: An error occurred: EOF when reading a line
Ask me anything: An error occurred: EOF when reading a line
Ask me anything: An error occurred: EOF when reading a line
Ask me anything: An error occurred: EOF when reading a line
Ask me anything: An error occurred: EOF when reading a line
Ask me anything: An error occurred: EOF when reading a line
Ask me anything: An error occurred: EOF when reading a line
Ask me anything: An error occurred: EOF when reading a line
Ask me anything: An error occurred: EOF when reading a line
Ask me anything: An error occurred: EOF when reading a line
Ask me anything: An error occurred: EOF when reading a line
Ask me anything: An error occurred: EOF when reading a line
Ask me anything: An error occurred: EOF when reading a line
Ask me anything: An error occurred: EOF when reading a line
Ask me anything: An error occurred: EOF when reading a line
Ask me anything: An error occurred: EOF when reading a line
Ask me anything: An error occurred: EOF when reading a line
Ask me anything: An error occurred: EOF when reading a line
Ask me anything: An error occurred: EOF when reading a line
Ask me anything: An error occurred: EOF when reading a line
Ask me anything: An error occurred: EOF when reading a line
Ask me anything: An error occurred: EOF when reading a line
Ask me anything: An error occurred: EOF when reading a line
Ask me anything: An error occurred: EOF when reading a line
Ask me anything: An error occurred: EOF when reading a line
Ask me anything: An error occurred: EOF when reading a line
Ask me anything: An error occurred: EOF when reading a line
Ask me anything: An error occurred: EOF when reading a line
Ask me anything: An error occurred: EOF when reading a line
Ask me anything: An error occurred: EOF when reading a line
Ask me anything: An error occurred: EOF when reading a line
Ask me anything: An error occurred: EOF when reading a line
Ask me anything: An error occurred: EOF when reading a line
Ask me anything: An error occurred: EOF when reading a line
Ask me anything: An error occurred: EOF when reading a line
Ask me anything: An error occurred: EOF when reading a line
Ask me anything: An error occurred: EOF when reading a line
Ask me anything: An error occurred: EOF when reading a line
Ask me anything: An error occurred: EOF when reading a line
Ask me anything: An error occurred: EOF when reading a line
Ask me anything: An error occurred: EOF when reading a line
Ask me anything: An error occurred: EOF when reading a line
Ask me anything: An error occurred: EOF when reading a line
Ask me anything: An error occurred: EOF when reading a line
Ask me anything: An error occurred: EOF when reading a line
Ask me anything: An error occurred: EOF when reading a line
Ask me anything: An error occurred: EOF when reading a line
Ask me anything: An error occurred: EOF when reading a line
Ask me anything: An error occurred: EOF when reading a line
Ask me anything: An error occurred: EOF when reading a line
Ask me anything: An error occurred: EOF when reading a line
Ask me anything: An error occurred: EOF when reading a line
Ask me anything: An error occurred: EOF when reading a line
Ask me anything: An error occurred: EOF when reading a line
Ask me anything: An error occurred: EOF when reading a line
Ask me anything: An error occurred: EOF when reading a line
Ask me anything: An error occurred: EOF when reading a line
Ask me anything: An error occurred: EOF when reading a line
Ask me anything: An error occurred: EOF when reading a line
Ask me anything: An error occurred: EOF when reading a line
Ask me anything: An error occurred: EOF when reading a line
Ask me anything: An error occurred: EOF when reading a line
Ask me anything: An error occurred: EOF when reading a line
Ask me anything: An error occurred: EOF when reading a line
Ask me anything: An error occurred: EOF when reading a line
Ask me anything: An error occurred: EOF when reading a line
Ask me anything: An error occurred: EOF when reading a line
Ask me anything: An error occurred: EOF when reading a line
Ask me anything: An error occurred: EOF when reading a line
Ask me anything: An error occurred: EOF when reading a line
Ask me anything: An error occurred: EOF when reading a line
Ask me anything: An error occurred: EOF when reading a line
Ask me anything: An error occurred: EOF when reading a line
Ask me anything: An error occurred: EOF when reading a line
Ask me anything: An error occurred: EOF when reading a line
Ask me anything: An error occurred: EOF when reading a line
Ask me anything: An error occurred: EOF when reading a line
Ask me anything: An error occurred: EOF when reading a line
Ask me anything: An error occurred: EOF when reading a line
Ask me anything: An error occurred: EOF when reading a line
Ask me anything: An error occurred: EOF when reading a line
Ask me anything: An error occurred: EOF when reading a line
Ask me anything: An error occurred: EOF when reading a line
Ask me anything: An error occurred: EOF when reading a line
Ask me anything: An error occurred: EOF when reading a line
Ask me anything: An error occurred: EOF when reading a line
Ask me anything: An error occurred: EOF when reading a line
Ask me anything: An error occurred: EOF when reading a line
Ask me anything: An error occurred: EOF when reading a line
Ask me anything: An error occurred: EOF when reading a line
Ask me anything: An error occurred: EOF when reading a line
Ask me anything: An error occurred: EOF when reading a line
Ask me anything: An error occurred: EOF when reading a line
Ask me anything: An error occurred: EOF when reading a line
Ask me anything: An error occurred: EOF when reading a line
Ask me anything: An error occurred: EOF when reading a line
Ask me anything: An error occurred: EOF when reading a line
Ask me anything: An error occurred: EOF when reading a line
Ask me anything: An error occurred: EOF when reading a line
Ask me anything: An error occurred: EOF when reading a line
Ask me anything: An error occurred: EOF when reading a line
Ask me anything: An error occurred: EOF when reading a line
Ask me anything: An error occurred: EOF when reading a line
Ask me anything: An error occurred: EOF when reading a line
Ask me anything: An error occurred: EOF when reading a line
Ask me anything: An error occurred: EOF when reading a line
Ask me anything: An error occurred: EOF when reading a line
Ask me anything: An error occurred: EOF when reading a line
Ask me anything: An error occurred: EOF when reading a line
Ask me anything: An error occurred: EOF when reading a line
Ask me anything: An error occurred: EOF when reading a line
Ask me anything: An error occurred: EOF when reading a line
Ask me anything: An error occurred: EOF when reading a line
Ask me anything: An error occurred: EOF when reading a line
Ask me anything: An error occurred: EOF when reading a line
Ask me anything: An error occurred: EOF when reading a line
Ask me anything: An error occurred: EOF when reading a line
Ask me anything: An error occurred: EOF when reading a line
Ask me anything: An error occurred: EOF when reading a line
Ask me anything: An error occurred: EOF when reading a line
Ask me anything: An error occurred: EOF when reading a line
Ask me anything: An error occurred: EOF when reading a line
Ask me anything: An error occurred: EOF when reading a line
Ask me anything: An error occurred: EOF when reading a line
Ask me anything: An error occurred: EOF when reading a line
Ask me anything: An error occurred: EOF when reading a line
Ask me anything: An error occurred: EOF when reading a line
Ask me anything: An error occurred: EOF when reading a line
Ask me anything: An error occurred: EOF when reading a line
Ask me anything: An error occurred: EOF when reading a line
Ask me anything: An error occurred: EOF when reading a line
Ask me anything: An error occurred: EOF when reading a line
Ask me anything: An error occurred: EOF when reading a line
Ask me anything: An error occurred: EOF when reading a line
Ask me anything: An error occurred: EOF when reading a line
Ask me anything: An error occurred: EOF when reading a line
Ask me anything: An error occurred: EOF when reading a line
Ask me anything: An error occurred: EOF when reading a line
Ask me anything: An error occurred: EOF when reading a line
Ask me anything: An error occurred: EOF when reading a line
Ask me anything: An error occurred: EOF when reading a line
Ask me anything: An error occurred: EOF when reading a line
Ask me anything: An error occurred: EOF when reading a line
Ask me anything: An error occurred: EOF when reading a line
Ask me anything: An error occurred: EOF when reading a line
Ask me anything: An error occurred: EOF when reading a line
Ask me anything: An error occurred: EOF when reading a line
Ask me anything: An error occurred: EOF when reading a line
Ask me anything: An error occurred: EOF when reading a line
Ask me anything: An error occurred: EOF when reading a line
Ask me anything: An error occurred: EOF when reading a line
Ask me anything: An error occurred: EOF when reading a line
Ask me anything: An error occurred: EOF when reading a line
Ask me anything: An error occurred: EOF when reading a line
Ask me anything: An error occurred: EOF when reading a line
Ask me anything: An error occurred: EOF when reading a line
Ask me anything: An error occurred: EOF when reading a line
Ask me anything: An error occurred: EOF when reading a line
Ask me anything: An error occurred: EOF when reading a line
Ask me anything: An error occurred: EOF when reading a line
Ask me anything: An error occurred: EOF when reading a line
Ask me anything: An error occurred: EOF when reading a line
Ask me anything: An error occurred: EOF when reading a line
Ask me anything: An error occurred: EOF when reading a line
Ask me anything: An error occurred: EOF when reading a line
Ask me anything: An error occurred: EOF when reading a line
Ask me anything: An error occurred: EOF when reading a line
Ask me anything: An error occurred: EOF when reading a line
Ask me anything: An error occurred: EOF when reading a line
Ask me anything: An error occurred: EOF when reading a line
Ask me anything: An error occurred: EOF when reading a line
Ask me anything: An error occurred: EOF when reading a line
Ask me anything: An error occurred: EOF when reading a line
Ask me anything: An error occurred: EOF when reading a line
Ask me anything: An error occurred: EOF when reading a line
Ask me anything: An error occurred: EOF when reading a line
Ask me anything: An error occurred: EOF when reading a line
Ask me anything: An error occurred: EOF when reading a line
Ask me anything: An error occurred: EOF when reading a line
Ask me anything: An error occurred: EOF when reading a line
Ask me anything: An error occurred: EOF when reading a line
Ask me anything: An error occurred: EOF when reading a line
Ask me anything: An error occurred: EOF when reading a line
Ask me anything: An error occurred: EOF when reading a line
Ask me anything: An error occurred: EOF when reading a line
Ask me anything: An error occurred: EOF when reading a line
Ask me anything: An error occurred: EOF when reading a line
Ask me anything: An error occurred: EOF when reading a line
Ask me anything: An error occurred: EOF when reading a line
Ask me anything: An error occurred: EOF when reading a line
Ask me anything: An error occurred: EOF when reading a line
Ask me anything: An error occurred: EOF when reading a line
Ask me anything: An error occurred: EOF when reading a line
Ask me anything: An error occurred: EOF when reading a line
Ask me anything: An error occurred: EOF when reading a line
Ask me anything: An error occurred: EOF when reading a line
Ask me anything: An error occurred: EOF when reading a line
Ask me anything: An error occurred: EOF when reading a line
Ask me anything: An error occurred: EOF when reading a line
Ask me anything: An error occurred: EOF when reading a line
Ask me anything: An error occurred: EOF when reading a line
Ask me anything: An error occurred: EOF when reading a line
Ask me anything: An error occurred: EOF when reading a line
Ask me anything: An error occurred: EOF when reading a line
Ask me anything: An error occurred: EOF when reading a line
Ask me anything: An error occurred: EOF when reading a line
Ask me anything: An error occurred: EOF when reading a line
Ask me anything: An error occurred: EOF when reading a line
Ask me anything: An error occurred: EOF when reading a line
Ask me anything: An error occurred: EOF when reading a line
Ask me anything: An error occurred: EOF when reading a line
Ask me anything: An error occurred: EOF when reading a line
Ask me anything: An error occurred: EOF when reading a line
Ask me anything: An error occurred: EOF when reading a line
Ask me anything: An error occurred: EOF when reading a line
Ask me anything: An error occurred: EOF when reading a line
Ask me anything: An error occurred: EOF when reading a line
Ask me anything: An error occurred: EOF when reading a line
Ask me anything: An error occurred: EOF when reading a line
Ask me anything: An error occurred: EOF when reading a line
Ask me anything: An error occurred: EOF when reading a line
Ask me anything: An error occurred: EOF when reading a line
Ask me anything: An error occurred: EOF when reading a line
Ask me anything: An error occurred: EOF when reading a line
Ask me anything: An error occurred: EOF when reading a line
Ask me anything: An error occurred: EOF when reading a line
Ask me anything: An error occurred: EOF when reading a line
Ask me anything: An error occurred: EOF when reading a line
Ask me anything: An error occurred: EOF when reading a line
Ask me anything: An error occurred: EOF when reading a line
Ask me anything: An error occurred: EOF when reading a line
Ask me anything: An error occurred: EOF when reading a line
Ask me anything: An error occurred: EOF when reading a line
Ask me anything: An error occurred: EOF when reading a line
Ask me anything: An error occurred: EOF when reading a line
Ask me anything: An error occurred: EOF when reading a line
Ask me anything: An error occurred: EOF when reading a line
Ask me anything: An error occurred: EOF when reading a line
Ask me anything: An error occurred: EOF when reading a line
Ask me anything: An error occurred: EOF when reading a line
Ask me anything: An error occurred: EOF when reading a line
Ask me anything: An error occurred: EOF when reading a line
Ask me anything: An error occurred: EOF when reading a line
Ask me anything: An error occurred: EOF when reading a line
Ask me anything: An error occurred: EOF when reading a line
Ask me anything: An error occurred: EOF when reading a line
Ask me anything: An error occurred: EOF when reading a line
Ask me anything: An error occurred: EOF when reading a line
Ask me anything: An error occurred: EOF when reading a line
Ask me anything: An error occurred: EOF when reading a line
Ask me anything: An error occurred: EOF when reading a line
Ask me anything: An error occurred: EOF when reading a line
Ask me anything: An error occurred: EOF when reading a line
Ask me anything: An error occurred: EOF when reading a line
Ask me anything: An error occurred: EOF when reading a line
Ask me anything: An error occurred: EOF when reading a line
Ask me anything: An error occurred: EOF when reading a line
Ask me anything: An error occurred: EOF when reading a line
Ask me anything: An error occurred: EOF when reading a line
Ask me anything: An error occurred: EOF when reading a line
Ask me anything: An error occurred: EOF when reading a line
Ask me anything: An error occurred: EOF when reading a line
Ask me anything: An error occurred: EOF when reading a line
Ask me anything: An error occurred: EOF when reading a line
Ask me anything: An error occurred: EOF when reading a line
Ask me anything: An error occurred: EOF when reading a line
Ask me anything: An error occurred: EOF when reading a line
Ask me anything: An error occurred: EOF when reading a line
Ask me anything: An error occurred: EOF when reading a line
Ask me anything: An error occurred: EOF when reading a line
Ask me anything: An error occurred: EOF when reading a line
Ask me anything: An error occurred: EOF when reading a line
Ask me anything: An error occurred: EOF when reading a line
Ask me anything: An error occurred: EOF when reading a line
Ask me anything: An error occurred: EOF when reading a line
Ask me anything: An error occurred: EOF when reading a line
Ask me anything: An error occurred: EOF when reading a line
Ask me anything: An error occurred: EOF when reading a line
Ask me anything: An error occurred: EOF when reading a line
Ask me anything: An error occurred: EOF when reading a line
Ask me anything: An error occurred: EOF when reading a line
Ask me anything: An error occurred: EOF when reading a line
Ask me anything: An error occurred: EOF when reading a line
Ask me anything: An error occurred: EOF when reading a line
Ask me anything: An error occurred: EOF when reading a line
Ask me anything: An error occurred: EOF when reading a line
Ask me anything: An error occurred: EOF when reading a line
Ask me anything: An error occurred: EOF when reading a line
Ask me anything: An error occurred: EOF when reading a line
Ask me anything: An error occurred: EOF when reading a line
Ask me anything: An error occurred: EOF when reading a line
Ask me anything: An error occurred: EOF when reading a line
Ask me anything: An error occurred: EOF when reading a line
Ask me anything: An error occurred: EOF when reading a line
Ask me anything: An error occurred: EOF when reading a line
Ask me anything: An error occurred: EOF when reading a line
Ask me anything: An error occurred: EOF when reading a line
Ask me anything: An error occurred: EOF when reading a line
Ask me anything: An error occurred: EOF when reading a line
Ask me anything: An error occurred: EOF when reading a line
Ask me anything: An error occurred: EOF when reading a line
Ask me anything: An error occurred: EOF when reading a line
Ask me anything: An error occurred: EOF when reading a line
Ask me anything: An error occurred: EOF when reading a line
Ask me anything: An error occurred: EOF when reading a line
Ask me anything: An error occurred: EOF when reading a line
Ask me anything: An error occurred: EOF when reading a line
Ask me anything: An error occurred: EOF when reading a line
Ask me anything: An error occurred: EOF when reading a line
Ask me anything: An error occurred: EOF when reading a line
Ask me anything: An error occurred: EOF when reading a line
Ask me anything: An error occurred: EOF when reading a line
Ask me anything: An error occurred: EOF when reading a line
Ask me anything: An error occurred: EOF when reading a line
Ask me anything: An error occurred: EOF when reading a line
Ask me anything: An error occurred: EOF when reading a line
Ask me anything: An error occurred: EOF when reading a line
Ask me anything: An error occurred: EOF when reading a line
Ask me anything: An error occurred: EOF when reading a line
Ask me anything: An error occurred: EOF when reading a line
Ask me anything: An error occurred: EOF when reading a line
Ask me anything: An error occurred: EOF when reading a line
Ask me anything: An error occurred: EOF when reading a line
Ask me anything: An error occurred: EOF when reading a line
Ask me anything: An error occurred: EOF when reading a line
Ask me anything: An error occurred: EOF when reading a line
Ask me anything: An error occurred: EOF when reading a line
Ask me anything: An error occurred: EOF when reading a line
Ask me anything: An error occurred: EOF when reading a line
Ask me anything: An error occurred: EOF when reading a line
Ask me anything: An error occurred: EOF when reading a line
Ask me anything: An error occurred: EOF when reading a line
Ask me anything: An error occurred: EOF when reading a line
Ask me anything: An error occurred: EOF when reading a line
Ask me anything: An error occurred: EOF when reading a line
Ask me anything: An error occurred: EOF when reading a line
Ask me anything: An error occurred: EOF when reading a line
Ask me anything: An error occurred: EOF when reading a line
Ask me anything: An error occurred: EOF when reading a line
Ask me anything: An error occurred: EOF when reading a line
Ask me anything: An error occurred: EOF when reading a line
Ask me anything: An error occurred: EOF when reading a line
Ask me anything: An error occurred: EOF when reading a line
Ask me anything: An error occurred: EOF when reading a line
Ask me anything: An error occurred: EOF when reading a line
Ask me anything: An error occurred: EOF when reading a line
Ask me anything: An error occurred: EOF when reading a line
Ask me anything: An error occurred: EOF when reading a line
Ask me anything: An error occurred: EOF when reading a line
Ask me anything: An error occurred: EOF when reading a line
Ask me anything: An error occurred: EOF when reading a line
Ask me anything: An error occurred: EOF when reading a line
Ask me anything: An error occurred: EOF when reading a line
Ask me anything: An error occurred: EOF when reading a line
Ask me anything: An error occurred: EOF when reading a line
Ask me anything: An error occurred: EOF when reading a line
Ask me anything: An error occurred: EOF when reading a line
Ask me anything: An error occurred: EOF when reading a line
Ask me anything: An error occurred: EOF when reading a line
Ask me anything: An error occurred: EOF when reading a line
Ask me anything: An error occurred: EOF when reading a line
Ask me anything: An error occurred: EOF when reading a line
Ask me anything: An error occurred: EOF when reading a line
Ask me anything: An error occurred: EOF when reading a line
Ask me anything: An error occurred: EOF when reading a line
Ask me anything: An error occurred: EOF when reading a line
Ask me anything: An error occurred: EOF when reading a line
Ask me anything: An error occurred: EOF when reading a line
Ask me anything: An error occurred: EOF when reading a line
Ask me anything: An error occurred: EOF when reading a line
Ask me anything: An error occurred: EOF when reading a line
Ask me anything: An error occurred: EOF when reading a line
Ask me anything: An error occurred: EOF when reading a line
Ask me anything: An error occurred: EOF when reading a line
Ask me anything: An error occurred: EOF when reading a line
Ask me anything: An error occurred: EOF when reading a line
Ask me anything: An error occurred: EOF when reading a line
Ask me anything: An error occurred: EOF when reading a line
Ask me anything: An error occurred: EOF when reading a line
Ask me anything: An error occurred: EOF when reading a line
Ask me anything: An error occurred: EOF when reading a line
Ask me anything: An error occurred: EOF when reading a line
Ask me anything: An error occurred: EOF when reading a line
Ask me anything: An error occurred: EOF when reading a line
Ask me anything: An error occurred: EOF when reading a line
Ask me anything: An error occurred: EOF when reading a line
Ask me anything: An error occurred: EOF when reading a line
Ask me anything: An error occurred: EOF when reading a line
Ask me anything: An error occurred: EOF when reading a line
Ask me anything: An error occurred: EOF when reading a line
Ask me anything: An error occurred: EOF when reading a line
Ask me anything: An error occurred: EOF when reading a line
Ask me anything: An error occurred: EOF when reading a line
Ask me anything: An error occurred: EOF when reading a line
Ask me anything: An error occurred: EOF when reading a line
Ask me anything: An error occurred: EOF when reading a line
Ask me anything: An error occurred: EOF when reading a line
Ask me anything: An error occurred: EOF when reading a line
Ask me anything: An error occurred: EOF when reading a line
Ask me anything: An error occurred: EOF when reading a line
Ask me anything: An error occurred: EOF when reading a line
Ask me anything: An error occurred: EOF when reading a line
Ask me anything: An error occurred: EOF when reading a line
Ask me anything: An error occurred: EOF when reading a line
Ask me anything: An error occurred: EOF when reading a line
Ask me anything: An error occurred: EOF when reading a line
Ask me anything: An error occurred: EOF when reading a line
Ask me anything: An error occurred: EOF when reading a line
Ask me anything: An error occurred: EOF when reading a line
Ask me anything: An error occurred: EOF when reading a line
Ask me anything: An error occurred: EOF when reading a line
Ask me anything: An error occurred: EOF when reading a line
Ask me anything: An error occurred: EOF when reading a line
Ask me anything: An error occurred: EOF when reading a line
Ask me anything: An error occurred: EOF when reading a line
Ask me anything: An error occurred: EOF when reading a line
Ask me anything: An error occurred: EOF when reading a line
Ask me anything: An error occurred: EOF when reading a line
Ask me anything: An error occurred: EOF when reading a line
Ask me anything: An error occurred: EOF when reading a line
Ask me anything: An error occurred: EOF when reading a line
Ask me anything: An error occurred: EOF when reading a line
Ask me anything: An error occurred: EOF when reading a line
Ask me anything: An error occurred: EOF when reading a line
Ask me anything: An error occurred: EOF when reading a line
Ask me anything: An error occurred: EOF when reading a line
Ask me anything: An error occurred: EOF when reading a line
Ask me anything: An error occurred: EOF when reading a line
Ask me anything: An error occurred: EOF when reading a line
Ask me anything: An error occurred: EOF when reading a line
Ask me anything: An error occurred: EOF when reading a line
Ask me anything: An error occurred: EOF when reading a line
Ask me anything: An error occurred: EOF when reading a line
Ask me anything: An error occurred: EOF when reading a line
Ask me anything: An error occurred: EOF when reading a line
Ask me anything: An error occurred: EOF when reading a line
Ask me anything: An error occurred: EOF when reading a line
Ask me anything: An error occurred: EOF when reading a line
Ask me anything: An error occurred: EOF when reading a line
Ask me anything: An error occurred: EOF when reading a line
Ask me anything: An error occurred: EOF when reading a line
Ask me anything: An error occurred: EOF when reading a line
Ask me anything: An error occurred: EOF when reading a line
Ask me anything: An error occurred: EOF when reading a line
Ask me anything: An error occurred: EOF when reading a line
Ask me anything: An error occurred: EOF when reading a line
Ask me anything: An error occurred: EOF when reading a line
Ask me anything: An error occurred: EOF when reading a line
Ask me anything: An error occurred: EOF when reading a line
Ask me anything: An error occurred: EOF when reading a line
Ask me anything: An error occurred: EOF when reading a line
Ask me anything: An error occurred: EOF when reading a line
Ask me anything: An error occurred: EOF when reading a line
Ask me anything: An error occurred: EOF when reading a line
Ask me anything: An error occurred: EOF when reading a line
Ask me anything: An error occurred: EOF when reading a line
Ask me anything: An error occurred: EOF when reading a line
Ask me anything: An error occurred: EOF when reading a line
Ask me anything: An error occurred: EOF when reading a line
Ask me anything: An error occurred: EOF when reading a line
Ask me anything: An error occurred: EOF when reading a line
Ask me anything: An error occurred: EOF when reading a line
Ask me anything: An error occurred: EOF when reading a line
Ask me anything: An error occurred: EOF when reading a line
Ask me anything: An error occurred: EOF when reading a line
Ask me anything: An error occurred: EOF when reading a line
Ask me anything: An error occurred: EOF when reading a line
Ask me anything: An error occurred: EOF when reading a line
Ask me anything: An error occurred: EOF when reading a line
Ask me anything: An error occurred: EOF when reading a line
Ask me anything: An error occurred: EOF when reading a line
Ask me anything: An error occurred: EOF when reading a line
Ask me anything: An error occurred: EOF when reading a line
Ask me anything: An error occurred: EOF when reading a line
Ask me anything: An error occurred: EOF when reading a line
Ask me anything: An error occurred: EOF when reading a line
Ask me anything: An error occurred: EOF when reading a line
Ask me anything: An error occurred: EOF when reading a line
Ask me anything: An error occurred: EOF when reading a line
Ask me anything: An error occurred: EOF when reading a line
Ask me anything: An error occurred: EOF when reading a line
Ask me anything: An error occurred: EOF when reading a line
Ask me anything: An error occurred: EOF when reading a line
Ask me anything: An error occurred: EOF when reading a line
Ask me anything: An error occurred: EOF when reading a line
Ask me anything: An error occurred: EOF when reading a line
Ask me anything: An error occurred: EOF when reading a line
Ask me anything: An error occurred: EOF when reading a line
Ask me anything: An error occurred: EOF when reading a line
Ask me anything: An error occurred: EOF when reading a line
Ask me anything: An error occurred: EOF when reading a line
Ask me anything: An error occurred: EOF when reading a line
Ask me anything: An error occurred: EOF when reading a line
Ask me anything: An error occurred: EOF when reading a line
Ask me anything: An error occurred: EOF when reading a line
Ask me anything: An error occurred: EOF when reading a line
Ask me anything: An error occurred: EOF when reading a line
Ask me anything: An error occurred: EOF when reading a line
Ask me anything: An error occurred: EOF when reading a line
Ask me anything: An error occurred: EOF when reading a line
Ask me anything: An error occurred: EOF when reading a line
Ask me anything: An error occurred: EOF when reading a line
Ask me anything: An error occurred: EOF when reading a line
Ask me anything: An error occurred: EOF when reading a line
Ask me anything: An error occurred: EOF when reading a line
Ask me anything: An error occurred: EOF when reading a line
Ask me anything: An error occurred: EOF when reading a line
Ask me anything: An error occurred: EOF when reading a line
Ask me anything: An error occurred: EOF when reading a line
Ask me anything: An error occurred: EOF when reading a line
Ask me anything: An error occurred: EOF when reading a line
Ask me anything: An error occurred: EOF when reading a line
Ask me anything: An error occurred: EOF when reading a line
Ask me anything: An error occurred: EOF when reading a line
Ask me anything: An error occurred: EOF when reading a line
Ask me anything: An error occurred: EOF when reading a line
Ask me anything: An error occurred: EOF when reading a line
Ask me anything: An error occurred: EOF when reading a line
Ask me anything: An error occurred: EOF when reading a line
Ask me anything: An error occurred: EOF when reading a line
Ask me anything: An error occurred: EOF when reading a line
Ask me anything: An error occurred: EOF when reading a line
Ask me anything: An error occurred: EOF when reading a line
Ask me anything: An error occurred: EOF when reading a line
Ask me anything: An error occurred: EOF when reading a line
Ask me anything: An error occurred: EOF when reading a line
Ask me anything: An error occurred: EOF when reading a line
Ask me anything: An error occurred: EOF when reading a line
Ask me anything: An error occurred: EOF when reading a line
Ask me anything: An error occurred: EOF when reading a line
Ask me anything: An error occurred: EOF when reading a line
Ask me anything: An error occurred: EOF when reading a line
Ask me anything: An error occurred: EOF when reading a line
Ask me anything: An error occurred: EOF when reading a line
Ask me anything: An error occurred: EOF when reading a line
Ask me anything: An error occurred: EOF when reading a line
Ask me anything: An error occurred: EOF when reading a line
Ask me anything: An error occurred: EOF when reading a line
Ask me anything: An error occurred: EOF when reading a line
Ask me anything: An error occurred: EOF when reading a line
Ask me anything: An error occurred: EOF when reading a line
Ask me anything: An error occurred: EOF when reading a line
Ask me anything: An error occurred: EOF when reading a line
Ask me anything: An error occurred: EOF when reading a line
Ask me anything: An error occurred: EOF when reading a line
Ask me anything: An error occurred: EOF when reading a line
Ask me anything: An error occurred: EOF when reading a line
Ask me anything: An error occurred: EOF when reading a line
Ask me anything: An error occurred: EOF when reading a line
Ask me anything: An error occurred: EOF when reading a line
Ask me anything: An error occurred: EOF when reading a line
Ask me anything: An error occurred: EOF when reading a line
Ask me anything: An error occurred: EOF when reading a line
Ask me anything: An error occurred: EOF when reading a line
Ask me anything: An error occurred: EOF when reading a line
Ask me anything: An error occurred: EOF when reading a line
Ask me anything: An error occurred: EOF when reading a line
Ask me anything: An error occurred: EOF when reading a line
Ask me anything: An error occurred: EOF when reading a line
Ask me anything: An error occurred: EOF when reading a line
Ask me anything: An error occurred: EOF when reading a line
Ask me anything: An error occurred: EOF when reading a line
Ask me anything: An error occurred: EOF when reading a line
Ask me anything: An error occurred: EOF when reading a line
Ask me anything: An error occurred: EOF when reading a line
Ask me anything: An error occurred: EOF when reading a line
Ask me anything: An error occurred: EOF when reading a line
Ask me anything: An error occurred: EOF when reading a line
Ask me anything: An error occurred: EOF when reading a line
Ask me anything: An error occurred: EOF when reading a line
Ask me anything: An error occurred: EOF when reading a line
Ask me anything: An error occurred: EOF when reading a line
Ask me anything: An error occurred: EOF when reading a line
Ask me anything: An error occurred: EOF when reading a line
Ask me anything: An error occurred: EOF when reading a line
Ask me anything: An error occurred: EOF when reading a line
Ask me anything: An error occurred: EOF when reading a line
Ask me anything: An error occurred: EOF when reading a line
Ask me anything: An error occurred: EOF when reading a line
Ask me anything: An error occurred: EOF when reading a line
Ask me anything: An error occurred: EOF when reading a line
Ask me anything: An error occurred: EOF when reading a line
Ask me anything: An error occurred: EOF when reading a line
Ask me anything: An error occurred: EOF when reading a line
Ask me anything: An error occurred: EOF when reading a line
Ask me anything: An error occurred: EOF when reading a line
Ask me anything: An error occurred: EOF when reading a line
Ask me anything: An error occurred: EOF when reading a line
Ask me anything: An error occurred: EOF when reading a line
Ask me anything: An error occurred: EOF when reading a line
Ask me anything: An error occurred: EOF when reading a line
Ask me anything: An error occurred: EOF when reading a line
Ask me anything: An error occurred: EOF when reading a line
Ask me anything: An error occurred: EOF when reading a line
Ask me anything: An error occurred: EOF when reading a line
Ask me anything: An error occurred: EOF when reading a line
Ask me anything: An error occurred: EOF when reading a line
Ask me anything: An error occurred: EOF when reading a line
Ask me anything: An error occurred: EOF when reading a line
Ask me anything: An error occurred: EOF when reading a line
Ask me anything: An error occurred: EOF when reading a line
Ask me anything: An error occurred: EOF when reading a line
Ask me anything: An error occurred: EOF when reading a line
Ask me anything: An error occurred: EOF when reading a line
Ask me anything: An error occurred: EOF when reading a line
Ask me anything: An error occurred: EOF when reading a line
Ask me anything: An error occurred: EOF when reading a line
Ask me anything: An error occurred: EOF when reading a line
Ask me anything: An error occurred: EOF when reading a line
Ask me anything: An error occurred: EOF when reading a line
Ask me anything: An error occurred: EOF when reading a line
Ask me anything: An error occurred: EOF when reading a line
Ask me anything: An error occurred: EOF when reading a line
Ask me anything: An error occurred: EOF when reading a line
Ask me anything: An error occurred: EOF when reading a line
Ask me anything: An error occurred: EOF when reading a line
Ask me anything: An error occurred: EOF when reading a line
Ask me anything: An error occurred: EOF when reading a line
Ask me anything: An error occurred: EOF when reading a line
Ask me anything: An error occurred: EOF when reading a line
Ask me anything: An error occurred: EOF when reading a line
Ask me anything: An error occurred: EOF when reading a line
Ask me anything: An error occurred: EOF when reading a line
Ask me anything: An error occurred: EOF when reading a line
Ask me anything: An error occurred: EOF when reading a line
Ask me anything: An error occurred: EOF when reading a line
Ask me anything: An error occurred: EOF when reading a line
Ask me anything: An error occurred: EOF when reading a line
Ask me anything: An error occurred: EOF when reading a line
Ask me anything: An error occurred: EOF when reading a line
Ask me anything: An error occurred: EOF when reading a line
Ask me anything: An error occurred: EOF when reading a line
Ask me anything: An error occurred: EOF when reading a line
Ask me anything: An error occurred: EOF when reading a line
Ask me anything: An error occurred: EOF when reading a line
Ask me anything: An error occurred: EOF when reading a line
Ask me anything: An error occurred: EOF when reading a line
Ask me anything: An error occurred: EOF when reading a line
Ask me anything: An error occurred: EOF when reading a line
Ask me anything: An error occurred: EOF when reading a line
Ask me anything: An error occurred: EOF when reading a line
Ask me anything: An error occurred: EOF when reading a line
Ask me anything: An error occurred: EOF when reading a line
Ask me anything: An error occurred: EOF when reading a line
Ask me anything: An error occurred: EOF when reading a line
Ask me anything: An error occurred: EOF when reading a line
Ask me anything: An error occurred: EOF when reading a line
Ask me anything: An error occurred: EOF when reading a line
Ask me anything: An error occurred: EOF when reading a line
Ask me anything: An error occurred: EOF when reading a line
Ask me anything: An error occurred: EOF when reading a line
Ask me anything: An error occurred: EOF when reading a line
Ask me anything: An error occurred: EOF when reading a line
Ask me anything: An error occurred: EOF when reading a line
Ask me anything: An error occurred: EOF when reading a line
Ask me anything: An error occurred: EOF when reading a line
Ask me anything: An error occurred: EOF when reading a line
Ask me anything: An error occurred: EOF when reading a line
Ask me anything: An error occurred: EOF when reading a line
Ask me anything: An error occurred: EOF when reading a line
Ask me anything: An error occurred: EOF when reading a line
Ask me anything: An error occurred: EOF when reading a line
Ask me anything: An error occurred: EOF when reading a line
Ask me anything: An error occurred: EOF when reading a line
Ask me anything: An error occurred: EOF when reading a line
Ask me anything: An error occurred: EOF when reading a line
Ask me anything: An error occurred: EOF when reading a line
Ask me anything: An error occurred: EOF when reading a line
Ask me anything: An error occurred: EOF when reading a line
Ask me anything: An error occurred: EOF when reading a line
Ask me anything: An error occurred: EOF when reading a line
Ask me anything: An error occurred: EOF when reading a line
Ask me anything: An error occurred: EOF when reading a line
Ask me anything: An error occurred: EOF when reading a line
Ask me anything: An error occurred: EOF when reading a line
Ask me anything: An error occurred: EOF when reading a line
Ask me anything: An error occurred: EOF when reading a line
Ask me anything: An error occurred: EOF when reading a line
Ask me anything: An error occurred: EOF when reading a line
Ask me anything: An error occurred: EOF when reading a line
Ask me anything: An error occurred: EOF when reading a line
Ask me anything: An error occurred: EOF when reading a line
Ask me anything: An error occurred: EOF when reading a line
Ask me anything: An error occurred: EOF when reading a line
Ask me anything: An error occurred: EOF when reading a line
Ask me anything: An error occurred: EOF when reading a line
Ask me anything: An error occurred: EOF when reading a line
Ask me anything: An error occurred: EOF when reading a line
Ask me anything: An error occurred: EOF when reading a line
Ask me anything: An error occurred: EOF when reading a line
Ask me anything: An error occurred: EOF when reading a line
Ask me anything: An error occurred: EOF when reading a line
Ask me anything: An error occurred: EOF when reading a line
Ask me anything: An error occurred: EOF when reading a line
Ask me anything: An error occurred: EOF when reading a line
Ask me anything: An error occurred: EOF when reading a line
Ask me anything: An error occurred: EOF when reading a line
Ask me anything: An error occurred: EOF when reading a line
Ask me anything: An error occurred: EOF when reading a line
Ask me anything: An error occurred: EOF when reading a line
Ask me anything: An error occurred: EOF when reading a line
Ask me anything: An error occurred: EOF when reading a line
Ask me anything: An error occurred: EOF when reading a line
Ask me anything: An error occurred: EOF when reading a line
Ask me anything: An error occurred: EOF when reading a line
Ask me anything: An error occurred: EOF when reading a line
Ask me anything: An error occurred: EOF when reading a line
Ask me anything: An error occurred: EOF when reading a line
Ask me anything: An error occurred: EOF when reading a line
Ask me anything: An error occurred: EOF when reading a line
Ask me anything: An error occurred: EOF when reading a line
Ask me anything: An error occurred: EOF when reading a line
Ask me anything: An error occurred: EOF when reading a line
Ask me anything: An error occurred: EOF when reading a line
Ask me anything: An error occurred: EOF when reading a line
Ask me anything: An error occurred: EOF when reading a line
Ask me anything: An error occurred: EOF when reading a line
Ask me anything: An error occurred: EOF when reading a line
Ask me anything: An error occurred: EOF when reading a line
Ask me anything: An error occurred: EOF when reading a line
Ask me anything: An error occurred: EOF when reading a line
Ask me anything: An error occurred: EOF when reading a line
Ask me anything: An error occurred: EOF when reading a line
Ask me anything: An error occurred: EOF when reading a line
Ask me anything: An error occurred: EOF when reading a line
Ask me anything: An error occurred: EOF when reading a line
Ask me anything: An error occurred: EOF when reading a line
Ask me anything: An error occurred: EOF when reading a line
Ask me anything: An error occurred: EOF when reading a line
Ask me anything: An error occurred: EOF when reading a line
Ask me anything: An error occurred: EOF when reading a line
Ask me anything: An error occurred: EOF when reading a line
Ask me anything: An error occurred: EOF when reading a line
Ask me anything: An error occurred: EOF when reading a line
Ask me anything: An error occurred: EOF when reading a line
Ask me anything: An error occurred: EOF when reading a line
Ask me anything: An error occurred: EOF when reading a line
Ask me anything: An error occurred: EOF when reading a line
Ask me anything: An error occurred: EOF when reading a line
Ask me anything: An error occurred: EOF when reading a line
Ask me anything: An error occurred: EOF when reading a line
Ask me anything: An error occurred: EOF when reading a line
Ask me anything: An error occurred: EOF when reading a line
Ask me anything: An error occurred: EOF when reading a line
Ask me anything: An error occurred: EOF when reading a line
Ask me anything: An error occurred: EOF when reading a line
Ask me anything: An error occurred: EOF when reading a line
Ask me anything: An error occurred: EOF when reading a line
Ask me anything: An error occurred: EOF when reading a line
Ask me anything: An error occurred: EOF when reading a line
Ask me anything: An error occurred: EOF when reading a line
Ask me anything: An error occurred: EOF when reading a line
Ask me anything: An error occurred: EOF when reading a line
Ask me anything: An error occurred: EOF when reading a line
Ask me anything: An error occurred: EOF when reading a line
Ask me anything: An error occurred: EOF when reading a line
Ask me anything: An error occurred: EOF when reading a line
Ask me anything: An error occurred: EOF when reading a line
Ask me anything: An error occurred: EOF when reading a line
Ask me anything: An error occurred: EOF when reading a line
Ask me anything: An error occurred: EOF when reading a line
Ask me anything: An error occurred: EOF when reading a line
Ask me anything: An error occurred: EOF when reading a line
Ask me anything: An error occurred: EOF when reading a line
Ask me anything: An error occurred: EOF when reading a line
Ask me anything: An error occurred: EOF when reading a line
Ask me anything: An error occurred: EOF when reading a line
Ask me anything: An error occurred: EOF when reading a line
Ask me anything: An error occurred: EOF when reading a line
Ask me anything: An error occurred: EOF when reading a line
Ask me anything: An error occurred: EOF when reading a line
Ask me anything: An error occurred: EOF when reading a line
Ask me anything: An error occurred: EOF when reading a line
Ask me anything: An error occurred: EOF when reading a line
Ask me anything: An error occurred: EOF when reading a line
Ask me anything: An error occurred: EOF when reading a line
Ask me anything: An error occurred: EOF when reading a line
Ask me anything: An error occurred: EOF when reading a line
Ask me anything: An error occurred: EOF when reading a line
Ask me anything: An error occurred: EOF when reading a line
Ask me anything: An error occurred: EOF when reading a line
Ask me anything: An error occurred: EOF when reading a line
Ask me anything: An error occurred: EOF when reading a line
Ask me anything: An error occurred: EOF when reading a line
Ask me anything: An error occurred: EOF when reading a line
Ask me anything: An error occurred: EOF when reading a line
Ask me anything: An error occurred: EOF when reading a line
Ask me anything: An error occurred: EOF when reading a line
Ask me anything: An error occurred: EOF when reading a line
Ask me anything: An error occurred: EOF when reading a line
Ask me anything: An error occurred: EOF when reading a line
Ask me anything: An error occurred: EOF when reading a line
Ask me anything: An error occurred: EOF when reading a line
Ask me anything: An error occurred: EOF when reading a line
Ask me anything: An error occurred: EOF when reading a line
Ask me anything: An error occurred: EOF when reading a line
Ask me anything: An error occurred: EOF when reading a line
Ask me anything: An error occurred: EOF when reading a line
Ask me anything: An error occurred: EOF when reading a line
Ask me anything: An error occurred: EOF when reading a line
Ask me anything: An error occurred: EOF when reading a line
Ask me anything: An error occurred: EOF when reading a line
Ask me anything: An error occurred: EOF when reading a line
Ask me anything: An error occurred: EOF when reading a line
Ask me anything: An error occurred: EOF when reading a line
Ask me anything: An error occurred: EOF when reading a line
Ask me anything: An error occurred: EOF when reading a line
Ask me anything: An error occurred: EOF when reading a line
Ask me anything: An error occurred: EOF when reading a line
Ask me anything: An error occurred: EOF when reading a line
Ask me anything: An error occurred: EOF when reading a line
Ask me anything: An error occurred: EOF when reading a line
Ask me anything: An error occurred: EOF when reading a line
Ask me anything: An error occurred: EOF when reading a line
Ask me anything: An error occurred: EOF when reading a line
Ask me anything: An error occurred: EOF when reading a line
Ask me anything: An error occurred: EOF when reading a line
Ask me anything: An error occurred: EOF when reading a line
Ask me anything: An error occurred: EOF when reading a line
Ask me anything: An error occurred: EOF when reading a line
Ask me anything: An error occurred: EOF when reading a line
Ask me anything: An error occurred: EOF when reading a line
Ask me anything: An error occurred: EOF when reading a line
Ask me anything: An error occurred: EOF when reading a line
Ask me anything: An error occurred: EOF when reading a line
Ask me anything: An error occurred: EOF when reading a line
Ask me anything: An error occurred: EOF when reading a line
Ask me anything: An error occurred: EOF when reading a line
Ask me anything: An error occurred: EOF when reading a line
Ask me anything: An error occurred: EOF when reading a line
Ask me anything: An error occurred: EOF when reading a line
Ask me anything: An error occurred: EOF when reading a line
Ask me anything: An error occurred: EOF when reading a line
Ask me anything: An error occurred: EOF when reading a line
Ask me anything: An error occurred: EOF when reading a line
Ask me anything: An error occurred: EOF when reading a line
Ask me anything: An error occurred: EOF when reading a line
Ask me anything: An error occurred: EOF when reading a line
Ask me anything: An error occurred: EOF when reading a line
Ask me anything: An error occurred: EOF when reading a line
Ask me anything: An error occurred: EOF when reading a line
Ask me anything: An error occurred: EOF when reading a line
Ask me anything: An error occurred: EOF when reading a line
Ask me anything: An error occurred: EOF when reading a line
Ask me anything: An error occurred: EOF when reading a line
Ask me anything: An error occurred: EOF when reading a line
Ask me anything: An error occurred: EOF when reading a line
Ask me anything: An error occurred: EOF when reading a line
Ask me anything: An error occurred: EOF when reading a line
Ask me anything: An error occurred: EOF when reading a line
Ask me anything: An error occurred: EOF when reading a line
Ask me anything: An error occurred: EOF when reading a line
Ask me anything: An error occurred: EOF when reading a line
Ask me anything: An error occurred: EOF when reading a line
Ask me anything: An error occurred: EOF when reading a line
Ask me anything: An error occurred: EOF when reading a line
Ask me anything: An error occurred: EOF when reading a line
Ask me anything: An error occurred: EOF when reading a line
Ask me anything: An error occurred: EOF when reading a line
Ask me anything: An error occurred: EOF when reading a line
Ask me anything: An error occurred: EOF when reading a line
Ask me anything: An error occurred: EOF when reading a line
Ask me anything: An error occurred: EOF when reading a line
Ask me anything: An error occurred: EOF when reading a line
Ask me anything: An error occurred: EOF when reading a line
Ask me anything: An error occurred: EOF when reading a line
Ask me anything: An error occurred: EOF when reading a line
Ask me anything: An error occurred: EOF when reading a line
Ask me anything: An error occurred: EOF when reading a line
Ask me anything: An error occurred: EOF when reading a line
Ask me anything: An error occurred: EOF when reading a line
Ask me anything: An error occurred: EOF when reading a line
Ask me anything: An error occurred: EOF when reading a line
Ask me anything: An error occurred: EOF when reading a line
Ask me anything: An error occurred: EOF when reading a line
Ask me anything: An error occurred: EOF when reading a line
Ask me anything: An error occurred: EOF when reading a line
Ask me anything: An error occurred: EOF when reading a line
Ask me anything: An error occurred: EOF when reading a line
Ask me anything: An error occurred: EOF when reading a line
Ask me anything: An error occurred: EOF when reading a line
Ask me anything: An error occurred: EOF when reading a line
Ask me anything: An error occurred: EOF when reading a line
Ask me anything: An error occurred: EOF when reading a line
Ask me anything: An error occurred: EOF when reading a line
Ask me anything: An error occurred: EOF when reading a line
Ask me anything: An error occurred: EOF when reading a line
Ask me anything: An error occurred: EOF when reading a line
Ask me anything: An error occurred: EOF when reading a line
Ask me anything: An error occurred: EOF when reading a line
Ask me anything: An error occurred: EOF when reading a line
Ask me anything: An error occurred: EOF when reading a line
Ask me anything: An error occurred: EOF when reading a line
Ask me anything: An error occurred: EOF when reading a line
Ask me anything: An error occurred: EOF when reading a line
Ask me anything: An error occurred: EOF when reading a line
Ask me anything: An error occurred: EOF when reading a line
Ask me anything: An error occurred: EOF when reading a line
Ask me anything: An error occurred: EOF when reading a line
Ask me anything: An error occurred: EOF when reading a line
Ask me anything: An error occurred: EOF when reading a line
Ask me anything: An error occurred: EOF when reading a line
Ask me anything: An error occurred: EOF when reading a line
Ask me anything: An error occurred: EOF when reading a line
Ask me anything: An error occurred: EOF when reading a line
Ask me anything: An error occurred: EOF when reading a line
Ask me anything: An error occurred: EOF when reading a line
Ask me anything: An error occurred: EOF when reading a line
Ask me anything: An error occurred: EOF when reading a line
Ask me anything: An error occurred: EOF when reading a line
Ask me anything: An error occurred: EOF when reading a line
Ask me anything: An error occurred: EOF when reading a line
Ask me anything: An error occurred: EOF when reading a line
Ask me anything: An error occurred: EOF when reading a line
Ask me anything: An error occurred: EOF when reading a line
Ask me anything: An error occurred: EOF when reading a line
Ask me anything: An error occurred: EOF when reading a line
Ask me anything: An error occurred: EOF when reading a line
Ask me anything: An error occurred: EOF when reading a line
Ask me anything: An error occurred: EOF when reading a line
Ask me anything: An error occurred: EOF when reading a line
Ask me anything: An error occurred: EOF when reading a line
Ask me anything: An error occurred: EOF when reading a line
Ask me anything: An error occurred: EOF when reading a line
Ask me anything: An error occurred: EOF when reading a line
Ask me anything: An error occurred: EOF when reading a line
Ask me anything: An error occurred: EOF when reading a line
Ask me anything: An error occurred: EOF when reading a line
Ask me anything: An error occurred: EOF when reading a line
Ask me anything: An error occurred: EOF when reading a line
Ask me anything: An error occurred: EOF when reading a line
Ask me anything: An error occurred: EOF when reading a line
Ask me anything: An error occurred: EOF when reading a line
Ask me anything: An error occurred: EOF when reading a line
Ask me anything: An error occurred: EOF when reading a line
Ask me anything: An error occurred: EOF when reading a line
Ask me anything: An error occurred: EOF when reading a line
Ask me anything: An error occurred: EOF when reading a line
Ask me anything: An error occurred: EOF when reading a line
Ask me anything: An error occurred: EOF when reading a line
Ask me anything: An error occurred: EOF when reading a line
Ask me anything: An error occurred: EOF when reading a line
Ask me anything: An error occurred: EOF when reading a line
Ask me anything: An error occurred: EOF when reading a line
Ask me anything: An error occurred: EOF when reading a line
Ask me anything: An error occurred: EOF when reading a line
Ask me anything: An error occurred: EOF when reading a line
Ask me anything: An error occurred: EOF when reading a line
Ask me anything: An error occurred: EOF when reading a line
Ask me anything: An error occurred: EOF when reading a line
Ask me anything: An error occurred: EOF when reading a line
Ask me anything: An error occurred: EOF when reading a line
Ask me anything: An error occurred: EOF when reading a line
Ask me anything: An error occurred: EOF when reading a line
Ask me anything: An error occurred: EOF when reading a line
Ask me anything: An error occurred: EOF when reading a line
Ask me anything: An error occurred: EOF when reading a line
Ask me anything: An error occurred: EOF when reading a line
Ask me anything: An error occurred: EOF when reading a line
Ask me anything: An error occurred: EOF when reading a line
Ask me anything: An error occurred: EOF when reading a line
Ask me anything: An error occurred: EOF when reading a line
Ask me anything: An error occurred: EOF when reading a line
Ask me anything: An error occurred: EOF when reading a line
Ask me anything: An error occurred: EOF when reading a line
Ask me anything: An error occurred: EOF when reading a line
Ask me anything: An error occurred: EOF when reading a line
Ask me anything: An error occurred: EOF when reading a line
Ask me anything: An error occurred: EOF when reading a line
Ask me anything: An error occurred: EOF when reading a line
Ask me anything: An error occurred: EOF when reading a line
Ask me anything: An error occurred: EOF when reading a line
Ask me anything: An error occurred: EOF when reading a line
Ask me anything: An error occurred: EOF when reading a line
Ask me anything: An error occurred: EOF when reading a line
Ask me anything: An error occurred: EOF when reading a line
Ask me anything: An error occurred: EOF when reading a line
Ask me anything: An error occurred: EOF when reading a line
Ask me anything: An error occurred: EOF when reading a line
Ask me anything: An error occurred: EOF when reading a line
Ask me anything: An error occurred: EOF when reading a line
Ask me anything: An error occurred: EOF when reading a line
Ask me anything: An error occurred: EOF when reading a line
Ask me anything: An error occurred: EOF when reading a line
Ask me anything: An error occurred: EOF when reading a line
Ask me anything: An error occurred: EOF when reading a line
Ask me anything: An error occurred: EOF when reading a line
Ask me anything: An error occurred: EOF when reading a line
Ask me anything: An error occurred: EOF when reading a line
Ask me anything: An error occurred: EOF when reading a line
Ask me anything: An error occurred: EOF when reading a line
Ask me anything: An error occurred: EOF when reading a line
Ask me anything: An error occurred: EOF when reading a line
Ask me anything: An error occurred: EOF when reading a line
Ask me anything: An error occurred: EOF when reading a line
Ask me anything: An error occurred: EOF when reading a line
Ask me anything: An error occurred: EOF when reading a line
Ask me anything: An error occurred: EOF when reading a line
Ask me anything: An error occurred: EOF when reading a line
Ask me anything: An error occurred: EOF when reading a line
Ask me anything: An error occurred: EOF when reading a line
Ask me anything: An error occurred: EOF when reading a line
Ask me anything: An error occurred: EOF when reading a line
Ask me anything: An error occurred: EOF when reading a line
Ask me anything: An error occurred: EOF when reading a line
Ask me anything: An error occurred: EOF when reading a line
Ask me anything: An error occurred: EOF when reading a line
Ask me anything: An error occurred: EOF when reading a line
Ask me anything: An error occurred: EOF when reading a line
Ask me anything: An error occurred: EOF when reading a line
Ask me anything: An error occurred: EOF when reading a line
Ask me anything: An error occurred: EOF when reading a line
Ask me anything: An error occurred: EOF when reading a line
Ask me anything: An error occurred: EOF when reading a line
Ask me anything: An error occurred: EOF when reading a line
Ask me anything: An error occurred: EOF when reading a line
Ask me anything: An error occurred: EOF when reading a line
Ask me anything: An error occurred: EOF when reading a line
Ask me anything: An error occurred: EOF when reading a line
Ask me anything: An error occurred: EOF when reading a line
Ask me anything: An error occurred: EOF when reading a line
Ask me anything: An error occurred: EOF when reading a line
Ask me anything: An error occurred: EOF when reading a line
Ask me anything: An error occurred: EOF when reading a line
Ask me anything: An error occurred: EOF when reading a line
Ask me anything: An error occurred: EOF when reading a line
Ask me anything: An error occurred: EOF when reading a line
Ask me anything: An error occurred: EOF when reading a line
Ask me anything: An error occurred: EOF when reading a line
Ask me anything: An error occurred: EOF when reading a line
Ask me anything: An error occurred: EOF when reading a line
Ask me anything: An error occurred: EOF when reading a line
Ask me anything: An error occurred: EOF when reading a line
Ask me anything: An error occurred: EOF when reading a line
Ask me anything: An error occurred: EOF when reading a line
Ask me anything: An error occurred: EOF when reading a line
Ask me anything: An error occurred: EOF when reading a line
Ask me anything: An error occurred: EOF when reading a line
Ask me anything: An error occurred: EOF when reading a line
Ask me anything: An error occurred: EOF when reading a line
Ask me anything: An error occurred: EOF when reading a line
Ask me anything: An error occurred: EOF when reading a line
Ask me anything: An error occurred: EOF when reading a line
Ask me anything: An error occurred: EOF when reading a line
Ask me anything: An error occurred: EOF when reading a line
Ask me anything: An error occurred: EOF when reading a line
Ask me anything: An error occurred: EOF when reading a line
Ask me anything: An error occurred: EOF when reading a line
Ask me anything: An error occurred: EOF when reading a line
Ask me anything: An error occurred: EOF when reading a line
Ask me anything: An error occurred: EOF when reading a line
Ask me anything: An error occurred: EOF when reading a line
Ask me anything: An error occurred: EOF when reading a line
Ask me anything: An error occurred: EOF when reading a line
Ask me anything: An error occurred: EOF when reading a line
Ask me anything: An error occurred: EOF when reading a line
Ask me anything: An error occurred: EOF when reading a line
Ask me anything: An error occurred: EOF when reading a line
Ask me anything: An error occurred: EOF when reading a line
Ask me anything: An error occurred: EOF when reading a line
Ask me anything: An error occurred: EOF when reading a line
Ask me anything: An error occurred: EOF when reading a line
Ask me anything: An error occurred: EOF when reading a line
Ask me anything: An error occurred: EOF when reading a line
Ask me anything: An error occurred: EOF when reading a line
Ask me anything: An error occurred: EOF when reading a line
Ask me anything: An error occurred: EOF when reading a line
Ask me anything: An error occurred: EOF when reading a line
Ask me anything: An error occurred: EOF when reading a line
Ask me anything: An error occurred: EOF when reading a line
Ask me anything: An error occurred: EOF when reading a line
Ask me anything: An error occurred: EOF when reading a line
Ask me anything: An error occurred: EOF when reading a line
Ask me anything: An error occurred: EOF when reading a line
Ask me anything: An error occurred: EOF when reading a line
Ask me anything: An error occurred: EOF when reading a line
Ask me anything: An error occurred: EOF when reading a line
Ask me anything: An error occurred: EOF when reading a line
Ask me anything: An error occurred: EOF when reading a line
Ask me anything: An error occurred: EOF when reading a line
Ask me anything: An error occurred: EOF when reading a line
Ask me anything: An error occurred: EOF when reading a line
Ask me anything: An error occurred: EOF when reading a line
Ask me anything: An error occurred: EOF when reading a line
Ask me anything: An error occurred: EOF when reading a line
Ask me anything: An error occurred: EOF when reading a line
Ask me anything: An error occurred: EOF when reading a line
Ask me anything: An error occurred: EOF when reading a line
Ask me anything: An error occurred: EOF when reading a line
Ask me anything: An error occurred: EOF when reading a line
Ask me anything: An error occurred: EOF when reading a line
Ask me anything: An error occurred: EOF when reading a line
Ask me anything: An error occurred: EOF when reading a line
Ask me anything: An error occurred: EOF when reading a line
Ask me anything: An error occurred: EOF when reading a line
Ask me anything: An error occurred: EOF when reading a line
Ask me anything: An error occurred: EOF when reading a line
Ask me anything: An error occurred: EOF when reading a line
Ask me anything: An error occurred: EOF when reading a line
Ask me anything: An error occurred: EOF when reading a line
Ask me anything: An error occurred: EOF when reading a line
Ask me anything: An error occurred: EOF when reading a line
Ask me anything: An error occurred: EOF when reading a line
Ask me anything: An error occurred: EOF when reading a line
Ask me anything: An error occurred: EOF when reading a line
Ask me anything: An error occurred: EOF when reading a line
Ask me anything: An error occurred: EOF when reading a line
Ask me anything: An error occurred: EOF when reading a line
Ask me anything: An error occurred: EOF when reading a line
Ask me anything: An error occurred: EOF when reading a line
Ask me anything: An error occurred: EOF when reading a line
Ask me anything: An error occurred: EOF when reading a line
Ask me anything: An error occurred: EOF when reading a line
Ask me anything: An error occurred: EOF when reading a line
Ask me anything: An error occurred: EOF when reading a line
Ask me anything: An error occurred: EOF when reading a line
Ask me anything: An error occurred: EOF when reading a line
Ask me anything: An error occurred: EOF when reading a line
Ask me anything: An error occurred: EOF when reading a line
Ask me anything: An error occurred: EOF when reading a line
Ask me anything: An error occurred: EOF when reading a line
Ask me anything: An error occurred: EOF when reading a line
Ask me anything: An error occurred: EOF when reading a line
Ask me anything: An error occurred: EOF when reading a line
Ask me anything: An error occurred: EOF when reading a line
Ask me anything: An error occurred: EOF when reading a line
Ask me anything: An error occurred: EOF when reading a line
Ask me anything: An error occurred: EOF when reading a line
Ask me anything: An error occurred: EOF when reading a line
Ask me anything: An error occurred: EOF when reading a line
Ask me anything: An error occurred: EOF when reading a line
Ask me anything: An error occurred: EOF when reading a line
Ask me anything: An error occurred: EOF when reading a line
Ask me anything: An error occurred: EOF when reading a line
Ask me anything: An error occurred: EOF when reading a line
Ask me anything: An error occurred: EOF when reading a line
Ask me anything: An error occurred: EOF when reading a line
Ask me anything: An error occurred: EOF when reading a line
Ask me anything: An error occurred: EOF when reading a line
Ask me anything: An error occurred: EOF when reading a line
Ask me anything: An error occurred: EOF when reading a line
Ask me anything: An error occurred: EOF when reading a line
Ask me anything: An error occurred: EOF when reading a line
Ask me anything: An error occurred: EOF when reading a line
Ask me anything: An error occurred: EOF when reading a line
Ask me anything: An error occurred: EOF when reading a line
Ask me anything: An error occurred: EOF when reading a line
Ask me anything: An error occurred: EOF when reading a line
Ask me anything: An error occurred: EOF when reading a line
Ask me anything: An error occurred: EOF when reading a line
Ask me anything: An error occurred: EOF when reading a line
Ask me anything: An error occurred: EOF when reading a line
Ask me anything: An error occurred: EOF when reading a line
Ask me anything: An error occurred: EOF when reading a line
Ask me anything: An error occurred: EOF when reading a line
Ask me anything: An error occurred: EOF when reading a line
Ask me anything: An error occurred: EOF when reading a line
Ask me anything: An error occurred: EOF when reading a line
Ask me anything: An error occurred: EOF when reading a line
Ask me anything: An error occurred: EOF when reading a line
Ask me anything: An error occurred: EOF when reading a line
Ask me anything: An error occurred: EOF when reading a line
Ask me anything: An error occurred: EOF when reading a line
Ask me anything: An error occurred: EOF when reading a line
Ask me anything: An error occurred: EOF when reading a line
Ask me anything: An error occurred: EOF when reading a line
Ask me anything: An error occurred: EOF when reading a line
Ask me anything: An error occurred: EOF when reading a line
Ask me anything: An error occurred: EOF when reading a line
Ask me anything: An error occurred: EOF when reading a line
Ask me anything: An error occurred: EOF when reading a line
Ask me anything: An error occurred: EOF when reading a line
Ask me anything: An error occurred: EOF when reading a line
Ask me anything: An error occurred: EOF when reading a line
Ask me anything: An error occurred: EOF when reading a line
Ask me anything: An error occurred: EOF when reading a line
Ask me anything: An error occurred: EOF when reading a line
Ask me anything: An error occurred: EOF when reading a line
Ask me anything: An error occurred: EOF when reading a line
Ask me anything: An error occurred: EOF when reading a line
Ask me anything: An error occurred: EOF when reading a line
Ask me anything: An error occurred: EOF when reading a line
Ask me anything: An error occurred: EOF when reading a line
Ask me anything: An error occurred: EOF when reading a line
Ask me anything: An error occurred: EOF when reading a line
Ask me anything: An error occurred: EOF when reading a line
Ask me anything: An error occurred: EOF when reading a line
Ask me anything: An error occurred: EOF when reading a line
Ask me anything: An error occurred: EOF when reading a line
Ask me anything: An error occurred: EOF when reading a line
Ask me anything: An error occurred: EOF when reading a line
Ask me anything: An error occurred: EOF when reading a line
Ask me anything: An error occurred: EOF when reading a line
Ask me anything: An error occurred: EOF when reading a line
Ask me anything: An error occurred: EOF when reading a line
Ask me anything: An error occurred: EOF when reading a line
Ask me anything: An error occurred: EOF when reading a line
Ask me anything: An error occurred: EOF when reading a line
Ask me anything: An error occurred: EOF when reading a line
Ask me anything: An error occurred: EOF when reading a line
Ask me anything: An error occurred: EOF when reading a line
Ask me anything: An error occurred: EOF when reading a line
Ask me anything: An error occurred: EOF when reading a line
Ask me anything: An error occurred: EOF when reading a line
Ask me anything: An error occurred: EOF when reading a line
Ask me anything: An error occurred: EOF when reading a line
Ask me anything: An error occurred: EOF when reading a line
Ask me anything: An error occurred: EOF when reading a line
Ask me anything: An error occurred: EOF when reading a line
Ask me anything: An error occurred: EOF when reading a line
Ask me anything: An error occurred: EOF when reading a line
Ask me anything: An error occurred: EOF when reading a line
Ask me anything: An error occurred: EOF when reading a line
Ask me anything: An error occurred: EOF when reading a line
Ask me anything: An error occurred: EOF when reading a line
Ask me anything: An error occurred: EOF when reading a line
Ask me anything: An error occurred: EOF when reading a line
Ask me anything: An error occurred: EOF when reading a line
Ask me anything: An error occurred: EOF when reading a line
Ask me anything: An error occurred: EOF when reading a line
Ask me anything: An error occurred: EOF when reading a line
Ask me anything: An error occurred: EOF when reading a line
Ask me anything: An error occurred: EOF when reading a line
Ask me anything: An error occurred: EOF when reading a line
Ask me anything: An error occurred: EOF when reading a line
Ask me anything: An error occurred: EOF when reading a line
Ask me anything: An error occurred: EOF when reading a line
Ask me anything: An error occurred: EOF when reading a line
Ask me anything: An error occurred: EOF when reading a line
Ask me anything: An error occurred: EOF when reading a line
Ask me anything: An error occurred: EOF when reading a line
Ask me anything: An error occurred: EOF when reading a line
Ask me anything: An error occurred: EOF when reading a line
Ask me anything: An error occurred: EOF when reading a line
Ask me anything: An error occurred: EOF when reading a line
Ask me anything: An error occurred: EOF when reading a line
Ask me anything: An error occurred: EOF when reading a line
Ask me anything: An error occurred: EOF when reading a line
Ask me anything: An error occurred: EOF when reading a line
Ask me anything: An error occurred: EOF when reading a line
Ask me anything: An error occurred: EOF when reading a line
Ask me anything: An error occurred: EOF when reading a line
Ask me anything: An error occurred: EOF when reading a line
Ask me anything: An error occurred: EOF when reading a line
Ask me anything: An error occurred: EOF when reading a line
Ask me anything: An error occurred: EOF when reading a line
Ask me anything: An error occurred: EOF when reading a line
Ask me anything: An error occurred: EOF when reading a line
Ask me anything: An error occurred: EOF when reading a line
Ask me anything: An error occurred: EOF when reading a line
Ask me anything: An error occurred: EOF when reading a line
Ask me anything: An error occurred: EOF when reading a line
Ask me anything: An error occurred: EOF when reading a line
Ask me anything: An error occurred: EOF when reading a line
Ask me anything: An error occurred: EOF when reading a line
Ask me anything: An error occurred: EOF when reading a line
Ask me anything: An error occurred: EOF when reading a line
Ask me anything: An error occurred: EOF when reading a line
Ask me anything: An error occurred: EOF when reading a line
Ask me anything: An error occurred: EOF when reading a line
Ask me anything: An error occurred: EOF when reading a line
Ask me anything: An error occurred: EOF when reading a line
Ask me anything: An error occurred: EOF when reading a line
Ask me anything: An error occurred: EOF when reading a line
Ask me anything: An error occurred: EOF when reading a line
Ask me anything: An error occurred: EOF when reading a line
Ask me anything: An error occurred: EOF when reading a line
Ask me anything: An error occurred: EOF when reading a line
Ask me anything: An error occurred: EOF when reading a line
Ask me anything: An error occurred: EOF when reading a line
Ask me anything: An error occurred: EOF when reading a line
Ask me anything: An error occurred: EOF when reading a line
Ask me anything: An error occurred: EOF when reading a line
Ask me anything: An error occurred: EOF when reading a line
Ask me anything: An error occurred: EOF when reading a line
Ask me anything: An error occurred: EOF when reading a line
Ask me anything: An error occurred: EOF when reading a line
Ask me anything: An error occurred: EOF when reading a line
Ask me anything: An error occurred: EOF when reading a line
Ask me anything: An error occurred: EOF when reading a line
Ask me anything: An error occurred: EOF when reading a line
Ask me anything: An error occurred: EOF when reading a line
Ask me anything: An error occurred: EOF when reading a line
Ask me anything: An error occurred: EOF when reading a line
Ask me anything: An error occurred: EOF when reading a line
Ask me anything: An error occurred: EOF when reading a line
Ask me anything: An error occurred: EOF when reading a line
Ask me anything: An error occurred: EOF when reading a line
Ask me anything: An error occurred: EOF when reading a line
Ask me anything: An error occurred: EOF when reading a line
Ask me anything: An error occurred: EOF when reading a line
Ask me anything: An error occurred: EOF when reading a line
Ask me anything: An error occurred: EOF when reading a line
Ask me anything: An error occurred: EOF when reading a line
Ask me anything: An error occurred: EOF when reading a line
Ask me anything: An error occurred: EOF when reading a line
Ask me anything: An error occurred: EOF when reading a line
Ask me anything: An error occurred: EOF when reading a line
Ask me anything: An error occurred: EOF when reading a line
Ask me anything: An error occurred: EOF when reading a line
Ask me anything: An error occurred: EOF when reading a line
Ask me anything: An error occurred: EOF when reading a line
Ask me anything: An error occurred: EOF when reading a line
Ask me anything: An error occurred: EOF when reading a line
Ask me anything: An error occurred: EOF when reading a line
Ask me anything: An error occurred: EOF when reading a line
Ask me anything: An error occurred: EOF when reading a line
Ask me anything: An error occurred: EOF when reading a line
Ask me anything: An error occurred: EOF when reading a line
Ask me anything: An error occurred: EOF when reading a line
Ask me anything: An error occurred: EOF when reading a line
Ask me anything: An error occurred: EOF when reading a line
Ask me anything: An error occurred: EOF when reading a line
Ask me anything: An error occurred: EOF when reading a line
Ask me anything: An error occurred: EOF when reading a line
Ask me anything: An error occurred: EOF when reading a line
Ask me anything: An error occurred: EOF when reading a line
Ask me anything: An error occurred: EOF when reading a line
Ask me anything: An error occurred: EOF when reading a line
Ask me anything: An error occurred: EOF when reading a line
Ask me anything: An error occurred: EOF when reading a line
Ask me anything: An error occurred: EOF when reading a line
Ask me anything: An error occurred: EOF when reading a line
Ask me anything: An error occurred: EOF when reading a line
Ask me anything: An error occurred: EOF when reading a line
Ask me anything: An error occurred: EOF when reading a line
Ask me anything: An error occurred: EOF when reading a line
Ask me anything: An error occurred: EOF when reading a line
Ask me anything: An error occurred: EOF when reading a line
Ask me anything: An error occurred: EOF when reading a line
Ask me anything: An error occurred: EOF when reading a line
Ask me anything: An error occurred: EOF when reading a line
Ask me anything: An error occurred: EOF when reading a line
Ask me anything: An error occurred: EOF when reading a line
Ask me anything: An error occurred: EOF when reading a line
Ask me anything: An error occurred: EOF when reading a line
Ask me anything: An error occurred: EOF when reading a line
Ask me anything: An error occurred: EOF when reading a line
Ask me anything: An error occurred: EOF when reading a line
Ask me anything: An error occurred: EOF when reading a line
Ask me anything: An error occurred: EOF when reading a line
Ask me anything: An error occurred: EOF when reading a line
Ask me anything: An error occurred: EOF when reading a line
Ask me anything: An error occurred: EOF when reading a line
Ask me anything: An error occurred: EOF when reading a line
Ask me anything: An error occurred: EOF when reading a line
Ask me anything: An error occurred: EOF when reading a line
Ask me anything: An error occurred: EOF when reading a line
Ask me anything: An error occurred: EOF when reading a line
Ask me anything: An error occurred: EOF when reading a line
Ask me anything: An error occurred: EOF when reading a line
Ask me anything: An error occurred: EOF when reading a line
Ask me anything: An error occurred: EOF when reading a line
Ask me anything: An error occurred: EOF when reading a line
Ask me anything: An error occurred: EOF when reading a line
Ask me anything: An error occurred: EOF when reading a line
Ask me anything: An error occurred: EOF when reading a line
Ask me anything: An error occurred: EOF when reading a line
Ask me anything: An error occurred: EOF when reading a line
Ask me anything: An error occurred: EOF when reading a line
Ask me anything: An error occurred: EOF when reading a line
Ask me anything: An error occurred: EOF when reading a line
Ask me anything: An error occurred: EOF when reading a line
Ask me anything: An error occurred: EOF when reading a line
Ask me anything: An error occurred: EOF when reading a line
Ask me anything: An error occurred: EOF when reading a line
Ask me anything: An error occurred: EOF when reading a line
Ask me anything: An error occurred: EOF when reading a line
Ask me anything: An error occurred: EOF when reading a line
Ask me anything: An error occurred: EOF when reading a line
Ask me anything: An error occurred: EOF when reading a line
Ask me anything: An error occurred: EOF when reading a line
Ask me anything: An error occurred: EOF when reading a line
Ask me anything: An error occurred: EOF when reading a line
Ask me anything: An error occurred: EOF when reading a line
Ask me anything: An error occurred: EOF when reading a line
Ask me anything: An error occurred: EOF when reading a line
Ask me anything: An error occurred: EOF when reading a line
Ask me anything: An error occurred: EOF when reading a line
Ask me anything: An error occurred: EOF when reading a line
Ask me anything: An error occurred: EOF when reading a line
Ask me anything: An error occurred: EOF when reading a line
Ask me anything: An error occurred: EOF when reading a line
Ask me anything: An error occurred: EOF when reading a line
Ask me anything: An error occurred: EOF when reading a line
Ask me anything: An error occurred: EOF when reading a line
Ask me anything: An error occurred: EOF when reading a line
Ask me anything: An error occurred: EOF when reading a line
Ask me anything: An error occurred: EOF when reading a line
Ask me anything: An error occurred: EOF when reading a line
Ask me anything: An error occurred: EOF when reading a line
Ask me anything: An error occurred: EOF when reading a line
Ask me anything: An error occurred: EOF when reading a line
Ask me anything: An error occurred: EOF when reading a line
Ask me anything: An error occurred: EOF when reading a line
Ask me anything: An error occurred: EOF when reading a line
Ask me anything: An error occurred: EOF when reading a line
Ask me anything: An error occurred: EOF when reading a line
Ask me anything: An error occurred: EOF when reading a line
Ask me anything: An error occurred: EOF when reading a line
Ask me anything: An error occurred: EOF when reading a line
Ask me anything: An error occurred: EOF when reading a line
Ask me anything: An error occurred: EOF when reading a line
Ask me anything: An error occurred: EOF when reading a line
Ask me anything: An error occurred: EOF when reading a line
Ask me anything: An error occurred: EOF when reading a line
Ask me anything: An error occurred: EOF when reading a line
Ask me anything: An error occurred: EOF when reading a line
Ask me anything: An error occurred: EOF when reading a line
Ask me anything: An error occurred: EOF when reading a line
Ask me anything: An error occurred: EOF when reading a line
Ask me anything: An error occurred: EOF when reading a line
Ask me anything: An error occurred: EOF when reading a line
Ask me anything: An error occurred: EOF when reading a line
Ask me anything: An error occurred: EOF when reading a line
Ask me anything: An error occurred: EOF when reading a line
Ask me anything: An error occurred: EOF when reading a line
Ask me anything: An error occurred: EOF when reading a line
Ask me anything: An error occurred: EOF when reading a line
Ask me anything: An error occurred: EOF when reading a line
Ask me anything: An error occurred: EOF when reading a line
Ask me anything: An error occurred: EOF when reading a line
Ask me anything: An error occurred: EOF when reading a line
Ask me anything: An error occurred: EOF when reading a line
Ask me anything: An error occurred: EOF when reading a line
Ask me anything: An error occurred: EOF when reading a line
Ask me anything: An error occurred: EOF when reading a line
Ask me anything: An error occurred: EOF when reading a line
Ask me anything: An error occurred: EOF when reading a line
Ask me anything: An error occurred: EOF when reading a line
Ask me anything: An error occurred: EOF when reading a line
Ask me anything: An error occurred: EOF when reading a line
Ask me anything: An error occurred: EOF when reading a line
Ask me anything: An error occurred: EOF when reading a line
Ask me anything: An error occurred: EOF when reading a line
Ask me anything: An error occurred: EOF when reading a line
Ask me anything: An error occurred: EOF when reading a line
Ask me anything: An error occurred: EOF when reading a line
Ask me anything: An error occurred: EOF when reading a line
Ask me anything: An error occurred: EOF when reading a line
Ask me anything: An error occurred: EOF when reading a line
Ask me anything: An error occurred: EOF when reading a line
Ask me anything: An error occurred: EOF when reading a line
Ask me anything: An error occurred: EOF when reading a line
Ask me anything: An error occurred: EOF when reading a line
Ask me anything: An error occurred: EOF when reading a line
Ask me anything: An error occurred: EOF when reading a line
Ask me anything: An error occurred: EOF when reading a line
Ask me anything: An error occurred: EOF when reading a line
Ask me anything: An error occurred: EOF when reading a line
Ask me anything: An error occurred: EOF when reading a line
Ask me anything: An error occurred: EOF when reading a line
Ask me anything: An error occurred: EOF when reading a line
Ask me anything: An error occurred: EOF when reading a line
Ask me anything: An error occurred: EOF when reading a line
Ask me anything: An error occurred: EOF when reading a line
Ask me anything: An error occurred: EOF when reading a line
Ask me anything: An error occurred: EOF when reading a line
Ask me anything: An error occurred: EOF when reading a line
Ask me anything: An error occurred: EOF when reading a line
Ask me anything: An error occurred: EOF when reading a line
Ask me anything: An error occurred: EOF when reading a line
Ask me anything: An error occurred: EOF when reading a line
Ask me anything: An error occurred: EOF when reading a line
Ask me anything: An error occurred: EOF when reading a line
Ask me anything: An error occurred: EOF when reading a line
Ask me anything: An error occurred: EOF when reading a line
Ask me anything: An error occurred: EOF when reading a line
Ask me anything: An error occurred: EOF when reading a line
Ask me anything: An error occurred: EOF when reading a line
Ask me anything: An error occurred: EOF when reading a line
Ask me anything: An error occurred: EOF when reading a line
Ask me anything: An error occurred: EOF when reading a line
Ask me anything: An error occurred: EOF when reading a line
Ask me anything: An error occurred: EOF when reading a line
Ask me anything: An error occurred: EOF when reading a line
Ask me anything: An error occurred: EOF when reading a line
Ask me anything: An error occurred: EOF when reading a line
Ask me anything: An error occurred: EOF when reading a line
Ask me anything: An error occurred: EOF when reading a line
Ask me anything: An error occurred: EOF when reading a line
Ask me anything: An error occurred: EOF when reading a line
Ask me anything: An error occurred: EOF when reading a line
Ask me anything: An error occurred: EOF when reading a line
Ask me anything: An error occurred: EOF when reading a line
Ask me anything: An error occurred: EOF when reading a line
Ask me anything: An error occurred: EOF when reading a line
Ask me anything: An error occurred: EOF when reading a line
Ask me anything: An error occurred: EOF when reading a line
Ask me anything: An error occurred: EOF when reading a line
Ask me anything: An error occurred: EOF when reading a line
Ask me anything: An error occurred: EOF when reading a line
Ask me anything: An error occurred: EOF when reading a line
Ask me anything: An error occurred: EOF when reading a line
Ask me anything: An error occurred: EOF when reading a line
Ask me anything: An error occurred: EOF when reading a line
Ask me anything: An error occurred: EOF when reading a line
Ask me anything: An error occurred: EOF when reading a line
Ask me anything: An error occurred: EOF when reading a line
Ask me anything: An error occurred: EOF when reading a line
Ask me anything: An error occurred: EOF when reading a line
Ask me anything: An error occurred: EOF when reading a line
Ask me anything: An error occurred: EOF when reading a line
Ask me anything: An error occurred: EOF when reading a line
Ask me anything: An error occurred: EOF when reading a line
Ask me anything: An error occurred: EOF when reading a line
Ask me anything: An error occurred: EOF when reading a line
Ask me anything: An error occurred: EOF when reading a line
Ask me anything: An error occurred: EOF when reading a line
Ask me anything: An error occurred: EOF when reading a line
Ask me anything: An error occurred: EOF when reading a line
Ask me anything: An error occurred: EOF when reading a line
Ask me anything: An error occurred: EOF when reading a line
Ask me anything: An error occurred: EOF when reading a line
Ask me anything: An error occurred: EOF when reading a line
Ask me anything: An error occurred: EOF when reading a line
Ask me anything: An error occurred: EOF when reading a line
Ask me anything: An error occurred: EOF when reading a line
Ask me anything: An error occurred: EOF when reading a line
Ask me anything: An error occurred: EOF when reading a line
Ask me anything: An error occurred: EOF when reading a line
Ask me anything: An error occurred: EOF when reading a line
Ask me anything: An error occurred: EOF when reading a line
Ask me anything: An error occurred: EOF when reading a line
Ask me anything: An error occurred: EOF when reading a line
Ask me anything: An error occurred: EOF when reading a line
Ask me anything: An error occurred: EOF when reading a line
Ask me anything: An error occurred: EOF when reading a line
Ask me anything: An error occurred: EOF when reading a line
Ask me anything: An error occurred: EOF when reading a line
Ask me anything: An error occurred: EOF when reading a line
Ask me anything: An error occurred: EOF when reading a line
Ask me anything: An error occurred: EOF when reading a line
Ask me anything: An error occurred: EOF when reading a line
Ask me anything: An error occurred: EOF when reading a line
Ask me anything: An error occurred: EOF when reading a line
Ask me anything: An error occurred: EOF when reading a line
Ask me anything: An error occurred: EOF when reading a line
Ask me anything: An error occurred: EOF when reading a line
Ask me anything: An error occurred: EOF when reading a line
Ask me anything: An error occurred: EOF when reading a line
Ask me anything: An error occurred: EOF when reading a line
Ask me anything: An error occurred: EOF when reading a line
Ask me anything: An error occurred: EOF when reading a line
Ask me anything: An error occurred: EOF when reading a line
Ask me anything: An error occurred: EOF when reading a line
Ask me anything: An error occurred: EOF when reading a line
Ask me anything: An error occurred: EOF when reading a line
Ask me anything: An error occurred: EOF when reading a line
Ask me anything: An error occurred: EOF when reading a line
Ask me anything: An error occurred: EOF when reading a line
Ask me anything: An error occurred: EOF when reading a line
Ask me anything: An error occurred: EOF when reading a line
Ask me anything: An error occurred: EOF when reading a line
Ask me anything: An error occurred: EOF when reading a line
Ask me anything: An error occurred: EOF when reading a line
Ask me anything: An error occurred: EOF when reading a line
Ask me anything: An error occurred: EOF when reading a line
Ask me anything: An error occurred: EOF when reading a line
Ask me anything: An error occurred: EOF when reading a line
Ask me anything: An error occurred: EOF when reading a line
Ask me anything: An error occurred: EOF when reading a line
Ask me anything: An error occurred: EOF when reading a line
Ask me anything: An error occurred: EOF when reading a line
Ask me anything: An error occurred: EOF when reading a line
Ask me anything: An error occurred: EOF when reading a line
Ask me anything: An error occurred: EOF when reading a line
Ask me anything: An error occurred: EOF when reading a line
Ask me anything: An error occurred: EOF when reading a line
Ask me anything: An error occurred: EOF when reading a line
Ask me anything: An error occurred: EOF when reading a line
Ask me anything: An error occurred: EOF when reading a line
Ask me anything: An error occurred: EOF when reading a line
Ask me anything: An error occurred: EOF when reading a line
Ask me anything: An error occurred: EOF when reading a line
Ask me anything: An error occurred: EOF when reading a line
Ask me anything: An error occurred: EOF when reading a line
Ask me anything: An error occurred: EOF when reading a line
Ask me anything: An error occurred: EOF when reading a line
Ask me anything: An error occurred: EOF when reading a line
Ask me anything: An error occurred: EOF when reading a line
Ask me anything: An error occurred: EOF when reading a line
Ask me anything: An error occurred: EOF when reading a line
Ask me anything: An error occurred: EOF when reading a line
Ask me anything: An error occurred: EOF when reading a line
Ask me anything: An error occurred: EOF when reading a line
Ask me anything: An error occurred: EOF when reading a line
Ask me anything: An error occurred: EOF when reading a line
Ask me anything: An error occurred: EOF when reading a line
Ask me anything: An error occurred: EOF when reading a line
Ask me anything: An error occurred: EOF when reading a line
Ask me anything: An error occurred: EOF when reading a line
Ask me anything: An error occurred: EOF when reading a line
Ask me anything: An error occurred: EOF when reading a line
Ask me anything: An error occurred: EOF when reading a line
Ask me anything: An error occurred: EOF when reading a line
Ask me anything: An error occurred: EOF when reading a line
Ask me anything: An error occurred: EOF when reading a line
Ask me anything: An error occurred: EOF when reading a line
Ask me anything: An error occurred: EOF when reading a line
Ask me anything: An error occurred: EOF when reading a line
Ask me anything: An error occurred: EOF when reading a line
Ask me anything: An error occurred: EOF when reading a line
Ask me anything: An error occurred: EOF when reading a line
Ask me anything: An error occurred: EOF when reading a line
Ask me anything: An error occurred: EOF when reading a line
Ask me anything: An error occurred: EOF when reading a line
Ask me anything: An error occurred: EOF when reading a line
Ask me anything: An error occurred: EOF when reading a line
Ask me anything: An error occurred: EOF when reading a line
Ask me anything: An error occurred: EOF when reading a line
Ask me anything: An error occurred: EOF when reading a line
Ask me anything: An error occurred: EOF when reading a line
Ask me anything: An error occurred: EOF when reading a line
Ask me anything: An error occurred: EOF when reading a line
Ask me anything: An error occurred: EOF when reading a line
Ask me anything: An error occurred: EOF when reading a line
Ask me anything: An error occurred: EOF when reading a line
Ask me anything: An error occurred: EOF when reading a line
Ask me anything: An error occurred: EOF when reading a line
Ask me anything: An error occurred: EOF when reading a line
Ask me anything: An error occurred: EOF when reading a line
Ask me anything: An error occurred: EOF when reading a line
Ask me anything: An error occurred: EOF when reading a line
Ask me anything: An error occurred: EOF when reading a line
Ask me anything: An error occurred: EOF when reading a line
Ask me anything: An error occurred: EOF when reading a line
Ask me anything: An error occurred: EOF when reading a line
Ask me anything: An error occurred: EOF when reading a line
Ask me anything: An error occurred: EOF when reading a line
Ask me anything: An error occurred: EOF when reading a line
Ask me anything: An error occurred: EOF when reading a line
Ask me anything: An error occurred: EOF when reading a line
Ask me anything: An error occurred: EOF when reading a line
Ask me anything: An error occurred: EOF when reading a line
Ask me anything: An error occurred: EOF when reading a line
Ask me anything: An error occurred: EOF when reading a line
Ask me anything: An error occurred: EOF when reading a line
Ask me anything: An error occurred: EOF when reading a line
Ask me anything: An error occurred: EOF when reading a line
Ask me anything: An error occurred: EOF when reading a line
Ask me anything: An error occurred: EOF when reading a line
Ask me anything: An error occurred: EOF when reading a line
Ask me anything: An error occurred: EOF when reading a line
Ask me anything: An error occurred: EOF when reading a line
Ask me anything: An error occurred: EOF when reading a line
Ask me anything: An error occurred: EOF when reading a line
Ask me anything: An error occurred: EOF when reading a line
Ask me anything: An error occurred: EOF when reading a line
Ask me anything: An error occurred: EOF when reading a line
Ask me anything: An error occurred: EOF when reading a line
Ask me anything: An error occurred: EOF when reading a line
Ask me anything: An error occurred: EOF when reading a line
Ask me anything: An error occurred: EOF when reading a line
Ask me anything: An error occurred: EOF when reading a line
Ask me anything: An error occurred: EOF when reading a line
Ask me anything: An error occurred: EOF when reading a line
Ask me anything: An error occurred: EOF when reading a line
Ask me anything: An error occurred: EOF when reading a line
Ask me anything: An error occurred: EOF when reading a line
Ask me anything: An error occurred: EOF when reading a line
Ask me anything: An error occurred: EOF when reading a line
Ask me anything: An error occurred: EOF when reading a line
Ask me anything: An error occurred: EOF when reading a line
Ask me anything: An error occurred: EOF when reading a line
Ask me anything: An error occurred: EOF when reading a line
Ask me anything: An error occurred: EOF when reading a line
Ask me anything: An error occurred: EOF when reading a line
Ask me anything: An error occurred: EOF when reading a line
Ask me anything: An error occurred: EOF when reading a line
Ask me anything: An error occurred: EOF when reading a line
Ask me anything: An error occurred: EOF when reading a line
Ask me anything: An error occurred: EOF when reading a line
Ask me anything: An error occurred: EOF when reading a line
Ask me anything: An error occurred: EOF when reading a line
Ask me anything: An error occurred: EOF when reading a line
Ask me anything: An error occurred: EOF when reading a line
Ask me anything: An error occurred: EOF when reading a line
Ask me anything: An error occurred: EOF when reading a line
Ask me anything: An error occurred: EOF when reading a line
Ask me anything: An error occurred: EOF when reading a line
Ask me anything: An error occurred: EOF when reading a line
Ask me anything: An error occurred: EOF when reading a line
Ask me anything: An error occurred: EOF when reading a line
Ask me anything: An error occurred: EOF when reading a line
Ask me anything: An error occurred: EOF when reading a line
Ask me anything: An error occurred: EOF when reading a line
Ask me anything: An error occurred: EOF when reading a line
Ask me anything: An error occurred: EOF when reading a line
Ask me anything: An error occurred: EOF when reading a line
Ask me anything: An error occurred: EOF when reading a line
Ask me anything: An error occurred: EOF when reading a line
Ask me anything: An error occurred: EOF when reading a line
Ask me anything: An error occurred: EOF when reading a line
Ask me anything: An error occurred: EOF when reading a line
Ask me anything: An error occurred: EOF when reading a line
Ask me anything: An error occurred: EOF when reading a line
Ask me anything: An error occurred: EOF when reading a line
Ask me anything: An error occurred: EOF when reading a line
Ask me anything: An error occurred: EOF when reading a line
Ask me anything: An error occurred: EOF when reading a line
Ask me anything: An error occurred: EOF when reading a line
Ask me anything: An error occurred: EOF when reading a line
Ask me anything: An error occurred: EOF when reading a line
Ask me anything: An error occurred: EOF when reading a line
Ask me anything: An error occurred: EOF when reading a line
Ask me anything: An error occurred: EOF when reading a line
Ask me anything: An error occurred: EOF when reading a line
Ask me anything: An error occurred: EOF when reading a line
Ask me anything: An error occurred: EOF when reading a line
Ask me anything: An error occurred: EOF when reading a line
Ask me anything: An error occurred: EOF when reading a line
Ask me anything: An error occurred: EOF when reading a line
Ask me anything: An error occurred: EOF when reading a line
Ask me anything: An error occurred: EOF when reading a line
Ask me anything: An error occurred: EOF when reading a line
Ask me anything: An error occurred: EOF when reading a line
Ask me anything: An error occurred: EOF when reading a line
Ask me anything: An error occurred: EOF when reading a line
Ask me anything: An error occurred: EOF when reading a line
Ask me anything: An error occurred: EOF when reading a line
Ask me anything: An error occurred: EOF when reading a line
Ask me anything: An error occurred: EOF when reading a line
Ask me anything: An error occurred: EOF when reading a line
Ask me anything: An error occurred: EOF when reading a line
Ask me anything: An error occurred: EOF when reading a line
Ask me anything: An error occurred: EOF when reading a line
Ask me anything: An error occurred: EOF when reading a line
Ask me anything: An error occurred: EOF when reading a line
Ask me anything: An error occurred: EOF when reading a line
Ask me anything: An error occurred: EOF when reading a line
Ask me anything: An error occurred: EOF when reading a line
Ask me anything: An error occurred: EOF when reading a line
Ask me anything: An error occurred: EOF when reading a line
Ask me anything: An error occurred: EOF when reading a line
Ask me anything: An error occurred: EOF when reading a line
Ask me anything: An error occurred: EOF when reading a line
Ask me anything: An error occurred: EOF when reading a line
Ask me anything: An error occurred: EOF when reading a line
Ask me anything: An error occurred: EOF when reading a line
Ask me anything: An error occurred: EOF when reading a line
Ask me anything: An error occurred: EOF when reading a line
Ask me anything: An error occurred: EOF when reading a line
Ask me anything: An error occurred: EOF when reading a line
Ask me anything: An error occurred: EOF when reading a line
Ask me anything: An error occurred: EOF when reading a line
Ask me anything: An error occurred: EOF when reading a line
Ask me anything: An error occurred: EOF when reading a line
Ask me anything: An error occurred: EOF when reading a line
Ask me anything: An error occurred: EOF when reading a line
Ask me anything: An error occurred: EOF when reading a line
Ask me anything: An error occurred: EOF when reading a line
Ask me anything: An error occurred: EOF when reading a line
Ask me anything: An error occurred: EOF when reading a line
Ask me anything: An error occurred: EOF when reading a line
Ask me anything: An error occurred: EOF when reading a line
Ask me anything: An error occurred: EOF when reading a line
Ask me anything: An error occurred: EOF when reading a line
Ask me anything: An error occurred: EOF when reading a line
Ask me anything: An error occurred: EOF when reading a line
Ask me anything: An error occurred: EOF when reading a line
Ask me anything: An error occurred: EOF when reading a line
Ask me anything: An error occurred: EOF when reading a line
Ask me anything: An error occurred: EOF when reading a line
Ask me anything: An error occurred: EOF when reading a line
Ask me anything: An error occurred: EOF when reading a line
Ask me anything: An error occurred: EOF when reading a line
Ask me anything: An error occurred: EOF when reading a line
Ask me anything: An error occurred: EOF when reading a line
Ask me anything: An error occurred: EOF when reading a line
Ask me anything: An error occurred: EOF when reading a line
Ask me anything: An error occurred: EOF when reading a line
Ask me anything: An error occurred: EOF when reading a line
Ask me anything: An error occurred: EOF when reading a line
Ask me anything: An error occurred: EOF when reading a line
Ask me anything: An error occurred: EOF when reading a line
Ask me anything: An error occurred: EOF when reading a line
Ask me anything: An error occurred: EOF when reading a line
Ask me anything: An error occurred: EOF when reading a line
Ask me anything: An error occurred: EOF when reading a line
Ask me anything: An error occurred: EOF when reading a line
Ask me anything: An error occurred: EOF when reading a line
Ask me anything: An error occurred: EOF when reading a line
Ask me anything: An error occurred: EOF when reading a line
Ask me anything: An error occurred: EOF when reading a line
Ask me anything: An error occurred: EOF when reading a line
Ask me anything: An error occurred: EOF when reading a line
Ask me anything: An error occurred: EOF when reading a line
Ask me anything: An error occurred: EOF when reading a line
Ask me anything: An error occurred: EOF when reading a line
Ask me anything: An error occurred: EOF when reading a line
Ask me anything: An error occurred: EOF when reading a line
Ask me anything: An error occurred: EOF when reading a line
Ask me anything: An error occurred: EOF when reading a line
Ask me anything: An error occurred: EOF when reading a line
Ask me anything: An error occurred: EOF when reading a line
Ask me anything: An error occurred: EOF when reading a line
Ask me anything: An error occurred: EOF when reading a line
Ask me anything: An error occurred: EOF when reading a line
Ask me anything: An error occurred: EOF when reading a line
Ask me anything: An error occurred: EOF when reading a line
Ask me anything: An error occurred: EOF when reading a line
Ask me anything: An error occurred: EOF when reading a line
Ask me anything: An error occurred: EOF when reading a line
Ask me anything: An error occurred: EOF when reading a line
Ask me anything: An error occurred: EOF when reading a line
Ask me anything: An error occurred: EOF when reading a line
Ask me anything: An error occurred: EOF when reading a line
Ask me anything: An error occurred: EOF when reading a line
Ask me anything: An error occurred: EOF when reading a line
Ask me anything: An error occurred: EOF when reading a line
Ask me anything: An error occurred: EOF when reading a line
Ask me anything: An error occurred: EOF when reading a line
Ask me anything: An error occurred: EOF when reading a line
Ask me anything: An error occurred: EOF when reading a line
Ask me anything: An error occurred: EOF when reading a line
Ask me anything: An error occurred: EOF when reading a line
Ask me anything: An error occurred: EOF when reading a line
Ask me anything: An error occurred: EOF when reading a line
Ask me anything: An error occurred: EOF when reading a line
Ask me anything: An error occurred: EOF when reading a line
Ask me anything: An error occurred: EOF when reading a line
Ask me anything: An error occurred: EOF when reading a line
Ask me anything: An error occurred: EOF when reading a line
Ask me anything: An error occurred: EOF when reading a line
Ask me anything: An error occurred: EOF when reading a line
Ask me anything: An error occurred: EOF when reading a line
Ask me anything: An error occurred: EOF when reading a line
Ask me anything: An error occurred: EOF when reading a line
Ask me anything: An error occurred: EOF when reading a line
Ask me anything: An error occurred: EOF when reading a line
Ask me anything: An error occurred: EOF when reading a line
Ask me anything: An error occurred: EOF when reading a line
Ask me anything: An error occurred: EOF when reading a line
Ask me anything: An error occurred: EOF when reading a line
Ask me anything: An error occurred: EOF when reading a line
Ask me anything: An error occurred: EOF when reading a line
Ask me anything: An error occurred: EOF when reading a line
Ask me anything: An error occurred: EOF when reading a line
Ask me anything: An error occurred: EOF when reading a line
Ask me anything: An error occurred: EOF when reading a line
Ask me anything: An error occurred: EOF when reading a line
Ask me anything: An error occurred: EOF when reading a line
Ask me anything: An error occurred: EOF when reading a line
Ask me anything: An error occurred: EOF when reading a line
Ask me anything: An error occurred: EOF when reading a line
Ask me anything: An error occurred: EOF when reading a line
Ask me anything: An error occurred: EOF when reading a line
Ask me anything: An error occurred: EOF when reading a line
Ask me anything: An error occurred: EOF when reading a line
Ask me anything: An error occurred: EOF when reading a line
Ask me anything: An error occurred: EOF when reading a line
Ask me anything: An error occurred: EOF when reading a line
Ask me anything: An error occurred: EOF when reading a line
Ask me anything: An error occurred: EOF when reading a line
Ask me anything: An error occurred: EOF when reading a line
Ask me anything: An error occurred: EOF when reading a line
Ask me anything: An error occurred: EOF when reading a line
Ask me anything: An error occurred: EOF when reading a line
Ask me anything: An error occurred: EOF when reading a line
Ask me anything: An error occurred: EOF when reading a line
Ask me anything: An error occurred: EOF when reading a line
Ask me anything: An error occurred: EOF when reading a line
Ask me anything: An error occurred: EOF when reading a line
Ask me anything: An error occurred: EOF when reading a line
Ask me anything: An error occurred: EOF when reading a line
Ask me anything: An error occurred: EOF when reading a line
Ask me anything: An error occurred: EOF when reading a line
Ask me anything: An error occurred: EOF when reading a line
Ask me anything: An error occurred: EOF when reading a line
Ask me anything: An error occurred: EOF when reading a line
Ask me anything: An error occurred: EOF when reading a line
Ask me anything: An error occurred: EOF when reading a line
Ask me anything: An error occurred: EOF when reading a line
Ask me anything: An error occurred: EOF when reading a line
Ask me anything: An error occurred: EOF when reading a line
Ask me anything: An error occurred: EOF when reading a line
Ask me anything: An error occurred: EOF when reading a line
Ask me anything: An error occurred: EOF when reading a line
Ask me anything: An error occurred: EOF when reading a line
Ask me anything: An error occurred: EOF when reading a line
Ask me anything: An error occurred: EOF when reading a line
Ask me anything: An error occurred: EOF when reading a line
Ask me anything: An error occurred: EOF when reading a line
Ask me anything: An error occurred: EOF when reading a line
Ask me anything: An error occurred: EOF when reading a line
Ask me anything: An error occurred: EOF when reading a line
Ask me anything: An error occurred: EOF when reading a line
Ask me anything: An error occurred: EOF when reading a line
Ask me anything: An error occurred: EOF when reading a line
Ask me anything: An error occurred: EOF when reading a line
Ask me anything: An error occurred: EOF when reading a line
Ask me anything: An error occurred: EOF when reading a line
Ask me anything: An error occurred: EOF when reading a line
Ask me anything: An error occurred: EOF when reading a line
Ask me anything: An error occurred: EOF when reading a line
Ask me anything: An error occurred: EOF when reading a line
Ask me anything: An error occurred: EOF when reading a line
Ask me anything: An error occurred: EOF when reading a line
Ask me anything: An error occurred: EOF when reading a line
Ask me anything: An error occurred: EOF when reading a line
Ask me anything: An error occurred: EOF when reading a line
Ask me anything: An error occurred: EOF when reading a line
Ask me anything: An error occurred: EOF when reading a line
Ask me anything: An error occurred: EOF when reading a line
Ask me anything: An error occurred: EOF when reading a line
Ask me anything: An error occurred: EOF when reading a line
Ask me anything: An error occurred: EOF when reading a line
Ask me anything: An error occurred: EOF when reading a line
Ask me anything: An error occurred: EOF when reading a line
Ask me anything: An error occurred: EOF when reading a line
Ask me anything: An error occurred: EOF when reading a line
Ask me anything: An error occurred: EOF when reading a line
Ask me anything: An error occurred: EOF when reading a line
Ask me anything: An error occurred: EOF when reading a line
Ask me anything: An error occurred: EOF when reading a line
Ask me anything: An error occurred: EOF when reading a line
Ask me anything: An error occurred: EOF when reading a line
Ask me anything: An error occurred: EOF when reading a line
Ask me anything: An error occurred: EOF when reading a line
Ask me anything: An error occurred: EOF when reading a line
Ask me anything: An error occurred: EOF when reading a line
Ask me anything: An error occurred: EOF when reading a line
Ask me anything: An error occurred: EOF when reading a line
Ask me anything: An error occurred: EOF when reading a line
Ask me anything: An error occurred: EOF when reading a line
Ask me anything: An error occurred: EOF when reading a line
Ask me anything: An error occurred: EOF when reading a line
Ask me anything: An error occurred: EOF when reading a line
Ask me anything: An error occurred: EOF when reading a line
Ask me anything: An error occurred: EOF when reading a line
Ask me anything: An error occurred: EOF when reading a line
Ask me anything: An error occurred: EOF when reading a line
Ask me anything: An error occurred: EOF when reading a line
Ask me anything: An error occurred: EOF when reading a line
Ask me anything: An error occurred: EOF when reading a line
Ask me anything: An error occurred: EOF when reading a line
Ask me anything: An error occurred: EOF when reading a line
Ask me anything: An error occurred: EOF when reading a line
Ask me anything: An error occurred: EOF when reading a line
Ask me anything: An error occurred: EOF when reading a line
Ask me anything: An error occurred: EOF when reading a line
Ask me anything: An error occurred: EOF when reading a line
Ask me anything: An error occurred: EOF when reading a line
Ask me anything: An error occurred: EOF when reading a line
Ask me anything: An error occurred: EOF when reading a line
Ask me anything: An error occurred: EOF when reading a line
Ask me anything: An error occurred: EOF when reading a line
Ask me anything: An error occurred: EOF when reading a line
Ask me anything: An error occurred: EOF when reading a line
Ask me anything: An error occurred: EOF when reading a line
Ask me anything: An error occurred: EOF when reading a line
Ask me anything: An error occurred: EOF when reading a line
Ask me anything: An error occurred: EOF when reading a line
Ask me anything: An error occurred: EOF when reading a line
Ask me anything: An error occurred: EOF when reading a line
Ask me anything: An error occurred: EOF when reading a line
Ask me anything: An error occurred: EOF when reading a line
Ask me anything: An error occurred: EOF when reading a line
Ask me anything: An error occurred: EOF when reading a line
Ask me anything: An error occurred: EOF when reading a line
Ask me anything: An error occurred: EOF when reading a line
Ask me anything: An error occurred: EOF when reading a line
Ask me anything: An error occurred: EOF when reading a line
Ask me anything: An error occurred: EOF when reading a line
Ask me anything: An error occurred: EOF when reading a line
Ask me anything: An error occurred: EOF when reading a line
Ask me anything: An error occurred: EOF when reading a line
Ask me anything: An error occurred: EOF when reading a line
Ask me anything: An error occurred: EOF when reading a line
Ask me anything: An error occurred: EOF when reading a line
Ask me anything: An error occurred: EOF when reading a line
Ask me anything: An error occurred: EOF when reading a line
Ask me anything: An error occurred: EOF when reading a line
Ask me anything: An error occurred: EOF when reading a line
Ask me anything: An error occurred: EOF when reading a line
Ask me anything: An error occurred: EOF when reading a line
Ask me anything: An error occurred: EOF when reading a line
Ask me anything: An error occurred: EOF when reading a line
Ask me anything: An error occurred: EOF when reading a line
Ask me anything: An error occurred: EOF when reading a line
Ask me anything: An error occurred: EOF when reading a line
Ask me anything: An error occurred: EOF when reading a line
Ask me anything: An error occurred: EOF when reading a line
Ask me anything: An error occurred: EOF when reading a line
Ask me anything: An error occurred: EOF when reading a line
Ask me anything: An error occurred: EOF when reading a line
Ask me anything: An error occurred: EOF when reading a line
Ask me anything: An error occurred: EOF when reading a line
Ask me anything: An error occurred: EOF when reading a line
Ask me anything: An error occurred: EOF when reading a line
Ask me anything: An error occurred: EOF when reading a line
Ask me anything: An error occurred: EOF when reading a line
Ask me anything: An error occurred: EOF when reading a line
Ask me anything: An error occurred: EOF when reading a line
Ask me anything: An error occurred: EOF when reading a line
Ask me anything: An error occurred: EOF when reading a line
Ask me anything: An error occurred: EOF when reading a line
Ask me anything: An error occurred: EOF when reading a line
Ask me anything: An error occurred: EOF when reading a line
Ask me anything: An error occurred: EOF when reading a line
Ask me anything: An error occurred: EOF when reading a line
Ask me anything: An error occurred: EOF when reading a line
Ask me anything: An error occurred: EOF when reading a line
Ask me anything: An error occurred: EOF when reading a line
Ask me anything: An error occurred: EOF when reading a line
Ask me anything: An error occurred: EOF when reading a line
Ask me anything: An error occurred: EOF when reading a line
Ask me anything: An error occurred: EOF when reading a line
Ask me anything: An error occurred: EOF when reading a line
Ask me anything: An error occurred: EOF when reading a line
Ask me anything: An error occurred: EOF when reading a line
Ask me anything: An error occurred: EOF when reading a line
Ask me anything: An error occurred: EOF when reading a line
Ask me anything: An error occurred: EOF when reading a line
Ask me anything: An error occurred: EOF when reading a line
Ask me anything: An error occurred: EOF when reading a line
Ask me anything: An error occurred: EOF when reading a line
Ask me anything: An error occurred: EOF when reading a line
Ask me anything: An error occurred: EOF when reading a line
Ask me anything: An error occurred: EOF when reading a line
Ask me anything: An error occurred: EOF when reading a line
Ask me anything: An error occurred: EOF when reading a line
Ask me anything: An error occurred: EOF when reading a line
Ask me anything: An error occurred: EOF when reading a line
Ask me anything: An error occurred: EOF when reading a line
Ask me anything: An error occurred: EOF when reading a line
Ask me anything: An error occurred: EOF when reading a line
Ask me anything: An error occurred: EOF when reading a line
Ask me anything: An error occurred: EOF when reading a line
Ask me anything: An error occurred: EOF when reading a line
Ask me anything: An error occurred: EOF when reading a line
Ask me anything: An error occurred: EOF when reading a line
Ask me anything: An error occurred: EOF when reading a line
Ask me anything: An error occurred: EOF when reading a line
Ask me anything: An error occurred: EOF when reading a line
Ask me anything: An error occurred: EOF when reading a line
Ask me anything: An error occurred: EOF when reading a line
Ask me anything: An error occurred: EOF when reading a line
Ask me anything: An error occurred: EOF when reading a line
Ask me anything: An error occurred: EOF when reading a line
Ask me anything: An error occurred: EOF when reading a line
Ask me anything: An error occurred: EOF when reading a line
Ask me anything: An error occurred: EOF when reading a line
Ask me anything: An error occurred: EOF when reading a line
Ask me anything: An error occurred: EOF when reading a line
Ask me anything: An error occurred: EOF when reading a line
Ask me anything: An error occurred: EOF when reading a line
Ask me anything: An error occurred: EOF when reading a line
Ask me anything: An error occurred: EOF when reading a line
Ask me anything: An error occurred: EOF when reading a line
Ask me anything: An error occurred: EOF when reading a line
Ask me anything: An error occurred: EOF when reading a line
Ask me anything: An error occurred: EOF when reading a line
Ask me anything: An error occurred: EOF when reading a line
Ask me anything: An error occurred: EOF when reading a line
Ask me anything: An error occurred: EOF when reading a line
Ask me anything: An error occurred: EOF when reading a line
Ask me anything: An error occurred: EOF when reading a line
Ask me anything: An error occurred: EOF when reading a line
Ask me anything: An error occurred: EOF when reading a line
Ask me anything: An error occurred: EOF when reading a line
Ask me anything: An error occurred: EOF when reading a line
Ask me anything: An error occurred: EOF when reading a line
Ask me anything: An error occurred: EOF when reading a line
Ask me anything: An error occurred: EOF when reading a line
Ask me anything: An error occurred: EOF when reading a line
Ask me anything: An error occurred: EOF when reading a line
Ask me anything: An error occurred: EOF when reading a line
Ask me anything: An error occurred: EOF when reading a line
Ask me anything: An error occurred: EOF when reading a line
Ask me anything: An error occurred: EOF when reading a line
Ask me anything: An error occurred: EOF when reading a line
Ask me anything: An error occurred: EOF when reading a line
Ask me anything: An error occurred: EOF when reading a line
Ask me anything: An error occurred: EOF when reading a line
Ask me anything: An error occurred: EOF when reading a line
Ask me anything: An error occurred: EOF when reading a line
Ask me anything: An error occurred: EOF when reading a line
Ask me anything: An error occurred: EOF when reading a line
Ask me anything: An error occurred: EOF when reading a line
Ask me anything: An error occurred: EOF when reading a line
Ask me anything: An error occurred: EOF when reading a line
Ask me anything: An error occurred: EOF when reading a line
Ask me anything: An error occurred: EOF when reading a line
Ask me anything: An error occurred: EOF when reading a line
Ask me anything: An error occurred: EOF when reading a line
Ask me anything: An error occurred: EOF when reading a line
Ask me anything: An error occurred: EOF when reading a line
Ask me anything: An error occurred: EOF when reading a line
Ask me anything: An error occurred: EOF when reading a line
Ask me anything: An error occurred: EOF when reading a line
Ask me anything: An error occurred: EOF when reading a line
Ask me anything: An error occurred: EOF when reading a line
Ask me anything: An error occurred: EOF when reading a line
Ask me anything: An error occurred: EOF when reading a line
Ask me anything: An error occurred: EOF when reading a line
Ask me anything: An error occurred: EOF when reading a line
Ask me anything: An error occurred: EOF when reading a line
Ask me anything: An error occurred: EOF when reading a line
Ask me anything: An error occurred: EOF when reading a line
Ask me anything: An error occurred: EOF when reading a line
Ask me anything: An error occurred: EOF when reading a line
Ask me anything: An error occurred: EOF when reading a line
Ask me anything: An error occurred: EOF when reading a line
Ask me anything: An error occurred: EOF when reading a line
Ask me anything: An error occurred: EOF when reading a line
Ask me anything: An error occurred: EOF when reading a line
Ask me anything: An error occurred: EOF when reading a line
Ask me anything: An error occurred: EOF when reading a line
Ask me anything: An error occurred: EOF when reading a line
Ask me anything: An error occurred: EOF when reading a line
Ask me anything: An error occurred: EOF when reading a line
Ask me anything: An error occurred: EOF when reading a line
Ask me anything: An error occurred: EOF when reading a line
Ask me anything: An error occurred: EOF when reading a line
Ask me anything: An error occurred: EOF when reading a line
Ask me anything: An error occurred: EOF when reading a line
Ask me anything: An error occurred: EOF when reading a line
Ask me anything: An error occurred: EOF when reading a line
Ask me anything: An error occurred: EOF when reading a line
Ask me anything: An error occurred: EOF when reading a line
Ask me anything: An error occurred: EOF when reading a line
Ask me anything: An error occurred: EOF when reading a line
Ask me anything: An error occurred: EOF when reading a line
Ask me anything: An error occurred: EOF when reading a line
Ask me anything: An error occurred: EOF when reading a line
Ask me anything: An error occurred: EOF when reading a line
Ask me anything: An error occurred: EOF when reading a line
Ask me anything: An error occurred: EOF when reading a line
Ask me anything: An error occurred: EOF when reading a line
Ask me anything: An error occurred: EOF when reading a line
Ask me anything: An error occurred: EOF when reading a line
Ask me anything: An error occurred: EOF when reading a line
Ask me anything: An error occurred: EOF when reading a line
Ask me anything: An error occurred: EOF when reading a line
Ask me anything: An error occurred: EOF when reading a line
Ask me anything: An error occurred: EOF when reading a line
Ask me anything: An error occurred: EOF when reading a line
Ask me anything: An error occurred: EOF when reading a line
Ask me anything: An error occurred: EOF when reading a line
Ask me anything: An error occurred: EOF when reading a line
Ask me anything: An error occurred: EOF when reading a line
Ask me anything: An error occurred: EOF when reading a line
Ask me anything: An error occurred: EOF when reading a line
Ask me anything: An error occurred: EOF when reading a line
Ask me anything: An error occurred: EOF when reading a line
Ask me anything: An error occurred: EOF when reading a line
Ask me anything: An error occurred: EOF when reading a line
Ask me anything: An error occurred: EOF when reading a line
Ask me anything: An error occurred: EOF when reading a line
Ask me anything: An error occurred: EOF when reading a line
Ask me anything: An error occurred: EOF when reading a line
Ask me anything: An error occurred: EOF when reading a line
Ask me anything: An error occurred: EOF when reading a line
Ask me anything: An error occurred: EOF when reading a line
Ask me anything: An error occurred: EOF when reading a line
Ask me anything: An error occurred: EOF when reading a line
Ask me anything: An error occurred: EOF when reading a line
Ask me anything: An error occurred: EOF when reading a line
Ask me anything: An error occurred: EOF when reading a line
Ask me anything: An error occurred: EOF when reading a line
Ask me anything: An error occurred: EOF when reading a line
Ask me anything: An error occurred: EOF when reading a line
Ask me anything: An error occurred: EOF when reading a line
Ask me anything: An error occurred: EOF when reading a line
Ask me anything: An error occurred: EOF when reading a line
Ask me anything: An error occurred: EOF when reading a line
Ask me anything: An error occurred: EOF when reading a line
Ask me anything: An error occurred: EOF when reading a line
Ask me anything: An error occurred: EOF when reading a line
Ask me anything: An error occurred: EOF when reading a line
Ask me anything: An error occurred: EOF when reading a line
Ask me anything: An error occurred: EOF when reading a line
Ask me anything: An error occurred: EOF when reading a line
Ask me anything: An error occurred: EOF when reading a line
Ask me anything: An error occurred: EOF when reading a line
Ask me anything: An error occurred: EOF when reading a line
Ask me anything: An error occurred: EOF when reading a line
Ask me anything: An error occurred: EOF when reading a line
Ask me anything: An error occurred: EOF when reading a line
Ask me anything: An error occurred: EOF when reading a line
Ask me anything: An error occurred: EOF when reading a line
Ask me anything: An error occurred: EOF when reading a line
Ask me anything: An error occurred: EOF when reading a line
Ask me anything: An error occurred: EOF when reading a line
Ask me anything: An error occurred: EOF when reading a line
Ask me anything: An error occurred: EOF when reading a line
Ask me anything: An error occurred: EOF when reading a line
Ask me anything: An error occurred: EOF when reading a line
Ask me anything: An error occurred: EOF when reading a line
Ask me anything: An error occurred: EOF when reading a line
Ask me anything: An error occurred: EOF when reading a line
Ask me anything: An error occurred: EOF when reading a line
Ask me anything: An error occurred: EOF when reading a line
Ask me anything: An error occurred: EOF when reading a line
Ask me anything: An error occurred: EOF when reading a line
Ask me anything: An error occurred: EOF when reading a line
Ask me anything: An error occurred: EOF when reading a line
Ask me anything: An error occurred: EOF when reading a line
Ask me anything: An error occurred: EOF when reading a line
Ask me anything: An error occurred: EOF when reading a line
Ask me anything: An error occurred: EOF when reading a line
Ask me anything: An error occurred: EOF when reading a line
Ask me anything: An error occurred: EOF when reading a line
Ask me anything: An error occurred: EOF when reading a line
Ask me anything: An error occurred: EOF when reading a line
Ask me anything: An error occurred: EOF when reading a line
Ask me anything: An error occurred: EOF when reading a line
Ask me anything: An error occurred: EOF when reading a line
Ask me anything: An error occurred: EOF when reading a line
Ask me anything: An error occurred: EOF when reading a line
Ask me anything: An error occurred: EOF when reading a line
Ask me anything: An error occurred: EOF when reading a line
Ask me anything: An error occurred: EOF when reading a line
Ask me anything: An error occurred: EOF when reading a line
Ask me anything: An error occurred: EOF when reading a line
Ask me anything: An error occurred: EOF when reading a line
Ask me anything: An error occurred: EOF when reading a line
Ask me anything: An error occurred: EOF when reading a line
Ask me anything: An error occurred: EOF when reading a line
Ask me anything: An error occurred: EOF when reading a line
Ask me anything: An error occurred: EOF when reading a line
Ask me anything: An error occurred: EOF when reading a line
Ask me anything: An error occurred: EOF when reading a line
Ask me anything: An error occurred: EOF when reading a line
Ask me anything: An error occurred: EOF when reading a line
Ask me anything: An error occurred: EOF when reading a line
Ask me anything: An error occurred: EOF when reading a line
Ask me anything: An error occurred: EOF when reading a line
Ask me anything: An error occurred: EOF when reading a line
Ask me anything: An error occurred: EOF when reading a line
Ask me anything: An error occurred: EOF when reading a line
Ask me anything: An error occurred: EOF when reading a line
Ask me anything: An error occurred: EOF when reading a line
Ask me anything: An error occurred: EOF when reading a line
Ask me anything: An error occurred: EOF when reading a line
Ask me anything: An error occurred: EOF when reading a line
Ask me anything: An error occurred: EOF when reading a line
Ask me anything: An error occurred: EOF when reading a line
Ask me anything: An error occurred: EOF when reading a line
Ask me anything: An error occurred: EOF when reading a line
Ask me anything: An error occurred: EOF when reading a line
Ask me anything: An error occurred: EOF when reading a line
Ask me anything: An error occurred: EOF when reading a line
Ask me anything: An error occurred: EOF when reading a line
Ask me anything: An error occurred: EOF when reading a line
Ask me anything: An error occurred: EOF when reading a line
Ask me anything: An error occurred: EOF when reading a line
Ask me anything: An error occurred: EOF when reading a line
Ask me anything: An error occurred: EOF when reading a line
Ask me anything: An error occurred: EOF when reading a line
Ask me anything: An error occurred: EOF when reading a line
Ask me anything: An error occurred: EOF when reading a line
Ask me anything: An error occurred: EOF when reading a line
Ask me anything: An error occurred: EOF when reading a line
Ask me anything: An error occurred: EOF when reading a line
Ask me anything: An error occurred: EOF when reading a line
Ask me anything: An error occurred: EOF when reading a line
Ask me anything: An error occurred: EOF when reading a line
Ask me anything: An error occurred: EOF when reading a line
Ask me anything: An error occurred: EOF when reading a line
Ask me anything: An error occurred: EOF when reading a line
Ask me anything: An error occurred: EOF when reading a line
Ask me anything: An error occurred: EOF when reading a line
Ask me anything: An error occurred: EOF when reading a line
Ask me anything: An error occurred: EOF when reading a line
Ask me anything: An error occurred: EOF when reading a line
Ask me anything: An error occurred: EOF when reading a line
Ask me anything: An error occurred: EOF when reading a line
Ask me anything: An error occurred: EOF when reading a line
Ask me anything: An error occurred: EOF when reading a line
Ask me anything: An error occurred: EOF when reading a line
Ask me anything: An error occurred: EOF when reading a line
Ask me anything: An error occurred: EOF when reading a line
Ask me anything: An error occurred: EOF when reading a line
Ask me anything: An error occurred: EOF when reading a line
Ask me anything: An error occurred: EOF when reading a line
Ask me anything: An error occurred: EOF when reading a line
Ask me anything: An error occurred: EOF when reading a line
Ask me anything: An error occurred: EOF when reading a line
Ask me anything: An error occurred: EOF when reading a line
Ask me anything: An error occurred: EOF when reading a line
Ask me anything: An error occurred: EOF when reading a line
Ask me anything: An error occurred: EOF when reading a line
Ask me anything: An error occurred: EOF when reading a line
Ask me anything: An error occurred: EOF when reading a line
Ask me anything: An error occurred: EOF when reading a line
Ask me anything: An error occurred: EOF when reading a line
Ask me anything: An error occurred: EOF when reading a line
Ask me anything: An error occurred: EOF when reading a line
Ask me anything: An error occurred: EOF when reading a line
Ask me anything: An error occurred: EOF when reading a line
Ask me anything: An error occurred: EOF when reading a line
Ask me anything: An error occurred: EOF when reading a line
Ask me anything: An error occurred: EOF when reading a line
Ask me anything: An error occurred: EOF when reading a line
Ask me anything: An error occurred: EOF when reading a line
Ask me anything: An error occurred: EOF when reading a line
Ask me anything: An error occurred: EOF when reading a line
Ask me anything: An error occurred: EOF when reading a line
Ask me anything: An error occurred: EOF when reading a line
Ask me anything: An error occurred: EOF when reading a line
Ask me anything: An error occurred: EOF when reading a line
Ask me anything: An error occurred: EOF when reading a line
Ask me anything: An error occurred: EOF when reading a line
Ask me anything: An error occurred: EOF when reading a line
Ask me anything: An error occurred: EOF when reading a line
Ask me anything: An error occurred: EOF when reading a line
Ask me anything: An error occurred: EOF when reading a line
Ask me anything: An error occurred: EOF when reading a line
Ask me anything: An error occurred: EOF when reading a line
Ask me anything: An error occurred: EOF when reading a line
Ask me anything: An error occurred: EOF when reading a line
Ask me anything: An error occurred: EOF when reading a line
Ask me anything: An error occurred: EOF when reading a line
Ask me anything: An error occurred: EOF when reading a line
Ask me anything: An error occurred: EOF when reading a line
Ask me anything: An error occurred: EOF when reading a line
Ask me anything: An error occurred: EOF when reading a line
Ask me anything: An error occurred: EOF when reading a line
Ask me anything: An error occurred: EOF when reading a line
Ask me anything: An error occurred: EOF when reading a line
Ask me anything: An error occurred: EOF when reading a line
Ask me anything: An error occurred: EOF when reading a line
Ask me anything: An error occurred: EOF when reading a line
Ask me anything: An error occurred: EOF when reading a line
Ask me anything: An error occurred: EOF when reading a line
Ask me anything: An error occurred: EOF when reading a line
Ask me anything: An error occurred: EOF when reading a line
Ask me anything: An error occurred: EOF when reading a line
Ask me anything: An error occurred: EOF when reading a line
Ask me anything: An error occurred: EOF when reading a line
Ask me anything: An error occurred: EOF when reading a line
Ask me anything: An error occurred: EOF when reading a line
Ask me anything: An error occurred: EOF when reading a line
Ask me anything: An error occurred: EOF when reading a line
Ask me anything: An error occurred: EOF when reading a line
Ask me anything: An error occurred: EOF when reading a line
Ask me anything: An error occurred: EOF when reading a line
Ask me anything: An error occurred: EOF when reading a line
Ask me anything: An error occurred: EOF when reading a line
Ask me anything: An error occurred: EOF when reading a line
Ask me anything: An error occurred: EOF when reading a line
Ask me anything: An error occurred: EOF when reading a line
Ask me anything: An error occurred: EOF when reading a line
Ask me anything: An error occurred: EOF when reading a line
Ask me anything: An error occurred: EOF when reading a line
Ask me anything: An error occurred: EOF when reading a line
Ask me anything: An error occurred: EOF when reading a line
Ask me anything: An error occurred: EOF when reading a line
Ask me anything: An error occurred: EOF when reading a line
Ask me anything: An error occurred: EOF when reading a line
Ask me anything: An error occurred: EOF when reading a line
Ask me anything: An error occurred: EOF when reading a line
Ask me anything: An error occurred: EOF when reading a line
Ask me anything: An error occurred: EOF when reading a line
Ask me anything: An error occurred: EOF when reading a line
Ask me anything: An error occurred: EOF when reading a line
Ask me anything: An error occurred: EOF when reading a line
Ask me anything: An error occurred: EOF when reading a line
Ask me anything: An error occurred: EOF when reading a line
Ask me anything: An error occurred: EOF when reading a line
Ask me anything: An error occurred: EOF when reading a line
Ask me anything: An error occurred: EOF when reading a line
Ask me anything: An error occurred: EOF when reading a line
Ask me anything: An error occurred: EOF when reading a line
Ask me anything: An error occurred: EOF when reading a line
Ask me anything: An error occurred: EOF when reading a line
Ask me anything: An error occurred: EOF when reading a line
Ask me anything: An error occurred: EOF when reading a line
Ask me anything: An error occurred: EOF when reading a line
Ask me anything: An error occurred: EOF when reading a line
Ask me anything: An error occurred: EOF when reading a line
Ask me anything: An error occurred: EOF when reading a line
Ask me anything: An error occurred: EOF when reading a line
Ask me anything: An error occurred: EOF when reading a line
Ask me anything: An error occurred: EOF when reading a line
Ask me anything: An error occurred: EOF when reading a line
Ask me anything: An error occurred: EOF when reading a line
Ask me anything: An error occurred: EOF when reading a line
Ask me anything: An error occurred: EOF when reading a line
Ask me anything: An error occurred: EOF when reading a line
Ask me anything: An error occurred: EOF when reading a line
Ask me anything: An error occurred: EOF when reading a line
Ask me anything: An error occurred: EOF when reading a line
Ask me anything: An error occurred: EOF when reading a line
Ask me anything: An error occurred: EOF when reading a line
Ask me anything: An error occurred: EOF when reading a line
Ask me anything: An error occurred: EOF when reading a line
Ask me anything: An error occurred: EOF when reading a line
Ask me anything: An error occurred: EOF when reading a line
Ask me anything: An error occurred: EOF when reading a line
Ask me anything: An error occurred: EOF when reading a line
Ask me anything: An error occurred: EOF when reading a line
Ask me anything: An error occurred: EOF when reading a line
Ask me anything: An error occurred: EOF when reading a line
Ask me anything: An error occurred: EOF when reading a line
Ask me anything: An error occurred: EOF when reading a line
Ask me anything: An error occurred: EOF when reading a line
Ask me anything: An error occurred: EOF when reading a line
Ask me anything: An error occurred: EOF when reading a line
Ask me anything: An error occurred: EOF when reading a line
Ask me anything: An error occurred: EOF when reading a line
Ask me anything: An error occurred: EOF when reading a line
Ask me anything: An error occurred: EOF when reading a line
Ask me anything: An error occurred: EOF when reading a line
Ask me anything: An error occurred: EOF when reading a line
Ask me anything: An error occurred: EOF when reading a line
Ask me anything: An error occurred: EOF when reading a line
Ask me anything: An error occurred: EOF when reading a line
Ask me anything: An error occurred: EOF when reading a line
Ask me anything: An error occurred: EOF when reading a line
Ask me anything: An error occurred: EOF when reading a line
Ask me anything: An error occurred: EOF when reading a line
Ask me anything: An error occurred: EOF when reading a line
Ask me anything: An error occurred: EOF when reading a line
Ask me anything: An error occurred: EOF when reading a line
Ask me anything: An error occurred: EOF when reading a line
Ask me anything: An error occurred: EOF when reading a line
Ask me anything: An error occurred: EOF when reading a line
Ask me anything: An error occurred: EOF when reading a line
Ask me anything: An error occurred: EOF when reading a line
Ask me anything: An error occurred: EOF when reading a line
Ask me anything: An error occurred: EOF when reading a line
Ask me anything: An error occurred: EOF when reading a line
Ask me anything: An error occurred: EOF when reading a line
Ask me anything: An error occurred: EOF when reading a line
Ask me anything: An error occurred: EOF when reading a line
Ask me anything: An error occurred: EOF when reading a line
Ask me anything: An error occurred: EOF when reading a line
Ask me anything: An error occurred: EOF when reading a line
Ask me anything: An error occurred: EOF when reading a line
Ask me anything: An error occurred: EOF when reading a line
Ask me anything: An error occurred: EOF when reading a line
Ask me anything: An error occurred: EOF when reading a line
Ask me anything: An error occurred: EOF when reading a line
Ask me anything: An error occurred: EOF when reading a line
Ask me anything: An error occurred: EOF when reading a line
Ask me anything: An error occurred: EOF when reading a line
Ask me anything: An error occurred: EOF when reading a line
Ask me anything: An error occurred: EOF when reading a line
Ask me anything: An error occurred: EOF when reading a line
Ask me anything: An error occurred: EOF when reading a line
Ask me anything: An error occurred: EOF when reading a line
Ask me anything: An error occurred: EOF when reading a line
Ask me anything: An error occurred: EOF when reading a line
Ask me anything: An error occurred: EOF when reading a line
Ask me anything: An error occurred: EOF when reading a line
Ask me anything: An error occurred: EOF when reading a line
Ask me anything: An error occurred: EOF when reading a line
Ask me anything: An error occurred: EOF when reading a line
Ask me anything: An error occurred: EOF when reading a line
Ask me anything: An error occurred: EOF when reading a line
Ask me anything: An error occurred: EOF when reading a line
Ask me anything: An error occurred: EOF when reading a line
Ask me anything: An error occurred: EOF when reading a line
Ask me anything: An error occurred: EOF when reading a line
Ask me anything: An error occurred: EOF when reading a line
Ask me anything: An error occurred: EOF when reading a line
Ask me anything: An error occurred: EOF when reading a line
Ask me anything: An error occurred: EOF when reading a line
Ask me anything: An error occurred: EOF when reading a line
Ask me anything: An error occurred: EOF when reading a line
Ask me anything: An error occurred: EOF when reading a line
Ask me anything: An error occurred: EOF when reading a line
Ask me anything: An error occurred: EOF when reading a line
Ask me anything: An error occurred: EOF when reading a line
Ask me anything: An error occurred: EOF when reading a line
Ask me anything: An error occurred: EOF when reading a line
Ask me anything: An error occurred: EOF when reading a line
Ask me anything: An error occurred: EOF when reading a line
Ask me anything: An error occurred: EOF when reading a line
Ask me anything: An error occurred: EOF when reading a line
Ask me anything: An error occurred: EOF when reading a line
Ask me anything: An error occurred: EOF when reading a line
Ask me anything: An error occurred: EOF when reading a line
Ask me anything: An error occurred: EOF when reading a line
Ask me anything: An error occurred: EOF when reading a line
Ask me anything: An error occurred: EOF when reading a line
Ask me anything: An error occurred: EOF when reading a line
Ask me anything: An error occurred: EOF when reading a line
Ask me anything: An error occurred: EOF when reading a line
Ask me anything: An error occurred: EOF when reading a line
Ask me anything: An error occurred: EOF when reading a line
Ask me anything: An error occurred: EOF when reading a line
Ask me anything: An error occurred: EOF when reading a line
Ask me anything: An error occurred: EOF when reading a line
Ask me anything: An error occurred: EOF when reading a line
Ask me anything: An error occurred: EOF when reading a line
Ask me anything: An error occurred: EOF when reading a line
Ask me anything: An error occurred: EOF when reading a line
Ask me anything: An error occurred: EOF when reading a line
Ask me anything: An error occurred: EOF when reading a line
Ask me anything: An error occurred: EOF when reading a line
Ask me anything: An error occurred: EOF when reading a line
Ask me anything: An error occurred: EOF when reading a line
Ask me anything: An error occurred: EOF when reading a line
Ask me anything: An error occurred: EOF when reading a line
Ask me anything: An error occurred: EOF when reading a line
Ask me anything: An error occurred: EOF when reading a line
Ask me anything: An error occurred: EOF when reading a line
Ask me anything: An error occurred: EOF when reading a line
Ask me anything: An error occurred: EOF when reading a line
Ask me anything: An error occurred: EOF when reading a line
Ask me anything: An error occurred: EOF when reading a line
Ask me anything: An error occurred: EOF when reading a line
Ask me anything: An error occurred: EOF when reading a line
Ask me anything: An error occurred: EOF when reading a line
Ask me anything: An error occurred: EOF when reading a line
Ask me anything: An error occurred: EOF when reading a line
Ask me anything: An error occurred: EOF when reading a line
Ask me anything: An error occurred: EOF when reading a line
Ask me anything: An error occurred: EOF when reading a line
Ask me anything: An error occurred: EOF when reading a line
Ask me anything: An error occurred: EOF when reading a line
Ask me anything: An error occurred: EOF when reading a line
Ask me anything: An error occurred: EOF when reading a line
Ask me anything: An error occurred: EOF when reading a line
Ask me anything: An error occurred: EOF when reading a line
Ask me anything: An error occurred: EOF when reading a line
Ask me anything: An error occurred: EOF when reading a line
Ask me anything: An error occurred: EOF when reading a line
Ask me anything: An error occurred: EOF when reading a line
Ask me anything: An error occurred: EOF when reading a line
Ask me anything: An error occurred: EOF when reading a line
Ask me anything: An error occurred: EOF when reading a line
Ask me anything: An error occurred: EOF when reading a line
Ask me anything: An error occurred: EOF when reading a line
Ask me anything: An error occurred: EOF when reading a line
Ask me anything: An error occurred: EOF when reading a line
Ask me anything: An error occurred: EOF when reading a line
Ask me anything: An error occurred: EOF when reading a line
Ask me anything: An error occurred: EOF when reading a line
Ask me anything: An error occurred: EOF when reading a line
Ask me anything: An error occurred: EOF when reading a line
Ask me anything: An error occurred: EOF when reading a line
Ask me anything: An error occurred: EOF when reading a line
Ask me anything: An error occurred: EOF when reading a line
Ask me anything: An error occurred: EOF when reading a line
Ask me anything: An error occurred: EOF when reading a line
Ask me anything: An error occurred: EOF when reading a line
Ask me anything: An error occurred: EOF when reading a line
Ask me anything: An error occurred: EOF when reading a line
Ask me anything: An error occurred: EOF when reading a line
Ask me anything: An error occurred: EOF when reading a line
Ask me anything: An error occurred: EOF when reading a line
Ask me anything: An error occurred: EOF when reading a line
Ask me anything: An error occurred: EOF when reading a line
Ask me anything: An error occurred: EOF when reading a line
Ask me anything: An error occurred: EOF when reading a line
Ask me anything: An error occurred: EOF when reading a line
Ask me anything: An error occurred: EOF when reading a line
Ask me anything: An error occurred: EOF when reading a line
Ask me anything: An error occurred: EOF when reading a line
Ask me anything: An error occurred: EOF when reading a line
Ask me anything: An error occurred: EOF when reading a line
Ask me anything: An error occurred: EOF when reading a line
Ask me anything: An error occurred: EOF when reading a line
Ask me anything: An error occurred: EOF when reading a line
Ask me anything: An error occurred: EOF when reading a line
Ask me anything: An error occurred: EOF when reading a line
Ask me anything: An error occurred: EOF when reading a line
Ask me anything: An error occurred: EOF when reading a line
Ask me anything: An error occurred: EOF when reading a line
Ask me anything: An error occurred: EOF when reading a line
Ask me anything: An error occurred: EOF when reading a line
Ask me anything: An error occurred: EOF when reading a line
Ask me anything: An error occurred: EOF when reading a line
Ask me anything: An error occurred: EOF when reading a line
Ask me anything: An error occurred: EOF when reading a line
Ask me anything: An error occurred: EOF when reading a line
Ask me anything: An error occurred: EOF when reading a line
Ask me anything: An error occurred: EOF when reading a line
Ask me anything: An error occurred: EOF when reading a line
Ask me anything: An error occurred: EOF when reading a line
Ask me anything: An error occurred: EOF when reading a line
Ask me anything: An error occurred: EOF when reading a line
Ask me anything: An error occurred: EOF when reading a line
Ask me anything: An error occurred: EOF when reading a line
Ask me anything: An error occurred: EOF when reading a line
Ask me anything: An error occurred: EOF when reading a line
Ask me anything: An error occurred: EOF when reading a line
Ask me anything: An error occurred: EOF when reading a line
Ask me anything: An error occurred: EOF when reading a line
Ask me anything: An error occurred: EOF when reading a line
Ask me anything: An error occurred: EOF when reading a line
Ask me anything: An error occurred: EOF when reading a line
Ask me anything: An error occurred: EOF when reading a line
Ask me anything: An error occurred: EOF when reading a line
Ask me anything: An error occurred: EOF when reading a line
Ask me anything: An error occurred: EOF when reading a line
Ask me anything: An error occurred: EOF when reading a line
Ask me anything: An error occurred: EOF when reading a line
Ask me anything: An error occurred: EOF when reading a line
Ask me anything: An error occurred: EOF when reading a line
Ask me anything: An error occurred: EOF when reading a line
Ask me anything: An error occurred: EOF when reading a line
Ask me anything: An error occurred: EOF when reading a line
Ask me anything: An error occurred: EOF when reading a line
Ask me anything: An error occurred: EOF when reading a line
Ask me anything: An error occurred: EOF when reading a line
Ask me anything: An error occurred: EOF when reading a line
Ask me anything: An error occurred: EOF when reading a line
Ask me anything: An error occurred: EOF when reading a line
Ask me anything: An error occurred: EOF when reading a line
Ask me anything: An error occurred: EOF when reading a line
Ask me anything: An error occurred: EOF when reading a line
Ask me anything: An error occurred: EOF when reading a line
Ask me anything: An error occurred: EOF when reading a line
Ask me anything: An error occurred: EOF when reading a line
Ask me anything: An error occurred: EOF when reading a line
Ask me anything: An error occurred: EOF when reading a line
Ask me anything: An error occurred: EOF when reading a line
Ask me anything: An error occurred: EOF when reading a line
Ask me anything: An error occurred: EOF when reading a line
Ask me anything: An error occurred: EOF when reading a line
Ask me anything: An error occurred: EOF when reading a line
Ask me anything: An error occurred: EOF when reading a line
Ask me anything: An error occurred: EOF when reading a line
Ask me anything: An error occurred: EOF when reading a line
Ask me anything: An error occurred: EOF when reading a line
Ask me anything: An error occurred: EOF when reading a line
Ask me anything: An error occurred: EOF when reading a line
Ask me anything: An error occurred: EOF when reading a line
Ask me anything: An error occurred: EOF when reading a line
Ask me anything: An error occurred: EOF when reading a line
Ask me anything: An error occurred: EOF when reading a line
Ask me anything: An error occurred: EOF when reading a line
Ask me anything: An error occurred: EOF when reading a line
Ask me anything: An error occurred: EOF when reading a line
Ask me anything: An error occurred: EOF when reading a line
Ask me anything: An error occurred: EOF when reading a line
Ask me anything: An error occurred: EOF when reading a line
Ask me anything: An error occurred: EOF when reading a line
Ask me anything: An error occurred: EOF when reading a line
Ask me anything: An error occurred: EOF when reading a line
Ask me anything: An error occurred: EOF when reading a line
Ask me anything: An error occurred: EOF when reading a line
Ask me anything: An error occurred: EOF when reading a line
Ask me anything: An error occurred: EOF when reading a line
Ask me anything: An error occurred: EOF when reading a line
Ask me anything: An error occurred: EOF when reading a line
Ask me anything: An error occurred: EOF when reading a line
Ask me anything: An error occurred: EOF when reading a line
Ask me anything: An error occurred: EOF when reading a line
Ask me anything: An error occurred: EOF when reading a line
Ask me anything: An error occurred: EOF when reading a line
Ask me anything: An error occurred: EOF when reading a line
Ask me anything: An error occurred: EOF when reading a line
Ask me anything: An error occurred: EOF when reading a line
Ask me anything: An error occurred: EOF when reading a line
Ask me anything: An error occurred: EOF when reading a line
Ask me anything: An error occurred: EOF when reading a line
Ask me anything: An error occurred: EOF when reading a line
Ask me anything: An error occurred: EOF when reading a line
Ask me anything: An error occurred: EOF when reading a line
Ask me anything: An error occurred: EOF when reading a line
Ask me anything: An error occurred: EOF when reading a line
Ask me anything: An error occurred: EOF when reading a line
Ask me anything: An error occurred: EOF when reading a line
Ask me anything: An error occurred: EOF when reading a line
Ask me anything: An error occurred: EOF when reading a line
Ask me anything: An error occurred: EOF when reading a line
Ask me anything: An error occurred: EOF when reading a line
Ask me anything: An error occurred: EOF when reading a line
Ask me anything: An error occurred: EOF when reading a line
Ask me anything: An error occurred: EOF when reading a line
Ask me anything: An error occurred: EOF when reading a line
Ask me anything: An error occurred: EOF when reading a line
Ask me anything: An error occurred: EOF when reading a line
Ask me anything: An error occurred: EOF when reading a line
Ask me anything: An error occurred: EOF when reading a line
Ask me anything: An error occurred: EOF when reading a line
Ask me anything: An error occurred: EOF when reading a line
Ask me anything: An error occurred: EOF when reading a line
Ask me anything: An error occurred: EOF when reading a line
Ask me anything: An error occurred: EOF when reading a line
Ask me anything: An error occurred: EOF when reading a line
Ask me anything: An error occurred: EOF when reading a line
Ask me anything: An error occurred: EOF when reading a line
Ask me anything: An error occurred: EOF when reading a line
Ask me anything: An error occurred: EOF when reading a line
Ask me anything: An error occurred: EOF when reading a line
Ask me anything: An error occurred: EOF when reading a line
Ask me anything: An error occurred: EOF when reading a line
Ask me anything: An error occurred: EOF when reading a line
Ask me anything: An error occurred: EOF when reading a line
Ask me anything: An error occurred: EOF when reading a line
Ask me anything: An error occurred: EOF when reading a line
Ask me anything: An error occurred: EOF when reading a line
Ask me anything: An error occurred: EOF when reading a line
Ask me anything: An error occurred: EOF when reading a line
Ask me anything: An error occurred: EOF when reading a line
Ask me anything: An error occurred: EOF when reading a line
Ask me anything: An error occurred: EOF when reading a line
Ask me anything: An error occurred: EOF when reading a line
Ask me anything: An error occurred: EOF when reading a line
Ask me anything: An error occurred: EOF when reading a line
Ask me anything: An error occurred: EOF when reading a line
Ask me anything: An error occurred: EOF when reading a line
Ask me anything: An error occurred: EOF when reading a line
Ask me anything: An error occurred: EOF when reading a line
Ask me anything: An error occurred: EOF when reading a line
Ask me anything: An error occurred: EOF when reading a line
Ask me anything: An error occurred: EOF when reading a line
Ask me anything: An error occurred: EOF when reading a line
Ask me anything: An error occurred: EOF when reading a line
Ask me anything: An error occurred: EOF when reading a line
Ask me anything: An error occurred: EOF when reading a line
Ask me anything: An error occurred: EOF when reading a line
Ask me anything: An error occurred: EOF when reading a line
Ask me anything: An error occurred: EOF when reading a line
Ask me anything: An error occurred: EOF when reading a line
Ask me anything: An error occurred: EOF when reading a line
Ask me anything: An error occurred: EOF when reading a line
Ask me anything: An error occurred: EOF when reading a line
Ask me anything: An error occurred: EOF when reading a line
Ask me anything: An error occurred: EOF when reading a line
Ask me anything: An error occurred: EOF when reading a line
Ask me anything: An error occurred: EOF when reading a line
Ask me anything: An error occurred: EOF when reading a line
Ask me anything: An error occurred: EOF when reading a line
Ask me anything: An error occurred: EOF when reading a line
Ask me anything: An error occurred: EOF when reading a line
Ask me anything: An error occurred: EOF when reading a line
Ask me anything: An error occurred: EOF when reading a line
Ask me anything: An error occurred: EOF when reading a line
Ask me anything: An error occurred: EOF when reading a line
Ask me anything: An error occurred: EOF when reading a line
Ask me anything: An error occurred: EOF when reading a line
Ask me anything: An error occurred: EOF when reading a line
Ask me anything: An error occurred: EOF when reading a line
Ask me anything: An error occurred: EOF when reading a line
Ask me anything: An error occurred: EOF when reading a line
Ask me anything: An error occurred: EOF when reading a line
Ask me anything: An error occurred: EOF when reading a line
Ask me anything: An error occurred: EOF when reading a line
Ask me anything: An error occurred: EOF when reading a line
Ask me anything: An error occurred: EOF when reading a line
Ask me anything: An error occurred: EOF when reading a line
Ask me anything: An error occurred: EOF when reading a line
Ask me anything: An error occurred: EOF when reading a line
Ask me anything: An error occurred: EOF when reading a line
Ask me anything: An error occurred: EOF when reading a line
Ask me anything: An error occurred: EOF when reading a line
Ask me anything: An error occurred: EOF when reading a line
Ask me anything: An error occurred: EOF when reading a line
Ask me anything: An error occurred: EOF when reading a line
Ask me anything: An error occurred: EOF when reading a line
Ask me anything: An error occurred: EOF when reading a line
Ask me anything: An error occurred: EOF when reading a line
Ask me anything: An error occurred: EOF when reading a line
Ask me anything: An error occurred: EOF when reading a line
Ask me anything: An error occurred: EOF when reading a line
Ask me anything: An error occurred: EOF when reading a line
Ask me anything: An error occurred: EOF when reading a line
Ask me anything: An error occurred: EOF when reading a line
Ask me anything: An error occurred: EOF when reading a line
Ask me anything: An error occurred: EOF when reading a line
Ask me anything: An error occurred: EOF when reading a line
Ask me anything: An error occurred: EOF when reading a line
Ask me anything: An error occurred: EOF when reading a line
Ask me anything: An error occurred: EOF when reading a line
Ask me anything: An error occurred: EOF when reading a line
Ask me anything: An error occurred: EOF when reading a line
Ask me anything: An error occurred: EOF when reading a line
Ask me anything: An error occurred: EOF when reading a line
Ask me anything: An error occurred: EOF when reading a line
Ask me anything: An error occurred: EOF when reading a line
Ask me anything: An error occurred: EOF when reading a line
Ask me anything: An error occurred: EOF when reading a line
Ask me anything: An error occurred: EOF when reading a line
Ask me anything: An error occurred: EOF when reading a line
Ask me anything: An error occurred: EOF when reading a line
Ask me anything: An error occurred: EOF when reading a line
Ask me anything: An error occurred: EOF when reading a line
Ask me anything: An error occurred: EOF when reading a line
Ask me anything: An error occurred: EOF when reading a line
Ask me anything: An error occurred: EOF when reading a line
Ask me anything: An error occurred: EOF when reading a line
Ask me anything: An error occurred: EOF when reading a line
Ask me anything: An error occurred: EOF when reading a line
Ask me anything: An error occurred: EOF when reading a line
Ask me anything: An error occurred: EOF when reading a line
Ask me anything: An error occurred: EOF when reading a line
Ask me anything: An error occurred: EOF when reading a line
Ask me anything: An error occurred: EOF when reading a line
Ask me anything: An error occurred: EOF when reading a line
Ask me anything: An error occurred: EOF when reading a line
Ask me anything: An error occurred: EOF when reading a line
Ask me anything: An error occurred: EOF when reading a line
Ask me anything: An error occurred: EOF when reading a line
Ask me anything: An error occurred: EOF when reading a line
Ask me anything: An error occurred: EOF when reading a line
Ask me anything: An error occurred: EOF when reading a line
Ask me anything: An error occurred: EOF when reading a line
Ask me anything: An error occurred: EOF when reading a line
Ask me anything: An error occurred: EOF when reading a line
Ask me anything: An error occurred: EOF when reading a line
Ask me anything: An error occurred: EOF when reading a line
Ask me anything: An error occurred: EOF when reading a line
Ask me anything: An error occurred: EOF when reading a line
Ask me anything: An error occurred: EOF when reading a line
Ask me anything: An error occurred: EOF when reading a line
Ask me anything: An error occurred: EOF when reading a line
Ask me anything: An error occurred: EOF when reading a line
Ask me anything: An error occurred: EOF when reading a line
Ask me anything: An error occurred: EOF when reading a line
Ask me anything: An error occurred: EOF when reading a line
Ask me anything: An error occurred: EOF when reading a line
Ask me anything: An error occurred: EOF when reading a line
Ask me anything: An error occurred: EOF when reading a line
Ask me anything: An error occurred: EOF when reading a line
Ask me anything: An error occurred: EOF when reading a line
Ask me anything: An error occurred: EOF when reading a line
Ask me anything: An error occurred: EOF when reading a line
Ask me anything: An error occurred: EOF when reading a line
Ask me anything: An error occurred: EOF when reading a line
Ask me anything: An error occurred: EOF when reading a line
Ask me anything: An error occurred: EOF when reading a line
Ask me anything: An error occurred: EOF when reading a line
Ask me anything: An error occurred: EOF when reading a line
Ask me anything: An error occurred: EOF when reading a line
Ask me anything: An error occurred: EOF when reading a line
Ask me anything: An error occurred: EOF when reading a line
Ask me anything: An error occurred: EOF when reading a line
Ask me anything: An error occurred: EOF when reading a line
Ask me anything: An error occurred: EOF when reading a line
Ask me anything: An error occurred: EOF when reading a line
Ask me anything: An error occurred: EOF when reading a line
Ask me anything: An error occurred: EOF when reading a line
Ask me anything: An error occurred: EOF when reading a line
Ask me anything: An error occurred: EOF when reading a line
Ask me anything: An error occurred: EOF when reading a line
Ask me anything: An error occurred: EOF when reading a line
Ask me anything: An error occurred: EOF when reading a line
Ask me anything: An error occurred: EOF when reading a line
Ask me anything: An error occurred: EOF when reading a line
Ask me anything: An error occurred: EOF when reading a line
Ask me anything: An error occurred: EOF when reading a line
Ask me anything: An error occurred: EOF when reading a line
Ask me anything: An error occurred: EOF when reading a line
Ask me anything: An error occurred: EOF when reading a line
Ask me anything: An error occurred: EOF when reading a line
Ask me anything: An error occurred: EOF when reading a line
Ask me anything: An error occurred: EOF when reading a line
Ask me anything: An error occurred: EOF when reading a line
Ask me anything: An error occurred: EOF when reading a line
Ask me anything: An error occurred: EOF when reading a line
Ask me anything: An error occurred: EOF when reading a line
Ask me anything: An error occurred: EOF when reading a line
Ask me anything: An error occurred: EOF when reading a line
Ask me anything: An error occurred: EOF when reading a line
Ask me anything: An error occurred: EOF when reading a line
Ask me anything: An error occurred: EOF when reading a line
Ask me anything: An error occurred: EOF when reading a line
Ask me anything: An error occurred: EOF when reading a line
Ask me anything: An error occurred: EOF when reading a line
Ask me anything: An error occurred: EOF when reading a line
Ask me anything: An error occurred: EOF when reading a line
Ask me anything: An error occurred: EOF when reading a line
Ask me anything: An error occurred: EOF when reading a line
Ask me anything: An error occurred: EOF when reading a line
Ask me anything: An error occurred: EOF when reading a line
Ask me anything: An error occurred: EOF when reading a line
Ask me anything: An error occurred: EOF when reading a line
Ask me anything: An error occurred: EOF when reading a line
Ask me anything: An error occurred: EOF when reading a line
Ask me anything: An error occurred: EOF when reading a line
Ask me anything: An error occurred: EOF when reading a line
Ask me anything: An error occurred: EOF when reading a line
Ask me anything: An error occurred: EOF when reading a line
Ask me anything: An error occurred: EOF when reading a line
Ask me anything: An error occurred: EOF when reading a line
Ask me anything: An error occurred: EOF when reading a line
Ask me anything: An error occurred: EOF when reading a line
Ask me anything: An error occurred: EOF when reading a line
Ask me anything: An error occurred: EOF when reading a line
Ask me anything: An error occurred: EOF when reading a line
Ask me anything: An error occurred: EOF when reading a line
Ask me anything: An error occurred: EOF when reading a line
Ask me anything: An error occurred: EOF when reading a line
Ask me anything: An error occurred: EOF when reading a line
Ask me anything: An error occurred: EOF when reading a line
Ask me anything: An error occurred: EOF when reading a line
Ask me anything: An error occurred: EOF when reading a line
Ask me anything: An error occurred: EOF when reading a line
Ask me anything: An error occurred: EOF when reading a line
Ask me anything: An error occurred: EOF when reading a line
Ask me anything: An error occurred: EOF when reading a line
Ask me anything: An error occurred: EOF when reading a line
Ask me anything: An error occurred: EOF when reading a line
Ask me anything: An error occurred: EOF when reading a line
Ask me anything: An error occurred: EOF when reading a line
Ask me anything: An error occurred: EOF when reading a line
Ask me anything: An error occurred: EOF when reading a line
Ask me anything: An error occurred: EOF when reading a line
Ask me anything: An error occurred: EOF when reading a line
Ask me anything: An error occurred: EOF when reading a line
Ask me anything: An error occurred: EOF when reading a line
Ask me anything: An error occurred: EOF when reading a line
Ask me anything: An error occurred: EOF when reading a line
Ask me anything: An error occurred: EOF when reading a line
Ask me anything: An error occurred: EOF when reading a line
Ask me anything: An error occurred: EOF when reading a line
Ask me anything: An error occurred: EOF when reading a line
Ask me anything: An error occurred: EOF when reading a line
Ask me anything: An error occurred: EOF when reading a line
Ask me anything: An error occurred: EOF when reading a line
Ask me anything: An error occurred: EOF when reading a line
Ask me anything: An error occurred: EOF when reading a line
Ask me anything: An error occurred: EOF when reading a line
Ask me anything: An error occurred: EOF when reading a line
Ask me anything: An error occurred: EOF when reading a line
Ask me anything: An error occurred: EOF when reading a line
Ask me anything: An error occurred: EOF when reading a line
Ask me anything: An error occurred: EOF when reading a line
Ask me anything: An error occurred: EOF when reading a line
Ask me anything: An error occurred: EOF when reading a line
Ask me anything: An error occurred: EOF when reading a line
Ask me anything: An error occurred: EOF when reading a line
Ask me anything: An error occurred: EOF when reading a line
Ask me anything: An error occurred: EOF when reading a line
Ask me anything: An error occurred: EOF when reading a line
Ask me anything: An error occurred: EOF when reading a line
Ask me anything: An error occurred: EOF when reading a line
Ask me anything: An error occurred: EOF when reading a line
Ask me anything: An error occurred: EOF when reading a line
Ask me anything: An error occurred: EOF when reading a line
Ask me anything: An error occurred: EOF when reading a line
Ask me anything: An error occurred: EOF when reading a line
Ask me anything: An error occurred: EOF when reading a line
Ask me anything: An error occurred: EOF when reading a line
Ask me anything: An error occurred: EOF when reading a line
Ask me anything: An error occurred: EOF when reading a line
Ask me anything: An error occurred: EOF when reading a line
Ask me anything: An error occurred: EOF when reading a line
Ask me anything: An error occurred: EOF when reading a line
Ask me anything: An error occurred: EOF when reading a line
Ask me anything: An error occurred: EOF when reading a line
Ask me anything: An error occurred: EOF when reading a line
Ask me anything: An error occurred: EOF when reading a line
Ask me anything: An error occurred: EOF when reading a line
Ask me anything: An error occurred: EOF when reading a line
Ask me anything: An error occurred: EOF when reading a line
Ask me anything: An error occurred: EOF when reading a line
Ask me anything: An error occurred: EOF when reading a line
Ask me anything: An error occurred: EOF when reading a line
Ask me anything: An error occurred: EOF when reading a line
Ask me anything: An error occurred: EOF when reading a line
Ask me anything: An error occurred: EOF when reading a line
Ask me anything: An error occurred: EOF when reading a line
Ask me anything: An error occurred: EOF when reading a line
Ask me anything: An error occurred: EOF when reading a line
Ask me anything: An error occurred: EOF when reading a line
Ask me anything: An error occurred: EOF when reading a line
Ask me anything: An error occurred: EOF when reading a line
Ask me anything: An error occurred: EOF when reading a line
Ask me anything: An error occurred: EOF when reading a line
Ask me anything: An error occurred: EOF when reading a line
Ask me anything: An error occurred: EOF when reading a line
Ask me anything: An error occurred: EOF when reading a line
Ask me anything: An error occurred: EOF when reading a line
Ask me anything: An error occurred: EOF when reading a line
Ask me anything: An error occurred: EOF when reading a line
Ask me anything: An error occurred: EOF when reading a line
Ask me anything: An error occurred: EOF when reading a line
Ask me anything: An error occurred: EOF when reading a line
Ask me anything: An error occurred: EOF when reading a line
Ask me anything: An error occurred: EOF when reading a line
Ask me anything: An error occurred: EOF when reading a line
Ask me anything: An error occurred: EOF when reading a line
Ask me anything: An error occurred: EOF when reading a line
Ask me anything: An error occurred: EOF when reading a line
Ask me anything: An error occurred: EOF when reading a line
Ask me anything: An error occurred: EOF when reading a line
Ask me anything: An error occurred: EOF when reading a line
Ask me anything: An error occurred: EOF when reading a line
Ask me anything: An error occurred: EOF when reading a line
Ask me anything: An error occurred: EOF when reading a line
Ask me anything: An error occurred: EOF when reading a line
Ask me anything: An error occurred: EOF when reading a line
Ask me anything: An error occurred: EOF when reading a line
Ask me anything: An error occurred: EOF when reading a line
Ask me anything: An error occurred: EOF when reading a line
Ask me anything: An error occurred: EOF when reading a line
Ask me anything: An error occurred: EOF when reading a line
Ask me anything: An error occurred: EOF when reading a line
Ask me anything: An error occurred: EOF when reading a line
Ask me anything: An error occurred: EOF when reading a line
Ask me anything: An error occurred: EOF when reading a line
Ask me anything: An error occurred: EOF when reading a line
Ask me anything: An error occurred: EOF when reading a line
Ask me anything: An error occurred: EOF when reading a line
Ask me anything: An error occurred: EOF when reading a line
Ask me anything: An error occurred: EOF when reading a line
Ask me anything: An error occurred: EOF when reading a line
Ask me anything: An error occurred: EOF when reading a line
Ask me anything: An error occurred: EOF when reading a line
Ask me anything: An error occurred: EOF when reading a line
Ask me anything: An error occurred: EOF when reading a line
Ask me anything: An error occurred: EOF when reading a line
Ask me anything: An error occurred: EOF when reading a line
Ask me anything: An error occurred: EOF when reading a line
Ask me anything: An error occurred: EOF when reading a line
Ask me anything: An error occurred: EOF when reading a line
Ask me anything: An error occurred: EOF when reading a line
Ask me anything: An error occurred: EOF when reading a line
Ask me anything: An error occurred: EOF when reading a line
Ask me anything: An error occurred: EOF when reading a line
Ask me anything: An error occurred: EOF when reading a line
Ask me anything: An error occurred: EOF when reading a line
Ask me anything: An error occurred: EOF when reading a line
Ask me anything: An error occurred: EOF when reading a line
Ask me anything: An error occurred: EOF when reading a line
Ask me anything: An error occurred: EOF when reading a line
Ask me anything: An error occurred: EOF when reading a line
Ask me anything: An error occurred: EOF when reading a line
Ask me anything: An error occurred: EOF when reading a line
Ask me anything: An error occurred: EOF when reading a line
Ask me anything: An error occurred: EOF when reading a line
Ask me anything: An error occurred: EOF when reading a line
Ask me anything: An error occurred: EOF when reading a line
Ask me anything: An error occurred: EOF when reading a line
Ask me anything: An error occurred: EOF when reading a line
Ask me anything: An error occurred: EOF when reading a line
Ask me anything: An error occurred: EOF when reading a line
Ask me anything: An error occurred: EOF when reading a line
Ask me anything: An error occurred: EOF when reading a line
Ask me anything: An error occurred: EOF when reading a line
Ask me anything: An error occurred: EOF when reading a line
Ask me anything: An error occurred: EOF when reading a line
Ask me anything: An error occurred: EOF when reading a line
Ask me anything: An error occurred: EOF when reading a line
Ask me anything: An error occurred: EOF when reading a line
Ask me anything: An error occurred: EOF when reading a line
Ask me anything: An error occurred: EOF when reading a line
Ask me anything: An error occurred: EOF when reading a line
Ask me anything: An error occurred: EOF when reading a line
Ask me anything: An error occurred: EOF when reading a line
Ask me anything: An error occurred: EOF when reading a line
Ask me anything: An error occurred: EOF when reading a line
Ask me anything: An error occurred: EOF when reading a line
Ask me anything: An error occurred: EOF when reading a line
Ask me anything: An error occurred: EOF when reading a line
Ask me anything: An error occurred: EOF when reading a line
Ask me anything: An error occurred: EOF when reading a line
Ask me anything: An error occurred: EOF when reading a line
Ask me anything: An error occurred: EOF when reading a line
Ask me anything: An error occurred: EOF when reading a line
Ask me anything: An error occurred: EOF when reading a line
Ask me anything: An error occurred: EOF when reading a line
Ask me anything: An error occurred: EOF when reading a line
Ask me anything: An error occurred: EOF when reading a line
Ask me anything: An error occurred: EOF when reading a line
Ask me anything: An error occurred: EOF when reading a line
Ask me anything: An error occurred: EOF when reading a line
Ask me anything: An error occurred: EOF when reading a line
Ask me anything: An error occurred: EOF when reading a line
Ask me anything: An error occurred: EOF when reading a line
Ask me anything: An error occurred: EOF when reading a line
Ask me anything: An error occurred: EOF when reading a line
Ask me anything: An error occurred: EOF when reading a line
Ask me anything: An error occurred: EOF when reading a line
Ask me anything: An error occurred: EOF when reading a line
Ask me anything: An error occurred: EOF when reading a line
Ask me anything: An error occurred: EOF when reading a line
Ask me anything: An error occurred: EOF when reading a line
Ask me anything: An error occurred: EOF when reading a line
Ask me anything: An error occurred: EOF when reading a line
Ask me anything: An error occurred: EOF when reading a line
Ask me anything: An error occurred: EOF when reading a line
Ask me anything: An error occurred: EOF when reading a line
Ask me anything: An error occurred: EOF when reading a line
Ask me anything: An error occurred: EOF when reading a line
Ask me anything: An error occurred: EOF when reading a line
Ask me anything: An error occurred: EOF when reading a line
Ask me anything: An error occurred: EOF when reading a line
Ask me anything: An error occurred: EOF when reading a line
Ask me anything: An error occurred: EOF when reading a line
Ask me anything: An error occurred: EOF when reading a line
Ask me anything: An error occurred: EOF when reading a line
Ask me anything: An error occurred: EOF when reading a line
Ask me anything: An error occurred: EOF when reading a line
Ask me anything: An error occurred: EOF when reading a line
Ask me anything: An error occurred: EOF when reading a line
Ask me anything: An error occurred: EOF when reading a line
Ask me anything: An error occurred: EOF when reading a line
Ask me anything: An error occurred: EOF when reading a line
Ask me anything: An error occurred: EOF when reading a line
Ask me anything: An error occurred: EOF when reading a line
Ask me anything: An error occurred: EOF when reading a line
Ask me anything: An error occurred: EOF when reading a line
Ask me anything: An error occurred: EOF when reading a line
Ask me anything: An error occurred: EOF when reading a line
Ask me anything: An error occurred: EOF when reading a line
Ask me anything: An error occurred: EOF when reading a line
Ask me anything: An error occurred: EOF when reading a line
Ask me anything: An error occurred: EOF when reading a line
Ask me anything: An error occurred: EOF when reading a line
Ask me anything: An error occurred: EOF when reading a line
Ask me anything: An error occurred: EOF when reading a line
Ask me anything: An error occurred: EOF when reading a line
Ask me anything: An error occurred: EOF when reading a line
Ask me anything: An error occurred: EOF when reading a line
Ask me anything: An error occurred: EOF when reading a line
Ask me anything: An error occurred: EOF when reading a line
Ask me anything: An error occurred: EOF when reading a line
Ask me anything: An error occurred: EOF when reading a line
Ask me anything: An error occurred: EOF when reading a line
Ask me anything: An error occurred: EOF when reading a line
Ask me anything: An error occurred: EOF when reading a line
Ask me anything: An error occurred: EOF when reading a line
Ask me anything: An error occurred: EOF when reading a line
Ask me anything: An error occurred: EOF when reading a line
Ask me anything: An error occurred: EOF when reading a line
Ask me anything: An error occurred: EOF when reading a line
Ask me anything: An error occurred: EOF when reading a line
Ask me anything: An error occurred: EOF when reading a line
Ask me anything: An error occurred: EOF when reading a line
Ask me anything: An error occurred: EOF when reading a line
Ask me anything: An error occurred: EOF when reading a line
Ask me anything: An error occurred: EOF when reading a line
Ask me anything: An error occurred: EOF when reading a line
Ask me anything: An error occurred: EOF when reading a line
Ask me anything: An error occurred: EOF when reading a line
Ask me anything: An error occurred: EOF when reading a line
Ask me anything: An error occurred: EOF when reading a line
Ask me anything: An error occurred: EOF when reading a line
Ask me anything: An error occurred: EOF when reading a line
Ask me anything: An error occurred: EOF when reading a line
Ask me anything: An error occurred: EOF when reading a line
Ask me anything: An error occurred: EOF when reading a line
Ask me anything: An error occurred: EOF when reading a line
Ask me anything: An error occurred: EOF when reading a line
Ask me anything: An error occurred: EOF when reading a line
Ask me anything: An error occurred: EOF when reading a line
Ask me anything: An error occurred: EOF when reading a line
Ask me anything: An error occurred: EOF when reading a line
Ask me anything: An error occurred: EOF when reading a line
Ask me anything: An error occurred: EOF when reading a line
Ask me anything: An error occurred: EOF when reading a line
Ask me anything: An error occurred: EOF when reading a line
Ask me anything: An error occurred: EOF when reading a line
Ask me anything: An error occurred: EOF when reading a line
Ask me anything: An error occurred: EOF when reading a line
Ask me anything: An error occurred: EOF when reading a line
Ask me anything: An error occurred: EOF when reading a line
Ask me anything: An error occurred: EOF when reading a line
Ask me anything: An error occurred: EOF when reading a line
Ask me anything: An error occurred: EOF when reading a line
Ask me anything: An error occurred: EOF when reading a line
Ask me anything: An error occurred: EOF when reading a line
Ask me anything: An error occurred: EOF when reading a line
Ask me anything: An error occurred: EOF when reading a line
Ask me anything: An error occurred: EOF when reading a line
Ask me anything: An error occurred: EOF when reading a line
Ask me anything: An error occurred: EOF when reading a line
Ask me anything: An error occurred: EOF when reading a line
Ask me anything: An error occurred: EOF when reading a line
Ask me anything: An error occurred: EOF when reading a line
Ask me anything: An error occurred: EOF when reading a line
Ask me anything: An error occurred: EOF when reading a line
Ask me anything: An error occurred: EOF when reading a line
Ask me anything: An error occurred: EOF when reading a line
Ask me anything: An error occurred: EOF when reading a line
Ask me anything: An error occurred: EOF when reading a line
Ask me anything: An error occurred: EOF when reading a line
Ask me anything: An error occurred: EOF when reading a line
Ask me anything: An error occurred: EOF when reading a line
Ask me anything: An error occurred: EOF when reading a line
Ask me anything: An error occurred: EOF when reading a line
Ask me anything: An error occurred: EOF when reading a line
Ask me anything: An error occurred: EOF when reading a line
Ask me anything: An error occurred: EOF when reading a line
Ask me anything: An error occurred: EOF when reading a line
Ask me anything: An error occurred: EOF when reading a line
Ask me anything: An error occurred: EOF when reading a line
Ask me anything: An error occurred: EOF when reading a line
Ask me anything: An error occurred: EOF when reading a line
Ask me anything: An error occurred: EOF when reading a line
Ask me anything: An error occurred: EOF when reading a line
Ask me anything: An error occurred: EOF when reading a line
Ask me anything: An error occurred: EOF when reading a line
Ask me anything: An error occurred: EOF when reading a line
Ask me anything: An error occurred: EOF when reading a line
Ask me anything: An error occurred: EOF when reading a line
Ask me anything: An error occurred: EOF when reading a line
Ask me anything: An error occurred: EOF when reading a line
Ask me anything: An error occurred: EOF when reading a line
Ask me anything: An error occurred: EOF when reading a line
Ask me anything: An error occurred: EOF when reading a line
Ask me anything: An error occurred: EOF when reading a line
Ask me anything: An error occurred: EOF when reading a line
Ask me anything: An error occurred: EOF when reading a line
Ask me anything: An error occurred: EOF when reading a line
Ask me anything: An error occurred: EOF when reading a line
Ask me anything: An error occurred: EOF when reading a line
Ask me anything: An error occurred: EOF when reading a line
Ask me anything: An error occurred: EOF when reading a line
Ask me anything: An error occurred: EOF when reading a line
Ask me anything: An error occurred: EOF when reading a line
Ask me anything: An error occurred: EOF when reading a line
Ask me anything: An error occurred: EOF when reading a line
Ask me anything: An error occurred: EOF when reading a line
Ask me anything: An error occurred: EOF when reading a line
Ask me anything: An error occurred: EOF when reading a line
Ask me anything: An error occurred: EOF when reading a line
Ask me anything: An error occurred: EOF when reading a line
Ask me anything: An error occurred: EOF when reading a line
Ask me anything: An error occurred: EOF when reading a line
Ask me anything: An error occurred: EOF when reading a line
Ask me anything: An error occurred: EOF when reading a line
Ask me anything: An error occurred: EOF when reading a line
Ask me anything: An error occurred: EOF when reading a line
Ask me anything: An error occurred: EOF when reading a line
Ask me anything: An error occurred: EOF when reading a line
Ask me anything: An error occurred: EOF when reading a line
Ask me anything: An error occurred: EOF when reading a line
Ask me anything: An error occurred: EOF when reading a line
Ask me anything: An error occurred: EOF when reading a line
Ask me anything: An error occurred: EOF when reading a line
Ask me anything: An error occurred: EOF when reading a line
Ask me anything: An error occurred: EOF when reading a line
Ask me anything: An error occurred: EOF when reading a line
Ask me anything: An error occurred: EOF when reading a line
Ask me anything: An error occurred: EOF when reading a line
Ask me anything: An error occurred: EOF when reading a line
Ask me anything: An error occurred: EOF when reading a line
Ask me anything: An error occurred: EOF when reading a line
Ask me anything: An error occurred: EOF when reading a line
Ask me anything: An error occurred: EOF when reading a line
Ask me anything: An error occurred: EOF when reading a line
Ask me anything: An error occurred: EOF when reading a line
Ask me anything: An error occurred: EOF when reading a line
Ask me anything: An error occurred: EOF when reading a line
Ask me anything: An error occurred: EOF when reading a line
Ask me anything: An error occurred: EOF when reading a line
Ask me anything: An error occurred: EOF when reading a line
Ask me anything: An error occurred: EOF when reading a line
Ask me anything: An error occurred: EOF when reading a line
Ask me anything: An error occurred: EOF when reading a line
Ask me anything: An error occurred: EOF when reading a line
Ask me anything: An error occurred: EOF when reading a line
Ask me anything: An error occurred: EOF when reading a line
Ask me anything: An error occurred: EOF when reading a line
Ask me anything: An error occurred: EOF when reading a line
Ask me anything: An error occurred: EOF when reading a line
Ask me anything: An error occurred: EOF when reading a line
Ask me anything: An error occurred: EOF when reading a line
Ask me anything: An error occurred: EOF when reading a line
Ask me anything: An error occurred: EOF when reading a line
Ask me anything: An error occurred: EOF when reading a line
Ask me anything: An error occurred: EOF when reading a line
Ask me anything: An error occurred: EOF when reading a line
Ask me anything: An error occurred: EOF when reading a line
Ask me anything: An error occurred: EOF when reading a line
Ask me anything: An error occurred: EOF when reading a line
Ask me anything: An error occurred: EOF when reading a line
Ask me anything: An error occurred: EOF when reading a line
Ask me anything: An error occurred: EOF when reading a line
Ask me anything: An error occurred: EOF when reading a line
Ask me anything: An error occurred: EOF when reading a line
Ask me anything: An error occurred: EOF when reading a line
Ask me anything: An error occurred: EOF when reading a line
Ask me anything: An error occurred: EOF when reading a line
Ask me anything: An error occurred: EOF when reading a line
Ask me anything: An error occurred: EOF when reading a line
Ask me anything: An error occurred: EOF when reading a line
Ask me anything: An error occurred: EOF when reading a line
Ask me anything: An error occurred: EOF when reading a line
Ask me anything: An error occurred: EOF when reading a line
Ask me anything: An error occurred: EOF when reading a line
Ask me anything: An error occurred: EOF when reading a line
Ask me anything: An error occurred: EOF when reading a line
Ask me anything: An error occurred: EOF when reading a line
Ask me anything: An error occurred: EOF when reading a line
Ask me anything: An error occurred: EOF when reading a line
Ask me anything: An error occurred: EOF when reading a line
Ask me anything: An error occurred: EOF when reading a line
Ask me anything: An error occurred: EOF when reading a line
Ask me anything: An error occurred: EOF when reading a line
Ask me anything: An error occurred: EOF when reading a line
Ask me anything: An error occurred: EOF when reading a line
Ask me anything: An error occurred: EOF when reading a line
Ask me anything: An error occurred: EOF when reading a line
Ask me anything: An error occurred: EOF when reading a line
Ask me anything: An error occurred: EOF when reading a line
Ask me anything: An error occurred: EOF when reading a line
Ask me anything: An error occurred: EOF when reading a line
Ask me anything: An error occurred: EOF when reading a line
Ask me anything: An error occurred: EOF when reading a line
Ask me anything: An error occurred: EOF when reading a line
Ask me anything: An error occurred: EOF when reading a line
Ask me anything: An error occurred: EOF when reading a line
Ask me anything: An error occurred: EOF when reading a line
Ask me anything: An error occurred: EOF when reading a line
Ask me anything: An error occurred: EOF when reading a line
Ask me anything: An error occurred: EOF when reading a line
Ask me anything: An error occurred: EOF when reading a line
Ask me anything: An error occurred: EOF when reading a line
Ask me anything: An error occurred: EOF when reading a line
Ask me anything: An error occurred: EOF when reading a line
Ask me anything: An error occurred: EOF when reading a line
Ask me anything: An error occurred: EOF when reading a line
Ask me anything: An error occurred: EOF when reading a line
Ask me anything: An error occurred: EOF when reading a line
Ask me anything: An error occurred: EOF when reading a line
Ask me anything: An error occurred: EOF when reading a line
Ask me anything: An error occurred: EOF when reading a line
Ask me anything: An error occurred: EOF when reading a line
Ask me anything: An error occurred: EOF when reading a line
Ask me anything: An error occurred: EOF when reading a line
Ask me anything: An error occurred: EOF when reading a line
Ask me anything: An error occurred: EOF when reading a line
Ask me anything: An error occurred: EOF when reading a line
Ask me anything: An error occurred: EOF when reading a line
Ask me anything: An error occurred: EOF when reading a line
Ask me anything: An error occurred: EOF when reading a line
Ask me anything: An error occurred: EOF when reading a line
Ask me anything: An error occurred: EOF when reading a line
Ask me anything: An error occurred: EOF when reading a line
Ask me anything: An error occurred: EOF when reading a line
Ask me anything: An error occurred: EOF when reading a line
Ask me anything: An error occurred: EOF when reading a line
Ask me anything: An error occurred: EOF when reading a line
Ask me anything: An error occurred: EOF when reading a line
Ask me anything: An error occurred: EOF when reading a line
Ask me anything: An error occurred: EOF when reading a line
Ask me anything: An error occurred: EOF when reading a line
Ask me anything: An error occurred: EOF when reading a line
Ask me anything: An error occurred: EOF when reading a line
Ask me anything: An error occurred: EOF when reading a line
Ask me anything: An error occurred: EOF when reading a line
Ask me anything: An error occurred: EOF when reading a line
Ask me anything: An error occurred: EOF when reading a line
Ask me anything: An error occurred: EOF when reading a line
Ask me anything: An error occurred: EOF when reading a line
Ask me anything: An error occurred: EOF when reading a line
Ask me anything: An error occurred: EOF when reading a line
Ask me anything: An error occurred: EOF when reading a line
Ask me anything: An error occurred: EOF when reading a line
Ask me anything: An error occurred: EOF when reading a line
Ask me anything: An error occurred: EOF when reading a line
Ask me anything: An error occurred: EOF when reading a line
Ask me anything: An error occurred: EOF when reading a line
Ask me anything: An error occurred: EOF when reading a line
Ask me anything: An error occurred: EOF when reading a line
Ask me anything: An error occurred: EOF when reading a line
Ask me anything: An error occurred: EOF when reading a line
Ask me anything: An error occurred: EOF when reading a line
Ask me anything: An error occurred: EOF when reading a line
Ask me anything: An error occurred: EOF when reading a line
Ask me anything: An error occurred: EOF when reading a line
Ask me anything: An error occurred: EOF when reading a line
Ask me anything: An error occurred: EOF when reading a line
Ask me anything: An error occurred: EOF when reading a line
Ask me anything: An error occurred: EOF when reading a line
Ask me anything: An error occurred: EOF when reading a line
Ask me anything: An error occurred: EOF when reading a line
Ask me anything: An error occurred: EOF when reading a line
Ask me anything: An error occurred: EOF when reading a line
Ask me anything: An error occurred: EOF when reading a line
Ask me anything: An error occurred: EOF when reading a line
Ask me anything: An error occurred: EOF when reading a line
Ask me anything: An error occurred: EOF when reading a line
Ask me anything: An error occurred: EOF when reading a line
Ask me anything: An error occurred: EOF when reading a line
Ask me anything: An error occurred: EOF when reading a line
Ask me anything: An error occurred: EOF when reading a line
Ask me anything: An error occurred: EOF when reading a line
Ask me anything: An error occurred: EOF when reading a line
Ask me anything: An error occurred: EOF when reading a line
Ask me anything: An error occurred: EOF when reading a line
Ask me anything: An error occurred: EOF when reading a line
Ask me anything: An error occurred: EOF when reading a line
Ask me anything: An error occurred: EOF when reading a line
Ask me anything: An error occurred: EOF when reading a line
Ask me anything: An error occurred: EOF when reading a line
Ask me anything: An error occurred: EOF when reading a line
Ask me anything: An error occurred: EOF when reading a line
Ask me anything: An error occurred: EOF when reading a line
Ask me anything: An error occurred: EOF when reading a line
Ask me anything: An error occurred: EOF when reading a line
Ask me anything: An error occurred: EOF when reading a line
Ask me anything: An error occurred: EOF when reading a line
Ask me anything: An error occurred: EOF when reading a line
Ask me anything: An error occurred: EOF when reading a line
Ask me anything: An error occurred: EOF when reading a line
Ask me anything: An error occurred: EOF when reading a line
Ask me anything: An error occurred: EOF when reading a line
Ask me anything: An error occurred: EOF when reading a line
Ask me anything: An error occurred: EOF when reading a line
Ask me anything: An error occurred: EOF when reading a line
Ask me anything: An error occurred: EOF when reading a line
Ask me anything: An error occurred: EOF when reading a line
Ask me anything: An error occurred: EOF when reading a line
Ask me anything: An error occurred: EOF when reading a line
Ask me anything: An error occurred: EOF when reading a line
Ask me anything: An error occurred: EOF when reading a line
Ask me anything: An error occurred: EOF when reading a line
Ask me anything: An error occurred: EOF when reading a line
Ask me anything: An error occurred: EOF when reading a line
Ask me anything: An error occurred: EOF when reading a line
Ask me anything: An error occurred: EOF when reading a line
Ask me anything: An error occurred: EOF when reading a line
Ask me anything: An error occurred: EOF when reading a line
Ask me anything: An error occurred: EOF when reading a line
Ask me anything: An error occurred: EOF when reading a line
Ask me anything: An error occurred: EOF when reading a line
Ask me anything: An error occurred: EOF when reading a line
Ask me anything: An error occurred: EOF when reading a line
Ask me anything: An error occurred: EOF when reading a line
Ask me anything: An error occurred: EOF when reading a line
Ask me anything: An error occurred: EOF when reading a line
Ask me anything: An error occurred: EOF when reading a line
Ask me anything: An error occurred: EOF when reading a line
Ask me anything: An error occurred: EOF when reading a line
Ask me anything: An error occurred: EOF when reading a line
Ask me anything: An error occurred: EOF when reading a line
Ask me anything: An error occurred: EOF when reading a line
Ask me anything: An error occurred: EOF when reading a line
Ask me anything: An error occurred: EOF when reading a line
Ask me anything: An error occurred: EOF when reading a line
Ask me anything: An error occurred: EOF when reading a line
Ask me anything: An error occurred: EOF when reading a line
Ask me anything: An error occurred: EOF when reading a line
Ask me anything: An error occurred: EOF when reading a line
Ask me anything: An error occurred: EOF when reading a line
Ask me anything: An error occurred: EOF when reading a line
Ask me anything: An error occurred: EOF when reading a line
Ask me anything: An error occurred: EOF when reading a line
Ask me anything: An error occurred: EOF when reading a line
Ask me anything: An error occurred: EOF when reading a line
Ask me anything: An error occurred: EOF when reading a line
Ask me anything: An error occurred: EOF when reading a line
Ask me anything: An error occurred: EOF when reading a line
Ask me anything: An error occurred: EOF when reading a line
Ask me anything: An error occurred: EOF when reading a line
Ask me anything: An error occurred: EOF when reading a line
Ask me anything: An error occurred: EOF when reading a line
Ask me anything: An error occurred: EOF when reading a line
Ask me anything: An error occurred: EOF when reading a line
Ask me anything: An error occurred: EOF when reading a line
Ask me anything: An error occurred: EOF when reading a line
Ask me anything: An error occurred: EOF when reading a line
Ask me anything: An error occurred: EOF when reading a line
Ask me anything: An error occurred: EOF when reading a line
Ask me anything: An error occurred: EOF when reading a line
Ask me anything: An error occurred: EOF when reading a line
Ask me anything: An error occurred: EOF when reading a line
Ask me anything: An error occurred: EOF when reading a line
Ask me anything: An error occurred: EOF when reading a line
Ask me anything: An error occurred: EOF when reading a line
Ask me anything: An error occurred: EOF when reading a line
Ask me anything: An error occurred: EOF when reading a line
Ask me anything: An error occurred: EOF when reading a line
Ask me anything: An error occurred: EOF when reading a line
Ask me anything: An error occurred: EOF when reading a line
Ask me anything: An error occurred: EOF when reading a line
Ask me anything: An error occurred: EOF when reading a line
Ask me anything: An error occurred: EOF when reading a line
Ask me anything: An error occurred: EOF when reading a line
Ask me anything: An error occurred: EOF when reading a line
Ask me anything: An error occurred: EOF when reading a line
Ask me anything: An error occurred: EOF when reading a line
Ask me anything: An error occurred: EOF when reading a line
Ask me anything: An error occurred: EOF when reading a line
Ask me anything: An error occurred: EOF when reading a line
Ask me anything: An error occurred: EOF when reading a line
Ask me anything: An error occurred: EOF when reading a line
Ask me anything: An error occurred: EOF when reading a line
Ask me anything: An error occurred: EOF when reading a line
Ask me anything: An error occurred: EOF when reading a line
Ask me anything: An error occurred: EOF when reading a line
Ask me anything: An error occurred: EOF when reading a line
Ask me anything: An error occurred: EOF when reading a line
Ask me anything: An error occurred: EOF when reading a line
Ask me anything: An error occurred: EOF when reading a line
Ask me anything: An error occurred: EOF when reading a line
Ask me anything: An error occurred: EOF when reading a line
Ask me anything: An error occurred: EOF when reading a line
Ask me anything: An error occurred: EOF when reading a line
Ask me anything: An error occurred: EOF when reading a line
Ask me anything: An error occurred: EOF when reading a line
Ask me anything: An error occurred: EOF when reading a line
Ask me anything: An error occurred: EOF when reading a line
Ask me anything: An error occurred: EOF when reading a line
Ask me anything: An error occurred: EOF when reading a line
Ask me anything: An error occurred: EOF when reading a line
Ask me anything: An error occurred: EOF when reading a line
Ask me anything: An error occurred: EOF when reading a line
Ask me anything: An error occurred: EOF when reading a line
Ask me anything: An error occurred: EOF when reading a line
Ask me anything: An error occurred: EOF when reading a line
Ask me anything: An error occurred: EOF when reading a line
Ask me anything: An error occurred: EOF when reading a line
Ask me anything: An error occurred: EOF when reading a line
Ask me anything: An error occurred: EOF when reading a line
Ask me anything: An error occurred: EOF when reading a line
Ask me anything: An error occurred: EOF when reading a line
Ask me anything: An error occurred: EOF when reading a line
Ask me anything: An error occurred: EOF when reading a line
Ask me anything: An error occurred: EOF when reading a line
Ask me anything: An error occurred: EOF when reading a line
Ask me anything: An error occurred: EOF when reading a line
Ask me anything: An error occurred: EOF when reading a line
Ask me anything: An error occurred: EOF when reading a line
Ask me anything: An error occurred: EOF when reading a line
Ask me anything: An error occurred: EOF when reading a line
Ask me anything: An error occurred: EOF when reading a line
Ask me anything: An error occurred: EOF when reading a line
Ask me anything: An error occurred: EOF when reading a line
Ask me anything: An error occurred: EOF when reading a line
Ask me anything: An error occurred: EOF when reading a line
Ask me anything: An error occurred: EOF when reading a line
Ask me anything: An error occurred: EOF when reading a line
Ask me anything: An error occurred: EOF when reading a line
Ask me anything: An error occurred: EOF when reading a line
Ask me anything: An error occurred: EOF when reading a line
Ask me anything: An error occurred: EOF when reading a line
Ask me anything: An error occurred: EOF when reading a line
Ask me anything: An error occurred: EOF when reading a line
Ask me anything: An error occurred: EOF when reading a line
Ask me anything: An error occurred: EOF when reading a line
Ask me anything: An error occurred: EOF when reading a line
Ask me anything: An error occurred: EOF when reading a line
Ask me anything: An error occurred: EOF when reading a line
Ask me anything: An error occurred: EOF when reading a line
Ask me anything: An error occurred: EOF when reading a line
Ask me anything: An error occurred: EOF when reading a line
Ask me anything: An error occurred: EOF when reading a line
Ask me anything: An error occurred: EOF when reading a line
Ask me anything: An error occurred: EOF when reading a line
Ask me anything: An error occurred: EOF when reading a line
Ask me anything: An error occurred: EOF when reading a line
Ask me anything: An error occurred: EOF when reading a line
Ask me anything: An error occurred: EOF when reading a line
Ask me anything: An error occurred: EOF when reading a line
Ask me anything: An error occurred: EOF when reading a line
Ask me anything: An error occurred: EOF when reading a line
Ask me anything: An error occurred: EOF when reading a line
Ask me anything: An error occurred: EOF when reading a line
Ask me anything: An error occurred: EOF when reading a line
Ask me anything: An error occurred: EOF when reading a line
Ask me anything: An error occurred: EOF when reading a line
Ask me anything: An error occurred: EOF when reading a line
Ask me anything: An error occurred: EOF when reading a line
Ask me anything: An error occurred: EOF when reading a line
Ask me anything: An error occurred: EOF when reading a line
Ask me anything: An error occurred: EOF when reading a line
Ask me anything: An error occurred: EOF when reading a line
Ask me anything: An error occurred: EOF when reading a line
Ask me anything: An error occurred: EOF when reading a line
Ask me anything: An error occurred: EOF when reading a line
Ask me anything: An error occurred: EOF when reading a line
Ask me anything: An error occurred: EOF when reading a line
Ask me anything: An error occurred: EOF when reading a line
Ask me anything: An error occurred: EOF when reading a line
Ask me anything: An error occurred: EOF when reading a line
Ask me anything: An error occurred: EOF when reading a line
Ask me anything: An error occurred: EOF when reading a line
Ask me anything: An error occurred: EOF when reading a line
Ask me anything: An error occurred: EOF when reading a line
Ask me anything: An error occurred: EOF when reading a line
Ask me anything: An error occurred: EOF when reading a line
Ask me anything: An error occurred: EOF when reading a line
Ask me anything: An error occurred: EOF when reading a line
Ask me anything: An error occurred: EOF when reading a line
Ask me anything: An error occurred: EOF when reading a line
Ask me anything: An error occurred: EOF when reading a line
Ask me anything: An error occurred: EOF when reading a line
Ask me anything: An error occurred: EOF when reading a line
Ask me anything: An error occurred: EOF when reading a line
Ask me anything: An error occurred: EOF when reading a line
Ask me anything: An error occurred: EOF when reading a line
Ask me anything: An error occurred: EOF when reading a line
Ask me anything: An error occurred: EOF when reading a line
Ask me anything: An error occurred: EOF when reading a line
Ask me anything: An error occurred: EOF when reading a line
Ask me anything: An error occurred: EOF when reading a line
Ask me anything: An error occurred: EOF when reading a line
Ask me anything: An error occurred: EOF when reading a line
Ask me anything: An error occurred: EOF when reading a line
Ask me anything: An error occurred: EOF when reading a line
Ask me anything: An error occurred: EOF when reading a line
Ask me anything: An error occurred: EOF when reading a line
Ask me anything: An error occurred: EOF when reading a line
Ask me anything: An error occurred: EOF when reading a line
Ask me anything: An error occurred: EOF when reading a line
Ask me anything: An error occurred: EOF when reading a line
Ask me anything: An error occurred: EOF when reading a line
Ask me anything: An error occurred: EOF when reading a line
Ask me anything: An error occurred: EOF when reading a line
Ask me anything: An error occurred: EOF when reading a line
Ask me anything: An error occurred: EOF when reading a line
Ask me anything: An error occurred: EOF when reading a line
Ask me anything: An error occurred: EOF when reading a line
Ask me anything: An error occurred: EOF when reading a line
Ask me anything: An error occurred: EOF when reading a line
Ask me anything: An error occurred: EOF when reading a line
Ask me anything: An error occurred: EOF when reading a line
Ask me anything: An error occurred: EOF when reading a line
Ask me anything: An error occurred: EOF when reading a line
Ask me anything: An error occurred: EOF when reading a line
Ask me anything: An error occurred: EOF when reading a line
Ask me anything: An error occurred: EOF when reading a line
Ask me anything: An error occurred: EOF when reading a line
Ask me anything: An error occurred: EOF when reading a line
Ask me anything: An error occurred: EOF when reading a line
Ask me anything: An error occurred: EOF when reading a line
Ask me anything: An error occurred: EOF when reading a line
Ask me anything: An error occurred: EOF when reading a line
Ask me anything: An error occurred: EOF when reading a line
Ask me anything: An error occurred: EOF when reading a line
Ask me anything: An error occurred: EOF when reading a line
Ask me anything: An error occurred: EOF when reading a line
Ask me anything: An error occurred: EOF when reading a line
Ask me anything: An error occurred: EOF when reading a line
Ask me anything: An error occurred: EOF when reading a line
Ask me anything: An error occurred: EOF when reading a line
Ask me anything: An error occurred: EOF when reading a line
Ask me anything: An error occurred: EOF when reading a line
Ask me anything: An error occurred: EOF when reading a line
Ask me anything: An error occurred: EOF when reading a line
Ask me anything: An error occurred: EOF when reading a line
Ask me anything: An error occurred: EOF when reading a line
Ask me anything: An error occurred: EOF when reading a line
Ask me anything: An error occurred: EOF when reading a line
Ask me anything: An error occurred: EOF when reading a line
Ask me anything: An error occurred: EOF when reading a line
Ask me anything: An error occurred: EOF when reading a line
Ask me anything: An error occurred: EOF when reading a line
Ask me anything: An error occurred: EOF when reading a line
Ask me anything: An error occurred: EOF when reading a line
Ask me anything: An error occurred: EOF when reading a line
Ask me anything: An error occurred: EOF when reading a line
Ask me anything: An error occurred: EOF when reading a line
Ask me anything: An error occurred: EOF when reading a line
Ask me anything: An error occurred: EOF when reading a line
Ask me anything: An error occurred: EOF when reading a line
Ask me anything: An error occurred: EOF when reading a line
Ask me anything: An error occurred: EOF when reading a line
Ask me anything: An error occurred: EOF when reading a line
Ask me anything: An error occurred: EOF when reading a line
Ask me anything: An error occurred: EOF when reading a line
Ask me anything: An error occurred: EOF when reading a line
Ask me anything: An error occurred: EOF when reading a line
Ask me anything: An error occurred: EOF when reading a line
Ask me anything: An error occurred: EOF when reading a line
Ask me anything: An error occurred: EOF when reading a line
Ask me anything: An error occurred: EOF when reading a line
Ask me anything: An error occurred: EOF when reading a line
Ask me anything: An error occurred: EOF when reading a line
Ask me anything: An error occurred: EOF when reading a line
Ask me anything: An error occurred: EOF when reading a line
Ask me anything: An error occurred: EOF when reading a line
Ask me anything: An error occurred: EOF when reading a line
Ask me anything: An error occurred: EOF when reading a line
Ask me anything: An error occurred: EOF when reading a line
Ask me anything: An error occurred: EOF when reading a line
Ask me anything: An error occurred: EOF when reading a line
Ask me anything: An error occurred: EOF when reading a line
Ask me anything: An error occurred: EOF when reading a line
Ask me anything: An error occurred: EOF when reading a line
Ask me anything: An error occurred: EOF when reading a line
Ask me anything: An error occurred: EOF when reading a line
Ask me anything: An error occurred: EOF when reading a line
Ask me anything: An error occurred: EOF when reading a line
Ask me anything: An error occurred: EOF when reading a line
Ask me anything: An error occurred: EOF when reading a line
Ask me anything: An error occurred: EOF when reading a line
Ask me anything: An error occurred: EOF when reading a line
Ask me anything: An error occurred: EOF when reading a line
Ask me anything: An error occurred: EOF when reading a line
Ask me anything: An error occurred: EOF when reading a line
Ask me anything: An error occurred: EOF when reading a line
Ask me anything: An error occurred: EOF when reading a line
Ask me anything: An error occurred: EOF when reading a line
Ask me anything: An error occurred: EOF when reading a line
Ask me anything: An error occurred: EOF when reading a line
Ask me anything: An error occurred: EOF when reading a line
Ask me anything: An error occurred: EOF when reading a line
Ask me anything: An error occurred: EOF when reading a line
Ask me anything: An error occurred: EOF when reading a line
Ask me anything: An error occurred: EOF when reading a line
Ask me anything: An error occurred: EOF when reading a line
Ask me anything: An error occurred: EOF when reading a line
Ask me anything: An error occurred: EOF when reading a line
Ask me anything: An error occurred: EOF when reading a line
Ask me anything: An error occurred: EOF when reading a line
Ask me anything: An error occurred: EOF when reading a line
Ask me anything: An error occurred: EOF when reading a line
Ask me anything: An error occurred: EOF when reading a line
Ask me anything: An error occurred: EOF when reading a line
Ask me anything: An error occurred: EOF when reading a line
Ask me anything: An error occurred: EOF when reading a line
Ask me anything: An error occurred: EOF when reading a line
Ask me anything: An error occurred: EOF when reading a line
Ask me anything: An error occurred: EOF when reading a line
Ask me anything: An error occurred: EOF when reading a line
Ask me anything: An error occurred: EOF when reading a line
Ask me anything: An error occurred: EOF when reading a line
Ask me anything: An error occurred: EOF when reading a line
Ask me anything: An error occurred: EOF when reading a line
Ask me anything: An error occurred: EOF when reading a line
Ask me anything: An error occurred: EOF when reading a line
Ask me anything: An error occurred: EOF when reading a line
Ask me anything: An error occurred: EOF when reading a line
Ask me anything: An error occurred: EOF when reading a line
Ask me anything: An error occurred: EOF when reading a line
Ask me anything: An error occurred: EOF when reading a line
Ask me anything: An error occurred: EOF when reading a line
Ask me anything: An error occurred: EOF when reading a line
Ask me anything: An error occurred: EOF when reading a line
Ask me anything: An error occurred: EOF when reading a line
Ask me anything: An error occurred: EOF when reading a line
Ask me anything: An error occurred: EOF when reading a line
Ask me anything: An error occurred: EOF when reading a line
Ask me anything: An error occurred: EOF when reading a line
Ask me anything: An error occurred: EOF when reading a line
Ask me anything: An error occurred: EOF when reading a line
Ask me anything: An error occurred: EOF when reading a line
Ask me anything: An error occurred: EOF when reading a line
Ask me anything: An error occurred: EOF when reading a line
Ask me anything: An error occurred: EOF when reading a line
Ask me anything: An error occurred: EOF when reading a line
Ask me anything: An error occurred: EOF when reading a line
Ask me anything: An error occurred: EOF when reading a line
Ask me anything: An error occurred: EOF when reading a line
Ask me anything: An error occurred: EOF when reading a line
Ask me anything: An error occurred: EOF when reading a line
Ask me anything: An error occurred: EOF when reading a line
Ask me anything: An error occurred: EOF when reading a line
Ask me anything: An error occurred: EOF when reading a line
Ask me anything: An error occurred: EOF when reading a line
Ask me anything: An error occurred: EOF when reading a line
Ask me anything: An error occurred: EOF when reading a line
Ask me anything: An error occurred: EOF when reading a line
Ask me anything: An error occurred: EOF when reading a line
Ask me anything: An error occurred: EOF when reading a line
Ask me anything: An error occurred: EOF when reading a line
Ask me anything: An error occurred: EOF when reading a line
Ask me anything: An error occurred: EOF when reading a line
Ask me anything: An error occurred: EOF when reading a line
Ask me anything: An error occurred: EOF when reading a line
Ask me anything: An error occurred: EOF when reading a line
Ask me anything: An error occurred: EOF when reading a line
Ask me anything: An error occurred: EOF when reading a line
Ask me anything: An error occurred: EOF when reading a line
Ask me anything: An error occurred: EOF when reading a line
Ask me anything: An error occurred: EOF when reading a line
Ask me anything: An error occurred: EOF when reading a line
Ask me anything: An error occurred: EOF when reading a line
Ask me anything: An error occurred: EOF when reading a line
Ask me anything: An error occurred: EOF when reading a line
Ask me anything: An error occurred: EOF when reading a line
Ask me anything: An error occurred: EOF when reading a line
Ask me anything: An error occurred: EOF when reading a line
Ask me anything: An error occurred: EOF when reading a line
Ask me anything: An error occurred: EOF when reading a line
Ask me anything: An error occurred: EOF when reading a line
Ask me anything: An error occurred: EOF when reading a line
Ask me anything: An error occurred: EOF when reading a line
Ask me anything: An error occurred: EOF when reading a line
Ask me anything: An error occurred: EOF when reading a line
Ask me anything: An error occurred: EOF when reading a line
Ask me anything: An error occurred: EOF when reading a line
Ask me anything: An error occurred: EOF when reading a line
Ask me anything: An error occurred: EOF when reading a line
Ask me anything: An error occurred: EOF when reading a line
Ask me anything: An error occurred: EOF when reading a line
Ask me anything: An error occurred: EOF when reading a line
Ask me anything: An error occurred: EOF when reading a line
Ask me anything: An error occurred: EOF when reading a line
Ask me anything: An error occurred: EOF when reading a line
Ask me anything: An error occurred: EOF when reading a line
Ask me anything: An error occurred: EOF when reading a line
Ask me anything: An error occurred: EOF when reading a line
Ask me anything: An error occurred: EOF when reading a line
Ask me anything: An error occurred: EOF when reading a line
Ask me anything: An error occurred: EOF when reading a line
Ask me anything: An error occurred: EOF when reading a line
Ask me anything: An error occurred: EOF when reading a line
Ask me anything: An error occurred: EOF when reading a line
Ask me anything: An error occurred: EOF when reading a line
Ask me anything: An error occurred: EOF when reading a line
Ask me anything: An error occurred: EOF when reading a line
Ask me anything: An error occurred: EOF when reading a line
Ask me anything: An error occurred: EOF when reading a line
Ask me anything: An error occurred: EOF when reading a line
Ask me anything: An error occurred: EOF when reading a line
Ask me anything: An error occurred: EOF when reading a line
Ask me anything: An error occurred: EOF when reading a line
Ask me anything: An error occurred: EOF when reading a line
Ask me anything: An error occurred: EOF when reading a line
Ask me anything: An error occurred: EOF when reading a line
Ask me anything: An error occurred: EOF when reading a line
Ask me anything: An error occurred: EOF when reading a line
Ask me anything: An error occurred: EOF when reading a line
Ask me anything: An error occurred: EOF when reading a line
Ask me anything: An error occurred: EOF when reading a line
Ask me anything: An error occurred: EOF when reading a line
Ask me anything: An error occurred: EOF when reading a line
Ask me anything: An error occurred: EOF when reading a line
Ask me anything: An error occurred: EOF when reading a line
Ask me anything: An error occurred: EOF when reading a line
Ask me anything: An error occurred: EOF when reading a line
Ask me anything: An error occurred: EOF when reading a line
Ask me anything: An error occurred: EOF when reading a line
Ask me anything: An error occurred: EOF when reading a line
Ask me anything: An error occurred: EOF when reading a line
Ask me anything: An error occurred: EOF when reading a line
Ask me anything: An error occurred: EOF when reading a line
Ask me anything: An error occurred: EOF when reading a line
Ask me anything: An error occurred: EOF when reading a line
Ask me anything: An error occurred: EOF when reading a line
Ask me anything: An error occurred: EOF when reading a line
Ask me anything: An error occurred: EOF when reading a line
Ask me anything: An error occurred: EOF when reading a line
Ask me anything: An error occurred: EOF when reading a line
Ask me anything: An error occurred: EOF when reading a line
Ask me anything: An error occurred: EOF when reading a line
Ask me anything: An error occurred: EOF when reading a line
Ask me anything: An error occurred: EOF when reading a line
Ask me anything: An error occurred: EOF when reading a line
Ask me anything: An error occurred: EOF when reading a line
Ask me anything: An error occurred: EOF when reading a line
Ask me anything: An error occurred: EOF when reading a line
Ask me anything: An error occurred: EOF when reading a line
Ask me anything: An error occurred: EOF when reading a line
Ask me anything: An error occurred: EOF when reading a line
Ask me anything: An error occurred: EOF when reading a line
Ask me anything: An error occurred: EOF when reading a line
Ask me anything: An error occurred: EOF when reading a line
Ask me anything: An error occurred: EOF when reading a line
Ask me anything: An error occurred: EOF when reading a line
Ask me anything: An error occurred: EOF when reading a line
Ask me anything: An error occurred: EOF when reading a line
Ask me anything: An error occurred: EOF when reading a line
Ask me anything: An error occurred: EOF when reading a line
Ask me anything: An error occurred: EOF when reading a line
Ask me anything: An error occurred: EOF when reading a line
Ask me anything: An error occurred: EOF when reading a line
Ask me anything: An error occurred: EOF when reading a line
Ask me anything: An error occurred: EOF when reading a line
Ask me anything: An error occurred: EOF when reading a line
Ask me anything: An error occurred: EOF when reading a line
Ask me anything: An error occurred: EOF when reading a line
Ask me anything: An error occurred: EOF when reading a line
Ask me anything: An error occurred: EOF when reading a line
Ask me anything: An error occurred: EOF when reading a line
Ask me anything: An error occurred: EOF when reading a line
Ask me anything: An error occurred: EOF when reading a line
Ask me anything: An error occurred: EOF when reading a line
Ask me anything: An error occurred: EOF when reading a line
Ask me anything: An error occurred: EOF when reading a line
Ask me anything: An error occurred: EOF when reading a line
Ask me anything: An error occurred: EOF when reading a line
Ask me anything: An error occurred: EOF when reading a line
Ask me anything: An error occurred: EOF when reading a line
Ask me anything: An error occurred: EOF when reading a line
Ask me anything: An error occurred: EOF when reading a line
Ask me anything: An error occurred: EOF when reading a line
Ask me anything: An error occurred: EOF when reading a line
Ask me anything: An error occurred: EOF when reading a line
Ask me anything: An error occurred: EOF when reading a line
Ask me anything: An error occurred: EOF when reading a line
Ask me anything: An error occurred: EOF when reading a line
Ask me anything: An error occurred: EOF when reading a line
Ask me anything: An error occurred: EOF when reading a line
Ask me anything: An error occurred: EOF when reading a line
Ask me anything: An error occurred: EOF when reading a line
Ask me anything: An error occurred: EOF when reading a line
Ask me anything: An error occurred: EOF when reading a line
Ask me anything: An error occurred: EOF when reading a line
Ask me anything: An error occurred: EOF when reading a line
Ask me anything: An error occurred: EOF when reading a line
Ask me anything: An error occurred: EOF when reading a line
Ask me anything: An error occurred: EOF when reading a line
Ask me anything: An error occurred: EOF when reading a line
Ask me anything: An error occurred: EOF when reading a line
Ask me anything: An error occurred: EOF when reading a line
Ask me anything: An error occurred: EOF when reading a line
Ask me anything: An error occurred: EOF when reading a line
Ask me anything: An error occurred: EOF when reading a line
Ask me anything: An error occurred: EOF when reading a line
Ask me anything: An error occurred: EOF when reading a line
Ask me anything: An error occurred: EOF when reading a line
Ask me anything: An error occurred: EOF when reading a line
Ask me anything: An error occurred: EOF when reading a line
Ask me anything: An error occurred: EOF when reading a line
Ask me anything: An error occurred: EOF when reading a line
Ask me anything: An error occurred: EOF when reading a line
Ask me anything: An error occurred: EOF when reading a line
Ask me anything: An error occurred: EOF when reading a line
Ask me anything: An error occurred: EOF when reading a line
Ask me anything: An error occurred: EOF when reading a line
Ask me anything: An error occurred: EOF when reading a line
Ask me anything: An error occurred: EOF when reading a line
Ask me anything: An error occurred: EOF when reading a line
Ask me anything: An error occurred: EOF when reading a line
Ask me anything: An error occurred: EOF when reading a line
Ask me anything: An error occurred: EOF when reading a line
Ask me anything: An error occurred: EOF when reading a line
Ask me anything: An error occurred: EOF when reading a line
Ask me anything: An error occurred: EOF when reading a line
Ask me anything: An error occurred: EOF when reading a line
Ask me anything: An error occurred: EOF when reading a line
Ask me anything: An error occurred: EOF when reading a line
Ask me anything: An error occurred: EOF when reading a line
Ask me anything: An error occurred: EOF when reading a line
Ask me anything: An error occurred: EOF when reading a line
Ask me anything: An error occurred: EOF when reading a line
Ask me anything: An error occurred: EOF when reading a line
Ask me anything: An error occurred: EOF when reading a line
Ask me anything: An error occurred: EOF when reading a line
Ask me anything: An error occurred: EOF when reading a line
Ask me anything: An error occurred: EOF when reading a line
Ask me anything: An error occurred: EOF when reading a line
Ask me anything: An error occurred: EOF when reading a line
Ask me anything: An error occurred: EOF when reading a line
Ask me anything: An error occurred: EOF when reading a line
Ask me anything: An error occurred: EOF when reading a line
Ask me anything: An error occurred: EOF when reading a line
Ask me anything: An error occurred: EOF when reading a line
Ask me anything: An error occurred: EOF when reading a line
Ask me anything: An error occurred: EOF when reading a line
Ask me anything: An error occurred: EOF when reading a line
Ask me anything: An error occurred: EOF when reading a line
Ask me anything: An error occurred: EOF when reading a line
Ask me anything: An error occurred: EOF when reading a line
Ask me anything: An error occurred: EOF when reading a line
Ask me anything: An error occurred: EOF when reading a line
Ask me anything: An error occurred: EOF when reading a line
Ask me anything: An error occurred: EOF when reading a line
Ask me anything: An error occurred: EOF when reading a line
Ask me anything: An error occurred: EOF when reading a line
Ask me anything: An error occurred: EOF when reading a line
Ask me anything: An error occurred: EOF when reading a line
Ask me anything: An error occurred: EOF when reading a line
Ask me anything: An error occurred: EOF when reading a line
Ask me anything: An error occurred: EOF when reading a line
Ask me anything: An error occurred: EOF when reading a line
Ask me anything: An error occurred: EOF when reading a line
Ask me anything: An error occurred: EOF when reading a line
Ask me anything: An error occurred: EOF when reading a line
Ask me anything: An error occurred: EOF when reading a line
Ask me anything: An error occurred: EOF when reading a line
Ask me anything: An error occurred: EOF when reading a line
Ask me anything: An error occurred: EOF when reading a line
Ask me anything: An error occurred: EOF when reading a line
Ask me anything: An error occurred: EOF when reading a line
Ask me anything: An error occurred: EOF when reading a line
Ask me anything: An error occurred: EOF when reading a line
Ask me anything: An error occurred: EOF when reading a line
Ask me anything: An error occurred: EOF when reading a line
Ask me anything: An error occurred: EOF when reading a line
Ask me anything: An error occurred: EOF when reading a line
Ask me anything: An error occurred: EOF when reading a line
Ask me anything: An error occurred: EOF when reading a line
Ask me anything: An error occurred: EOF when reading a line
Ask me anything: An error occurred: EOF when reading a line
Ask me anything: An error occurred: EOF when reading a line
Ask me anything: An error occurred: EOF when reading a line
Ask me anything: An error occurred: EOF when reading a line
Ask me anything: An error occurred: EOF when reading a line
Ask me anything: An error occurred: EOF when reading a line
Ask me anything: An error occurred: EOF when reading a line
Ask me anything: An error occurred: EOF when reading a line
Ask me anything: An error occurred: EOF when reading a line
Ask me anything: An error occurred: EOF when reading a line
Ask me anything: An error occurred: EOF when reading a line
Ask me anything: An error occurred: EOF when reading a line
Ask me anything: An error occurred: EOF when reading a line
Ask me anything: An error occurred: EOF when reading a line
Ask me anything: An error occurred: EOF when reading a line
Ask me anything: An error occurred: EOF when reading a line
Ask me anything: An error occurred: EOF when reading a line
Ask me anything: An error occurred: EOF when reading a line
Ask me anything: An error occurred: EOF when reading a line
Ask me anything: An error occurred: EOF when reading a line
Ask me anything: An error occurred: EOF when reading a line
Ask me anything: An error occurred: EOF when reading a line
Ask me anything: An error occurred: EOF when reading a line
Ask me anything: An error occurred: EOF when reading a line
Ask me anything: An error occurred: EOF when reading a line
Ask me anything: An error occurred: EOF when reading a line
Ask me anything: An error occurred: EOF when reading a line
Ask me anything: An error occurred: EOF when reading a line
Ask me anything: An error occurred: EOF when reading a line
Ask me anything: An error occurred: EOF when reading a line
Ask me anything: An error occurred: EOF when reading a line
Ask me anything: An error occurred: EOF when reading a line
Ask me anything: An error occurred: EOF when reading a line
Ask me anything: An error occurred: EOF when reading a line
Ask me anything: An error occurred: EOF when reading a line
Ask me anything: An error occurred: EOF when reading a line
Ask me anything: An error occurred: EOF when reading a line
Ask me anything: An error occurred: EOF when reading a line
Ask me anything: An error occurred: EOF when reading a line
Ask me anything: An error occurred: EOF when reading a line
Ask me anything: An error occurred: EOF when reading a line
Ask me anything: An error occurred: EOF when reading a line
Ask me anything: An error occurred: EOF when reading a line
Ask me anything: An error occurred: EOF when reading a line
Ask me anything: An error occurred: EOF when reading a line
Ask me anything: An error occurred: EOF when reading a line
Ask me anything: An error occurred: EOF when reading a line
Ask me anything: An error occurred: EOF when reading a line
Ask me anything: An error occurred: EOF when reading a line
Ask me anything: An error occurred: EOF when reading a line
Ask me anything: An error occurred: EOF when reading a line
Ask me anything: An error occurred: EOF when reading a line
Ask me anything: An error occurred: EOF when reading a line
Ask me anything: An error occurred: EOF when reading a line
Ask me anything: An error occurred: EOF when reading a line
Ask me anything: An error occurred: EOF when reading a line
Ask me anything: An error occurred: EOF when reading a line
Ask me anything: An error occurred: EOF when reading a line
Ask me anything: An error occurred: EOF when reading a line
Ask me anything: An error occurred: EOF when reading a line
Ask me anything: An error occurred: EOF when reading a line
Ask me anything: An error occurred: EOF when reading a line
Ask me anything: An error occurred: EOF when reading a line
Ask me anything: An error occurred: EOF when reading a line
Ask me anything: An error occurred: EOF when reading a line
Ask me anything: An error occurred: EOF when reading a line
Ask me anything: An error occurred: EOF when reading a line
Ask me anything: An error occurred: EOF when reading a line
Ask me anything: An error occurred: EOF when reading a line
Ask me anything: An error occurred: EOF when reading a line
Ask me anything: An error occurred: EOF when reading a line
Ask me anything: An error occurred: EOF when reading a line
Ask me anything: An error occurred: EOF when reading a line
Ask me anything: An error occurred: EOF when reading a line
Ask me anything: An error occurred: EOF when reading a line
Ask me anything: An error occurred: EOF when reading a line
Ask me anything: An error occurred: EOF when reading a line
Ask me anything: An error occurred: EOF when reading a line
Ask me anything: An error occurred: EOF when reading a line
Ask me anything: An error occurred: EOF when reading a line
Ask me anything: An error occurred: EOF when reading a line
Ask me anything: An error occurred: EOF when reading a line
Ask me anything: An error occurred: EOF when reading a line
Ask me anything: An error occurred: EOF when reading a line
Ask me anything: An error occurred: EOF when reading a line
Ask me anything: An error occurred: EOF when reading a line
Ask me anything: An error occurred: EOF when reading a line
Ask me anything: An error occurred: EOF when reading a line
Ask me anything: An error occurred: EOF when reading a line
Ask me anything: An error occurred: EOF when reading a line
Ask me anything: An error occurred: EOF when reading a line
Ask me anything: An error occurred: EOF when reading a line
Ask me anything: An error occurred: EOF when reading a line
Ask me anything: An error occurred: EOF when reading a line
Ask me anything: An error occurred: EOF when reading a line
Ask me anything: An error occurred: EOF when reading a line
Ask me anything: An error occurred: EOF when reading a line
Ask me anything: An error occurred: EOF when reading a line
Ask me anything: An error occurred: EOF when reading a line
Ask me anything: An error occurred: EOF when reading a line
Ask me anything: An error occurred: EOF when reading a line
Ask me anything: An error occurred: EOF when reading a line
Ask me anything: An error occurred: EOF when reading a line
Ask me anything: An error occurred: EOF when reading a line
Ask me anything: An error occurred: EOF when reading a line
Ask me anything: An error occurred: EOF when reading a line
Ask me anything: An error occurred: EOF when reading a line
Ask me anything: An error occurred: EOF when reading a line
Ask me anything: An error occurred: EOF when reading a line
Ask me anything: An error occurred: EOF when reading a line
Ask me anything: An error occurred: EOF when reading a line
Ask me anything: An error occurred: EOF when reading a line
Ask me anything: An error occurred: EOF when reading a line
Ask me anything: An error occurred: EOF when reading a line
Ask me anything: An error occurred: EOF when reading a line
Ask me anything: An error occurred: EOF when reading a line
Ask me anything: An error occurred: EOF when reading a line
Ask me anything: An error occurred: EOF when reading a line
Ask me anything: An error occurred: EOF when reading a line
Ask me anything: An error occurred: EOF when reading a line
Ask me anything: An error occurred: EOF when reading a line
Ask me anything: An error occurred: EOF when reading a line
Ask me anything: An error occurred: EOF when reading a line
Ask me anything: An error occurred: EOF when reading a line
Ask me anything: An error occurred: EOF when reading a line
Ask me anything: An error occurred: EOF when reading a line
Ask me anything: An error occurred: EOF when reading a line
Ask me anything: An error occurred: EOF when reading a line
Ask me anything: An error occurred: EOF when reading a line
Ask me anything: An error occurred: EOF when reading a line
Ask me anything: An error occurred: EOF when reading a line
Ask me anything: An error occurred: EOF when reading a line
Ask me anything: An error occurred: EOF when reading a line
Ask me anything: An error occurred: EOF when reading a line
Ask me anything: An error occurred: EOF when reading a line
Ask me anything: An error occurred: EOF when reading a line
Ask me anything: An error occurred: EOF when reading a line
Ask me anything: An error occurred: EOF when reading a line
Ask me anything: An error occurred: EOF when reading a line
Ask me anything: An error occurred: EOF when reading a line
Ask me anything: An error occurred: EOF when reading a line
Ask me anything: An error occurred: EOF when reading a line
Ask me anything: An error occurred: EOF when reading a line
Ask me anything: An error occurred: EOF when reading a line
Ask me anything: An error occurred: EOF when reading a line
Ask me anything: An error occurred: EOF when reading a line
Ask me anything: An error occurred: EOF when reading a line
Ask me anything: An error occurred: EOF when reading a line
Ask me anything: An error occurred: EOF when reading a line
Ask me anything: An error occurred: EOF when reading a line
Ask me anything: An error occurred: EOF when reading a line
Ask me anything: An error occurred: EOF when reading a line
Ask me anything: An error occurred: EOF when reading a line
Ask me anything: An error occurred: EOF when reading a line
Ask me anything: An error occurred: EOF when reading a line
Ask me anything: An error occurred: EOF when reading a line
Ask me anything: An error occurred: EOF when reading a line
Ask me anything: An error occurred: EOF when reading a line
Ask me anything: An error occurred: EOF when reading a line
Ask me anything: An error occurred: EOF when reading a line
Ask me anything: An error occurred: EOF when reading a line
Ask me anything: An error occurred: EOF when reading a line
Ask me anything: An error occurred: EOF when reading a line
Ask me anything: An error occurred: EOF when reading a line
Ask me anything: An error occurred: EOF when reading a line
Ask me anything: An error occurred: EOF when reading a line
Ask me anything: An error occurred: EOF when reading a line
Ask me anything: An error occurred: EOF when reading a line
Ask me anything: An error occurred: EOF when reading a line
Ask me anything: An error occurred: EOF when reading a line
Ask me anything: An error occurred: EOF when reading a line
Ask me anything: An error occurred: EOF when reading a line
Ask me anything: An error occurred: EOF when reading a line
Ask me anything: An error occurred: EOF when reading a line
Ask me anything: An error occurred: EOF when reading a line
Ask me anything: An error occurred: EOF when reading a line
Ask me anything: An error occurred: EOF when reading a line
Ask me anything: An error occurred: EOF when reading a line
Ask me anything: An error occurred: EOF when reading a line
Ask me anything: An error occurred: EOF when reading a line
Ask me anything: An error occurred: EOF when reading a line
Ask me anything: An error occurred: EOF when reading a line
Ask me anything: An error occurred: EOF when reading a line
Ask me anything: An error occurred: EOF when reading a line
Ask me anything: An error occurred: EOF when reading a line
Ask me anything: An error occurred: EOF when reading a line
Ask me anything: An error occurred: EOF when reading a line
Ask me anything: An error occurred: EOF when reading a line
Ask me anything: An error occurred: EOF when reading a line
Ask me anything: An error occurred: EOF when reading a line
Ask me anything: An error occurred: EOF when reading a line
Ask me anything: An error occurred: EOF when reading a line
Ask me anything: An error occurred: EOF when reading a line
Ask me anything: An error occurred: EOF when reading a line
Ask me anything: An error occurred: EOF when reading a line
Ask me anything: An error occurred: EOF when reading a line
Ask me anything: An error occurred: EOF when reading a line
Ask me anything: An error occurred: EOF when reading a line
Ask me anything: An error occurred: EOF when reading a line
Ask me anything: An error occurred: EOF when reading a line
Ask me anything: An error occurred: EOF when reading a line
Ask me anything: An error occurred: EOF when reading a line
Ask me anything: An error occurred: EOF when reading a line
Ask me anything: An error occurred: EOF when reading a line
Ask me anything: An error occurred: EOF when reading a line
Ask me anything: An error occurred: EOF when reading a line
Ask me anything: An error occurred: EOF when reading a line
Ask me anything: An error occurred: EOF when reading a line
Ask me anything: An error occurred: EOF when reading a line
Ask me anything: An error occurred: EOF when reading a line
Ask me anything: An error occurred: EOF when reading a line
Ask me anything: An error occurred: EOF when reading a line
Ask me anything: An error occurred: EOF when reading a line
Ask me anything: An error occurred: EOF when reading a line
Ask me anything: An error occurred: EOF when reading a line
Ask me anything: An error occurred: EOF when reading a line
Ask me anything: An error occurred: EOF when reading a line
Ask me anything: An error occurred: EOF when reading a line
Ask me anything: An error occurred: EOF when reading a line
Ask me anything: An error occurred: EOF when reading a line
Ask me anything: An error occurred: EOF when reading a line
Ask me anything: An error occurred: EOF when reading a line
Ask me anything: An error occurred: EOF when reading a line
Ask me anything: An error occurred: EOF when reading a line
Ask me anything: An error occurred: EOF when reading a line
Ask me anything: An error occurred: EOF when reading a line
Ask me anything: An error occurred: EOF when reading a line
Ask me anything: An error occurred: EOF when reading a line
Ask me anything: An error occurred: EOF when reading a line
Ask me anything: An error occurred: EOF when reading a line
Ask me anything: An error occurred: EOF when reading a line
Ask me anything: An error occurred: EOF when reading a line
Ask me anything: An error occurred: EOF when reading a line
Ask me anything: An error occurred: EOF when reading a line
Ask me anything: An error occurred: EOF when reading a line
Ask me anything: An error occurred: EOF when reading a line
Ask me anything: An error occurred: EOF when reading a line
Ask me anything: An error occurred: EOF when reading a line
Ask me anything: An error occurred: EOF when reading a line
Ask me anything: An error occurred: EOF when reading a line
Ask me anything: An error occurred: EOF when reading a line
Ask me anything: An error occurred: EOF when reading a line
Ask me anything: An error occurred: EOF when reading a line
Ask me anything: An error occurred: EOF when reading a line
Ask me anything: An error occurred: EOF when reading a line
Ask me anything: An error occurred: EOF when reading a line
Ask me anything: An error occurred: EOF when reading a line
Ask me anything: An error occurred: EOF when reading a line
Ask me anything: An error occurred: EOF when reading a line
Ask me anything: An error occurred: EOF when reading a line
Ask me anything: An error occurred: EOF when reading a line
Ask me anything: An error occurred: EOF when reading a line
Ask me anything: An error occurred: EOF when reading a line
Ask me anything: An error occurred: EOF when reading a line
Ask me anything: An error occurred: EOF when reading a line
Ask me anything: An error occurred: EOF when reading a line
Ask me anything: An error occurred: EOF when reading a line
Ask me anything: An error occurred: EOF when reading a line
Ask me anything: An error occurred: EOF when reading a line
Ask me anything: An error occurred: EOF when reading a line
Ask me anything: An error occurred: EOF when reading a line
Ask me anything: An error occurred: EOF when reading a line
Ask me anything: An error occurred: EOF when reading a line
Ask me anything: An error occurred: EOF when reading a line
Ask me anything: An error occurred: EOF when reading a line
Ask me anything: An error occurred: EOF when reading a line
Ask me anything: An error occurred: EOF when reading a line
Ask me anything: An error occurred: EOF when reading a line
Ask me anything: An error occurred: EOF when reading a line
Ask me anything: An error occurred: EOF when reading a line
Ask me anything: An error occurred: EOF when reading a line
Ask me anything: An error occurred: EOF when reading a line
Ask me anything: An error occurred: EOF when reading a line
Ask me anything: An error occurred: EOF when reading a line
Ask me anything: An error occurred: EOF when reading a line
Ask me anything: An error occurred: EOF when reading a line
Ask me anything: An error occurred: EOF when reading a line
Ask me anything: An error occurred: EOF when reading a line
Ask me anything: An error occurred: EOF when reading a line
Ask me anything: An error occurred: EOF when reading a line
Ask me anything: An error occurred: EOF when reading a line
Ask me anything: An error occurred: EOF when reading a line
Ask me anything: An error occurred: EOF when reading a line
Ask me anything: An error occurred: EOF when reading a line
Ask me anything: An error occurred: EOF when reading a line
Ask me anything: An error occurred: EOF when reading a line
Ask me anything: An error occurred: EOF when reading a line
Ask me anything: An error occurred: EOF when reading a line
Ask me anything: An error occurred: EOF when reading a line
Ask me anything: An error occurred: EOF when reading a line
Ask me anything: An error occurred: EOF when reading a line
Ask me anything: An error occurred: EOF when reading a line
Ask me anything: An error occurred: EOF when reading a line
Ask me anything: An error occurred: EOF when reading a line
Ask me anything: An error occurred: EOF when reading a line
Ask me anything: An error occurred: EOF when reading a line
Ask me anything: An error occurred: EOF when reading a line
Ask me anything: An error occurred: EOF when reading a line
Ask me anything: An error occurred: EOF when reading a line
Ask me anything: An error occurred: EOF when reading a line
Ask me anything: An error occurred: EOF when reading a line
Ask me anything: An error occurred: EOF when reading a line
Ask me anything: An error occurred: EOF when reading a line
Ask me anything: An error occurred: EOF when reading a line
Ask me anything: An error occurred: EOF when reading a line
Ask me anything: An error occurred: EOF when reading a line
Ask me anything: An error occurred: EOF when reading a line
Ask me anything: An error occurred: EOF when reading a line
Ask me anything: An error occurred: EOF when reading a line
Ask me anything: An error occurred: EOF when reading a line
Ask me anything: An error occurred: EOF when reading a line
Ask me anything: An error occurred: EOF when reading a line
Ask me anything: An error occurred: EOF when reading a line
Ask me anything: An error occurred: EOF when reading a line
Ask me anything: An error occurred: EOF when reading a line
Ask me anything: An error occurred: EOF when reading a line
Ask me anything: An error occurred: EOF when reading a line
Ask me anything: An error occurred: EOF when reading a line
Ask me anything: An error occurred: EOF when reading a line
Ask me anything: An error occurred: EOF when reading a line
Ask me anything: An error occurred: EOF when reading a line
Ask me anything: An error occurred: EOF when reading a line
Ask me anything: An error occurred: EOF when reading a line
Ask me anything: An error occurred: EOF when reading a line
Ask me anything: An error occurred: EOF when reading a line
Ask me anything: An error occurred: EOF when reading a line
Ask me anything: An error occurred: EOF when reading a line
Ask me anything: An error occurred: EOF when reading a line
Ask me anything: An error occurred: EOF when reading a line
Ask me anything: An error occurred: EOF when reading a line
Ask me anything: An error occurred: EOF when reading a line
Ask me anything: An error occurred: EOF when reading a line
Ask me anything: An error occurred: EOF when reading a line
Ask me anything: An error occurred: EOF when reading a line
Ask me anything: An error occurred: EOF when reading a line
Ask me anything: An error occurred: EOF when reading a line
Ask me anything: An error occurred: EOF when reading a line
Ask me anything: An error occurred: EOF when reading a line
Ask me anything: An error occurred: EOF when reading a line
Ask me anything: An error occurred: EOF when reading a line
Ask me anything: An error occurred: EOF when reading a line
Ask me anything: An error occurred: EOF when reading a line
Ask me anything: An error occurred: EOF when reading a line
Ask me anything: An error occurred: EOF when reading a line
Ask me anything: An error occurred: EOF when reading a line
Ask me anything: An error occurred: EOF when reading a line
Ask me anything: An error occurred: EOF when reading a line
Ask me anything: An error occurred: EOF when reading a line
Ask me anything: An error occurred: EOF when reading a line
Ask me anything: An error occurred: EOF when reading a line
Ask me anything: An error occurred: EOF when reading a line
Ask me anything: An error occurred: EOF when reading a line
Ask me anything: An error occurred: EOF when reading a line
Ask me anything: An error occurred: EOF when reading a line
Ask me anything: An error occurred: EOF when reading a line
Ask me anything: An error occurred: EOF when reading a line
Ask me anything: An error occurred: EOF when reading a line
Ask me anything: An error occurred: EOF when reading a line
Ask me anything: An error occurred: EOF when reading a line
Ask me anything: An error occurred: EOF when reading a line
Ask me anything: An error occurred: EOF when reading a line
Ask me anything: An error occurred: EOF when reading a line
Ask me anything: An error occurred: EOF when reading a line
Ask me anything: An error occurred: EOF when reading a line
Ask me anything: An error occurred: EOF when reading a line
Ask me anything: An error occurred: EOF when reading a line
Ask me anything: An error occurred: EOF when reading a line
Ask me anything: An error occurred: EOF when reading a line
Ask me anything: An error occurred: EOF when reading a line
Ask me anything: An error occurred: EOF when reading a line
Ask me anything: An error occurred: EOF when reading a line
Ask me anything: An error occurred: EOF when reading a line
Ask me anything: An error occurred: EOF when reading a line
Ask me anything: An error occurred: EOF when reading a line
Ask me anything: An error occurred: EOF when reading a line
Ask me anything: An error occurred: EOF when reading a line
Ask me anything: An error occurred: EOF when reading a line
Ask me anything: An error occurred: EOF when reading a line
Ask me anything: An error occurred: EOF when reading a line
Ask me anything: An error occurred: EOF when reading a line
Ask me anything: An error occurred: EOF when reading a line
Ask me anything: An error occurred: EOF when reading a line
Ask me anything: An error occurred: EOF when reading a line
Ask me anything: An error occurred: EOF when reading a line
Ask me anything: An error occurred: EOF when reading a line
Ask me anything: An error occurred: EOF when reading a line
Ask me anything: An error occurred: EOF when reading a line
Ask me anything: An error occurred: EOF when reading a line
Ask me anything: An error occurred: EOF when reading a line
Ask me anything: An error occurred: EOF when reading a line
Ask me anything: An error occurred: EOF when reading a line
Ask me anything: An error occurred: EOF when reading a line
Ask me anything: An error occurred: EOF when reading a line
Ask me anything: An error occurred: EOF when reading a line
Ask me anything: An error occurred: EOF when reading a line
Ask me anything: An error occurred: EOF when reading a line
Ask me anything: An error occurred: EOF when reading a line
Ask me anything: An error occurred: EOF when reading a line
Ask me anything: An error occurred: EOF when reading a line
Ask me anything: An error occurred: EOF when reading a line
Ask me anything: An error occurred: EOF when reading a line
Ask me anything: An error occurred: EOF when reading a line
Ask me anything: An error occurred: EOF when reading a line
Ask me anything: An error occurred: EOF when reading a line
Ask me anything: An error occurred: EOF when reading a line
Ask me anything: An error occurred: EOF when reading a line
Ask me anything: An error occurred: EOF when reading a line
Ask me anything: An error occurred: EOF when reading a line
Ask me anything: An error occurred: EOF when reading a line
Ask me anything: An error occurred: EOF when reading a line
Ask me anything: An error occurred: EOF when reading a line
Ask me anything: An error occurred: EOF when reading a line
Ask me anything: An error occurred: EOF when reading a line
Ask me anything: An error occurred: EOF when reading a line
Ask me anything: An error occurred: EOF when reading a line
Ask me anything: An error occurred: EOF when reading a line
Ask me anything: An error occurred: EOF when reading a line
Ask me anything: An error occurred: EOF when reading a line
Ask me anything: An error occurred: EOF when reading a line
Ask me anything: An error occurred: EOF when reading a line
Ask me anything: An error occurred: EOF when reading a line
Ask me anything: An error occurred: EOF when reading a line
Ask me anything: An error occurred: EOF when reading a line
Ask me anything: An error occurred: EOF when reading a line
Ask me anything: An error occurred: EOF when reading a line
Ask me anything: An error occurred: EOF when reading a line
Ask me anything: An error occurred: EOF when reading a line
Ask me anything: An error occurred: EOF when reading a line
Ask me anything: An error occurred: EOF when reading a line
Ask me anything: An error occurred: EOF when reading a line
Ask me anything: An error occurred: EOF when reading a line
Ask me anything: An error occurred: EOF when reading a line
Ask me anything: An error occurred: EOF when reading a line
Ask me anything: An error occurred: EOF when reading a line
Ask me anything: An error occurred: EOF when reading a line
Ask me anything: An error occurred: EOF when reading a line
Ask me anything: An error occurred: EOF when reading a line
Ask me anything: An error occurred: EOF when reading a line
Ask me anything: An error occurred: EOF when reading a line
Ask me anything: An error occurred: EOF when reading a line
Ask me anything: An error occurred: EOF when reading a line
Ask me anything: An error occurred: EOF when reading a line
Ask me anything: An error occurred: EOF when reading a line
Ask me anything: An error occurred: EOF when reading a line
Ask me anything: An error occurred: EOF when reading a line
Ask me anything: An error occurred: EOF when reading a line
Ask me anything: An error occurred: EOF when reading a line
Ask me anything: An error occurred: EOF when reading a line
Ask me anything: An error occurred: EOF when reading a line
Ask me anything: An error occurred: EOF when reading a line
Ask me anything: An error occurred: EOF when reading a line
Ask me anything: An error occurred: EOF when reading a line
Ask me anything: An error occurred: EOF when reading a line
Ask me anything: An error occurred: EOF when reading a line
Ask me anything: An error occurred: EOF when reading a line
Ask me anything: An error occurred: EOF when reading a line
Ask me anything: An error occurred: EOF when reading a line
Ask me anything: An error occurred: EOF when reading a line
Ask me anything: An error occurred: EOF when reading a line
Ask me anything: An error occurred: EOF when reading a line
Ask me anything: An error occurred: EOF when reading a line
Ask me anything: An error occurred: EOF when reading a line
Ask me anything: An error occurred: EOF when reading a line
Ask me anything: An error occurred: EOF when reading a line
Ask me anything: An error occurred: EOF when reading a line
Ask me anything: An error occurred: EOF when reading a line
Ask me anything: An error occurred: EOF when reading a line
Ask me anything: An error occurred: EOF when reading a line
Ask me anything: An error occurred: EOF when reading a line
Ask me anything: An error occurred: EOF when reading a line
Ask me anything: An error occurred: EOF when reading a line
Ask me anything: An error occurred: EOF when reading a line
Ask me anything: An error occurred: EOF when reading a line
Ask me anything: An error occurred: EOF when reading a line
Ask me anything: An error occurred: EOF when reading a line
Ask me anything: An error occurred: EOF when reading a line
Ask me anything: An error occurred: EOF when reading a line
Ask me anything: An error occurred: EOF when reading a line
Ask me anything: An error occurred: EOF when reading a line
Ask me anything: An error occurred: EOF when reading a line
Ask me anything: An error occurred: EOF when reading a line
Ask me anything: An error occurred: EOF when reading a line
Ask me anything: An error occurred: EOF when reading a line
Ask me anything: An error occurred: EOF when reading a line
Ask me anything: An error occurred: EOF when reading a line
Ask me anything: An error occurred: EOF when reading a line
Ask me anything: An error occurred: EOF when reading a line
Ask me anything: An error occurred: EOF when reading a line
Ask me anything: An error occurred: EOF when reading a line
Ask me anything: An error occurred: EOF when reading a line
Ask me anything: An error occurred: EOF when reading a line
Ask me anything: An error occurred: EOF when reading a line
Ask me anything: An error occurred: EOF when reading a line
Ask me anything: An error occurred: EOF when reading a line
Ask me anything: An error occurred: EOF when reading a line
Ask me anything: An error occurred: EOF when reading a line
Ask me anything: An error occurred: EOF when reading a line
Ask me anything: An error occurred: EOF when reading a line
Ask me anything: An error occurred: EOF when reading a line
Ask me anything: An error occurred: EOF when reading a line
Ask me anything: An error occurred: EOF when reading a line
Ask me anything: An error occurred: EOF when reading a line
Ask me anything: An error occurred: EOF when reading a line
Ask me anything: An error occurred: EOF when reading a line
Ask me anything: An error occurred: EOF when reading a line
Ask me anything: An error occurred: EOF when reading a line
Ask me anything: An error occurred: EOF when reading a line
Ask me anything: An error occurred: EOF when reading a line
Ask me anything: An error occurred: EOF when reading a line
Ask me anything: An error occurred: EOF when reading a line
Ask me anything: An error occurred: EOF when reading a line
Ask me anything: An error occurred: EOF when reading a line
Ask me anything: An error occurred: EOF when reading a line
Ask me anything: An error occurred: EOF when reading a line
Ask me anything: An error occurred: EOF when reading a line
Ask me anything: An error occurred: EOF when reading a line
Ask me anything: An error occurred: EOF when reading a line
Ask me anything: An error occurred: EOF when reading a line
Ask me anything: An error occurred: EOF when reading a line
Ask me anything: An error occurred: EOF when reading a line
Ask me anything: An error occurred: EOF when reading a line
Ask me anything: An error occurred: EOF when reading a line
Ask me anything: An error occurred: EOF when reading a line
Ask me anything: An error occurred: EOF when reading a line
Ask me anything: An error occurred: EOF when reading a line
Ask me anything: An error occurred: EOF when reading a line
Ask me anything: An error occurred: EOF when reading a line
Ask me anything: An error occurred: EOF when reading a line
Ask me anything: An error occurred: EOF when reading a line
Ask me anything: An error occurred: EOF when reading a line
Ask me anything: An error occurred: EOF when reading a line
Ask me anything: An error occurred: EOF when reading a line
Ask me anything: An error occurred: EOF when reading a line
Ask me anything: An error occurred: EOF when reading a line
Ask me anything: An error occurred: EOF when reading a line
Ask me anything: An error occurred: EOF when reading a line
Ask me anything: An error occurred: EOF when reading a line
Ask me anything: An error occurred: EOF when reading a line
Ask me anything: An error occurred: EOF when reading a line
Ask me anything: An error occurred: EOF when reading a line
Ask me anything: An error occurred: EOF when reading a line
Ask me anything: An error occurred: EOF when reading a line
Ask me anything: An error occurred: EOF when reading a line
Ask me anything: An error occurred: EOF when reading a line
Ask me anything: An error occurred: EOF when reading a line
Ask me anything: An error occurred: EOF when reading a line
Ask me anything: An error occurred: EOF when reading a line
Ask me anything: An error occurred: EOF when reading a line
Ask me anything: An error occurred: EOF when reading a line
Ask me anything: An error occurred: EOF when reading a line
Ask me anything: An error occurred: EOF when reading a line
Ask me anything: An error occurred: EOF when reading a line
Ask me anything: An error occurred: EOF when reading a line
Ask me anything: An error occurred: EOF when reading a line
Ask me anything: An error occurred: EOF when reading a line
Ask me anything: An error occurred: EOF when reading a line
Ask me anything: An error occurred: EOF when reading a line
Ask me anything: An error occurred: EOF when reading a line
Ask me anything: An error occurred: EOF when reading a line
Ask me anything: An error occurred: EOF when reading a line
Ask me anything: An error occurred: EOF when reading a line
Ask me anything: An error occurred: EOF when reading a line
Ask me anything: An error occurred: EOF when reading a line
Ask me anything: An error occurred: EOF when reading a line
Ask me anything: An error occurred: EOF when reading a line
Ask me anything: An error occurred: EOF when reading a line
Ask me anything: An error occurred: EOF when reading a line
Ask me anything: An error occurred: EOF when reading a line
Ask me anything: An error occurred: EOF when reading a line
Ask me anything: An error occurred: EOF when reading a line
Ask me anything: An error occurred: EOF when reading a line
Ask me anything: An error occurred: EOF when reading a line
Ask me anything: An error occurred: EOF when reading a line
Ask me anything: An error occurred: EOF when reading a line
Ask me anything: An error occurred: EOF when reading a line
Ask me anything: An error occurred: EOF when reading a line
Ask me anything: An error occurred: EOF when reading a line
Ask me anything: An error occurred: EOF when reading a line
Ask me anything: An error occurred: EOF when reading a line
Ask me anything: An error occurred: EOF when reading a line
Ask me anything: An error occurred: EOF when reading a line
Ask me anything: An error occurred: EOF when reading a line
Ask me anything: An error occurred: EOF when reading a line
Ask me anything: An error occurred: EOF when reading a line
Ask me anything: An error occurred: EOF when reading a line
Ask me anything: An error occurred: EOF when reading a line
Ask me anything: An error occurred: EOF when reading a line
Ask me anything: An error occurred: EOF when reading a line
Ask me anything: An error occurred: EOF when reading a line
Ask me anything: An error occurred: EOF when reading a line
Ask me anything: An error occurred: EOF when reading a line
Ask me anything: An error occurred: EOF when reading a line
Ask me anything: An error occurred: EOF when reading a line
Ask me anything: An error occurred: EOF when reading a line
Ask me anything: An error occurred: EOF when reading a line
Ask me anything: An error occurred: EOF when reading a line
Ask me anything: An error occurred: EOF when reading a line
Ask me anything: An error occurred: EOF when reading a line
Ask me anything: An error occurred: EOF when reading a line
Ask me anything: An error occurred: EOF when reading a line
Ask me anything: An error occurred: EOF when reading a line
Ask me anything: An error occurred: EOF when reading a line
Ask me anything: An error occurred: EOF when reading a line
Ask me anything: An error occurred: EOF when reading a line
Ask me anything: An error occurred: EOF when reading a line
Ask me anything: An error occurred: EOF when reading a line
Ask me anything: An error occurred: EOF when reading a line
Ask me anything: An error occurred: EOF when reading a line
Ask me anything: An error occurred: EOF when reading a line
Ask me anything: An error occurred: EOF when reading a line
Ask me anything: An error occurred: EOF when reading a line
Ask me anything: An error occurred: EOF when reading a line
Ask me anything: An error occurred: EOF when reading a line
Ask me anything: An error occurred: EOF when reading a line
Ask me anything: An error occurred: EOF when reading a line
Ask me anything: An error occurred: EOF when reading a line
Ask me anything: An error occurred: EOF when reading a line
Ask me anything: An error occurred: EOF when reading a line
Ask me anything: An error occurred: EOF when reading a line
Ask me anything: An error occurred: EOF when reading a line
Ask me anything: An error occurred: EOF when reading a line
Ask me anything: An error occurred: EOF when reading a line
Ask me anything: An error occurred: EOF when reading a line
Ask me anything: An error occurred: EOF when reading a line
Ask me anything: An error occurred: EOF when reading a line
Ask me anything: An error occurred: EOF when reading a line
Ask me anything: An error occurred: EOF when reading a line
Ask me anything: An error occurred: EOF when reading a line
Ask me anything: An error occurred: EOF when reading a line
Ask me anything: An error occurred: EOF when reading a line
Ask me anything: An error occurred: EOF when reading a line
Ask me anything: An error occurred: EOF when reading a line
Ask me anything: An error occurred: EOF when reading a line
Ask me anything: An error occurred: EOF when reading a line
Ask me anything: An error occurred: EOF when reading a line
Ask me anything: An error occurred: EOF when reading a line
Ask me anything: An error occurred: EOF when reading a line
Ask me anything: An error occurred: EOF when reading a line
Ask me anything: An error occurred: EOF when reading a line
Ask me anything: An error occurred: EOF when reading a line
Ask me anything: An error occurred: EOF when reading a line
Ask me anything: An error occurred: EOF when reading a line
Ask me anything: An error occurred: EOF when reading a line
Ask me anything: An error occurred: EOF when reading a line
Ask me anything: An error occurred: EOF when reading a line
Ask me anything: An error occurred: EOF when reading a line
Ask me anything: An error occurred: EOF when reading a line
Ask me anything: An error occurred: EOF when reading a line
Ask me anything: An error occurred: EOF when reading a line
Ask me anything: An error occurred: EOF when reading a line
Ask me anything: An error occurred: EOF when reading a line
Ask me anything: An error occurred: EOF when reading a line
Ask me anything: An error occurred: EOF when reading a line
Ask me anything: An error occurred: EOF when reading a line
Ask me anything: An error occurred: EOF when reading a line
Ask me anything: An error occurred: EOF when reading a line
Ask me anything: An error occurred: EOF when reading a line
Ask me anything: An error occurred: EOF when reading a line
Ask me anything: An error occurred: EOF when reading a line
Ask me anything: An error occurred: EOF when reading a line
Ask me anything: An error occurred: EOF when reading a line
Ask me anything: An error occurred: EOF when reading a line
Ask me anything: An error occurred: EOF when reading a line
Ask me anything: An error occurred: EOF when reading a line
Ask me anything: An error occurred: EOF when reading a line
Ask me anything: An error occurred: EOF when reading a line
Ask me anything: An error occurred: EOF when reading a line
Ask me anything: An error occurred: EOF when reading a line
Ask me anything: An error occurred: EOF when reading a line
Ask me anything: An error occurred: EOF when reading a line
Ask me anything: An error occurred: EOF when reading a line
Ask me anything: An error occurred: EOF when reading a line
Ask me anything: An error occurred: EOF when reading a line
Ask me anything: An error occurred: EOF when reading a line
Ask me anything: An error occurred: EOF when reading a line
Ask me anything: An error occurred: EOF when reading a line
Ask me anything: An error occurred: EOF when reading a line
Ask me anything: An error occurred: EOF when reading a line
Ask me anything: An error occurred: EOF when reading a line
Ask me anything: An error occurred: EOF when reading a line
Ask me anything: An error occurred: EOF when reading a line
Ask me anything: An error occurred: EOF when reading a line
Ask me anything: An error occurred: EOF when reading a line
Ask me anything: An error occurred: EOF when reading a line
Ask me anything: An error occurred: EOF when reading a line
Ask me anything: An error occurred: EOF when reading a line
Ask me anything: An error occurred: EOF when reading a line
Ask me anything: An error occurred: EOF when reading a line
Ask me anything: An error occurred: EOF when reading a line
Ask me anything: An error occurred: EOF when reading a line
Ask me anything: An error occurred: EOF when reading a line
Ask me anything: An error occurred: EOF when reading a line
Ask me anything: An error occurred: EOF when reading a line
Ask me anything: An error occurred: EOF when reading a line
Ask me anything: An error occurred: EOF when reading a line
Ask me anything: An error occurred: EOF when reading a line
Ask me anything: An error occurred: EOF when reading a line
Ask me anything: An error occurred: EOF when reading a line
Ask me anything: An error occurred: EOF when reading a line
Ask me anything: An error occurred: EOF when reading a line
Ask me anything: An error occurred: EOF when reading a line
Ask me anything: An error occurred: EOF when reading a line
Ask me anything: An error occurred: EOF when reading a line
Ask me anything: An error occurred: EOF when reading a line
Ask me anything: An error occurred: EOF when reading a line
Ask me anything: An error occurred: EOF when reading a line
Ask me anything: An error occurred: EOF when reading a line
Ask me anything: An error occurred: EOF when reading a line
Ask me anything: An error occurred: EOF when reading a line
Ask me anything: An error occurred: EOF when reading a line
Ask me anything: An error occurred: EOF when reading a line
Ask me anything: An error occurred: EOF when reading a line
Ask me anything: An error occurred: EOF when reading a line
Ask me anything: An error occurred: EOF when reading a line
Ask me anything: An error occurred: EOF when reading a line
Ask me anything: An error occurred: EOF when reading a line
Ask me anything: An error occurred: EOF when reading a line
Ask me anything: An error occurred: EOF when reading a line
Ask me anything: An error occurred: EOF when reading a line
Ask me anything: An error occurred: EOF when reading a line
Ask me anything: An error occurred: EOF when reading a line
Ask me anything: An error occurred: EOF when reading a line
Ask me anything: An error occurred: EOF when reading a line
Ask me anything: An error occurred: EOF when reading a line
Ask me anything: An error occurred: EOF when reading a line
Ask me anything: An error occurred: EOF when reading a line
Ask me anything: An error occurred: EOF when reading a line
Ask me anything: An error occurred: EOF when reading a line
Ask me anything: An error occurred: EOF when reading a line
Ask me anything: An error occurred: EOF when reading a line
Ask me anything: An error occurred: EOF when reading a line
Ask me anything: An error occurred: EOF when reading a line
Ask me anything: An error occurred: EOF when reading a line
Ask me anything: An error occurred: EOF when reading a line
Ask me anything: An error occurred: EOF when reading a line
Ask me anything: An error occurred: EOF when reading a line
Ask me anything: An error occurred: EOF when reading a line
Ask me anything: An error occurred: EOF when reading a line
Ask me anything: An error occurred: EOF when reading a line
Ask me anything: An error occurred: EOF when reading a line
Ask me anything: An error occurred: EOF when reading a line
Ask me anything: An error occurred: EOF when reading a line
Ask me anything: An error occurred: EOF when reading a line
Ask me anything: An error occurred: EOF when reading a line
Ask me anything: An error occurred: EOF when reading a line
Ask me anything: An error occurred: EOF when reading a line
Ask me anything: An error occurred: EOF when reading a line
Ask me anything: An error occurred: EOF when reading a line
Ask me anything: An error occurred: EOF when reading a line
Ask me anything: An error occurred: EOF when reading a line
Ask me anything: An error occurred: EOF when reading a line
Ask me anything: An error occurred: EOF when reading a line
Ask me anything: An error occurred: EOF when reading a line
Ask me anything: An error occurred: EOF when reading a line
Ask me anything: An error occurred: EOF when reading a line
Ask me anything: An error occurred: EOF when reading a line
Ask me anything: An error occurred: EOF when reading a line
Ask me anything: An error occurred: EOF when reading a line
Ask me anything: An error occurred: EOF when reading a line
Ask me anything: An error occurred: EOF when reading a line
Ask me anything: An error occurred: EOF when reading a line
Ask me anything: An error occurred: EOF when reading a line
Ask me anything: An error occurred: EOF when reading a line
Ask me anything: An error occurred: EOF when reading a line
Ask me anything: An error occurred: EOF when reading a line
Ask me anything: An error occurred: EOF when reading a line
Ask me anything: An error occurred: EOF when reading a line
Ask me anything: An error occurred: EOF when reading a line
Ask me anything: An error occurred: EOF when reading a line
Ask me anything: An error occurred: EOF when reading a line
Ask me anything: An error occurred: EOF when reading a line
Ask me anything: An error occurred: EOF when reading a line
Ask me anything: An error occurred: EOF when reading a line
Ask me anything: An error occurred: EOF when reading a line
Ask me anything: An error occurred: EOF when reading a line
Ask me anything: An error occurred: EOF when reading a line
Ask me anything: An error occurred: EOF when reading a line
Ask me anything: An error occurred: EOF when reading a line
Ask me anything: An error occurred: EOF when reading a line
Ask me anything: An error occurred: EOF when reading a line
Ask me anything: An error occurred: EOF when reading a line
Ask me anything: An error occurred: EOF when reading a line
Ask me anything: An error occurred: EOF when reading a line
Ask me anything: An error occurred: EOF when reading a line
Ask me anything: An error occurred: EOF when reading a line
Ask me anything: An error occurred: EOF when reading a line
Ask me anything: An error occurred: EOF when reading a line
Ask me anything: An error occurred: EOF when reading a line
Ask me anything: An error occurred: EOF when reading a line
Ask me anything: An error occurred: EOF when reading a line
Ask me anything: An error occurred: EOF when reading a line
Ask me anything: An error occurred: EOF when reading a line
Ask me anything: An error occurred: EOF when reading a line
Ask me anything: An error occurred: EOF when reading a line
Ask me anything: An error occurred: EOF when reading a line
Ask me anything: An error occurred: EOF when reading a line
Ask me anything: An error occurred: EOF when reading a line
Ask me anything: An error occurred: EOF when reading a line
Ask me anything: An error occurred: EOF when reading a line
Ask me anything: An error occurred: EOF when reading a line
Ask me anything: An error occurred: EOF when reading a line
Ask me anything: An error occurred: EOF when reading a line
Ask me anything: An error occurred: EOF when reading a line
Ask me anything: An error occurred: EOF when reading a line
Ask me anything: An error occurred: EOF when reading a line
Ask me anything: An error occurred: EOF when reading a line
Ask me anything: An error occurred: EOF when reading a line
Ask me anything: An error occurred: EOF when reading a line
Ask me anything: An error occurred: EOF when reading a line
Ask me anything: An error occurred: EOF when reading a line
Ask me anything: An error occurred: EOF when reading a line
Ask me anything: An error occurred: EOF when reading a line
Ask me anything: An error occurred: EOF when reading a line
Ask me anything: An error occurred: EOF when reading a line
Ask me anything: An error occurred: EOF when reading a line
Ask me anything: An error occurred: EOF when reading a line
Ask me anything: An error occurred: EOF when reading a line
Ask me anything: An error occurred: EOF when reading a line
Ask me anything: An error occurred: EOF when reading a line
Ask me anything: An error occurred: EOF when reading a line
Ask me anything: An error occurred: EOF when reading a line
Ask me anything: An error occurred: EOF when reading a line
Ask me anything: An error occurred: EOF when reading a line
Ask me anything: An error occurred: EOF when reading a line
Ask me anything: An error occurred: EOF when reading a line
Ask me anything: An error occurred: EOF when reading a line
Ask me anything: An error occurred: EOF when reading a line
Ask me anything: An error occurred: EOF when reading a line
Ask me anything: An error occurred: EOF when reading a line
Ask me anything: An error occurred: EOF when reading a line
Ask me anything: An error occurred: EOF when reading a line
Ask me anything: An error occurred: EOF when reading a line
Ask me anything: An error occurred: EOF when reading a line
Ask me anything: An error occurred: EOF when reading a line
Ask me anything: An error occurred: EOF when reading a line
Ask me anything: An error occurred: EOF when reading a line
Ask me anything: An error occurred: EOF when reading a line
Ask me anything: An error occurred: EOF when reading a line
Ask me anything: An error occurred: EOF when reading a line
Ask me anything: An error occurred: EOF when reading a line
Ask me anything: An error occurred: EOF when reading a line
Ask me anything: An error occurred: EOF when reading a line
Ask me anything: An error occurred: EOF when reading a line
Ask me anything: An error occurred: EOF when reading a line
Ask me anything: An error occurred: EOF when reading a line
Ask me anything: An error occurred: EOF when reading a line
Ask me anything: An error occurred: EOF when reading a line
Ask me anything: An error occurred: EOF when reading a line
Ask me anything: An error occurred: EOF when reading a line
Ask me anything: An error occurred: EOF when reading a line
Ask me anything: An error occurred: EOF when reading a line
Ask me anything: An error occurred: EOF when reading a line
Ask me anything: An error occurred: EOF when reading a line
Ask me anything: An error occurred: EOF when reading a line
Ask me anything: An error occurred: EOF when reading a line
Ask me anything: An error occurred: EOF when reading a line
Ask me anything: An error occurred: EOF when reading a line
Ask me anything: An error occurred: EOF when reading a line
Ask me anything: An error occurred: EOF when reading a line
Ask me anything: An error occurred: EOF when reading a line
Ask me anything: An error occurred: EOF when reading a line
Ask me anything: An error occurred: EOF when reading a line
Ask me anything: An error occurred: EOF when reading a line
Ask me anything: An error occurred: EOF when reading a line
Ask me anything: An error occurred: EOF when reading a line
Ask me anything: An error occurred: EOF when reading a line
Ask me anything: An error occurred: EOF when reading a line
Ask me anything: An error occurred: EOF when reading a line
Ask me anything: An error occurred: EOF when reading a line
Ask me anything: An error occurred: EOF when reading a line
Ask me anything: An error occurred: EOF when reading a line
Ask me anything: An error occurred: EOF when reading a line
Ask me anything: An error occurred: EOF when reading a line
Ask me anything: An error occurred: EOF when reading a line
Ask me anything: An error occurred: EOF when reading a line
Ask me anything: An error occurred: EOF when reading a line
Ask me anything: An error occurred: EOF when reading a line
Ask me anything: An error occurred: EOF when reading a line
Ask me anything: An error occurred: EOF when reading a line
Ask me anything: An error occurred: EOF when reading a line
Ask me anything: An error occurred: EOF when reading a line
Ask me anything: An error occurred: EOF when reading a line
Ask me anything: An error occurred: EOF when reading a line
Ask me anything: An error occurred: EOF when reading a line
Ask me anything: An error occurred: EOF when reading a line
Ask me anything: An error occurred: EOF when reading a line
Ask me anything: An error occurred: EOF when reading a line
Ask me anything: An error occurred: EOF when reading a line
Ask me anything: An error occurred: EOF when reading a line
Ask me anything: An error occurred: EOF when reading a line
Ask me anything: An error occurred: EOF when reading a line
Ask me anything: An error occurred: EOF when reading a line
Ask me anything: An error occurred: EOF when reading a line
Ask me anything: An error occurred: EOF when reading a line
Ask me anything: An error occurred: EOF when reading a line
Ask me anything: An error occurred: EOF when reading a line
Ask me anything: An error occurred: EOF when reading a line
Ask me anything: An error occurred: EOF when reading a line
Ask me anything: An error occurred: EOF when reading a line
Ask me anything: An error occurred: EOF when reading a line
Ask me anything: An error occurred: EOF when reading a line
Ask me anything: An error occurred: EOF when reading a line
Ask me anything: An error occurred: EOF when reading a line
Ask me anything: An error occurred: EOF when reading a line
Ask me anything: An error occurred: EOF when reading a line
Ask me anything: An error occurred: EOF when reading a line
Ask me anything: An error occurred: EOF when reading a line
Ask me anything: An error occurred: EOF when reading a line
Ask me anything: An error occurred: EOF when reading a line
Ask me anything: An error occurred: EOF when reading a line
Ask me anything: An error occurred: EOF when reading a line
Ask me anything: An error occurred: EOF when reading a line
Ask me anything: An error occurred: EOF when reading a line
Ask me anything: An error occurred: EOF when reading a line
Ask me anything: An error occurred: EOF when reading a line
Ask me anything: An error occurred: EOF when reading a line
Ask me anything: An error occurred: EOF when reading a line
Ask me anything: An error occurred: EOF when reading a line
Ask me anything: An error occurred: EOF when reading a line
Ask me anything: An error occurred: EOF when reading a line
Ask me anything: An error occurred: EOF when reading a line
Ask me anything: An error occurred: EOF when reading a line
Ask me anything: An error occurred: EOF when reading a line
Ask me anything: An error occurred: EOF when reading a line
Ask me anything: An error occurred: EOF when reading a line
Ask me anything: An error occurred: EOF when reading a line
Ask me anything: An error occurred: EOF when reading a line
Ask me anything: An error occurred: EOF when reading a line
Ask me anything: An error occurred: EOF when reading a line
Ask me anything: An error occurred: EOF when reading a line
Ask me anything: An error occurred: EOF when reading a line
Ask me anything: An error occurred: EOF when reading a line
Ask me anything: An error occurred: EOF when reading a line
Ask me anything: An error occurred: EOF when reading a line
Ask me anything: An error occurred: EOF when reading a line
Ask me anything: An error occurred: EOF when reading a line
Ask me anything: An error occurred: EOF when reading a line
Ask me anything: An error occurred: EOF when reading a line
Ask me anything: An error occurred: EOF when reading a line
Ask me anything: An error occurred: EOF when reading a line
Ask me anything: An error occurred: EOF when reading a line
Ask me anything: An error occurred: EOF when reading a line
Ask me anything: An error occurred: EOF when reading a line
Ask me anything: An error occurred: EOF when reading a line
Ask me anything: An error occurred: EOF when reading a line
Ask me anything: An error occurred: EOF when reading a line
Ask me anything: An error occurred: EOF when reading a line
Ask me anything: An error occurred: EOF when reading a line
Ask me anything: An error occurred: EOF when reading a line
Ask me anything: An error occurred: EOF when reading a line
Ask me anything: An error occurred: EOF when reading a line
Ask me anything: An error occurred: EOF when reading a line
Ask me anything: An error occurred: EOF when reading a line
Ask me anything: An error occurred: EOF when reading a line
Ask me anything: An error occurred: EOF when reading a line
Ask me anything: An error occurred: EOF when reading a line
Ask me anything: An error occurred: EOF when reading a line
Ask me anything: An error occurred: EOF when reading a line
Ask me anything: An error occurred: EOF when reading a line
Ask me anything: An error occurred: EOF when reading a line
Ask me anything: An error occurred: EOF when reading a line
Ask me anything: An error occurred: EOF when reading a line
Ask me anything: An error occurred: EOF when reading a line
Ask me anything: An error occurred: EOF when reading a line
Ask me anything: An error occurred: EOF when reading a line
Ask me anything: An error occurred: EOF when reading a line
Ask me anything: An error occurred: EOF when reading a line
Ask me anything: An error occurred: EOF when reading a line
Ask me anything: An error occurred: EOF when reading a line
Ask me anything: An error occurred: EOF when reading a line
Ask me anything: An error occurred: EOF when reading a line
Ask me anything: An error occurred: EOF when reading a line
Ask me anything: An error occurred: EOF when reading a line
Ask me anything: An error occurred: EOF when reading a line
Ask me anything: An error occurred: EOF when reading a line
Ask me anything: An error occurred: EOF when reading a line
Ask me anything: An error occurred: EOF when reading a line
Ask me anything: An error occurred: EOF when reading a line
Ask me anything: An error occurred: EOF when reading a line
Ask me anything: An error occurred: EOF when reading a line
Ask me anything: An error occurred: EOF when reading a line
Ask me anything: An error occurred: EOF when reading a line
Ask me anything: An error occurred: EOF when reading a line
Ask me anything: An error occurred: EOF when reading a line
Ask me anything: An error occurred: EOF when reading a line
Ask me anything: An error occurred: EOF when reading a line
Ask me anything: An error occurred: EOF when reading a line
Ask me anything: An error occurred: EOF when reading a line
Ask me anything: An error occurred: EOF when reading a line
Ask me anything: An error occurred: EOF when reading a line
Ask me anything: An error occurred: EOF when reading a line
Ask me anything: An error occurred: EOF when reading a line
Ask me anything: An error occurred: EOF when reading a line
Ask me anything: An error occurred: EOF when reading a line
Ask me anything: An error occurred: EOF when reading a line
Ask me anything: An error occurred: EOF when reading a line
Ask me anything: An error occurred: EOF when reading a line
Ask me anything: An error occurred: EOF when reading a line
Ask me anything: An error occurred: EOF when reading a line
Ask me anything: An error occurred: EOF when reading a line
Ask me anything: An error occurred: EOF when reading a line
Ask me anything: An error occurred: EOF when reading a line
Ask me anything: An error occurred: EOF when reading a line
Ask me anything: An error occurred: EOF when reading a line
Ask me anything: An error occurred: EOF when reading a line
Ask me anything: An error occurred: EOF when reading a line
Ask me anything: An error occurred: EOF when reading a line
Ask me anything: An error occurred: EOF when reading a line
Ask me anything: An error occurred: EOF when reading a line
Ask me anything: An error occurred: EOF when reading a line
Ask me anything: An error occurred: EOF when reading a line
Ask me anything: An error occurred: EOF when reading a line
Ask me anything: An error occurred: EOF when reading a line
Ask me anything: An error occurred: EOF when reading a line
Ask me anything: An error occurred: EOF when reading a line
Ask me anything: An error occurred: EOF when reading a line
Ask me anything: An error occurred: EOF when reading a line
Ask me anything: An error occurred: EOF when reading a line
Ask me anything: An error occurred: EOF when reading a line
Ask me anything: An error occurred: EOF when reading a line
Ask me anything: An error occurred: EOF when reading a line
Ask me anything: An error occurred: EOF when reading a line
Ask me anything: An error occurred: EOF when reading a line
Ask me anything: An error occurred: EOF when reading a line
Ask me anything: An error occurred: EOF when reading a line
Ask me anything: An error occurred: EOF when reading a line
Ask me anything: An error occurred: EOF when reading a line
Ask me anything: An error occurred: EOF when reading a line
Ask me anything: An error occurred: EOF when reading a line
Ask me anything: An error occurred: EOF when reading a line
Ask me anything: An error occurred: EOF when reading a line
Ask me anything: An error occurred: EOF when reading a line
Ask me anything: An error occurred: EOF when reading a line
Ask me anything: An error occurred: EOF when reading a line
Ask me anything: An error occurred: EOF when reading a line
Ask me anything: An error occurred: EOF when reading a line
Ask me anything: An error occurred: EOF when reading a line
Ask me anything: An error occurred: EOF when reading a line
Ask me anything: An error occurred: EOF when reading a line
Ask me anything: An error occurred: EOF when reading a line
Ask me anything: An error occurred: EOF when reading a line
Ask me anything: An error occurred: EOF when reading a line
Ask me anything: An error occurred: EOF when reading a line
Ask me anything: An error occurred: EOF when reading a line
Ask me anything: An error occurred: EOF when reading a line
Ask me anything: An error occurred: EOF when reading a line
Ask me anything: An error occurred: EOF when reading a line
Ask me anything: An error occurred: EOF when reading a line
Ask me anything: An error occurred: EOF when reading a line
Ask me anything: An error occurred: EOF when reading a line
Ask me anything: An error occurred: EOF when reading a line
Ask me anything: An error occurred: EOF when reading a line
Ask me anything: An error occurred: EOF when reading a line
Ask me anything: An error occurred: EOF when reading a line
Ask me anything: An error occurred: EOF when reading a line
Ask me anything: An error occurred: EOF when reading a line
Ask me anything: An error occurred: EOF when reading a line
Ask me anything: An error occurred: EOF when reading a line
Ask me anything: An error occurred: EOF when reading a line
Ask me anything: An error occurred: EOF when reading a line
Ask me anything: An error occurred: EOF when reading a line
Ask me anything: An error occurred: EOF when reading a line
Ask me anything: An error occurred: EOF when reading a line
Ask me anything: An error occurred: EOF when reading a line
Ask me anything: An error occurred: EOF when reading a line
Ask me anything: An error occurred: EOF when reading a line
Ask me anything: An error occurred: EOF when reading a line
Ask me anything: An error occurred: EOF when reading a line
Ask me anything: An error occurred: EOF when reading a line
Ask me anything: An error occurred: EOF when reading a line
Ask me anything: An error occurred: EOF when reading a line
Ask me anything: An error occurred: EOF when reading a line
Ask me anything: An error occurred: EOF when reading a line
Ask me anything: An error occurred: EOF when reading a line
Ask me anything: An error occurred: EOF when reading a line
Ask me anything: An error occurred: EOF when reading a line
Ask me anything: An error occurred: EOF when reading a line
Ask me anything: An error occurred: EOF when reading a line
Ask me anything: An error occurred: EOF when reading a line
Ask me anything: An error occurred: EOF when reading a line
Ask me anything: An error occurred: EOF when reading a line
Ask me anything: An error occurred: EOF when reading a line
Ask me anything: An error occurred: EOF when reading a line
Ask me anything: An error occurred: EOF when reading a line
Ask me anything: An error occurred: EOF when reading a line
Ask me anything: An error occurred: EOF when reading a line
Ask me anything: An error occurred: EOF when reading a line
Ask me anything: An error occurred: EOF when reading a line
Ask me anything: An error occurred: EOF when reading a line
Ask me anything: An error occurred: EOF when reading a line
Ask me anything: An error occurred: EOF when reading a line
Ask me anything: An error occurred: EOF when reading a line
Ask me anything: An error occurred: EOF when reading a line
Ask me anything: An error occurred: EOF when reading a line
Ask me anything: An error occurred: EOF when reading a line
Ask me anything: An error occurred: EOF when reading a line
Ask me anything: An error occurred: EOF when reading a line
Ask me anything: An error occurred: EOF when reading a line
Ask me anything: An error occurred: EOF when reading a line
Ask me anything: An error occurred: EOF when reading a line
Ask me anything: An error occurred: EOF when reading a line
Ask me anything: An error occurred: EOF when reading a line
Ask me anything: An error occurred: EOF when reading a line
Ask me anything: An error occurred: EOF when reading a line
Ask me anything: An error occurred: EOF when reading a line
Ask me anything: An error occurred: EOF when reading a line
Ask me anything: An error occurred: EOF when reading a line
Ask me anything: An error occurred: EOF when reading a line
Ask me anything: An error occurred: EOF when reading a line
Ask me anything: An error occurred: EOF when reading a line
Ask me anything: An error occurred: EOF when reading a line
Ask me anything: An error occurred: EOF when reading a line
Ask me anything: An error occurred: EOF when reading a line
Ask me anything: An error occurred: EOF when reading a line
Ask me anything: An error occurred: EOF when reading a line
Ask me anything: An error occurred: EOF when reading a line
Ask me anything: An error occurred: EOF when reading a line
Ask me anything: An error occurred: EOF when reading a line
Ask me anything: An error occurred: EOF when reading a line
Ask me anything: An error occurred: EOF when reading a line
Ask me anything: An error occurred: EOF when reading a line
Ask me anything: An error occurred: EOF when reading a line
Ask me anything: An error occurred: EOF when reading a line
Ask me anything: An error occurred: EOF when reading a line
Ask me anything: An error occurred: EOF when reading a line
Ask me anything: An error occurred: EOF when reading a line
Ask me anything: An error occurred: EOF when reading a line
Ask me anything: An error occurred: EOF when reading a line
Ask me anything: An error occurred: EOF when reading a line
Ask me anything: An error occurred: EOF when reading a line
Ask me anything: An error occurred: EOF when reading a line
Ask me anything: An error occurred: EOF when reading a line
Ask me anything: An error occurred: EOF when reading a line
Ask me anything: An error occurred: EOF when reading a line
Ask me anything: An error occurred: EOF when reading a line
Ask me anything: An error occurred: EOF when reading a line
Ask me anything: An error occurred: EOF when reading a line
Ask me anything: An error occurred: EOF when reading a line
Ask me anything: An error occurred: EOF when reading a line
Ask me anything: An error occurred: EOF when reading a line
Ask me anything: An error occurred: EOF when reading a line
Ask me anything: An error occurred: EOF when reading a line
Ask me anything: An error occurred: EOF when reading a line
Ask me anything: An error occurred: EOF when reading a line
Ask me anything: An error occurred: EOF when reading a line
Ask me anything: An error occurred: EOF when reading a line
Ask me anything: An error occurred: EOF when reading a line
Ask me anything: An error occurred: EOF when reading a line
Ask me anything: An error occurred: EOF when reading a line
Ask me anything: An error occurred: EOF when reading a line
Ask me anything: An error occurred: EOF when reading a line
Ask me anything: An error occurred: EOF when reading a line
Ask me anything: An error occurred: EOF when reading a line
Ask me anything: An error occurred: EOF when reading a line
Ask me anything: An error occurred: EOF when reading a line
Ask me anything: An error occurred: EOF when reading a line
Ask me anything: An error occurred: EOF when reading a line
Ask me anything: An error occurred: EOF when reading a line
Ask me anything: An error occurred: EOF when reading a line
Ask me anything: An error occurred: EOF when reading a line
Ask me anything: An error occurred: EOF when reading a line
Ask me anything: An error occurred: EOF when reading a line
Ask me anything: An error occurred: EOF when reading a line
Ask me anything: An error occurred: EOF when reading a line
Ask me anything: An error occurred: EOF when reading a line
Ask me anything: An error occurred: EOF when reading a line
Ask me anything: An error occurred: EOF when reading a line
Ask me anything: An error occurred: EOF when reading a line
Ask me anything: An error occurred: EOF when reading a line
Ask me anything: An error occurred: EOF when reading a line
Ask me anything: An error occurred: EOF when reading a line
Ask me anything: An error occurred: EOF when reading a line
Ask me anything: An error occurred: EOF when reading a line
Ask me anything: An error occurred: EOF when reading a line
Ask me anything: An error occurred: EOF when reading a line
Ask me anything: An error occurred: EOF when reading a line
Ask me anything: An error occurred: EOF when reading a line
Ask me anything: An error occurred: EOF when reading a line
Ask me anything: An error occurred: EOF when reading a line
Ask me anything: An error occurred: EOF when reading a line
Ask me anything: An error occurred: EOF when reading a line
Ask me anything: An error occurred: EOF when reading a line
Ask me anything: An error occurred: EOF when reading a line
Ask me anything: An error occurred: EOF when reading a line
Ask me anything: An error occurred: EOF when reading a line
Ask me anything: An error occurred: EOF when reading a line
Ask me anything: An error occurred: EOF when reading a line
Ask me anything: An error occurred: EOF when reading a line
Ask me anything: An error occurred: EOF when reading a line
Ask me anything: An error occurred: EOF when reading a line
Ask me anything: An error occurred: EOF when reading a line
Ask me anything: An error occurred: EOF when reading a line
Ask me anything: An error occurred: EOF when reading a line
Ask me anything: An error occurred: EOF when reading a line
Ask me anything: An error occurred: EOF when reading a line
Ask me anything: An error occurred: EOF when reading a line
Ask me anything: An error occurred: EOF when reading a line
Ask me anything: An error occurred: EOF when reading a line
Ask me anything: An error occurred: EOF when reading a line
Ask me anything: An error occurred: EOF when reading a line
Ask me anything: An error occurred: EOF when reading a line
Ask me anything: An error occurred: EOF when reading a line
Ask me anything: An error occurred: EOF when reading a line
Ask me anything: An error occurred: EOF when reading a line
Ask me anything: An error occurred: EOF when reading a line
Ask me anything: An error occurred: EOF when reading a line
Ask me anything: An error occurred: EOF when reading a line
Ask me anything: An error occurred: EOF when reading a line
Ask me anything: An error occurred: EOF when reading a line
Ask me anything: An error occurred: EOF when reading a line
Ask me anything: An error occurred: EOF when reading a line
Ask me anything: An error occurred: EOF when reading a line
Ask me anything: An error occurred: EOF when reading a line
Ask me anything: An error occurred: EOF when reading a line
Ask me anything: An error occurred: EOF when reading a line
Ask me anything: An error occurred: EOF when reading a line
Ask me anything: An error occurred: EOF when reading a line
Ask me anything: An error occurred: EOF when reading a line
Ask me anything: An error occurred: EOF when reading a line
Ask me anything: An error occurred: EOF when reading a line
Ask me anything: An error occurred: EOF when reading a line
Ask me anything: An error occurred: EOF when reading a line
Ask me anything: An error occurred: EOF when reading a line
Ask me anything: An error occurred: EOF when reading a line
Ask me anything: An error occurred: EOF when reading a line
Ask me anything: An error occurred: EOF when reading a line
Ask me anything: An error occurred: EOF when reading a line
Ask me anything: An error occurred: EOF when reading a line
Ask me anything: An error occurred: EOF when reading a line
Ask me anything: An error occurred: EOF when reading a line
Ask me anything: An error occurred: EOF when reading a line
Ask me anything: An error occurred: EOF when reading a line
Ask me anything: An error occurred: EOF when reading a line
Ask me anything: An error occurred: EOF when reading a line
Ask me anything: An error occurred: EOF when reading a line
Ask me anything: An error occurred: EOF when reading a line
Ask me anything: An error occurred: EOF when reading a line
Ask me anything: An error occurred: EOF when reading a line
Ask me anything: An error occurred: EOF when reading a line
Ask me anything: An error occurred: EOF when reading a line
Ask me anything: An error occurred: EOF when reading a line
Ask me anything: An error occurred: EOF when reading a line
Ask me anything: An error occurred: EOF when reading a line
Ask me anything: An error occurred: EOF when reading a line
Ask me anything: An error occurred: EOF when reading a line
Ask me anything: An error occurred: EOF when reading a line
Ask me anything: An error occurred: EOF when reading a line
Ask me anything: An error occurred: EOF when reading a line
Ask me anything: An error occurred: EOF when reading a line
Ask me anything: An error occurred: EOF when reading a line
Ask me anything: An error occurred: EOF when reading a line
Ask me anything: An error occurred: EOF when reading a line
Ask me anything: An error occurred: EOF when reading a line
Ask me anything: An error occurred: EOF when reading a line
Ask me anything: An error occurred: EOF when reading a line
Ask me anything: An error occurred: EOF when reading a line
Ask me anything: An error occurred: EOF when reading a line
Ask me anything: An error occurred: EOF when reading a line
Ask me anything: An error occurred: EOF when reading a line
Ask me anything: An error occurred: EOF when reading a line
Ask me anything: An error occurred: EOF when reading a line
Ask me anything: An error occurred: EOF when reading a line
Ask me anything: An error occurred: EOF when reading a line
Ask me anything: An error occurred: EOF when reading a line
Ask me anything: An error occurred: EOF when reading a line
Ask me anything: An error occurred: EOF when reading a line
Ask me anything: An error occurred: EOF when reading a line
Ask me anything: An error occurred: EOF when reading a line
Ask me anything: An error occurred: EOF when reading a line
Ask me anything: An error occurred: EOF when reading a line
Ask me anything: An error occurred: EOF when reading a line
Ask me anything: An error occurred: EOF when reading a line
Ask me anything: An error occurred: EOF when reading a line
Ask me anything: An error occurred: EOF when reading a line
Ask me anything: An error occurred: EOF when reading a line
Ask me anything: An error occurred: EOF when reading a line
Ask me anything: An error occurred: EOF when reading a line
Ask me anything: An error occurred: EOF when reading a line
Ask me anything: An error occurred: EOF when reading a line
Ask me anything: An error occurred: EOF when reading a line
Ask me anything: An error occurred: EOF when reading a line
Ask me anything: An error occurred: EOF when reading a line
Ask me anything: An error occurred: EOF when reading a line
Ask me anything: An error occurred: EOF when reading a line
Ask me anything: An error occurred: EOF when reading a line
Ask me anything: An error occurred: EOF when reading a line
Ask me anything: An error occurred: EOF when reading a line
Ask me anything: An error occurred: EOF when reading a line
Ask me anything: An error occurred: EOF when reading a line
Ask me anything: An error occurred: EOF when reading a line
Ask me anything: An error occurred: EOF when reading a line
Ask me anything: An error occurred: EOF when reading a line
Ask me anything: An error occurred: EOF when reading a line
Ask me anything: An error occurred: EOF when reading a line
Ask me anything: An error occurred: EOF when reading a line
Ask me anything: An error occurred: EOF when reading a line
Ask me anything: An error occurred: EOF when reading a line
Ask me anything: An error occurred: EOF when reading a line
Ask me anything: An error occurred: EOF when reading a line
Ask me anything: An error occurred: EOF when reading a line
Ask me anything: An error occurred: EOF when reading a line
Ask me anything: An error occurred: EOF when reading a line
Ask me anything: An error occurred: EOF when reading a line
Ask me anything: An error occurred: EOF when reading a line
Ask me anything: An error occurred: EOF when reading a line
Ask me anything: An error occurred: EOF when reading a line
Ask me anything: An error occurred: EOF when reading a line
Ask me anything: An error occurred: EOF when reading a line
Ask me anything: An error occurred: EOF when reading a line
Ask me anything: An error occurred: EOF when reading a line
Ask me anything: An error occurred: EOF when reading a line
Ask me anything: An error occurred: EOF when reading a line
Ask me anything: An error occurred: EOF when reading a line
Ask me anything: An error occurred: EOF when reading a line
Ask me anything: An error occurred: EOF when reading a line
Ask me anything: An error occurred: EOF when reading a line
Ask me anything: An error occurred: EOF when reading a line
Ask me anything: An error occurred: EOF when reading a line
Ask me anything: An error occurred: EOF when reading a line
Ask me anything: An error occurred: EOF when reading a line
Ask me anything: An error occurred: EOF when reading a line
Ask me anything: An error occurred: EOF when reading a line
Ask me anything: An error occurred: EOF when reading a line
Ask me anything: An error occurred: EOF when reading a line
Ask me anything: An error occurred: EOF when reading a line
Ask me anything: An error occurred: EOF when reading a line
Ask me anything: An error occurred: EOF when reading a line
Ask me anything: An error occurred: EOF when reading a line
Ask me anything: An error occurred: EOF when reading a line
Ask me anything: An error occurred: EOF when reading a line
Ask me anything: An error occurred: EOF when reading a line
Ask me anything: An error occurred: EOF when reading a line
Ask me anything: An error occurred: EOF when reading a line
Ask me anything: An error occurred: EOF when reading a line
Ask me anything: An error occurred: EOF when reading a line
Ask me anything: An error occurred: EOF when reading a line
Ask me anything: An error occurred: EOF when reading a line
Ask me anything: An error occurred: EOF when reading a line
Ask me anything: An error occurred: EOF when reading a line
Ask me anything: An error occurred: EOF when reading a line
Ask me anything: An error occurred: EOF when reading a line
Ask me anything: An error occurred: EOF when reading a line
Ask me anything: An error occurred: EOF when reading a line
Ask me anything: An error occurred: EOF when reading a line
Ask me anything: An error occurred: EOF when reading a line
Ask me anything: An error occurred: EOF when reading a line
Ask me anything: An error occurred: EOF when reading a line
Ask me anything: An error occurred: EOF when reading a line
Ask me anything: An error occurred: EOF when reading a line
Ask me anything: An error occurred: EOF when reading a line
Ask me anything: An error occurred: EOF when reading a line
Ask me anything: An error occurred: EOF when reading a line
Ask me anything: An error occurred: EOF when reading a line
Ask me anything: An error occurred: EOF when reading a line
Ask me anything: An error occurred: EOF when reading a line
Ask me anything: An error occurred: EOF when reading a line
Ask me anything: An error occurred: EOF when reading a line
Ask me anything: An error occurred: EOF when reading a line
Ask me anything: An error occurred: EOF when reading a line
Ask me anything: An error occurred: EOF when reading a line
Ask me anything: An error occurred: EOF when reading a line
Ask me anything: An error occurred: EOF when reading a line
Ask me anything: An error occurred: EOF when reading a line
Ask me anything: An error occurred: EOF when reading a line
Ask me anything: An error occurred: EOF when reading a line
Ask me anything: An error occurred: EOF when reading a line
Ask me anything: An error occurred: EOF when reading a line
Ask me anything: An error occurred: EOF when reading a line
Ask me anything: An error occurred: EOF when reading a line
Ask me anything: An error occurred: EOF when reading a line
Ask me anything: An error occurred: EOF when reading a line
Ask me anything: An error occurred: EOF when reading a line
Ask me anything: An error occurred: EOF when reading a line
Ask me anything: An error occurred: EOF when reading a line
Ask me anything: An error occurred: EOF when reading a line
Ask me anything: An error occurred: EOF when reading a line
Ask me anything: An error occurred: EOF when reading a line
Ask me anything: An error occurred: EOF when reading a line
Ask me anything: An error occurred: EOF when reading a line
Ask me anything: An error occurred: EOF when reading a line
Ask me anything: An error occurred: EOF when reading a line
Ask me anything: An error occurred: EOF when reading a line
Ask me anything: An error occurred: EOF when reading a line
Ask me anything: An error occurred: EOF when reading a line
Ask me anything: An error occurred: EOF when reading a line
Ask me anything: An error occurred: EOF when reading a line
Ask me anything: An error occurred: EOF when reading a line
Ask me anything: An error occurred: EOF when reading a line
Ask me anything: An error occurred: EOF when reading a line
Ask me anything: An error occurred: EOF when reading a line
Ask me anything: An error occurred: EOF when reading a line
Ask me anything: An error occurred: EOF when reading a line
Ask me anything: An error occurred: EOF when reading a line
Ask me anything: An error occurred: EOF when reading a line
Ask me anything: An error occurred: EOF when reading a line
Ask me anything: An error occurred: EOF when reading a line
Ask me anything: An error occurred: EOF when reading a line
Ask me anything: An error occurred: EOF when reading a line
Ask me anything: An error occurred: EOF when reading a line
Ask me anything: An error occurred: EOF when reading a line
Ask me anything: An error occurred: EOF when reading a line
Ask me anything: An error occurred: EOF when reading a line
Ask me anything: An error occurred: EOF when reading a line
Ask me anything: An error occurred: EOF when reading a line
Ask me anything: An error occurred: EOF when reading a line
Ask me anything: An error occurred: EOF when reading a line
Ask me anything: An error occurred: EOF when reading a line
Ask me anything: An error occurred: EOF when reading a line
Ask me anything: An error occurred: EOF when reading a line
Ask me anything: An error occurred: EOF when reading a line
Ask me anything: An error occurred: EOF when reading a line
Ask me anything: An error occurred: EOF when reading a line
Ask me anything: An error occurred: EOF when reading a line
Ask me anything: An error occurred: EOF when reading a line
Ask me anything: An error occurred: EOF when reading a line
Ask me anything: An error occurred: EOF when reading a line
Ask me anything: An error occurred: EOF when reading a line
Ask me anything: An error occurred: EOF when reading a line
Ask me anything: An error occurred: EOF when reading a line
Ask me anything: An error occurred: EOF when reading a line
Ask me anything: An error occurred: EOF when reading a line
Ask me anything: An error occurred: EOF when reading a line
Ask me anything: An error occurred: EOF when reading a line
Ask me anything: An error occurred: EOF when reading a line
Ask me anything: An error occurred: EOF when reading a line
Ask me anything: An error occurred: EOF when reading a line
Ask me anything: An error occurred: EOF when reading a line
Ask me anything: An error occurred: EOF when reading a line
Ask me anything: An error occurred: EOF when reading a line
Ask me anything: An error occurred: EOF when reading a line
Ask me anything: An error occurred: EOF when reading a line
Ask me anything: An error occurred: EOF when reading a line
Ask me anything: An error occurred: EOF when reading a line
Ask me anything: An error occurred: EOF when reading a line
Ask me anything: An error occurred: EOF when reading a line
Ask me anything: An error occurred: EOF when reading a line
Ask me anything: An error occurred: EOF when reading a line
Ask me anything: An error occurred: EOF when reading a line
Ask me anything: An error occurred: EOF when reading a line
Ask me anything: An error occurred: EOF when reading a line
Ask me anything: An error occurred: EOF when reading a line
Ask me anything: An error occurred: EOF when reading a line
Ask me anything: An error occurred: EOF when reading a line
Ask me anything: An error occurred: EOF when reading a line
Ask me anything: An error occurred: EOF when reading a line
Ask me anything: An error occurred: EOF when reading a line
Ask me anything: An error occurred: EOF when reading a line
Ask me anything: An error occurred: EOF when reading a line
Ask me anything: An error occurred: EOF when reading a line
Ask me anything: An error occurred: EOF when reading a line
Ask me anything: An error occurred: EOF when reading a line
Ask me anything: An error occurred: EOF when reading a line
Ask me anything: An error occurred: EOF when reading a line
Ask me anything: An error occurred: EOF when reading a line
Ask me anything: An error occurred: EOF when reading a line
Ask me anything: An error occurred: EOF when reading a line
Ask me anything: An error occurred: EOF when reading a line
Ask me anything: An error occurred: EOF when reading a line
Ask me anything: An error occurred: EOF when reading a line
Ask me anything: An error occurred: EOF when reading a line
Ask me anything: An error occurred: EOF when reading a line
Ask me anything: An error occurred: EOF when reading a line
Ask me anything: An error occurred: EOF when reading a line
Ask me anything: An error occurred: EOF when reading a line
Ask me anything: An error occurred: EOF when reading a line
Ask me anything: An error occurred: EOF when reading a line
Ask me anything: An error occurred: EOF when reading a line
Ask me anything: An error occurred: EOF when reading a line
Ask me anything: An error occurred: EOF when reading a line
Ask me anything: An error occurred: EOF when reading a line
Ask me anything: An error occurred: EOF when reading a line
Ask me anything: An error occurred: EOF when reading a line
Ask me anything: An error occurred: EOF when reading a line
Ask me anything: An error occurred: EOF when reading a line
Ask me anything: An error occurred: EOF when reading a line
Ask me anything: An error occurred: EOF when reading a line
Ask me anything: An error occurred: EOF when reading a line
Ask me anything: An error occurred: EOF when reading a line
Ask me anything: An error occurred: EOF when reading a line
Ask me anything: An error occurred: EOF when reading a line
Ask me anything: An error occurred: EOF when reading a line
Ask me anything: An error occurred: EOF when reading a line
Ask me anything: An error occurred: EOF when reading a line
Ask me anything: An error occurred: EOF when reading a line
Ask me anything: An error occurred: EOF when reading a line
Ask me anything: An error occurred: EOF when reading a line
Ask me anything: An error occurred: EOF when reading a line
Ask me anything: An error occurred: EOF when reading a line
Ask me anything: An error occurred: EOF when reading a line
Ask me anything: An error occurred: EOF when reading a line
Ask me anything: An error occurred: EOF when reading a line
Ask me anything: An error occurred: EOF when reading a line
Ask me anything: An error occurred: EOF when reading a line
Ask me anything: An error occurred: EOF when reading a line
Ask me anything: An error occurred: EOF when reading a line
Ask me anything: An error occurred: EOF when reading a line
Ask me anything: An error occurred: EOF when reading a line
Ask me anything: An error occurred: EOF when reading a line
Ask me anything: An error occurred: EOF when reading a line
Ask me anything: An error occurred: EOF when reading a line
Ask me anything: An error occurred: EOF when reading a line
Ask me anything: An error occurred: EOF when reading a line
Ask me anything: An error occurred: EOF when reading a line
Ask me anything: An error occurred: EOF when reading a line
Ask me anything: An error occurred: EOF when reading a line
Ask me anything: An error occurred: EOF when reading a line
Ask me anything: An error occurred: EOF when reading a line
Ask me anything: An error occurred: EOF when reading a line
Ask me anything: An error occurred: EOF when reading a line
Ask me anything: An error occurred: EOF when reading a line
Ask me anything: An error occurred: EOF when reading a line
Ask me anything: An error occurred: EOF when reading a line
Ask me anything: An error occurred: EOF when reading a line
Ask me anything: An error occurred: EOF when reading a line
Ask me anything: An error occurred: EOF when reading a line
Ask me anything: An error occurred: EOF when reading a line
Ask me anything: An error occurred: EOF when reading a line
Ask me anything: An error occurred: EOF when reading a line
Ask me anything: An error occurred: EOF when reading a line
Ask me anything: An error occurred: EOF when reading a line
Ask me anything: An error occurred: EOF when reading a line
Ask me anything: An error occurred: EOF when reading a line
Ask me anything: An error occurred: EOF when reading a line
Ask me anything: An error occurred: EOF when reading a line
Ask me anything: An error occurred: EOF when reading a line
Ask me anything: An error occurred: EOF when reading a line
Ask me anything: An error occurred: EOF when reading a line
Ask me anything: An error occurred: EOF when reading a line
Ask me anything: An error occurred: EOF when reading a line
Ask me anything: An error occurred: EOF when reading a line
Ask me anything: An error occurred: EOF when reading a line
Ask me anything: An error occurred: EOF when reading a line
Ask me anything: An error occurred: EOF when reading a line
Ask me anything: An error occurred: EOF when reading a line
Ask me anything: An error occurred: EOF when reading a line
Ask me anything: An error occurred: EOF when reading a line
Ask me anything: An error occurred: EOF when reading a line
Ask me anything: An error occurred: EOF when reading a line
Ask me anything: An error occurred: EOF when reading a line
Ask me anything: An error occurred: EOF when reading a line
Ask me anything: An error occurred: EOF when reading a line
Ask me anything: An error occurred: EOF when reading a line
Ask me anything: An error occurred: EOF when reading a line
Ask me anything: An error occurred: EOF when reading a line
Ask me anything: An error occurred: EOF when reading a line
Ask me anything: An error occurred: EOF when reading a line
Ask me anything: An error occurred: EOF when reading a line
Ask me anything: An error occurred: EOF when reading a line
Ask me anything: An error occurred: EOF when reading a line
Ask me anything: An error occurred: EOF when reading a line
Ask me anything: An error occurred: EOF when reading a line
Ask me anything: An error occurred: EOF when reading a line
Ask me anything: An error occurred: EOF when reading a line
Ask me anything: An error occurred: EOF when reading a line
Ask me anything: An error occurred: EOF when reading a line
Ask me anything: An error occurred: EOF when reading a line
Ask me anything: An error occurred: EOF when reading a line
Ask me anything: An error occurred: EOF when reading a line
Ask me anything: An error occurred: EOF when reading a line
Ask me anything: An error occurred: EOF when reading a line
Ask me anything: An error occurred: EOF when reading a line
Ask me anything: An error occurred: EOF when reading a line
Ask me anything: An error occurred: EOF when reading a line
Ask me anything: An error occurred: EOF when reading a line
Ask me anything: An error occurred: EOF when reading a line
Ask me anything: An error occurred: EOF when reading a line
Ask me anything: An error occurred: EOF when reading a line
Ask me anything: An error occurred: EOF when reading a line
Ask me anything: An error occurred: EOF when reading a line
Ask me anything: An error occurred: EOF when reading a line
Ask me anything: An error occurred: EOF when reading a line
Ask me anything: An error occurred: EOF when reading a line
Ask me anything: An error occurred: EOF when reading a line
Ask me anything: An error occurred: EOF when reading a line
Ask me anything: An error occurred: EOF when reading a line
Ask me anything: An error occurred: EOF when reading a line
Ask me anything: An error occurred: EOF when reading a line
Ask me anything: An error occurred: EOF when reading a line
Ask me anything: An error occurred: EOF when reading a line
Ask me anything: An error occurred: EOF when reading a line
Ask me anything: An error occurred: EOF when reading a line
Ask me anything: An error occurred: EOF when reading a line
Ask me anything: An error occurred: EOF when reading a line
Ask me anything: An error occurred: EOF when reading a line
Ask me anything: An error occurred: EOF when reading a line
Ask me anything: An error occurred: EOF when reading a line
Ask me anything: An error occurred: EOF when reading a line
Ask me anything: An error occurred: EOF when reading a line
Ask me anything: An error occurred: EOF when reading a line
Ask me anything: An error occurred: EOF when reading a line
Ask me anything: An error occurred: EOF when reading a line
Ask me anything: An error occurred: EOF when reading a line
Ask me anything: An error occurred: EOF when reading a line
Ask me anything: An error occurred: EOF when reading a line
Ask me anything: An error occurred: EOF when reading a line
Ask me anything: An error occurred: EOF when reading a line
Ask me anything: An error occurred: EOF when reading a line
Ask me anything: An error occurred: EOF when reading a line
Ask me anything: An error occurred: EOF when reading a line
Ask me anything: An error occurred: EOF when reading a line
Ask me anything: An error occurred: EOF when reading a line
Ask me anything: An error occurred: EOF when reading a line
Ask me anything: An error occurred: EOF when reading a line
Ask me anything: An error occurred: EOF when reading a line
Ask me anything: An error occurred: EOF when reading a line
Ask me anything: An error occurred: EOF when reading a line
Ask me anything: An error occurred: EOF when reading a line
Ask me anything: An error occurred: EOF when reading a line
Ask me anything: An error occurred: EOF when reading a line
Ask me anything: An error occurred: EOF when reading a line
Ask me anything: An error occurred: EOF when reading a line
Ask me anything: An error occurred: EOF when reading a line
Ask me anything: An error occurred: EOF when reading a line
Ask me anything: An error occurred: EOF when reading a line
Ask me anything: An error occurred: EOF when reading a line
Ask me anything: An error occurred: EOF when reading a line
Ask me anything: An error occurred: EOF when reading a line
Ask me anything: An error occurred: EOF when reading a line
Ask me anything: An error occurred: EOF when reading a line
Ask me anything: An error occurred: EOF when reading a line
Ask me anything: An error occurred: EOF when reading a line
Ask me anything: An error occurred: EOF when reading a line
Ask me anything: An error occurred: EOF when reading a line
Ask me anything: An error occurred: EOF when reading a line
Ask me anything: An error occurred: EOF when reading a line
Ask me anything: An error occurred: EOF when reading a line
Ask me anything: An error occurred: EOF when reading a line
Ask me anything: An error occurred: EOF when reading a line
Ask me anything: An error occurred: EOF when reading a line
Ask me anything: An error occurred: EOF when reading a line
Ask me anything: An error occurred: EOF when reading a line
Ask me anything: An error occurred: EOF when reading a line
Ask me anything: An error occurred: EOF when reading a line
Ask me anything: An error occurred: EOF when reading a line
Ask me anything: An error occurred: EOF when reading a line
Ask me anything: An error occurred: EOF when reading a line
Ask me anything: An error occurred: EOF when reading a line
Ask me anything: An error occurred: EOF when reading a line
Ask me anything: An error occurred: EOF when reading a line
Ask me anything: An error occurred: EOF when reading a line
Ask me anything: An error occurred: EOF when reading a line
Ask me anything: An error occurred: EOF when reading a line
Ask me anything: An error occurred: EOF when reading a line
Ask me anything: An error occurred: EOF when reading a line
Ask me anything: An error occurred: EOF when reading a line
Ask me anything: An error occurred: EOF when reading a line
Ask me anything: An error occurred: EOF when reading a line
Ask me anything: An error occurred: EOF when reading a line
Ask me anything: An error occurred: EOF when reading a line
Ask me anything: An error occurred: EOF when reading a line
Ask me anything: An error occurred: EOF when reading a line
Ask me anything: An error occurred: EOF when reading a line
Ask me anything: An error occurred: EOF when reading a line
Ask me anything: An error occurred: EOF when reading a line
Ask me anything: An error occurred: EOF when reading a line
Ask me anything: An error occurred: EOF when reading a line
Ask me anything: An error occurred: EOF when reading a line
Ask me anything: An error occurred: EOF when reading a line
Ask me anything: An error occurred: EOF when reading a line
Ask me anything: An error occurred: EOF when reading a line
Ask me anything: An error occurred: EOF when reading a line
Ask me anything: An error occurred: EOF when reading a line
Ask me anything: An error occurred: EOF when reading a line
Ask me anything: An error occurred: EOF when reading a line
Ask me anything: An error occurred: EOF when reading a line
Ask me anything: An error occurred: EOF when reading a line
Ask me anything: An error occurred: EOF when reading a line
Ask me anything: An error occurred: EOF when reading a line
Ask me anything: An error occurred: EOF when reading a line
Ask me anything: An error occurred: EOF when reading a line
Ask me anything: An error occurred: EOF when reading a line
Ask me anything: An error occurred: EOF when reading a line
Ask me anything: An error occurred: EOF when reading a line
Ask me anything: An error occurred: EOF when reading a line
Ask me anything: An error occurred: EOF when reading a line
Ask me anything: An error occurred: EOF when reading a line
Ask me anything: An error occurred: EOF when reading a line
Ask me anything: An error occurred: EOF when reading a line
Ask me anything: An error occurred: EOF when reading a line
Ask me anything: An error occurred: EOF when reading a line
Ask me anything: An error occurred: EOF when reading a line
Ask me anything: An error occurred: EOF when reading a line
Ask me anything: An error occurred: EOF when reading a line
Ask me anything: An error occurred: EOF when reading a line
Ask me anything: An error occurred: EOF when reading a line
Ask me anything: An error occurred: EOF when reading a line
Ask me anything: An error occurred: EOF when reading a line
Ask me anything: An error occurred: EOF when reading a line
Ask me anything: An error occurred: EOF when reading a line
Ask me anything: An error occurred: EOF when reading a line
Ask me anything: An error occurred: EOF when reading a line
Ask me anything: An error occurred: EOF when reading a line
Ask me anything: An error occurred: EOF when reading a line
Ask me anything: An error occurred: EOF when reading a line
Ask me anything: An error occurred: EOF when reading a line
Ask me anything: An error occurred: EOF when reading a line
Ask me anything: An error occurred: EOF when reading a line
Ask me anything: An error occurred: EOF when reading a line
Ask me anything: An error occurred: EOF when reading a line
Ask me anything: An error occurred: EOF when reading a line
Ask me anything: An error occurred: EOF when reading a line
Ask me anything: An error occurred: EOF when reading a line
Ask me anything: An error occurred: EOF when reading a line
Ask me anything: An error occurred: EOF when reading a line
Ask me anything: An error occurred: EOF when reading a line
Ask me anything: An error occurred: EOF when reading a line
Ask me anything: An error occurred: EOF when reading a line
Ask me anything: An error occurred: EOF when reading a line
Ask me anything: An error occurred: EOF when reading a line
Ask me anything: An error occurred: EOF when reading a line
Ask me anything: An error occurred: EOF when reading a line
Ask me anything: An error occurred: EOF when reading a line
Ask me anything: An error occurred: EOF when reading a line
Ask me anything: An error occurred: EOF when reading a line
Ask me anything: An error occurred: EOF when reading a line
Ask me anything: An error occurred: EOF when reading a line
Ask me anything: An error occurred: EOF when reading a line
Ask me anything: An error occurred: EOF when reading a line
Ask me anything: An error occurred: EOF when reading a line
Ask me anything: An error occurred: EOF when reading a line
Ask me anything: An error occurred: EOF when reading a line
Ask me anything: An error occurred: EOF when reading a line
Ask me anything: An error occurred: EOF when reading a line
Ask me anything: An error occurred: EOF when reading a line
Ask me anything: An error occurred: EOF when reading a line
Ask me anything: An error occurred: EOF when reading a line
Ask me anything: An error occurred: EOF when reading a line
Ask me anything: An error occurred: EOF when reading a line
Ask me anything: An error occurred: EOF when reading a line
Ask me anything: An error occurred: EOF when reading a line
Ask me anything: An error occurred: EOF when reading a line
Ask me anything: An error occurred: EOF when reading a line
Ask me anything: An error occurred: EOF when reading a line
Ask me anything: An error occurred: EOF when reading a line
Ask me anything: An error occurred: EOF when reading a line
Ask me anything: An error occurred: EOF when reading a line
Ask me anything: An error occurred: EOF when reading a line
Ask me anything: An error occurred: EOF when reading a line
Ask me anything: An error occurred: EOF when reading a line
Ask me anything: An error occurred: EOF when reading a line
Ask me anything: An error occurred: EOF when reading a line
Ask me anything: An error occurred: EOF when reading a line
Ask me anything: An error occurred: EOF when reading a line
Ask me anything: An error occurred: EOF when reading a line
Ask me anything: An error occurred: EOF when reading a line
Ask me anything: An error occurred: EOF when reading a line
Ask me anything: An error occurred: EOF when reading a line
Ask me anything: An error occurred: EOF when reading a line
Ask me anything: An error occurred: EOF when reading a line
Ask me anything: An error occurred: EOF when reading a line
Ask me anything: An error occurred: EOF when reading a line
Ask me anything: An error occurred: EOF when reading a line
Ask me anything: An error occurred: EOF when reading a line
Ask me anything: An error occurred: EOF when reading a line
Ask me anything: An error occurred: EOF when reading a line
Ask me anything: An error occurred: EOF when reading a line
Ask me anything: An error occurred: EOF when reading a line
Ask me anything: An error occurred: EOF when reading a line
Ask me anything: An error occurred: EOF when reading a line
Ask me anything: An error occurred: EOF when reading a line
Ask me anything: An error occurred: EOF when reading a line
Ask me anything: An error occurred: EOF when reading a line
Ask me anything: An error occurred: EOF when reading a line
Ask me anything: An error occurred: EOF when reading a line
Ask me anything: An error occurred: EOF when reading a line
Ask me anything: An error occurred: EOF when reading a line
Ask me anything: An error occurred: EOF when reading a line
Ask me anything: An error occurred: EOF when reading a line
Ask me anything: An error occurred: EOF when reading a line
Ask me anything: An error occurred: EOF when reading a line
Ask me anything: An error occurred: EOF when reading a line
Ask me anything: An error occurred: EOF when reading a line
Ask me anything: An error occurred: EOF when reading a line
Ask me anything: An error occurred: EOF when reading a line
Ask me anything: An error occurred: EOF when reading a line
Ask me anything: An error occurred: EOF when reading a line
Ask me anything: An error occurred: EOF when reading a line
Ask me anything: An error occurred: EOF when reading a line
Ask me anything: An error occurred: EOF when reading a line
Ask me anything: An error occurred: EOF when reading a line
Ask me anything: An error occurred: EOF when reading a line
Ask me anything: An error occurred: EOF when reading a line
Ask me anything: An error occurred: EOF when reading a line
Ask me anything: An error occurred: EOF when reading a line
Ask me anything: An error occurred: EOF when reading a line
Ask me anything: An error occurred: EOF when reading a line
Ask me anything: An error occurred: EOF when reading a line
Ask me anything: An error occurred: EOF when reading a line
Ask me anything: An error occurred: EOF when reading a line
Ask me anything: An error occurred: EOF when reading a line
Ask me anything: An error occurred: EOF when reading a line
Ask me anything: An error occurred: EOF when reading a line
Ask me anything: An error occurred: EOF when reading a line
Ask me anything: An error occurred: EOF when reading a line
Ask me anything: An error occurred: EOF when reading a line
Ask me anything: An error occurred: EOF when reading a line
Ask me anything: An error occurred: EOF when reading a line
Ask me anything: An error occurred: EOF when reading a line
Ask me anything: An error occurred: EOF when reading a line
Ask me anything: An error occurred: EOF when reading a line
Ask me anything: An error occurred: EOF when reading a line
Ask me anything: An error occurred: EOF when reading a line
Ask me anything: An error occurred: EOF when reading a line
Ask me anything: An error occurred: EOF when reading a line
Ask me anything: An error occurred: EOF when reading a line
Ask me anything: An error occurred: EOF when reading a line
Ask me anything: An error occurred: EOF when reading a line
Ask me anything: An error occurred: EOF when reading a line
Ask me anything: An error occurred: EOF when reading a line
Ask me anything: An error occurred: EOF when reading a line
Ask me anything: An error occurred: EOF when reading a line
Ask me anything: An error occurred: EOF when reading a line
Ask me anything: An error occurred: EOF when reading a line
Ask me anything: An error occurred: EOF when reading a line
Ask me anything: An error occurred: EOF when reading a line
Ask me anything: An error occurred: EOF when reading a line
Ask me anything: An error occurred: EOF when reading a line
Ask me anything: An error occurred: EOF when reading a line
Ask me anything: An error occurred: EOF when reading a line
Ask me anything: An error occurred: EOF when reading a line
Ask me anything: An error occurred: EOF when reading a line
Ask me anything: An error occurred: EOF when reading a line
Ask me anything: An error occurred: EOF when reading a line
Ask me anything: An error occurred: EOF when reading a line
Ask me anything: An error occurred: EOF when reading a line
Ask me anything: An error occurred: EOF when reading a line
Ask me anything: An error occurred: EOF when reading a line
Ask me anything: An error occurred: EOF when reading a line
Ask me anything: An error occurred: EOF when reading a line
Ask me anything: An error occurred: EOF when reading a line
Ask me anything: An error occurred: EOF when reading a line
Ask me anything: An error occurred: EOF when reading a line
Ask me anything: An error occurred: EOF when reading a line
Ask me anything: An error occurred: EOF when reading a line
Ask me anything: An error occurred: EOF when reading a line
Ask me anything: An error occurred: EOF when reading a line
Ask me anything: An error occurred: EOF when reading a line
Ask me anything: An error occurred: EOF when reading a line
Ask me anything: An error occurred: EOF when reading a line
Ask me anything: An error occurred: EOF when reading a line
Ask me anything: An error occurred: EOF when reading a line
Ask me anything: An error occurred: EOF when reading a line
Ask me anything: An error occurred: EOF when reading a line
Ask me anything: An error occurred: EOF when reading a line
Ask me anything: An error occurred: EOF when reading a line
Ask me anything: An error occurred: EOF when reading a line
Ask me anything: An error occurred: EOF when reading a line
Ask me anything: An error occurred: EOF when reading a line
Ask me anything: An error occurred: EOF when reading a line
Ask me anything: An error occurred: EOF when reading a line
Ask me anything: An error occurred: EOF when reading a line
Ask me anything: An error occurred: EOF when reading a line
Ask me anything: An error occurred: EOF when reading a line
Ask me anything: An error occurred: EOF when reading a line
Ask me anything: An error occurred: EOF when reading a line
Ask me anything: An error occurred: EOF when reading a line
Ask me anything: An error occurred: EOF when reading a line
Ask me anything: An error occurred: EOF when reading a line
Ask me anything: An error occurred: EOF when reading a line
Ask me anything: An error occurred: EOF when reading a line
Ask me anything: An error occurred: EOF when reading a line
Ask me anything: An error occurred: EOF when reading a line
Ask me anything: An error occurred: EOF when reading a line
Ask me anything: An error occurred: EOF when reading a line
Ask me anything: An error occurred: EOF when reading a line
Ask me anything: An error occurred: EOF when reading a line
Ask me anything: An error occurred: EOF when reading a line
Ask me anything: An error occurred: EOF when reading a line
Ask me anything: An error occurred: EOF when reading a line
Ask me anything: An error occurred: EOF when reading a line
Ask me anything: An error occurred: EOF when reading a line
Ask me anything: An error occurred: EOF when reading a line
Ask me anything: An error occurred: EOF when reading a line
Ask me anything: An error occurred: EOF when reading a line
Ask me anything: An error occurred: EOF when reading a line
Ask me anything: An error occurred: EOF when reading a line
Ask me anything: An error occurred: EOF when reading a line
Ask me anything: An error occurred: EOF when reading a line
Ask me anything: An error occurred: EOF when reading a line
Ask me anything: An error occurred: EOF when reading a line
Ask me anything: An error occurred: EOF when reading a line
Ask me anything: An error occurred: EOF when reading a line
Ask me anything: An error occurred: EOF when reading a line
Ask me anything: An error occurred: EOF when reading a line
Ask me anything: An error occurred: EOF when reading a line
Ask me anything: An error occurred: EOF when reading a line
Ask me anything: An error occurred: EOF when reading a line
Ask me anything: An error occurred: EOF when reading a line
Ask me anything: An error occurred: EOF when reading a line
Ask me anything: An error occurred: EOF when reading a line
Ask me anything: An error occurred: EOF when reading a line
Ask me anything: An error occurred: EOF when reading a line
Ask me anything: An error occurred: EOF when reading a line
Ask me anything: An error occurred: EOF when reading a line
Ask me anything: An error occurred: EOF when reading a line
Ask me anything: An error occurred: EOF when reading a line
Ask me anything: An error occurred: EOF when reading a line
Ask me anything: An error occurred: EOF when reading a line
Ask me anything: An error occurred: EOF when reading a line
Ask me anything: An error occurred: EOF when reading a line
Ask me anything: An error occurred: EOF when reading a line
Ask me anything: An error occurred: EOF when reading a line
Ask me anything: An error occurred: EOF when reading a line
Ask me anything: An error occurred: EOF when reading a line
Ask me anything: An error occurred: EOF when reading a line
Ask me anything: An error occurred: EOF when reading a line
Ask me anything: An error occurred: EOF when reading a line
Ask me anything: An error occurred: EOF when reading a line
Ask me anything: An error occurred: EOF when reading a line
Ask me anything: An error occurred: EOF when reading a line
Ask me anything: An error occurred: EOF when reading a line
Ask me anything: An error occurred: EOF when reading a line
Ask me anything: An error occurred: EOF when reading a line
Ask me anything: An error occurred: EOF when reading a line
Ask me anything: An error occurred: EOF when reading a line
Ask me anything: An error occurred: EOF when reading a line
Ask me anything: An error occurred: EOF when reading a line
Ask me anything: An error occurred: EOF when reading a line
Ask me anything: An error occurred: EOF when reading a line
Ask me anything: An error occurred: EOF when reading a line
Ask me anything: An error occurred: EOF when reading a line
Ask me anything: An error occurred: EOF when reading a line
Ask me anything: An error occurred: EOF when reading a line
Ask me anything: An error occurred: EOF when reading a line
Ask me anything: An error occurred: EOF when reading a line
Ask me anything: An error occurred: EOF when reading a line
Ask me anything: An error occurred: EOF when reading a line
Ask me anything: An error occurred: EOF when reading a line
Ask me anything: An error occurred: EOF when reading a line
Ask me anything: An error occurred: EOF when reading a line
Ask me anything: An error occurred: EOF when reading a line
Ask me anything: An error occurred: EOF when reading a line
Ask me anything: An error occurred: EOF when reading a line
Ask me anything: An error occurred: EOF when reading a line
Ask me anything: An error occurred: EOF when reading a line
Ask me anything: An error occurred: EOF when reading a line
Ask me anything: An error occurred: EOF when reading a line
Ask me anything: An error occurred: EOF when reading a line
Ask me anything: An error occurred: EOF when reading a line
Ask me anything: An error occurred: EOF when reading a line
Ask me anything: An error occurred: EOF when reading a line
Ask me anything: An error occurred: EOF when reading a line
Ask me anything: An error occurred: EOF when reading a line
Ask me anything: An error occurred: EOF when reading a line
Ask me anything: An error occurred: EOF when reading a line
Ask me anything: An error occurred: EOF when reading a line
Ask me anything: An error occurred: EOF when reading a line
Ask me anything: An error occurred: EOF when reading a line
Ask me anything: An error occurred: EOF when reading a line
Ask me anything: An error occurred: EOF when reading a line
Ask me anything: An error occurred: EOF when reading a line
Ask me anything: An error occurred: EOF when reading a line
Ask me anything: An error occurred: EOF when reading a line
Ask me anything: An error occurred: EOF when reading a line
Ask me anything: An error occurred: EOF when reading a line
Ask me anything: An error occurred: EOF when reading a line
Ask me anything: An error occurred: EOF when reading a line
Ask me anything: An error occurred: EOF when reading a line
Ask me anything: An error occurred: EOF when reading a line
Ask me anything: An error occurred: EOF when reading a line
Ask me anything: An error occurred: EOF when reading a line
Ask me anything: An error occurred: EOF when reading a line
Ask me anything: An error occurred: EOF when reading a line
Ask me anything: An error occurred: EOF when reading a line
Ask me anything: An error occurred: EOF when reading a line
Ask me anything: An error occurred: EOF when reading a line
Ask me anything: An error occurred: EOF when reading a line
Ask me anything: An error occurred: EOF when reading a line
Ask me anything: An error occurred: EOF when reading a line
Ask me anything: An error occurred: EOF when reading a line
Ask me anything: An error occurred: EOF when reading a line
Ask me anything: An error occurred: EOF when reading a line
Ask me anything: An error occurred: EOF when reading a line
Ask me anything: An error occurred: EOF when reading a line
Ask me anything: An error occurred: EOF when reading a line
Ask me anything: An error occurred: EOF when reading a line
Ask me anything: An error occurred: EOF when reading a line
Ask me anything: An error occurred: EOF when reading a line
Ask me anything: An error occurred: EOF when reading a line
Ask me anything: An error occurred: EOF when reading a line
Ask me anything: An error occurred: EOF when reading a line
Ask me anything: An error occurred: EOF when reading a line
Ask me anything: An error occurred: EOF when reading a line
Ask me anything: An error occurred: EOF when reading a line
Ask me anything: An error occurred: EOF when reading a line
Ask me anything: An error occurred: EOF when reading a line
Ask me anything: An error occurred: EOF when reading a line
Ask me anything: An error occurred: EOF when reading a line
Ask me anything: An error occurred: EOF when reading a line
Ask me anything: An error occurred: EOF when reading a line
Ask me anything: An error occurred: EOF when reading a line
Ask me anything: An error occurred: EOF when reading a line
Ask me anything: An error occurred: EOF when reading a line
Ask me anything: An error occurred: EOF when reading a line
Ask me anything: An error occurred: EOF when reading a line
Ask me anything: An error occurred: EOF when reading a line
Ask me anything: An error occurred: EOF when reading a line
Ask me anything: An error occurred: EOF when reading a line
Ask me anything: An error occurred: EOF when reading a line
Ask me anything: An error occurred: EOF when reading a line
Ask me anything: An error occurred: EOF when reading a line
Ask me anything: An error occurred: EOF when reading a line
Ask me anything: An error occurred: EOF when reading a line
Ask me anything: An error occurred: EOF when reading a line
Ask me anything: An error occurred: EOF when reading a line
Ask me anything: An error occurred: EOF when reading a line
Ask me anything: An error occurred: EOF when reading a line
Ask me anything: An error occurred: EOF when reading a line
Ask me anything: An error occurred: EOF when reading a line
Ask me anything: An error occurred: EOF when reading a line
Ask me anything: An error occurred: EOF when reading a line
Ask me anything: An error occurred: EOF when reading a line
Ask me anything: An error occurred: EOF when reading a line
Ask me anything: An error occurred: EOF when reading a line
Ask me anything: An error occurred: EOF when reading a line
Ask me anything: An error occurred: EOF when reading a line
Ask me anything: An error occurred: EOF when reading a line
Ask me anything: An error occurred: EOF when reading a line
Ask me anything: An error occurred: EOF when reading a line
Ask me anything: An error occurred: EOF when reading a line
Ask me anything: An error occurred: EOF when reading a line
Ask me anything: An error occurred: EOF when reading a line
Ask me anything: An error occurred: EOF when reading a line
Ask me anything: An error occurred: EOF when reading a line
Ask me anything: An error occurred: EOF when reading a line
Ask me anything: An error occurred: EOF when reading a line
Ask me anything: An error occurred: EOF when reading a line
Ask me anything: An error occurred: EOF when reading a line
Ask me anything: An error occurred: EOF when reading a line
Ask me anything: An error occurred: EOF when reading a line
Ask me anything: An error occurred: EOF when reading a line
Ask me anything: An error occurred: EOF when reading a line
Ask me anything: An error occurred: EOF when reading a line
Ask me anything: An error occurred: EOF when reading a line
Ask me anything: An error occurred: EOF when reading a line
Ask me anything: An error occurred: EOF when reading a line
Ask me anything: An error occurred: EOF when reading a line
Ask me anything: An error occurred: EOF when reading a line
Ask me anything: An error occurred: EOF when reading a line
Ask me anything: An error occurred: EOF when reading a line
Ask me anything: An error occurred: EOF when reading a line
Ask me anything: An error occurred: EOF when reading a line
Ask me anything: An error occurred: EOF when reading a line
Ask me anything: An error occurred: EOF when reading a line
Ask me anything: An error occurred: EOF when reading a line
Ask me anything: An error occurred: EOF when reading a line
Ask me anything: An error occurred: EOF when reading a line
Ask me anything: An error occurred: EOF when reading a line
Ask me anything: An error occurred: EOF when reading a line
Ask me anything: An error occurred: EOF when reading a line
Ask me anything: An error occurred: EOF when reading a line
Ask me anything: An error occurred: EOF when reading a line
Ask me anything: An error occurred: EOF when reading a line
Ask me anything: An error occurred: EOF when reading a line
Ask me anything: An error occurred: EOF when reading a line
Ask me anything: An error occurred: EOF when reading a line
Ask me anything: An error occurred: EOF when reading a line
Ask me anything: An error occurred: EOF when reading a line
Ask me anything: An error occurred: EOF when reading a line
Ask me anything: An error occurred: EOF when reading a line
Ask me anything: An error occurred: EOF when reading a line
Ask me anything: An error occurred: EOF when reading a line
Ask me anything: An error occurred: EOF when reading a line
Ask me anything: An error occurred: EOF when reading a line
Ask me anything: An error occurred: EOF when reading a line
Ask me anything: An error occurred: EOF when reading a line
Ask me anything: An error occurred: EOF when reading a line
Ask me anything: An error occurred: EOF when reading a line
Ask me anything: An error occurred: EOF when reading a line
Ask me anything: An error occurred: EOF when reading a line
Ask me anything: An error occurred: EOF when reading a line
Ask me anything: An error occurred: EOF when reading a line
Ask me anything: An error occurred: EOF when reading a line
Ask me anything: An error occurred: EOF when reading a line
Ask me anything: An error occurred: EOF when reading a line
Ask me anything: An error occurred: EOF when reading a line
Ask me anything: An error occurred: EOF when reading a line
Ask me anything: An error occurred: EOF when reading a line
Ask me anything: An error occurred: EOF when reading a line
Ask me anything: An error occurred: EOF when reading a line
Ask me anything: An error occurred: EOF when reading a line
Ask me anything: An error occurred: EOF when reading a line
Ask me anything: An error occurred: EOF when reading a line
Ask me anything: An error occurred: EOF when reading a line
Ask me anything: An error occurred: EOF when reading a line
Ask me anything: An error occurred: EOF when reading a line
Ask me anything: An error occurred: EOF when reading a line
Ask me anything: An error occurred: EOF when reading a line
Ask me anything: An error occurred: EOF when reading a line
Ask me anything: An error occurred: EOF when reading a line
Ask me anything: An error occurred: EOF when reading a line
Ask me anything: An error occurred: EOF when reading a line
Ask me anything: An error occurred: EOF when reading a line
Ask me anything: An error occurred: EOF when reading a line
Ask me anything: An error occurred: EOF when reading a line
Ask me anything: An error occurred: EOF when reading a line
Ask me anything: An error occurred: EOF when reading a line
Ask me anything: An error occurred: EOF when reading a line
Ask me anything: An error occurred: EOF when reading a line
Ask me anything: An error occurred: EOF when reading a line
Ask me anything: An error occurred: EOF when reading a line
Ask me anything: An error occurred: EOF when reading a line
Ask me anything: An error occurred: EOF when reading a line
Ask me anything: An error occurred: EOF when reading a line
Ask me anything: An error occurred: EOF when reading a line
Ask me anything: An error occurred: EOF when reading a line
Ask me anything: An error occurred: EOF when reading a line
Ask me anything: An error occurred: EOF when reading a line
Ask me anything: An error occurred: EOF when reading a line
Ask me anything: An error occurred: EOF when reading a line
Ask me anything: An error occurred: EOF when reading a line
Ask me anything: An error occurred: EOF when reading a line
Ask me anything: An error occurred: EOF when reading a line
Ask me anything: An error occurred: EOF when reading a line
Ask me anything: An error occurred: EOF when reading a line
Ask me anything: An error occurred: EOF when reading a line
Ask me anything: An error occurred: EOF when reading a line
Ask me anything: An error occurred: EOF when reading a line
Ask me anything: An error occurred: EOF when reading a line
Ask me anything: An error occurred: EOF when reading a line
Ask me anything: An error occurred: EOF when reading a line
Ask me anything: An error occurred: EOF when reading a line
Ask me anything: An error occurred: EOF when reading a line
Ask me anything: An error occurred: EOF when reading a line
Ask me anything: An error occurred: EOF when reading a line
Ask me anything: An error occurred: EOF when reading a line
Ask me anything: An error occurred: EOF when reading a line
Ask me anything: An error occurred: EOF when reading a line
Ask me anything: An error occurred: EOF when reading a line
Ask me anything: An error occurred: EOF when reading a line
Ask me anything: An error occurred: EOF when reading a line
Ask me anything: An error occurred: EOF when reading a line
Ask me anything: An error occurred: EOF when reading a line
Ask me anything: An error occurred: EOF when reading a line
Ask me anything: An error occurred: EOF when reading a line
Ask me anything: An error occurred: EOF when reading a line
Ask me anything: An error occurred: EOF when reading a line
Ask me anything: An error occurred: EOF when reading a line
Ask me anything: An error occurred: EOF when reading a line
Ask me anything: An error occurred: EOF when reading a line
Ask me anything: An error occurred: EOF when reading a line
Ask me anything: An error occurred: EOF when reading a line
Ask me anything: An error occurred: EOF when reading a line
Ask me anything: An error occurred: EOF when reading a line
Ask me anything: An error occurred: EOF when reading a line
Ask me anything: An error occurred: EOF when reading a line
Ask me anything: An error occurred: EOF when reading a line
Ask me anything: An error occurred: EOF when reading a line
Ask me anything: An error occurred: EOF when reading a line
Ask me anything: An error occurred: EOF when reading a line
Ask me anything: An error occurred: EOF when reading a line
Ask me anything: An error occurred: EOF when reading a line
Ask me anything: An error occurred: EOF when reading a line
Ask me anything: An error occurred: EOF when reading a line
Ask me anything: An error occurred: EOF when reading a line
Ask me anything: An error occurred: EOF when reading a line
Ask me anything: An error occurred: EOF when reading a line
Ask me anything: An error occurred: EOF when reading a line
Ask me anything: An error occurred: EOF when reading a line
Ask me anything: An error occurred: EOF when reading a line
Ask me anything: An error occurred: EOF when reading a line
Ask me anything: An error occurred: EOF when reading a line
Ask me anything: An error occurred: EOF when reading a line
Ask me anything: An error occurred: EOF when reading a line
Ask me anything: An error occurred: EOF when reading a line
Ask me anything: An error occurred: EOF when reading a line
Ask me anything: An error occurred: EOF when reading a line
Ask me anything: An error occurred: EOF when reading a line
Ask me anything: An error occurred: EOF when reading a line
Ask me anything: An error occurred: EOF when reading a line
Ask me anything: An error occurred: EOF when reading a line
Ask me anything: An error occurred: EOF when reading a line
Ask me anything: An error occurred: EOF when reading a line
Ask me anything: An error occurred: EOF when reading a line
Ask me anything: An error occurred: EOF when reading a line
Ask me anything: An error occurred: EOF when reading a line
Ask me anything: An error occurred: EOF when reading a line
Ask me anything: An error occurred: EOF when reading a line
Ask me anything: An error occurred: EOF when reading a line
Ask me anything: An error occurred: EOF when reading a line
Ask me anything: An error occurred: EOF when reading a line
Ask me anything: An error occurred: EOF when reading a line
Ask me anything: An error occurred: EOF when reading a line
Ask me anything: An error occurred: EOF when reading a line
Ask me anything: An error occurred: EOF when reading a line
Ask me anything: An error occurred: EOF when reading a line
Ask me anything: An error occurred: EOF when reading a line
Ask me anything: An error occurred: EOF when reading a line
Ask me anything: An error occurred: EOF when reading a line
Ask me anything: An error occurred: EOF when reading a line
Ask me anything: An error occurred: EOF when reading a line
Ask me anything: An error occurred: EOF when reading a line
Ask me anything: An error occurred: EOF when reading a line
Ask me anything: An error occurred: EOF when reading a line
Ask me anything: An error occurred: EOF when reading a line
Ask me anything: An error occurred: EOF when reading a line
Ask me anything: An error occurred: EOF when reading a line
Ask me anything: An error occurred: EOF when reading a line
Ask me anything: An error occurred: EOF when reading a line
Ask me anything: An error occurred: EOF when reading a line
Ask me anything: An error occurred: EOF when reading a line
Ask me anything: An error occurred: EOF when reading a line
Ask me anything: An error occurred: EOF when reading a line
Ask me anything: An error occurred: EOF when reading a line
Ask me anything: An error occurred: EOF when reading a line
Ask me anything: An error occurred: EOF when reading a line
Ask me anything: An error occurred: EOF when reading a line
Ask me anything: An error occurred: EOF when reading a line
Ask me anything: An error occurred: EOF when reading a line
Ask me anything: An error occurred: EOF when reading a line
Ask me anything: An error occurred: EOF when reading a line
Ask me anything: An error occurred: EOF when reading a line
Ask me anything: An error occurred: EOF when reading a line
Ask me anything: An error occurred: EOF when reading a line
Ask me anything: An error occurred: EOF when reading a line
Ask me anything: An error occurred: EOF when reading a line
Ask me anything: An error occurred: EOF when reading a line
Ask me anything: An error occurred: EOF when reading a line
Ask me anything: An error occurred: EOF when reading a line
Ask me anything: An error occurred: EOF when reading a line
Ask me anything: An error occurred: EOF when reading a line
Ask me anything: An error occurred: EOF when reading a line
Ask me anything: An error occurred: EOF when reading a line
Ask me anything: An error occurred: EOF when reading a line
Ask me anything: An error occurred: EOF when reading a line
Ask me anything: An error occurred: EOF when reading a line
Ask me anything: An error occurred: EOF when reading a line
Ask me anything: An error occurred: EOF when reading a line
Ask me anything: An error occurred: EOF when reading a line
Ask me anything: An error occurred: EOF when reading a line
Ask me anything: An error occurred: EOF when reading a line
Ask me anything: An error occurred: EOF when reading a line
Ask me anything: An error occurred: EOF when reading a line
Ask me anything: An error occurred: EOF when reading a line
Ask me anything: An error occurred: EOF when reading a line
Ask me anything: An error occurred: EOF when reading a line
Ask me anything: An error occurred: EOF when reading a line
Ask me anything: An error occurred: EOF when reading a line
Ask me anything: An error occurred: EOF when reading a line
Ask me anything: An error occurred: EOF when reading a line
Ask me anything: An error occurred: EOF when reading a line
Ask me anything: An error occurred: EOF when reading a line
Ask me anything: An error occurred: EOF when reading a line
Ask me anything: An error occurred: EOF when reading a line
Ask me anything: An error occurred: EOF when reading a line
Ask me anything: An error occurred: EOF when reading a line
Ask me anything: An error occurred: EOF when reading a line
Ask me anything: An error occurred: EOF when reading a line
Ask me anything: An error occurred: EOF when reading a line
Ask me anything: An error occurred: EOF when reading a line
Ask me anything: An error occurred: EOF when reading a line
Ask me anything: An error occurred: EOF when reading a line
Ask me anything: An error occurred: EOF when reading a line
Ask me anything: An error occurred: EOF when reading a line
Ask me anything: An error occurred: EOF when reading a line
Ask me anything: An error occurred: EOF when reading a line
Ask me anything: An error occurred: EOF when reading a line
Ask me anything: An error occurred: EOF when reading a line
Ask me anything: An error occurred: EOF when reading a line
Ask me anything: An error occurred: EOF when reading a line
Ask me anything: An error occurred: EOF when reading a line
Ask me anything: An error occurred: EOF when reading a line
Ask me anything: An error occurred: EOF when reading a line
Ask me anything: An error occurred: EOF when reading a line
Ask me anything: An error occurred: EOF when reading a line
Ask me anything: An error occurred: EOF when reading a line
Ask me anything: An error occurred: EOF when reading a line
Ask me anything: An error occurred: EOF when reading a line
Ask me anything: An error occurred: EOF when reading a line
Ask me anything: An error occurred: EOF when reading a line
Ask me anything: An error occurred: EOF when reading a line
Ask me anything: An error occurred: EOF when reading a line
Ask me anything: An error occurred: EOF when reading a line
Ask me anything: An error occurred: EOF when reading a line
Ask me anything: An error occurred: EOF when reading a line
Ask me anything: An error occurred: EOF when reading a line
Ask me anything: An error occurred: EOF when reading a line
Ask me anything: An error occurred: EOF when reading a line
Ask me anything: An error occurred: EOF when reading a line
Ask me anything: An error occurred: EOF when reading a line
Ask me anything: An error occurred: EOF when reading a line
Ask me anything: An error occurred: EOF when reading a line
Ask me anything: An error occurred: EOF when reading a line
Ask me anything: An error occurred: EOF when reading a line
Ask me anything: An error occurred: EOF when reading a line
Ask me anything: An error occurred: EOF when reading a line
Ask me anything: An error occurred: EOF when reading a line
Ask me anything: An error occurred: EOF when reading a line
Ask me anything: An error occurred: EOF when reading a line
Ask me anything: An error occurred: EOF when reading a line
Ask me anything: An error occurred: EOF when reading a line
Ask me anything: An error occurred: EOF when reading a line
Ask me anything: An error occurred: EOF when reading a line
Ask me anything: An error occurred: EOF when reading a line
Ask me anything: An error occurred: EOF when reading a line
Ask me anything: An error occurred: EOF when reading a line
Ask me anything: An error occurred: EOF when reading a line
Ask me anything: An error occurred: EOF when reading a line
Ask me anything: An error occurred: EOF when reading a line
Ask me anything: An error occurred: EOF when reading a line
Ask me anything: An error occurred: EOF when reading a line
Ask me anything: An error occurred: EOF when reading a line
Ask me anything: An error occurred: EOF when reading a line
Ask me anything: An error occurred: EOF when reading a line
Ask me anything: An error occurred: EOF when reading a line
Ask me anything: An error occurred: EOF when reading a line
Ask me anything: An error occurred: EOF when reading a line
Ask me anything: An error occurred: EOF when reading a line
Ask me anything: An error occurred: EOF when reading a line
Ask me anything: An error occurred: EOF when reading a line
Ask me anything: An error occurred: EOF when reading a line
Ask me anything: An error occurred: EOF when reading a line
Ask me anything: An error occurred: EOF when reading a line
Ask me anything: An error occurred: EOF when reading a line
Ask me anything: An error occurred: EOF when reading a line
Ask me anything: An error occurred: EOF when reading a line
Ask me anything: An error occurred: EOF when reading a line
Ask me anything: An error occurred: EOF when reading a line
Ask me anything: An error occurred: EOF when reading a line
Ask me anything: An error occurred: EOF when reading a line
Ask me anything: An error occurred: EOF when reading a line
Ask me anything: An error occurred: EOF when reading a line
Ask me anything: An error occurred: EOF when reading a line
Ask me anything: An error occurred: EOF when reading a line
Ask me anything: An error occurred: EOF when reading a line
Ask me anything: An error occurred: EOF when reading a line
Ask me anything: An error occurred: EOF when reading a line
Ask me anything: An error occurred: EOF when reading a line
Ask me anything: An error occurred: EOF when reading a line
Ask me anything: An error occurred: EOF when reading a line
Ask me anything: An error occurred: EOF when reading a line
Ask me anything: An error occurred: EOF when reading a line
Ask me anything: An error occurred: EOF when reading a line
Ask me anything: An error occurred: EOF when reading a line
Ask me anything: An error occurred: EOF when reading a line
Ask me anything: An error occurred: EOF when reading a line
Ask me anything: An error occurred: EOF when reading a line
Ask me anything: An error occurred: EOF when reading a line
Ask me anything: An error occurred: EOF when reading a line
Ask me anything: An error occurred: EOF when reading a line
Ask me anything: An error occurred: EOF when reading a line
Ask me anything: An error occurred: EOF when reading a line
Ask me anything: An error occurred: EOF when reading a line
Ask me anything: An error occurred: EOF when reading a line
Ask me anything: An error occurred: EOF when reading a line
Ask me anything: An error occurred: EOF when reading a line
Ask me anything: An error occurred: EOF when reading a line
Ask me anything: An error occurred: EOF when reading a line
Ask me anything: An error occurred: EOF when reading a line
Ask me anything: An error occurred: EOF when reading a line
Ask me anything: An error occurred: EOF when reading a line
Ask me anything: An error occurred: EOF when reading a line
Ask me anything: An error occurred: EOF when reading a line
Ask me anything: An error occurred: EOF when reading a line
Ask me anything: An error occurred: EOF when reading a line
Ask me anything: An error occurred: EOF when reading a line
Ask me anything: An error occurred: EOF when reading a line
Ask me anything: An error occurred: EOF when reading a line
Ask me anything: An error occurred: EOF when reading a line
Ask me anything: An error occurred: EOF when reading a line
Ask me anything: An error occurred: EOF when reading a line
Ask me anything: An error occurred: EOF when reading a line
Ask me anything: An error occurred: EOF when reading a line
Ask me anything: An error occurred: EOF when reading a line
Ask me anything: An error occurred: EOF when reading a line
Ask me anything: An error occurred: EOF when reading a line
Ask me anything: An error occurred: EOF when reading a line
Ask me anything: An error occurred: EOF when reading a line
Ask me anything: An error occurred: EOF when reading a line
Ask me anything: An error occurred: EOF when reading a line
Ask me anything: An error occurred: EOF when reading a line
Ask me anything: An error occurred: EOF when reading a line
Ask me anything: An error occurred: EOF when reading a line
Ask me anything: An error occurred: EOF when reading a line
Ask me anything: An error occurred: EOF when reading a line
Ask me anything: An error occurred: EOF when reading a line
Ask me anything: An error occurred: EOF when reading a line
Ask me anything: An error occurred: EOF when reading a line
Ask me anything: An error occurred: EOF when reading a line
Ask me anything: An error occurred: EOF when reading a line
Ask me anything: An error occurred: EOF when reading a line
Ask me anything: An error occurred: EOF when reading a line
Ask me anything: An error occurred: EOF when reading a line
Ask me anything: An error occurred: EOF when reading a line
Ask me anything: An error occurred: EOF when reading a line
Ask me anything: An error occurred: EOF when reading a line
Ask me anything: An error occurred: EOF when reading a line
Ask me anything: An error occurred: EOF when reading a line
Ask me anything: An error occurred: EOF when reading a line
Ask me anything: An error occurred: EOF when reading a line
Ask me anything: An error occurred: EOF when reading a line
Ask me anything: An error occurred: EOF when reading a line
Ask me anything: An error occurred: EOF when reading a line
Ask me anything: An error occurred: EOF when reading a line
Ask me anything: An error occurred: EOF when reading a line
Ask me anything: An error occurred: EOF when reading a line
Ask me anything: An error occurred: EOF when reading a line
Ask me anything: An error occurred: EOF when reading a line
Ask me anything: An error occurred: EOF when reading a line
Ask me anything: An error occurred: EOF when reading a line
Ask me anything: An error occurred: EOF when reading a line
Ask me anything: An error occurred: EOF when reading a line
Ask me anything: An error occurred: EOF when reading a line
Ask me anything: An error occurred: EOF when reading a line
Ask me anything: An error occurred: EOF when reading a line
Ask me anything: An error occurred: EOF when reading a line
Ask me anything: An error occurred: EOF when reading a line
Ask me anything: An error occurred: EOF when reading a line
Ask me anything: An error occurred: EOF when reading a line
Ask me anything: An error occurred: EOF when reading a line
Ask me anything: An error occurred: EOF when reading a line
Ask me anything: An error occurred: EOF when reading a line
Ask me anything: An error occurred: EOF when reading a line
Ask me anything: An error occurred: EOF when reading a line
Ask me anything: An error occurred: EOF when reading a line
Ask me anything: An error occurred: EOF when reading a line
Ask me anything: An error occurred: EOF when reading a line
Ask me anything: An error occurred: EOF when reading a line
Ask me anything: An error occurred: EOF when reading a line
Ask me anything: An error occurred: EOF when reading a line
Ask me anything: An error occurred: EOF when reading a line
Ask me anything: An error occurred: EOF when reading a line
Ask me anything: An error occurred: EOF when reading a line
Ask me anything: An error occurred: EOF when reading a line
Ask me anything: An error occurred: EOF when reading a line
Ask me anything: An error occurred: EOF when reading a line
Ask me anything: An error occurred: EOF when reading a line
Ask me anything: An error occurred: EOF when reading a line
Ask me anything: An error occurred: EOF when reading a line
Ask me anything: An error occurred: EOF when reading a line
Ask me anything: An error occurred: EOF when reading a line
Ask me anything: An error occurred: EOF when reading a line
Ask me anything: An error occurred: EOF when reading a line
Ask me anything: An error occurred: EOF when reading a line
Ask me anything: An error occurred: EOF when reading a line
Ask me anything: An error occurred: EOF when reading a line
Ask me anything: An error occurred: EOF when reading a line
Ask me anything: An error occurred: EOF when reading a line
Ask me anything: An error occurred: EOF when reading a line
Ask me anything: An error occurred: EOF when reading a line
Ask me anything: An error occurred: EOF when reading a line
Ask me anything: An error occurred: EOF when reading a line
Ask me anything: An error occurred: EOF when reading a line
Ask me anything: An error occurred: EOF when reading a line
Ask me anything: An error occurred: EOF when reading a line
Ask me anything: An error occurred: EOF when reading a line
Ask me anything: An error occurred: EOF when reading a line
Ask me anything: An error occurred: EOF when reading a line
Ask me anything: An error occurred: EOF when reading a line
Ask me anything: An error occurred: EOF when reading a line
Ask me anything: An error occurred: EOF when reading a line
Ask me anything: An error occurred: EOF when reading a line
Ask me anything: An error occurred: EOF when reading a line
Ask me anything: An error occurred: EOF when reading a line
Ask me anything: An error occurred: EOF when reading a line
Ask me anything: An error occurred: EOF when reading a line
Ask me anything: An error occurred: EOF when reading a line
Ask me anything: An error occurred: EOF when reading a line
Ask me anything: An error occurred: EOF when reading a line
Ask me anything: An error occurred: EOF when reading a line
Ask me anything: An error occurred: EOF when reading a line
Ask me anything: An error occurred: EOF when reading a line
Ask me anything: An error occurred: EOF when reading a line
Ask me anything: An error occurred: EOF when reading a line
Ask me anything: An error occurred: EOF when reading a line
Ask me anything: An error occurred: EOF when reading a line
Ask me anything: An error occurred: EOF when reading a line
Ask me anything: An error occurred: EOF when reading a line
Ask me anything: An error occurred: EOF when reading a line
Ask me anything: An error occurred: EOF when reading a line
Ask me anything: An error occurred: EOF when reading a line
Ask me anything: An error occurred: EOF when reading a line
Ask me anything: An error occurred: EOF when reading a line
Ask me anything: An error occurred: EOF when reading a line
Ask me anything: An error occurred: EOF when reading a line
Ask me anything: An error occurred: EOF when reading a line
Ask me anything: An error occurred: EOF when reading a line
Ask me anything: An error occurred: EOF when reading a line
Ask me anything: An error occurred: EOF when reading a line
Ask me anything: An error occurred: EOF when reading a line
Ask me anything: An error occurred: EOF when reading a line
Ask me anything: An error occurred: EOF when reading a line
Ask me anything: An error occurred: EOF when reading a line
Ask me anything: An error occurred: EOF when reading a line
Ask me anything: An error occurred: EOF when reading a line
Ask me anything: An error occurred: EOF when reading a line
Ask me anything: An error occurred: EOF when reading a line
Ask me anything: An error occurred: EOF when reading a line
Ask me anything: An error occurred: EOF when reading a line
Ask me anything: An error occurred: EOF when reading a line
Ask me anything: An error occurred: EOF when reading a line
Ask me anything: An error occurred: EOF when reading a line
Ask me anything: An error occurred: EOF when reading a line
Ask me anything: An error occurred: EOF when reading a line
Ask me anything: An error occurred: EOF when reading a line
Ask me anything: An error occurred: EOF when reading a line
Ask me anything: An error occurred: EOF when reading a line
Ask me anything: An error occurred: EOF when reading a line
Ask me anything: An error occurred: EOF when reading a line
Ask me anything: An error occurred: EOF when reading a line
Ask me anything: An error occurred: EOF when reading a line
Ask me anything: An error occurred: EOF when reading a line
Ask me anything: An error occurred: EOF when reading a line
Ask me anything: An error occurred: EOF when reading a line
Ask me anything: An error occurred: EOF when reading a line
Ask me anything: An error occurred: EOF when reading a line
Ask me anything: An error occurred: EOF when reading a line
Ask me anything: An error occurred: EOF when reading a line
Ask me anything: An error occurred: EOF when reading a line
Ask me anything: An error occurred: EOF when reading a line
Ask me anything: An error occurred: EOF when reading a line
Ask me anything: An error occurred: EOF when reading a line
Ask me anything: An error occurred: EOF when reading a line
Ask me anything: An error occurred: EOF when reading a line
Ask me anything: An error occurred: EOF when reading a line
Ask me anything: An error occurred: EOF when reading a line
Ask me anything: An error occurred: EOF when reading a line
Ask me anything: An error occurred: EOF when reading a line
Ask me anything: An error occurred: EOF when reading a line
Ask me anything: An error occurred: EOF when reading a line
Ask me anything: An error occurred: EOF when reading a line
Ask me anything: An error occurred: EOF when reading a line
Ask me anything: An error occurred: EOF when reading a line
Ask me anything: An error occurred: EOF when reading a line
Ask me anything: An error occurred: EOF when reading a line
Ask me anything: An error occurred: EOF when reading a line
Ask me anything: An error occurred: EOF when reading a line
Ask me anything: An error occurred: EOF when reading a line
Ask me anything: An error occurred: EOF when reading a line
Ask me anything: An error occurred: EOF when reading a line
Ask me anything: An error occurred: EOF when reading a line
Ask me anything: An error occurred: EOF when reading a line
Ask me anything: An error occurred: EOF when reading a line
Ask me anything: An error occurred: EOF when reading a line
Ask me anything: An error occurred: EOF when reading a line
Ask me anything: An error occurred: EOF when reading a line
Ask me anything: An error occurred: EOF when reading a line
Ask me anything: An error occurred: EOF when reading a line
Ask me anything: An error occurred: EOF when reading a line
Ask me anything: An error occurred: EOF when reading a line
Ask me anything: An error occurred: EOF when reading a line
Ask me anything: An error occurred: EOF when reading a line
Ask me anything: An error occurred: EOF when reading a line
Ask me anything: An error occurred: EOF when reading a line
Ask me anything: An error occurred: EOF when reading a line
Ask me anything: An error occurred: EOF when reading a line
Ask me anything: An error occurred: EOF when reading a line
Ask me anything: An error occurred: EOF when reading a line
Ask me anything: An error occurred: EOF when reading a line
Ask me anything: An error occurred: EOF when reading a line
Ask me anything: An error occurred: EOF when reading a line
Ask me anything: An error occurred: EOF when reading a line
Ask me anything: An error occurred: EOF when reading a line
Ask me anything: An error occurred: EOF when reading a line
Ask me anything: An error occurred: EOF when reading a line
Ask me anything: An error occurred: EOF when reading a line
Ask me anything: An error occurred: EOF when reading a line
Ask me anything: An error occurred: EOF when reading a line
Ask me anything: An error occurred: EOF when reading a line
Ask me anything: An error occurred: EOF when reading a line
Ask me anything: An error occurred: EOF when reading a line
Ask me anything: An error occurred: EOF when reading a line
Ask me anything: An error occurred: EOF when reading a line
Ask me anything: An error occurred: EOF when reading a line
Ask me anything: An error occurred: EOF when reading a line
Ask me anything: An error occurred: EOF when reading a line
Ask me anything: An error occurred: EOF when reading a line
Ask me anything: An error occurred: EOF when reading a line
Ask me anything: An error occurred: EOF when reading a line
Ask me anything: An error occurred: EOF when reading a line
Ask me anything: An error occurred: EOF when reading a line
Ask me anything: An error occurred: EOF when reading a line
Ask me anything: An error occurred: EOF when reading a line
Ask me anything: An error occurred: EOF when reading a line
Ask me anything: An error occurred: EOF when reading a line
Ask me anything: An error occurred: EOF when reading a line
Ask me anything: An error occurred: EOF when reading a line
Ask me anything: An error occurred: EOF when reading a line
Ask me anything: An error occurred: EOF when reading a line
Ask me anything: An error occurred: EOF when reading a line
Ask me anything: An error occurred: EOF when reading a line
Ask me anything: An error occurred: EOF when reading a line
Ask me anything: An error occurred: EOF when reading a line
Ask me anything: An error occurred: EOF when reading a line
Ask me anything: An error occurred: EOF when reading a line
Ask me anything: An error occurred: EOF when reading a line
Ask me anything: An error occurred: EOF when reading a line
Ask me anything: An error occurred: EOF when reading a line
Ask me anything: An error occurred: EOF when reading a line
Ask me anything: An error occurred: EOF when reading a line
Ask me anything: An error occurred: EOF when reading a line
Ask me anything: An error occurred: EOF when reading a line
Ask me anything: An error occurred: EOF when reading a line
Ask me anything: An error occurred: EOF when reading a line
Ask me anything: An error occurred: EOF when reading a line
Ask me anything: An error occurred: EOF when reading a line
Ask me anything: An error occurred: EOF when reading a line
Ask me anything: An error occurred: EOF when reading a line
Ask me anything: An error occurred: EOF when reading a line
Ask me anything: An error occurred: EOF when reading a line
Ask me anything: An error occurred: EOF when reading a line
Ask me anything: An error occurred: EOF when reading a line
Ask me anything: An error occurred: EOF when reading a line
Ask me anything: An error occurred: EOF when reading a line
Ask me anything: An error occurred: EOF when reading a line
Ask me anything: An error occurred: EOF when reading a line
Ask me anything: An error occurred: EOF when reading a line
Ask me anything: An error occurred: EOF when reading a line
Ask me anything: An error occurred: EOF when reading a line
Ask me anything: An error occurred: EOF when reading a line
Ask me anything: An error occurred: EOF when reading a line
Ask me anything: An error occurred: EOF when reading a line
Ask me anything: An error occurred: EOF when reading a line
Ask me anything: An error occurred: EOF when reading a line
Ask me anything: An error occurred: EOF when reading a line
Ask me anything: An error occurred: EOF when reading a line
Ask me anything: An error occurred: EOF when reading a line
Ask me anything: An error occurred: EOF when reading a line
Ask me anything: An error occurred: EOF when reading a line
Ask me anything: An error occurred: EOF when reading a line
Ask me anything: An error occurred: EOF when reading a line
Ask me anything: An error occurred: EOF when reading a line
Ask me anything: An error occurred: EOF when reading a line
Ask me anything: An error occurred: EOF when reading a line
Ask me anything: An error occurred: EOF when reading a line
Ask me anything: An error occurred: EOF when reading a line
Ask me anything: An error occurred: EOF when reading a line
Ask me anything: An error occurred: EOF when reading a line
Ask me anything: An error occurred: EOF when reading a line
Ask me anything: An error occurred: EOF when reading a line
Ask me anything: An error occurred: EOF when reading a line
Ask me anything: An error occurred: EOF when reading a line
Ask me anything: An error occurred: EOF when reading a line
Ask me anything: An error occurred: EOF when reading a line
Ask me anything: An error occurred: EOF when reading a line
Ask me anything: An error occurred: EOF when reading a line
Ask me anything: An error occurred: EOF when reading a line
Ask me anything: An error occurred: EOF when reading a line
Ask me anything: An error occurred: EOF when reading a line
Ask me anything: An error occurred: EOF when reading a line
Ask me anything: An error occurred: EOF when reading a line
Ask me anything: An error occurred: EOF when reading a line
Ask me anything: An error occurred: EOF when reading a line
Ask me anything: An error occurred: EOF when reading a line
Ask me anything: An error occurred: EOF when reading a line
Ask me anything: An error occurred: EOF when reading a line
Ask me anything: An error occurred: EOF when reading a line
Ask me anything: An error occurred: EOF when reading a line
Ask me anything: An error occurred: EOF when reading a line
Ask me anything: An error occurred: EOF when reading a line
Ask me anything: An error occurred: EOF when reading a line
Ask me anything: An error occurred: EOF when reading a line
Ask me anything: An error occurred: EOF when reading a line
Ask me anything: An error occurred: EOF when reading a line
Ask me anything: An error occurred: EOF when reading a line
Ask me anything: An error occurred: EOF when reading a line
Ask me anything: An error occurred: EOF when reading a line
Ask me anything: An error occurred: EOF when reading a line
Ask me anything: An error occurred: EOF when reading a line
Ask me anything: An error occurred: EOF when reading a line
Ask me anything: An error occurred: EOF when reading a line
Ask me anything: An error occurred: EOF when reading a line
Ask me anything: An error occurred: EOF when reading a line
Ask me anything: An error occurred: EOF when reading a line
Ask me anything: An error occurred: EOF when reading a line
Ask me anything: An error occurred: EOF when reading a line
Ask me anything: An error occurred: EOF when reading a line
Ask me anything: An error occurred: EOF when reading a line
Ask me anything: An error occurred: EOF when reading a line
Ask me anything: An error occurred: EOF when reading a line
Ask me anything: An error occurred: EOF when reading a line
Ask me anything: An error occurred: EOF when reading a line
Ask me anything: An error occurred: EOF when reading a line
Ask me anything: An error occurred: EOF when reading a line
Ask me anything: An error occurred: EOF when reading a line
Ask me anything: An error occurred: EOF when reading a line
Ask me anything: An error occurred: EOF when reading a line
Ask me anything: An error occurred: EOF when reading a line
Ask me anything: An error occurred: EOF when reading a line
Ask me anything: An error occurred: EOF when reading a line
Ask me anything: An error occurred: EOF when reading a line
Ask me anything: An error occurred: EOF when reading a line
Ask me anything: An error occurred: EOF when reading a line
Ask me anything: An error occurred: EOF when reading a line
Ask me anything: An error occurred: EOF when reading a line
Ask me anything: An error occurred: EOF when reading a line
Ask me anything: An error occurred: EOF when reading a line
Ask me anything: An error occurred: EOF when reading a line
Ask me anything: An error occurred: EOF when reading a line
Ask me anything: An error occurred: EOF when reading a line
Ask me anything: An error occurred: EOF when reading a line
Ask me anything: An error occurred: EOF when reading a line
Ask me anything: An error occurred: EOF when reading a line
Ask me anything: An error occurred: EOF when reading a line
Ask me anything: An error occurred: EOF when reading a line
Ask me anything: An error occurred: EOF when reading a line
Ask me anything: An error occurred: EOF when reading a line
Ask me anything: An error occurred: EOF when reading a line
Ask me anything: An error occurred: EOF when reading a line
Ask me anything: An error occurred: EOF when reading a line
Ask me anything: An error occurred: EOF when reading a line
Ask me anything: An error occurred: EOF when reading a line
Ask me anything: An error occurred: EOF when reading a line
Ask me anything: An error occurred: EOF when reading a line
Ask me anything: An error occurred: EOF when reading a line
Ask me anything: An error occurred: EOF when reading a line
Ask me anything: An error occurred: EOF when reading a line
Ask me anything: An error occurred: EOF when reading a line
Ask me anything: An error occurred: EOF when reading a line
Ask me anything: An error occurred: EOF when reading a line
Ask me anything: An error occurred: EOF when reading a line
Ask me anything: An error occurred: EOF when reading a line
Ask me anything: An error occurred: EOF when reading a line
Ask me anything: An error occurred: EOF when reading a line
Ask me anything: An error occurred: EOF when reading a line
Ask me anything: An error occurred: EOF when reading a line
Ask me anything: An error occurred: EOF when reading a line
Ask me anything: An error occurred: EOF when reading a line
Ask me anything: An error occurred: EOF when reading a line
Ask me anything: An error occurred: EOF when reading a line
Ask me anything: An error occurred: EOF when reading a line
Ask me anything: An error occurred: EOF when reading a line
Ask me anything: An error occurred: EOF when reading a line
Ask me anything: An error occurred: EOF when reading a line
Ask me anything: An error occurred: EOF when reading a line
Ask me anything: An error occurred: EOF when reading a line
Ask me anything: An error occurred: EOF when reading a line
Ask me anything: An error occurred: EOF when reading a line
Ask me anything: An error occurred: EOF when reading a line
Ask me anything: An error occurred: EOF when reading a line
Ask me anything: An error occurred: EOF when reading a line
Ask me anything: An error occurred: EOF when reading a line
Ask me anything: An error occurred: EOF when reading a line
Ask me anything: An error occurred: EOF when reading a line
Ask me anything: An error occurred: EOF when reading a line
Ask me anything: An error occurred: EOF when reading a line
Ask me anything: An error occurred: EOF when reading a line
Ask me anything: An error occurred: EOF when reading a line
Ask me anything: An error occurred: EOF when reading a line
Ask me anything: An error occurred: EOF when reading a line
Ask me anything: An error occurred: EOF when reading a line
Ask me anything: An error occurred: EOF when reading a line
Ask me anything: An error occurred: EOF when reading a line
Ask me anything: An error occurred: EOF when reading a line
Ask me anything: An error occurred: EOF when reading a line
Ask me anything: An error occurred: EOF when reading a line
Ask me anything: An error occurred: EOF when reading a line
Ask me anything: An error occurred: EOF when reading a line
Ask me anything: An error occurred: EOF when reading a line
Ask me anything: An error occurred: EOF when reading a line
Ask me anything: An error occurred: EOF when reading a line
Ask me anything: An error occurred: EOF when reading a line
Ask me anything: An error occurred: EOF when reading a line
Ask me anything: An error occurred: EOF when reading a line
Ask me anything: An error occurred: EOF when reading a line
Ask me anything: An error occurred: EOF when reading a line
Ask me anything: An error occurred: EOF when reading a line
Ask me anything: An error occurred: EOF when reading a line
Ask me anything: An error occurred: EOF when reading a line
Ask me anything: An error occurred: EOF when reading a line
Ask me anything: An error occurred: EOF when reading a line
Ask me anything: An error occurred: EOF when reading a line
Ask me anything: An error occurred: EOF when reading a line
Ask me anything: An error occurred: EOF when reading a line
Ask me anything: An error occurred: EOF when reading a line
Ask me anything: An error occurred: EOF when reading a line
Ask me anything: An error occurred: EOF when reading a line
Ask me anything: An error occurred: EOF when reading a line
Ask me anything: An error occurred: EOF when reading a line
Ask me anything: An error occurred: EOF when reading a line
Ask me anything: An error occurred: EOF when reading a line
Ask me anything: An error occurred: EOF when reading a line
Ask me anything: An error occurred: EOF when reading a line
Ask me anything: An error occurred: EOF when reading a line
Ask me anything: An error occurred: EOF when reading a line
Ask me anything: An error occurred: EOF when reading a line
Ask me anything: An error occurred: EOF when reading a line
Ask me anything: An error occurred: EOF when reading a line
Ask me anything: An error occurred: EOF when reading a line
Ask me anything: An error occurred: EOF when reading a line
Ask me anything: An error occurred: EOF when reading a line
Ask me anything: An error occurred: EOF when reading a line
Ask me anything: An error occurred: EOF when reading a line
Ask me anything: An error occurred: EOF when reading a line
Ask me anything: An error occurred: EOF when reading a line
Ask me anything: An error occurred: EOF when reading a line
Ask me anything: An error occurred: EOF when reading a line
Ask me anything: An error occurred: EOF when reading a line
Ask me anything: An error occurred: EOF when reading a line
Ask me anything: An error occurred: EOF when reading a line
Ask me anything: An error occurred: EOF when reading a line
Ask me anything: An error occurred: EOF when reading a line
Ask me anything: An error occurred: EOF when reading a line
Ask me anything: An error occurred: EOF when reading a line
Ask me anything: An error occurred: EOF when reading a line
Ask me anything: An error occurred: EOF when reading a line
Ask me anything: An error occurred: EOF when reading a line
Ask me anything: An error occurred: EOF when reading a line
Ask me anything: An error occurred: EOF when reading a line
Ask me anything: An error occurred: EOF when reading a line
Ask me anything: An error occurred: EOF when reading a line
Ask me anything: An error occurred: EOF when reading a line
Ask me anything: An error occurred: EOF when reading a line
Ask me anything: An error occurred: EOF when reading a line
Ask me anything: An error occurred: EOF when reading a line
Ask me anything: An error occurred: EOF when reading a line
Ask me anything: An error occurred: EOF when reading a line
Ask me anything: An error occurred: EOF when reading a line
Ask me anything: An error occurred: EOF when reading a line
Ask me anything: An error occurred: EOF when reading a line
Ask me anything: An error occurred: EOF when reading a line
Ask me anything: An error occurred: EOF when reading a line
Ask me anything: An error occurred: EOF when reading a line
Ask me anything: An error occurred: EOF when reading a line
Ask me anything: An error occurred: EOF when reading a line
Ask me anything: An error occurred: EOF when reading a line
Ask me anything: An error occurred: EOF when reading a line
Ask me anything: An error occurred: EOF when reading a line
Ask me anything: An error occurred: EOF when reading a line
Ask me anything: An error occurred: EOF when reading a line
Ask me anything: An error occurred: EOF when reading a line
Ask me anything: An error occurred: EOF when reading a line
Ask me anything: An error occurred: EOF when reading a line
Ask me anything: An error occurred: EOF when reading a line
Ask me anything: An error occurred: EOF when reading a line
Ask me anything: An error occurred: EOF when reading a line
Ask me anything: An error occurred: EOF when reading a line
Ask me anything: An error occurred: EOF when reading a line
Ask me anything: An error occurred: EOF when reading a line
Ask me anything: An error occurred: EOF when reading a line
Ask me anything: An error occurred: EOF when reading a line
Ask me anything: An error occurred: EOF when reading a line
Ask me anything: An error occurred: EOF when reading a line
Ask me anything: An error occurred: EOF when reading a line
Ask me anything: An error occurred: EOF when reading a line
Ask me anything: An error occurred: EOF when reading a line
Ask me anything: An error occurred: EOF when reading a line
Ask me anything: An error occurred: EOF when reading a line
Ask me anything: An error occurred: EOF when reading a line
Ask me anything: An error occurred: EOF when reading a line
Ask me anything: An error occurred: EOF when reading a line
Ask me anything: An error occurred: EOF when reading a line
Ask me anything: An error occurred: EOF when reading a line
Ask me anything: An error occurred: EOF when reading a line
Ask me anything: An error occurred: EOF when reading a line
Ask me anything: An error occurred: EOF when reading a line
Ask me anything: An error occurred: EOF when reading a line
Ask me anything: An error occurred: EOF when reading a line
Ask me anything: An error occurred: EOF when reading a line
Ask me anything: An error occurred: EOF when reading a line
Ask me anything: An error occurred: EOF when reading a line
Ask me anything: An error occurred: EOF when reading a line
Ask me anything: An error occurred: EOF when reading a line
Ask me anything: An error occurred: EOF when reading a line
Ask me anything: An error occurred: EOF when reading a line
Ask me anything: An error occurred: EOF when reading a line
Ask me anything: An error occurred: EOF when reading a line
Ask me anything: An error occurred: EOF when reading a line
Ask me anything: An error occurred: EOF when reading a line
Ask me anything: An error occurred: EOF when reading a line
Ask me anything: An error occurred: EOF when reading a line
Ask me anything: An error occurred: EOF when reading a line
Ask me anything: An error occurred: EOF when reading a line
Ask me anything: An error occurred: EOF when reading a line
Ask me anything: An error occurred: EOF when reading a line
Ask me anything: An error occurred: EOF when reading a line
Ask me anything: An error occurred: EOF when reading a line
Ask me anything: An error occurred: EOF when reading a line
Ask me anything: An error occurred: EOF when reading a line
Ask me anything: An error occurred: EOF when reading a line
Ask me anything: An error occurred: EOF when reading a line
Ask me anything: An error occurred: EOF when reading a line
Ask me anything: An error occurred: EOF when reading a line
Ask me anything: An error occurred: EOF when reading a line
Ask me anything: An error occurred: EOF when reading a line
Ask me anything: An error occurred: EOF when reading a line
Ask me anything: An error occurred: EOF when reading a line
Ask me anything: An error occurred: EOF when reading a line
Ask me anything: An error occurred: EOF when reading a line
Ask me anything: An error occurred: EOF when reading a line
Ask me anything: An error occurred: EOF when reading a line
Ask me anything: An error occurred: EOF when reading a line
Ask me anything: An error occurred: EOF when reading a line
Ask me anything: An error occurred: EOF when reading a line
Ask me anything: An error occurred: EOF when reading a line
Ask me anything: An error occurred: EOF when reading a line
Ask me anything: An error occurred: EOF when reading a line
Ask me anything: An error occurred: EOF when reading a line
Ask me anything: An error occurred: EOF when reading a line
Ask me anything: An error occurred: EOF when reading a line
Ask me anything: An error occurred: EOF when reading a line
Ask me anything: An error occurred: EOF when reading a line
Ask me anything: An error occurred: EOF when reading a line
Ask me anything: An error occurred: EOF when reading a line
Ask me anything: An error occurred: EOF when reading a line
Ask me anything: An error occurred: EOF when reading a line
Ask me anything: An error occurred: EOF when reading a line
Ask me anything: An error occurred: EOF when reading a line
Ask me anything: An error occurred: EOF when reading a line
Ask me anything: An error occurred: EOF when reading a line
Ask me anything: An error occurred: EOF when reading a line
Ask me anything: An error occurred: EOF when reading a line
Ask me anything: An error occurred: EOF when reading a line
Ask me anything: An error occurred: EOF when reading a line
Ask me anything: An error occurred: EOF when reading a line
Ask me anything: An error occurred: EOF when reading a line
Ask me anything: An error occurred: EOF when reading a line
Ask me anything: An error occurred: EOF when reading a line
Ask me anything: An error occurred: EOF when reading a line
Ask me anything: An error occurred: EOF when reading a line
Ask me anything: An error occurred: EOF when reading a line
Ask me anything: An error occurred: EOF when reading a line
Ask me anything: An error occurred: EOF when reading a line
Ask me anything: An error occurred: EOF when reading a line
Ask me anything: An error occurred: EOF when reading a line
Ask me anything: An error occurred: EOF when reading a line
Ask me anything: An error occurred: EOF when reading a line
Ask me anything: An error occurred: EOF when reading a line
Ask me anything: An error occurred: EOF when reading a line
Ask me anything: An error occurred: EOF when reading a line
Ask me anything: An error occurred: EOF when reading a line
Ask me anything: An error occurred: EOF when reading a line
Ask me anything: An error occurred: EOF when reading a line
Ask me anything: An error occurred: EOF when reading a line
Ask me anything: An error occurred: EOF when reading a line
Ask me anything: An error occurred: EOF when reading a line
Ask me anything: An error occurred: EOF when reading a line
Ask me anything: An error occurred: EOF when reading a line
Ask me anything: An error occurred: EOF when reading a line
Ask me anything: An error occurred: EOF when reading a line
Ask me anything: An error occurred: EOF when reading a line
Ask me anything: An error occurred: EOF when reading a line
Ask me anything: An error occurred: EOF when reading a line
Ask me anything: An error occurred: EOF when reading a line
Ask me anything: An error occurred: EOF when reading a line
Ask me anything: An error occurred: EOF when reading a line
Ask me anything: An error occurred: EOF when reading a line
Ask me anything: An error occurred: EOF when reading a line
Ask me anything: An error occurred: EOF when reading a line
Ask me anything: An error occurred: EOF when reading a line
Ask me anything: An error occurred: EOF when reading a line
Ask me anything: An error occurred: EOF when reading a line
Ask me anything: An error occurred: EOF when reading a line
Ask me anything: An error occurred: EOF when reading a line
Ask me anything: An error occurred: EOF when reading a line
Ask me anything: An error occurred: EOF when reading a line
Ask me anything: An error occurred: EOF when reading a line
Ask me anything: An error occurred: EOF when reading a line
Ask me anything: An error occurred: EOF when reading a line
Ask me anything: An error occurred: EOF when reading a line
Ask me anything: An error occurred: EOF when reading a line
Ask me anything: An error occurred: EOF when reading a line
Ask me anything: An error occurred: EOF when reading a line
Ask me anything: An error occurred: EOF when reading a line
Ask me anything: An error occurred: EOF when reading a line
Ask me anything: An error occurred: EOF when reading a line
Ask me anything: An error occurred: EOF when reading a line
Ask me anything: An error occurred: EOF when reading a line
Ask me anything: An error occurred: EOF when reading a line
Ask me anything: An error occurred: EOF when reading a line
Ask me anything: An error occurred: EOF when reading a line
Ask me anything: An error occurred: EOF when reading a line
Ask me anything: An error occurred: EOF when reading a line
Ask me anything: An error occurred: EOF when reading a line
Ask me anything: An error occurred: EOF when reading a line
Ask me anything: An error occurred: EOF when reading a line
Ask me anything: An error occurred: EOF when reading a line
Ask me anything: An error occurred: EOF when reading a line
Ask me anything: An error occurred: EOF when reading a line
Ask me anything: An error occurred: EOF when reading a line
Ask me anything: An error occurred: EOF when reading a line
Ask me anything: An error occurred: EOF when reading a line
Ask me anything: An error occurred: EOF when reading a line
Ask me anything: An error occurred: EOF when reading a line
Ask me anything: An error occurred: EOF when reading a line
Ask me anything: An error occurred: EOF when reading a line
Ask me anything: An error occurred: EOF when reading a line
Ask me anything: An error occurred: EOF when reading a line
Ask me anything: An error occurred: EOF when reading a line
Ask me anything: An error occurred: EOF when reading a line
Ask me anything: An error occurred: EOF when reading a line
Ask me anything: An error occurred: EOF when reading a line
Ask me anything: An error occurred: EOF when reading a line
Ask me anything: An error occurred: EOF when reading a line
Ask me anything: An error occurred: EOF when reading a line
Ask me anything: An error occurred: EOF when reading a line
Ask me anything: An error occurred: EOF when reading a line
Ask me anything: An error occurred: EOF when reading a line
Ask me anything: An error occurred: EOF when reading a line
Ask me anything: An error occurred: EOF when reading a line
Ask me anything: An error occurred: EOF when reading a line
Ask me anything: An error occurred: EOF when reading a line
Ask me anything: An error occurred: EOF when reading a line
Ask me anything: An error occurred: EOF when reading a line
Ask me anything: An error occurred: EOF when reading a line
Ask me anything: An error occurred: EOF when reading a line
Ask me anything: An error occurred: EOF when reading a line
Ask me anything: An error occurred: EOF when reading a line
Ask me anything: An error occurred: EOF when reading a line
Ask me anything: An error occurred: EOF when reading a line
Ask me anything: An error occurred: EOF when reading a line
Ask me anything: An error occurred: EOF when reading a line
Ask me anything: An error occurred: EOF when reading a line
Ask me anything: An error occurred: EOF when reading a line
Ask me anything: An error occurred: EOF when reading a line
Ask me anything: An error occurred: EOF when reading a line
Ask me anything: An error occurred: EOF when reading a line
Ask me anything: An error occurred: EOF when reading a line
Ask me anything: An error occurred: EOF when reading a line
Ask me anything: An error occurred: EOF when reading a line
Ask me anything: An error occurred: EOF when reading a line
Ask me anything: An error occurred: EOF when reading a line
Ask me anything: An error occurred: EOF when reading a line
Ask me anything: An error occurred: EOF when reading a line
Ask me anything: An error occurred: EOF when reading a line
Ask me anything: An error occurred: EOF when reading a line
Ask me anything: An error occurred: EOF when reading a line
Ask me anything: An error occurred: EOF when reading a line
Ask me anything: An error occurred: EOF when reading a line
Ask me anything: An error occurred: EOF when reading a line
Ask me anything: An error occurred: EOF when reading a line
Ask me anything: An error occurred: EOF when reading a line
Ask me anything: An error occurred: EOF when reading a line
Ask me anything: An error occurred: EOF when reading a line
Ask me anything: An error occurred: EOF when reading a line
Ask me anything: An error occurred: EOF when reading a line
Ask me anything: An error occurred: EOF when reading a line
Ask me anything: An error occurred: EOF when reading a line
Ask me anything: An error occurred: EOF when reading a line
Ask me anything: An error occurred: EOF when reading a line
Ask me anything: An error occurred: EOF when reading a line
Ask me anything: An error occurred: EOF when reading a line
Ask me anything: An error occurred: EOF when reading a line
Ask me anything: An error occurred: EOF when reading a line
Ask me anything: An error occurred: EOF when reading a line
Ask me anything: An error occurred: EOF when reading a line
Ask me anything: An error occurred: EOF when reading a line
Ask me anything: An error occurred: EOF when reading a line
Ask me anything: An error occurred: EOF when reading a line
Ask me anything: An error occurred: EOF when reading a line
Ask me anything: An error occurred: EOF when reading a line
Ask me anything: An error occurred: EOF when reading a line
Ask me anything: An error occurred: EOF when reading a line
Ask me anything: An error occurred: EOF when reading a line
Ask me anything: An error occurred: EOF when reading a line
Ask me anything: An error occurred: EOF when reading a line
Ask me anything: An error occurred: EOF when reading a line
Ask me anything: An error occurred: EOF when reading a line
Ask me anything: An error occurred: EOF when reading a line
Ask me anything: An error occurred: EOF when reading a line
Ask me anything: An error occurred: EOF when reading a line
Ask me anything: An error occurred: EOF when reading a line
Ask me anything: An error occurred: EOF when reading a line
Ask me anything: An error occurred: EOF when reading a line
Ask me anything: An error occurred: EOF when reading a line
Ask me anything: An error occurred: EOF when reading a line
Ask me anything: An error occurred: EOF when reading a line
Ask me anything: An error occurred: EOF when reading a line
Ask me anything: An error occurred: EOF when reading a line
Ask me anything: An error occurred: EOF when reading a line
Ask me anything: An error occurred: EOF when reading a line
Ask me anything: An error occurred: EOF when reading a line
Ask me anything: An error occurred: EOF when reading a line
Ask me anything: An error occurred: EOF when reading a line
Ask me anything: An error occurred: EOF when reading a line
Ask me anything: An error occurred: EOF when reading a line
Ask me anything: An error occurred: EOF when reading a line
Ask me anything: An error occurred: EOF when reading a line
Ask me anything: An error occurred: EOF when reading a line
Ask me anything: An error occurred: EOF when reading a line
Ask me anything: An error occurred: EOF when reading a line
Ask me anything: An error occurred: EOF when reading a line
Ask me anything: An error occurred: EOF when reading a line
Ask me anything: An error occurred: EOF when reading a line
Ask me anything: An error occurred: EOF when reading a line
Ask me anything: An error occurred: EOF when reading a line
Ask me anything: An error occurred: EOF when reading a line
Ask me anything: An error occurred: EOF when reading a line
Ask me anything: An error occurred: EOF when reading a line
Ask me anything: An error occurred: EOF when reading a line
Ask me anything: An error occurred: EOF when reading a line
Ask me anything: An error occurred: EOF when reading a line
Ask me anything: An error occurred: EOF when reading a line
Ask me anything: An error occurred: EOF when reading a line
Ask me anything: An error occurred: EOF when reading a line
Ask me anything: An error occurred: EOF when reading a line
Ask me anything: An error occurred: EOF when reading a line
Ask me anything: An error occurred: EOF when reading a line
Ask me anything: An error occurred: EOF when reading a line
Ask me anything: An error occurred: EOF when reading a line
Ask me anything: An error occurred: EOF when reading a line
Ask me anything: An error occurred: EOF when reading a line
Ask me anything: An error occurred: EOF when reading a line
Ask me anything: An error occurred: EOF when reading a line
Ask me anything: An error occurred: EOF when reading a line
Ask me anything: An error occurred: EOF when reading a line
Ask me anything: An error occurred: EOF when reading a line
Ask me anything: An error occurred: EOF when reading a line
Ask me anything: An error occurred: EOF when reading a line
Ask me anything: An error occurred: EOF when reading a line
Ask me anything: An error occurred: EOF when reading a line
Ask me anything: An error occurred: EOF when reading a line
Ask me anything: An error occurred: EOF when reading a line
Ask me anything: An error occurred: EOF when reading a line
Ask me anything: An error occurred: EOF when reading a line
Ask me anything: An error occurred: EOF when reading a line
Ask me anything: An error occurred: EOF when reading a line
Ask me anything: An error occurred: EOF when reading a line
Ask me anything: An error occurred: EOF when reading a line
Ask me anything: An error occurred: EOF when reading a line
Ask me anything: An error occurred: EOF when reading a line
Ask me anything: An error occurred: EOF when reading a line
Ask me anything: An error occurred: EOF when reading a line
Ask me anything: An error occurred: EOF when reading a line
Ask me anything: An error occurred: EOF when reading a line
Ask me anything: An error occurred: EOF when reading a line
Ask me anything: An error occurred: EOF when reading a line
Ask me anything: An error occurred: EOF when reading a line
Ask me anything: An error occurred: EOF when reading a line
Ask me anything: An error occurred: EOF when reading a line
Ask me anything: An error occurred: EOF when reading a line
Ask me anything: An error occurred: EOF when reading a line
Ask me anything: An error occurred: EOF when reading a line
Ask me anything: An error occurred: EOF when reading a line
Ask me anything: An error occurred: EOF when reading a line
Ask me anything: An error occurred: EOF when reading a line
Ask me anything: An error occurred: EOF when reading a line
Ask me anything: An error occurred: EOF when reading a line
Ask me anything: An error occurred: EOF when reading a line
Ask me anything: An error occurred: EOF when reading a line
Ask me anything: An error occurred: EOF when reading a line
Ask me anything: An error occurred: EOF when reading a line
Ask me anything: An error occurred: EOF when reading a line
Ask me anything: An error occurred: EOF when reading a line
Ask me anything: An error occurred: EOF when reading a line
Ask me anything: An error occurred: EOF when reading a line
Ask me anything: An error occurred: EOF when reading a line
Ask me anything: An error occurred: EOF when reading a line
Ask me anything: An error occurred: EOF when reading a line
Ask me anything: An error occurred: EOF when reading a line
Ask me anything: An error occurred: EOF when reading a line
Ask me anything: An error occurred: EOF when reading a line
Ask me anything: An error occurred: EOF when reading a line
Ask me anything: An error occurred: EOF when reading a line
Ask me anything: An error occurred: EOF when reading a line
Ask me anything: An error occurred: EOF when reading a line
Ask me anything: An error occurred: EOF when reading a line
Ask me anything: An error occurred: EOF when reading a line
Ask me anything: An error occurred: EOF when reading a line
Ask me anything: An error occurred: EOF when reading a line
Ask me anything: An error occurred: EOF when reading a line
Ask me anything: An error occurred: EOF when reading a line
Ask me anything: An error occurred: EOF when reading a line
Ask me anything: An error occurred: EOF when reading a line
Ask me anything: An error occurred: EOF when reading a line
Ask me anything: An error occurred: EOF when reading a line
Ask me anything: An error occurred: EOF when reading a line
Ask me anything: An error occurred: EOF when reading a line
Ask me anything: An error occurred: EOF when reading a line
Ask me anything: An error occurred: EOF when reading a line
Ask me anything: An error occurred: EOF when reading a line
Ask me anything: An error occurred: EOF when reading a line
Ask me anything: An error occurred: EOF when reading a line
Ask me anything: An error occurred: EOF when reading a line
Ask me anything: An error occurred: EOF when reading a line
Ask me anything: An error occurred: EOF when reading a line
Ask me anything: An error occurred: EOF when reading a line
Ask me anything: An error occurred: EOF when reading a line
Ask me anything: An error occurred: EOF when reading a line
Ask me anything: An error occurred: EOF when reading a line
Ask me anything: An error occurred: EOF when reading a line
Ask me anything: An error occurred: EOF when reading a line
Ask me anything: An error occurred: EOF when reading a line
Ask me anything: An error occurred: EOF when reading a line
Ask me anything: An error occurred: EOF when reading a line
Ask me anything: An error occurred: EOF when reading a line
Ask me anything: An error occurred: EOF when reading a line
Ask me anything: An error occurred: EOF when reading a line
Ask me anything: An error occurred: EOF when reading a line
Ask me anything: An error occurred: EOF when reading a line
Ask me anything: An error occurred: EOF when reading a line
Ask me anything: An error occurred: EOF when reading a line
Ask me anything: An error occurred: EOF when reading a line
Ask me anything: An error occurred: EOF when reading a line
Ask me anything: An error occurred: EOF when reading a line
Ask me anything: An error occurred: EOF when reading a line
Ask me anything: An error occurred: EOF when reading a line
Ask me anything: An error occurred: EOF when reading a line
Ask me anything: An error occurred: EOF when reading a line
Ask me anything: An error occurred: EOF when reading a line
Ask me anything: An error occurred: EOF when reading a line
Ask me anything: An error occurred: EOF when reading a line
Ask me anything: An error occurred: EOF when reading a line
Ask me anything: An error occurred: EOF when reading a line
Ask me anything: An error occurred: EOF when reading a line
Ask me anything: An error occurred: EOF when reading a line
Ask me anything: An error occurred: EOF when reading a line
Ask me anything: An error occurred: EOF when reading a line
Ask me anything: An error occurred: EOF when reading a line
Ask me anything: An error occurred: EOF when reading a line
Ask me anything: An error occurred: EOF when reading a line
Ask me anything: An error occurred: EOF when reading a line
Ask me anything: An error occurred: EOF when reading a line
Ask me anything: An error occurred: EOF when reading a line
Ask me anything: An error occurred: EOF when reading a line
Ask me anything: An error occurred: EOF when reading a line
Ask me anything: An error occurred: EOF when reading a line
Ask me anything: An error occurred: EOF when reading a line
Ask me anything: An error occurred: EOF when reading a line
Ask me anything: An error occurred: EOF when reading a line
Ask me anything: An error occurred: EOF when reading a line
Ask me anything: An error occurred: EOF when reading a line
Ask me anything: An error occurred: EOF when reading a line
Ask me anything: An error occurred: EOF when reading a line
Ask me anything: An error occurred: EOF when reading a line
Ask me anything: An error occurred: EOF when reading a line
Ask me anything: An error occurred: EOF when reading a line
Ask me anything: An error occurred: EOF when reading a line
Ask me anything: An error occurred: EOF when reading a line
Ask me anything: An error occurred: EOF when reading a line
Ask me anything: An error occurred: EOF when reading a line
Ask me anything: An error occurred: EOF when reading a line
Ask me anything: An error occurred: EOF when reading a line
Ask me anything: An error occurred: EOF when reading a line
Ask me anything: An error occurred: EOF when reading a line
Ask me anything: An error occurred: EOF when reading a line
Ask me anything: An error occurred: EOF when reading a line
Ask me anything: An error occurred: EOF when reading a line
Ask me anything: An error occurred: EOF when reading a line
Ask me anything: An error occurred: EOF when reading a line
Ask me anything: An error occurred: EOF when reading a line
Ask me anything: An error occurred: EOF when reading a line
Ask me anything: An error occurred: EOF when reading a line
Ask me anything: An error occurred: EOF when reading a line
Ask me anything: An error occurred: EOF when reading a line
Ask me anything: An error occurred: EOF when reading a line
Ask me anything: An error occurred: EOF when reading a line
Ask me anything: An error occurred: EOF when reading a line
Ask me anything: An error occurred: EOF when reading a line
Ask me anything: An error occurred: EOF when reading a line
Ask me anything: An error occurred: EOF when reading a line
Ask me anything: An error occurred: EOF when reading a line
Ask me anything: An error occurred: EOF when reading a line
Ask me anything: An error occurred: EOF when reading a line
Ask me anything: An error occurred: EOF when reading a line
Ask me anything: An error occurred: EOF when reading a line
Ask me anything: An error occurred: EOF when reading a line
Ask me anything: An error occurred: EOF when reading a line
Ask me anything: An error occurred: EOF when reading a line
Ask me anything: An error occurred: EOF when reading a line
Ask me anything: An error occurred: EOF when reading a line
Ask me anything: An error occurred: EOF when reading a line
Ask me anything: An error occurred: EOF when reading a line
Ask me anything: An error occurred: EOF when reading a line
Ask me anything: An error occurred: EOF when reading a line
Ask me anything: An error occurred: EOF when reading a line
Ask me anything: An error occurred: EOF when reading a line
Ask me anything: An error occurred: EOF when reading a line
Ask me anything: An error occurred: EOF when reading a line
Ask me anything: An error occurred: EOF when reading a line
Ask me anything: An error occurred: EOF when reading a line
Ask me anything: An error occurred: EOF when reading a line
Ask me anything: An error occurred: EOF when reading a line
Ask me anything: An error occurred: EOF when reading a line
Ask me anything: An error occurred: EOF when reading a line
Ask me anything: An error occurred: EOF when reading a line
Ask me anything: An error occurred: EOF when reading a line
Ask me anything: An error occurred: EOF when reading a line
Ask me anything: An error occurred: EOF when reading a line
Ask me anything: An error occurred: EOF when reading a line
Ask me anything: An error occurred: EOF when reading a line
Ask me anything: An error occurred: EOF when reading a line
Ask me anything: An error occurred: EOF when reading a line
Ask me anything: An error occurred: EOF when reading a line
Ask me anything: An error occurred: EOF when reading a line
Ask me anything: An error occurred: EOF when reading a line
Ask me anything: An error occurred: EOF when reading a line
Ask me anything: An error occurred: EOF when reading a line
Ask me anything: An error occurred: EOF when reading a line
Ask me anything: An error occurred: EOF when reading a line
Ask me anything: An error occurred: EOF when reading a line
Ask me anything: An error occurred: EOF when reading a line
Ask me anything: An error occurred: EOF when reading a line
Ask me anything: An error occurred: EOF when reading a line
Ask me anything: An error occurred: EOF when reading a line
Ask me anything: An error occurred: EOF when reading a line
Ask me anything: An error occurred: EOF when reading a line
Ask me anything: An error occurred: EOF when reading a line
Ask me anything: An error occurred: EOF when reading a line
Ask me anything: An error occurred: EOF when reading a line
Ask me anything: An error occurred: EOF when reading a line
Ask me anything: An error occurred: EOF when reading a line
Ask me anything: An error occurred: EOF when reading a line
Ask me anything: An error occurred: EOF when reading a line
Ask me anything: An error occurred: EOF when reading a line
Ask me anything: An error occurred: EOF when reading a line
Ask me anything: An error occurred: EOF when reading a line
Ask me anything: An error occurred: EOF when reading a line
Ask me anything: An error occurred: EOF when reading a line
Ask me anything: An error occurred: EOF when reading a line
Ask me anything: An error occurred: EOF when reading a line
Ask me anything: An error occurred: EOF when reading a line
Ask me anything: An error occurred: EOF when reading a line
Ask me anything: An error occurred: EOF when reading a line
Ask me anything: An error occurred: EOF when reading a line
Ask me anything: An error occurred: EOF when reading a line
Ask me anything: An error occurred: EOF when reading a line
Ask me anything: An error occurred: EOF when reading a line
Ask me anything: An error occurred: EOF when reading a line
Ask me anything: An error occurred: EOF when reading a line
Ask me anything: An error occurred: EOF when reading a line
Ask me anything: An error occurred: EOF when reading a line
Ask me anything: An error occurred: EOF when reading a line
Ask me anything: An error occurred: EOF when reading a line
Ask me anything: An error occurred: EOF when reading a line
Ask me anything: An error occurred: EOF when reading a line
Ask me anything: An error occurred: EOF when reading a line
Ask me anything: An error occurred: EOF when reading a line
Ask me anything: An error occurred: EOF when reading a line
Ask me anything: An error occurred: EOF when reading a line
Ask me anything: An error occurred: EOF when reading a line
Ask me anything: An error occurred: EOF when reading a line
Ask me anything: An error occurred: EOF when reading a line
Ask me anything: An error occurred: EOF when reading a line
Ask me anything: An error occurred: EOF when reading a line
Ask me anything: An error occurred: EOF when reading a line
Ask me anything: An error occurred: EOF when reading a line
Ask me anything: An error occurred: EOF when reading a line
Ask me anything: An error occurred: EOF when reading a line
Ask me anything: An error occurred: EOF when reading a line
Ask me anything: An error occurred: EOF when reading a line
Ask me anything: An error occurred: EOF when reading a line
Ask me anything: An error occurred: EOF when reading a line
Ask me anything: An error occurred: EOF when reading a line
Ask me anything: An error occurred: EOF when reading a line
Ask me anything: An error occurred: EOF when reading a line
Ask me anything: An error occurred: EOF when reading a line
Ask me anything: An error occurred: EOF when reading a line
Ask me anything: An error occurred: EOF when reading a line
Ask me anything: An error occurred: EOF when reading a line
Ask me anything: An error occurred: EOF when reading a line
Ask me anything: An error occurred: EOF when reading a line
Ask me anything: An error occurred: EOF when reading a line
Ask me anything: An error occurred: EOF when reading a line
Ask me anything: An error occurred: EOF when reading a line
Ask me anything: An error occurred: EOF when reading a line
Ask me anything: An error occurred: EOF when reading a line
Ask me anything: An error occurred: EOF when reading a line
Ask me anything: An error occurred: EOF when reading a line
Ask me anything: An error occurred: EOF when reading a line
Ask me anything: An error occurred: EOF when reading a line
Ask me anything: An error occurred: EOF when reading a line
Ask me anything: An error occurred: EOF when reading a line
Ask me anything: An error occurred: EOF when reading a line
Ask me anything: An error occurred: EOF when reading a line
Ask me anything: An error occurred: EOF when reading a line
Ask me anything: An error occurred: EOF when reading a line
Ask me anything: An error occurred: EOF when reading a line
Ask me anything: An error occurred: EOF when reading a line
Ask me anything: An error occurred: EOF when reading a line
Ask me anything: An error occurred: EOF when reading a line
Ask me anything: An error occurred: EOF when reading a line
Ask me anything: An error occurred: EOF when reading a line
Ask me anything: An error occurred: EOF when reading a line
Ask me anything: An error occurred: EOF when reading a line
Ask me anything: An error occurred: EOF when reading a line
Ask me anything: An error occurred: EOF when reading a line
Ask me anything: An error occurred: EOF when reading a line
Ask me anything: An error occurred: EOF when reading a line
Ask me anything: An error occurred: EOF when reading a line
Ask me anything: An error occurred: EOF when reading a line
Ask me anything: An error occurred: EOF when reading a line
Ask me anything: An error occurred: EOF when reading a line
Ask me anything: An error occurred: EOF when reading a line
Ask me anything: An error occurred: EOF when reading a line
Ask me anything: An error occurred: EOF when reading a line
Ask me anything: An error occurred: EOF when reading a line
Ask me anything: An error occurred: EOF when reading a line
Ask me anything: An error occurred: EOF when reading a line
Ask me anything: An error occurred: EOF when reading a line
Ask me anything: An error occurred: EOF when reading a line
Ask me anything: An error occurred: EOF when reading a line
Ask me anything: An error occurred: EOF when reading a line
Ask me anything: An error occurred: EOF when reading a line
Ask me anything: An error occurred: EOF when reading a line
Ask me anything: An error occurred: EOF when reading a line
Ask me anything: An error occurred: EOF when reading a line
Ask me anything: An error occurred: EOF when reading a line
Ask me anything: An error occurred: EOF when reading a line
Ask me anything: An error occurred: EOF when reading a line
Ask me anything: An error occurred: EOF when reading a line
Ask me anything: An error occurred: EOF when reading a line
Ask me anything: An error occurred: EOF when reading a line
Ask me anything: An error occurred: EOF when reading a line
Ask me anything: An error occurred: EOF when reading a line
Ask me anything: An error occurred: EOF when reading a line
Ask me anything: An error occurred: EOF when reading a line
Ask me anything: An error occurred: EOF when reading a line
Ask me anything: An error occurred: EOF when reading a line
Ask me anything: An error occurred: EOF when reading a line
Ask me anything: An error occurred: EOF when reading a line
Ask me anything: An error occurred: EOF when reading a line
Ask me anything: An error occurred: EOF when reading a line
Ask me anything: An error occurred: EOF when reading a line
Ask me anything: An error occurred: EOF when reading a line
Ask me anything: An error occurred: EOF when reading a line
Ask me anything: An error occurred: EOF when reading a line
Ask me anything: An error occurred: EOF when reading a line
Ask me anything: An error occurred: EOF when reading a line
Ask me anything: An error occurred: EOF when reading a line
Ask me anything: An error occurred: EOF when reading a line
Ask me anything: An error occurred: EOF when reading a line
Ask me anything: An error occurred: EOF when reading a line
Ask me anything: An error occurred: EOF when reading a line
Ask me anything: An error occurred: EOF when reading a line
Ask me anything: An error occurred: EOF when reading a line
Ask me anything: An error occurred: EOF when reading a line
Ask me anything: An error occurred: EOF when reading a line
Ask me anything: An error occurred: EOF when reading a line
Ask me anything: An error occurred: EOF when reading a line
Ask me anything: An error occurred: EOF when reading a line
Ask me anything: An error occurred: EOF when reading a line
Ask me anything: An error occurred: EOF when reading a line
Ask me anything: An error occurred: EOF when reading a line
Ask me anything: An error occurred: EOF when reading a line
Ask me anything: An error occurred: EOF when reading a line
Ask me anything: An error occurred: EOF when reading a line
Ask me anything: An error occurred: EOF when reading a line
Ask me anything: An error occurred: EOF when reading a line
Ask me anything: An error occurred: EOF when reading a line
Ask me anything: An error occurred: EOF when reading a line
Ask me anything: An error occurred: EOF when reading a line
Ask me anything: An error occurred: EOF when reading a line
Ask me anything: An error occurred: EOF when reading a line
Ask me anything: An error occurred: EOF when reading a line
Ask me anything: An error occurred: EOF when reading a line
Ask me anything: An error occurred: EOF when reading a line
Ask me anything: An error occurred: EOF when reading a line
Ask me anything: An error occurred: EOF when reading a line
Ask me anything: An error occurred: EOF when reading a line
Ask me anything: An error occurred: EOF when reading a line
Ask me anything: An error occurred: EOF when reading a line
Ask me anything: An error occurred: EOF when reading a line
Ask me anything: An error occurred: EOF when reading a line
Ask me anything: An error occurred: EOF when reading a line
Ask me anything: An error occurred: EOF when reading a line
Ask me anything: An error occurred: EOF when reading a line
Ask me anything: An error occurred: EOF when reading a line
Ask me anything: An error occurred: EOF when reading a line
Ask me anything: An error occurred: EOF when reading a line
Ask me anything: An error occurred: EOF when reading a line
Ask me anything: An error occurred: EOF when reading a line
Ask me anything: An error occurred: EOF when reading a line
Ask me anything: An error occurred: EOF when reading a line
Ask me anything: An error occurred: EOF when reading a line
Ask me anything: An error occurred: EOF when reading a line
Ask me anything: An error occurred: EOF when reading a line
Ask me anything: An error occurred: EOF when reading a line
Ask me anything: An error occurred: EOF when reading a line
Ask me anything: An error occurred: EOF when reading a line
Ask me anything: An error occurred: EOF when reading a line
Ask me anything: An error occurred: EOF when reading a line
Ask me anything: An error occurred: EOF when reading a line
Ask me anything: An error occurred: EOF when reading a line
Ask me anything: An error occurred: EOF when reading a line
Ask me anything: An error occurred: EOF when reading a line
Ask me anything: An error occurred: EOF when reading a line
Ask me anything: An error occurred: EOF when reading a line
Ask me anything: An error occurred: EOF when reading a line
Ask me anything: An error occurred: EOF when reading a line
Ask me anything: An error occurred: EOF when reading a line
Ask me anything: An error occurred: EOF when reading a line
Ask me anything: An error occurred: EOF when reading a line
Ask me anything: An error occurred: EOF when reading a line
Ask me anything: An error occurred: EOF when reading a line
Ask me anything: An error occurred: EOF when reading a line
Ask me anything: An error occurred: EOF when reading a line
Ask me anything: An error occurred: EOF when reading a line
Ask me anything: An error occurred: EOF when reading a line
Ask me anything: An error occurred: EOF when reading a line
Ask me anything: An error occurred: EOF when reading a line
Ask me anything: An error occurred: EOF when reading a line
Ask me anything: An error occurred: EOF when reading a line
Ask me anything: An error occurred: EOF when reading a line
Ask me anything: An error occurred: EOF when reading a line
Ask me anything: An error occurred: EOF when reading a line
Ask me anything: An error occurred: EOF when reading a line
Ask me anything: An error occurred: EOF when reading a line
Ask me anything: An error occurred: EOF when reading a line
Ask me anything: An error occurred: EOF when reading a line
Ask me anything: An error occurred: EOF when reading a line
Ask me anything: An error occurred: EOF when reading a line
Ask me anything: An error occurred: EOF when reading a line
Ask me anything: An error occurred: EOF when reading a line
Ask me anything: An error occurred: EOF when reading a line
Ask me anything: An error occurred: EOF when reading a line
Ask me anything: An error occurred: EOF when reading a line
Ask me anything: An error occurred: EOF when reading a line
Ask me anything: An error occurred: EOF when reading a line
Ask me anything: An error occurred: EOF when reading a line
Ask me anything: An error occurred: EOF when reading a line
Ask me anything: An error occurred: EOF when reading a line
Ask me anything: An error occurred: EOF when reading a line
Ask me anything: An error occurred: EOF when reading a line
Ask me anything: An error occurred: EOF when reading a line
Ask me anything: An error occurred: EOF when reading a line
Ask me anything: An error occurred: EOF when reading a line
Ask me anything: An error occurred: EOF when reading a line
Ask me anything: An error occurred: EOF when reading a line
Ask me anything: An error occurred: EOF when reading a line
Ask me anything: An error occurred: EOF when reading a line
Ask me anything: An error occurred: EOF when reading a line
Ask me anything: An error occurred: EOF when reading a line
Ask me anything: An error occurred: EOF when reading a line
Ask me anything: An error occurred: EOF when reading a line
Ask me anything: An error occurred: EOF when reading a line
Ask me anything: An error occurred: EOF when reading a line
Ask me anything: An error occurred: EOF when reading a line
Ask me anything: An error occurred: EOF when reading a line
Ask me anything: An error occurred: EOF when reading a line
Ask me anything: An error occurred: EOF when reading a line
Ask me anything: An error occurred: EOF when reading a line
Ask me anything: An error occurred: EOF when reading a line
Ask me anything: An error occurred: EOF when reading a line
Ask me anything: An error occurred: EOF when reading a line
Ask me anything: An error occurred: EOF when reading a line
Ask me anything: An error occurred: EOF when reading a line
Ask me anything: An error occurred: EOF when reading a line
Ask me anything: An error occurred: EOF when reading a line
Ask me anything: An error occurred: EOF when reading a line
Ask me anything: An error occurred: EOF when reading a line
Ask me anything: An error occurred: EOF when reading a line
Ask me anything: An error occurred: EOF when reading a line
Ask me anything: An error occurred: EOF when reading a line
Ask me anything: An error occurred: EOF when reading a line
Ask me anything: An error occurred: EOF when reading a line
Ask me anything: An error occurred: EOF when reading a line
Ask me anything: An error occurred: EOF when reading a line
Ask me anything: An error occurred: EOF when reading a line
Ask me anything: An error occurred: EOF when reading a line
Ask me anything: An error occurred: EOF when reading a line
Ask me anything: An error occurred: EOF when reading a line
Ask me anything: An error occurred: EOF when reading a line
Ask me anything: An error occurred: EOF when reading a line
Ask me anything: An error occurred: EOF when reading a line
Ask me anything: An error occurred: EOF when reading a line
Ask me anything: An error occurred: EOF when reading a line
Ask me anything: An error occurred: EOF when reading a line
Ask me anything: An error occurred: EOF when reading a line
Ask me anything: An error occurred: EOF when reading a line
Ask me anything: An error occurred: EOF when reading a line
Ask me anything: An error occurred: EOF when reading a line
Ask me anything: An error occurred: EOF when reading a line
Ask me anything: An error occurred: EOF when reading a line
Ask me anything: An error occurred: EOF when reading a line
Ask me anything: An error occurred: EOF when reading a line
Ask me anything: An error occurred: EOF when reading a line
Ask me anything: An error occurred: EOF when reading a line
Ask me anything: An error occurred: EOF when reading a line
Ask me anything: An error occurred: EOF when reading a line
Ask me anything: An error occurred: EOF when reading a line
Ask me anything: An error occurred: EOF when reading a line
Ask me anything: An error occurred: EOF when reading a line
Ask me anything: An error occurred: EOF when reading a line
Ask me anything: An error occurred: EOF when reading a line
Ask me anything: An error occurred: EOF when reading a line
Ask me anything: An error occurred: EOF when reading a line
Ask me anything: An error occurred: EOF when reading a line
Ask me anything: An error occurred: EOF when reading a line
Ask me anything: An error occurred: EOF when reading a line
Ask me anything: An error occurred: EOF when reading a line
Ask me anything: An error occurred: EOF when reading a line
Ask me anything: An error occurred: EOF when reading a line
Ask me anything: An error occurred: EOF when reading a line
Ask me anything: An error occurred: EOF when reading a line
Ask me anything: An error occurred: EOF when reading a line
Ask me anything: An error occurred: EOF when reading a line
Ask me anything: An error occurred: EOF when reading a line
Ask me anything: An error occurred: EOF when reading a line
Ask me anything: An error occurred: EOF when reading a line
Ask me anything: An error occurred: EOF when reading a line
Ask me anything: An error occurred: EOF when reading a line
Ask me anything: An error occurred: EOF when reading a line
Ask me anything: An error occurred: EOF when reading a line
Ask me anything: An error occurred: EOF when reading a line
Ask me anything: An error occurred: EOF when reading a line
Ask me anything: An error occurred: EOF when reading a line
Ask me anything: An error occurred: EOF when reading a line
Ask me anything: An error occurred: EOF when reading a line
Ask me anything: An error occurred: EOF when reading a line
Ask me anything: An error occurred: EOF when reading a line
Ask me anything: An error occurred: EOF when reading a line
Ask me anything: An error occurred: EOF when reading a line
Ask me anything: An error occurred: EOF when reading a line
Ask me anything: An error occurred: EOF when reading a line
Ask me anything: An error occurred: EOF when reading a line
Ask me anything: An error occurred: EOF when reading a line
Ask me anything: An error occurred: EOF when reading a line
Ask me anything: An error occurred: EOF when reading a line
Ask me anything: An error occurred: EOF when reading a line
Ask me anything: An error occurred: EOF when reading a line
Ask me anything: An error occurred: EOF when reading a line
Ask me anything: An error occurred: EOF when reading a line
Ask me anything: An error occurred: EOF when reading a line
Ask me anything: An error occurred: EOF when reading a line
Ask me anything: An error occurred: EOF when reading a line
Ask me anything: An error occurred: EOF when reading a line
Ask me anything: An error occurred: EOF when reading a line
Ask me anything: An error occurred: EOF when reading a line
Ask me anything: An error occurred: EOF when reading a line
Ask me anything: An error occurred: EOF when reading a line
Ask me anything: An error occurred: EOF when reading a line
Ask me anything: An error occurred: EOF when reading a line
Ask me anything: An error occurred: EOF when reading a line
Ask me anything: An error occurred: EOF when reading a line
Ask me anything: An error occurred: EOF when reading a line
Ask me anything: An error occurred: EOF when reading a line
Ask me anything: An error occurred: EOF when reading a line
Ask me anything: An error occurred: EOF when reading a line
Ask me anything: An error occurred: EOF when reading a line
Ask me anything: An error occurred: EOF when reading a line
Ask me anything: An error occurred: EOF when reading a line
Ask me anything: An error occurred: EOF when reading a line
Ask me anything: An error occurred: EOF when reading a line
Ask me anything: An error occurred: EOF when reading a line
Ask me anything: An error occurred: EOF when reading a line
Ask me anything: An error occurred: EOF when reading a line
Ask me anything: An error occurred: EOF when reading a line
Ask me anything: An error occurred: EOF when reading a line
Ask me anything: An error occurred: EOF when reading a line
Ask me anything: An error occurred: EOF when reading a line
Ask me anything: An error occurred: EOF when reading a line
Ask me anything: An error occurred: EOF when reading a line
Ask me anything: An error occurred: EOF when reading a line
Ask me anything: An error occurred: EOF when reading a line
Ask me anything: An error occurred: EOF when reading a line
Ask me anything: An error occurred: EOF when reading a line
Ask me anything: An error occurred: EOF when reading a line
Ask me anything: An error occurred: EOF when reading a line
Ask me anything: An error occurred: EOF when reading a line
Ask me anything: An error occurred: EOF when reading a line
Ask me anything: An error occurred: EOF when reading a line
Ask me anything: An error occurred: EOF when reading a line
Ask me anything: An error occurred: EOF when reading a line
Ask me anything: An error occurred: EOF when reading a line
Ask me anything: An error occurred: EOF when reading a line
Ask me anything: An error occurred: EOF when reading a line
Ask me anything: An error occurred: EOF when reading a line
Ask me anything: An error occurred: EOF when reading a line
Ask me anything: An error occurred: EOF when reading a line
Ask me anything: An error occurred: EOF when reading a line
Ask me anything: An error occurred: EOF when reading a line
Ask me anything: An error occurred: EOF when reading a line
Ask me anything: An error occurred: EOF when reading a line
Ask me anything: An error occurred: EOF when reading a line
Ask me anything: An error occurred: EOF when reading a line
Ask me anything: An error occurred: EOF when reading a line
Ask me anything: An error occurred: EOF when reading a line
Ask me anything: An error occurred: EOF when reading a line
Ask me anything: An error occurred: EOF when reading a line
Ask me anything: An error occurred: EOF when reading a line
Ask me anything: An error occurred: EOF when reading a line
Ask me anything: An error occurred: EOF when reading a line
Ask me anything: An error occurred: EOF when reading a line
Ask me anything: An error occurred: EOF when reading a line
Ask me anything: An error occurred: EOF when reading a line
Ask me anything: An error occurred: EOF when reading a line
Ask me anything: An error occurred: EOF when reading a line
Ask me anything: An error occurred: EOF when reading a line
Ask me anything: An error occurred: EOF when reading a line
Ask me anything: An error occurred: EOF when reading a line
Ask me anything: An error occurred: EOF when reading a line
Ask me anything: An error occurred: EOF when reading a line
Ask me anything: An error occurred: EOF when reading a line
Ask me anything: An error occurred: EOF when reading a line
Ask me anything: An error occurred: EOF when reading a line
Ask me anything: An error occurred: EOF when reading a line
Ask me anything: An error occurred: EOF when reading a line
Ask me anything: An error occurred: EOF when reading a line
Ask me anything: An error occurred: EOF when reading a line
Ask me anything: An error occurred: EOF when reading a line
Ask me anything: An error occurred: EOF when reading a line
Ask me anything: An error occurred: EOF when reading a line
Ask me anything: An error occurred: EOF when reading a line
Ask me anything: An error occurred: EOF when reading a line
Ask me anything: An error occurred: EOF when reading a line
Ask me anything: An error occurred: EOF when reading a line
Ask me anything: An error occurred: EOF when reading a line
Ask me anything: An error occurred: EOF when reading a line
Ask me anything: An error occurred: EOF when reading a line
Ask me anything: An error occurred: EOF when reading a line
Ask me anything: An error occurred: EOF when reading a line
Ask me anything: An error occurred: EOF when reading a line
Ask me anything: An error occurred: EOF when reading a line
Ask me anything: An error occurred: EOF when reading a line
Ask me anything: An error occurred: EOF when reading a line
Ask me anything: An error occurred: EOF when reading a line
Ask me anything: An error occurred: EOF when reading a line
Ask me anything: An error occurred: EOF when reading a line
Ask me anything: An error occurred: EOF when reading a line
Ask me anything: An error occurred: EOF when reading a line
Ask me anything: An error occurred: EOF when reading a line
Ask me anything: An error occurred: EOF when reading a line
Ask me anything: An error occurred: EOF when reading a line
Ask me anything: An error occurred: EOF when reading a line
Ask me anything: An error occurred: EOF when reading a line
Ask me anything: An error occurred: EOF when reading a line
Ask me anything: An error occurred: EOF when reading a line
Ask me anything: An error occurred: EOF when reading a line
Ask me anything: An error occurred: EOF when reading a line
Ask me anything: An error occurred: EOF when reading a line
Ask me anything: An error occurred: EOF when reading a line
Ask me anything: An error occurred: EOF when reading a line
Ask me anything: An error occurred: EOF when reading a line
Ask me anything: An error occurred: EOF when reading a line
Ask me anything: An error occurred: EOF when reading a line
Ask me anything: An error occurred: EOF when reading a line
Ask me anything: An error occurred: EOF when reading a line
Ask me anything: An error occurred: EOF when reading a line
Ask me anything: An error occurred: EOF when reading a line
Ask me anything: An error occurred: EOF when reading a line
Ask me anything: An error occurred: EOF when reading a line
Ask me anything: An error occurred: EOF when reading a line
Ask me anything: An error occurred: EOF when reading a line
Ask me anything: An error occurred: EOF when reading a line
Ask me anything: An error occurred: EOF when reading a line
Ask me anything: An error occurred: EOF when reading a line
Ask me anything: An error occurred: EOF when reading a line
Ask me anything: An error occurred: EOF when reading a line
Ask me anything: An error occurred: EOF when reading a line
Ask me anything: An error occurred: EOF when reading a line
Ask me anything: An error occurred: EOF when reading a line
Ask me anything: An error occurred: EOF when reading a line
Ask me anything: An error occurred: EOF when reading a line
Ask me anything: An error occurred: EOF when reading a line
Ask me anything: An error occurred: EOF when reading a line
Ask me anything: An error occurred: EOF when reading a line
Ask me anything: An error occurred: EOF when reading a line
Ask me anything: An error occurred: EOF when reading a line
Ask me anything: An error occurred: EOF when reading a line
Ask me anything: An error occurred: EOF when reading a line
Ask me anything: An error occurred: EOF when reading a line
Ask me anything: An error occurred: EOF when reading a line
Ask me anything: An error occurred: EOF when reading a line
Ask me anything: An error occurred: EOF when reading a line
Ask me anything: An error occurred: EOF when reading a line
Ask me anything: An error occurred: EOF when reading a line
Ask me anything: An error occurred: EOF when reading a line
Ask me anything: An error occurred: EOF when reading a line
Ask me anything: An error occurred: EOF when reading a line
Ask me anything: An error occurred: EOF when reading a line
Ask me anything: An error occurred: EOF when reading a line
Ask me anything: An error occurred: EOF when reading a line
Ask me anything: An error occurred: EOF when reading a line
Ask me anything: An error occurred: EOF when reading a line
Ask me anything: An error occurred: EOF when reading a line
Ask me anything: An error occurred: EOF when reading a line
Ask me anything: An error occurred: EOF when reading a line
Ask me anything: An error occurred: EOF when reading a line
Ask me anything: An error occurred: EOF when reading a line
Ask me anything: An error occurred: EOF when reading a line
Ask me anything: An error occurred: EOF when reading a line
Ask me anything: An error occurred: EOF when reading a line
Ask me anything: An error occurred: EOF when reading a line
Ask me anything: An error occurred: EOF when reading a line
Ask me anything: An error occurred: EOF when reading a line
Ask me anything: An error occurred: EOF when reading a line
Ask me anything: An error occurred: EOF when reading a line
Ask me anything: An error occurred: EOF when reading a line
Ask me anything: An error occurred: EOF when reading a line
Ask me anything: An error occurred: EOF when reading a line
Ask me anything: An error occurred: EOF when reading a line
Ask me anything: An error occurred: EOF when reading a line
Ask me anything: An error occurred: EOF when reading a line
Ask me anything: An error occurred: EOF when reading a line
Ask me anything: An error occurred: EOF when reading a line
Ask me anything: An error occurred: EOF when reading a line
Ask me anything: An error occurred: EOF when reading a line
Ask me anything: An error occurred: EOF when reading a line
Ask me anything: An error occurred: EOF when reading a line
Ask me anything: An error occurred: EOF when reading a line
Ask me anything: An error occurred: EOF when reading a line
Ask me anything: An error occurred: EOF when reading a line
Ask me anything: An error occurred: EOF when reading a line
Ask me anything: An error occurred: EOF when reading a line
Ask me anything: An error occurred: EOF when reading a line
Ask me anything: An error occurred: EOF when reading a line
Ask me anything: An error occurred: EOF when reading a line
Ask me anything: An error occurred: EOF when reading a line
Ask me anything: An error occurred: EOF when reading a line
Ask me anything: An error occurred: EOF when reading a line
Ask me anything: An error occurred: EOF when reading a line
Ask me anything: An error occurred: EOF when reading a line
Ask me anything: An error occurred: EOF when reading a line
Ask me anything: An error occurred: EOF when reading a line
Ask me anything: An error occurred: EOF when reading a line
Ask me anything: An error occurred: EOF when reading a line
Ask me anything: An error occurred: EOF when reading a line
Ask me anything: An error occurred: EOF when reading a line
Ask me anything: An error occurred: EOF when reading a line
Ask me anything: An error occurred: EOF when reading a line
Ask me anything: An error occurred: EOF when reading a line
Ask me anything: An error occurred: EOF when reading a line
Ask me anything: An error occurred: EOF when reading a line
Ask me anything: An error occurred: EOF when reading a line
Ask me anything: An error occurred: EOF when reading a line
Ask me anything: An error occurred: EOF when reading a line
Ask me anything: An error occurred: EOF when reading a line
Ask me anything: An error occurred: EOF when reading a line
Ask me anything: An error occurred: EOF when reading a line
Ask me anything: An error occurred: EOF when reading a line
Ask me anything: An error occurred: EOF when reading a line
Ask me anything: An error occurred: EOF when reading a line
Ask me anything: An error occurred: EOF when reading a line
Ask me anything: An error occurred: EOF when reading a line
Ask me anything: An error occurred: EOF when reading a line
Ask me anything: An error occurred: EOF when reading a line
Ask me anything: An error occurred: EOF when reading a line
Ask me anything: An error occurred: EOF when reading a line
Ask me anything: An error occurred: EOF when reading a line
Ask me anything: An error occurred: EOF when reading a line
Ask me anything: An error occurred: EOF when reading a line
Ask me anything: An error occurred: EOF when reading a line
Ask me anything: An error occurred: EOF when reading a line
Ask me anything: An error occurred: EOF when reading a line
Ask me anything: An error occurred: EOF when reading a line
Ask me anything: An error occurred: EOF when reading a line
Ask me anything: An error occurred: EOF when reading a line
Ask me anything: An error occurred: EOF when reading a line
Ask me anything: An error occurred: EOF when reading a line
Ask me anything: An error occurred: EOF when reading a line
Ask me anything: An error occurred: EOF when reading a line
Ask me anything: An error occurred: EOF when reading a line
Ask me anything: An error occurred: EOF when reading a line
Ask me anything: An error occurred: EOF when reading a line
Ask me anything: An error occurred: EOF when reading a line
Ask me anything: An error occurred: EOF when reading a line
Ask me anything: An error occurred: EOF when reading a line
Ask me anything: An error occurred: EOF when reading a line
Ask me anything: An error occurred: EOF when reading a line
Ask me anything: An error occurred: EOF when reading a line
Ask me anything: An error occurred: EOF when reading a line
Ask me anything: An error occurred: EOF when reading a line
Ask me anything: An error occurred: EOF when reading a line
Ask me anything: An error occurred: EOF when reading a line
Ask me anything: An error occurred: EOF when reading a line
Ask me anything: An error occurred: EOF when reading a line
Ask me anything: An error occurred: EOF when reading a line
Ask me anything: An error occurred: EOF when reading a line
Ask me anything: An error occurred: EOF when reading a line
Ask me anything: An error occurred: EOF when reading a line
Ask me anything: An error occurred: EOF when reading a line
Ask me anything: An error occurred: EOF when reading a line
Ask me anything: An error occurred: EOF when reading a line
Ask me anything: An error occurred: EOF when reading a line
Ask me anything: An error occurred: EOF when reading a line
Ask me anything: An error occurred: EOF when reading a line
Ask me anything: An error occurred: EOF when reading a line
Ask me anything: An error occurred: EOF when reading a line
Ask me anything: An error occurred: EOF when reading a line
Ask me anything: An error occurred: EOF when reading a line
Ask me anything: An error occurred: EOF when reading a line
Ask me anything: An error occurred: EOF when reading a line
Ask me anything: An error occurred: EOF when reading a line
Ask me anything: An error occurred: EOF when reading a line
Ask me anything: An error occurred: EOF when reading a line
Ask me anything: An error occurred: EOF when reading a line
Ask me anything: An error occurred: EOF when reading a line
Ask me anything: An error occurred: EOF when reading a line
Ask me anything: An error occurred: EOF when reading a line
Ask me anything: An error occurred: EOF when reading a line
Ask me anything: An error occurred: EOF when reading a line
Ask me anything: An error occurred: EOF when reading a line
Ask me anything: An error occurred: EOF when reading a line
Ask me anything: An error occurred: EOF when reading a line
Ask me anything: An error occurred: EOF when reading a line
Ask me anything: An error occurred: EOF when reading a line
Ask me anything: An error occurred: EOF when reading a line
Ask me anything: An error occurred: EOF when reading a line
Ask me anything: An error occurred: EOF when reading a line
Ask me anything: An error occurred: EOF when reading a line
Ask me anything: An error occurred: EOF when reading a line
Ask me anything: An error occurred: EOF when reading a line
Ask me anything: An error occurred: EOF when reading a line
Ask me anything: An error occurred: EOF when reading a line
Ask me anything: An error occurred: EOF when reading a line
Ask me anything: An error occurred: EOF when reading a line
Ask me anything: An error occurred: EOF when reading a line
Ask me anything: An error occurred: EOF when reading a line
Ask me anything: An error occurred: EOF when reading a line
Ask me anything: An error occurred: EOF when reading a line
Ask me anything: An error occurred: EOF when reading a line
Ask me anything: An error occurred: EOF when reading a line
Ask me anything: An error occurred: EOF when reading a line
Ask me anything: An error occurred: EOF when reading a line
Ask me anything: An error occurred: EOF when reading a line
Ask me anything: An error occurred: EOF when reading a line
Ask me anything: An error occurred: EOF when reading a line
Ask me anything: An error occurred: EOF when reading a line
Ask me anything: An error occurred: EOF when reading a line
Ask me anything: An error occurred: EOF when reading a line
Ask me anything: An error occurred: EOF when reading a line
Ask me anything: An error occurred: EOF when reading a line
Ask me anything: An error occurred: EOF when reading a line
Ask me anything: An error occurred: EOF when reading a line
Ask me anything: An error occurred: EOF when reading a line
Ask me anything: An error occurred: EOF when reading a line
Ask me anything: An error occurred: EOF when reading a line
Ask me anything: An error occurred: EOF when reading a line
Ask me anything: An error occurred: EOF when reading a line
Ask me anything: An error occurred: EOF when reading a line
Ask me anything: An error occurred: EOF when reading a line
Ask me anything: An error occurred: EOF when reading a line
Ask me anything: An error occurred: EOF when reading a line
Ask me anything: An error occurred: EOF when reading a line
Ask me anything: An error occurred: EOF when reading a line
Ask me anything: An error occurred: EOF when reading a line
Ask me anything: An error occurred: EOF when reading a line
Ask me anything: An error occurred: EOF when reading a line
Ask me anything: An error occurred: EOF when reading a line
Ask me anything: An error occurred: EOF when reading a line
Ask me anything: An error occurred: EOF when reading a line
Ask me anything: An error occurred: EOF when reading a line
Ask me anything: An error occurred: EOF when reading a line
Ask me anything: An error occurred: EOF when reading a line
Ask me anything: An error occurred: EOF when reading a line
Ask me anything: An error occurred: EOF when reading a line
Ask me anything: An error occurred: EOF when reading a line
Ask me anything: An error occurred: EOF when reading a line
Ask me anything: An error occurred: EOF when reading a line
Ask me anything: An error occurred: EOF when reading a line
Ask me anything: An error occurred: EOF when reading a line
Ask me anything: An error occurred: EOF when reading a line
Ask me anything: An error occurred: EOF when reading a line
Ask me anything: An error occurred: EOF when reading a line
Ask me anything: An error occurred: EOF when reading a line
Ask me anything: An error occurred: EOF when reading a line
Ask me anything: An error occurred: EOF when reading a line
Ask me anything: An error occurred: EOF when reading a line
Ask me anything: An error occurred: EOF when reading a line
Ask me anything: An error occurred: EOF when reading a line
Ask me anything: An error occurred: EOF when reading a line
Ask me anything: An error occurred: EOF when reading a line
Ask me anything: An error occurred: EOF when reading a line
Ask me anything: An error occurred: EOF when reading a line
Ask me anything: An error occurred: EOF when reading a line
Ask me anything: An error occurred: EOF when reading a line
Ask me anything: An error occurred: EOF when reading a line
Ask me anything: An error occurred: EOF when reading a line
Ask me anything: An error occurred: EOF when reading a line
Ask me anything: An error occurred: EOF when reading a line
Ask me anything: An error occurred: EOF when reading a line
Ask me anything: An error occurred: EOF when reading a line
Ask me anything: An error occurred: EOF when reading a line
Ask me anything: An error occurred: EOF when reading a line
Ask me anything: An error occurred: EOF when reading a line
Ask me anything: An error occurred: EOF when reading a line
Ask me anything: An error occurred: EOF when reading a line
Ask me anything: An error occurred: EOF when reading a line
Ask me anything: An error occurred: EOF when reading a line
Ask me anything: An error occurred: EOF when reading a line
Ask me anything: An error occurred: EOF when reading a line
Ask me anything: An error occurred: EOF when reading a line
Ask me anything: An error occurred: EOF when reading a line
Ask me anything: An error occurred: EOF when reading a line
Ask me anything: An error occurred: EOF when reading a line
Ask me anything: An error occurred: EOF when reading a line
Ask me anything: An error occurred: EOF when reading a line
Ask me anything: An error occurred: EOF when reading a line
Ask me anything: An error occurred: EOF when reading a line
Ask me anything: An error occurred: EOF when reading a line
Ask me anything: An error occurred: EOF when reading a line
Ask me anything: An error occurred: EOF when reading a line
Ask me anything: An error occurred: EOF when reading a line
Ask me anything: An error occurred: EOF when reading a line
Ask me anything: An error occurred: EOF when reading a line
Ask me anything: An error occurred: EOF when reading a line
Ask me anything: An error occurred: EOF when reading a line
Ask me anything: An error occurred: EOF when reading a line
Ask me anything: An error occurred: EOF when reading a line
Ask me anything: An error occurred: EOF when reading a line
Ask me anything: An error occurred: EOF when reading a line
Ask me anything: An error occurred: EOF when reading a line
Ask me anything: An error occurred: EOF when reading a line
Ask me anything: An error occurred: EOF when reading a line
Ask me anything: An error occurred: EOF when reading a line
Ask me anything: An error occurred: EOF when reading a line
Ask me anything: An error occurred: EOF when reading a line
Ask me anything: An error occurred: EOF when reading a line
Ask me anything: An error occurred: EOF when reading a line
Ask me anything: An error occurred: EOF when reading a line
Ask me anything: An error occurred: EOF when reading a line
Ask me anything: An error occurred: EOF when reading a line
Ask me anything: An error occurred: EOF when reading a line
Ask me anything: An error occurred: EOF when reading a line
Ask me anything: An error occurred: EOF when reading a line
Ask me anything: An error occurred: EOF when reading a line
Ask me anything: An error occurred: EOF when reading a line
Ask me anything: An error occurred: EOF when reading a line
Ask me anything: An error occurred: EOF when reading a line
Ask me anything: An error occurred: EOF when reading a line
Ask me anything: An error occurred: EOF when reading a line
Ask me anything: An error occurred: EOF when reading a line
Ask me anything: An error occurred: EOF when reading a line
Ask me anything: An error occurred: EOF when reading a line
Ask me anything: An error occurred: EOF when reading a line
Ask me anything: An error occurred: EOF when reading a line
Ask me anything: An error occurred: EOF when reading a line
Ask me anything: An error occurred: EOF when reading a line
Ask me anything: An error occurred: EOF when reading a line
Ask me anything: An error occurred: EOF when reading a line
Ask me anything: An error occurred: EOF when reading a line
Ask me anything: An error occurred: EOF when reading a line
Ask me anything: An error occurred: EOF when reading a line
Ask me anything: An error occurred: EOF when reading a line
Ask me anything: An error occurred: EOF when reading a line
Ask me anything: An error occurred: EOF when reading a line
Ask me anything: An error occurred: EOF when reading a line
Ask me anything: An error occurred: EOF when reading a line
Ask me anything: An error occurred: EOF when reading a line
Ask me anything: An error occurred: EOF when reading a line
Ask me anything: An error occurred: EOF when reading a line
Ask me anything: An error occurred: EOF when reading a line
Ask me anything: An error occurred: EOF when reading a line
Ask me anything: An error occurred: EOF when reading a line
Ask me anything: An error occurred: EOF when reading a line
Ask me anything: An error occurred: EOF when reading a line
Ask me anything: An error occurred: EOF when reading a line
Ask me anything: An error occurred: EOF when reading a line
Ask me anything: An error occurred: EOF when reading a line
Ask me anything: An error occurred: EOF when reading a line
Ask me anything: An error occurred: EOF when reading a line
Ask me anything: An error occurred: EOF when reading a line
Ask me anything: An error occurred: EOF when reading a line
Ask me anything: An error occurred: EOF when reading a line
Ask me anything: An error occurred: EOF when reading a line
Ask me anything: An error occurred: EOF when reading a line
Ask me anything: An error occurred: EOF when reading a line
Ask me anything: An error occurred: EOF when reading a line
Ask me anything: An error occurred: EOF when reading a line
Ask me anything: An error occurred: EOF when reading a line
Ask me anything: An error occurred: EOF when reading a line
Ask me anything: An error occurred: EOF when reading a line
Ask me anything: An error occurred: EOF when reading a line
Ask me anything: An error occurred: EOF when reading a line
Ask me anything: An error occurred: EOF when reading a line
Ask me anything: An error occurred: EOF when reading a line
Ask me anything: An error occurred: EOF when reading a line
Ask me anything: An error occurred: EOF when reading a line
Ask me anything: An error occurred: EOF when reading a line
Ask me anything: An error occurred: EOF when reading a line
Ask me anything: An error occurred: EOF when reading a line
Ask me anything: An error occurred: EOF when reading a line
Ask me anything: An error occurred: EOF when reading a line
Ask me anything: An error occurred: EOF when reading a line
Ask me anything: An error occurred: EOF when reading a line
Ask me anything: An error occurred: EOF when reading a line
Ask me anything: An error occurred: EOF when reading a line
Ask me anything: An error occurred: EOF when reading a line
Ask me anything: An error occurred: EOF when reading a line
Ask me anything: An error occurred: EOF when reading a line
Ask me anything: An error occurred: EOF when reading a line
Ask me anything: An error occurred: EOF when reading a line
Ask me anything: An error occurred: EOF when reading a line
Ask me anything: An error occurred: EOF when reading a line
Ask me anything: An error occurred: EOF when reading a line
Ask me anything: An error occurred: EOF when reading a line
Ask me anything: An error occurred: EOF when reading a line
Ask me anything: An error occurred: EOF when reading a line
Ask me anything: An error occurred: EOF when reading a line
Ask me anything: An error occurred: EOF when reading a line
Ask me anything: An error occurred: EOF when reading a line
Ask me anything: An error occurred: EOF when reading a line
Ask me anything: An error occurred: EOF when reading a line
Ask me anything: An error occurred: EOF when reading a line
Ask me anything: An error occurred: EOF when reading a line
Ask me anything: An error occurred: EOF when reading a line
Ask me anything: An error occurred: EOF when reading a line
Ask me anything: An error occurred: EOF when reading a line
Ask me anything: An error occurred: EOF when reading a line
Ask me anything: An error occurred: EOF when reading a line
Ask me anything: An error occurred: EOF when reading a line
Ask me anything: An error occurred: EOF when reading a line
Ask me anything: An error occurred: EOF when reading a line
Ask me anything: An error occurred: EOF when reading a line
Ask me anything: An error occurred: EOF when reading a line
Ask me anything: An error occurred: EOF when reading a line
Ask me anything: An error occurred: EOF when reading a line
Ask me anything: An error occurred: EOF when reading a line
Ask me anything: An error occurred: EOF when reading a line
Ask me anything: An error occurred: EOF when reading a line
Ask me anything: An error occurred: EOF when reading a line
Ask me anything: An error occurred: EOF when reading a line
Ask me anything: An error occurred: EOF when reading a line
Ask me anything: An error occurred: EOF when reading a line
Ask me anything: An error occurred: EOF when reading a line
Ask me anything: An error occurred: EOF when reading a line
Ask me anything: An error occurred: EOF when reading a line
Ask me anything: An error occurred: EOF when reading a line
Ask me anything: An error occurred: EOF when reading a line
Ask me anything: An error occurred: EOF when reading a line
Ask me anything: An error occurred: EOF when reading a line
Ask me anything: An error occurred: EOF when reading a line
Ask me anything: An error occurred: EOF when reading a line
Ask me anything: An error occurred: EOF when reading a line
Ask me anything: An error occurred: EOF when reading a line
Ask me anything: An error occurred: EOF when reading a line
Ask me anything: An error occurred: EOF when reading a line
Ask me anything: An error occurred: EOF when reading a line
Ask me anything: An error occurred: EOF when reading a line
Ask me anything: An error occurred: EOF when reading a line
Ask me anything: An error occurred: EOF when reading a line
Ask me anything: An error occurred: EOF when reading a line
Ask me anything: An error occurred: EOF when reading a line
Ask me anything: An error occurred: EOF when reading a line
Ask me anything: An error occurred: EOF when reading a line
Ask me anything: An error occurred: EOF when reading a line
Ask me anything: An error occurred: EOF when reading a line
Ask me anything: An error occurred: EOF when reading a line
Ask me anything: An error occurred: EOF when reading a line
Ask me anything: An error occurred: EOF when reading a line
Ask me anything: An error occurred: EOF when reading a line
Ask me anything: An error occurred: EOF when reading a line
Ask me anything: An error occurred: EOF when reading a line
Ask me anything: An error occurred: EOF when reading a line
Ask me anything: An error occurred: EOF when reading a line
Ask me anything: An error occurred: EOF when reading a line
Ask me anything: An error occurred: EOF when reading a line
Ask me anything: An error occurred: EOF when reading a line
Ask me anything: An error occurred: EOF when reading a line
Ask me anything: An error occurred: EOF when reading a line
Ask me anything: An error occurred: EOF when reading a line
Ask me anything: An error occurred: EOF when reading a line
Ask me anything: An error occurred: EOF when reading a line
Ask me anything: An error occurred: EOF when reading a line
Ask me anything: An error occurred: EOF when reading a line
Ask me anything: An error occurred: EOF when reading a line
Ask me anything: An error occurred: EOF when reading a line
Ask me anything: An error occurred: EOF when reading a line
Ask me anything: An error occurred: EOF when reading a line
Ask me anything: An error occurred: EOF when reading a line
Ask me anything: An error occurred: EOF when reading a line
Ask me anything: An error occurred: EOF when reading a line
Ask me anything: An error occurred: EOF when reading a line
Ask me anything: An error occurred: EOF when reading a line
Ask me anything: An error occurred: EOF when reading a line
Ask me anything: An error occurred: EOF when reading a line
Ask me anything: An error occurred: EOF when reading a line
Ask me anything: An error occurred: EOF when reading a line
Ask me anything: An error occurred: EOF when reading a line
Ask me anything: An error occurred: EOF when reading a line
Ask me anything: An error occurred: EOF when reading a line
Ask me anything: An error occurred: EOF when reading a line
Ask me anything: An error occurred: EOF when reading a line
Ask me anything: An error occurred: EOF when reading a line
Ask me anything: An error occurred: EOF when reading a line
Ask me anything: An error occurred: EOF when reading a line
Ask me anything: An error occurred: EOF when reading a line
Ask me anything: An error occurred: EOF when reading a line
Ask me anything: An error occurred: EOF when reading a line
Ask me anything: An error occurred: EOF when reading a line
Ask me anything: An error occurred: EOF when reading a line
Ask me anything: An error occurred: EOF when reading a line
Ask me anything: An error occurred: EOF when reading a line
Ask me anything: An error occurred: EOF when reading a line
Ask me anything: An error occurred: EOF when reading a line
Ask me anything: An error occurred: EOF when reading a line
Ask me anything: An error occurred: EOF when reading a line
Ask me anything: An error occurred: EOF when reading a line
Ask me anything: An error occurred: EOF when reading a line
Ask me anything: An error occurred: EOF when reading a line
Ask me anything: An error occurred: EOF when reading a line
Ask me anything: An error occurred: EOF when reading a line
Ask me anything: An error occurred: EOF when reading a line
Ask me anything: An error occurred: EOF when reading a line
Ask me anything: An error occurred: EOF when reading a line
Ask me anything: An error occurred: EOF when reading a line
Ask me anything: An error occurred: EOF when reading a line
Ask me anything: An error occurred: EOF when reading a line
Ask me anything: An error occurred: EOF when reading a line
Ask me anything: An error occurred: EOF when reading a line
Ask me anything: An error occurred: EOF when reading a line
Ask me anything: An error occurred: EOF when reading a line
Ask me anything: An error occurred: EOF when reading a line
Ask me anything: An error occurred: EOF when reading a line
Ask me anything: An error occurred: EOF when reading a line
Ask me anything: An error occurred: EOF when reading a line
Ask me anything: An error occurred: EOF when reading a line
Ask me anything: An error occurred: EOF when reading a line
Ask me anything: An error occurred: EOF when reading a line
Ask me anything: An error occurred: EOF when reading a line
Ask me anything: An error occurred: EOF when reading a line
Ask me anything: An error occurred: EOF when reading a line
Ask me anything: An error occurred: EOF when reading a line
Ask me anything: An error occurred: EOF when reading a line
Ask me anything: An error occurred: EOF when reading a line
Ask me anything: An error occurred: EOF when reading a line
Ask me anything: An error occurred: EOF when reading a line
Ask me anything: An error occurred: EOF when reading a line
Ask me anything: An error occurred: EOF when reading a line
Ask me anything: An error occurred: EOF when reading a line
Ask me anything: An error occurred: EOF when reading a line
Ask me anything: An error occurred: EOF when reading a line
Ask me anything: An error occurred: EOF when reading a line
Ask me anything: An error occurred: EOF when reading a line
Ask me anything: An error occurred: EOF when reading a line
Ask me anything: An error occurred: EOF when reading a line
Ask me anything: An error occurred: EOF when reading a line
Ask me anything: An error occurred: EOF when reading a line
Ask me anything: An error occurred: EOF when reading a line
Ask me anything: An error occurred: EOF when reading a line
Ask me anything: An error occurred: EOF when reading a line
Ask me anything: An error occurred: EOF when reading a line
Ask me anything: An error occurred: EOF when reading a line
Ask me anything: An error occurred: EOF when reading a line
Ask me anything: An error occurred: EOF when reading a line
Ask me anything: An error occurred: EOF when reading a line
Ask me anything: An error occurred: EOF when reading a line
Ask me anything: An error occurred: EOF when reading a line
Ask me anything: An error occurred: EOF when reading a line
Ask me anything: An error occurred: EOF when reading a line
Ask me anything: An error occurred: EOF when reading a line
Ask me anything: An error occurred: EOF when reading a line
Ask me anything: An error occurred: EOF when reading a line
Ask me anything: An error occurred: EOF when reading a line
Ask me anything: An error occurred: EOF when reading a line
Ask me anything: An error occurred: EOF when reading a line
Ask me anything: An error occurred: EOF when reading a line
Ask me anything: An error occurred: EOF when reading a line
Ask me anything: An error occurred: EOF when reading a line
Ask me anything: An error occurred: EOF when reading a line
Ask me anything: An error occurred: EOF when reading a line
Ask me anything: An error occurred: EOF when reading a line
Ask me anything: An error occurred: EOF when reading a line
Ask me anything: An error occurred: EOF when reading a line
Ask me anything: An error occurred: EOF when reading a line
Ask me anything: An error occurred: EOF when reading a line
Ask me anything: An error occurred: EOF when reading a line
Ask me anything: An error occurred: EOF when reading a line
Ask me anything: An error occurred: EOF when reading a line
Ask me anything: An error occurred: EOF when reading a line
Ask me anything: An error occurred: EOF when reading a line
Ask me anything: An error occurred: EOF when reading a line
Ask me anything: An error occurred: EOF when reading a line
Ask me anything: An error occurred: EOF when reading a line
Ask me anything: An error occurred: EOF when reading a line
Ask me anything: An error occurred: EOF when reading a line
Ask me anything: An error occurred: EOF when reading a line
Ask me anything: An error occurred: EOF when reading a line
Ask me anything: An error occurred: EOF when reading a line
Ask me anything: An error occurred: EOF when reading a line
Ask me anything: An error occurred: EOF when reading a line
Ask me anything: An error occurred: EOF when reading a line
Ask me anything: An error occurred: EOF when reading a line
Ask me anything: An error occurred: EOF when reading a line
Ask me anything: An error occurred: EOF when reading a line
Ask me anything: An error occurred: EOF when reading a line
Ask me anything: An error occurred: EOF when reading a line
Ask me anything: An error occurred: EOF when reading a line
Ask me anything: An error occurred: EOF when reading a line
Ask me anything: An error occurred: EOF when reading a line
Ask me anything: An error occurred: EOF when reading a line
Ask me anything: An error occurred: EOF when reading a line
Ask me anything: An error occurred: EOF when reading a line
Ask me anything: An error occurred: EOF when reading a line
Ask me anything: An error occurred: EOF when reading a line
Ask me anything: An error occurred: EOF when reading a line
Ask me anything: An error occurred: EOF when reading a line
Ask me anything: An error occurred: EOF when reading a line
Ask me anything: An error occurred: EOF when reading a line
Ask me anything: An error occurred: EOF when reading a line
Ask me anything: An error occurred: EOF when reading a line
Ask me anything: An error occurred: EOF when reading a line
Ask me anything: An error occurred: EOF when reading a line
Ask me anything: An error occurred: EOF when reading a line
Ask me anything: An error occurred: EOF when reading a line
Ask me anything: An error occurred: EOF when reading a line
Ask me anything: An error occurred: EOF when reading a line
Ask me anything: An error occurred: EOF when reading a line
Ask me anything: An error occurred: EOF when reading a line
Ask me anything: An error occurred: EOF when reading a line
Ask me anything: An error occurred: EOF when reading a line
Ask me anything: An error occurred: EOF when reading a line
Ask me anything: An error occurred: EOF when reading a line
Ask me anything: An error occurred: EOF when reading a line
Ask me anything: An error occurred: EOF when reading a line
Ask me anything: An error occurred: EOF when reading a line
Ask me anything: An error occurred: EOF when reading a line
Ask me anything: An error occurred: EOF when reading a line
Ask me anything: An error occurred: EOF when reading a line
Ask me anything: An error occurred: EOF when reading a line
Ask me anything: An error occurred: EOF when reading a line
Ask me anything: An error occurred: EOF when reading a line
Ask me anything: An error occurred: EOF when reading a line
Ask me anything: An error occurred: EOF when reading a line
Ask me anything: An error occurred: EOF when reading a line
Ask me anything: An error occurred: EOF when reading a line
Ask me anything: An error occurred: EOF when reading a line
Ask me anything: An error occurred: EOF when reading a line
Ask me anything: An error occurred: EOF when reading a line
Ask me anything: An error occurred: EOF when reading a line
Ask me anything: An error occurred: EOF when reading a line
Ask me anything: An error occurred: EOF when reading a line
Ask me anything: An error occurred: EOF when reading a line
Ask me anything: An error occurred: EOF when reading a line
Ask me anything: An error occurred: EOF when reading a line
Ask me anything: An error occurred: EOF when reading a line
Ask me anything: An error occurred: EOF when reading a line
Ask me anything: An error occurred: EOF when reading a line
Ask me anything: An error occurred: EOF when reading a line
Ask me anything: An error occurred: EOF when reading a line
Ask me anything: An error occurred: EOF when reading a line
Ask me anything: An error occurred: EOF when reading a line
Ask me anything: An error occurred: EOF when reading a line
Ask me anything: An error occurred: EOF when reading a line
Ask me anything: An error occurred: EOF when reading a line
Ask me anything: An error occurred: EOF when reading a line
Ask me anything: An error occurred: EOF when reading a line
Ask me anything: An error occurred: EOF when reading a line
Ask me anything: An error occurred: EOF when reading a line
Ask me anything: An error occurred: EOF when reading a line
Ask me anything: An error occurred: EOF when reading a line
Ask me anything: An error occurred: EOF when reading a line
Ask me anything: An error occurred: EOF when reading a line
Ask me anything: An error occurred: EOF when reading a line
Ask me anything: An error occurred: EOF when reading a line
Ask me anything: An error occurred: EOF when reading a line
Ask me anything: An error occurred: EOF when reading a line
Ask me anything: An error occurred: EOF when reading a line
Ask me anything: An error occurred: EOF when reading a line
Ask me anything: An error occurred: EOF when reading a line
Ask me anything: An error occurred: EOF when reading a line
Ask me anything: An error occurred: EOF when reading a line
Ask me anything: An error occurred: EOF when reading a line
Ask me anything: An error occurred: EOF when reading a line
Ask me anything: An error occurred: EOF when reading a line
Ask me anything: An error occurred: EOF when reading a line
Ask me anything: An error occurred: EOF when reading a line
Ask me anything: An error occurred: EOF when reading a line
Ask me anything: An error occurred: EOF when reading a line
Ask me anything: An error occurred: EOF when reading a line
Ask me anything: An error occurred: EOF when reading a line
Ask me anything: An error occurred: EOF when reading a line
Ask me anything: An error occurred: EOF when reading a line
Ask me anything: An error occurred: EOF when reading a line
Ask me anything: An error occurred: EOF when reading a line
Ask me anything: An error occurred: EOF when reading a line
Ask me anything: An error occurred: EOF when reading a line
Ask me anything: An error occurred: EOF when reading a line
Ask me anything: An error occurred: EOF when reading a line
Ask me anything: An error occurred: EOF when reading a line
Ask me anything: An error occurred: EOF when reading a line
Ask me anything: An error occurred: EOF when reading a line
Ask me anything: An error occurred: EOF when reading a line
Ask me anything: An error occurred: EOF when reading a line
Ask me anything: An error occurred: EOF when reading a line
Ask me anything: An error occurred: EOF when reading a line
Ask me anything: An error occurred: EOF when reading a line
Ask me anything: An error occurred: EOF when reading a line
Ask me anything: An error occurred: EOF when reading a line
Ask me anything: An error occurred: EOF when reading a line
Ask me anything: An error occurred: EOF when reading a line
Ask me anything: An error occurred: EOF when reading a line
Ask me anything: An error occurred: EOF when reading a line
Ask me anything: An error occurred: EOF when reading a line
Ask me anything: An error occurred: EOF when reading a line
Ask me anything: An error occurred: EOF when reading a line
Ask me anything: An error occurred: EOF when reading a line
Ask me anything: An error occurred: EOF when reading a line
Ask me anything: An error occurred: EOF when reading a line
Ask me anything: An error occurred: EOF when reading a line
Ask me anything: An error occurred: EOF when reading a line
Ask me anything: An error occurred: EOF when reading a line
Ask me anything: An error occurred: EOF when reading a line
Ask me anything: An error occurred: EOF when reading a line
Ask me anything: An error occurred: EOF when reading a line
Ask me anything: An error occurred: EOF when reading a line
Ask me anything: An error occurred: EOF when reading a line
Ask me anything: An error occurred: EOF when reading a line
Ask me anything: An error occurred: EOF when reading a line
Ask me anything: An error occurred: EOF when reading a line
Ask me anything: An error occurred: EOF when reading a line
Ask me anything: An error occurred: EOF when reading a line
Ask me anything: An error occurred: EOF when reading a line
Ask me anything: An error occurred: EOF when reading a line
Ask me anything: An error occurred: EOF when reading a line
Ask me anything: An error occurred: EOF when reading a line
Ask me anything: An error occurred: EOF when reading a line
Ask me anything: An error occurred: EOF when reading a line
Ask me anything: An error occurred: EOF when reading a line
Ask me anything: An error occurred: EOF when reading a line
Ask me anything: An error occurred: EOF when reading a line
Ask me anything: An error occurred: EOF when reading a line
Ask me anything: An error occurred: EOF when reading a line
Ask me anything: An error occurred: EOF when reading a line
Ask me anything: An error occurred: EOF when reading a line
Ask me anything: An error occurred: EOF when reading a line
Ask me anything: An error occurred: EOF when reading a line
Ask me anything: An error occurred: EOF when reading a line
Ask me anything: An error occurred: EOF when reading a line
Ask me anything: An error occurred: EOF when reading a line
Ask me anything: An error occurred: EOF when reading a line
Ask me anything: An error occurred: EOF when reading a line
Ask me anything: An error occurred: EOF when reading a line
Ask me anything: An error occurred: EOF when reading a line
Ask me anything: An error occurred: EOF when reading a line
Ask me anything: An error occurred: EOF when reading a line
Ask me anything: An error occurred: EOF when reading a line
Ask me anything: An error occurred: EOF when reading a line
Ask me anything: An error occurred: EOF when reading a line
Ask me anything: An error occurred: EOF when reading a line
Ask me anything: An error occurred: EOF when reading a line
Ask me anything: An error occurred: EOF when reading a line
Ask me anything: An error occurred: EOF when reading a line
Ask me anything: An error occurred: EOF when reading a line
Ask me anything: An error occurred: EOF when reading a line
Ask me anything: An error occurred: EOF when reading a line
Ask me anything: An error occurred: EOF when reading a line
Ask me anything: An error occurred: EOF when reading a line
Ask me anything: An error occurred: EOF when reading a line
Ask me anything: An error occurred: EOF when reading a line
Ask me anything: An error occurred: EOF when reading a line
Ask me anything: An error occurred: EOF when reading a line
Ask me anything: An error occurred: EOF when reading a line
Ask me anything: An error occurred: EOF when reading a line
Ask me anything: An error occurred: EOF when reading a line
Ask me anything: An error occurred: EOF when reading a line
Ask me anything: An error occurred: EOF when reading a line
Ask me anything: An error occurred: EOF when reading a line
Ask me anything: An error occurred: EOF when reading a line
Ask me anything: An error occurred: EOF when reading a line
Ask me anything: An error occurred: EOF when reading a line
Ask me anything: An error occurred: EOF when reading a line
Ask me anything: An error occurred: EOF when reading a line
Ask me anything: An error occurred: EOF when reading a line
Ask me anything: An error occurred: EOF when reading a line
Ask me anything: An error occurred: EOF when reading a line
Ask me anything: An error occurred: EOF when reading a line
Ask me anything: An error occurred: EOF when reading a line
Ask me anything: An error occurred: EOF when reading a line
Ask me anything: An error occurred: EOF when reading a line
Ask me anything: An error occurred: EOF when reading a line
Ask me anything: An error occurred: EOF when reading a line
Ask me anything: An error occurred: EOF when reading a line
Ask me anything: An error occurred: EOF when reading a line
Ask me anything: An error occurred: EOF when reading a line
Ask me anything: An error occurred: EOF when reading a line
Ask me anything: An error occurred: EOF when reading a line
Ask me anything: An error occurred: EOF when reading a line
Ask me anything: An error occurred: EOF when reading a line
Ask me anything: An error occurred: EOF when reading a line
Ask me anything: An error occurred: EOF when reading a line
Ask me anything: An error occurred: EOF when reading a line
Ask me anything: An error occurred: EOF when reading a line
Ask me anything: An error occurred: EOF when reading a line
Ask me anything: An error occurred: EOF when reading a line
Ask me anything: An error occurred: EOF when reading a line
Ask me anything: An error occurred: EOF when reading a line
Ask me anything: An error occurred: EOF when reading a line
Ask me anything: An error occurred: EOF when reading a line
Ask me anything: An error occurred: EOF when reading a line
Ask me anything: An error occurred: EOF when reading a line
Ask me anything: An error occurred: EOF when reading a line
Ask me anything: An error occurred: EOF when reading a line
Ask me anything: An error occurred: EOF when reading a line
Ask me anything: An error occurred: EOF when reading a line
Ask me anything: An error occurred: EOF when reading a line
Ask me anything: An error occurred: EOF when reading a line
Ask me anything: An error occurred: EOF when reading a line
Ask me anything: An error occurred: EOF when reading a line
Ask me anything: An error occurred: EOF when reading a line
Ask me anything: An error occurred: EOF when reading a line
Ask me anything: An error occurred: EOF when reading a line
Ask me anything: An error occurred: EOF when reading a line
Ask me anything: An error occurred: EOF when reading a line
Ask me anything: An error occurred: EOF when reading a line
Ask me anything: An error occurred: EOF when reading a line
Ask me anything: An error occurred: EOF when reading a line
Ask me anything: An error occurred: EOF when reading a line
Ask me anything: An error occurred: EOF when reading a line
Ask me anything: An error occurred: EOF when reading a line
Ask me anything: An error occurred: EOF when reading a line
Ask me anything: An error occurred: EOF when reading a line
Ask me anything: An error occurred: EOF when reading a line
Ask me anything: An error occurred: EOF when reading a line
Ask me anything: An error occurred: EOF when reading a line
Ask me anything: An error occurred: EOF when reading a line
Ask me anything: An error occurred: EOF when reading a line
Ask me anything: An error occurred: EOF when reading a line
Ask me anything: An error occurred: EOF when reading a line
Ask me anything: An error occurred: EOF when reading a line
Ask me anything: An error occurred: EOF when reading a line
Ask me anything: An error occurred: EOF when reading a line
Ask me anything: An error occurred: EOF when reading a line
Ask me anything: An error occurred: EOF when reading a line
Ask me anything: An error occurred: EOF when reading a line
Ask me anything: An error occurred: EOF when reading a line
Ask me anything: An error occurred: EOF when reading a line
Ask me anything: An error occurred: EOF when reading a line
Ask me anything: An error occurred: EOF when reading a line
Ask me anything: An error occurred: EOF when reading a line
Ask me anything: An error occurred: EOF when reading a line
Ask me anything: An error occurred: EOF when reading a line
Ask me anything: An error occurred: EOF when reading a line
Ask me anything: An error occurred: EOF when reading a line
Ask me anything: An error occurred: EOF when reading a line
Ask me anything: An error occurred: EOF when reading a line
Ask me anything: An error occurred: EOF when reading a line
Ask me anything: An error occurred: EOF when reading a line
Ask me anything: An error occurred: EOF when reading a line
Ask me anything: An error occurred: EOF when reading a line
Ask me anything: An error occurred: EOF when reading a line
Ask me anything: An error occurred: EOF when reading a line
Ask me anything: An error occurred: EOF when reading a line
Ask me anything: An error occurred: EOF when reading a line
Ask me anything: An error occurred: EOF when reading a line
Ask me anything: An error occurred: EOF when reading a line
Ask me anything: An error occurred: EOF when reading a line
Ask me anything: An error occurred: EOF when reading a line
Ask me anything: An error occurred: EOF when reading a line
Ask me anything: An error occurred: EOF when reading a line
Ask me anything: An error occurred: EOF when reading a line
Ask me anything: An error occurred: EOF when reading a line
Ask me anything: An error occurred: EOF when reading a line
Ask me anything: An error occurred: EOF when reading a line
Ask me anything: An error occurred: EOF when reading a line
Ask me anything: An error occurred: EOF when reading a line
Ask me anything: An error occurred: EOF when reading a line
Ask me anything: An error occurred: EOF when reading a line
Ask me anything: An error occurred: EOF when reading a line
Ask me anything: An error occurred: EOF when reading a line
Ask me anything: An error occurred: EOF when reading a line
Ask me anything: An error occurred: EOF when reading a line
Ask me anything: An error occurred: EOF when reading a line
Ask me anything: An error occurred: EOF when reading a line
Ask me anything: An error occurred: EOF when reading a line
Ask me anything: An error occurred: EOF when reading a line
Ask me anything: An error occurred: EOF when reading a line
Ask me anything: An error occurred: EOF when reading a line
Ask me anything: An error occurred: EOF when reading a line
Ask me anything: An error occurred: EOF when reading a line
Ask me anything: An error occurred: EOF when reading a line
Ask me anything: An error occurred: EOF when reading a line
Ask me anything: An error occurred: EOF when reading a line
Ask me anything: An error occurred: EOF when reading a line
Ask me anything: An error occurred: EOF when reading a line
Ask me anything: An error occurred: EOF when reading a line
Ask me anything: An error occurred: EOF when reading a line
Ask me anything: An error occurred: EOF when reading a line
Ask me anything: An error occurred: EOF when reading a line
Ask me anything: An error occurred: EOF when reading a line
Ask me anything: An error occurred: EOF when reading a line
Ask me anything: An error occurred: EOF when reading a line
Ask me anything: An error occurred: EOF when reading a line
Ask me anything: An error occurred: EOF when reading a line
Ask me anything: An error occurred: EOF when reading a line
Ask me anything: An error occurred: EOF when reading a line
Ask me anything: An error occurred: EOF when reading a line
Ask me anything: An error occurred: EOF when reading a line
Ask me anything: An error occurred: EOF when reading a line
Ask me anything: An error occurred: EOF when reading a line
Ask me anything: An error occurred: EOF when reading a line
Ask me anything: An error occurred: EOF when reading a line
Ask me anything: An error occurred: EOF when reading a line
Ask me anything: An error occurred: EOF when reading a line
Ask me anything: An error occurred: EOF when reading a line
Ask me anything: An error occurred: EOF when reading a line
Ask me anything: An error occurred: EOF when reading a line
Ask me anything: An error occurred: EOF when reading a line
Ask me anything: An error occurred: EOF when reading a line
Ask me anything: An error occurred: EOF when reading a line
Ask me anything: An error occurred: EOF when reading a line
Ask me anything: An error occurred: EOF when reading a line
Ask me anything: An error occurred: EOF when reading a line
Ask me anything: An error occurred: EOF when reading a line
Ask me anything: An error occurred: EOF when reading a line
Ask me anything: An error occurred: EOF when reading a line
Ask me anything: An error occurred: EOF when reading a line
Ask me anything: An error occurred: EOF when reading a line
Ask me anything: An error occurred: EOF when reading a line
Ask me anything: An error occurred: EOF when reading a line
Ask me anything: An error occurred: EOF when reading a line
Ask me anything: An error occurred: EOF when reading a line
Ask me anything: An error occurred: EOF when reading a line
Ask me anything: An error occurred: EOF when reading a line
Ask me anything: An error occurred: EOF when reading a line
Ask me anything: An error occurred: EOF when reading a line
Ask me anything: An error occurred: EOF when reading a line
Ask me anything: An error occurred: EOF when reading a line
Ask me anything: An error occurred: EOF when reading a line
Ask me anything: An error occurred: EOF when reading a line
Ask me anything: An error occurred: EOF when reading a line
Ask me anything: An error occurred: EOF when reading a line
Ask me anything: An error occurred: EOF when reading a line
Ask me anything: An error occurred: EOF when reading a line
Ask me anything: An error occurred: EOF when reading a line
Ask me anything: An error occurred: EOF when reading a line
Ask me anything: An error occurred: EOF when reading a line
Ask me anything: An error occurred: EOF when reading a line
Ask me anything: An error occurred: EOF when reading a line
Ask me anything: An error occurred: EOF when reading a line
Ask me anything: An error occurred: EOF when reading a line
Ask me anything: An error occurred: EOF when reading a line
Ask me anything: An error occurred: EOF when reading a line
Ask me anything: An error occurred: EOF when reading a line
Ask me anything: An error occurred: EOF when reading a line
Ask me anything: An error occurred: EOF when reading a line
Ask me anything: An error occurred: EOF when reading a line
Ask me anything: An error occurred: EOF when reading a line
Ask me anything: An error occurred: EOF when reading a line
Ask me anything: An error occurred: EOF when reading a line
Ask me anything: An error occurred: EOF when reading a line
Ask me anything: An error occurred: EOF when reading a line
Ask me anything: An error occurred: EOF when reading a line
Ask me anything: An error occurred: EOF when reading a line
Ask me anything: An error occurred: EOF when reading a line
Ask me anything: An error occurred: EOF when reading a line
Ask me anything: An error occurred: EOF when reading a line
Ask me anything: An error occurred: EOF when reading a line
Ask me anything: An error occurred: EOF when reading a line
Ask me anything: An error occurred: EOF when reading a line
Ask me anything: An error occurred: EOF when reading a line
Ask me anything: An error occurred: EOF when reading a line
Ask me anything: An error occurred: EOF when reading a line
Ask me anything: An error occurred: EOF when reading a line
Ask me anything: An error occurred: EOF when reading a line
Ask me anything: An error occurred: EOF when reading a line
Ask me anything: An error occurred: EOF when reading a line
Ask me anything: An error occurred: EOF when reading a line
Ask me anything: An error occurred: EOF when reading a line
Ask me anything: An error occurred: EOF when reading a line
Ask me anything: An error occurred: EOF when reading a line
Ask me anything: An error occurred: EOF when reading a line
Ask me anything: An error occurred: EOF when reading a line
Ask me anything: An error occurred: EOF when reading a line
Ask me anything: An error occurred: EOF when reading a line
Ask me anything: An error occurred: EOF when reading a line
Ask me anything: An error occurred: EOF when reading a line
Ask me anything: An error occurred: EOF when reading a line
Ask me anything: An error occurred: EOF when reading a line
Ask me anything: An error occurred: EOF when reading a line
Ask me anything: An error occurred: EOF when reading a line
Ask me anything: An error occurred: EOF when reading a line
Ask me anything: An error occurred: EOF when reading a line
Ask me anything: An error occurred: EOF when reading a line
Ask me anything: An error occurred: EOF when reading a line
Ask me anything: An error occurred: EOF when reading a line
Ask me anything: An error occurred: EOF when reading a line
Ask me anything: An error occurred: EOF when reading a line
Ask me anything: An error occurred: EOF when reading a line
Ask me anything: An error occurred: EOF when reading a line
Ask me anything: An error occurred: EOF when reading a line
Ask me anything: An error occurred: EOF when reading a line
Ask me anything: An error occurred: EOF when reading a line
Ask me anything: An error occurred: EOF when reading a line
Ask me anything: An error occurred: EOF when reading a line
Ask me anything: An error occurred: EOF when reading a line
Ask me anything: An error occurred: EOF when reading a line
Ask me anything: An error occurred: EOF when reading a line
Ask me anything: An error occurred: EOF when reading a line
Ask me anything: An error occurred: EOF when reading a line
Ask me anything: An error occurred: EOF when reading a line
Ask me anything: An error occurred: EOF when reading a line
Ask me anything: An error occurred: EOF when reading a line
Ask me anything: An error occurred: EOF when reading a line
Ask me anything: An error occurred: EOF when reading a line
Ask me anything: An error occurred: EOF when reading a line
Ask me anything: An error occurred: EOF when reading a line
Ask me anything: An error occurred: EOF when reading a line
Ask me anything: An error occurred: EOF when reading a line
Ask me anything: An error occurred: EOF when reading a line
Ask me anything: An error occurred: EOF when reading a line
Ask me anything: An error occurred: EOF when reading a line
Ask me anything: An error occurred: EOF when reading a line
Ask me anything: An error occurred: EOF when reading a line
Ask me anything: An error occurred: EOF when reading a line
Ask me anything: An error occurred: EOF when reading a line
Ask me anything: An error occurred: EOF when reading a line
Ask me anything: An error occurred: EOF when reading a line
Ask me anything: An error occurred: EOF when reading a line
Ask me anything: An error occurred: EOF when reading a line
Ask me anything: An error occurred: EOF when reading a line
Ask me anything: An error occurred: EOF when reading a line
Ask me anything: An error occurred: EOF when reading a line
Ask me anything: An error occurred: EOF when reading a line
Ask me anything: An error occurred: EOF when reading a line
Ask me anything: An error occurred: EOF when reading a line
Ask me anything: An error occurred: EOF when reading a line
Ask me anything: An error occurred: EOF when reading a line
Ask me anything: An error occurred: EOF when reading a line
Ask me anything: An error occurred: EOF when reading a line
Ask me anything: An error occurred: EOF when reading a line
Ask me anything: An error occurred: EOF when reading a line
Ask me anything: An error occurred: EOF when reading a line
Ask me anything: An error occurred: EOF when reading a line
Ask me anything: An error occurred: EOF when reading a line
Ask me anything: An error occurred: EOF when reading a line
Ask me anything: An error occurred: EOF when reading a line
Ask me anything: An error occurred: EOF when reading a line
Ask me anything: An error occurred: EOF when reading a line
Ask me anything: An error occurred: EOF when reading a line
Ask me anything: An error occurred: EOF when reading a line
Ask me anything: An error occurred: EOF when reading a line
Ask me anything: An error occurred: EOF when reading a line
Ask me anything: An error occurred: EOF when reading a line
Ask me anything: An error occurred: EOF when reading a line
Ask me anything: An error occurred: EOF when reading a line
Ask me anything: An error occurred: EOF when reading a line
Ask me anything: An error occurred: EOF when reading a line
Ask me anything: An error occurred: EOF when reading a line
Ask me anything: An error occurred: EOF when reading a line
Ask me anything: An error occurred: EOF when reading a line
Ask me anything: An error occurred: EOF when reading a line
Ask me anything: An error occurred: EOF when reading a line
Ask me anything: An error occurred: EOF when reading a line
Ask me anything: An error occurred: EOF when reading a line
Ask me anything: An error occurred: EOF when reading a line
Ask me anything: An error occurred: EOF when reading a line
Ask me anything: An error occurred: EOF when reading a line
Ask me anything: An error occurred: EOF when reading a line
Ask me anything: An error occurred: EOF when reading a line
Ask me anything: An error occurred: EOF when reading a line
Ask me anything: An error occurred: EOF when reading a line
Ask me anything: An error occurred: EOF when reading a line
Ask me anything: An error occurred: EOF when reading a line
Ask me anything: An error occurred: EOF when reading a line
Ask me anything: An error occurred: EOF when reading a line
Ask me anything: An error occurred: EOF when reading a line
Ask me anything: An error occurred: EOF when reading a line
Ask me anything: An error occurred: EOF when reading a line
Ask me anything: An error occurred: EOF when reading a line
Ask me anything: An error occurred: EOF when reading a line
Ask me anything: An error occurred: EOF when reading a line
Ask me anything: An error occurred: EOF when reading a line
Ask me anything: An error occurred: EOF when reading a line
Ask me anything: An error occurred: EOF when reading a line
Ask me anything: An error occurred: EOF when reading a line
Ask me anything: An error occurred: EOF when reading a line
Ask me anything: An error occurred: EOF when reading a line
Ask me anything: An error occurred: EOF when reading a line
Ask me anything: An error occurred: EOF when reading a line
Ask me anything: An error occurred: EOF when reading a line
Ask me anything: An error occurred: EOF when reading a line
Ask me anything: An error occurred: EOF when reading a line
Ask me anything: An error occurred: EOF when reading a line
Ask me anything: An error occurred: EOF when reading a line
Ask me anything: An error occurred: EOF when reading a line
Ask me anything: An error occurred: EOF when reading a line
Ask me anything: An error occurred: EOF when reading a line
Ask me anything: An error occurred: EOF when reading a line
Ask me anything: An error occurred: EOF when reading a line
Ask me anything: An error occurred: EOF when reading a line
Ask me anything: An error occurred: EOF when reading a line
Ask me anything: An error occurred: EOF when reading a line
Ask me anything: An error occurred: EOF when reading a line
Ask me anything: An error occurred: EOF when reading a line
Ask me anything: An error occurred: EOF when reading a line
Ask me anything: An error occurred: EOF when reading a line
Ask me anything: An error occurred: EOF when reading a line
Ask me anything: An error occurred: EOF when reading a line
Ask me anything: An error occurred: EOF when reading a line
Ask me anything: An error occurred: EOF when reading a line
Ask me anything: An error occurred: EOF when reading a line
Ask me anything: An error occurred: EOF when reading a line
Ask me anything: An error occurred: EOF when reading a line
Ask me anything: An error occurred: EOF when reading a line
Ask me anything: An error occurred: EOF when reading a line
Ask me anything: An error occurred: EOF when reading a line
Ask me anything: An error occurred: EOF when reading a line
Ask me anything: An error occurred: EOF when reading a line
Ask me anything: An error occurred: EOF when reading a line
Ask me anything: An error occurred: EOF when reading a line
Ask me anything: An error occurred: EOF when reading a line
Ask me anything: An error occurred: EOF when reading a line
Ask me anything: An error occurred: EOF when reading a line
Ask me anything: An error occurred: EOF when reading a line
Ask me anything: An error occurred: EOF when reading a line
Ask me anything: An error occurred: EOF when reading a line
Ask me anything: An error occurred: EOF when reading a line
Ask me anything: An error occurred: EOF when reading a line
Ask me anything: An error occurred: EOF when reading a line
Ask me anything: An error occurred: EOF when reading a line
Ask me anything: An error occurred: EOF when reading a line
Ask me anything: An error occurred: EOF when reading a line
Ask me anything: An error occurred: EOF when reading a line
Ask me anything: An error occurred: EOF when reading a line
Ask me anything: An error occurred: EOF when reading a line
Ask me anything: An error occurred: EOF when reading a line
Ask me anything: An error occurred: EOF when reading a line
Ask me anything: An error occurred: EOF when reading a line
Ask me anything: An error occurred: EOF when reading a line
Ask me anything: An error occurred: EOF when reading a line
Ask me anything: An error occurred: EOF when reading a line
Ask me anything: An error occurred: EOF when reading a line
Ask me anything: An error occurred: EOF when reading a line
Ask me anything: An error occurred: EOF when reading a line
Ask me anything: An error occurred: EOF when reading a line
Ask me anything: An error occurred: EOF when reading a line
Ask me anything: An error occurred: EOF when reading a line
Ask me anything: An error occurred: EOF when reading a line
Ask me anything: An error occurred: EOF when reading a line
Ask me anything: An error occurred: EOF when reading a line
Ask me anything: An error occurred: EOF when reading a line
Ask me anything: An error occurred: EOF when reading a line
Ask me anything: An error occurred: EOF when reading a line
Ask me anything: An error occurred: EOF when reading a line
Ask me anything: An error occurred: EOF when reading a line
Ask me anything: An error occurred: EOF when reading a line
Ask me anything: An error occurred: EOF when reading a line
Ask me anything: An error occurred: EOF when reading a line
Ask me anything: An error occurred: EOF when reading a line
Ask me anything: An error occurred: EOF when reading a line
Ask me anything: An error occurred: EOF when reading a line
Ask me anything: An error occurred: EOF when reading a line
Ask me anything: An error occurred: EOF when reading a line
Ask me anything: An error occurred: EOF when reading a line
Ask me anything: An error occurred: EOF when reading a line
Ask me anything: An error occurred: EOF when reading a line
Ask me anything: An error occurred: EOF when reading a line
Ask me anything: An error occurred: EOF when reading a line
Ask me anything: An error occurred: EOF when reading a line
Ask me anything: An error occurred: EOF when reading a line
Ask me anything: An error occurred: EOF when reading a line
Ask me anything: An error occurred: EOF when reading a line
Ask me anything: An error occurred: EOF when reading a line
Ask me anything: An error occurred: EOF when reading a line
Ask me anything: An error occurred: EOF when reading a line
Ask me anything: An error occurred: EOF when reading a line
Ask me anything: An error occurred: EOF when reading a line
Ask me anything: An error occurred: EOF when reading a line
Ask me anything: An error occurred: EOF when reading a line
Ask me anything: An error occurred: EOF when reading a line
Ask me anything: An error occurred: EOF when reading a line
Ask me anything: An error occurred: EOF when reading a line
Ask me anything: An error occurred: EOF when reading a line
Ask me anything: An error occurred: EOF when reading a line
Ask me anything: An error occurred: EOF when reading a line
Ask me anything: An error occurred: EOF when reading a line
Ask me anything: An error occurred: EOF when reading a line
Ask me anything: An error occurred: EOF when reading a line
Ask me anything: An error occurred: EOF when reading a line
Ask me anything: An error occurred: EOF when reading a line
Ask me anything: An error occurred: EOF when reading a line
Ask me anything: An error occurred: EOF when reading a line
Ask me anything: An error occurred: EOF when reading a line
Ask me anything: An error occurred: EOF when reading a line
Ask me anything: An error occurred: EOF when reading a line
Ask me anything: An error occurred: EOF when reading a line
Ask me anything: An error occurred: EOF when reading a line
Ask me anything: An error occurred: EOF when reading a line
Ask me anything: An error occurred: EOF when reading a line
Ask me anything: An error occurred: EOF when reading a line
Ask me anything: An error occurred: EOF when reading a line
Ask me anything: An error occurred: EOF when reading a line
Ask me anything: An error occurred: EOF when reading a line
Ask me anything: An error occurred: EOF when reading a line
Ask me anything: An error occurred: EOF when reading a line
Ask me anything: An error occurred: EOF when reading a line
Ask me anything: An error occurred: EOF when reading a line
Ask me anything: An error occurred: EOF when reading a line
Ask me anything: An error occurred: EOF when reading a line
Ask me anything: An error occurred: EOF when reading a line
Ask me anything: An error occurred: EOF when reading a line
Ask me anything: An error occurred: EOF when reading a line
Ask me anything: An error occurred: EOF when reading a line
Ask me anything: An error occurred: EOF when reading a line
Ask me anything: An error occurred: EOF when reading a line
Ask me anything: An error occurred: EOF when reading a line
Ask me anything: An error occurred: EOF when reading a line
Ask me anything: An error occurred: EOF when reading a line
Ask me anything: An error occurred: EOF when reading a line
Ask me anything: An error occurred: EOF when reading a line
Ask me anything: An error occurred: EOF when reading a line
Ask me anything: An error occurred: EOF when reading a line
Ask me anything: An error occurred: EOF when reading a line
Ask me anything: An error occurred: EOF when reading a line
Ask me anything: An error occurred: EOF when reading a line
Ask me anything: An error occurred: EOF when reading a line
Ask me anything: An error occurred: EOF when reading a line
Ask me anything: An error occurred: EOF when reading a line
Ask me anything: An error occurred: EOF when reading a line
Ask me anything: An error occurred: EOF when reading a line
Ask me anything: An error occurred: EOF when reading a line
Ask me anything: An error occurred: EOF when reading a line
Ask me anything: An error occurred: EOF when reading a line
Ask me anything: An error occurred: EOF when reading a line
Ask me anything: An error occurred: EOF when reading a line
Ask me anything: An error occurred: EOF when reading a line
Ask me anything: An error occurred: EOF when reading a line
Ask me anything: An error occurred: EOF when reading a line
Ask me anything: An error occurred: EOF when reading a line
Ask me anything: An error occurred: EOF when reading a line
Ask me anything: An error occurred: EOF when reading a line
Ask me anything: An error occurred: EOF when reading a line
Ask me anything: An error occurred: EOF when reading a line
Ask me anything: An error occurred: EOF when reading a line
Ask me anything: An error occurred: EOF when reading a line
Ask me anything: An error occurred: EOF when reading a line
Ask me anything: An error occurred: EOF when reading a line
Ask me anything: An error occurred: EOF when reading a line
Ask me anything: An error occurred: EOF when reading a line
Ask me anything: An error occurred: EOF when reading a line
Ask me anything: An error occurred: EOF when reading a line
Ask me anything: An error occurred: EOF when reading a line
Ask me anything: An error occurred: EOF when reading a line
Ask me anything: An error occurred: EOF when reading a line
Ask me anything: An error occurred: EOF when reading a line
Ask me anything: An error occurred: EOF when reading a line
Ask me anything: An error occurred: EOF when reading a line
Ask me anything: An error occurred: EOF when reading a line
Ask me anything: An error occurred: EOF when reading a line
Ask me anything: An error occurred: EOF when reading a line
Ask me anything: An error occurred: EOF when reading a line
Ask me anything: An error occurred: EOF when reading a line
Ask me anything: An error occurred: EOF when reading a line
Ask me anything: An error occurred: EOF when reading a line
Ask me anything: An error occurred: EOF when reading a line
Ask me anything: An error occurred: EOF when reading a line
Ask me anything: An error occurred: EOF when reading a line
Ask me anything: An error occurred: EOF when reading a line
Ask me anything: An error occurred: EOF when reading a line
Ask me anything: An error occurred: EOF when reading a line
Ask me anything: An error occurred: EOF when reading a line
Ask me anything: An error occurred: EOF when reading a line
Ask me anything: An error occurred: EOF when reading a line
Ask me anything: An error occurred: EOF when reading a line
Ask me anything: An error occurred: EOF when reading a line
Ask me anything: An error occurred: EOF when reading a line
Ask me anything: An error occurred: EOF when reading a line
Ask me anything: An error occurred: EOF when reading a line
Ask me anything: An error occurred: EOF when reading a line
Ask me anything: An error occurred: EOF when reading a line
Ask me anything: An error occurred: EOF when reading a line
Ask me anything: An error occurred: EOF when reading a line
Ask me anything: An error occurred: EOF when reading a line
Ask me anything: An error occurred: EOF when reading a line
Ask me anything: An error occurred: EOF when reading a line
Ask me anything: An error occurred: EOF when reading a line
Ask me anything: An error occurred: EOF when reading a line
Ask me anything: An error occurred: EOF when reading a line
Ask me anything: An error occurred: EOF when reading a line
Ask me anything: An error occurred: EOF when reading a line
Ask me anything: An error occurred: EOF when reading a line
Ask me anything: An error occurred: EOF when reading a line
Ask me anything: An error occurred: EOF when reading a line
Ask me anything: An error occurred: EOF when reading a line
Ask me anything: An error occurred: EOF when reading a line
Ask me anything: An error occurred: EOF when reading a line
Ask me anything: An error occurred: EOF when reading a line
Ask me anything: An error occurred: EOF when reading a line
Ask me anything: An error occurred: EOF when reading a line
Ask me anything: An error occurred: EOF when reading a line
Ask me anything: An error occurred: EOF when reading a line
Ask me anything: An error occurred: EOF when reading a line
Ask me anything: An error occurred: EOF when reading a line
Ask me anything: An error occurred: EOF when reading a line
Ask me anything: An error occurred: EOF when reading a line
Ask me anything: An error occurred: EOF when reading a line
Ask me anything: An error occurred: EOF when reading a line
Ask me anything: An error occurred: EOF when reading a line
Ask me anything: An error occurred: EOF when reading a line
Ask me anything: An error occurred: EOF when reading a line
Ask me anything: An error occurred: EOF when reading a line
Ask me anything: An error occurred: EOF when reading a line
Ask me anything: An error occurred: EOF when reading a line
Ask me anything: An error occurred: EOF when reading a line
Ask me anything: An error occurred: EOF when reading a line
Ask me anything: An error occurred: EOF when reading a line
Ask me anything: An error occurred: EOF when reading a line
Ask me anything: An error occurred: EOF when reading a line
Ask me anything: An error occurred: EOF when reading a line
Ask me anything: An error occurred: EOF when reading a line
Ask me anything: An error occurred: EOF when reading a line
Ask me anything: An error occurred: EOF when reading a line
Ask me anything: An error occurred: EOF when reading a line
Ask me anything: An error occurred: EOF when reading a line
Ask me anything: An error occurred: EOF when reading a line
Ask me anything: An error occurred: EOF when reading a line
Ask me anything: An error occurred: EOF when reading a line
Ask me anything: An error occurred: EOF when reading a line
Ask me anything: An error occurred: EOF when reading a line
Ask me anything: An error occurred: EOF when reading a line
Ask me anything: An error occurred: EOF when reading a line
Ask me anything: An error occurred: EOF when reading a line
Ask me anything: An error occurred: EOF when reading a line
Ask me anything: An error occurred: EOF when reading a line
Ask me anything: An error occurred: EOF when reading a line
Ask me anything: An error occurred: EOF when reading a line
Ask me anything: An error occurred: EOF when reading a line
Ask me anything: An error occurred: EOF when reading a line
Ask me anything: An error occurred: EOF when reading a line
Ask me anything: An error occurred: EOF when reading a line
Ask me anything: An error occurred: EOF when reading a line
Ask me anything: An error occurred: EOF when reading a line
Ask me anything: An error occurred: EOF when reading a line
Ask me anything: An error occurred: EOF when reading a line
Ask me anything: An error occurred: EOF when reading a line
Ask me anything: An error occurred: EOF when reading a line
Ask me anything: An error occurred: EOF when reading a line
Ask me anything: An error occurred: EOF when reading a line
Ask me anything: An error occurred: EOF when reading a line
Ask me anything: An error occurred: EOF when reading a line
Ask me anything: An error occurred: EOF when reading a line
Ask me anything: An error occurred: EOF when reading a line
Ask me anything: An error occurred: EOF when reading a line
Ask me anything: An error occurred: EOF when reading a line
Ask me anything: An error occurred: EOF when reading a line
Ask me anything: An error occurred: EOF when reading a line
Ask me anything: An error occurred: EOF when reading a line
Ask me anything: An error occurred: EOF when reading a line
Ask me anything: An error occurred: EOF when reading a line
Ask me anything: An error occurred: EOF when reading a line
Ask me anything: An error occurred: EOF when reading a line
Ask me anything: An error occurred: EOF when reading a line
Ask me anything: An error occurred: EOF when reading a line
Ask me anything: An error occurred: EOF when reading a line
Ask me anything: An error occurred: EOF when reading a line
Ask me anything: An error occurred: EOF when reading a line
Ask me anything: An error occurred: EOF when reading a line
Ask me anything: An error occurred: EOF when reading a line
Ask me anything: An error occurred: EOF when reading a line
Ask me anything: An error occurred: EOF when reading a line
Ask me anything: An error occurred: EOF when reading a line
Ask me anything: An error occurred: EOF when reading a line
Ask me anything: An error occurred: EOF when reading a line
Ask me anything: An error occurred: EOF when reading a line
Ask me anything: An error occurred: EOF when reading a line
Ask me anything: An error occurred: EOF when reading a line
Ask me anything: An error occurred: EOF when reading a line
Ask me anything: An error occurred: EOF when reading a line
Ask me anything: An error occurred: EOF when reading a line
Ask me anything: An error occurred: EOF when reading a line
Ask me anything: An error occurred: EOF when reading a line
Ask me anything: An error occurred: EOF when reading a line
Ask me anything: An error occurred: EOF when reading a line
Ask me anything: An error occurred: EOF when reading a line
Ask me anything: An error occurred: EOF when reading a line
Ask me anything: An error occurred: EOF when reading a line
Ask me anything: An error occurred: EOF when reading a line
Ask me anything: An error occurred: EOF when reading a line
Ask me anything: An error occurred: EOF when reading a line
Ask me anything: An error occurred: EOF when reading a line
Ask me anything: An error occurred: EOF when reading a line
Ask me anything: An error occurred: EOF when reading a line
Ask me anything: An error occurred: EOF when reading a line
Ask me anything: An error occurred: EOF when reading a line
Ask me anything: An error occurred: EOF when reading a line
Ask me anything: An error occurred: EOF when reading a line
Ask me anything: An error occurred: EOF when reading a line
Ask me anything: An error occurred: EOF when reading a line
Ask me anything: An error occurred: EOF when reading a line
Ask me anything: An error occurred: EOF when reading a line
Ask me anything: An error occurred: EOF when reading a line
Ask me anything: An error occurred: EOF when reading a line
Ask me anything: An error occurred: EOF when reading a line
Ask me anything: An error occurred: EOF when reading a line
Ask me anything: An error occurred: EOF when reading a line
Ask me anything: An error occurred: EOF when reading a line
Ask me anything: An error occurred: EOF when reading a line
Ask me anything: An error occurred: EOF when reading a line
Ask me anything: An error occurred: EOF when reading a line
Ask me anything: An error occurred: EOF when reading a line
Ask me anything: An error occurred: EOF when reading a line
Ask me anything: An error occurred: EOF when reading a line
Ask me anything: An error occurred: EOF when reading a line
Ask me anything: An error occurred: EOF when reading a line
Ask me anything: An error occurred: EOF when reading a line
Ask me anything: An error occurred: EOF when reading a line
Ask me anything: An error occurred: EOF when reading a line
Ask me anything: An error occurred: EOF when reading a line
Ask me anything: An error occurred: EOF when reading a line
Ask me anything: An error occurred: EOF when reading a line
Ask me anything: An error occurred: EOF when reading a line
Ask me anything: An error occurred: EOF when reading a line
Ask me anything: An error occurred: EOF when reading a line
Ask me anything: An error occurred: EOF when reading a line
Ask me anything: An error occurred: EOF when reading a line
Ask me anything: An error occurred: EOF when reading a line
Ask me anything: An error occurred: EOF when reading a line
Ask me anything: An error occurred: EOF when reading a line
Ask me anything: An error occurred: EOF when reading a line
Ask me anything: An error occurred: EOF when reading a line
Ask me anything: An error occurred: EOF when reading a line
Ask me anything: An error occurred: EOF when reading a line
Ask me anything: An error occurred: EOF when reading a line
Ask me anything: An error occurred: EOF when reading a line
Ask me anything: An error occurred: EOF when reading a line
Ask me anything: An error occurred: EOF when reading a line
Ask me anything: An error occurred: EOF when reading a line
Ask me anything: An error occurred: EOF when reading a line
Ask me anything: An error occurred: EOF when reading a line
Ask me anything: An error occurred: EOF when reading a line
Ask me anything: An error occurred: EOF when reading a line
Ask me anything: An error occurred: EOF when reading a line
Ask me anything: An error occurred: EOF when reading a line
Ask me anything: An error occurred: EOF when reading a line
Ask me anything: An error occurred: EOF when reading a line
Ask me anything: An error occurred: EOF when reading a line
Ask me anything: An error occurred: EOF when reading a line
Ask me anything: An error occurred: EOF when reading a line
Ask me anything: An error occurred: EOF when reading a line
Ask me anything: An error occurred: EOF when reading a line
Ask me anything: An error occurred: EOF when reading a line
Ask me anything: An error occurred: EOF when reading a line
Ask me anything: An error occurred: EOF when reading a line
Ask me anything: An error occurred: EOF when reading a line
Ask me anything: An error occurred: EOF when reading a line
Ask me anything: An error occurred: EOF when reading a line
Ask me anything: An error occurred: EOF when reading a line
Ask me anything: An error occurred: EOF when reading a line
Ask me anything: An error occurred: EOF when reading a line
Ask me anything: An error occurred: EOF when reading a line
Ask me anything: An error occurred: EOF when reading a line
Ask me anything: An error occurred: EOF when reading a line
Ask me anything: An error occurred: EOF when reading a line
Ask me anything: An error occurred: EOF when reading a line
Ask me anything: An error occurred: EOF when reading a line
Ask me anything: An error occurred: EOF when reading a line
Ask me anything: An error occurred: EOF when reading a line
Ask me anything: An error occurred: EOF when reading a line
Ask me anything: An error occurred: EOF when reading a line
Ask me anything: An error occurred: EOF when reading a line
Ask me anything: An error occurred: EOF when reading a line
Ask me anything: An error occurred: EOF when reading a line
Ask me anything: An error occurred: EOF when reading a line
Ask me anything: An error occurred: EOF when reading a line
Ask me anything: An error occurred: EOF when reading a line
Ask me anything: An error occurred: EOF when reading a line
Ask me anything: An error occurred: EOF when reading a line
Ask me anything: An error occurred: EOF when reading a line
Ask me anything: An error occurred: EOF when reading a line
Ask me anything: An error occurred: EOF when reading a line
Ask me anything: An error occurred: EOF when reading a line
Ask me anything: An error occurred: EOF when reading a line
Ask me anything: An error occurred: EOF when reading a line
Ask me anything: An error occurred: EOF when reading a line
Ask me anything: An error occurred: EOF when reading a line
Ask me anything: An error occurred: EOF when reading a line
Ask me anything: An error occurred: EOF when reading a line
Ask me anything: An error occurred: EOF when reading a line
Ask me anything: An error occurred: EOF when reading a line
Ask me anything: An error occurred: EOF when reading a line
Ask me anything: An error occurred: EOF when reading a line
Ask me anything: An error occurred: EOF when reading a line
Ask me anything: An error occurred: EOF when reading a line
Ask me anything: An error occurred: EOF when reading a line
Ask me anything: An error occurred: EOF when reading a line
Ask me anything: An error occurred: EOF when reading a line
Ask me anything: An error occurred: EOF when reading a line
Ask me anything: An error occurred: EOF when reading a line
Ask me anything: An error occurred: EOF when reading a line
Ask me anything: An error occurred: EOF when reading a line
Ask me anything: An error occurred: EOF when reading a line
Ask me anything: An error occurred: EOF when reading a line
Ask me anything: An error occurred: EOF when reading a line
Ask me anything: An error occurred: EOF when reading a line
Ask me anything: An error occurred: EOF when reading a line
Ask me anything: An error occurred: EOF when reading a line
Ask me anything: An error occurred: EOF when reading a line
Ask me anything: An error occurred: EOF when reading a line
Ask me anything: An error occurred: EOF when reading a line
Ask me anything: An error occurred: EOF when reading a line
Ask me anything: An error occurred: EOF when reading a line
Ask me anything: An error occurred: EOF when reading a line
Ask me anything: An error occurred: EOF when reading a line
Ask me anything: An error occurred: EOF when reading a line
Ask me anything: An error occurred: EOF when reading a line
Ask me anything: An error occurred: EOF when reading a line
Ask me anything: An error occurred: EOF when reading a line
Ask me anything: An error occurred: EOF when reading a line
Ask me anything: An error occurred: EOF when reading a line
Ask me anything: An error occurred: EOF when reading a line
Ask me anything: An error occurred: EOF when reading a line
Ask me anything: An error occurred: EOF when reading a line
Ask me anything: An error occurred: EOF when reading a line
Ask me anything: An error occurred: EOF when reading a line
Ask me anything: An error occurred: EOF when reading a line
Ask me anything: An error occurred: EOF when reading a line
Ask me anything: An error occurred: EOF when reading a line
Ask me anything: An error occurred: EOF when reading a line
Ask me anything: An error occurred: EOF when reading a line
Ask me anything: An error occurred: EOF when reading a line
Ask me anything: An error occurred: EOF when reading a line
Ask me anything: An error occurred: EOF when reading a line
Ask me anything: An error occurred: EOF when reading a line
Ask me anything: An error occurred: EOF when reading a line
Ask me anything: An error occurred: EOF when reading a line
Ask me anything: An error occurred: EOF when reading a line
Ask me anything: An error occurred: EOF when reading a line
Ask me anything: An error occurred: EOF when reading a line
Ask me anything: An error occurred: EOF when reading a line
Ask me anything: An error occurred: EOF when reading a line
Ask me anything: An error occurred: EOF when reading a line
Ask me anything: An error occurred: EOF when reading a line
Ask me anything: An error occurred: EOF when reading a line
Ask me anything: An error occurred: EOF when reading a line
Ask me anything: An error occurred: EOF when reading a line
Ask me anything: An error occurred: EOF when reading a line
Ask me anything: An error occurred: EOF when reading a line
Ask me anything: An error occurred: EOF when reading a line
Ask me anything: An error occurred: EOF when reading a line
Ask me anything: An error occurred: EOF when reading a line
Ask me anything: An error occurred: EOF when reading a line
Ask me anything: An error occurred: EOF when reading a line
Ask me anything: An error occurred: EOF when reading a line
Ask me anything: An error occurred: EOF when reading a line
Ask me anything: An error occurred: EOF when reading a line
Ask me anything: An error occurred: EOF when reading a line
Ask me anything: An error occurred: EOF when reading a line
Ask me anything: An error occurred: EOF when reading a line
Ask me anything: An error occurred: EOF when reading a line
Ask me anything: An error occurred: EOF when reading a line
Ask me anything: An error occurred: EOF when reading a line
Ask me anything: An error occurred: EOF when reading a line
Ask me anything: An error occurred: EOF when reading a line
Ask me anything: An error occurred: EOF when reading a line
Ask me anything: An error occurred: EOF when reading a line
Ask me anything: An error occurred: EOF when reading a line
Ask me anything: An error occurred: EOF when reading a line
Ask me anything: An error occurred: EOF when reading a line
Ask me anything: An error occurred: EOF when reading a line
Ask me anything: An error occurred: EOF when reading a line
Ask me anything: An error occurred: EOF when reading a line
Ask me anything: An error occurred: EOF when reading a line
Ask me anything: An error occurred: EOF when reading a line
Ask me anything: An error occurred: EOF when reading a line
Ask me anything: An error occurred: EOF when reading a line
Ask me anything: An error occurred: EOF when reading a line
Ask me anything: An error occurred: EOF when reading a line
Ask me anything: An error occurred: EOF when reading a line
Ask me anything: An error occurred: EOF when reading a line
Ask me anything: An error occurred: EOF when reading a line
Ask me anything: An error occurred: EOF when reading a line
Ask me anything: An error occurred: EOF when reading a line
Ask me anything: An error occurred: EOF when reading a line
Ask me anything: An error occurred: EOF when reading a line
Ask me anything: An error occurred: EOF when reading a line
Ask me anything: An error occurred: EOF when reading a line
Ask me anything: An error occurred: EOF when reading a line
Ask me anything: An error occurred: EOF when reading a line
Ask me anything: An error occurred: EOF when reading a line
Ask me anything: An error occurred: EOF when reading a line
Ask me anything: An error occurred: EOF when reading a line
Ask me anything: An error occurred: EOF when reading a line
Ask me anything: An error occurred: EOF when reading a line
Ask me anything: An error occurred: EOF when reading a line
Ask me anything: An error occurred: EOF when reading a line
Ask me anything: An error occurred: EOF when reading a line
Ask me anything: An error occurred: EOF when reading a line
Ask me anything: An error occurred: EOF when reading a line
Ask me anything: An error occurred: EOF when reading a line
Ask me anything: An error occurred: EOF when reading a line
Ask me anything: An error occurred: EOF when reading a line
Ask me anything: An error occurred: EOF when reading a line
Ask me anything: An error occurred: EOF when reading a line
Ask me anything: An error occurred: EOF when reading a line
Ask me anything: An error occurred: EOF when reading a line
Ask me anything: An error occurred: EOF when reading a line
Ask me anything: An error occurred: EOF when reading a line
Ask me anything: An error occurred: EOF when reading a line
Ask me anything: An error occurred: EOF when reading a line
Ask me anything: An error occurred: EOF when reading a line
Ask me anything: An error occurred: EOF when reading a line
Ask me anything: An error occurred: EOF when reading a line
Ask me anything: An error occurred: EOF when reading a line
Ask me anything: An error occurred: EOF when reading a line
Ask me anything: An error occurred: EOF when reading a line
Ask me anything: An error occurred: EOF when reading a line
Ask me anything: An error occurred: EOF when reading a line
Ask me anything: An error occurred: EOF when reading a line
Ask me anything: An error occurred: EOF when reading a line
Ask me anything: An error occurred: EOF when reading a line
Ask me anything: An error occurred: EOF when reading a line
Ask me anything: An error occurred: EOF when reading a line
Ask me anything: An error occurred: EOF when reading a line
Ask me anything: An error occurred: EOF when reading a line
Ask me anything: An error occurred: EOF when reading a line
Ask me anything: An error occurred: EOF when reading a line
Ask me anything: An error occurred: EOF when reading a line
Ask me anything: An error occurred: EOF when reading a line
Ask me anything: An error occurred: EOF when reading a line
Ask me anything: An error occurred: EOF when reading a line
Ask me anything: An error occurred: EOF when reading a line
Ask me anything: An error occurred: EOF when reading a line
Ask me anything: An error occurred: EOF when reading a line
Ask me anything: An error occurred: EOF when reading a line
Ask me anything: An error occurred: EOF when reading a line
Ask me anything: An error occurred: EOF when reading a line
Ask me anything: An error occurred: EOF when reading a line
Ask me anything: An error occurred: EOF when reading a line
Ask me anything: An error occurred: EOF when reading a line
Ask me anything: An error occurred: EOF when reading a line
Ask me anything: An error occurred: EOF when reading a line
Ask me anything: An error occurred: EOF when reading a line
Ask me anything: An error occurred: EOF when reading a line
Ask me anything: An error occurred: EOF when reading a line
Ask me anything: An error occurred: EOF when reading a line
Ask me anything: An error occurred: EOF when reading a line
Ask me anything: An error occurred: EOF when reading a line
Ask me anything: An error occurred: EOF when reading a line
Ask me anything: An error occurred: EOF when reading a line
Ask me anything: An error occurred: EOF when reading a line
Ask me anything: An error occurred: EOF when reading a line
Ask me anything: An error occurred: EOF when reading a line
Ask me anything: An error occurred: EOF when reading a line
Ask me anything: An error occurred: EOF when reading a line
Ask me anything: An error occurred: EOF when reading a line
Ask me anything: An error occurred: EOF when reading a line
Ask me anything: An error occurred: EOF when reading a line
Ask me anything: An error occurred: EOF when reading a line
Ask me anything: An error occurred: EOF when reading a line
Ask me anything: An error occurred: EOF when reading a line
Ask me anything: An error occurred: EOF when reading a line
Ask me anything: An error occurred: EOF when reading a line
Ask me anything: An error occurred: EOF when reading a line
Ask me anything: An error occurred: EOF when reading a line
Ask me anything: An error occurred: EOF when reading a line
Ask me anything: An error occurred: EOF when reading a line
Ask me anything: An error occurred: EOF when reading a line
Ask me anything: An error occurred: EOF when reading a line
Ask me anything: An error occurred: EOF when reading a line
Ask me anything: An error occurred: EOF when reading a line
Ask me anything: An error occurred: EOF when reading a line
Ask me anything: An error occurred: EOF when reading a line
Ask me anything: An error occurred: EOF when reading a line
Ask me anything: An error occurred: EOF when reading a line
Ask me anything: An error occurred: EOF when reading a line
Ask me anything: An error occurred: EOF when reading a line
Ask me anything: An error occurred: EOF when reading a line
Ask me anything: An error occurred: EOF when reading a line
Ask me anything: An error occurred: EOF when reading a line
Ask me anything: An error occurred: EOF when reading a line
Ask me anything: An error occurred: EOF when reading a line
Ask me anything: An error occurred: EOF when reading a line
Ask me anything: An error occurred: EOF when reading a line
Ask me anything: An error occurred: EOF when reading a line
Ask me anything: An error occurred: EOF when reading a line
Ask me anything: An error occurred: EOF when reading a line
Ask me anything: An error occurred: EOF when reading a line
Ask me anything: An error occurred: EOF when reading a line
Ask me anything: An error occurred: EOF when reading a line
Ask me anything: An error occurred: EOF when reading a line
Ask me anything: An error occurred: EOF when reading a line
Ask me anything: An error occurred: EOF when reading a line
Ask me anything: An error occurred: EOF when reading a line
Ask me anything: An error occurred: EOF when reading a line
Ask me anything: An error occurred: EOF when reading a line
Ask me anything: An error occurred: EOF when reading a line
Ask me anything: An error occurred: EOF when reading a line
Ask me anything: An error occurred: EOF when reading a line
Ask me anything: An error occurred: EOF when reading a line
Ask me anything: An error occurred: EOF when reading a line
Ask me anything: An error occurred: EOF when reading a line
Ask me anything: An error occurred: EOF when reading a line
Ask me anything: An error occurred: EOF when reading a line
Ask me anything: An error occurred: EOF when reading a line
Ask me anything: An error occurred: EOF when reading a line
Ask me anything: An error occurred: EOF when reading a line
Ask me anything: An error occurred: EOF when reading a line
Ask me anything: An error occurred: EOF when reading a line
Ask me anything: An error occurred: EOF when reading a line
Ask me anything: An error occurred: EOF when reading a line
Ask me anything: An error occurred: EOF when reading a line
Ask me anything: An error occurred: EOF when reading a line
Ask me anything: An error occurred: EOF when reading a line
Ask me anything: An error occurred: EOF when reading a line
Ask me anything: An error occurred: EOF when reading a line
Ask me anything: An error occurred: EOF when reading a line
Ask me anything: An error occurred: EOF when reading a line
Ask me anything: An error occurred: EOF when reading a line
Ask me anything: An error occurred: EOF when reading a line
Ask me anything: An error occurred: EOF when reading a line
Ask me anything: An error occurred: EOF when reading a line
Ask me anything: An error occurred: EOF when reading a line
Ask me anything: An error occurred: EOF when reading a line
Ask me anything: An error occurred: EOF when reading a line
Ask me anything: An error occurred: EOF when reading a line
Ask me anything: An error occurred: EOF when reading a line
Ask me anything: An error occurred: EOF when reading a line
Ask me anything: An error occurred: EOF when reading a line
Ask me anything: An error occurred: EOF when reading a line
Ask me anything: An error occurred: EOF when reading a line
Ask me anything: An error occurred: EOF when reading a line
Ask me anything: An error occurred: EOF when reading a line
Ask me anything: An error occurred: EOF when reading a line
Ask me anything: An error occurred: EOF when reading a line
Ask me anything: An error occurred: EOF when reading a line
Ask me anything: An error occurred: EOF when reading a line
Ask me anything: An error occurred: EOF when reading a line
Ask me anything: An error occurred: EOF when reading a line
Ask me anything: An error occurred: EOF when reading a line
Ask me anything: An error occurred: EOF when reading a line
Ask me anything: An error occurred: EOF when reading a line
Ask me anything: An error occurred: EOF when reading a line
Ask me anything: An error occurred: EOF when reading a line
Ask me anything: An error occurred: EOF when reading a line
Ask me anything: An error occurred: EOF when reading a line
Ask me anything: An error occurred: EOF when reading a line
Ask me anything: An error occurred: EOF when reading a line
Ask me anything: An error occurred: EOF when reading a line
Ask me anything: An error occurred: EOF when reading a line
Ask me anything: An error occurred: EOF when reading a line
Ask me anything: An error occurred: EOF when reading a line
Ask me anything: An error occurred: EOF when reading a line
Ask me anything: An error occurred: EOF when reading a line
Ask me anything: An error occurred: EOF when reading a line
Ask me anything: An error occurred: EOF when reading a line
Ask me anything: An error occurred: EOF when reading a line
Ask me anything: An error occurred: EOF when reading a line
Ask me anything: An error occurred: EOF when reading a line
Ask me anything: An error occurred: EOF when reading a line
Ask me anything: An error occurred: EOF when reading a line
Ask me anything: An error occurred: EOF when reading a line
Ask me anything: An error occurred: EOF when reading a line
Ask me anything: An error occurred: EOF when reading a line
Ask me anything: An error occurred: EOF when reading a line
Ask me anything: An error occurred: EOF when reading a line
Ask me anything: An error occurred: EOF when reading a line
Ask me anything: An error occurred: EOF when reading a line
Ask me anything: An error occurred: EOF when reading a line
Ask me anything: An error occurred: EOF when reading a line
Ask me anything: An error occurred: EOF when reading a line
Ask me anything: An error occurred: EOF when reading a line
Ask me anything: An error occurred: EOF when reading a line
Ask me anything: An error occurred: EOF when reading a line
Ask me anything: An error occurred: EOF when reading a line
Ask me anything: An error occurred: EOF when reading a line
Ask me anything: An error occurred: EOF when reading a line
Ask me anything: An error occurred: EOF when reading a line
Ask me anything: An error occurred: EOF when reading a line
Ask me anything: An error occurred: EOF when reading a line
Ask me anything: An error occurred: EOF when reading a line
Ask me anything: An error occurred: EOF when reading a line
Ask me anything: An error occurred: EOF when reading a line
Ask me anything: An error occurred: EOF when reading a line
Ask me anything: An error occurred: EOF when reading a line
Ask me anything: An error occurred: EOF when reading a line
Ask me anything: An error occurred: EOF when reading a line
Ask me anything: An error occurred: EOF when reading a line
Ask me anything: An error occurred: EOF when reading a line
Ask me anything: An error occurred: EOF when reading a line
Ask me anything: An error occurred: EOF when reading a line
Ask me anything: An error occurred: EOF when reading a line
Ask me anything: An error occurred: EOF when reading a line
Ask me anything: An error occurred: EOF when reading a line
Ask me anything: An error occurred: EOF when reading a line
Ask me anything: An error occurred: EOF when reading a line
Ask me anything: An error occurred: EOF when reading a line
Ask me anything: An error occurred: EOF when reading a line
Ask me anything: An error occurred: EOF when reading a line
Ask me anything: An error occurred: EOF when reading a line
Ask me anything: An error occurred: EOF when reading a line
Ask me anything: An error occurred: EOF when reading a line
Ask me anything: An error occurred: EOF when reading a line
Ask me anything: An error occurred: EOF when reading a line
Ask me anything: An error occurred: EOF when reading a line
Ask me anything: An error occurred: EOF when reading a line
Ask me anything: An error occurred: EOF when reading a line
Ask me anything: An error occurred: EOF when reading a line
Ask me anything: An error occurred: EOF when reading a line
Ask me anything: An error occurred: EOF when reading a line
Ask me anything: An error occurred: EOF when reading a line
Ask me anything: An error occurred: EOF when reading a line
Ask me anything: An error occurred: EOF when reading a line
Ask me anything: An error occurred: EOF when reading a line
Ask me anything: An error occurred: EOF when reading a line
Ask me anything: An error occurred: EOF when reading a line
Ask me anything: An error occurred: EOF when reading a line
Ask me anything: An error occurred: EOF when reading a line
Ask me anything: An error occurred: EOF when reading a line
Ask me anything: An error occurred: EOF when reading a line
Ask me anything: An error occurred: EOF when reading a line
Ask me anything: An error occurred: EOF when reading a line
Ask me anything: An error occurred: EOF when reading a line
Ask me anything: An error occurred: EOF when reading a line
Ask me anything: An error occurred: EOF when reading a line
Ask me anything: An error occurred: EOF when reading a line
Ask me anything: An error occurred: EOF when reading a line
Ask me anything: An error occurred: EOF when reading a line
Ask me anything: An error occurred: EOF when reading a line
Ask me anything: An error occurred: EOF when reading a line
Ask me anything: An error occurred: EOF when reading a line
Ask me anything: An error occurred: EOF when reading a line
Ask me anything: An error occurred: EOF when reading a line
Ask me anything: An error occurred: EOF when reading a line
Ask me anything: An error occurred: EOF when reading a line
Ask me anything: An error occurred: EOF when reading a line
Ask me anything: An error occurred: EOF when reading a line
Ask me anything: An error occurred: EOF when reading a line
Ask me anything: An error occurred: EOF when reading a line
Ask me anything: An error occurred: EOF when reading a line
Ask me anything: An error occurred: EOF when reading a line
Ask me anything: An error occurred: EOF when reading a line
Ask me anything: An error occurred: EOF when reading a line
Ask me anything: An error occurred: EOF when reading a line
Ask me anything: An error occurred: EOF when reading a line
Ask me anything: An error occurred: EOF when reading a line
Ask me anything: An error occurred: EOF when reading a line
Ask me anything: An error occurred: EOF when reading a line
Ask me anything: An error occurred: EOF when reading a line
Ask me anything: An error occurred: EOF when reading a line
Ask me anything: An error occurred: EOF when reading a line
Ask me anything: An error occurred: EOF when reading a line
Ask me anything: An error occurred: EOF when reading a line
Ask me anything: An error occurred: EOF when reading a line
Ask me anything: An error occurred: EOF when reading a line
Ask me anything: An error occurred: EOF when reading a line
Ask me anything: An error occurred: EOF when reading a line
Ask me anything: An error occurred: EOF when reading a line
Ask me anything: An error occurred: EOF when reading a line
Ask me anything: An error occurred: EOF when reading a line
Ask me anything: An error occurred: EOF when reading a line
Ask me anything: An error occurred: EOF when reading a line
Ask me anything: An error occurred: EOF when reading a line
Ask me anything: An error occurred: EOF when reading a line
Ask me anything: An error occurred: EOF when reading a line
Ask me anything: An error occurred: EOF when reading a line
Ask me anything: An error occurred: EOF when reading a line
Ask me anything: An error occurred: EOF when reading a line
Ask me anything: An error occurred: EOF when reading a line
Ask me anything: An error occurred: EOF when reading a line
Ask me anything: An error occurred: EOF when reading a line
Ask me anything: An error occurred: EOF when reading a line
Ask me anything: An error occurred: EOF when reading a line
Ask me anything: An error occurred: EOF when reading a line
Ask me anything: An error occurred: EOF when reading a line
Ask me anything: An error occurred: EOF when reading a line
Ask me anything: An error occurred: EOF when reading a line
Ask me anything: An error occurred: EOF when reading a line
Ask me anything: An error occurred: EOF when reading a line
Ask me anything: An error occurred: EOF when reading a line
Ask me anything: An error occurred: EOF when reading a line
Ask me anything: An error occurred: EOF when reading a line
Ask me anything: An error occurred: EOF when reading a line
Ask me anything: An error occurred: EOF when reading a line
Ask me anything: An error occurred: EOF when reading a line
Ask me anything: An error occurred: EOF when reading a line
Ask me anything: An error occurred: EOF when reading a line
Ask me anything: An error occurred: EOF when reading a line
Ask me anything: An error occurred: EOF when reading a line
Ask me anything: An error occurred: EOF when reading a line
Ask me anything: An error occurred: EOF when reading a line
Ask me anything: An error occurred: EOF when reading a line
Ask me anything: An error occurred: EOF when reading a line
Ask me anything: An error occurred: EOF when reading a line
Ask me anything: An error occurred: EOF when reading a line
Ask me anything: An error occurred: EOF when reading a line
Ask me anything: An error occurred: EOF when reading a line
Ask me anything: An error occurred: EOF when reading a line
Ask me anything: An error occurred: EOF when reading a line
Ask me anything: An error occurred: EOF when reading a line
Ask me anything: An error occurred: EOF when reading a line
Ask me anything: An error occurred: EOF when reading a line
Ask me anything: An error occurred: EOF when reading a line
Ask me anything: An error occurred: EOF when reading a line
Ask me anything: An error occurred: EOF when reading a line
Ask me anything: An error occurred: EOF when reading a line
Ask me anything: An error occurred: EOF when reading a line
Ask me anything: An error occurred: EOF when reading a line
Ask me anything: An error occurred: EOF when reading a line
Ask me anything: An error occurred: EOF when reading a line
Ask me anything: An error occurred: EOF when reading a line
Ask me anything: An error occurred: EOF when reading a line
Ask me anything: An error occurred: EOF when reading a line
Ask me anything: An error occurred: EOF when reading a line
Ask me anything: An error occurred: EOF when reading a line
Ask me anything: An error occurred: EOF when reading a line
Ask me anything: An error occurred: EOF when reading a line
Ask me anything: An error occurred: EOF when reading a line
Ask me anything: An error occurred: EOF when reading a line
Ask me anything: An error occurred: EOF when reading a line
Ask me anything: An error occurred: EOF when reading a line
Ask me anything: An error occurred: EOF when reading a line
Ask me anything: An error occurred: EOF when reading a line
Ask me anything: An error occurred: EOF when reading a line
Ask me anything: An error occurred: EOF when reading a line
Ask me anything: An error occurred: EOF when reading a line
Ask me anything: An error occurred: EOF when reading a line
Ask me anything: An error occurred: EOF when reading a line
Ask me anything: An error occurred: EOF when reading a line
Ask me anything: An error occurred: EOF when reading a line
Ask me anything: An error occurred: EOF when reading a line
Ask me anything: An error occurred: EOF when reading a line
Ask me anything: An error occurred: EOF when reading a line
Ask me anything: An error occurred: EOF when reading a line
Ask me anything: An error occurred: EOF when reading a line
Ask me anything: An error occurred: EOF when reading a line
Ask me anything: An error occurred: EOF when reading a line
Ask me anything: An error occurred: EOF when reading a line
Ask me anything: An error occurred: EOF when reading a line
Ask me anything: An error occurred: EOF when reading a line
Ask me anything: An error occurred: EOF when reading a line
Ask me anything: An error occurred: EOF when reading a line
Ask me anything: An error occurred: EOF when reading a line
Ask me anything: An error occurred: EOF when reading a line
Ask me anything: An error occurred: EOF when reading a line
Ask me anything: An error occurred: EOF when reading a line
Ask me anything: An error occurred: EOF when reading a line
Ask me anything: An error occurred: EOF when reading a line
Ask me anything: An error occurred: EOF when reading a line
Ask me anything: An error occurred: EOF when reading a line
Ask me anything: An error occurred: EOF when reading a line
Ask me anything: An error occurred: EOF when reading a line
Ask me anything: An error occurred: EOF when reading a line
Ask me anything: An error occurred: EOF when reading a line
Ask me anything: An error occurred: EOF when reading a line
Ask me anything: An error occurred: EOF when reading a line
Ask me anything: An error occurred: EOF when reading a line
Ask me anything: An error occurred: EOF when reading a line
Ask me anything: An error occurred: EOF when reading a line
Ask me anything: An error occurred: EOF when reading a line
Ask me anything: An error occurred: EOF when reading a line
Ask me anything: An error occurred: EOF when reading a line
Ask me anything: An error occurred: EOF when reading a line
Ask me anything: An error occurred: EOF when reading a line
Ask me anything: An error occurred: EOF when reading a line
Ask me anything: An error occurred: EOF when reading a line
Ask me anything: An error occurred: EOF when reading a line
Ask me anything: An error occurred: EOF when reading a line
Ask me anything: An error occurred: EOF when reading a line
Ask me anything: An error occurred: EOF when reading a line
Ask me anything: An error occurred: EOF when reading a line
Ask me anything: An error occurred: EOF when reading a line
Ask me anything: An error occurred: EOF when reading a line
Ask me anything: An error occurred: EOF when reading a line
Ask me anything: An error occurred: EOF when reading a line
Ask me anything: An error occurred: EOF when reading a line
Ask me anything: An error occurred: EOF when reading a line
Ask me anything: An error occurred: EOF when reading a line
Ask me anything: An error occurred: EOF when reading a line
Ask me anything: An error occurred: EOF when reading a line
Ask me anything: An error occurred: EOF when reading a line
Ask me anything: An error occurred: EOF when reading a line
Ask me anything: An error occurred: EOF when reading a line
Ask me anything: An error occurred: EOF when reading a line
Ask me anything: An error occurred: EOF when reading a line
Ask me anything: An error occurred: EOF when reading a line
Ask me anything: An error occurred: EOF when reading a line
Ask me anything: An error occurred: EOF when reading a line
Ask me anything: An error occurred: EOF when reading a line
Ask me anything: An error occurred: EOF when reading a line
Ask me anything: An error occurred: EOF when reading a line
Ask me anything: An error occurred: EOF when reading a line
Ask me anything: An error occurred: EOF when reading a line
Ask me anything: An error occurred: EOF when reading a line
Ask me anything: An error occurred: EOF when reading a line
Ask me anything: An error occurred: EOF when reading a line
Ask me anything: An error occurred: EOF when reading a line
Ask me anything: An error occurred: EOF when reading a line
Ask me anything: An error occurred: EOF when reading a line
Ask me anything: An error occurred: EOF when reading a line
Ask me anything: An error occurred: EOF when reading a line
Ask me anything: An error occurred: EOF when reading a line
Ask me anything: An error occurred: EOF when reading a line
Ask me anything: An error occurred: EOF when reading a line
Ask me anything: An error occurred: EOF when reading a line
Ask me anything: An error occurred: EOF when reading a line
Ask me anything: An error occurred: EOF when reading a line
Ask me anything: An error occurred: EOF when reading a line
Ask me anything: An error occurred: EOF when reading a line
Ask me anything: An error occurred: EOF when reading a line
Ask me anything: An error occurred: EOF when reading a line
Ask me anything: An error occurred: EOF when reading a line
Ask me anything: An error occurred: EOF when reading a line
Ask me anything: An error occurred: EOF when reading a line
Ask me anything: An error occurred: EOF when reading a line
Ask me anything: An error occurred: EOF when reading a line
Ask me anything: An error occurred: EOF when reading a line
Ask me anything: An error occurred: EOF when reading a line
Ask me anything: An error occurred: EOF when reading a line
Ask me anything: An error occurred: EOF when reading a line
Ask me anything: An error occurred: EOF when reading a line
Ask me anything: An error occurred: EOF when reading a line
Ask me anything: An error occurred: EOF when reading a line
Ask me anything: An error occurred: EOF when reading a line
Ask me anything: An error occurred: EOF when reading a line
Ask me anything: An error occurred: EOF when reading a line
Ask me anything: An error occurred: EOF when reading a line
Ask me anything: An error occurred: EOF when reading a line
Ask me anything: An error occurred: EOF when reading a line
Ask me anything: An error occurred: EOF when reading a line
Ask me anything: An error occurred: EOF when reading a line
Ask me anything: An error occurred: EOF when reading a line
Ask me anything: An error occurred: EOF when reading a line
Ask me anything: An error occurred: EOF when reading a line
Ask me anything: An error occurred: EOF when reading a line
Ask me anything: An error occurred: EOF when reading a line
Ask me anything: An error occurred: EOF when reading a line
Ask me anything: An error occurred: EOF when reading a line
Ask me anything: An error occurred: EOF when reading a line
Ask me anything: An error occurred: EOF when reading a line
Ask me anything: An error occurred: EOF when reading a line
Ask me anything: An error occurred: EOF when reading a line
Ask me anything: An error occurred: EOF when reading a line
Ask me anything: An error occurred: EOF when reading a line
Ask me anything: An error occurred: EOF when reading a line
Ask me anything: An error occurred: EOF when reading a line
Ask me anything: An error occurred: EOF when reading a line
Ask me anything: An error occurred: EOF when reading a line
Ask me anything: An error occurred: EOF when reading a line
Ask me anything: An error occurred: EOF when reading a line
Ask me anything: An error occurred: EOF when reading a line
Ask me anything: An error occurred: EOF when reading a line
Ask me anything: An error occurred: EOF when reading a line
Ask me anything: An error occurred: EOF when reading a line
Ask me anything: An error occurred: EOF when reading a line
Ask me anything: An error occurred: EOF when reading a line
Ask me anything: An error occurred: EOF when reading a line
Ask me anything: An error occurred: EOF when reading a line
Ask me anything: An error occurred: EOF when reading a line
Ask me anything: An error occurred: EOF when reading a line
Ask me anything: An error occurred: EOF when reading a line
Ask me anything: An error occurred: EOF when reading a line
Ask me anything: An error occurred: EOF when reading a line
Ask me anything: An error occurred: EOF when reading a line
Ask me anything: An error occurred: EOF when reading a line
Ask me anything: An error occurred: EOF when reading a line
Ask me anything: An error occurred: EOF when reading a line
Ask me anything: An error occurred: EOF when reading a line
Ask me anything: An error occurred: EOF when reading a line
Ask me anything: An error occurred: EOF when reading a line
Ask me anything: An error occurred: EOF when reading a line
Ask me anything: An error occurred: EOF when reading a line
Ask me anything: An error occurred: EOF when reading a line
Ask me anything: An error occurred: EOF when reading a line
Ask me anything: An error occurred: EOF when reading a line
Ask me anything: An error occurred: EOF when reading a line
Ask me anything: An error occurred: EOF when reading a line
Ask me anything: An error occurred: EOF when reading a line
Ask me anything: An error occurred: EOF when reading a line
Ask me anything: An error occurred: EOF when reading a line
Ask me anything: An error occurred: EOF when reading a line
Ask me anything: An error occurred: EOF when reading a line
Ask me anything: An error occurred: EOF when reading a line
Ask me anything: An error occurred: EOF when reading a line
Ask me anything: An error occurred: EOF when reading a line
Ask me anything: An error occurred: EOF when reading a line
Ask me anything: An error occurred: EOF when reading a line
Ask me anything: An error occurred: EOF when reading a line
Ask me anything: An error occurred: EOF when reading a line
Ask me anything: An error occurred: EOF when reading a line
Ask me anything: An error occurred: EOF when reading a line
Ask me anything: An error occurred: EOF when reading a line
Ask me anything: An error occurred: EOF when reading a line
Ask me anything: An error occurred: EOF when reading a line
Ask me anything: An error occurred: EOF when reading a line
Ask me anything: An error occurred: EOF when reading a line
Ask me anything: An error occurred: EOF when reading a line
Ask me anything: An error occurred: EOF when reading a line
Ask me anything: An error occurred: EOF when reading a line
Ask me anything: An error occurred: EOF when reading a line
Ask me anything: An error occurred: EOF when reading a line
Ask me anything: An error occurred: EOF when reading a line
Ask me anything: An error occurred: EOF when reading a line
Ask me anything: An error occurred: EOF when reading a line
Ask me anything: An error occurred: EOF when reading a line
Ask me anything: An error occurred: EOF when reading a line
Ask me anything: An error occurred: EOF when reading a line
Ask me anything: An error occurred: EOF when reading a line
Ask me anything: An error occurred: EOF when reading a line
Ask me anything: An error occurred: EOF when reading a line
Ask me anything: An error occurred: EOF when reading a line
Ask me anything: An error occurred: EOF when reading a line
Ask me anything: An error occurred: EOF when reading a line
Ask me anything: An error occurred: EOF when reading a line
Ask me anything: An error occurred: EOF when reading a line
Ask me anything: An error occurred: EOF when reading a line
Ask me anything: An error occurred: EOF when reading a line
Ask me anything: An error occurred: EOF when reading a line
Ask me anything: An error occurred: EOF when reading a line
Ask me anything: An error occurred: EOF when reading a line
Ask me anything: An error occurred: EOF when reading a line
Ask me anything: An error occurred: EOF when reading a line
Ask me anything: An error occurred: EOF when reading a line
Ask me anything: An error occurred: EOF when reading a line
Ask me anything: An error occurred: EOF when reading a line
Ask me anything: An error occurred: EOF when reading a line
Ask me anything: An error occurred: EOF when reading a line
Ask me anything: An error occurred: EOF when reading a line
Ask me anything: An error occurred: EOF when reading a line
Ask me anything: An error occurred: EOF when reading a line
Ask me anything: An error occurred: EOF when reading a line
Ask me anything: An error occurred: EOF when reading a line
Ask me anything: An error occurred: EOF when reading a line
Ask me anything: An error occurred: EOF when reading a line
Ask me anything: An error occurred: EOF when reading a line
Ask me anything: An error occurred: EOF when reading a line
Ask me anything: An error occurred: EOF when reading a line
Ask me anything: An error occurred: EOF when reading a line
Ask me anything: An error occurred: EOF when reading a line
Ask me anything: An error occurred: EOF when reading a line
Ask me anything: An error occurred: EOF when reading a line
Ask me anything: An error occurred: EOF when reading a line
Ask me anything: An error occurred: EOF when reading a line
Ask me anything: An error occurred: EOF when reading a line
Ask me anything: An error occurred: EOF when reading a line
Ask me anything: An error occurred: EOF when reading a line
Ask me anything: An error occurred: EOF when reading a line
Ask me anything: An error occurred: EOF when reading a line
Ask me anything: An error occurred: EOF when reading a line
Ask me anything: An error occurred: EOF when reading a line
Ask me anything: An error occurred: EOF when reading a line
Ask me anything: An error occurred: EOF when reading a line
Ask me anything: An error occurred: EOF when reading a line
Ask me anything: An error occurred: EOF when reading a line
Ask me anything: An error occurred: EOF when reading a line
Ask me anything: An error occurred: EOF when reading a line
Ask me anything: An error occurred: EOF when reading a line
Ask me anything: An error occurred: EOF when reading a line
Ask me anything: An error occurred: EOF when reading a line
Ask me anything: An error occurred: EOF when reading a line
Ask me anything: An error occurred: EOF when reading a line
Ask me anything: An error occurred: EOF when reading a line
Ask me anything: An error occurred: EOF when reading a line
Ask me anything: An error occurred: EOF when reading a line
Ask me anything: An error occurred: EOF when reading a line
Ask me anything: An error occurred: EOF when reading a line
Ask me anything: An error occurred: EOF when reading a line
Ask me anything: An error occurred: EOF when reading a line
Ask me anything: An error occurred: EOF when reading a line
Ask me anything: An error occurred: EOF when reading a line
Ask me anything: An error occurred: EOF when reading a line
Ask me anything: An error occurred: EOF when reading a line
Ask me anything: An error occurred: EOF when reading a line
Ask me anything: An error occurred: EOF when reading a line
Ask me anything: An error occurred: EOF when reading a line
Ask me anything: An error occurred: EOF when reading a line
Ask me anything: An error occurred: EOF when reading a line
Ask me anything: An error occurred: EOF when reading a line
Ask me anything: An error occurred: EOF when reading a line
Ask me anything: An error occurred: EOF when reading a line
Ask me anything: An error occurred: EOF when reading a line
Ask me anything: An error occurred: EOF when reading a line
Ask me anything: An error occurred: EOF when reading a line
Ask me anything: An error occurred: EOF when reading a line
Ask me anything: An error occurred: EOF when reading a line
Ask me anything: An error occurred: EOF when reading a line
Ask me anything: An error occurred: EOF when reading a line
Ask me anything: An error occurred: EOF when reading a line
Ask me anything: An error occurred: EOF when reading a line
Ask me anything: An error occurred: EOF when reading a line
Ask me anything: An error occurred: EOF when reading a line
Ask me anything: An error occurred: EOF when reading a line
Ask me anything: An error occurred: EOF when reading a line
Ask me anything: An error occurred: EOF when reading a line
Ask me anything: An error occurred: EOF when reading a line
Ask me anything: An error occurred: EOF when reading a line
Ask me anything: An error occurred: EOF when reading a line
Ask me anything: An error occurred: EOF when reading a line
Ask me anything: An error occurred: EOF when reading a line
Ask me anything: An error occurred: EOF when reading a line
Ask me anything: An error occurred: EOF when reading a line
Ask me anything: An error occurred: EOF when reading a line
Ask me anything: An error occurred: EOF when reading a line
Ask me anything: An error occurred: EOF when reading a line
Ask me anything: An error occurred: EOF when reading a line
Ask me anything: An error occurred: EOF when reading a line
Ask me anything: An error occurred: EOF when reading a line
Ask me anything: An error occurred: EOF when reading a line
Ask me anything: An error occurred: EOF when reading a line
Ask me anything: An error occurred: EOF when reading a line
Ask me anything: An error occurred: EOF when reading a line
Ask me anything: An error occurred: EOF when reading a line
Ask me anything: An error occurred: EOF when reading a line
Ask me anything: An error occurred: EOF when reading a line
Ask me anything: An error occurred: EOF when reading a line
Ask me anything: An error occurred: EOF when reading a line
Ask me anything: An error occurred: EOF when reading a line
Ask me anything: An error occurred: EOF when reading a line
Ask me anything: An error occurred: EOF when reading a line
Ask me anything: An error occurred: EOF when reading a line
Ask me anything: An error occurred: EOF when reading a line
Ask me anything: An error occurred: EOF when reading a line
Ask me anything: An error occurred: EOF when reading a line
Ask me anything: An error occurred: EOF when reading a line
Ask me anything: An error occurred: EOF when reading a line
Ask me anything: An error occurred: EOF when reading a line
Ask me anything: An error occurred: EOF when reading a line
Ask me anything: An error occurred: EOF when reading a line
Ask me anything: An error occurred: EOF when reading a line
Ask me anything: An error occurred: EOF when reading a line
Ask me anything: An error occurred: EOF when reading a line
Ask me anything: An error occurred: EOF when reading a line
Ask me anything: An error occurred: EOF when reading a line
Ask me anything: An error occurred: EOF when reading a line
Ask me anything: An error occurred: EOF when reading a line
Ask me anything: An error occurred: EOF when reading a line
Ask me anything: An error occurred: EOF when reading a line
Ask me anything: An error occurred: EOF when reading a line
Ask me anything: An error occurred: EOF when reading a line
Ask me anything: An error occurred: EOF when reading a line
Ask me anything: An error occurred: EOF when reading a line
Ask me anything: An error occurred: EOF when reading a line
Ask me anything: An error occurred: EOF when reading a line
Ask me anything: An error occurred: EOF when reading a line
Ask me anything: An error occurred: EOF when reading a line
Ask me anything: An error occurred: EOF when reading a line
Ask me anything: An error occurred: EOF when reading a line
Ask me anything: An error occurred: EOF when reading a line
Ask me anything: An error occurred: EOF when reading a line
Ask me anything: An error occurred: EOF when reading a line
Ask me anything: An error occurred: EOF when reading a line
Ask me anything: An error occurred: EOF when reading a line
Ask me anything: An error occurred: EOF when reading a line
Ask me anything: An error occurred: EOF when reading a line
Ask me anything: An error occurred: EOF when reading a line
Ask me anything: An error occurred: EOF when reading a line
Ask me anything: An error occurred: EOF when reading a line
Ask me anything: An error occurred: EOF when reading a line
Ask me anything: An error occurred: EOF when reading a line
Ask me anything: An error occurred: EOF when reading a line
Ask me anything: An error occurred: EOF when reading a line
Ask me anything: An error occurred: EOF when reading a line
Ask me anything: An error occurred: EOF when reading a line
Ask me anything: An error occurred: EOF when reading a line
Ask me anything: An error occurred: EOF when reading a line
Ask me anything: An error occurred: EOF when reading a line
Ask me anything: An error occurred: EOF when reading a line
Ask me anything: An error occurred: EOF when reading a line
Ask me anything: An error occurred: EOF when reading a line
Ask me anything: An error occurred: EOF when reading a line
Ask me anything: An error occurred: EOF when reading a line
Ask me anything: An error occurred: EOF when reading a line
Ask me anything: An error occurred: EOF when reading a line
Ask me anything: An error occurred: EOF when reading a line
Ask me anything: An error occurred: EOF when reading a line
Ask me anything: An error occurred: EOF when reading a line
Ask me anything: An error occurred: EOF when reading a line
Ask me anything: An error occurred: EOF when reading a line
Ask me anything: An error occurred: EOF when reading a line
Ask me anything: An error occurred: EOF when reading a line
Ask me anything: An error occurred: EOF when reading a line
Ask me anything: An error occurred: EOF when reading a line
Ask me anything: An error occurred: EOF when reading a line
Ask me anything: An error occurred: EOF when reading a line
Ask me anything: An error occurred: EOF when reading a line
Ask me anything: An error occurred: EOF when reading a line
Ask me anything: An error occurred: EOF when reading a line
Ask me anything: An error occurred: EOF when reading a line
Ask me anything: An error occurred: EOF when reading a line
Ask me anything: An error occurred: EOF when reading a line
Ask me anything: An error occurred: EOF when reading a line
Ask me anything: An error occurred: EOF when reading a line
Ask me anything: An error occurred: EOF when reading a line
Ask me anything: An error occurred: EOF when reading a line
Ask me anything: An error occurred: EOF when reading a line
Ask me anything: An error occurred: EOF when reading a line
Ask me anything: An error occurred: EOF when reading a line
Ask me anything: An error occurred: EOF when reading a line
Ask me anything: An error occurred: EOF when reading a line
Ask me anything: An error occurred: EOF when reading a line
Ask me anything: An error occurred: EOF when reading a line
Ask me anything: An error occurred: EOF when reading a line
Ask me anything: An error occurred: EOF when reading a line
Ask me anything: An error occurred: EOF when reading a line
Ask me anything: An error occurred: EOF when reading a line
Ask me anything: An error occurred: EOF when reading a line
Ask me anything: An error occurred: EOF when reading a line
Ask me anything: An error occurred: EOF when reading a line
Ask me anything: An error occurred: EOF when reading a line
Ask me anything: An error occurred: EOF when reading a line
Ask me anything: An error occurred: EOF when reading a line
Ask me anything: An error occurred: EOF when reading a line
Ask me anything: An error occurred: EOF when reading a line
Ask me anything: An error occurred: EOF when reading a line
Ask me anything: An error occurred: EOF when reading a line
Ask me anything: An error occurred: EOF when reading a line
Ask me anything: An error occurred: EOF when reading a line
Ask me anything: An error occurred: EOF when reading a line
Ask me anything: An error occurred: EOF when reading a line
Ask me anything: An error occurred: EOF when reading a line
Ask me anything: An error occurred: EOF when reading a line
Ask me anything: An error occurred: EOF when reading a line
Ask me anything: An error occurred: EOF when reading a line
Ask me anything: An error occurred: EOF when reading a line
Ask me anything: An error occurred: EOF when reading a line
Ask me anything: An error occurred: EOF when reading a line
Ask me anything: An error occurred: EOF when reading a line
Ask me anything: An error occurred: EOF when reading a line
Ask me anything: An error occurred: EOF when reading a line
Ask me anything: An error occurred: EOF when reading a line
Ask me anything: An error occurred: EOF when reading a line
Ask me anything: An error occurred: EOF when reading a line
Ask me anything: An error occurred: EOF when reading a line
Ask me anything: An error occurred: EOF when reading a line
Ask me anything: An error occurred: EOF when reading a line
Ask me anything: An error occurred: EOF when reading a line
Ask me anything: An error occurred: EOF when reading a line
Ask me anything: An error occurred: EOF when reading a line
Ask me anything: An error occurred: EOF when reading a line
Ask me anything: An error occurred: EOF when reading a line
Ask me anything: An error occurred: EOF when reading a line
Ask me anything: An error occurred: EOF when reading a line
Ask me anything: An error occurred: EOF when reading a line
Ask me anything: An error occurred: EOF when reading a line
Ask me anything: An error occurred: EOF when reading a line
Ask me anything: An error occurred: EOF when reading a line
Ask me anything: An error occurred: EOF when reading a line
Ask me anything: An error occurred: EOF when reading a line
Ask me anything: An error occurred: EOF when reading a line
Ask me anything: An error occurred: EOF when reading a line
Ask me anything: An error occurred: EOF when reading a line
Ask me anything: An error occurred: EOF when reading a line
Ask me anything: An error occurred: EOF when reading a line
Ask me anything: An error occurred: EOF when reading a line
Ask me anything: An error occurred: EOF when reading a line
Ask me anything: An error occurred: EOF when reading a line
Ask me anything: An error occurred: EOF when reading a line
Ask me anything: An error occurred: EOF when reading a line
Ask me anything: An error occurred: EOF when reading a line
Ask me anything: An error occurred: EOF when reading a line
Ask me anything: An error occurred: EOF when reading a line
Ask me anything: An error occurred: EOF when reading a line
Ask me anything: An error occurred: EOF when reading a line
Ask me anything: An error occurred: EOF when reading a line
Ask me anything: An error occurred: EOF when reading a line
Ask me anything: An error occurred: EOF when reading a line
Ask me anything: An error occurred: EOF when reading a line
Ask me anything: An error occurred: EOF when reading a line
Ask me anything: An error occurred: EOF when reading a line
Ask me anything: An error occurred: EOF when reading a line
Ask me anything: An error occurred: EOF when reading a line
Ask me anything: An error occurred: EOF when reading a line
Ask me anything: An error occurred: EOF when reading a line
Ask me anything: An error occurred: EOF when reading a line
Ask me anything: An error occurred: EOF when reading a line
Ask me anything: An error occurred: EOF when reading a line
Ask me anything: An error occurred: EOF when reading a line
Ask me anything: An error occurred: EOF when reading a line
Ask me anything: An error occurred: EOF when reading a line
Ask me anything: An error occurred: EOF when reading a line
Ask me anything: An error occurred: EOF when reading a line
Ask me anything: An error occurred: EOF when reading a line
Ask me anything: An error occurred: EOF when reading a line
Ask me anything: An error occurred: EOF when reading a line
Ask me anything: An error occurred: EOF when reading a line
Ask me anything: An error occurred: EOF when reading a line
Ask me anything: An error occurred: EOF when reading a line
Ask me anything: An error occurred: EOF when reading a line
Ask me anything: An error occurred: EOF when reading a line
Ask me anything: An error occurred: EOF when reading a line
Ask me anything: An error occurred: EOF when reading a line
Ask me anything: An error occurred: EOF when reading a line
Ask me anything: An error occurred: EOF when reading a line
Ask me anything: An error occurred: EOF when reading a line
Ask me anything: An error occurred: EOF when reading a line
Ask me anything: An error occurred: EOF when reading a line
Ask me anything: An error occurred: EOF when reading a line
Ask me anything: An error occurred: EOF when reading a line
Ask me anything: An error occurred: EOF when reading a line
Ask me anything: An error occurred: EOF when reading a line
Ask me anything: An error occurred: EOF when reading a line
Ask me anything: An error occurred: EOF when reading a line
Ask me anything: An error occurred: EOF when reading a line
Ask me anything: An error occurred: EOF when reading a line
Ask me anything: An error occurred: EOF when reading a line
Ask me anything: An error occurred: EOF when reading a line
Ask me anything: An error occurred: EOF when reading a line
Ask me anything: An error occurred: EOF when reading a line
Ask me anything: An error occurred: EOF when reading a line
Ask me anything: An error occurred: EOF when reading a line
Ask me anything: An error occurred: EOF when reading a line
Ask me anything: An error occurred: EOF when reading a line
Ask me anything: An error occurred: EOF when reading a line
Ask me anything: An error occurred: EOF when reading a line
Ask me anything: An error occurred: EOF when reading a line
Ask me anything: An error occurred: EOF when reading a line
Ask me anything: An error occurred: EOF when reading a line
Ask me anything: An error occurred: EOF when reading a line
Ask me anything: An error occurred: EOF when reading a line
Ask me anything: An error occurred: EOF when reading a line
Ask me anything: An error occurred: EOF when reading a line
Ask me anything: An error occurred: EOF when reading a line
Ask me anything: An error occurred: EOF when reading a line
Ask me anything: An error occurred: EOF when reading a line
Ask me anything: An error occurred: EOF when reading a line
Ask me anything: An error occurred: EOF when reading a line
Ask me anything: An error occurred: EOF when reading a line
Ask me anything: An error occurred: EOF when reading a line
Ask me anything: An error occurred: EOF when reading a line
Ask me anything: An error occurred: EOF when reading a line
Ask me anything: An error occurred: EOF when reading a line
Ask me anything: An error occurred: EOF when reading a line
Ask me anything: An error occurred: EOF when reading a line
Ask me anything: An error occurred: EOF when reading a line
Ask me anything: An error occurred: EOF when reading a line
Ask me anything: An error occurred: EOF when reading a line
Ask me anything: An error occurred: EOF when reading a line
Ask me anything: An error occurred: EOF when reading a line
Ask me anything: An error occurred: EOF when reading a line
Ask me anything: An error occurred: EOF when reading a line
Ask me anything: An error occurred: EOF when reading a line
Ask me anything: An error occurred: EOF when reading a line
Ask me anything: An error occurred: EOF when reading a line
Ask me anything: An error occurred: EOF when reading a line
Ask me anything: An error occurred: EOF when reading a line
Ask me anything: An error occurred: EOF when reading a line
Ask me anything: An error occurred: EOF when reading a line
Ask me anything: An error occurred: EOF when reading a line
Ask me anything: An error occurred: EOF when reading a line
Ask me anything: An error occurred: EOF when reading a line
Ask me anything: An error occurred: EOF when reading a line
Ask me anything: An error occurred: EOF when reading a line
Ask me anything: An error occurred: EOF when reading a line
Ask me anything: An error occurred: EOF when reading a line
Ask me anything: An error occurred: EOF when reading a line
Ask me anything: An error occurred: EOF when reading a line
Ask me anything: An error occurred: EOF when reading a line
Ask me anything: An error occurred: EOF when reading a line
Ask me anything: An error occurred: EOF when reading a line
Ask me anything: An error occurred: EOF when reading a line
Ask me anything: An error occurred: EOF when reading a line
Ask me anything: An error occurred: EOF when reading a line
Ask me anything: An error occurred: EOF when reading a line
Ask me anything: An error occurred: EOF when reading a line
Ask me anything: An error occurred: EOF when reading a line
Ask me anything: An error occurred: EOF when reading a line
Ask me anything: An error occurred: EOF when reading a line
Ask me anything: An error occurred: EOF when reading a line
Ask me anything: An error occurred: EOF when reading a line
Ask me anything: An error occurred: EOF when reading a line
Ask me anything: An error occurred: EOF when reading a line
Ask me anything: An error occurred: EOF when reading a line
Ask me anything: An error occurred: EOF when reading a line
Ask me anything: An error occurred: EOF when reading a line
Ask me anything: An error occurred: EOF when reading a line
Ask me anything: An error occurred: EOF when reading a line
Ask me anything: An error occurred: EOF when reading a line
Ask me anything: An error occurred: EOF when reading a line
Ask me anything: An error occurred: EOF when reading a line
Ask me anything: An error occurred: EOF when reading a line
Ask me anything: An error occurred: EOF when reading a line
Ask me anything: An error occurred: EOF when reading a line
Ask me anything: An error occurred: EOF when reading a line
Ask me anything: An error occurred: EOF when reading a line
Ask me anything: An error occurred: EOF when reading a line
Ask me anything: An error occurred: EOF when reading a line
Ask me anything: An error occurred: EOF when reading a line
Ask me anything: An error occurred: EOF when reading a line
Ask me anything: An error occurred: EOF when reading a line
Ask me anything: An error occurred: EOF when reading a line
Ask me anything: An error occurred: EOF when reading a line
Ask me anything: An error occurred: EOF when reading a line
Ask me anything: An error occurred: EOF when reading a line
Ask me anything: An error occurred: EOF when reading a line
Ask me anything: An error occurred: EOF when reading a line
Ask me anything: An error occurred: EOF when reading a line
Ask me anything: An error occurred: EOF when reading a line
Ask me anything: An error occurred: EOF when reading a line
Ask me anything: An error occurred: EOF when reading a line
Ask me anything: An error occurred: EOF when reading a line
Ask me anything: An error occurred: EOF when reading a line
Ask me anything: An error occurred: EOF when reading a line
Ask me anything: An error occurred: EOF when reading a line
Ask me anything: An error occurred: EOF when reading a line
Ask me anything: An error occurred: EOF when reading a line
Ask me anything: An error occurred: EOF when reading a line
Ask me anything: An error occurred: EOF when reading a line
Ask me anything: An error occurred: EOF when reading a line
Ask me anything: An error occurred: EOF when reading a line
Ask me anything: An error occurred: EOF when reading a line
Ask me anything: An error occurred: EOF when reading a line
Ask me anything: An error occurred: EOF when reading a line
Ask me anything: An error occurred: EOF when reading a line
Ask me anything: An error occurred: EOF when reading a line
Ask me anything: An error occurred: EOF when reading a line
Ask me anything: An error occurred: EOF when reading a line
Ask me anything: An error occurred: EOF when reading a line
Ask me anything: An error occurred: EOF when reading a line
Ask me anything: An error occurred: EOF when reading a line
Ask me anything: An error occurred: EOF when reading a line
Ask me anything: An error occurred: EOF when reading a line
Ask me anything: An error occurred: EOF when reading a line
Ask me anything: An error occurred: EOF when reading a line
Ask me anything: An error occurred: EOF when reading a line
Ask me anything: An error occurred: EOF when reading a line
Ask me anything: An error occurred: EOF when reading a line
Ask me anything: An error occurred: EOF when reading a line
Ask me anything: An error occurred: EOF when reading a line
Ask me anything: An error occurred: EOF when reading a line
Ask me anything: An error occurred: EOF when reading a line
Ask me anything: An error occurred: EOF when reading a line
Ask me anything: An error occurred: EOF when reading a line
Ask me anything: An error occurred: EOF when reading a line
Ask me anything: An error occurred: EOF when reading a line
Ask me anything: An error occurred: EOF when reading a line
Ask me anything: An error occurred: EOF when reading a line
Ask me anything: An error occurred: EOF when reading a line
Ask me anything: An error occurred: EOF when reading a line
Ask me anything: An error occurred: EOF when reading a line
Ask me anything: An error occurred: EOF when reading a line
Ask me anything: An error occurred: EOF when reading a line
Ask me anything: An error occurred: EOF when reading a line
Ask me anything: An error occurred: EOF when reading a line
Ask me anything: An error occurred: EOF when reading a line
Ask me anything: An error occurred: EOF when reading a line
Ask me anything: An error occurred: EOF when reading a line
Ask me anything: An error occurred: EOF when reading a line
Ask me anything: An error occurred: EOF when reading a line
Ask me anything: An error occurred: EOF when reading a line
Ask me anything: An error occurred: EOF when reading a line
Ask me anything: An error occurred: EOF when reading a line
Ask me anything: An error occurred: EOF when reading a line
Ask me anything: An error occurred: EOF when reading a line
Ask me anything: An error occurred: EOF when reading a line
Ask me anything: An error occurred: EOF when reading a line
Ask me anything: An error occurred: EOF when reading a line
Ask me anything: An error occurred: EOF when reading a line
Ask me anything: An error occurred: EOF when reading a line
Ask me anything: An error occurred: EOF when reading a line
Ask me anything: An error occurred: EOF when reading a line
Ask me anything: An error occurred: EOF when reading a line
Ask me anything: An error occurred: EOF when reading a line
Ask me anything: An error occurred: EOF when reading a line
Ask me anything: An error occurred: EOF when reading a line
Ask me anything: An error occurred: EOF when reading a line
Ask me anything: An error occurred: EOF when reading a line
Ask me anything: An error occurred: EOF when reading a line
Ask me anything: An error occurred: EOF when reading a line
Ask me anything: An error occurred: EOF when reading a line
Ask me anything: An error occurred: EOF when reading a line
Ask me anything: An error occurred: EOF when reading a line
Ask me anything: An error occurred: EOF when reading a line
Ask me anything: An error occurred: EOF when reading a line
Ask me anything: An error occurred: EOF when reading a line
Ask me anything: An error occurred: EOF when reading a line
Ask me anything: An error occurred: EOF when reading a line
Ask me anything: An error occurred: EOF when reading a line
Ask me anything: An error occurred: EOF when reading a line
Ask me anything: An error occurred: EOF when reading a line
Ask me anything: An error occurred: EOF when reading a line
Ask me anything: An error occurred: EOF when reading a line
Ask me anything: An error occurred: EOF when reading a line
Ask me anything: An error occurred: EOF when reading a line
Ask me anything: An error occurred: EOF when reading a line
Ask me anything: An error occurred: EOF when reading a line
Ask me anything: An error occurred: EOF when reading a line
Ask me anything: An error occurred: EOF when reading a line
Ask me anything: An error occurred: EOF when reading a line
Ask me anything: An error occurred: EOF when reading a line
Ask me anything: An error occurred: EOF when reading a line
Ask me anything: An error occurred: EOF when reading a line
Ask me anything: An error occurred: EOF when reading a line
Ask me anything: An error occurred: EOF when reading a line
Ask me anything: An error occurred: EOF when reading a line
Ask me anything: An error occurred: EOF when reading a line
Ask me anything: An error occurred: EOF when reading a line
Ask me anything: An error occurred: EOF when reading a line
Ask me anything: An error occurred: EOF when reading a line
Ask me anything: An error occurred: EOF when reading a line
Ask me anything: An error occurred: EOF when reading a line
Ask me anything: An error occurred: EOF when reading a line
Ask me anything: An error occurred: EOF when reading a line
Ask me anything: An error occurred: EOF when reading a line
Ask me anything: An error occurred: EOF when reading a line
Ask me anything: An error occurred: EOF when reading a line
Ask me anything: An error occurred: EOF when reading a line
Ask me anything: An error occurred: EOF when reading a line
Ask me anything: An error occurred: EOF when reading a line
Ask me anything: An error occurred: EOF when reading a line
Ask me anything: An error occurred: EOF when reading a line
Ask me anything: An error occurred: EOF when reading a line
Ask me anything: An error occurred: EOF when reading a line
Ask me anything: An error occurred: EOF when reading a line
Ask me anything: An error occurred: EOF when reading a line
Ask me anything: An error occurred: EOF when reading a line
Ask me anything: An error occurred: EOF when reading a line
Ask me anything: An error occurred: EOF when reading a line
Ask me anything: An error occurred: EOF when reading a line
Ask me anything: An error occurred: EOF when reading a line
Ask me anything: An error occurred: EOF when reading a line
Ask me anything: An error occurred: EOF when reading a line
Ask me anything: An error occurred: EOF when reading a line
Ask me anything: An error occurred: EOF when reading a line
Ask me anything: An error occurred: EOF when reading a line
Ask me anything: An error occurred: EOF when reading a line
Ask me anything: An error occurred: EOF when reading a line
Ask me anything: An error occurred: EOF when reading a line
Ask me anything: An error occurred: EOF when reading a line
Ask me anything: An error occurred: EOF when reading a line
Ask me anything: An error occurred: EOF when reading a line
Ask me anything: An error occurred: EOF when reading a line
Ask me anything: An error occurred: EOF when reading a line
Ask me anything: An error occurred: EOF when reading a line
Ask me anything: An error occurred: EOF when reading a line
Ask me anything: An error occurred: EOF when reading a line
Ask me anything: An error occurred: EOF when reading a line
Ask me anything: An error occurred: EOF when reading a line
Ask me anything: An error occurred: EOF when reading a line
Ask me anything: An error occurred: EOF when reading a line
Ask me anything: An error occurred: EOF when reading a line
Ask me anything: An error occurred: EOF when reading a line
Ask me anything: An error occurred: EOF when reading a line
Ask me anything: An error occurred: EOF when reading a line
Ask me anything: An error occurred: EOF when reading a line
Ask me anything: An error occurred: EOF when reading a line
Ask me anything: An error occurred: EOF when reading a line
Ask me anything: An error occurred: EOF when reading a line
Ask me anything: An error occurred: EOF when reading a line
Ask me anything: An error occurred: EOF when reading a line
Ask me anything: An error occurred: EOF when reading a line
Ask me anything: An error occurred: EOF when reading a line
Ask me anything: An error occurred: EOF when reading a line
Ask me anything: An error occurred: EOF when reading a line
Ask me anything: An error occurred: EOF when reading a line
Ask me anything: An error occurred: EOF when reading a line
Ask me anything: An error occurred: EOF when reading a line
Ask me anything: An error occurred: EOF when reading a line
Ask me anything: An error occurred: EOF when reading a line
Ask me anything: An error occurred: EOF when reading a line
Ask me anything: An error occurred: EOF when reading a line
Ask me anything: An error occurred: EOF when reading a line
Ask me anything: An error occurred: EOF when reading a line
Ask me anything: An error occurred: EOF when reading a line
Ask me anything: An error occurred: EOF when reading a line
Ask me anything: An error occurred: EOF when reading a line
Ask me anything: An error occurred: EOF when reading a line
Ask me anything: An error occurred: EOF when reading a line
Ask me anything: An error occurred: EOF when reading a line
Ask me anything: An error occurred: EOF when reading a line
Ask me anything: An error occurred: EOF when reading a line
Ask me anything: An error occurred: EOF when reading a line
Ask me anything: An error occurred: EOF when reading a line
Ask me anything: An error occurred: EOF when reading a line
Ask me anything: An error occurred: EOF when reading a line
Ask me anything: An error occurred: EOF when reading a line
Ask me anything: An error occurred: EOF when reading a line
Ask me anything: An error occurred: EOF when reading a line
Ask me anything: An error occurred: EOF when reading a line
Ask me anything: An error occurred: EOF when reading a line
Ask me anything: An error occurred: EOF when reading a line
Ask me anything: An error occurred: EOF when reading a line
Ask me anything: An error occurred: EOF when reading a line
Ask me anything: An error occurred: EOF when reading a line
Ask me anything: An error occurred: EOF when reading a line
Ask me anything: An error occurred: EOF when reading a line
Ask me anything: An error occurred: EOF when reading a line
Ask me anything: An error occurred: EOF when reading a line
Ask me anything: An error occurred: EOF when reading a line
Ask me anything: An error occurred: EOF when reading a line
Ask me anything: An error occurred: EOF when reading a line
Ask me anything: An error occurred: EOF when reading a line
Ask me anything: An error occurred: EOF when reading a line
Ask me anything: An error occurred: EOF when reading a line
Ask me anything: An error occurred: EOF when reading a line
Ask me anything: An error occurred: EOF when reading a line
Ask me anything: An error occurred: EOF when reading a line
Ask me anything: An error occurred: EOF when reading a line
Ask me anything: An error occurred: EOF when reading a line
Ask me anything: An error occurred: EOF when reading a line
Ask me anything: An error occurred: EOF when reading a line
Ask me anything: An error occurred: EOF when reading a line
Ask me anything: An error occurred: EOF when reading a line
Ask me anything: An error occurred: EOF when reading a line
Ask me anything: An error occurred: EOF when reading a line
Ask me anything: An error occurred: EOF when reading a line
Ask me anything: An error occurred: EOF when reading a line
Ask me anything: An error occurred: EOF when reading a line
Ask me anything: An error occurred: EOF when reading a line
Ask me anything: An error occurred: EOF when reading a line
Ask me anything: An error occurred: EOF when reading a line
Ask me anything: An error occurred: EOF when reading a line
Ask me anything: An error occurred: EOF when reading a line
Ask me anything: An error occurred: EOF when reading a line
Ask me anything: An error occurred: EOF when reading a line
Ask me anything: An error occurred: EOF when reading a line
Ask me anything: An error occurred: EOF when reading a line
Ask me anything: An error occurred: EOF when reading a line
Ask me anything: An error occurred: EOF when reading a line
Ask me anything: An error occurred: EOF when reading a line
Ask me anything: An error occurred: EOF when reading a line
Ask me anything: An error occurred: EOF when reading a line
Ask me anything: An error occurred: EOF when reading a line
Ask me anything: An error occurred: EOF when reading a line
Ask me anything: An error occurred: EOF when reading a line
Ask me anything: An error occurred: EOF when reading a line
Ask me anything: An error occurred: EOF when reading a line
Ask me anything: An error occurred: EOF when reading a line
Ask me anything: An error occurred: EOF when reading a line
Ask me anything: An error occurred: EOF when reading a line
Ask me anything: An error occurred: EOF when reading a line
Ask me anything: An error occurred: EOF when reading a line
Ask me anything: An error occurred: EOF when reading a line
Ask me anything: An error occurred: EOF when reading a line
Ask me anything: An error occurred: EOF when reading a line
Ask me anything: An error occurred: EOF when reading a line
Ask me anything: An error occurred: EOF when reading a line
Ask me anything: An error occurred: EOF when reading a line
Ask me anything: An error occurred: EOF when reading a line
Ask me anything: An error occurred: EOF when reading a line
Ask me anything: An error occurred: EOF when reading a line
Ask me anything: An error occurred: EOF when reading a line
Ask me anything: An error occurred: EOF when reading a line
Ask me anything: An error occurred: EOF when reading a line
Ask me anything: An error occurred: EOF when reading a line
Ask me anything: An error occurred: EOF when reading a line
Ask me anything: An error occurred: EOF when reading a line
Ask me anything: An error occurred: EOF when reading a line
Ask me anything: An error occurred: EOF when reading a line
Ask me anything: An error occurred: EOF when reading a line
Ask me anything: An error occurred: EOF when reading a line
Ask me anything: An error occurred: EOF when reading a line
Ask me anything: An error occurred: EOF when reading a line
Ask me anything: An error occurred: EOF when reading a line
Ask me anything: An error occurred: EOF when reading a line
Ask me anything: An error occurred: EOF when reading a line
Ask me anything: An error occurred: EOF when reading a line
Ask me anything: An error occurred: EOF when reading a line
Ask me anything: An error occurred: EOF when reading a line
Ask me anything: An error occurred: EOF when reading a line
Ask me anything: An error occurred: EOF when reading a line
Ask me anything: An error occurred: EOF when reading a line
Ask me anything: An error occurred: EOF when reading a line
Ask me anything: An error occurred: EOF when reading a line
Ask me anything: An error occurred: EOF when reading a line
Ask me anything: An error occurred: EOF when reading a line
Ask me anything: An error occurred: EOF when reading a line
Ask me anything: An error occurred: EOF when reading a line
Ask me anything: An error occurred: EOF when reading a line
Ask me anything: An error occurred: EOF when reading a line
Ask me anything: An error occurred: EOF when reading a line
Ask me anything: An error occurred: EOF when reading a line
Ask me anything: An error occurred: EOF when reading a line
Ask me anything: An error occurred: EOF when reading a line
Ask me anything: An error occurred: EOF when reading a line
Ask me anything: An error occurred: EOF when reading a line
Ask me anything: An error occurred: EOF when reading a line
Ask me anything: An error occurred: EOF when reading a line
Ask me anything: An error occurred: EOF when reading a line
Ask me anything: An error occurred: EOF when reading a line
Ask me anything: An error occurred: EOF when reading a line
Ask me anything: An error occurred: EOF when reading a line
Ask me anything: An error occurred: EOF when reading a line
Ask me anything: An error occurred: EOF when reading a line
Ask me anything: An error occurred: EOF when reading a line
Ask me anything: An error occurred: EOF when reading a line
Ask me anything: An error occurred: EOF when reading a line
Ask me anything: An error occurred: EOF when reading a line
Ask me anything: An error occurred: EOF when reading a line
Ask me anything: An error occurred: EOF when reading a line
Ask me anything: An error occurred: EOF when reading a line
Ask me anything: An error occurred: EOF when reading a line
Ask me anything: An error occurred: EOF when reading a line
Ask me anything: An error occurred: EOF when reading a line
Ask me anything: An error occurred: EOF when reading a line
Ask me anything: An error occurred: EOF when reading a line
Ask me anything: An error occurred: EOF when reading a line
Ask me anything: An error occurred: EOF when reading a line
Ask me anything: An error occurred: EOF when reading a line
Ask me anything: An error occurred: EOF when reading a line
Ask me anything: An error occurred: EOF when reading a line
Ask me anything: An error occurred: EOF when reading a line
Ask me anything: An error occurred: EOF when reading a line
Ask me anything: An error occurred: EOF when reading a line
Ask me anything: An error occurred: EOF when reading a line
Ask me anything: An error occurred: EOF when reading a line
Ask me anything: An error occurred: EOF when reading a line
Ask me anything: An error occurred: EOF when reading a line
Ask me anything: An error occurred: EOF when reading a line
Ask me anything: An error occurred: EOF when reading a line
Ask me anything: An error occurred: EOF when reading a line
Ask me anything: An error occurred: EOF when reading a line
Ask me anything: An error occurred: EOF when reading a line
Ask me anything: An error occurred: EOF when reading a line
Ask me anything: An error occurred: EOF when reading a line
Ask me anything: An error occurred: EOF when reading a line
Ask me anything: An error occurred: EOF when reading a line
Ask me anything: An error occurred: EOF when reading a line
Ask me anything: An error occurred: EOF when reading a line
Ask me anything: An error occurred: EOF when reading a line
Ask me anything: An error occurred: EOF when reading a line
Ask me anything: An error occurred: EOF when reading a line
Ask me anything: An error occurred: EOF when reading a line
Ask me anything: An error occurred: EOF when reading a line
Ask me anything: An error occurred: EOF when reading a line
Ask me anything: An error occurred: EOF when reading a line
Ask me anything: An error occurred: EOF when reading a line
Ask me anything: An error occurred: EOF when reading a line
Ask me anything: An error occurred: EOF when reading a line
Ask me anything: An error occurred: EOF when reading a line
Ask me anything: An error occurred: EOF when reading a line
Ask me anything: An error occurred: EOF when reading a line
Ask me anything: An error occurred: EOF when reading a line
Ask me anything: An error occurred: EOF when reading a line
Ask me anything: An error occurred: EOF when reading a line
Ask me anything: An error occurred: EOF when reading a line
Ask me anything: An error occurred: EOF when reading a line
Ask me anything: An error occurred: EOF when reading a line
Ask me anything: An error occurred: EOF when reading a line
Ask me anything: An error occurred: EOF when reading a line
Ask me anything: An error occurred: EOF when reading a line
Ask me anything: An error occurred: EOF when reading a line
Ask me anything: An error occurred: EOF when reading a line
Ask me anything: An error occurred: EOF when reading a line
Ask me anything: An error occurred: EOF when reading a line
Ask me anything: An error occurred: EOF when reading a line
Ask me anything: An error occurred: EOF when reading a line
Ask me anything: An error occurred: EOF when reading a line
Ask me anything: An error occurred: EOF when reading a line
Ask me anything: An error occurred: EOF when reading a line
Ask me anything: An error occurred: EOF when reading a line
Ask me anything: An error occurred: EOF when reading a line
Ask me anything: An error occurred: EOF when reading a line
Ask me anything: An error occurred: EOF when reading a line
Ask me anything: An error occurred: EOF when reading a line
Ask me anything: An error occurred: EOF when reading a line
Ask me anything: An error occurred: EOF when reading a line
Ask me anything: An error occurred: EOF when reading a line
Ask me anything: An error occurred: EOF when reading a line
Ask me anything: An error occurred: EOF when reading a line
Ask me anything: An error occurred: EOF when reading a line
Ask me anything: An error occurred: EOF when reading a line
Ask me anything: An error occurred: EOF when reading a line
Ask me anything: An error occurred: EOF when reading a line
Ask me anything: An error occurred: EOF when reading a line
Ask me anything: An error occurred: EOF when reading a line
Ask me anything: An error occurred: EOF when reading a line
Ask me anything: An error occurred: EOF when reading a line
Ask me anything: An error occurred: EOF when reading a line
Ask me anything: An error occurred: EOF when reading a line
Ask me anything: An error occurred: EOF when reading a line
Ask me anything: An error occurred: EOF when reading a line
Ask me anything: An error occurred: EOF when reading a line
Ask me anything: An error occurred: EOF when reading a line
Ask me anything: An error occurred: EOF when reading a line
Ask me anything: An error occurred: EOF when reading a line
Ask me anything: An error occurred: EOF when reading a line
Ask me anything: An error occurred: EOF when reading a line
Ask me anything: An error occurred: EOF when reading a line
Ask me anything: An error occurred: EOF when reading a line
Ask me anything: An error occurred: EOF when reading a line
Ask me anything: An error occurred: EOF when reading a line
Ask me anything: An error occurred: EOF when reading a line
Ask me anything: An error occurred: EOF when reading a line
Ask me anything: An error occurred: EOF when reading a line
Ask me anything: An error occurred: EOF when reading a line
Ask me anything: An error occurred: EOF when reading a line
Ask me anything: An error occurred: EOF when reading a line
Ask me anything: An error occurred: EOF when reading a line
Ask me anything: An error occurred: EOF when reading a line
Ask me anything: An error occurred: EOF when reading a line
Ask me anything: An error occurred: EOF when reading a line
Ask me anything: An error occurred: EOF when reading a line
Ask me anything: An error occurred: EOF when reading a line
Ask me anything: An error occurred: EOF when reading a line
Ask me anything: An error occurred: EOF when reading a line
Ask me anything: An error occurred: EOF when reading a line
Ask me anything: An error occurred: EOF when reading a line
Ask me anything: An error occurred: EOF when reading a line
Ask me anything: An error occurred: EOF when reading a line
Ask me anything: An error occurred: EOF when reading a line
Ask me anything: An error occurred: EOF when reading a line
Ask me anything: An error occurred: EOF when reading a line
Ask me anything: An error occurred: EOF when reading a line
Ask me anything: An error occurred: EOF when reading a line
Ask me anything: An error occurred: EOF when reading a line
Ask me anything: An error occurred: EOF when reading a line
Ask me anything: An error occurred: EOF when reading a line
Ask me anything: An error occurred: EOF when reading a line
Ask me anything: An error occurred: EOF when reading a line
Ask me anything: An error occurred: EOF when reading a line
Ask me anything: An error occurred: EOF when reading a line
Ask me anything: An error occurred: EOF when reading a line
Ask me anything: An error occurred: EOF when reading a line
Ask me anything: An error occurred: EOF when reading a line
Ask me anything: An error occurred: EOF when reading a line
Ask me anything: An error occurred: EOF when reading a line
Ask me anything: An error occurred: EOF when reading a line
Ask me anything: An error occurred: EOF when reading a line
Ask me anything: An error occurred: EOF when reading a line
Ask me anything: An error occurred: EOF when reading a line
Ask me anything: An error occurred: EOF when reading a line
Ask me anything: An error occurred: EOF when reading a line
Ask me anything: An error occurred: EOF when reading a line
Ask me anything: An error occurred: EOF when reading a line
Ask me anything: An error occurred: EOF when reading a line
Ask me anything: An error occurred: EOF when reading a line
Ask me anything: An error occurred: EOF when reading a line
Ask me anything: An error occurred: EOF when reading a line
Ask me anything: An error occurred: EOF when reading a line
Ask me anything: An error occurred: EOF when reading a line
Ask me anything: An error occurred: EOF when reading a line
Ask me anything: An error occurred: EOF when reading a line
Ask me anything: An error occurred: EOF when reading a line
Ask me anything: An error occurred: EOF when reading a line
Ask me anything: An error occurred: EOF when reading a line
Ask me anything: An error occurred: EOF when reading a line
Ask me anything: An error occurred: EOF when reading a line
Ask me anything: An error occurred: EOF when reading a line
Ask me anything: An error occurred: EOF when reading a line
Ask me anything: An error occurred: EOF when reading a line
Ask me anything: An error occurred: EOF when reading a line
Ask me anything: An error occurred: EOF when reading a line
Ask me anything: An error occurred: EOF when reading a line
Ask me anything: An error occurred: EOF when reading a line
Ask me anything: An error occurred: EOF when reading a line
Ask me anything: An error occurred: EOF when reading a line
Ask me anything: An error occurred: EOF when reading a line
Ask me anything: An error occurred: EOF when reading a line
Ask me anything: An error occurred: EOF when reading a line
Ask me anything: An error occurred: EOF when reading a line
Ask me anything: An error occurred: EOF when reading a line
Ask me anything: An error occurred: EOF when reading a line
Ask me anything: An error occurred: EOF when reading a line
Ask me anything: An error occurred: EOF when reading a line
Ask me anything: An error occurred: EOF when reading a line
Ask me anything: An error occurred: EOF when reading a line
Ask me anything: An error occurred: EOF when reading a line
Ask me anything: An error occurred: EOF when reading a line
Ask me anything: An error occurred: EOF when reading a line
Ask me anything: An error occurred: EOF when reading a line
Ask me anything: An error occurred: EOF when reading a line
Ask me anything: An error occurred: EOF when reading a line
Ask me anything: An error occurred: EOF when reading a line
Ask me anything: An error occurred: EOF when reading a line
Ask me anything: An error occurred: EOF when reading a line
Ask me anything: An error occurred: EOF when reading a line
Ask me anything: An error occurred: EOF when reading a line
Ask me anything: An error occurred: EOF when reading a line
Ask me anything: An error occurred: EOF when reading a line
Ask me anything: An error occurred: EOF when reading a line
Ask me anything: An error occurred: EOF when reading a line
Ask me anything: An error occurred: EOF when reading a line
Ask me anything: An error occurred: EOF when reading a line
Ask me anything: An error occurred: EOF when reading a line
Ask me anything: An error occurred: EOF when reading a line
Ask me anything: An error occurred: EOF when reading a line
Ask me anything: An error occurred: EOF when reading a line
Ask me anything: An error occurred: EOF when reading a line
Ask me anything: An error occurred: EOF when reading a line
Ask me anything: An error occurred: EOF when reading a line
Ask me anything: An error occurred: EOF when reading a line
Ask me anything: An error occurred: EOF when reading a line
Ask me anything: An error occurred: EOF when reading a line
Ask me anything: An error occurred: EOF when reading a line
Ask me anything: An error occurred: EOF when reading a line
Ask me anything: An error occurred: EOF when reading a line
Ask me anything: An error occurred: EOF when reading a line
Ask me anything: An error occurred: EOF when reading a line
Ask me anything: An error occurred: EOF when reading a line
Ask me anything: An error occurred: EOF when reading a line
Ask me anything: An error occurred: EOF when reading a line
Ask me anything: An error occurred: EOF when reading a line
Ask me anything: An error occurred: EOF when reading a line
Ask me anything: An error occurred: EOF when reading a line
Ask me anything: An error occurred: EOF when reading a line
Ask me anything: An error occurred: EOF when reading a line
Ask me anything: An error occurred: EOF when reading a line
Ask me anything: An error occurred: EOF when reading a line
Ask me anything: An error occurred: EOF when reading a line
Ask me anything: An error occurred: EOF when reading a line
Ask me anything: An error occurred: EOF when reading a line
Ask me anything: An error occurred: EOF when reading a line
Ask me anything: An error occurred: EOF when reading a line
Ask me anything: An error occurred: EOF when reading a line
Ask me anything: An error occurred: EOF when reading a line
Ask me anything: An error occurred: EOF when reading a line
Ask me anything: An error occurred: EOF when reading a line
Ask me anything: An error occurred: EOF when reading a line
Ask me anything: An error occurred: EOF when reading a line
Ask me anything: An error occurred: EOF when reading a line
Ask me anything: An error occurred: EOF when reading a line
Ask me anything: An error occurred: EOF when reading a line
Ask me anything: An error occurred: EOF when reading a line
Ask me anything: An error occurred: EOF when reading a line
Ask me anything: An error occurred: EOF when reading a line
Ask me anything: An error occurred: EOF when reading a line
Ask me anything: An error occurred: EOF when reading a line
Ask me anything: An error occurred: EOF when reading a line
Ask me anything: An error occurred: EOF when reading a line
Ask me anything: An error occurred: EOF when reading a line
Ask me anything: An error occurred: EOF when reading a line
Ask me anything: An error occurred: EOF when reading a line
Ask me anything: An error occurred: EOF when reading a line
Ask me anything: An error occurred: EOF when reading a line
Ask me anything: An error occurred: EOF when reading a line
Ask me anything: An error occurred: EOF when reading a line
Ask me anything: An error occurred: EOF when reading a line
Ask me anything: An error occurred: EOF when reading a line
Ask me anything: An error occurred: EOF when reading a line
Ask me anything: An error occurred: EOF when reading a line
Ask me anything: An error occurred: EOF when reading a line
Ask me anything: An error occurred: EOF when reading a line
Ask me anything: An error occurred: EOF when reading a line
Ask me anything: An error occurred: EOF when reading a line
Ask me anything: An error occurred: EOF when reading a line
Ask me anything: An error occurred: EOF when reading a line
Ask me anything: An error occurred: EOF when reading a line
Ask me anything: An error occurred: EOF when reading a line
Ask me anything: An error occurred: EOF when reading a line
Ask me anything: An error occurred: EOF when reading a line
Ask me anything: An error occurred: EOF when reading a line
Ask me anything: An error occurred: EOF when reading a line
Ask me anything: An error occurred: EOF when reading a line
Ask me anything: An error occurred: EOF when reading a line
Ask me anything: An error occurred: EOF when reading a line
Ask me anything: An error occurred: EOF when reading a line
Ask me anything: An error occurred: EOF when reading a line
Ask me anything: An error occurred: EOF when reading a line
Ask me anything: An error occurred: EOF when reading a line
Ask me anything: An error occurred: EOF when reading a line
Ask me anything: An error occurred: EOF when reading a line
Ask me anything: An error occurred: EOF when reading a line
Ask me anything: An error occurred: EOF when reading a line
Ask me anything: An error occurred: EOF when reading a line
Ask me anything: An error occurred: EOF when reading a line
Ask me anything: An error occurred: EOF when reading a line
Ask me anything: An error occurred: EOF when reading a line
Ask me anything: An error occurred: EOF when reading a line
Ask me anything: An error occurred: EOF when reading a line
Ask me anything: An error occurred: EOF when reading a line
Ask me anything: An error occurred: EOF when reading a line
Ask me anything: An error occurred: EOF when reading a line
Ask me anything: An error occurred: EOF when reading a line
Ask me anything: An error occurred: EOF when reading a line
Ask me anything: An error occurred: EOF when reading a line
Ask me anything: An error occurred: EOF when reading a line
Ask me anything: An error occurred: EOF when reading a line
Ask me anything: An error occurred: EOF when reading a line
Ask me anything: An error occurred: EOF when reading a line
Ask me anything: An error occurred: EOF when reading a line
Ask me anything: An error occurred: EOF when reading a line
Ask me anything: An error occurred: EOF when reading a line
Ask me anything: An error occurred: EOF when reading a line
Ask me anything: An error occurred: EOF when reading a line
Ask me anything: An error occurred: EOF when reading a line
Ask me anything: An error occurred: EOF when reading a line
Ask me anything: An error occurred: EOF when reading a line
Ask me anything: An error occurred: EOF when reading a line
Ask me anything: An error occurred: EOF when reading a line
Ask me anything: An error occurred: EOF when reading a line
Ask me anything: An error occurred: EOF when reading a line
Ask me anything: An error occurred: EOF when reading a line
Ask me anything: An error occurred: EOF when reading a line
Ask me anything: An error occurred: EOF when reading a line
Ask me anything: An error occurred: EOF when reading a line
Ask me anything: An error occurred: EOF when reading a line
Ask me anything: An error occurred: EOF when reading a line
Ask me anything: An error occurred: EOF when reading a line
Ask me anything: An error occurred: EOF when reading a line
Ask me anything: An error occurred: EOF when reading a line
Ask me anything: An error occurred: EOF when reading a line
Ask me anything: An error occurred: EOF when reading a line
Ask me anything: An error occurred: EOF when reading a line
Ask me anything: An error occurred: EOF when reading a line
Ask me anything: An error occurred: EOF when reading a line
Ask me anything: An error occurred: EOF when reading a line
Ask me anything: An error occurred: EOF when reading a line
Ask me anything: An error occurred: EOF when reading a line
Ask me anything: An error occurred: EOF when reading a line
Ask me anything: An error occurred: EOF when reading a line
Ask me anything: An error occurred: EOF when reading a line
Ask me anything: An error occurred: EOF when reading a line
Ask me anything: An error occurred: EOF when reading a line
Ask me anything: An error occurred: EOF when reading a line
Ask me anything: An error occurred: EOF when reading a line
Ask me anything: An error occurred: EOF when reading a line
Ask me anything: An error occurred: EOF when reading a line
Ask me anything: An error occurred: EOF when reading a line
Ask me anything: An error occurred: EOF when reading a line
Ask me anything: An error occurred: EOF when reading a line
Ask me anything: An error occurred: EOF when reading a line
Ask me anything: An error occurred: EOF when reading a line
Ask me anything: An error occurred: EOF when reading a line
Ask me anything: An error occurred: EOF when reading a line
Ask me anything: An error occurred: EOF when reading a line
Ask me anything: An error occurred: EOF when reading a line
Ask me anything: An error occurred: EOF when reading a line
Ask me anything: An error occurred: EOF when reading a line
Ask me anything: An error occurred: EOF when reading a line
Ask me anything: An error occurred: EOF when reading a line
Ask me anything: An error occurred: EOF when reading a line
Ask me anything: An error occurred: EOF when reading a line
Ask me anything: An error occurred: EOF when reading a line
Ask me anything: An error occurred: EOF when reading a line
Ask me anything: An error occurred: EOF when reading a line
Ask me anything: An error occurred: EOF when reading a line
Ask me anything: An error occurred: EOF when reading a line
Ask me anything: An error occurred: EOF when reading a line
Ask me anything: An error occurred: EOF when reading a line
Ask me anything: An error occurred: EOF when reading a line
Ask me anything: An error occurred: EOF when reading a line
Ask me anything: An error occurred: EOF when reading a line
Ask me anything: An error occurred: EOF when reading a line
Ask me anything: An error occurred: EOF when reading a line
Ask me anything: An error occurred: EOF when reading a line
Ask me anything: An error occurred: EOF when reading a line
Ask me anything: An error occurred: EOF when reading a line
Ask me anything: An error occurred: EOF when reading a line
Ask me anything: An error occurred: EOF when reading a line
Ask me anything: An error occurred: EOF when reading a line
Ask me anything: An error occurred: EOF when reading a line
Ask me anything: An error occurred: EOF when reading a line
Ask me anything: An error occurred: EOF when reading a line
Ask me anything: An error occurred: EOF when reading a line
Ask me anything: An error occurred: EOF when reading a line
Ask me anything: An error occurred: EOF when reading a line
Ask me anything: An error occurred: EOF when reading a line
Ask me anything: An error occurred: EOF when reading a line
Ask me anything: An error occurred: EOF when reading a line
Ask me anything: An error occurred: EOF when reading a line
Ask me anything: An error occurred: EOF when reading a line
Ask me anything: An error occurred: EOF when reading a line
Ask me anything: An error occurred: EOF when reading a line
Ask me anything: An error occurred: EOF when reading a line
Ask me anything: An error occurred: EOF when reading a line
Ask me anything: An error occurred: EOF when reading a line
Ask me anything: An error occurred: EOF when reading a line
Ask me anything: An error occurred: EOF when reading a line
Ask me anything: An error occurred: EOF when reading a line
Ask me anything: An error occurred: EOF when reading a line
Ask me anything: An error occurred: EOF when reading a line
Ask me anything: An error occurred: EOF when reading a line
Ask me anything: An error occurred: EOF when reading a line
Ask me anything: An error occurred: EOF when reading a line
Ask me anything: An error occurred: EOF when reading a line
Ask me anything: An error occurred: EOF when reading a line
Ask me anything: An error occurred: EOF when reading a line
Ask me anything: An error occurred: EOF when reading a line
Ask me anything: An error occurred: EOF when reading a line
Ask me anything: An error occurred: EOF when reading a line
Ask me anything: An error occurred: EOF when reading a line
Ask me anything: An error occurred: EOF when reading a line
Ask me anything: An error occurred: EOF when reading a line
Ask me anything: An error occurred: EOF when reading a line
Ask me anything: An error occurred: EOF when reading a line
Ask me anything: An error occurred: EOF when reading a line
Ask me anything: An error occurred: EOF when reading a line
Ask me anything: An error occurred: EOF when reading a line
Ask me anything: An error occurred: EOF when reading a line
Ask me anything: An error occurred: EOF when reading a line
Ask me anything: An error occurred: EOF when reading a line
Ask me anything: An error occurred: EOF when reading a line
Ask me anything: An error occurred: EOF when reading a line
Ask me anything: An error occurred: EOF when reading a line
Ask me anything: An error occurred: EOF when reading a line
Ask me anything: An error occurred: EOF when reading a line
Ask me anything: An error occurred: EOF when reading a line
Ask me anything: An error occurred: EOF when reading a line
Ask me anything: An error occurred: EOF when reading a line
Ask me anything: An error occurred: EOF when reading a line
Ask me anything: An error occurred: EOF when reading a line
Ask me anything: An error occurred: EOF when reading a line
Ask me anything: An error occurred: EOF when reading a line
Ask me anything: An error occurred: EOF when reading a line
Ask me anything: An error occurred: EOF when reading a line
Ask me anything: An error occurred: EOF when reading a line
Ask me anything: An error occurred: EOF when reading a line
Ask me anything: An error occurred: EOF when reading a line
Ask me anything: An error occurred: EOF when reading a line
Ask me anything: An error occurred: EOF when reading a line
Ask me anything: An error occurred: EOF when reading a line
Ask me anything: An error occurred: EOF when reading a line
Ask me anything: An error occurred: EOF when reading a line
Ask me anything: An error occurred: EOF when reading a line
Ask me anything: An error occurred: EOF when reading a line
Ask me anything: An error occurred: EOF when reading a line
Ask me anything: An error occurred: EOF when reading a line
Ask me anything: An error occurred: EOF when reading a line
Ask me anything: An error occurred: EOF when reading a line
Ask me anything: An error occurred: EOF when reading a line
Ask me anything: An error occurred: EOF when reading a line
Ask me anything: An error occurred: EOF when reading a line
Ask me anything: An error occurred: EOF when reading a line
Ask me anything: An error occurred: EOF when reading a line
Ask me anything: An error occurred: EOF when reading a line
Ask me anything: An error occurred: EOF when reading a line
Ask me anything: An error occurred: EOF when reading a line
Ask me anything: An error occurred: EOF when reading a line
Ask me anything: An error occurred: EOF when reading a line
Ask me anything: An error occurred: EOF when reading a line
Ask me anything: An error occurred: EOF when reading a line
Ask me anything: An error occurred: EOF when reading a line
Ask me anything: An error occurred: EOF when reading a line
Ask me anything: An error occurred: EOF when reading a line
Ask me anything: An error occurred: EOF when reading a line
Ask me anything: An error occurred: EOF when reading a line
Ask me anything: An error occurred: EOF when reading a line
Ask me anything: An error occurred: EOF when reading a line
Ask me anything: An error occurred: EOF when reading a line
Ask me anything: An error occurred: EOF when reading a line
Ask me anything: An error occurred: EOF when reading a line
Ask me anything: An error occurred: EOF when reading a line
Ask me anything: An error occurred: EOF when reading a line
Ask me anything: An error occurred: EOF when reading a line
Ask me anything: An error occurred: EOF when reading a line
Ask me anything: An error occurred: EOF when reading a line
Ask me anything: An error occurred: EOF when reading a line
Ask me anything: An error occurred: EOF when reading a line
Ask me anything: An error occurred: EOF when reading a line
Ask me anything: An error occurred: EOF when reading a line
Ask me anything: An error occurred: EOF when reading a line
Ask me anything: An error occurred: EOF when reading a line
Ask me anything: An error occurred: EOF when reading a line
Ask me anything: An error occurred: EOF when reading a line
Ask me anything: An error occurred: EOF when reading a line
Ask me anything: An error occurred: EOF when reading a line
Ask me anything: An error occurred: EOF when reading a line
Ask me anything: An error occurred: EOF when reading a line
Ask me anything: An error occurred: EOF when reading a line
Ask me anything: An error occurred: EOF when reading a line
Ask me anything: An error occurred: EOF when reading a line
Ask me anything: An error occurred: EOF when reading a line
Ask me anything: An error occurred: EOF when reading a line
Ask me anything: An error occurred: EOF when reading a line
Ask me anything: An error occurred: EOF when reading a line
Ask me anything: An error occurred: EOF when reading a line
Ask me anything: An error occurred: EOF when reading a line
Ask me anything: An error occurred: EOF when reading a line
Ask me anything: An error occurred: EOF when reading a line
Ask me anything: An error occurred: EOF when reading a line
Ask me anything: An error occurred: EOF when reading a line
Ask me anything: An error occurred: EOF when reading a line
Ask me anything: An error occurred: EOF when reading a line
Ask me anything: An error occurred: EOF when reading a line
Ask me anything: An error occurred: EOF when reading a line
Ask me anything: An error occurred: EOF when reading a line
Ask me anything: An error occurred: EOF when reading a line
Ask me anything: An error occurred: EOF when reading a line
Ask me anything: An error occurred: EOF when reading a line
Ask me anything: An error occurred: EOF when reading a line
Ask me anything: An error occurred: EOF when reading a line
Ask me anything: An error occurred: EOF when reading a line
Ask me anything: An error occurred: EOF when reading a line
Ask me anything: An error occurred: EOF when reading a line
Ask me anything: An error occurred: EOF when reading a line
Ask me anything: An error occurred: EOF when reading a line
Ask me anything: An error occurred: EOF when reading a line
Ask me anything: An error occurred: EOF when reading a line
Ask me anything: An error occurred: EOF when reading a line
Ask me anything: An error occurred: EOF when reading a line
Ask me anything: An error occurred: EOF when reading a line
Ask me anything: An error occurred: EOF when reading a line
Ask me anything: An error occurred: EOF when reading a line
Ask me anything: An error occurred: EOF when reading a line
Ask me anything: An error occurred: EOF when reading a line
Ask me anything: An error occurred: EOF when reading a line
Ask me anything: An error occurred: EOF when reading a line
Ask me anything: An error occurred: EOF when reading a line
Ask me anything: An error occurred: EOF when reading a line
Ask me anything: An error occurred: EOF when reading a line
Ask me anything: An error occurred: EOF when reading a line
Ask me anything: An error occurred: EOF when reading a line
Ask me anything: An error occurred: EOF when reading a line
Ask me anything: An error occurred: EOF when reading a line
Ask me anything: An error occurred: EOF when reading a line
Ask me anything: An error occurred: EOF when reading a line
Ask me anything: An error occurred: EOF when reading a line
Ask me anything: An error occurred: EOF when reading a line
Ask me anything: An error occurred: EOF when reading a line
Ask me anything: An error occurred: EOF when reading a line
Ask me anything: An error occurred: EOF when reading a line
Ask me anything: An error occurred: EOF when reading a line
Ask me anything: An error occurred: EOF when reading a line
Ask me anything: An error occurred: EOF when reading a line
Ask me anything: An error occurred: EOF when reading a line
Ask me anything: An error occurred: EOF when reading a line
Ask me anything: An error occurred: EOF when reading a line
Ask me anything: An error occurred: EOF when reading a line
Ask me anything: An error occurred: EOF when reading a line
Ask me anything: An error occurred: EOF when reading a line
Ask me anything: An error occurred: EOF when reading a line
Ask me anything: An error occurred: EOF when reading a line
Ask me anything: An error occurred: EOF when reading a line
Ask me anything: An error occurred: EOF when reading a line
Ask me anything: An error occurred: EOF when reading a line
Ask me anything: An error occurred: EOF when reading a line
Ask me anything: An error occurred: EOF when reading a line
Ask me anything: An error occurred: EOF when reading a line
Ask me anything: An error occurred: EOF when reading a line
Ask me anything: An error occurred: EOF when reading a line
Ask me anything: An error occurred: EOF when reading a line
Ask me anything: An error occurred: EOF when reading a line
Ask me anything: An error occurred: EOF when reading a line
Ask me anything: An error occurred: EOF when reading a line
Ask me anything: An error occurred: EOF when reading a line
Ask me anything: An error occurred: EOF when reading a line
Ask me anything: An error occurred: EOF when reading a line
Ask me anything: An error occurred: EOF when reading a line
Ask me anything: An error occurred: EOF when reading a line
Ask me anything: An error occurred: EOF when reading a line
Ask me anything: An error occurred: EOF when reading a line
Ask me anything: An error occurred: EOF when reading a line
Ask me anything: An error occurred: EOF when reading a line
Ask me anything: An error occurred: EOF when reading a line
Ask me anything: An error occurred: EOF when reading a line
Ask me anything: An error occurred: EOF when reading a line
Ask me anything: An error occurred: EOF when reading a line
Ask me anything: An error occurred: EOF when reading a line
Ask me anything: An error occurred: EOF when reading a line
Ask me anything: An error occurred: EOF when reading a line
Ask me anything: An error occurred: EOF when reading a line
Ask me anything: An error occurred: EOF when reading a line
Ask me anything: An error occurred: EOF when reading a line
Ask me anything: An error occurred: EOF when reading a line
Ask me anything: An error occurred: EOF when reading a line
Ask me anything: An error occurred: EOF when reading a line
Ask me anything: An error occurred: EOF when reading a line
Ask me anything: An error occurred: EOF when reading a line
Ask me anything: An error occurred: EOF when reading a line
Ask me anything: An error occurred: EOF when reading a line
Ask me anything: An error occurred: EOF when reading a line
Ask me anything: An error occurred: EOF when reading a line
Ask me anything: An error occurred: EOF when reading a line
Ask me anything: An error occurred: EOF when reading a line
Ask me anything: An error occurred: EOF when reading a line
Ask me anything: An error occurred: EOF when reading a line
Ask me anything: An error occurred: EOF when reading a line
Ask me anything: An error occurred: EOF when reading a line
Ask me anything: An error occurred: EOF when reading a line
Ask me anything: An error occurred: EOF when reading a line
Ask me anything: An error occurred: EOF when reading a line
Ask me anything: An error occurred: EOF when reading a line
Ask me anything: An error occurred: EOF when reading a line
Ask me anything: An error occurred: EOF when reading a line
Ask me anything: An error occurred: EOF when reading a line
Ask me anything: An error occurred: EOF when reading a line
Ask me anything: An error occurred: EOF when reading a line
Ask me anything: An error occurred: EOF when reading a line
Ask me anything: An error occurred: EOF when reading a line
Ask me anything: An error occurred: EOF when reading a line
Ask me anything: An error occurred: EOF when reading a line
Ask me anything: An error occurred: EOF when reading a line
Ask me anything: An error occurred: EOF when reading a line
Ask me anything: An error occurred: EOF when reading a line
Ask me anything: An error occurred: EOF when reading a line
Ask me anything: An error occurred: EOF when reading a line
Ask me anything: An error occurred: EOF when reading a line
Ask me anything: An error occurred: EOF when reading a line
Ask me anything: An error occurred: EOF when reading a line
Ask me anything: An error occurred: EOF when reading a line
Ask me anything: An error occurred: EOF when reading a line
Ask me anything: An error occurred: EOF when reading a line
Ask me anything: An error occurred: EOF when reading a line
Ask me anything: An error occurred: EOF when reading a line
Ask me anything: An error occurred: EOF when reading a line
Ask me anything: An error occurred: EOF when reading a line
Ask me anything: An error occurred: EOF when reading a line
Ask me anything: An error occurred: EOF when reading a line
Ask me anything: An error occurred: EOF when reading a line
Ask me anything: An error occurred: EOF when reading a line
Ask me anything: An error occurred: EOF when reading a line
Ask me anything: An error occurred: EOF when reading a line
Ask me anything: An error occurred: EOF when reading a line
Ask me anything: An error occurred: EOF when reading a line
Ask me anything: An error occurred: EOF when reading a line
Ask me anything: An error occurred: EOF when reading a line
Ask me anything: An error occurred: EOF when reading a line
Ask me anything: An error occurred: EOF when reading a line
Ask me anything: An error occurred: EOF when reading a line
Ask me anything: An error occurred: EOF when reading a line
Ask me anything: An error occurred: EOF when reading a line
Ask me anything: An error occurred: EOF when reading a line
Ask me anything: An error occurred: EOF when reading a line
Ask me anything: An error occurred: EOF when reading a line
Ask me anything: An error occurred: EOF when reading a line
Ask me anything: An error occurred: EOF when reading a line
Ask me anything: An error occurred: EOF when reading a line
Ask me anything: An error occurred: EOF when reading a line
Ask me anything: An error occurred: EOF when reading a line
Ask me anything: An error occurred: EOF when reading a line
Ask me anything: An error occurred: EOF when reading a line
Ask me anything: An error occurred: EOF when reading a line
Ask me anything: An error occurred: EOF when reading a line
Ask me anything: An error occurred: EOF when reading a line
Ask me anything: An error occurred: EOF when reading a line
Ask me anything: An error occurred: EOF when reading a line
Ask me anything: An error occurred: EOF when reading a line
Ask me anything: An error occurred: EOF when reading a line
Ask me anything: An error occurred: EOF when reading a line
Ask me anything: An error occurred: EOF when reading a line
Ask me anything: An error occurred: EOF when reading a line
Ask me anything: An error occurred: EOF when reading a line
Ask me anything: An error occurred: EOF when reading a line
Ask me anything: An error occurred: EOF when reading a line
Ask me anything: An error occurred: EOF when reading a line
Ask me anything: An error occurred: EOF when reading a line
Ask me anything: An error occurred: EOF when reading a line
Ask me anything: An error occurred: EOF when reading a line
Ask me anything: An error occurred: EOF when reading a line
Ask me anything: An error occurred: EOF when reading a line
Ask me anything: An error occurred: EOF when reading a line
Ask me anything: An error occurred: EOF when reading a line
Ask me anything: An error occurred: EOF when reading a line
Ask me anything: An error occurred: EOF when reading a line
Ask me anything: An error occurred: EOF when reading a line
Ask me anything: An error occurred: EOF when reading a line
Ask me anything: An error occurred: EOF when reading a line
Ask me anything: An error occurred: EOF when reading a line
Ask me anything: An error occurred: EOF when reading a line
Ask me anything: An error occurred: EOF when reading a line
Ask me anything: An error occurred: EOF when reading a line
Ask me anything: An error occurred: EOF when reading a line
Ask me anything: An error occurred: EOF when reading a line
Ask me anything: An error occurred: EOF when reading a line
Ask me anything: An error occurred: EOF when reading a line
Ask me anything: An error occurred: EOF when reading a line
Ask me anything: An error occurred: EOF when reading a line
Ask me anything: An error occurred: EOF when reading a line
Ask me anything: An error occurred: EOF when reading a line
Ask me anything: An error occurred: EOF when reading a line
Ask me anything: An error occurred: EOF when reading a line
Ask me anything: An error occurred: EOF when reading a line
Ask me anything: An error occurred: EOF when reading a line
Ask me anything: An error occurred: EOF when reading a line
Ask me anything: An error occurred: EOF when reading a line
Ask me anything: An error occurred: EOF when reading a line
Ask me anything: An error occurred: EOF when reading a line
Ask me anything: An error occurred: EOF when reading a line
Ask me anything: An error occurred: EOF when reading a line
Ask me anything: An error occurred: EOF when reading a line
Ask me anything: An error occurred: EOF when reading a line
Ask me anything: An error occurred: EOF when reading a line
Ask me anything: An error occurred: EOF when reading a line
Ask me anything: An error occurred: EOF when reading a line
Ask me anything: An error occurred: EOF when reading a line
Ask me anything: An error occurred: EOF when reading a line
Ask me anything: An error occurred: EOF when reading a line
Ask me anything: An error occurred: EOF when reading a line
Ask me anything: An error occurred: EOF when reading a line
Ask me anything: An error occurred: EOF when reading a line
Ask me anything: An error occurred: EOF when reading a line
Ask me anything: An error occurred: EOF when reading a line
Ask me anything: An error occurred: EOF when reading a line
Ask me anything: An error occurred: EOF when reading a line
Ask me anything: An error occurred: EOF when reading a line
Ask me anything: An error occurred: EOF when reading a line
Ask me anything: An error occurred: EOF when reading a line
Ask me anything: An error occurred: EOF when reading a line
Ask me anything: An error occurred: EOF when reading a line
Ask me anything: An error occurred: EOF when reading a line
Ask me anything: An error occurred: EOF when reading a line
Ask me anything: An error occurred: EOF when reading a line
Ask me anything: An error occurred: EOF when reading a line
Ask me anything: An error occurred: EOF when reading a line
Ask me anything: An error occurred: EOF when reading a line
Ask me anything: An error occurred: EOF when reading a line
Ask me anything: An error occurred: EOF when reading a line
Ask me anything: An error occurred: EOF when reading a line
Ask me anything: An error occurred: EOF when reading a line
Ask me anything: An error occurred: EOF when reading a line
Ask me anything: An error occurred: EOF when reading a line
Ask me anything: An error occurred: EOF when reading a line
Ask me anything: An error occurred: EOF when reading a line
Ask me anything: An error occurred: EOF when reading a line
Ask me anything: An error occurred: EOF when reading a line
Ask me anything: An error occurred: EOF when reading a line
Ask me anything: An error occurred: EOF when reading a line
Ask me anything: An error occurred: EOF when reading a line
Ask me anything: An error occurred: EOF when reading a line
Ask me anything: An error occurred: EOF when reading a line
Ask me anything: An error occurred: EOF when reading a line
Ask me anything: An error occurred: EOF when reading a line
Ask me anything: An error occurred: EOF when reading a line
Ask me anything: An error occurred: EOF when reading a line
Ask me anything: An error occurred: EOF when reading a line
Ask me anything: An error occurred: EOF when reading a line
Ask me anything: An error occurred: EOF when reading a line
Ask me anything: An error occurred: EOF when reading a line
Ask me anything: An error occurred: EOF when reading a line
Ask me anything: An error occurred: EOF when reading a line
Ask me anything: An error occurred: EOF when reading a line
Ask me anything: An error occurred: EOF when reading a line
Ask me anything: An error occurred: EOF when reading a line
Ask me anything: An error occurred: EOF when reading a line
Ask me anything: An error occurred: EOF when reading a line
Ask me anything: An error occurred: EOF when reading a line
Ask me anything: An error occurred: EOF when reading a line
Ask me anything: An error occurred: EOF when reading a line
Ask me anything: An error occurred: EOF when reading a line
Ask me anything: An error occurred: EOF when reading a line
Ask me anything: An error occurred: EOF when reading a line
Ask me anything: An error occurred: EOF when reading a line
Ask me anything: An error occurred: EOF when reading a line
Ask me anything: An error occurred: EOF when reading a line
Ask me anything: An error occurred: EOF when reading a line
Ask me anything: An error occurred: EOF when reading a line
Ask me anything: An error occurred: EOF when reading a line
Ask me anything: An error occurred: EOF when reading a line
Ask me anything: An error occurred: EOF when reading a line
Ask me anything: An error occurred: EOF when reading a line
Ask me anything: An error occurred: EOF when reading a line
Ask me anything: An error occurred: EOF when reading a line
Ask me anything: An error occurred: EOF when reading a line
Ask me anything: An error occurred: EOF when reading a line
Ask me anything: An error occurred: EOF when reading a line
Ask me anything: An error occurred: EOF when reading a line
Ask me anything: An error occurred: EOF when reading a line
Ask me anything: An error occurred: EOF when reading a line
Ask me anything: An error occurred: EOF when reading a line
Ask me anything: An error occurred: EOF when reading a line
Ask me anything: An error occurred: EOF when reading a line
Ask me anything: An error occurred: EOF when reading a line
Ask me anything: An error occurred: EOF when reading a line
Ask me anything: An error occurred: EOF when reading a line
Ask me anything: An error occurred: EOF when reading a line
Ask me anything: An error occurred: EOF when reading a line
Ask me anything: An error occurred: EOF when reading a line
Ask me anything: An error occurred: EOF when reading a line
Ask me anything: An error occurred: EOF when reading a line
Ask me anything: An error occurred: EOF when reading a line
Ask me anything: An error occurred: EOF when reading a line
Ask me anything: An error occurred: EOF when reading a line
Ask me anything: An error occurred: EOF when reading a line
Ask me anything: An error occurred: EOF when reading a line
Ask me anything: An error occurred: EOF when reading a line
Ask me anything: An error occurred: EOF when reading a line
Ask me anything: An error occurred: EOF when reading a line
Ask me anything: An error occurred: EOF when reading a line
Ask me anything: An error occurred: EOF when reading a line
Ask me anything: An error occurred: EOF when reading a line
Ask me anything: An error occurred: EOF when reading a line
Ask me anything: An error occurred: EOF when reading a line
Ask me anything: An error occurred: EOF when reading a line
Ask me anything: An error occurred: EOF when reading a line
Ask me anything: An error occurred: EOF when reading a line
Ask me anything: An error occurred: EOF when reading a line
Ask me anything: An error occurred: EOF when reading a line
Ask me anything: An error occurred: EOF when reading a line
Ask me anything: An error occurred: EOF when reading a line
Ask me anything: An error occurred: EOF when reading a line
Ask me anything: An error occurred: EOF when reading a line
Ask me anything: An error occurred: EOF when reading a line
Ask me anything: An error occurred: EOF when reading a line
Ask me anything: An error occurred: EOF when reading a line
Ask me anything: An error occurred: EOF when reading a line
Ask me anything: An error occurred: EOF when reading a line
Ask me anything: An error occurred: EOF when reading a line
Ask me anything: An error occurred: EOF when reading a line
Ask me anything: An error occurred: EOF when reading a line
Ask me anything: An error occurred: EOF when reading a line
Ask me anything: An error occurred: EOF when reading a line
Ask me anything: An error occurred: EOF when reading a line
Ask me anything: An error occurred: EOF when reading a line
Ask me anything: An error occurred: EOF when reading a line
Ask me anything: An error occurred: EOF when reading a line
Ask me anything: An error occurred: EOF when reading a line
Ask me anything: An error occurred: EOF when reading a line
Ask me anything: An error occurred: EOF when reading a line
Ask me anything: An error occurred: EOF when reading a line
Ask me anything: An error occurred: EOF when reading a line
Ask me anything: An error occurred: EOF when reading a line
Ask me anything: An error occurred: EOF when reading a line
Ask me anything: An error occurred: EOF when reading a line
Ask me anything: An error occurred: EOF when reading a line
Ask me anything: An error occurred: EOF when reading a line
Ask me anything: An error occurred: EOF when reading a line
Ask me anything: An error occurred: EOF when reading a line
Ask me anything: An error occurred: EOF when reading a line
Ask me anything: An error occurred: EOF when reading a line
Ask me anything: An error occurred: EOF when reading a line
Ask me anything: An error occurred: EOF when reading a line
Ask me anything: An error occurred: EOF when reading a line
Ask me anything: An error occurred: EOF when reading a line
Ask me anything: An error occurred: EOF when reading a line
Ask me anything: An error occurred: EOF when reading a line
Ask me anything: An error occurred: EOF when reading a line
Ask me anything: An error occurred: EOF when reading a line
Ask me anything: An error occurred: EOF when reading a line
Ask me anything: An error occurred: EOF when reading a line
Ask me anything: An error occurred: EOF when reading a line
Ask me anything: An error occurred: EOF when reading a line
Ask me anything: An error occurred: EOF when reading a line
Ask me anything: An error occurred: EOF when reading a line
Ask me anything: An error occurred: EOF when reading a line
Ask me anything: An error occurred: EOF when reading a line
Ask me anything: An error occurred: EOF when reading a line
Ask me anything: An error occurred: EOF when reading a line
Ask me anything: An error occurred: EOF when reading a line
Ask me anything: An error occurred: EOF when reading a line
Ask me anything: An error occurred: EOF when reading a line
Ask me anything: An error occurred: EOF when reading a line
Ask me anything: An error occurred: EOF when reading a line
Ask me anything: An error occurred: EOF when reading a line
Ask me anything: An error occurred: EOF when reading a line
Ask me anything: An error occurred: EOF when reading a line
Ask me anything: An error occurred: EOF when reading a line
Ask me anything: An error occurred: EOF when reading a line
Ask me anything: An error occurred: EOF when reading a line
Ask me anything: An error occurred: EOF when reading a line
Ask me anything: An error occurred: EOF when reading a line
Ask me anything: An error occurred: EOF when reading a line
Ask me anything: An error occurred: EOF when reading a line
Ask me anything: An error occurred: EOF when reading a line
Ask me anything: An error occurred: EOF when reading a line
Ask me anything: An error occurred: EOF when reading a line
Ask me anything: An error occurred: EOF when reading a line
Ask me anything: An error occurred: EOF when reading a line
Ask me anything: An error occurred: EOF when reading a line
Ask me anything: An error occurred: EOF when reading a line
Ask me anything: An error occurred: EOF when reading a line
Ask me anything: An error occurred: EOF when reading a line
Ask me anything: An error occurred: EOF when reading a line
Ask me anything: An error occurred: EOF when reading a line
Ask me anything: An error occurred: EOF when reading a line
Ask me anything: An error occurred: EOF when reading a line
Ask me anything: An error occurred: EOF when reading a line
Ask me anything: An error occurred: EOF when reading a line
Ask me anything: An error occurred: EOF when reading a line
Ask me anything: An error occurred: EOF when reading a line
Ask me anything: An error occurred: EOF when reading a line
Ask me anything: An error occurred: EOF when reading a line
Ask me anything: An error occurred: EOF when reading a line
Ask me anything: An error occurred: EOF when reading a line
Ask me anything: An error occurred: EOF when reading a line
Ask me anything: An error occurred: EOF when reading a line
Ask me anything: An error occurred: EOF when reading a line
Ask me anything: An error occurred: EOF when reading a line
Ask me anything: An error occurred: EOF when reading a line
Ask me anything: An error occurred: EOF when reading a line
Ask me anything: An error occurred: EOF when reading a line
Ask me anything: An error occurred: EOF when reading a line
Ask me anything: An error occurred: EOF when reading a line
Ask me anything: An error occurred: EOF when reading a line
Ask me anything: An error occurred: EOF when reading a line
Ask me anything: An error occurred: EOF when reading a line
Ask me anything: An error occurred: EOF when reading a line
Ask me anything: An error occurred: EOF when reading a line
Ask me anything: An error occurred: EOF when reading a line
Ask me anything: An error occurred: EOF when reading a line
Ask me anything: An error occurred: EOF when reading a line
Ask me anything: An error occurred: EOF when reading a line
Ask me anything: An error occurred: EOF when reading a line
Ask me anything: An error occurred: EOF when reading a line
Ask me anything: An error occurred: EOF when reading a line
Ask me anything: An error occurred: EOF when reading a line
Ask me anything: An error occurred: EOF when reading a line
Ask me anything: An error occurred: EOF when reading a line
Ask me anything: An error occurred: EOF when reading a line
Ask me anything: An error occurred: EOF when reading a line
Ask me anything: An error occurred: EOF when reading a line
Ask me anything: An error occurred: EOF when reading a line
Ask me anything: An error occurred: EOF when reading a line
Ask me anything: An error occurred: EOF when reading a line
Ask me anything: An error occurred: EOF when reading a line
Ask me anything: An error occurred: EOF when reading a line
Ask me anything: An error occurred: EOF when reading a line
Ask me anything: An error occurred: EOF when reading a line
Ask me anything: An error occurred: EOF when reading a line
Ask me anything: An error occurred: EOF when reading a line
Ask me anything: An error occurred: EOF when reading a line
Ask me anything: An error occurred: EOF when reading a line
Ask me anything: An error occurred: EOF when reading a line
Ask me anything: An error occurred: EOF when reading a line
Ask me anything: An error occurred: EOF when reading a line
Ask me anything: An error occurred: EOF when reading a line
Ask me anything: An error occurred: EOF when reading a line
Ask me anything: An error occurred: EOF when reading a line
Ask me anything: An error occurred: EOF when reading a line
Ask me anything: An error occurred: EOF when reading a line
Ask me anything: An error occurred: EOF when reading a line
Ask me anything: An error occurred: EOF when reading a line
Ask me anything: An error occurred: EOF when reading a line
Ask me anything: An error occurred: EOF when reading a line
Ask me anything: An error occurred: EOF when reading a line
Ask me anything: An error occurred: EOF when reading a line
Ask me anything: An error occurred: EOF when reading a line
Ask me anything: An error occurred: EOF when reading a line
Ask me anything: An error occurred: EOF when reading a line
Ask me anything: An error occurred: EOF when reading a line
Ask me anything: An error occurred: EOF when reading a line
Ask me anything: An error occurred: EOF when reading a line
Ask me anything: An error occurred: EOF when reading a line
Ask me anything: An error occurred: EOF when reading a line
Ask me anything: An error occurred: EOF when reading a line
Ask me anything: An error occurred: EOF when reading a line
Ask me anything: An error occurred: EOF when reading a line
Ask me anything: An error occurred: EOF when reading a line
Ask me anything: An error occurred: EOF when reading a line
Ask me anything: An error occurred: EOF when reading a line
Ask me anything: An error occurred: EOF when reading a line
Ask me anything: An error occurred: EOF when reading a line
Ask me anything: An error occurred: EOF when reading a line
Ask me anything: An error occurred: EOF when reading a line
Ask me anything: An error occurred: EOF when reading a line
Ask me anything: An error occurred: EOF when reading a line
Ask me anything: An error occurred: EOF when reading a line
Ask me anything: An error occurred: EOF when reading a line
Ask me anything: An error occurred: EOF when reading a line
Ask me anything: An error occurred: EOF when reading a line
Ask me anything: An error occurred: EOF when reading a line
Ask me anything: An error occurred: EOF when reading a line
Ask me anything: An error occurred: EOF when reading a line
Ask me anything: An error occurred: EOF when reading a line
Ask me anything: An error occurred: EOF when reading a line
Ask me anything: An error occurred: EOF when reading a line
Ask me anything: An error occurred: EOF when reading a line
Ask me anything: An error occurred: EOF when reading a line
Ask me anything: An error occurred: EOF when reading a line
Ask me anything: An error occurred: EOF when reading a line
Ask me anything: An error occurred: EOF when reading a line
Ask me anything: An error occurred: EOF when reading a line
Ask me anything: An error occurred: EOF when reading a line
Ask me anything: An error occurred: EOF when reading a line
Ask me anything: An error occurred: EOF when reading a line
Ask me anything: An error occurred: EOF when reading a line
Ask me anything: An error occurred: EOF when reading a line
Ask me anything: An error occurred: EOF when reading a line
Ask me anything: An error occurred: EOF when reading a line
Ask me anything: An error occurred: EOF when reading a line
Ask me anything: An error occurred: EOF when reading a line
Ask me anything: An error occurred: EOF when reading a line
Ask me anything: An error occurred: EOF when reading a line
Ask me anything: An error occurred: EOF when reading a line
Ask me anything: An error occurred: EOF when reading a line
Ask me anything: An error occurred: EOF when reading a line
Ask me anything: An error occurred: EOF when reading a line
Ask me anything: An error occurred: EOF when reading a line
Ask me anything: An error occurred: EOF when reading a line
Ask me anything: An error occurred: EOF when reading a line
Ask me anything: An error occurred: EOF when reading a line
Ask me anything: An error occurred: EOF when reading a line
Ask me anything: An error occurred: EOF when reading a line
Ask me anything: An error occurred: EOF when reading a line
Ask me anything: An error occurred: EOF when reading a line
Ask me anything: An error occurred: EOF when reading a line
Ask me anything: An error occurred: EOF when reading a line
Ask me anything: An error occurred: EOF when reading a line
Ask me anything: An error occurred: EOF when reading a line
Ask me anything: An error occurred: EOF when reading a line
Ask me anything: An error occurred: EOF when reading a line
Ask me anything: An error occurred: EOF when reading a line
Ask me anything: An error occurred: EOF when reading a line
Ask me anything: An error occurred: EOF when reading a line
Ask me anything: An error occurred: EOF when reading a line
Ask me anything: An error occurred: EOF when reading a line
Ask me anything: An error occurred: EOF when reading a line
Ask me anything: An error occurred: EOF when reading a line
Ask me anything: An error occurred: EOF when reading a line
Ask me anything: An error occurred: EOF when reading a line
Ask me anything: An error occurred: EOF when reading a line
Ask me anything: An error occurred: EOF when reading a line
Ask me anything: An error occurred: EOF when reading a line
Ask me anything: An error occurred: EOF when reading a line
Ask me anything: An error occurred: EOF when reading a line
Ask me anything: An error occurred: EOF when reading a line
Ask me anything: An error occurred: EOF when reading a line
Ask me anything: An error occurred: EOF when reading a line
Ask me anything: An error occurred: EOF when reading a line
Ask me anything: An error occurred: EOF when reading a line
Ask me anything: An error occurred: EOF when reading a line
Ask me anything: An error occurred: EOF when reading a line
Ask me anything: An error occurred: EOF when reading a line
Ask me anything: An error occurred: EOF when reading a line
Ask me anything: An error occurred: EOF when reading a line
Ask me anything: An error occurred: EOF when reading a line
Ask me anything: An error occurred: EOF when reading a line
Ask me anything: An error occurred: EOF when reading a line
Ask me anything: An error occurred: EOF when reading a line
Ask me anything: An error occurred: EOF when reading a line
Ask me anything: An error occurred: EOF when reading a line
Ask me anything: An error occurred: EOF when reading a line
Ask me anything: An error occurred: EOF when reading a line
Ask me anything: An error occurred: EOF when reading a line
Ask me anything: An error occurred: EOF when reading a line
Ask me anything: An error occurred: EOF when reading a line
Ask me anything: An error occurred: EOF when reading a line
Ask me anything: An error occurred: EOF when reading a line
Ask me anything: An error occurred: EOF when reading a line
Ask me anything: An error occurred: EOF when reading a line
Ask me anything: An error occurred: EOF when reading a line
Ask me anything: An error occurred: EOF when reading a line
Ask me anything: An error occurred: EOF when reading a line
Ask me anything: An error occurred: EOF when reading a line
Ask me anything: An error occurred: EOF when reading a line
Ask me anything: An error occurred: EOF when reading a line
Ask me anything: An error occurred: EOF when reading a line
Ask me anything: An error occurred: EOF when reading a line
Ask me anything: An error occurred: EOF when reading a line
Ask me anything: An error occurred: EOF when reading a line
Ask me anything: An error occurred: EOF when reading a line
Ask me anything: An error occurred: EOF when reading a line
Ask me anything: An error occurred: EOF when reading a line
Ask me anything: An error occurred: EOF when reading a line
Ask me anything: An error occurred: EOF when reading a line
Ask me anything: An error occurred: EOF when reading a line
Ask me anything: An error occurred: EOF when reading a line
Ask me anything: An error occurred: EOF when reading a line
Ask me anything: An error occurred: EOF when reading a line
Ask me anything: An error occurred: EOF when reading a line
Ask me anything: An error occurred: EOF when reading a line
Ask me anything: An error occurred: EOF when reading a line
Ask me anything: An error occurred: EOF when reading a line
Ask me anything: An error occurred: EOF when reading a line
Ask me anything: An error occurred: EOF when reading a line
Ask me anything: An error occurred: EOF when reading a line
Ask me anything: An error occurred: EOF when reading a line
Ask me anything: An error occurred: EOF when reading a line
Ask me anything: An error occurred: EOF when reading a line
Ask me anything: An error occurred: EOF when reading a line
Ask me anything: An error occurred: EOF when reading a line
Ask me anything: An error occurred: EOF when reading a line
Ask me anything: An error occurred: EOF when reading a line
Ask me anything: An error occurred: EOF when reading a line
Ask me anything: An error occurred: EOF when reading a line
Ask me anything: An error occurred: EOF when reading a line
Ask me anything: An error occurred: EOF when reading a line
Ask me anything: An error occurred: EOF when reading a line
Ask me anything: An error occurred: EOF when reading a line
Ask me anything: An error occurred: EOF when reading a line
Ask me anything: An error occurred: EOF when reading a line
Ask me anything: An error occurred: EOF when reading a line
Ask me anything: An error occurred: EOF when reading a line
Ask me anything: An error occurred: EOF when reading a line
Ask me anything: An error occurred: EOF when reading a line
Ask me anything: An error occurred: EOF when reading a line
Ask me anything: An error occurred: EOF when reading a line
Ask me anything: An error occurred: EOF when reading a line
Ask me anything: An error occurred: EOF when reading a line
Ask me anything: An error occurred: EOF when reading a line
Ask me anything: An error occurred: EOF when reading a line
Ask me anything: An error occurred: EOF when reading a line
Ask me anything: An error occurred: EOF when reading a line
Ask me anything: An error occurred: EOF when reading a line
Ask me anything: An error occurred: EOF when reading a line
Ask me anything: An error occurred: EOF when reading a line
Ask me anything: An error occurred: EOF when reading a line
Ask me anything: An error occurred: EOF when reading a line
Ask me anything: An error occurred: EOF when reading a line
Ask me anything: An error occurred: EOF when reading a line
Ask me anything: An error occurred: EOF when reading a line
Ask me anything: An error occurred: EOF when reading a line
Ask me anything: An error occurred: EOF when reading a line
Ask me anything: An error occurred: EOF when reading a line
Ask me anything: An error occurred: EOF when reading a line
Ask me anything: An error occurred: EOF when reading a line
Ask me anything: An error occurred: EOF when reading a line
Ask me anything: An error occurred: EOF when reading a line
Ask me anything: An error occurred: EOF when reading a line
Ask me anything: An error occurred: EOF when reading a line
Ask me anything: An error occurred: EOF when reading a line
Ask me anything: An error occurred: EOF when reading a line
Ask me anything: An error occurred: EOF when reading a line
Ask me anything: An error occurred: EOF when reading a line
Ask me anything: An error occurred: EOF when reading a line
Ask me anything: An error occurred: EOF when reading a line
Ask me anything: An error occurred: EOF when reading a line
Ask me anything: An error occurred: EOF when reading a line
Ask me anything: An error occurred: EOF when reading a line
Ask me anything: An error occurred: EOF when reading a line
Ask me anything: An error occurred: EOF when reading a line
Ask me anything: An error occurred: EOF when reading a line
Ask me anything: An error occurred: EOF when reading a line
Ask me anything: An error occurred: EOF when reading a line
Ask me anything: An error occurred: EOF when reading a line
Ask me anything: An error occurred: EOF when reading a line
Ask me anything: An error occurred: EOF when reading a line
Ask me anything: An error occurred: EOF when reading a line
Ask me anything: An error occurred: EOF when reading a line
Ask me anything: An error occurred: EOF when reading a line
Ask me anything: An error occurred: EOF when reading a line
Ask me anything: An error occurred: EOF when reading a line
Ask me anything: An error occurred: EOF when reading a line
Ask me anything: An error occurred: EOF when reading a line
Ask me anything: An error occurred: EOF when reading a line
Ask me anything: An error occurred: EOF when reading a line
Ask me anything: An error occurred: EOF when reading a line
Ask me anything: An error occurred: EOF when reading a line
Ask me anything: An error occurred: EOF when reading a line
Ask me anything: An error occurred: EOF when reading a line
Ask me anything: An error occurred: EOF when reading a line
Ask me anything: An error occurred: EOF when reading a line
Ask me anything: An error occurred: EOF when reading a line
Ask me anything: An error occurred: EOF when reading a line
Ask me anything: An error occurred: EOF when reading a line
Ask me anything: An error occurred: EOF when reading a line
Ask me anything: An error occurred: EOF when reading a line
Ask me anything: An error occurred: EOF when reading a line
Ask me anything: An error occurred: EOF when reading a line
Ask me anything: An error occurred: EOF when reading a line
Ask me anything: An error occurred: EOF when reading a line
Ask me anything: An error occurred: EOF when reading a line
Ask me anything: An error occurred: EOF when reading a line
Ask me anything: An error occurred: EOF when reading a line
Ask me anything: An error occurred: EOF when reading a line
Ask me anything: An error occurred: EOF when reading a line
Ask me anything: An error occurred: EOF when reading a line
Ask me anything: An error occurred: EOF when reading a line
Ask me anything: An error occurred: EOF when reading a line
Ask me anything: An error occurred: EOF when reading a line
Ask me anything: An error occurred: EOF when reading a line
Ask me anything: An error occurred: EOF when reading a line
Ask me anything: An error occurred: EOF when reading a line
Ask me anything: An error occurred: EOF when reading a line
Ask me anything: An error occurred: EOF when reading a line
Ask me anything: An error occurred: EOF when reading a line
Ask me anything: An error occurred: EOF when reading a line
Ask me anything: An error occurred: EOF when reading a line
Ask me anything: An error occurred: EOF when reading a line
Ask me anything: An error occurred: EOF when reading a line
Ask me anything: An error occurred: EOF when reading a line
Ask me anything: An error occurred: EOF when reading a line
Ask me anything: An error occurred: EOF when reading a line
Ask me anything: An error occurred: EOF when reading a line
Ask me anything: An error occurred: EOF when reading a line
Ask me anything: An error occurred: EOF when reading a line
Ask me anything: An error occurred: EOF when reading a line
Ask me anything: An error occurred: EOF when reading a line
Ask me anything: An error occurred: EOF when reading a line
Ask me anything: An error occurred: EOF when reading a line
Ask me anything: An error occurred: EOF when reading a line
Ask me anything: An error occurred: EOF when reading a line
Ask me anything: An error occurred: EOF when reading a line
Ask me anything: An error occurred: EOF when reading a line
Ask me anything: An error occurred: EOF when reading a line
Ask me anything: An error occurred: EOF when reading a line
Ask me anything: An error occurred: EOF when reading a line
Ask me anything: An error occurred: EOF when reading a line
Ask me anything: An error occurred: EOF when reading a line
Ask me anything: An error occurred: EOF when reading a line
Ask me anything: An error occurred: EOF when reading a line
Ask me anything: An error occurred: EOF when reading a line
Ask me anything: An error occurred: EOF when reading a line
Ask me anything: An error occurred: EOF when reading a line
Ask me anything: An error occurred: EOF when reading a line
Ask me anything: An error occurred: EOF when reading a line
Ask me anything: An error occurred: EOF when reading a line
Ask me anything: An error occurred: EOF when reading a line
Ask me anything: An error occurred: EOF when reading a line
Ask me anything: An error occurred: EOF when reading a line
Ask me anything: An error occurred: EOF when reading a line
Ask me anything: An error occurred: EOF when reading a line
Ask me anything: An error occurred: EOF when reading a line
Ask me anything: An error occurred: EOF when reading a line
Ask me anything: An error occurred: EOF when reading a line
Ask me anything: An error occurred: EOF when reading a line
Ask me anything: An error occurred: EOF when reading a line
Ask me anything: An error occurred: EOF when reading a line
Ask me anything: An error occurred: EOF when reading a line
Ask me anything: An error occurred: EOF when reading a line
Ask me anything: An error occurred: EOF when reading a line
Ask me anything: An error occurred: EOF when reading a line
Ask me anything: An error occurred: EOF when reading a line
Ask me anything: An error occurred: EOF when reading a line
Ask me anything: An error occurred: EOF when reading a line
Ask me anything: An error occurred: EOF when reading a line
Ask me anything: An error occurred: EOF when reading a line
Ask me anything: An error occurred: EOF when reading a line
Ask me anything: An error occurred: EOF when reading a line
Ask me anything: An error occurred: EOF when reading a line
Ask me anything: An error occurred: EOF when reading a line
Ask me anything: An error occurred: EOF when reading a line
Ask me anything: An error occurred: EOF when reading a line
Ask me anything: An error occurred: EOF when reading a line
Ask me anything: An error occurred: EOF when reading a line
Ask me anything: An error occurred: EOF when reading a line
Ask me anything: An error occurred: EOF when reading a line
Ask me anything: An error occurred: EOF when reading a line
Ask me anything: An error occurred: EOF when reading a line
Ask me anything: An error occurred: EOF when reading a line
Ask me anything: An error occurred: EOF when reading a line
Ask me anything: An error occurred: EOF when reading a line
Ask me anything: An error occurred: EOF when reading a line
Ask me anything: An error occurred: EOF when reading a line
Ask me anything: An error occurred: EOF when reading a line
Ask me anything: An error occurred: EOF when reading a line
Ask me anything: An error occurred: EOF when reading a line
Ask me anything: An error occurred: EOF when reading a line
Ask me anything: An error occurred: EOF when reading a line
Ask me anything: An error occurred: EOF when reading a line
Ask me anything: An error occurred: EOF when reading a line
Ask me anything: An error occurred: EOF when reading a line
Ask me anything: An error occurred: EOF when reading a line
Ask me anything: An error occurred: EOF when reading a line
Ask me anything: An error occurred: EOF when reading a line
Ask me anything: An error occurred: EOF when reading a line
Ask me anything: An error occurred: EOF when reading a line
Ask me anything: An error occurred: EOF when reading a line
Ask me anything: An error occurred: EOF when reading a line
Ask me anything: An error occurred: EOF when reading a line
Ask me anything: An error occurred: EOF when reading a line
Ask me anything: An error occurred: EOF when reading a line
Ask me anything: An error occurred: EOF when reading a line
Ask me anything: An error occurred: EOF when reading a line
Ask me anything: An error occurred: EOF when reading a line
Ask me anything: An error occurred: EOF when reading a line
Ask me anything: An error occurred: EOF when reading a line
Ask me anything: An error occurred: EOF when reading a line
Ask me anything: An error occurred: EOF when reading a line
Ask me anything: An error occurred: EOF when reading a line
Ask me anything: An error occurred: EOF when reading a line
Ask me anything: An error occurred: EOF when reading a line
Ask me anything: An error occurred: EOF when reading a line
Ask me anything: An error occurred: EOF when reading a line
Ask me anything: An error occurred: EOF when reading a line
Ask me anything: An error occurred: EOF when reading a line
Ask me anything: An error occurred: EOF when reading a line
Ask me anything: An error occurred: EOF when reading a line
Ask me anything: An error occurred: EOF when reading a line
Ask me anything: An error occurred: EOF when reading a line
Ask me anything: An error occurred: EOF when reading a line
Ask me anything: An error occurred: EOF when reading a line
Ask me anything: An error occurred: EOF when reading a line
Ask me anything: An error occurred: EOF when reading a line
Ask me anything: An error occurred: EOF when reading a line
Ask me anything: An error occurred: EOF when reading a line
Ask me anything: An error occurred: EOF when reading a line
Ask me anything: An error occurred: EOF when reading a line
Ask me anything: An error occurred: EOF when reading a line
Ask me anything: An error occurred: EOF when reading a line
Ask me anything: An error occurred: EOF when reading a line
Ask me anything: An error occurred: EOF when reading a line
Ask me anything: An error occurred: EOF when reading a line
Ask me anything: An error occurred: EOF when reading a line
Ask me anything: An error occurred: EOF when reading a line
Ask me anything: An error occurred: EOF when reading a line
Ask me anything: An error occurred: EOF when reading a line
Ask me anything: An error occurred: EOF when reading a line
Ask me anything: An error occurred: EOF when reading a line
Ask me anything: An error occurred: EOF when reading a line
Ask me anything: An error occurred: EOF when reading a line
Ask me anything: An error occurred: EOF when reading a line
Ask me anything: An error occurred: EOF when reading a line
Ask me anything: An error occurred: EOF when reading a line
Ask me anything: An error occurred: EOF when reading a line
Ask me anything: An error occurred: EOF when reading a line
Ask me anything: An error occurred: EOF when reading a line
Ask me anything: An error occurred: EOF when reading a line
Ask me anything: An error occurred: EOF when reading a line
Ask me anything: An error occurred: EOF when reading a line
Ask me anything: An error occurred: EOF when reading a line
Ask me anything: An error occurred: EOF when reading a line
Ask me anything: An error occurred: EOF when reading a line
Ask me anything: An error occurred: EOF when reading a line
Ask me anything: An error occurred: EOF when reading a line
Ask me anything: An error occurred: EOF when reading a line
Ask me anything: An error occurred: EOF when reading a line
Ask me anything: An error occurred: EOF when reading a line
Ask me anything: An error occurred: EOF when reading a line
Ask me anything: An error occurred: EOF when reading a line
Ask me anything: An error occurred: EOF when reading a line
Ask me anything: An error occurred: EOF when reading a line
Ask me anything: An error occurred: EOF when reading a line
Ask me anything: An error occurred: EOF when reading a line
Ask me anything: An error occurred: EOF when reading a line
Ask me anything: An error occurred: EOF when reading a line
Ask me anything: An error occurred: EOF when reading a line
Ask me anything: An error occurred: EOF when reading a line
Ask me anything: An error occurred: EOF when reading a line
Ask me anything: An error occurred: EOF when reading a line
Ask me anything: An error occurred: EOF when reading a line
Ask me anything: An error occurred: EOF when reading a line
Ask me anything: An error occurred: EOF when reading a line
Ask me anything: An error occurred: EOF when reading a line
Ask me anything: An error occurred: EOF when reading a line
Ask me anything: An error occurred: EOF when reading a line
Ask me anything: An error occurred: EOF when reading a line
Ask me anything: An error occurred: EOF when reading a line
Ask me anything: An error occurred: EOF when reading a line
Ask me anything: An error occurred: EOF when reading a line
Ask me anything: An error occurred: EOF when reading a line
Ask me anything: An error occurred: EOF when reading a line
Ask me anything: An error occurred: EOF when reading a line
Ask me anything: An error occurred: EOF when reading a line
Ask me anything: An error occurred: EOF when reading a line
Ask me anything: An error occurred: EOF when reading a line
Ask me anything: An error occurred: EOF when reading a line
Ask me anything: An error occurred: EOF when reading a line
Ask me anything: An error occurred: EOF when reading a line
Ask me anything: An error occurred: EOF when reading a line
Ask me anything: An error occurred: EOF when reading a line
Ask me anything: An error occurred: EOF when reading a line
Ask me anything: An error occurred: EOF when reading a line
Ask me anything: An error occurred: EOF when reading a line
Ask me anything: An error occurred: EOF when reading a line
Ask me anything: An error occurred: EOF when reading a line
Ask me anything: An error occurred: EOF when reading a line
Ask me anything: An error occurred: EOF when reading a line
Ask me anything: An error occurred: EOF when reading a line
Ask me anything: An error occurred: EOF when reading a line
Ask me anything: An error occurred: EOF when reading a line
Ask me anything: An error occurred: EOF when reading a line
Ask me anything: An error occurred: EOF when reading a line
Ask me anything: An error occurred: EOF when reading a line
Ask me anything: An error occurred: EOF when reading a line
Ask me anything: An error occurred: EOF when reading a line
Ask me anything: An error occurred: EOF when reading a line
Ask me anything: An error occurred: EOF when reading a line
Ask me anything: An error occurred: EOF when reading a line
Ask me anything: An error occurred: EOF when reading a line
Ask me anything: An error occurred: EOF when reading a line
Ask me anything: An error occurred: EOF when reading a line
Ask me anything: An error occurred: EOF when reading a line
Ask me anything: An error occurred: EOF when reading a line
Ask me anything: An error occurred: EOF when reading a line
Ask me anything: An error occurred: EOF when reading a line
Ask me anything: An error occurred: EOF when reading a line
Ask me anything: An error occurred: EOF when reading a line
Ask me anything: An error occurred: EOF when reading a line
Ask me anything: An error occurred: EOF when reading a line
Ask me anything: An error occurred: EOF when reading a line
Ask me anything: An error occurred: EOF when reading a line
Ask me anything: An error occurred: EOF when reading a line
Ask me anything: An error occurred: EOF when reading a line
Ask me anything: An error occurred: EOF when reading a line
Ask me anything: An error occurred: EOF when reading a line
Ask me anything: An error occurred: EOF when reading a line
Ask me anything: An error occurred: EOF when reading a line
Ask me anything: An error occurred: EOF when reading a line
Ask me anything: An error occurred: EOF when reading a line
Ask me anything: An error occurred: EOF when reading a line
Ask me anything: An error occurred: EOF when reading a line
Ask me anything: An error occurred: EOF when reading a line
Ask me anything: An error occurred: EOF when reading a line
Ask me anything: An error occurred: EOF when reading a line
Ask me anything: An error occurred: EOF when reading a line
Ask me anything: An error occurred: EOF when reading a line
Ask me anything: An error occurred: EOF when reading a line
Ask me anything: An error occurred: EOF when reading a line
Ask me anything: An error occurred: EOF when reading a line
Ask me anything: An error occurred: EOF when reading a line
Ask me anything: An error occurred: EOF when reading a line
Ask me anything: An error occurred: EOF when reading a line
Ask me anything: An error occurred: EOF when reading a line
Ask me anything: An error occurred: EOF when reading a line
Ask me anything: An error occurred: EOF when reading a line
Ask me anything: An error occurred: EOF when reading a line
Ask me anything: An error occurred: EOF when reading a line
Ask me anything: An error occurred: EOF when reading a line
Ask me anything: An error occurred: EOF when reading a line
Ask me anything: An error occurred: EOF when reading a line
Ask me anything: An error occurred: EOF when reading a line
Ask me anything: An error occurred: EOF when reading a line
Ask me anything: An error occurred: EOF when reading a line
Ask me anything: An error occurred: EOF when reading a line
Ask me anything: An error occurred: EOF when reading a line
Ask me anything: An error occurred: EOF when reading a line
Ask me anything: An error occurred: EOF when reading a line
Ask me anything: An error occurred: EOF when reading a line
Ask me anything: An error occurred: EOF when reading a line
Ask me anything: An error occurred: EOF when reading a line
Ask me anything: An error occurred: EOF when reading a line
Ask me anything: An error occurred: EOF when reading a line
Ask me anything: An error occurred: EOF when reading a line
Ask me anything: An error occurred: EOF when reading a line
Ask me anything: An error occurred: EOF when reading a line
Ask me anything: An error occurred: EOF when reading a line
Ask me anything: An error occurred: EOF when reading a line
Ask me anything: An error occurred: EOF when reading a line
Ask me anything: An error occurred: EOF when reading a line
Ask me anything: An error occurred: EOF when reading a line
Ask me anything: An error occurred: EOF when reading a line
Ask me anything: An error occurred: EOF when reading a line
Ask me anything: An error occurred: EOF when reading a line
Ask me anything: An error occurred: EOF when reading a line
Ask me anything: An error occurred: EOF when reading a line
Ask me anything: An error occurred: EOF when reading a line
Ask me anything: An error occurred: EOF when reading a line
Ask me anything: An error occurred: EOF when reading a line
Ask me anything: An error occurred: EOF when reading a line
Ask me anything: An error occurred: EOF when reading a line
Ask me anything: An error occurred: EOF when reading a line
Ask me anything: An error occurred: EOF when reading a line
Ask me anything: An error occurred: EOF when reading a line
Ask me anything: An error occurred: EOF when reading a line
Ask me anything: An error occurred: EOF when reading a line
Ask me anything: An error occurred: EOF when reading a line
Ask me anything: An error occurred: EOF when reading a line
Ask me anything: An error occurred: EOF when reading a line
Ask me anything: An error occurred: EOF when reading a line
Ask me anything: An error occurred: EOF when reading a line
Ask me anything: An error occurred: EOF when reading a line
Ask me anything: An error occurred: EOF when reading a line
Ask me anything: An error occurred: EOF when reading a line
Ask me anything: An error occurred: EOF when reading a line
Ask me anything: An error occurred: EOF when reading a line
Ask me anything: An error occurred: EOF when reading a line
Ask me anything: An error occurred: EOF when reading a line
Ask me anything: An error occurred: EOF when reading a line
Ask me anything: An error occurred: EOF when reading a line
Ask me anything: An error occurred: EOF when reading a line
Ask me anything: An error occurred: EOF when reading a line
Ask me anything: An error occurred: EOF when reading a line
Ask me anything: An error occurred: EOF when reading a line
Ask me anything: An error occurred: EOF when reading a line
Ask me anything: An error occurred: EOF when reading a line
Ask me anything: An error occurred: EOF when reading a line
Ask me anything: An error occurred: EOF when reading a line
Ask me anything: An error occurred: EOF when reading a line
Ask me anything: An error occurred: EOF when reading a line
Ask me anything: An error occurred: EOF when reading a line
Ask me anything: An error occurred: EOF when reading a line
Ask me anything: An error occurred: EOF when reading a line
Ask me anything: An error occurred: EOF when reading a line
Ask me anything: An error occurred: EOF when reading a line
Ask me anything: An error occurred: EOF when reading a line
Ask me anything: An error occurred: EOF when reading a line
Ask me anything: An error occurred: EOF when reading a line
Ask me anything: An error occurred: EOF when reading a line
Ask me anything: An error occurred: EOF when reading a line
Ask me anything: An error occurred: EOF when reading a line
Ask me anything: An error occurred: EOF when reading a line
Ask me anything: An error occurred: EOF when reading a line
Ask me anything: An error occurred: EOF when reading a line
Ask me anything: An error occurred: EOF when reading a line
Ask me anything: An error occurred: EOF when reading a line
Ask me anything: An error occurred: EOF when reading a line
Ask me anything: An error occurred: EOF when reading a line
Ask me anything: An error occurred: EOF when reading a line
Ask me anything: An error occurred: EOF when reading a line
Ask me anything: An error occurred: EOF when reading a line
Ask me anything: An error occurred: EOF when reading a line
Ask me anything: An error occurred: EOF when reading a line
Ask me anything: An error occurred: EOF when reading a line
Ask me anything: An error occurred: EOF when reading a line
Ask me anything: An error occurred: EOF when reading a line
Ask me anything: An error occurred: EOF when reading a line
Ask me anything: An error occurred: EOF when reading a line
Ask me anything: An error occurred: EOF when reading a line
Ask me anything: An error occurred: EOF when reading a line
Ask me anything: An error occurred: EOF when reading a line
Ask me anything: An error occurred: EOF when reading a line
Ask me anything: An error occurred: EOF when reading a line
Ask me anything: An error occurred: EOF when reading a line
Ask me anything: An error occurred: EOF when reading a line
Ask me anything: An error occurred: EOF when reading a line
Ask me anything: An error occurred: EOF when reading a line
Ask me anything: An error occurred: EOF when reading a line
Ask me anything: An error occurred: EOF when reading a line
Ask me anything: An error occurred: EOF when reading a line
Ask me anything: An error occurred: EOF when reading a line
Ask me anything: An error occurred: EOF when reading a line
Ask me anything: An error occurred: EOF when reading a line
Ask me anything: An error occurred: EOF when reading a line
Ask me anything: An error occurred: EOF when reading a line
Ask me anything: An error occurred: EOF when reading a line
Ask me anything: An error occurred: EOF when reading a line
Ask me anything: An error occurred: EOF when reading a line
Ask me anything: An error occurred: EOF when reading a line
Ask me anything: An error occurred: EOF when reading a line
Ask me anything: An error occurred: EOF when reading a line
Ask me anything: An error occurred: EOF when reading a line
Ask me anything: An error occurred: EOF when reading a line
Ask me anything: An error occurred: EOF when reading a line
Ask me anything: An error occurred: EOF when reading a line
Ask me anything: An error occurred: EOF when reading a line
Ask me anything: An error occurred: EOF when reading a line
Ask me anything: An error occurred: EOF when reading a line
Ask me anything: An error occurred: EOF when reading a line
Ask me anything: An error occurred: EOF when reading a line
Ask me anything: An error occurred: EOF when reading a line
Ask me anything: An error occurred: EOF when reading a line
Ask me anything: An error occurred: EOF when reading a line
Ask me anything: An error occurred: EOF when reading a line
Ask me anything: An error occurred: EOF when reading a line
Ask me anything: An error occurred: EOF when reading a line
Ask me anything: An error occurred: EOF when reading a line
Ask me anything: An error occurred: EOF when reading a line
Ask me anything: An error occurred: EOF when reading a line
Ask me anything: An error occurred: EOF when reading a line
Ask me anything: An error occurred: EOF when reading a line
Ask me anything: An error occurred: EOF when reading a line
Ask me anything: An error occurred: EOF when reading a line
Ask me anything: An error occurred: EOF when reading a line
Ask me anything: An error occurred: EOF when reading a line
Ask me anything: An error occurred: EOF when reading a line
Ask me anything: An error occurred: EOF when reading a line
Ask me anything: An error occurred: EOF when reading a line
Ask me anything: An error occurred: EOF when reading a line
Ask me anything: An error occurred: EOF when reading a line
Ask me anything: An error occurred: EOF when reading a line
Ask me anything: An error occurred: EOF when reading a line
Ask me anything: An error occurred: EOF when reading a line
Ask me anything: An error occurred: EOF when reading a line
Ask me anything: An error occurred: EOF when reading a line
Ask me anything: An error occurred: EOF when reading a line
Ask me anything: An error occurred: EOF when reading a line
Ask me anything: An error occurred: EOF when reading a line
Ask me anything: An error occurred: EOF when reading a line
Ask me anything: An error occurred: EOF when reading a line
Ask me anything: An error occurred: EOF when reading a line
Ask me anything: An error occurred: EOF when reading a line
Ask me anything: An error occurred: EOF when reading a line
Ask me anything: An error occurred: EOF when reading a line
Ask me anything: An error occurred: EOF when reading a line
Ask me anything: An error occurred: EOF when reading a line
Ask me anything: An error occurred: EOF when reading a line
Ask me anything: An error occurred: EOF when reading a line
Ask me anything: An error occurred: EOF when reading a line
Ask me anything: An error occurred: EOF when reading a line
Ask me anything: An error occurred: EOF when reading a line
Ask me anything: An error occurred: EOF when reading a line
Ask me anything: An error occurred: EOF when reading a line
Ask me anything: An error occurred: EOF when reading a line
Ask me anything: An error occurred: EOF when reading a line
Ask me anything: An error occurred: EOF when reading a line
Ask me anything: An error occurred: EOF when reading a line
Ask me anything: An error occurred: EOF when reading a line
Ask me anything: An error occurred: EOF when reading a line
Ask me anything: An error occurred: EOF when reading a line
Ask me anything: An error occurred: EOF when reading a line
Ask me anything: An error occurred: EOF when reading a line
Ask me anything: An error occurred: EOF when reading a line
Ask me anything: An error occurred: EOF when reading a line
Ask me anything: An error occurred: EOF when reading a line
Ask me anything: An error occurred: EOF when reading a line
Ask me anything: An error occurred: EOF when reading a line
Ask me anything: An error occurred: EOF when reading a line
Ask me anything: An error occurred: EOF when reading a line
Ask me anything: An error occurred: EOF when reading a line
Ask me anything: An error occurred: EOF when reading a line
Ask me anything: An error occurred: EOF when reading a line
Ask me anything: An error occurred: EOF when reading a line
Ask me anything: An error occurred: EOF when reading a line
Ask me anything: An error occurred: EOF when reading a line
Ask me anything: An error occurred: EOF when reading a line
Ask me anything: An error occurred: EOF when reading a line
Ask me anything: An error occurred: EOF when reading a line
Ask me anything: An error occurred: EOF when reading a line
Ask me anything: An error occurred: EOF when reading a line
Ask me anything: An error occurred: EOF when reading a line
Ask me anything: An error occurred: EOF when reading a line
Ask me anything: An error occurred: EOF when reading a line
Ask me anything: An error occurred: EOF when reading a line
Ask me anything: An error occurred: EOF when reading a line
Ask me anything: An error occurred: EOF when reading a line
Ask me anything: An error occurred: EOF when reading a line
Ask me anything: An error occurred: EOF when reading a line
Ask me anything: An error occurred: EOF when reading a line
Ask me anything: An error occurred: EOF when reading a line
Ask me anything: An error occurred: EOF when reading a line
Ask me anything: An error occurred: EOF when reading a line
Ask me anything: An error occurred: EOF when reading a line
Ask me anything: An error occurred: EOF when reading a line
Ask me anything: An error occurred: EOF when reading a line
Ask me anything: An error occurred: EOF when reading a line
Ask me anything: An error occurred: EOF when reading a line
Ask me anything: An error occurred: EOF when reading a line
Ask me anything: An error occurred: EOF when reading a line
Ask me anything: An error occurred: EOF when reading a line
Ask me anything: An error occurred: EOF when reading a line
Ask me anything: An error occurred: EOF when reading a line
Ask me anything: An error occurred: EOF when reading a line
Ask me anything: An error occurred: EOF when reading a line
Ask me anything: An error occurred: EOF when reading a line
Ask me anything: An error occurred: EOF when reading a line
Ask me anything: An error occurred: EOF when reading a line
Ask me anything: An error occurred: EOF when reading a line
Ask me anything: An error occurred: EOF when reading a line
Ask me anything: An error occurred: EOF when reading a line
Ask me anything: An error occurred: EOF when reading a line
Ask me anything: An error occurred: EOF when reading a line
Ask me anything: An error occurred: EOF when reading a line
Ask me anything: An error occurred: EOF when reading a line
Ask me anything: An error occurred: EOF when reading a line
Ask me anything: An error occurred: EOF when reading a line
Ask me anything: An error occurred: EOF when reading a line
Ask me anything: An error occurred: EOF when reading a line
Ask me anything: An error occurred: EOF when reading a line
Ask me anything: An error occurred: EOF when reading a line
Ask me anything: An error occurred: EOF when reading a line
Ask me anything: An error occurred: EOF when reading a line
Ask me anything: An error occurred: EOF when reading a line
Ask me anything: An error occurred: EOF when reading a line
Ask me anything: An error occurred: EOF when reading a line
Ask me anything: An error occurred: EOF when reading a line
Ask me anything: An error occurred: EOF when reading a line
Ask me anything: An error occurred: EOF when reading a line
Ask me anything: An error occurred: EOF when reading a line
Ask me anything: An error occurred: EOF when reading a line
Ask me anything: An error occurred: EOF when reading a line
Ask me anything: An error occurred: EOF when reading a line
Ask me anything: An error occurred: EOF when reading a line
Ask me anything: An error occurred: EOF when reading a line
Ask me anything: An error occurred: EOF when reading a line
Ask me anything: An error occurred: EOF when reading a line
Ask me anything: An error occurred: EOF when reading a line
Ask me anything: An error occurred: EOF when reading a line
Ask me anything: An error occurred: EOF when reading a line
Ask me anything: An error occurred: EOF when reading a line
Ask me anything: An error occurred: EOF when reading a line
Ask me anything: An error occurred: EOF when reading a line
Ask me anything: An error occurred: EOF when reading a line
Ask me anything: An error occurred: EOF when reading a line
Ask me anything: An error occurred: EOF when reading a line
Ask me anything: An error occurred: EOF when reading a line
Ask me anything: An error occurred: EOF when reading a line
Ask me anything: An error occurred: EOF when reading a line
Ask me anything: An error occurred: EOF when reading a line
Ask me anything: An error occurred: EOF when reading a line
Ask me anything: An error occurred: EOF when reading a line
Ask me anything: An error occurred: EOF when reading a line
Ask me anything: An error occurred: EOF when reading a line
Ask me anything: An error occurred: EOF when reading a line
Ask me anything: An error occurred: EOF when reading a line
Ask me anything: An error occurred: EOF when reading a line
Ask me anything: An error occurred: EOF when reading a line
Ask me anything: An error occurred: EOF when reading a line
Ask me anything: An error occurred: EOF when reading a line
Ask me anything: An error occurred: EOF when reading a line
Ask me anything: An error occurred: EOF when reading a line
Ask me anything: An error occurred: EOF when reading a line
Ask me anything: An error occurred: EOF when reading a line
Ask me anything: An error occurred: EOF when reading a line
Ask me anything: An error occurred: EOF when reading a line
Ask me anything: An error occurred: EOF when reading a line
Ask me anything: An error occurred: EOF when reading a line
Ask me anything: An error occurred: EOF when reading a line
Ask me anything: An error occurred: EOF when reading a line
Ask me anything: An error occurred: EOF when reading a line
Ask me anything: An error occurred: EOF when reading a line
Ask me anything: An error occurred: EOF when reading a line
Ask me anything: An error occurred: EOF when reading a line
Ask me anything: An error occurred: EOF when reading a line
Ask me anything: An error occurred: EOF when reading a line
Ask me anything: An error occurred: EOF when reading a line
Ask me anything: An error occurred: EOF when reading a line
Ask me anything: An error occurred: EOF when reading a line
Ask me anything: An error occurred: EOF when reading a line
Ask me anything: An error occurred: EOF when reading a line
Ask me anything: An error occurred: EOF when reading a line
Ask me anything: An error occurred: EOF when reading a line
Ask me anything: An error occurred: EOF when reading a line
Ask me anything: An error occurred: EOF when reading a line
Ask me anything: An error occurred: EOF when reading a line
Ask me anything: An error occurred: EOF when reading a line
Ask me anything: An error occurred: EOF when reading a line
Ask me anything: An error occurred: EOF when reading a line
Ask me anything: An error occurred: EOF when reading a line
Ask me anything: An error occurred: EOF when reading a line
Ask me anything: An error occurred: EOF when reading a line
Ask me anything: An error occurred: EOF when reading a line
Ask me anything: An error occurred: EOF when reading a line
Ask me anything: An error occurred: EOF when reading a line
Ask me anything: An error occurred: EOF when reading a line
Ask me anything: An error occurred: EOF when reading a line
Ask me anything: An error occurred: EOF when reading a line
Ask me anything: An error occurred: EOF when reading a line
Ask me anything: An error occurred: EOF when reading a line
Ask me anything: An error occurred: EOF when reading a line
Ask me anything: An error occurred: EOF when reading a line
Ask me anything: An error occurred: EOF when reading a line
Ask me anything: An error occurred: EOF when reading a line
Ask me anything: An error occurred: EOF when reading a line
Ask me anything: An error occurred: EOF when reading a line
Ask me anything: An error occurred: EOF when reading a line
Ask me anything: An error occurred: EOF when reading a line
Ask me anything: An error occurred: EOF when reading a line
Ask me anything: An error occurred: EOF when reading a line
Ask me anything: An error occurred: EOF when reading a line
Ask me anything: An error occurred: EOF when reading a line
Ask me anything: An error occurred: EOF when reading a line
Ask me anything: An error occurred: EOF when reading a line
Ask me anything: An error occurred: EOF when reading a line
Ask me anything: An error occurred: EOF when reading a line
Ask me anything: An error occurred: EOF when reading a line
Ask me anything: An error occurred: EOF when reading a line
Ask me anything: An error occurred: EOF when reading a line
Ask me anything: An error occurred: EOF when reading a line
Ask me anything: An error occurred: EOF when reading a line
Ask me anything: An error occurred: EOF when reading a line
Ask me anything: An error occurred: EOF when reading a line
Ask me anything: An error occurred: EOF when reading a line
Ask me anything: An error occurred: EOF when reading a line
Ask me anything: An error occurred: EOF when reading a line
Ask me anything: An error occurred: EOF when reading a line
Ask me anything: An error occurred: EOF when reading a line
Ask me anything: An error occurred: EOF when reading a line
Ask me anything: An error occurred: EOF when reading a line
Ask me anything: An error occurred: EOF when reading a line
Ask me anything: An error occurred: EOF when reading a line
Ask me anything: An error occurred: EOF when reading a line
Ask me anything: An error occurred: EOF when reading a line
Ask me anything: An error occurred: EOF when reading a line
Ask me anything: An error occurred: EOF when reading a line
Ask me anything: An error occurred: EOF when reading a line
Ask me anything: An error occurred: EOF when reading a line
Ask me anything: An error occurred: EOF when reading a line
Ask me anything: An error occurred: EOF when reading a line
Ask me anything: An error occurred: EOF when reading a line
Ask me anything: An error occurred: EOF when reading a line
Ask me anything: An error occurred: EOF when reading a line
Ask me anything: An error occurred: EOF when reading a line
Ask me anything: An error occurred: EOF when reading a line
Ask me anything: An error occurred: EOF when reading a line
Ask me anything: An error occurred: EOF when reading a line
Ask me anything: An error occurred: EOF when reading a line
Ask me anything: An error occurred: EOF when reading a line
Ask me anything: An error occurred: EOF when reading a line
Ask me anything: An error occurred: EOF when reading a line
Ask me anything: An error occurred: EOF when reading a line
Ask me anything: An error occurred: EOF when reading a line
Ask me anything: An error occurred: EOF when reading a line
Ask me anything: An error occurred: EOF when reading a line
Ask me anything: An error occurred: EOF when reading a line
Ask me anything: An error occurred: EOF when reading a line
Ask me anything: An error occurred: EOF when reading a line
Ask me anything: An error occurred: EOF when reading a line
Ask me anything: An error occurred: EOF when reading a line
Ask me anything: An error occurred: EOF when reading a line
Ask me anything: An error occurred: EOF when reading a line
Ask me anything: An error occurred: EOF when reading a line
Ask me anything: An error occurred: EOF when reading a line
Ask me anything: An error occurred: EOF when reading a line
Ask me anything: An error occurred: EOF when reading a line
Ask me anything: An error occurred: EOF when reading a line
Ask me anything: An error occurred: EOF when reading a line
Ask me anything: An error occurred: EOF when reading a line
Ask me anything: An error occurred: EOF when reading a line
Ask me anything: An error occurred: EOF when reading a line
Ask me anything: An error occurred: EOF when reading a line
Ask me anything: An error occurred: EOF when reading a line
Ask me anything: An error occurred: EOF when reading a line
Ask me anything: An error occurred: EOF when reading a line
Ask me anything: An error occurred: EOF when reading a line
Ask me anything: An error occurred: EOF when reading a line
Ask me anything: An error occurred: EOF when reading a line
Ask me anything: An error occurred: EOF when reading a line
Ask me anything: An error occurred: EOF when reading a line
Ask me anything: An error occurred: EOF when reading a line
Ask me anything: An error occurred: EOF when reading a line
Ask me anything: An error occurred: EOF when reading a line
Ask me anything: An error occurred: EOF when reading a line
Ask me anything: An error occurred: EOF when reading a line
Ask me anything: An error occurred: EOF when reading a line
Ask me anything: An error occurred: EOF when reading a line
Ask me anything: An error occurred: EOF when reading a line
Ask me anything: An error occurred: EOF when reading a line
Ask me anything: An error occurred: EOF when reading a line
Ask me anything: An error occurred: EOF when reading a line
Ask me anything: An error occurred: EOF when reading a line
Ask me anything: An error occurred: EOF when reading a line
Ask me anything: An error occurred: EOF when reading a line
Ask me anything: An error occurred: EOF when reading a line
Ask me anything: An error occurred: EOF when reading a line
Ask me anything: An error occurred: EOF when reading a line
Ask me anything: An error occurred: EOF when reading a line
Ask me anything: An error occurred: EOF when reading a line
Ask me anything: An error occurred: EOF when reading a line
Ask me anything: An error occurred: EOF when reading a line
Ask me anything: An error occurred: EOF when reading a line
Ask me anything: An error occurred: EOF when reading a line
Ask me anything: An error occurred: EOF when reading a line
Ask me anything: An error occurred: EOF when reading a line
Ask me anything: An error occurred: EOF when reading a line
Ask me anything: An error occurred: EOF when reading a line
Ask me anything: An error occurred: EOF when reading a line
Ask me anything: An error occurred: EOF when reading a line
Ask me anything: An error occurred: EOF when reading a line
Ask me anything: An error occurred: EOF when reading a line
Ask me anything: An error occurred: EOF when reading a line
Ask me anything: An error occurred: EOF when reading a line
Ask me anything: An error occurred: EOF when reading a line
Ask me anything: An error occurred: EOF when reading a line
Ask me anything: An error occurred: EOF when reading a line
Ask me anything: An error occurred: EOF when reading a line
Ask me anything: An error occurred: EOF when reading a line
Ask me anything: An error occurred: EOF when reading a line
Ask me anything: An error occurred: EOF when reading a line
Ask me anything: An error occurred: EOF when reading a line
Ask me anything: An error occurred: EOF when reading a line
Ask me anything: An error occurred: EOF when reading a line
Ask me anything: An error occurred: EOF when reading a line
Ask me anything: An error occurred: EOF when reading a line
Ask me anything: An error occurred: EOF when reading a line
Ask me anything: An error occurred: EOF when reading a line
Ask me anything: An error occurred: EOF when reading a line
Ask me anything: An error occurred: EOF when reading a line
Ask me anything: An error occurred: EOF when reading a line
Ask me anything: An error occurred: EOF when reading a line
Ask me anything: An error occurred: EOF when reading a line
Ask me anything: An error occurred: EOF when reading a line
Ask me anything: An error occurred: EOF when reading a line
Ask me anything: An error occurred: EOF when reading a line
Ask me anything: An error occurred: EOF when reading a line
Ask me anything: An error occurred: EOF when reading a line
Ask me anything: An error occurred: EOF when reading a line
Ask me anything: An error occurred: EOF when reading a line
Ask me anything: An error occurred: EOF when reading a line
Ask me anything: An error occurred: EOF when reading a line
Ask me anything: An error occurred: EOF when reading a line
Ask me anything: An error occurred: EOF when reading a line
Ask me anything: An error occurred: EOF when reading a line
Ask me anything: An error occurred: EOF when reading a line
Ask me anything: An error occurred: EOF when reading a line
Ask me anything: An error occurred: EOF when reading a line
Ask me anything: An error occurred: EOF when reading a line
Ask me anything: An error occurred: EOF when reading a line
Ask me anything: An error occurred: EOF when reading a line
Ask me anything: An error occurred: EOF when reading a line
Ask me anything: An error occurred: EOF when reading a line
Ask me anything: An error occurred: EOF when reading a line
Ask me anything: An error occurred: EOF when reading a line
Ask me anything: An error occurred: EOF when reading a line
Ask me anything: An error occurred: EOF when reading a line
Ask me anything: An error occurred: EOF when reading a line
Ask me anything: An error occurred: EOF when reading a line
Ask me anything: An error occurred: EOF when reading a line
Ask me anything: An error occurred: EOF when reading a line
Ask me anything: An error occurred: EOF when reading a line
Ask me anything: An error occurred: EOF when reading a line
Ask me anything: An error occurred: EOF when reading a line
Ask me anything: An error occurred: EOF when reading a line
Ask me anything: An error occurred: EOF when reading a line
Ask me anything: An error occurred: EOF when reading a line
Ask me anything: An error occurred: EOF when reading a line
Ask me anything: An error occurred: EOF when reading a line
Ask me anything: An error occurred: EOF when reading a line
Ask me anything: An error occurred: EOF when reading a line
Ask me anything: An error occurred: EOF when reading a line
Ask me anything: An error occurred: EOF when reading a line
Ask me anything: An error occurred: EOF when reading a line
Ask me anything: An error occurred: EOF when reading a line
Ask me anything: An error occurred: EOF when reading a line
Ask me anything: An error occurred: EOF when reading a line
Ask me anything: An error occurred: EOF when reading a line
Ask me anything: An error occurred: EOF when reading a line
Ask me anything: An error occurred: EOF when reading a line
Ask me anything: An error occurred: EOF when reading a line
Ask me anything: An error occurred: EOF when reading a line
Ask me anything: An error occurred: EOF when reading a line
Ask me anything: An error occurred: EOF when reading a line
Ask me anything: An error occurred: EOF when reading a line
Ask me anything: An error occurred: EOF when reading a line
Ask me anything: An error occurred: EOF when reading a line
Ask me anything: An error occurred: EOF when reading a line
Ask me anything: An error occurred: EOF when reading a line
Ask me anything: An error occurred: EOF when reading a line
Ask me anything: An error occurred: EOF when reading a line
Ask me anything: An error occurred: EOF when reading a line
Ask me anything: An error occurred: EOF when reading a line
Ask me anything: An error occurred: EOF when reading a line
Ask me anything: An error occurred: EOF when reading a line
Ask me anything: An error occurred: EOF when reading a line
Ask me anything: An error occurred: EOF when reading a line
Ask me anything: An error occurred: EOF when reading a line
Ask me anything: An error occurred: EOF when reading a line
Ask me anything: An error occurred: EOF when reading a line
Ask me anything: An error occurred: EOF when reading a line
Ask me anything: An error occurred: EOF when reading a line
Ask me anything: An error occurred: EOF when reading a line
Ask me anything: An error occurred: EOF when reading a line
Ask me anything: An error occurred: EOF when reading a line
Ask me anything: An error occurred: EOF when reading a line
Ask me anything: An error occurred: EOF when reading a line
Ask me anything: An error occurred: EOF when reading a line
Ask me anything: An error occurred: EOF when reading a line
Ask me anything: An error occurred: EOF when reading a line
Ask me anything: An error occurred: EOF when reading a line
Ask me anything: An error occurred: EOF when reading a line
Ask me anything: An error occurred: EOF when reading a line
Ask me anything: An error occurred: EOF when reading a line
Ask me anything: An error occurred: EOF when reading a line
Ask me anything: An error occurred: EOF when reading a line
Ask me anything: An error occurred: EOF when reading a line
Ask me anything: An error occurred: EOF when reading a line
Ask me anything: An error occurred: EOF when reading a line
Ask me anything: An error occurred: EOF when reading a line
Ask me anything: An error occurred: EOF when reading a line
Ask me anything: An error occurred: EOF when reading a line
Ask me anything: An error occurred: EOF when reading a line
Ask me anything: An error occurred: EOF when reading a line
Ask me anything: An error occurred: EOF when reading a line
Ask me anything: An error occurred: EOF when reading a line
Ask me anything: An error occurred: EOF when reading a line
Ask me anything: An error occurred: EOF when reading a line
Ask me anything: An error occurred: EOF when reading a line
Ask me anything: An error occurred: EOF when reading a line
Ask me anything: An error occurred: EOF when reading a line
Ask me anything: An error occurred: EOF when reading a line
Ask me anything: An error occurred: EOF when reading a line
Ask me anything: An error occurred: EOF when reading a line
Ask me anything: An error occurred: EOF when reading a line
Ask me anything: An error occurred: EOF when reading a line
Ask me anything: An error occurred: EOF when reading a line
Ask me anything: An error occurred: EOF when reading a line
Ask me anything: An error occurred: EOF when reading a line
Ask me anything: An error occurred: EOF when reading a line
Ask me anything: An error occurred: EOF when reading a line
Ask me anything: An error occurred: EOF when reading a line
Ask me anything: An error occurred: EOF when reading a line
Ask me anything: An error occurred: EOF when reading a line
Ask me anything: An error occurred: EOF when reading a line
Ask me anything: An error occurred: EOF when reading a line
Ask me anything: An error occurred: EOF when reading a line
Ask me anything: An error occurred: EOF when reading a line
Ask me anything: An error occurred: EOF when reading a line
Ask me anything: An error occurred: EOF when reading a line
Ask me anything: An error occurred: EOF when reading a line
Ask me anything: An error occurred: EOF when reading a line
Ask me anything: An error occurred: EOF when reading a line
Ask me anything: An error occurred: EOF when reading a line
Ask me anything: An error occurred: EOF when reading a line
Ask me anything: An error occurred: EOF when reading a line
Ask me anything: An error occurred: EOF when reading a line
Ask me anything: An error occurred: EOF when reading a line
Ask me anything: An error occurred: EOF when reading a line
Ask me anything: An error occurred: EOF when reading a line
Ask me anything: An error occurred: EOF when reading a line
Ask me anything: An error occurred: EOF when reading a line
Ask me anything: An error occurred: EOF when reading a line
Ask me anything: An error occurred: EOF when reading a line
Ask me anything: An error occurred: EOF when reading a line
Ask me anything: An error occurred: EOF when reading a line
Ask me anything: An error occurred: EOF when reading a line
Ask me anything: An error occurred: EOF when reading a line
Ask me anything: An error occurred: EOF when reading a line
Ask me anything: An error occurred: EOF when reading a line
Ask me anything: An error occurred: EOF when reading a line
Ask me anything: An error occurred: EOF when reading a line
Ask me anything: An error occurred: EOF when reading a line
Ask me anything: An error occurred: EOF when reading a line
Ask me anything: An error occurred: EOF when reading a line
Ask me anything: An error occurred: EOF when reading a line
Ask me anything: An error occurred: EOF when reading a line
Ask me anything: An error occurred: EOF when reading a line
Ask me anything: An error occurred: EOF when reading a line
Ask me anything: An error occurred: EOF when reading a line
Ask me anything: An error occurred: EOF when reading a line
Ask me anything: An error occurred: EOF when reading a line
Ask me anything: An error occurred: EOF when reading a line
Ask me anything: An error occurred: EOF when reading a line
Ask me anything: An error occurred: EOF when reading a line
Ask me anything: An error occurred: EOF when reading a line
Ask me anything: An error occurred: EOF when reading a line
Ask me anything: An error occurred: EOF when reading a line
Ask me anything: An error occurred: EOF when reading a line
Ask me anything: An error occurred: EOF when reading a line
Ask me anything: An error occurred: EOF when reading a line
Ask me anything: An error occurred: EOF when reading a line
Ask me anything: An error occurred: EOF when reading a line
Ask me anything: An error occurred: EOF when reading a line
Ask me anything: An error occurred: EOF when reading a line
Ask me anything: An error occurred: EOF when reading a line
Ask me anything: An error occurred: EOF when reading a line
Ask me anything: An error occurred: EOF when reading a line
Ask me anything: An error occurred: EOF when reading a line
Ask me anything: An error occurred: EOF when reading a line
Ask me anything: An error occurred: EOF when reading a line
Ask me anything: An error occurred: EOF when reading a line
Ask me anything: An error occurred: EOF when reading a line
Ask me anything: An error occurred: EOF when reading a line
Ask me anything: An error occurred: EOF when reading a line
Ask me anything: An error occurred: EOF when reading a line
Ask me anything: An error occurred: EOF when reading a line
Ask me anything: An error occurred: EOF when reading a line
Ask me anything: An error occurred: EOF when reading a line
Ask me anything: An error occurred: EOF when reading a line
Ask me anything: An error occurred: EOF when reading a line
Ask me anything: An error occurred: EOF when reading a line
Ask me anything: An error occurred: EOF when reading a line
Ask me anything: An error occurred: EOF when reading a line
Ask me anything: An error occurred: EOF when reading a line
Ask me anything: An error occurred: EOF when reading a line
Ask me anything: An error occurred: EOF when reading a line
Ask me anything: An error occurred: EOF when reading a line
Ask me anything: An error occurred: EOF when reading a line
Ask me anything: An error occurred: EOF when reading a line
Ask me anything: An error occurred: EOF when reading a line
Ask me anything: An error occurred: EOF when reading a line
Ask me anything: An error occurred: EOF when reading a line
Ask me anything: An error occurred: EOF when reading a line
Ask me anything: An error occurred: EOF when reading a line
Ask me anything: An error occurred: EOF when reading a line
Ask me anything: An error occurred: EOF when reading a line
Ask me anything: An error occurred: EOF when reading a line
Ask me anything: An error occurred: EOF when reading a line
Ask me anything: An error occurred: EOF when reading a line
Ask me anything: An error occurred: EOF when reading a line
Ask me anything: An error occurred: EOF when reading a line
Ask me anything: An error occurred: EOF when reading a line
Ask me anything: An error occurred: EOF when reading a line
Ask me anything: An error occurred: EOF when reading a line
Ask me anything: An error occurred: EOF when reading a line
Ask me anything: An error occurred: EOF when reading a line
Ask me anything: An error occurred: EOF when reading a line
Ask me anything: An error occurred: EOF when reading a line
Ask me anything: An error occurred: EOF when reading a line
Ask me anything: An error occurred: EOF when reading a line
Ask me anything: An error occurred: EOF when reading a line
Ask me anything: An error occurred: EOF when reading a line
Ask me anything: An error occurred: EOF when reading a line
Ask me anything: An error occurred: EOF when reading a line
Ask me anything: An error occurred: EOF when reading a line
Ask me anything: An error occurred: EOF when reading a line
Ask me anything: An error occurred: EOF when reading a line
Ask me anything: An error occurred: EOF when reading a line
Ask me anything: An error occurred: EOF when reading a line
Ask me anything: An error occurred: EOF when reading a line
Ask me anything: An error occurred: EOF when reading a line
Ask me anything: An error occurred: EOF when reading a line
Ask me anything: An error occurred: EOF when reading a line
Ask me anything: An error occurred: EOF when reading a line
Ask me anything: An error occurred: EOF when reading a line
Ask me anything: An error occurred: EOF when reading a line
Ask me anything: An error occurred: EOF when reading a line
Ask me anything: An error occurred: EOF when reading a line
Ask me anything: An error occurred: EOF when reading a line
Ask me anything: An error occurred: EOF when reading a line
Ask me anything: An error occurred: EOF when reading a line
Ask me anything: An error occurred: EOF when reading a line
Ask me anything: An error occurred: EOF when reading a line
Ask me anything: An error occurred: EOF when reading a line
Ask me anything: An error occurred: EOF when reading a line
Ask me anything: An error occurred: EOF when reading a line
Ask me anything: An error occurred: EOF when reading a line
Ask me anything: An error occurred: EOF when reading a line
Ask me anything: An error occurred: EOF when reading a line
Ask me anything: An error occurred: EOF when reading a line
Ask me anything: An error occurred: EOF when reading a line
Ask me anything: An error occurred: EOF when reading a line
Ask me anything: An error occurred: EOF when reading a line
Ask me anything: An error occurred: EOF when reading a line
Ask me anything: An error occurred: EOF when reading a line
Ask me anything: An error occurred: EOF when reading a line
Ask me anything: An error occurred: EOF when reading a line
Ask me anything: An error occurred: EOF when reading a line
Ask me anything: An error occurred: EOF when reading a line
Ask me anything: An error occurred: EOF when reading a line
Ask me anything: An error occurred: EOF when reading a line
Ask me anything: An error occurred: EOF when reading a line
Ask me anything: An error occurred: EOF when reading a line
Ask me anything: An error occurred: EOF when reading a line
Ask me anything: An error occurred: EOF when reading a line
Ask me anything: An error occurred: EOF when reading a line
Ask me anything: An error occurred: EOF when reading a line
Ask me anything: An error occurred: EOF when reading a line
Ask me anything: An error occurred: EOF when reading a line
Ask me anything: An error occurred: EOF when reading a line
Ask me anything: An error occurred: EOF when reading a line
Ask me anything: An error occurred: EOF when reading a line
Ask me anything: An error occurred: EOF when reading a line
Ask me anything: An error occurred: EOF when reading a line
Ask me anything: An error occurred: EOF when reading a line
Ask me anything: An error occurred: EOF when reading a line
Ask me anything: An error occurred: EOF when reading a line
Ask me anything: An error occurred: EOF when reading a line
Ask me anything: An error occurred: EOF when reading a line
Ask me anything: An error occurred: EOF when reading a line
Ask me anything: An error occurred: EOF when reading a line
Ask me anything: An error occurred: EOF when reading a line
Ask me anything: An error occurred: EOF when reading a line
Ask me anything: An error occurred: EOF when reading a line
Ask me anything: An error occurred: EOF when reading a line
Ask me anything: An error occurred: EOF when reading a line
Ask me anything: An error occurred: EOF when reading a line
Ask me anything: An error occurred: EOF when reading a line
Ask me anything: An error occurred: EOF when reading a line
Ask me anything: An error occurred: EOF when reading a line
Ask me anything: An error occurred: EOF when reading a line
Ask me anything: An error occurred: EOF when reading a line
Ask me anything: An error occurred: EOF when reading a line
Ask me anything: An error occurred: EOF when reading a line
Ask me anything: An error occurred: EOF when reading a line
Ask me anything: An error occurred: EOF when reading a line
Ask me anything: An error occurred: EOF when reading a line
Ask me anything: An error occurred: EOF when reading a line
Ask me anything: An error occurred: EOF when reading a line
Ask me anything: An error occurred: EOF when reading a line
Ask me anything: An error occurred: EOF when reading a line
Ask me anything: An error occurred: EOF when reading a line
Ask me anything: An error occurred: EOF when reading a line
Ask me anything: An error occurred: EOF when reading a line
Ask me anything: An error occurred: EOF when reading a line
Ask me anything: An error occurred: EOF when reading a line
Ask me anything: An error occurred: EOF when reading a line
Ask me anything: An error occurred: EOF when reading a line
Ask me anything: An error occurred: EOF when reading a line
Ask me anything: An error occurred: EOF when reading a line
Ask me anything: An error occurred: EOF when reading a line
Ask me anything: An error occurred: EOF when reading a line
Ask me anything: An error occurred: EOF when reading a line
Ask me anything: An error occurred: EOF when reading a line
Ask me anything: An error occurred: EOF when reading a line
Ask me anything: An error occurred: EOF when reading a line
Ask me anything: An error occurred: EOF when reading a line
Ask me anything: An error occurred: EOF when reading a line
Ask me anything: An error occurred: EOF when reading a line
Ask me anything: An error occurred: EOF when reading a line
Ask me anything: An error occurred: EOF when reading a line
Ask me anything: An error occurred: EOF when reading a line
Ask me anything: An error occurred: EOF when reading a line
Ask me anything: An error occurred: EOF when reading a line
Ask me anything: An error occurred: EOF when reading a line
Ask me anything: An error occurred: EOF when reading a line
Ask me anything: An error occurred: EOF when reading a line
Ask me anything: An error occurred: EOF when reading a line
Ask me anything: An error occurred: EOF when reading a line
Ask me anything: An error occurred: EOF when reading a line
Ask me anything: An error occurred: EOF when reading a line
Ask me anything: An error occurred: EOF when reading a line
Ask me anything: An error occurred: EOF when reading a line
Ask me anything: An error occurred: EOF when reading a line
Ask me anything: An error occurred: EOF when reading a line
Ask me anything: An error occurred: EOF when reading a line
Ask me anything: An error occurred: EOF when reading a line
Ask me anything: An error occurred: EOF when reading a line
Ask me anything: An error occurred: EOF when reading a line
Ask me anything: An error occurred: EOF when reading a line
Ask me anything: An error occurred: EOF when reading a line
Ask me anything: An error occurred: EOF when reading a line
Ask me anything: An error occurred: EOF when reading a line
Ask me anything: An error occurred: EOF when reading a line
Ask me anything: An error occurred: EOF when reading a line
Ask me anything: An error occurred: EOF when reading a line
Ask me anything: An error occurred: EOF when reading a line
Ask me anything: An error occurred: EOF when reading a line
Ask me anything: An error occurred: EOF when reading a line
Ask me anything: An error occurred: EOF when reading a line
Ask me anything: An error occurred: EOF when reading a line
Ask me anything: An error occurred: EOF when reading a line
Ask me anything: An error occurred: EOF when reading a line
Ask me anything: An error occurred: EOF when reading a line
Ask me anything: An error occurred: EOF when reading a line
Ask me anything: An error occurred: EOF when reading a line
Ask me anything: An error occurred: EOF when reading a line
Ask me anything: An error occurred: EOF when reading a line
Ask me anything: An error occurred: EOF when reading a line
Ask me anything: An error occurred: EOF when reading a line
Ask me anything: An error occurred: EOF when reading a line
Ask me anything: An error occurred: EOF when reading a line
Ask me anything: An error occurred: EOF when reading a line
Ask me anything: An error occurred: EOF when reading a line
Ask me anything: An error occurred: EOF when reading a line
Ask me anything: An error occurred: EOF when reading a line
Ask me anything: An error occurred: EOF when reading a line
Ask me anything: An error occurred: EOF when reading a line
Ask me anything: An error occurred: EOF when reading a line
Ask me anything: An error occurred: EOF when reading a line
Ask me anything: An error occurred: EOF when reading a line
Ask me anything: An error occurred: EOF when reading a line
Ask me anything: An error occurred: EOF when reading a line
Ask me anything: An error occurred: EOF when reading a line
Ask me anything: An error occurred: EOF when reading a line
Ask me anything: An error occurred: EOF when reading a line
Ask me anything: An error occurred: EOF when reading a line
Ask me anything: An error occurred: EOF when reading a line
Ask me anything: An error occurred: EOF when reading a line
Ask me anything: An error occurred: EOF when reading a line
Ask me anything: An error occurred: EOF when reading a line
Ask me anything: An error occurred: EOF when reading a line
Ask me anything: An error occurred: EOF when reading a line
Ask me anything: An error occurred: EOF when reading a line
Ask me anything: An error occurred: EOF when reading a line
Ask me anything: An error occurred: EOF when reading a line
Ask me anything: An error occurred: EOF when reading a line
Ask me anything: An error occurred: EOF when reading a line
Ask me anything: An error occurred: EOF when reading a line
Ask me anything: An error occurred: EOF when reading a line
Ask me anything: An error occurred: EOF when reading a line
Ask me anything: An error occurred: EOF when reading a line
Ask me anything: An error occurred: EOF when reading a line
Ask me anything: An error occurred: EOF when reading a line
Ask me anything: An error occurred: EOF when reading a line
Ask me anything: An error occurred: EOF when reading a line
Ask me anything: An error occurred: EOF when reading a line
Ask me anything: An error occurred: EOF when reading a line
Ask me anything: An error occurred: EOF when reading a line
Ask me anything: An error occurred: EOF when reading a line
Ask me anything: An error occurred: EOF when reading a line
Ask me anything: An error occurred: EOF when reading a line
Ask me anything: An error occurred: EOF when reading a line
Ask me anything: An error occurred: EOF when reading a line
Ask me anything: An error occurred: EOF when reading a line
Ask me anything: An error occurred: EOF when reading a line
Ask me anything: An error occurred: EOF when reading a line
Ask me anything: An error occurred: EOF when reading a line
Ask me anything: An error occurred: EOF when reading a line
Ask me anything: An error occurred: EOF when reading a line
Ask me anything: An error occurred: EOF when reading a line
Ask me anything: An error occurred: EOF when reading a line
Ask me anything: An error occurred: EOF when reading a line
Ask me anything: An error occurred: EOF when reading a line
Ask me anything: An error occurred: EOF when reading a line
Ask me anything: An error occurred: EOF when reading a line
Ask me anything: An error occurred: EOF when reading a line
Ask me anything: An error occurred: EOF when reading a line
Ask me anything: An error occurred: EOF when reading a line
Ask me anything: An error occurred: EOF when reading a line
Ask me anything: An error occurred: EOF when reading a line
Ask me anything: An error occurred: EOF when reading a line
Ask me anything: An error occurred: EOF when reading a line
Ask me anything: An error occurred: EOF when reading a line
Ask me anything: An error occurred: EOF when reading a line
Ask me anything: An error occurred: EOF when reading a line
Ask me anything: An error occurred: EOF when reading a line
Ask me anything: An error occurred: EOF when reading a line
Ask me anything: An error occurred: EOF when reading a line
Ask me anything: An error occurred: EOF when reading a line
Ask me anything: An error occurred: EOF when reading a line
Ask me anything: An error occurred: EOF when reading a line
Ask me anything: An error occurred: EOF when reading a line
Ask me anything: An error occurred: EOF when reading a line
Ask me anything: An error occurred: EOF when reading a line
Ask me anything: An error occurred: EOF when reading a line
Ask me anything: An error occurred: EOF when reading a line
Ask me anything: An error occurred: EOF when reading a line
Ask me anything: An error occurred: EOF when reading a line
Ask me anything: An error occurred: EOF when reading a line
Ask me anything: An error occurred: EOF when reading a line
Ask me anything: An error occurred: EOF when reading a line
Ask me anything: An error occurred: EOF when reading a line
Ask me anything: An error occurred: EOF when reading a line
Ask me anything: An error occurred: EOF when reading a line
Ask me anything: An error occurred: EOF when reading a line
Ask me anything: An error occurred: EOF when reading a line
Ask me anything: An error occurred: EOF when reading a line
Ask me anything: An error occurred: EOF when reading a line
Ask me anything: An error occurred: EOF when reading a line
Ask me anything: An error occurred: EOF when reading a line
Ask me anything: An error occurred: EOF when reading a line
Ask me anything: An error occurred: EOF when reading a line
Ask me anything: An error occurred: EOF when reading a line
Ask me anything: An error occurred: EOF when reading a line
Ask me anything: An error occurred: EOF when reading a line
Ask me anything: An error occurred: EOF when reading a line
Ask me anything: An error occurred: EOF when reading a line
Ask me anything: An error occurred: EOF when reading a line
Ask me anything: An error occurred: EOF when reading a line
Ask me anything: An error occurred: EOF when reading a line
Ask me anything: An error occurred: EOF when reading a line
Ask me anything: An error occurred: EOF when reading a line
Ask me anything: An error occurred: EOF when reading a line
Ask me anything: An error occurred: EOF when reading a line
Ask me anything: An error occurred: EOF when reading a line
Ask me anything: An error occurred: EOF when reading a line
Ask me anything: An error occurred: EOF when reading a line
Ask me anything: An error occurred: EOF when reading a line
Ask me anything: An error occurred: EOF when reading a line
Ask me anything: An error occurred: EOF when reading a line
Ask me anything: An error occurred: EOF when reading a line
Ask me anything: An error occurred: EOF when reading a line
Ask me anything: An error occurred: EOF when reading a line
Ask me anything: An error occurred: EOF when reading a line
Ask me anything: An error occurred: EOF when reading a line
Ask me anything: An error occurred: EOF when reading a line
Ask me anything: An error occurred: EOF when reading a line
Ask me anything: An error occurred: EOF when reading a line
Ask me anything: An error occurred: EOF when reading a line
Ask me anything: An error occurred: EOF when reading a line
Ask me anything: An error occurred: EOF when reading a line
Ask me anything: An error occurred: EOF when reading a line
Ask me anything: An error occurred: EOF when reading a line
Ask me anything: An error occurred: EOF when reading a line
Ask me anything: An error occurred: EOF when reading a line
Ask me anything: An error occurred: EOF when reading a line
Ask me anything: An error occurred: EOF when reading a line
Ask me anything: An error occurred: EOF when reading a line
Ask me anything: An error occurred: EOF when reading a line
Ask me anything: An error occurred: EOF when reading a line
Ask me anything: An error occurred: EOF when reading a line
Ask me anything: An error occurred: EOF when reading a line
Ask me anything: An error occurred: EOF when reading a line
Ask me anything: An error occurred: EOF when reading a line
Ask me anything: An error occurred: EOF when reading a line
Ask me anything: An error occurred: EOF when reading a line
Ask me anything: An error occurred: EOF when reading a line
Ask me anything: An error occurred: EOF when reading a line
Ask me anything: An error occurred: EOF when reading a line
Ask me anything: An error occurred: EOF when reading a line
Ask me anything: An error occurred: EOF when reading a line
Ask me anything: An error occurred: EOF when reading a line
Ask me anything: An error occurred: EOF when reading a line
Ask me anything: An error occurred: EOF when reading a line
Ask me anything: An error occurred: EOF when reading a line
Ask me anything: An error occurred: EOF when reading a line
Ask me anything: An error occurred: EOF when reading a line
Ask me anything: An error occurred: EOF when reading a line
Ask me anything: An error occurred: EOF when reading a line
Ask me anything: An error occurred: EOF when reading a line
Ask me anything: An error occurred: EOF when reading a line
Ask me anything: An error occurred: EOF when reading a line
Ask me anything: An error occurred: EOF when reading a line
Ask me anything: An error occurred: EOF when reading a line
Ask me anything: An error occurred: EOF when reading a line
Ask me anything: An error occurred: EOF when reading a line
Ask me anything: An error occurred: EOF when reading a line
Ask me anything: An error occurred: EOF when reading a line
Ask me anything: An error occurred: EOF when reading a line
Ask me anything: An error occurred: EOF when reading a line
Ask me anything: An error occurred: EOF when reading a line
Ask me anything: An error occurred: EOF when reading a line
Ask me anything: An error occurred: EOF when reading a line
Ask me anything: An error occurred: EOF when reading a line
Ask me anything: An error occurred: EOF when reading a line
Ask me anything: An error occurred: EOF when reading a line
Ask me anything: An error occurred: EOF when reading a line
Ask me anything: An error occurred: EOF when reading a line
Ask me anything: An error occurred: EOF when reading a line
Ask me anything: An error occurred: EOF when reading a line
Ask me anything: An error occurred: EOF when reading a line
Ask me anything: An error occurred: EOF when reading a line
Ask me anything: An error occurred: EOF when reading a line
Ask me anything: An error occurred: EOF when reading a line
Ask me anything: An error occurred: EOF when reading a line
Ask me anything: An error occurred: EOF when reading a line
Ask me anything: An error occurred: EOF when reading a line
Ask me anything: An error occurred: EOF when reading a line
Ask me anything: An error occurred: EOF when reading a line
Ask me anything: An error occurred: EOF when reading a line
Ask me anything: An error occurred: EOF when reading a line
Ask me anything: An error occurred: EOF when reading a line
Ask me anything: An error occurred: EOF when reading a line
Ask me anything: An error occurred: EOF when reading a line
Ask me anything: An error occurred: EOF when reading a line
Ask me anything: An error occurred: EOF when reading a line
Ask me anything: An error occurred: EOF when reading a line
Ask me anything: An error occurred: EOF when reading a line
Ask me anything: An error occurred: EOF when reading a line
Ask me anything: An error occurred: EOF when reading a line
Ask me anything: An error occurred: EOF when reading a line
Ask me anything: An error occurred: EOF when reading a line
Ask me anything: An error occurred: EOF when reading a line
Ask me anything: An error occurred: EOF when reading a line
Ask me anything: An error occurred: EOF when reading a line
Ask me anything: An error occurred: EOF when reading a line
Ask me anything: An error occurred: EOF when reading a line
Ask me anything: An error occurred: EOF when reading a line
Ask me anything: An error occurred: EOF when reading a line
Ask me anything: An error occurred: EOF when reading a line
Ask me anything: An error occurred: EOF when reading a line
Ask me anything: An error occurred: EOF when reading a line
Ask me anything: An error occurred: EOF when reading a line
Ask me anything: An error occurred: EOF when reading a line
Ask me anything: An error occurred: EOF when reading a line
Ask me anything: An error occurred: EOF when reading a line
Ask me anything: An error occurred: EOF when reading a line
Ask me anything: An error occurred: EOF when reading a line
Ask me anything: An error occurred: EOF when reading a line
Ask me anything: An error occurred: EOF when reading a line
Ask me anything: An error occurred: EOF when reading a line
Ask me anything: An error occurred: EOF when reading a line
Ask me anything: An error occurred: EOF when reading a line
Ask me anything: An error occurred: EOF when reading a line
Ask me anything: An error occurred: EOF when reading a line
Ask me anything: An error occurred: EOF when reading a line
Ask me anything: An error occurred: EOF when reading a line
Ask me anything: An error occurred: EOF when reading a line
Ask me anything: An error occurred: EOF when reading a line
Ask me anything: An error occurred: EOF when reading a line
Ask me anything: An error occurred: EOF when reading a line
Ask me anything: An error occurred: EOF when reading a line
Ask me anything: An error occurred: EOF when reading a line
Ask me anything: An error occurred: EOF when reading a line
Ask me anything: An error occurred: EOF when reading a line
Ask me anything: An error occurred: EOF when reading a line
Ask me anything: An error occurred: EOF when reading a line
Ask me anything: An error occurred: EOF when reading a line
Ask me anything: An error occurred: EOF when reading a line
Ask me anything: An error occurred: EOF when reading a line
Ask me anything: An error occurred: EOF when reading a line
Ask me anything: An error occurred: EOF when reading a line
Ask me anything: An error occurred: EOF when reading a line
Ask me anything: An error occurred: EOF when reading a line
Ask me anything: An error occurred: EOF when reading a line
Ask me anything: An error occurred: EOF when reading a line
Ask me anything: An error occurred: EOF when reading a line
Ask me anything: An error occurred: EOF when reading a line
Ask me anything: An error occurred: EOF when reading a line
Ask me anything: An error occurred: EOF when reading a line
Ask me anything: An error occurred: EOF when reading a line
Ask me anything: An error occurred: EOF when reading a line
Ask me anything: An error occurred: EOF when reading a line
Ask me anything: An error occurred: EOF when reading a line
Ask me anything: An error occurred: EOF when reading a line
Ask me anything: An error occurred: EOF when reading a line
Ask me anything: An error occurred: EOF when reading a line
Ask me anything: An error occurred: EOF when reading a line
Ask me anything: An error occurred: EOF when reading a line
Ask me anything: An error occurred: EOF when reading a line
Ask me anything: An error occurred: EOF when reading a line
Ask me anything: An error occurred: EOF when reading a line
Ask me anything: An error occurred: EOF when reading a line
Ask me anything: An error occurred: EOF when reading a line
Ask me anything: An error occurred: EOF when reading a line
Ask me anything: An error occurred: EOF when reading a line
Ask me anything: An error occurred: EOF when reading a line
Ask me anything: An error occurred: EOF when reading a line
Ask me anything: An error occurred: EOF when reading a line
Ask me anything: An error occurred: EOF when reading a line
Ask me anything: An error occurred: EOF when reading a line
Ask me anything: An error occurred: EOF when reading a line
Ask me anything: An error occurred: EOF when reading a line
Ask me anything: An error occurred: EOF when reading a line
Ask me anything: An error occurred: EOF when reading a line
Ask me anything: An error occurred: EOF when reading a line
Ask me anything: An error occurred: EOF when reading a line
Ask me anything: An error occurred: EOF when reading a line
Ask me anything: An error occurred: EOF when reading a line
Ask me anything: An error occurred: EOF when reading a line
Ask me anything: An error occurred: EOF when reading a line
Ask me anything: An error occurred: EOF when reading a line
Ask me anything: An error occurred: EOF when reading a line
Ask me anything: An error occurred: EOF when reading a line
Ask me anything: An error occurred: EOF when reading a line
Ask me anything: An error occurred: EOF when reading a line
Ask me anything: An error occurred: EOF when reading a line
Ask me anything: An error occurred: EOF when reading a line
Ask me anything: An error occurred: EOF when reading a line
Ask me anything: An error occurred: EOF when reading a line
Ask me anything: An error occurred: EOF when reading a line
Ask me anything: An error occurred: EOF when reading a line
Ask me anything: An error occurred: EOF when reading a line
Ask me anything: An error occurred: EOF when reading a line
Ask me anything: An error occurred: EOF when reading a line
Ask me anything: An error occurred: EOF when reading a line
Ask me anything: An error occurred: EOF when reading a line
Ask me anything: An error occurred: EOF when reading a line
Ask me anything: An error occurred: EOF when reading a line
Ask me anything: An error occurred: EOF when reading a line
Ask me anything: An error occurred: EOF when reading a line
Ask me anything: An error occurred: EOF when reading a line
Ask me anything: An error occurred: EOF when reading a line
Ask me anything: An error occurred: EOF when reading a line
Ask me anything: An error occurred: EOF when reading a line
Ask me anything: An error occurred: EOF when reading a line
Ask me anything: An error occurred: EOF when reading a line
Ask me anything: An error occurred: EOF when reading a line
Ask me anything: An error occurred: EOF when reading a line
Ask me anything: An error occurred: EOF when reading a line
Ask me anything: An error occurred: EOF when reading a line
Ask me anything: An error occurred: EOF when reading a line
Ask me anything: An error occurred: EOF when reading a line
Ask me anything: An error occurred: EOF when reading a line
Ask me anything: An error occurred: EOF when reading a line
Ask me anything: An error occurred: EOF when reading a line
Ask me anything: An error occurred: EOF when reading a line
Ask me anything: An error occurred: EOF when reading a line
Ask me anything: An error occurred: EOF when reading a line
Ask me anything: An error occurred: EOF when reading a line
Ask me anything: An error occurred: EOF when reading a line
Ask me anything: An error occurred: EOF when reading a line
Ask me anything: An error occurred: EOF when reading a line
Ask me anything: An error occurred: EOF when reading a line
Ask me anything: An error occurred: EOF when reading a line
Ask me anything: An error occurred: EOF when reading a line
Ask me anything: An error occurred: EOF when reading a line
Ask me anything: An error occurred: EOF when reading a line
Ask me anything: An error occurred: EOF when reading a line
Ask me anything: An error occurred: EOF when reading a line
Ask me anything: An error occurred: EOF when reading a line
Ask me anything: An error occurred: EOF when reading a line
Ask me anything: An error occurred: EOF when reading a line
Ask me anything: An error occurred: EOF when reading a line
Ask me anything: An error occurred: EOF when reading a line
Ask me anything: An error occurred: EOF when reading a line
Ask me anything: An error occurred: EOF when reading a line
Ask me anything: An error occurred: EOF when reading a line
Ask me anything: An error occurred: EOF when reading a line
Ask me anything: An error occurred: EOF when reading a line
Ask me anything: An error occurred: EOF when reading a line
Ask me anything: An error occurred: EOF when reading a line
Ask me anything: An error occurred: EOF when reading a line
Ask me anything: An error occurred: EOF when reading a line
Ask me anything: An error occurred: EOF when reading a line
Ask me anything: An error occurred: EOF when reading a line
Ask me anything: An error occurred: EOF when reading a line
Ask me anything: An error occurred: EOF when reading a line
Ask me anything: An error occurred: EOF when reading a line
Ask me anything: An error occurred: EOF when reading a line
Ask me anything: An error occurred: EOF when reading a line
Ask me anything: An error occurred: EOF when reading a line
Ask me anything: An error occurred: EOF when reading a line
Ask me anything: An error occurred: EOF when reading a line
Ask me anything: An error occurred: EOF when reading a line
Ask me anything: An error occurred: EOF when reading a line
Ask me anything: An error occurred: EOF when reading a line
Ask me anything: An error occurred: EOF when reading a line
Ask me anything: An error occurred: EOF when reading a line
Ask me anything: An error occurred: EOF when reading a line
Ask me anything: An error occurred: EOF when reading a line
Ask me anything: An error occurred: EOF when reading a line
Ask me anything: An error occurred: EOF when reading a line
Ask me anything: An error occurred: EOF when reading a line
Ask me anything: An error occurred: EOF when reading a line
Ask me anything: An error occurred: EOF when reading a line
Ask me anything: An error occurred: EOF when reading a line
Ask me anything: An error occurred: EOF when reading a line
Ask me anything: An error occurred: EOF when reading a line
Ask me anything: An error occurred: EOF when reading a line
Ask me anything: An error occurred: EOF when reading a line
Ask me anything: An error occurred: EOF when reading a line
Ask me anything: An error occurred: EOF when reading a line
Ask me anything: An error occurred: EOF when reading a line
Ask me anything: An error occurred: EOF when reading a line
Ask me anything: An error occurred: EOF when reading a line
Ask me anything: An error occurred: EOF when reading a line
Ask me anything: An error occurred: EOF when reading a line
Ask me anything: An error occurred: EOF when reading a line
Ask me anything: An error occurred: EOF when reading a line
Ask me anything: An error occurred: EOF when reading a line
Ask me anything: An error occurred: EOF when reading a line
Ask me anything: An error occurred: EOF when reading a line
Ask me anything: An error occurred: EOF when reading a line
Ask me anything: An error occurred: EOF when reading a line
Ask me anything: An error occurred: EOF when reading a line
Ask me anything: An error occurred: EOF when reading a line
Ask me anything: An error occurred: EOF when reading a line
Ask me anything: An error occurred: EOF when reading a line
Ask me anything: An error occurred: EOF when reading a line
Ask me anything: An error occurred: EOF when reading a line
Ask me anything: An error occurred: EOF when reading a line
Ask me anything: An error occurred: EOF when reading a line
Ask me anything: An error occurred: EOF when reading a line
Ask me anything: An error occurred: EOF when reading a line
Ask me anything: An error occurred: EOF when reading a line
Ask me anything: An error occurred: EOF when reading a line
Ask me anything: An error occurred: EOF when reading a line
Ask me anything: An error occurred: EOF when reading a line
Ask me anything: An error occurred: EOF when reading a line
Ask me anything: An error occurred: EOF when reading a line
Ask me anything: An error occurred: EOF when reading a line
Ask me anything: An error occurred: EOF when reading a line
Ask me anything: An error occurred: EOF when reading a line
Ask me anything: An error occurred: EOF when reading a line
Ask me anything: An error occurred: EOF when reading a line
Ask me anything: An error occurred: EOF when reading a line
Ask me anything: An error occurred: EOF when reading a line
Ask me anything: An error occurred: EOF when reading a line
Ask me anything: An error occurred: EOF when reading a line
Ask me anything: An error occurred: EOF when reading a line
Ask me anything: An error occurred: EOF when reading a line
Ask me anything: An error occurred: EOF when reading a line
Ask me anything: An error occurred: EOF when reading a line
Ask me anything: An error occurred: EOF when reading a line
Ask me anything: An error occurred: EOF when reading a line
Ask me anything: An error occurred: EOF when reading a line
Ask me anything: An error occurred: EOF when reading a line
Ask me anything: An error occurred: EOF when reading a line
Ask me anything: An error occurred: EOF when reading a line
Ask me anything: An error occurred: EOF when reading a line
Ask me anything: An error occurred: EOF when reading a line
Ask me anything: An error occurred: EOF when reading a line
Ask me anything: An error occurred: EOF when reading a line
Ask me anything: An error occurred: EOF when reading a line
Ask me anything: An error occurred: EOF when reading a line
Ask me anything: An error occurred: EOF when reading a line
Ask me anything: An error occurred: EOF when reading a line
Ask me anything: An error occurred: EOF when reading a line
Ask me anything: An error occurred: EOF when reading a line
Ask me anything: An error occurred: EOF when reading a line
Ask me anything: An error occurred: EOF when reading a line
Ask me anything: An error occurred: EOF when reading a line
Ask me anything: An error occurred: EOF when reading a line
Ask me anything: An error occurred: EOF when reading a line
Ask me anything: An error occurred: EOF when reading a line
Ask me anything: An error occurred: EOF when reading a line
Ask me anything: An error occurred: EOF when reading a line
Ask me anything: An error occurred: EOF when reading a line
Ask me anything: An error occurred: EOF when reading a line
Ask me anything: An error occurred: EOF when reading a line
Ask me anything: An error occurred: EOF when reading a line
Ask me anything: An error occurred: EOF when reading a line
Ask me anything: An error occurred: EOF when reading a line
Ask me anything: An error occurred: EOF when reading a line
Ask me anything: An error occurred: EOF when reading a line
Ask me anything: An error occurred: EOF when reading a line
Ask me anything: An error occurred: EOF when reading a line
Ask me anything: An error occurred: EOF when reading a line
Ask me anything: An error occurred: EOF when reading a line
Ask me anything: An error occurred: EOF when reading a line
Ask me anything: An error occurred: EOF when reading a line
Ask me anything: An error occurred: EOF when reading a line
Ask me anything: An error occurred: EOF when reading a line
Ask me anything: An error occurred: EOF when reading a line
Ask me anything: An error occurred: EOF when reading a line
Ask me anything: An error occurred: EOF when reading a line
Ask me anything: An error occurred: EOF when reading a line
Ask me anything: An error occurred: EOF when reading a line
Ask me anything: An error occurred: EOF when reading a line
Ask me anything: An error occurred: EOF when reading a line
Ask me anything: An error occurred: EOF when reading a line
Ask me anything: An error occurred: EOF when reading a line
Ask me anything: An error occurred: EOF when reading a line
Ask me anything: An error occurred: EOF when reading a line
Ask me anything: An error occurred: EOF when reading a line
Ask me anything: An error occurred: EOF when reading a line
Ask me anything: An error occurred: EOF when reading a line
Ask me anything: An error occurred: EOF when reading a line
Ask me anything: An error occurred: EOF when reading a line
Ask me anything: An error occurred: EOF when reading a line
Ask me anything: An error occurred: EOF when reading a line
Ask me anything: An error occurred: EOF when reading a line
Ask me anything: An error occurred: EOF when reading a line
Ask me anything: An error occurred: EOF when reading a line
Ask me anything: An error occurred: EOF when reading a line
Ask me anything: An error occurred: EOF when reading a line
Ask me anything: An error occurred: EOF when reading a line
Ask me anything: An error occurred: EOF when reading a line
Ask me anything: An error occurred: EOF when reading a line
Ask me anything: An error occurred: EOF when reading a line
Ask me anything: An error occurred: EOF when reading a line
Ask me anything: An error occurred: EOF when reading a line
Ask me anything: An error occurred: EOF when reading a line
Ask me anything: An error occurred: EOF when reading a line
Ask me anything: An error occurred: EOF when reading a line
Ask me anything: An error occurred: EOF when reading a line
Ask me anything: An error occurred: EOF when reading a line
Ask me anything: An error occurred: EOF when reading a line
Ask me anything: An error occurred: EOF when reading a line
Ask me anything: An error occurred: EOF when reading a line
Ask me anything: An error occurred: EOF when reading a line
Ask me anything: An error occurred: EOF when reading a line
Ask me anything: An error occurred: EOF when reading a line
Ask me anything: An error occurred: EOF when reading a line
Ask me anything: An error occurred: EOF when reading a line
Ask me anything: An error occurred: EOF when reading a line
Ask me anything: An error occurred: EOF when reading a line
Ask me anything: An error occurred: EOF when reading a line
Ask me anything: An error occurred: EOF when reading a line
Ask me anything: An error occurred: EOF when reading a line
Ask me anything: An error occurred: EOF when reading a line
Ask me anything: An error occurred: EOF when reading a line
Ask me anything: An error occurred: EOF when reading a line
Ask me anything: An error occurred: EOF when reading a line
Ask me anything: An error occurred: EOF when reading a line
Ask me anything: An error occurred: EOF when reading a line
Ask me anything: An error occurred: EOF when reading a line
Ask me anything: An error occurred: EOF when reading a line
Ask me anything: An error occurred: EOF when reading a line
Ask me anything: An error occurred: EOF when reading a line
Ask me anything: An error occurred: EOF when reading a line
Ask me anything: An error occurred: EOF when reading a line
Ask me anything: An error occurred: EOF when reading a line
Ask me anything: An error occurred: EOF when reading a line
Ask me anything: An error occurred: EOF when reading a line
Ask me anything: An error occurred: EOF when reading a line
Ask me anything: An error occurred: EOF when reading a line
Ask me anything: An error occurred: EOF when reading a line
Ask me anything: An error occurred: EOF when reading a line
Ask me anything: An error occurred: EOF when reading a line
Ask me anything: An error occurred: EOF when reading a line
Ask me anything: An error occurred: EOF when reading a line
Ask me anything: An error occurred: EOF when reading a line
Ask me anything: An error occurred: EOF when reading a line
Ask me anything: An error occurred: EOF when reading a line
Ask me anything: An error occurred: EOF when reading a line
Ask me anything: An error occurred: EOF when reading a line
Ask me anything: An error occurred: EOF when reading a line
Ask me anything: An error occurred: EOF when reading a line
Ask me anything: An error occurred: EOF when reading a line
Ask me anything: An error occurred: EOF when reading a line
Ask me anything: An error occurred: EOF when reading a line
Ask me anything: An error occurred: EOF when reading a line
Ask me anything: An error occurred: EOF when reading a line
Ask me anything: An error occurred: EOF when reading a line
Ask me anything: An error occurred: EOF when reading a line
Ask me anything: An error occurred: EOF when reading a line
Ask me anything: An error occurred: EOF when reading a line
Ask me anything: An error occurred: EOF when reading a line
Ask me anything: An error occurred: EOF when reading a line
Ask me anything: An error occurred: EOF when reading a line
Ask me anything: An error occurred: EOF when reading a line
Ask me anything: An error occurred: EOF when reading a line
Ask me anything: An error occurred: EOF when reading a line
Ask me anything: An error occurred: EOF when reading a line
Ask me anything: An error occurred: EOF when reading a line
Ask me anything: An error occurred: EOF when reading a line
Ask me anything: An error occurred: EOF when reading a line
Ask me anything: An error occurred: EOF when reading a line
Ask me anything: An error occurred: EOF when reading a line
Ask me anything: An error occurred: EOF when reading a line
Ask me anything: An error occurred: EOF when reading a line
Ask me anything: An error occurred: EOF when reading a line
Ask me anything: An error occurred: EOF when reading a line
Ask me anything: An error occurred: EOF when reading a line
Ask me anything: An error occurred: EOF when reading a line
Ask me anything: An error occurred: EOF when reading a line
Ask me anything: An error occurred: EOF when reading a line
Ask me anything: An error occurred: EOF when reading a line
Ask me anything: An error occurred: EOF when reading a line
Ask me anything: An error occurred: EOF when reading a line
Ask me anything: An error occurred: EOF when reading a line
Ask me anything: An error occurred: EOF when reading a line
Ask me anything: An error occurred: EOF when reading a line
Ask me anything: An error occurred: EOF when reading a line
Ask me anything: An error occurred: EOF when reading a line
Ask me anything: An error occurred: EOF when reading a line
Ask me anything: An error occurred: EOF when reading a line
Ask me anything: An error occurred: EOF when reading a line
Ask me anything: An error occurred: EOF when reading a line
Ask me anything: An error occurred: EOF when reading a line
Ask me anything: An error occurred: EOF when reading a line
Ask me anything: An error occurred: EOF when reading a line
Ask me anything: An error occurred: EOF when reading a line
Ask me anything: An error occurred: EOF when reading a line
Ask me anything: An error occurred: EOF when reading a line
Ask me anything: An error occurred: EOF when reading a line
Ask me anything: An error occurred: EOF when reading a line
Ask me anything: An error occurred: EOF when reading a line
Ask me anything: An error occurred: EOF when reading a line
Ask me anything: An error occurred: EOF when reading a line
Ask me anything: An error occurred: EOF when reading a line
Ask me anything: An error occurred: EOF when reading a line
Ask me anything: An error occurred: EOF when reading a line
Ask me anything: An error occurred: EOF when reading a line
Ask me anything: An error occurred: EOF when reading a line
Ask me anything: An error occurred: EOF when reading a line
Ask me anything: An error occurred: EOF when reading a line
Ask me anything: An error occurred: EOF when reading a line
Ask me anything: An error occurred: EOF when reading a line
Ask me anything: An error occurred: EOF when reading a line
Ask me anything: An error occurred: EOF when reading a line
Ask me anything: An error occurred: EOF when reading a line
Ask me anything: An error occurred: EOF when reading a line
Ask me anything: An error occurred: EOF when reading a line
Ask me anything: An error occurred: EOF when reading a line
Ask me anything: An error occurred: EOF when reading a line
Ask me anything: An error occurred: EOF when reading a line
Ask me anything: An error occurred: EOF when reading a line
Ask me anything: An error occurred: EOF when reading a line
Ask me anything: An error occurred: EOF when reading a line
Ask me anything: An error occurred: EOF when reading a line
Ask me anything: An error occurred: EOF when reading a line
Ask me anything: An error occurred: EOF when reading a line
Ask me anything: An error occurred: EOF when reading a line
Ask me anything: An error occurred: EOF when reading a line
Ask me anything: An error occurred: EOF when reading a line
Ask me anything: An error occurred: EOF when reading a line
Ask me anything: An error occurred: EOF when reading a line
Ask me anything: An error occurred: EOF when reading a line
Ask me anything: An error occurred: EOF when reading a line
Ask me anything: An error occurred: EOF when reading a line
Ask me anything: An error occurred: EOF when reading a line
Ask me anything: An error occurred: EOF when reading a line
Ask me anything: An error occurred: EOF when reading a line
Ask me anything: An error occurred: EOF when reading a line
Ask me anything: An error occurred: EOF when reading a line
Ask me anything: An error occurred: EOF when reading a line
Ask me anything: An error occurred: EOF when reading a line
Ask me anything: An error occurred: EOF when reading a line
Ask me anything: An error occurred: EOF when reading a line
Ask me anything: An error occurred: EOF when reading a line
Ask me anything: An error occurred: EOF when reading a line
Ask me anything: An error occurred: EOF when reading a line
Ask me anything: An error occurred: EOF when reading a line
Ask me anything: An error occurred: EOF when reading a line
Ask me anything: An error occurred: EOF when reading a line
Ask me anything: An error occurred: EOF when reading a line
Ask me anything: An error occurred: EOF when reading a line
Ask me anything: An error occurred: EOF when reading a line
Ask me anything: An error occurred: EOF when reading a line
Ask me anything: An error occurred: EOF when reading a line
Ask me anything: An error occurred: EOF when reading a line
Ask me anything: An error occurred: EOF when reading a line
Ask me anything: An error occurred: EOF when reading a line
Ask me anything: An error occurred: EOF when reading a line
Ask me anything: An error occurred: EOF when reading a line
Ask me anything: An error occurred: EOF when reading a line
Ask me anything: An error occurred: EOF when reading a line
Ask me anything: An error occurred: EOF when reading a line
Ask me anything: An error occurred: EOF when reading a line
Ask me anything: An error occurred: EOF when reading a line
Ask me anything: An error occurred: EOF when reading a line
Ask me anything: An error occurred: EOF when reading a line
Ask me anything: An error occurred: EOF when reading a line
Ask me anything: An error occurred: EOF when reading a line
Ask me anything: An error occurred: EOF when reading a line
Ask me anything: An error occurred: EOF when reading a line
Ask me anything: An error occurred: EOF when reading a line
Ask me anything: An error occurred: EOF when reading a line
Ask me anything: An error occurred: EOF when reading a line
Ask me anything: An error occurred: EOF when reading a line
Ask me anything: An error occurred: EOF when reading a line
Ask me anything: An error occurred: EOF when reading a line
Ask me anything: An error occurred: EOF when reading a line
Ask me anything: An error occurred: EOF when reading a line
Ask me anything: An error occurred: EOF when reading a line
Ask me anything: An error occurred: EOF when reading a line
Ask me anything: An error occurred: EOF when reading a line
Ask me anything: An error occurred: EOF when reading a line
Ask me anything: An error occurred: EOF when reading a line
Ask me anything: An error occurred: EOF when reading a line
Ask me anything: An error occurred: EOF when reading a line
Ask me anything: An error occurred: EOF when reading a line
Ask me anything: An error occurred: EOF when reading a line
Ask me anything: An error occurred: EOF when reading a line
Ask me anything: An error occurred: EOF when reading a line
Ask me anything: An error occurred: EOF when reading a line
Ask me anything: An error occurred: EOF when reading a line
Ask me anything: An error occurred: EOF when reading a line
Ask me anything: An error occurred: EOF when reading a line
Ask me anything: An error occurred: EOF when reading a line
Ask me anything: An error occurred: EOF when reading a line
Ask me anything: An error occurred: EOF when reading a line
Ask me anything: An error occurred: EOF when reading a line
Ask me anything: An error occurred: EOF when reading a line
Ask me anything: An error occurred: EOF when reading a line
Ask me anything: An error occurred: EOF when reading a line
Ask me anything: An error occurred: EOF when reading a line
Ask me anything: An error occurred: EOF when reading a line
Ask me anything: An error occurred: EOF when reading a line
Ask me anything: An error occurred: EOF when reading a line
Ask me anything: An error occurred: EOF when reading a line
Ask me anything: An error occurred: EOF when reading a line
Ask me anything: An error occurred: EOF when reading a line
Ask me anything: An error occurred: EOF when reading a line
Ask me anything: An error occurred: EOF when reading a line
Ask me anything: An error occurred: EOF when reading a line
Ask me anything: An error occurred: EOF when reading a line
Ask me anything: An error occurred: EOF when reading a line
Ask me anything: An error occurred: EOF when reading a line
Ask me anything: An error occurred: EOF when reading a line
Ask me anything: An error occurred: EOF when reading a line
Ask me anything: An error occurred: EOF when reading a line
Ask me anything: An error occurred: EOF when reading a line
Ask me anything: An error occurred: EOF when reading a line
Ask me anything: An error occurred: EOF when reading a line
Ask me anything: An error occurred: EOF when reading a line
Ask me anything: An error occurred: EOF when reading a line
Ask me anything: An error occurred: EOF when reading a line
Ask me anything: An error occurred: EOF when reading a line
Ask me anything: An error occurred: EOF when reading a line
Ask me anything: An error occurred: EOF when reading a line
Ask me anything: An error occurred: EOF when reading a line
Ask me anything: An error occurred: EOF when reading a line
Ask me anything: An error occurred: EOF when reading a line
Ask me anything: An error occurred: EOF when reading a line
Ask me anything: An error occurred: EOF when reading a line
Ask me anything: An error occurred: EOF when reading a line
Ask me anything: An error occurred: EOF when reading a line
Ask me anything: An error occurred: EOF when reading a line
Ask me anything: An error occurred: EOF when reading a line
Ask me anything: An error occurred: EOF when reading a line
Ask me anything: An error occurred: EOF when reading a line
Ask me anything: An error occurred: EOF when reading a line
Ask me anything: An error occurred: EOF when reading a line
Ask me anything: An error occurred: EOF when reading a line
Ask me anything: An error occurred: EOF when reading a line
Ask me anything: An error occurred: EOF when reading a line
Ask me anything: An error occurred: EOF when reading a line
Ask me anything: An error occurred: EOF when reading a line
Ask me anything: An error occurred: EOF when reading a line
Ask me anything: An error occurred: EOF when reading a line
Ask me anything: An error occurred: EOF when reading a line
Ask me anything: An error occurred: EOF when reading a line
Ask me anything: An error occurred: EOF when reading a line
Ask me anything: An error occurred: EOF when reading a line
Ask me anything: An error occurred: EOF when reading a line
Ask me anything: An error occurred: EOF when reading a line
Ask me anything: An error occurred: EOF when reading a line
Ask me anything: An error occurred: EOF when reading a line
Ask me anything: An error occurred: EOF when reading a line
Ask me anything: An error occurred: EOF when reading a line
Ask me anything: An error occurred: EOF when reading a line
Ask me anything: An error occurred: EOF when reading a line
Ask me anything: An error occurred: EOF when reading a line
Ask me anything: An error occurred: EOF when reading a line
Ask me anything: An error occurred: EOF when reading a line
Ask me anything: An error occurred: EOF when reading a line
Ask me anything: An error occurred: EOF when reading a line
Ask me anything: An error occurred: EOF when reading a line
Ask me anything: An error occurred: EOF when reading a line
Ask me anything: An error occurred: EOF when reading a line
Ask me anything: An error occurred: EOF when reading a line
Ask me anything: An error occurred: EOF when reading a line
Ask me anything: An error occurred: EOF when reading a line
Ask me anything: An error occurred: EOF when reading a line
Ask me anything: An error occurred: EOF when reading a line
Ask me anything: An error occurred: EOF when reading a line
Ask me anything: An error occurred: EOF when reading a line
Ask me anything: An error occurred: EOF when reading a line
Ask me anything: An error occurred: EOF when reading a line
Ask me anything: An error occurred: EOF when reading a line
Ask me anything: An error occurred: EOF when reading a line
Ask me anything: An error occurred: EOF when reading a line
Ask me anything: An error occurred: EOF when reading a line
Ask me anything: An error occurred: EOF when reading a line
Ask me anything: An error occurred: EOF when reading a line
Ask me anything: An error occurred: EOF when reading a line
Ask me anything: An error occurred: EOF when reading a line
Ask me anything: An error occurred: EOF when reading a line
Ask me anything: An error occurred: EOF when reading a line
Ask me anything: An error occurred: EOF when reading a line
Ask me anything: An error occurred: EOF when reading a line
Ask me anything: An error occurred: EOF when reading a line
Ask me anything: An error occurred: EOF when reading a line
Ask me anything: An error occurred: EOF when reading a line
Ask me anything: An error occurred: EOF when reading a line
Ask me anything: An error occurred: EOF when reading a line
Ask me anything: An error occurred: EOF when reading a line
Ask me anything: An error occurred: EOF when reading a line
Ask me anything: An error occurred: EOF when reading a line
Ask me anything: An error occurred: EOF when reading a line
Ask me anything: An error occurred: EOF when reading a line
Ask me anything: An error occurred: EOF when reading a line
Ask me anything: An error occurred: EOF when reading a line
Ask me anything: An error occurred: EOF when reading a line
Ask me anything: An error occurred: EOF when reading a line
Ask me anything: An error occurred: EOF when reading a line
Ask me anything: An error occurred: EOF when reading a line
Ask me anything: An error occurred: EOF when reading a line
Ask me anything: An error occurred: EOF when reading a line
Ask me anything: An error occurred: EOF when reading a line
Ask me anything: An error occurred: EOF when reading a line
Ask me anything: An error occurred: EOF when reading a line
Ask me anything: An error occurred: EOF when reading a line
Ask me anything: An error occurred: EOF when reading a line
Ask me anything: An error occurred: EOF when reading a line
Ask me anything: An error occurred: EOF when reading a line
Ask me anything: An error occurred: EOF when reading a line
Ask me anything: An error occurred: EOF when reading a line
Ask me anything: An error occurred: EOF when reading a line
Ask me anything: An error occurred: EOF when reading a line
Ask me anything: An error occurred: EOF when reading a line
Ask me anything: An error occurred: EOF when reading a line
Ask me anything: An error occurred: EOF when reading a line
Ask me anything: An error occurred: EOF when reading a line
Ask me anything: An error occurred: EOF when reading a line
Ask me anything: An error occurred: EOF when reading a line
Ask me anything: An error occurred: EOF when reading a line
Ask me anything: An error occurred: EOF when reading a line
Ask me anything: An error occurred: EOF when reading a line
Ask me anything: An error occurred: EOF when reading a line
Ask me anything: An error occurred: EOF when reading a line
Ask me anything: An error occurred: EOF when reading a line
Ask me anything: An error occurred: EOF when reading a line
Ask me anything: An error occurred: EOF when reading a line
Ask me anything: An error occurred: EOF when reading a line
Ask me anything: An error occurred: EOF when reading a line
Ask me anything: An error occurred: EOF when reading a line
Ask me anything: An error occurred: EOF when reading a line
Ask me anything: An error occurred: EOF when reading a line
Ask me anything: An error occurred: EOF when reading a line
Ask me anything: An error occurred: EOF when reading a line
Ask me anything: An error occurred: EOF when reading a line
Ask me anything: An error occurred: EOF when reading a line
Ask me anything: An error occurred: EOF when reading a line
Ask me anything: An error occurred: EOF when reading a line
Ask me anything: An error occurred: EOF when reading a line
Ask me anything: An error occurred: EOF when reading a line
Ask me anything: An error occurred: EOF when reading a line
Ask me anything: An error occurred: EOF when reading a line
Ask me anything: An error occurred: EOF when reading a line
Ask me anything: An error occurred: EOF when reading a line
Ask me anything: An error occurred: EOF when reading a line
Ask me anything: An error occurred: EOF when reading a line
Ask me anything: An error occurred: EOF when reading a line
Ask me anything: An error occurred: EOF when reading a line
Ask me anything: An error occurred: EOF when reading a line
Ask me anything: An error occurred: EOF when reading a line
Ask me anything: An error occurred: EOF when reading a line
Ask me anything: An error occurred: EOF when reading a line
Ask me anything: An error occurred: EOF when reading a line
Ask me anything: An error occurred: EOF when reading a line
Ask me anything: An error occurred: EOF when reading a line
Ask me anything: An error occurred: EOF when reading a line
Ask me anything: An error occurred: EOF when reading a line
Ask me anything: An error occurred: EOF when reading a line
Ask me anything: An error occurred: EOF when reading a line
Ask me anything: An error occurred: EOF when reading a line
Ask me anything: An error occurred: EOF when reading a line
Ask me anything: An error occurred: EOF when reading a line
Ask me anything: An error occurred: EOF when reading a line
Ask me anything: An error occurred: EOF when reading a line
Ask me anything: An error occurred: EOF when reading a line
Ask me anything: An error occurred: EOF when reading a line
Ask me anything: An error occurred: EOF when reading a line
Ask me anything: An error occurred: EOF when reading a line
Ask me anything: An error occurred: EOF when reading a line
Ask me anything: An error occurred: EOF when reading a line
Ask me anything: An error occurred: EOF when reading a line
Ask me anything: An error occurred: EOF when reading a line
Ask me anything: An error occurred: EOF when reading a line
Ask me anything: An error occurred: EOF when reading a line
Ask me anything: An error occurred: EOF when reading a line
Ask me anything: An error occurred: EOF when reading a line
Ask me anything: An error occurred: EOF when reading a line
Ask me anything: An error occurred: EOF when reading a line
Ask me anything: An error occurred: EOF when reading a line
Ask me anything: An error occurred: EOF when reading a line
Ask me anything: An error occurred: EOF when reading a line
Ask me anything: An error occurred: EOF when reading a line
Ask me anything: An error occurred: EOF when reading a line
Ask me anything: An error occurred: EOF when reading a line
Ask me anything: An error occurred: EOF when reading a line
Ask me anything: An error occurred: EOF when reading a line
Ask me anything: An error occurred: EOF when reading a line
Ask me anything: An error occurred: EOF when reading a line
Ask me anything: An error occurred: EOF when reading a line
Ask me anything: An error occurred: EOF when reading a line
Ask me anything: An error occurred: EOF when reading a line
Ask me anything: An error occurred: EOF when reading a line
Ask me anything: An error occurred: EOF when reading a line
Ask me anything: An error occurred: EOF when reading a line
Ask me anything: An error occurred: EOF when reading a line
Ask me anything: An error occurred: EOF when reading a line
Ask me anything: An error occurred: EOF when reading a line
Ask me anything: An error occurred: EOF when reading a line
Ask me anything: An error occurred: EOF when reading a line
Ask me anything: An error occurred: EOF when reading a line
Ask me anything: An error occurred: EOF when reading a line
Ask me anything: An error occurred: EOF when reading a line
Ask me anything: An error occurred: EOF when reading a line
Ask me anything: An error occurred: EOF when reading a line
Ask me anything: An error occurred: EOF when reading a line
Ask me anything: An error occurred: EOF when reading a line
Ask me anything: An error occurred: EOF when reading a line
Ask me anything: An error occurred: EOF when reading a line
Ask me anything: An error occurred: EOF when reading a line
Ask me anything: An error occurred: EOF when reading a line
Ask me anything: An error occurred: EOF when reading a line
Ask me anything: An error occurred: EOF when reading a line
Ask me anything: An error occurred: EOF when reading a line
Ask me anything: An error occurred: EOF when reading a line
Ask me anything: An error occurred: EOF when reading a line
Ask me anything: An error occurred: EOF when reading a line
Ask me anything: An error occurred: EOF when reading a line
Ask me anything: An error occurred: EOF when reading a line
Ask me anything: An error occurred: EOF when reading a line
Ask me anything: An error occurred: EOF when reading a line
Ask me anything: An error occurred: EOF when reading a line
Ask me anything: An error occurred: EOF when reading a line
Ask me anything: An error occurred: EOF when reading a line
Ask me anything: An error occurred: EOF when reading a line
Ask me anything: An error occurred: EOF when reading a line
Ask me anything: An error occurred: EOF when reading a line
Ask me anything: An error occurred: EOF when reading a line
Ask me anything: An error occurred: EOF when reading a line
Ask me anything: An error occurred: EOF when reading a line
Ask me anything: An error occurred: EOF when reading a line
Ask me anything: An error occurred: EOF when reading a line
Ask me anything: An error occurred: EOF when reading a line
Ask me anything: An error occurred: EOF when reading a line
Ask me anything: An error occurred: EOF when reading a line
Ask me anything: An error occurred: EOF when reading a line
Ask me anything: An error occurred: EOF when reading a line
Ask me anything: An error occurred: EOF when reading a line
Ask me anything: An error occurred: EOF when reading a line
Ask me anything: An error occurred: EOF when reading a line
Ask me anything: An error occurred: EOF when reading a line
Ask me anything: An error occurred: EOF when reading a line
Ask me anything: An error occurred: EOF when reading a line
Ask me anything: An error occurred: EOF when reading a line
Ask me anything: An error occurred: EOF when reading a line
Ask me anything: An error occurred: EOF when reading a line
Ask me anything: An error occurred: EOF when reading a line
Ask me anything: An error occurred: EOF when reading a line
Ask me anything: An error occurred: EOF when reading a line
Ask me anything: An error occurred: EOF when reading a line
Ask me anything: An error occurred: EOF when reading a line
Ask me anything: An error occurred: EOF when reading a line
Ask me anything: An error occurred: EOF when reading a line
Ask me anything: An error occurred: EOF when reading a line
Ask me anything: An error occurred: EOF when reading a line
Ask me anything: An error occurred: EOF when reading a line
Ask me anything: An error occurred: EOF when reading a line
Ask me anything: An error occurred: EOF when reading a line
Ask me anything: An error occurred: EOF when reading a line
Ask me anything: An error occurred: EOF when reading a line
Ask me anything: An error occurred: EOF when reading a line
Ask me anything: An error occurred: EOF when reading a line
Ask me anything: An error occurred: EOF when reading a line
Ask me anything: An error occurred: EOF when reading a line
Ask me anything: An error occurred: EOF when reading a line
Ask me anything: An error occurred: EOF when reading a line
Ask me anything: An error occurred: EOF when reading a line
Ask me anything: An error occurred: EOF when reading a line
Ask me anything: An error occurred: EOF when reading a line
Ask me anything: An error occurred: EOF when reading a line
Ask me anything: An error occurred: EOF when reading a line
Ask me anything: An error occurred: EOF when reading a line
Ask me anything: An error occurred: EOF when reading a line
Ask me anything: An error occurred: EOF when reading a line
Ask me anything: An error occurred: EOF when reading a line
Ask me anything: An error occurred: EOF when reading a line
Ask me anything: An error occurred: EOF when reading a line
Ask me anything: An error occurred: EOF when reading a line
Ask me anything: An error occurred: EOF when reading a line
Ask me anything: An error occurred: EOF when reading a line
Ask me anything: An error occurred: EOF when reading a line
Ask me anything: An error occurred: EOF when reading a line
Ask me anything: An error occurred: EOF when reading a line
Ask me anything: An error occurred: EOF when reading a line
Ask me anything: An error occurred: EOF when reading a line
Ask me anything: An error occurred: EOF when reading a line
Ask me anything: An error occurred: EOF when reading a line
Ask me anything: An error occurred: EOF when reading a line
Ask me anything: An error occurred: EOF when reading a line
Ask me anything: An error occurred: EOF when reading a line
Ask me anything: An error occurred: EOF when reading a line
Ask me anything: An error occurred: EOF when reading a line
Ask me anything: An error occurred: EOF when reading a line
Ask me anything: An error occurred: EOF when reading a line
Ask me anything: An error occurred: EOF when reading a line
Ask me anything: An error occurred: EOF when reading a line
Ask me anything: An error occurred: EOF when reading a line
Ask me anything: An error occurred: EOF when reading a line
Ask me anything: An error occurred: EOF when reading a line
Ask me anything: An error occurred: EOF when reading a line
Ask me anything: An error occurred: EOF when reading a line
Ask me anything: An error occurred: EOF when reading a line
Ask me anything: An error occurred: EOF when reading a line
Ask me anything: An error occurred: EOF when reading a line
Ask me anything: An error occurred: EOF when reading a line
Ask me anything: An error occurred: EOF when reading a line
Ask me anything: An error occurred: EOF when reading a line
Ask me anything: An error occurred: EOF when reading a line
Ask me anything: An error occurred: EOF when reading a line
Ask me anything: An error occurred: EOF when reading a line
Ask me anything: An error occurred: EOF when reading a line
Ask me anything: An error occurred: EOF when reading a line
Ask me anything: An error occurred: EOF when reading a line
Ask me anything: An error occurred: EOF when reading a line
Ask me anything: An error occurred: EOF when reading a line
Ask me anything: An error occurred: EOF when reading a line
Ask me anything: An error occurred: EOF when reading a line
Ask me anything: An error occurred: EOF when reading a line
Ask me anything: An error occurred: EOF when reading a line
Ask me anything: An error occurred: EOF when reading a line
Ask me anything: An error occurred: EOF when reading a line
Ask me anything: An error occurred: EOF when reading a line
Ask me anything: An error occurred: EOF when reading a line
Ask me anything: An error occurred: EOF when reading a line
Ask me anything: An error occurred: EOF when reading a line
Ask me anything: An error occurred: EOF when reading a line
Ask me anything: An error occurred: EOF when reading a line
Ask me anything: An error occurred: EOF when reading a line
Ask me anything: An error occurred: EOF when reading a line
Ask me anything: An error occurred: EOF when reading a line
Ask me anything: An error occurred: EOF when reading a line
Ask me anything: An error occurred: EOF when reading a line
Ask me anything: An error occurred: EOF when reading a line
Ask me anything: An error occurred: EOF when reading a line
Ask me anything: An error occurred: EOF when reading a line
Ask me anything: An error occurred: EOF when reading a line
Ask me anything: An error occurred: EOF when reading a line
Ask me anything: An error occurred: EOF when reading a line
Ask me anything: An error occurred: EOF when reading a line
Ask me anything: An error occurred: EOF when reading a line
Ask me anything: An error occurred: EOF when reading a line
Ask me anything: An error occurred: EOF when reading a line
Ask me anything: An error occurred: EOF when reading a line
Ask me anything: An error occurred: EOF when reading a line
Ask me anything: An error occurred: EOF when reading a line
Ask me anything: An error occurred: EOF when reading a line
Ask me anything: An error occurred: EOF when reading a line
Ask me anything: An error occurred: EOF when reading a line
Ask me anything: An error occurred: EOF when reading a line
Ask me anything: An error occurred: EOF when reading a line
Ask me anything: An error occurred: EOF when reading a line
Ask me anything: An error occurred: EOF when reading a line
Ask me anything: An error occurred: EOF when reading a line
Ask me anything: An error occurred: EOF when reading a line
Ask me anything: An error occurred: EOF when reading a line
Ask me anything: An error occurred: EOF when reading a line
Ask me anything: An error occurred: EOF when reading a line
Ask me anything: An error occurred: EOF when reading a line
Ask me anything: An error occurred: EOF when reading a line
Ask me anything: An error occurred: EOF when reading a line
Ask me anything: An error occurred: EOF when reading a line
Ask me anything: An error occurred: EOF when reading a line
Ask me anything: An error occurred: EOF when reading a line
Ask me anything: An error occurred: EOF when reading a line
Ask me anything: An error occurred: EOF when reading a line
Ask me anything: An error occurred: EOF when reading a line
Ask me anything: An error occurred: EOF when reading a line
Ask me anything: An error occurred: EOF when reading a line
Ask me anything: An error occurred: EOF when reading a line
Ask me anything: An error occurred: EOF when reading a line
Ask me anything: An error occurred: EOF when reading a line
Ask me anything: An error occurred: EOF when reading a line
Ask me anything: An error occurred: EOF when reading a line
Ask me anything: An error occurred: EOF when reading a line
Ask me anything: An error occurred: EOF when reading a line
Ask me anything: An error occurred: EOF when reading a line
Ask me anything: An error occurred: EOF when reading a line
Ask me anything: An error occurred: EOF when reading a line
Ask me anything: An error occurred: EOF when reading a line
Ask me anything: An error occurred: EOF when reading a line
Ask me anything: An error occurred: EOF when reading a line
Ask me anything: An error occurred: EOF when reading a line
Ask me anything: An error occurred: EOF when reading a line
Ask me anything: An error occurred: EOF when reading a line
Ask me anything: An error occurred: EOF when reading a line
Ask me anything: An error occurred: EOF when reading a line
Ask me anything: An error occurred: EOF when reading a line
Ask me anything: An error occurred: EOF when reading a line
Ask me anything: An error occurred: EOF when reading a line
Ask me anything: An error occurred: EOF when reading a line
Ask me anything: An error occurred: EOF when reading a line
Ask me anything: An error occurred: EOF when reading a line
Ask me anything: An error occurred: EOF when reading a line
Ask me anything: An error occurred: EOF when reading a line
Ask me anything: An error occurred: EOF when reading a line
Ask me anything: An error occurred: EOF when reading a line
Ask me anything: An error occurred: EOF when reading a line
Ask me anything: An error occurred: EOF when reading a line
Ask me anything: An error occurred: EOF when reading a line
Ask me anything: An error occurred: EOF when reading a line
Ask me anything: An error occurred: EOF when reading a line
Ask me anything: An error occurred: EOF when reading a line
Ask me anything: An error occurred: EOF when reading a line
Ask me anything: An error occurred: EOF when reading a line
Ask me anything: An error occurred: EOF when reading a line
Ask me anything: An error occurred: EOF when reading a line
Ask me anything: An error occurred: EOF when reading a line
Ask me anything: An error occurred: EOF when reading a line
Ask me anything: An error occurred: EOF when reading a line
Ask me anything: An error occurred: EOF when reading a line
Ask me anything: An error occurred: EOF when reading a line
Ask me anything: An error occurred: EOF when reading a line
Ask me anything: An error occurred: EOF when reading a line
Ask me anything: An error occurred: EOF when reading a line
Ask me anything: An error occurred: EOF when reading a line
Ask me anything: An error occurred: EOF when reading a line
Ask me anything: An error occurred: EOF when reading a line
Ask me anything: An error occurred: EOF when reading a line
Ask me anything: An error occurred: EOF when reading a line
Ask me anything: An error occurred: EOF when reading a line
Ask me anything: An error occurred: EOF when reading a line
Ask me anything: An error occurred: EOF when reading a line
Ask me anything: An error occurred: EOF when reading a line
Ask me anything: An error occurred: EOF when reading a line
Ask me anything: An error occurred: EOF when reading a line
Ask me anything: An error occurred: EOF when reading a line
Ask me anything: An error occurred: EOF when reading a line
Ask me anything: An error occurred: EOF when reading a line
Ask me anything: An error occurred: EOF when reading a line
Ask me anything: An error occurred: EOF when reading a line
Ask me anything: An error occurred: EOF when reading a line
Ask me anything: An error occurred: EOF when reading a line
Ask me anything: An error occurred: EOF when reading a line
Ask me anything: An error occurred: EOF when reading a line
Ask me anything: An error occurred: EOF when reading a line
Ask me anything: An error occurred: EOF when reading a line
Ask me anything: An error occurred: EOF when reading a line
Ask me anything: An error occurred: EOF when reading a line
Ask me anything: An error occurred: EOF when reading a line
Ask me anything: An error occurred: EOF when reading a line
Ask me anything: An error occurred: EOF when reading a line
Ask me anything: An error occurred: EOF when reading a line
Ask me anything: An error occurred: EOF when reading a line
Ask me anything: An error occurred: EOF when reading a line
Ask me anything: An error occurred: EOF when reading a line
Ask me anything: An error occurred: EOF when reading a line
Ask me anything: An error occurred: EOF when reading a line
Ask me anything: An error occurred: EOF when reading a line
Ask me anything: An error occurred: EOF when reading a line
Ask me anything: An error occurred: EOF when reading a line
Ask me anything: An error occurred: EOF when reading a line
Ask me anything: An error occurred: EOF when reading a line
Ask me anything: An error occurred: EOF when reading a line
Ask me anything: An error occurred: EOF when reading a line
Ask me anything: An error occurred: EOF when reading a line
Ask me anything: An error occurred: EOF when reading a line
Ask me anything: An error occurred: EOF when reading a line
Ask me anything: An error occurred: EOF when reading a line
Ask me anything: An error occurred: EOF when reading a line
Ask me anything: An error occurred: EOF when reading a line
Ask me anything: An error occurred: EOF when reading a line
Ask me anything: An error occurred: EOF when reading a line
Ask me anything: An error occurred: EOF when reading a line
Ask me anything: An error occurred: EOF when reading a line
Ask me anything: An error occurred: EOF when reading a line
Ask me anything: An error occurred: EOF when reading a line
Ask me anything: An error occurred: EOF when reading a line
Ask me anything: An error occurred: EOF when reading a line
Ask me anything: An error occurred: EOF when reading a line
Ask me anything: An error occurred: EOF when reading a line
Ask me anything: An error occurred: EOF when reading a line
Ask me anything: An error occurred: EOF when reading a line
Ask me anything: An error occurred: EOF when reading a line
Ask me anything: An error occurred: EOF when reading a line
Ask me anything: An error occurred: EOF when reading a line
Ask me anything: An error occurred: EOF when reading a line
Ask me anything: An error occurred: EOF when reading a line
Ask me anything: An error occurred: EOF when reading a line
Ask me anything: An error occurred: EOF when reading a line
Ask me anything: An error occurred: EOF when reading a line
Ask me anything: An error occurred: EOF when reading a line
Ask me anything: An error occurred: EOF when reading a line
Ask me anything: An error occurred: EOF when reading a line
Ask me anything: An error occurred: EOF when reading a line
Ask me anything: An error occurred: EOF when reading a line
Ask me anything: An error occurred: EOF when reading a line
Ask me anything: An error occurred: EOF when reading a line
Ask me anything: An error occurred: EOF when reading a line
Ask me anything: An error occurred: EOF when reading a line
Ask me anything: An error occurred: EOF when reading a line
Ask me anything: An error occurred: EOF when reading a line
Ask me anything: An error occurred: EOF when reading a line
Ask me anything: An error occurred: EOF when reading a line
Ask me anything: An error occurred: EOF when reading a line
Ask me anything: An error occurred: EOF when reading a line
Ask me anything: An error occurred: EOF when reading a line
Ask me anything: An error occurred: EOF when reading a line
Ask me anything: An error occurred: EOF when reading a line
Ask me anything: An error occurred: EOF when reading a line
Ask me anything: An error occurred: EOF when reading a line
Ask me anything: An error occurred: EOF when reading a line
Ask me anything: An error occurred: EOF when reading a line
Ask me anything: An error occurred: EOF when reading a line
Ask me anything: An error occurred: EOF when reading a line
Ask me anything: An error occurred: EOF when reading a line
Ask me anything: An error occurred: EOF when reading a line
Ask me anything: An error occurred: EOF when reading a line
Ask me anything: An error occurred: EOF when reading a line
Ask me anything: An error occurred: EOF when reading a line
Ask me anything: An error occurred: EOF when reading a line
Ask me anything: An error occurred: EOF when reading a line
Ask me anything: An error occurred: EOF when reading a line
Ask me anything: An error occurred: EOF when reading a line
Ask me anything: An error occurred: EOF when reading a line
Ask me anything: An error occurred: EOF when reading a line
Ask me anything: An error occurred: EOF when reading a line
Ask me anything: An error occurred: EOF when reading a line
Ask me anything: An error occurred: EOF when reading a line
Ask me anything: An error occurred: EOF when reading a line
Ask me anything: An error occurred: EOF when reading a line
Ask me anything: An error occurred: EOF when reading a line
Ask me anything: An error occurred: EOF when reading a line
Ask me anything: An error occurred: EOF when reading a line
Ask me anything: An error occurred: EOF when reading a line
Ask me anything: An error occurred: EOF when reading a line
Ask me anything: An error occurred: EOF when reading a line
Ask me anything: An error occurred: EOF when reading a line
Ask me anything: An error occurred: EOF when reading a line
Ask me anything: An error occurred: EOF when reading a line
Ask me anything: An error occurred: EOF when reading a line
Ask me anything: An error occurred: EOF when reading a line
Ask me anything: An error occurred: EOF when reading a line
Ask me anything: An error occurred: EOF when reading a line
Ask me anything: An error occurred: EOF when reading a line
Ask me anything: An error occurred: EOF when reading a line
Ask me anything: An error occurred: EOF when reading a line
Ask me anything: An error occurred: EOF when reading a line
Ask me anything: An error occurred: EOF when reading a line
Ask me anything: An error occurred: EOF when reading a line
Ask me anything: An error occurred: EOF when reading a line
Ask me anything: An error occurred: EOF when reading a line
Ask me anything: An error occurred: EOF when reading a line
Ask me anything: An error occurred: EOF when reading a line
Ask me anything: An error occurred: EOF when reading a line
Ask me anything: An error occurred: EOF when reading a line
Ask me anything: An error occurred: EOF when reading a line
Ask me anything: An error occurred: EOF when reading a line
Ask me anything: An error occurred: EOF when reading a line
Ask me anything: An error occurred: EOF when reading a line
Ask me anything: An error occurred: EOF when reading a line
Ask me anything: An error occurred: EOF when reading a line
Ask me anything: An error occurred: EOF when reading a line
Ask me anything: An error occurred: EOF when reading a line
Ask me anything: An error occurred: EOF when reading a line
Ask me anything: An error occurred: EOF when reading a line
Ask me anything: An error occurred: EOF when reading a line
Ask me anything: An error occurred: EOF when reading a line
Ask me anything: An error occurred: EOF when reading a line
Ask me anything: An error occurred: EOF when reading a line
Ask me anything: An error occurred: EOF when reading a line
Ask me anything: An error occurred: EOF when reading a line
Ask me anything: An error occurred: EOF when reading a line
Ask me anything: An error occurred: EOF when reading a line
Ask me anything: An error occurred: EOF when reading a line
Ask me anything: An error occurred: EOF when reading a line
Ask me anything: An error occurred: EOF when reading a line
Ask me anything: An error occurred: EOF when reading a line
Ask me anything: An error occurred: EOF when reading a line
Ask me anything: An error occurred: EOF when reading a line
Ask me anything: An error occurred: EOF when reading a line
Ask me anything: An error occurred: EOF when reading a line
Ask me anything: An error occurred: EOF when reading a line
Ask me anything: An error occurred: EOF when reading a line
Ask me anything: An error occurred: EOF when reading a line
Ask me anything: An error occurred: EOF when reading a line
Ask me anything: An error occurred: EOF when reading a line
Ask me anything: An error occurred: EOF when reading a line
Ask me anything: An error occurred: EOF when reading a line
Ask me anything: An error occurred: EOF when reading a line
Ask me anything: An error occurred: EOF when reading a line
Ask me anything: An error occurred: EOF when reading a line
Ask me anything: An error occurred: EOF when reading a line
Ask me anything: An error occurred: EOF when reading a line
Ask me anything: An error occurred: EOF when reading a line
Ask me anything: An error occurred: EOF when reading a line
Ask me anything: An error occurred: EOF when reading a line
Ask me anything: An error occurred: EOF when reading a line
Ask me anything: An error occurred: EOF when reading a line
Ask me anything: An error occurred: EOF when reading a line
Ask me anything: An error occurred: EOF when reading a line
Ask me anything: An error occurred: EOF when reading a line
Ask me anything: An error occurred: EOF when reading a line
Ask me anything: An error occurred: EOF when reading a line
Ask me anything: An error occurred: EOF when reading a line
Ask me anything: An error occurred: EOF when reading a line
Ask me anything: An error occurred: EOF when reading a line
Ask me anything: An error occurred: EOF when reading a line
Ask me anything: An error occurred: EOF when reading a line
Ask me anything: An error occurred: EOF when reading a line
Ask me anything: An error occurred: EOF when reading a line
Ask me anything: An error occurred: EOF when reading a line
Ask me anything: An error occurred: EOF when reading a line
Ask me anything: An error occurred: EOF when reading a line
Ask me anything: An error occurred: EOF when reading a line
Ask me anything: An error occurred: EOF when reading a line
Ask me anything: An error occurred: EOF when reading a line
Ask me anything: An error occurred: EOF when reading a line
Ask me anything: An error occurred: EOF when reading a line
Ask me anything: An error occurred: EOF when reading a line
Ask me anything: An error occurred: EOF when reading a line
Ask me anything: An error occurred: EOF when reading a line
Ask me anything: An error occurred: EOF when reading a line
Ask me anything: An error occurred: EOF when reading a line
Ask me anything: An error occurred: EOF when reading a line
Ask me anything: An error occurred: EOF when reading a line
Ask me anything: An error occurred: EOF when reading a line
Ask me anything: An error occurred: EOF when reading a line
Ask me anything: An error occurred: EOF when reading a line
Ask me anything: An error occurred: EOF when reading a line
Ask me anything: An error occurred: EOF when reading a line
Ask me anything: An error occurred: EOF when reading a line
Ask me anything: An error occurred: EOF when reading a line
Ask me anything: An error occurred: EOF when reading a line
Ask me anything: An error occurred: EOF when reading a line
Ask me anything: An error occurred: EOF when reading a line
Ask me anything: An error occurred: EOF when reading a line
Ask me anything: An error occurred: EOF when reading a line
Ask me anything: An error occurred: EOF when reading a line
Ask me anything: An error occurred: EOF when reading a line
Ask me anything: An error occurred: EOF when reading a line
Ask me anything: An error occurred: EOF when reading a line
Ask me anything: An error occurred: EOF when reading a line
Ask me anything: An error occurred: EOF when reading a line
Ask me anything: An error occurred: EOF when reading a line
Ask me anything: An error occurred: EOF when reading a line
Ask me anything: An error occurred: EOF when reading a line
Ask me anything: An error occurred: EOF when reading a line
Ask me anything: An error occurred: EOF when reading a line
Ask me anything: An error occurred: EOF when reading a line
Ask me anything: An error occurred: EOF when reading a line
Ask me anything: An error occurred: EOF when reading a line
Ask me anything: An error occurred: EOF when reading a line
Ask me anything: An error occurred: EOF when reading a line
Ask me anything: An error occurred: EOF when reading a line
Ask me anything: An error occurred: EOF when reading a line
Ask me anything: An error occurred: EOF when reading a line
Ask me anything: An error occurred: EOF when reading a line
Ask me anything: An error occurred: EOF when reading a line
Ask me anything: An error occurred: EOF when reading a line
Ask me anything: An error occurred: EOF when reading a line
Ask me anything: An error occurred: EOF when reading a line
Ask me anything: An error occurred: EOF when reading a line
Ask me anything: An error occurred: EOF when reading a line
Ask me anything: An error occurred: EOF when reading a line
Ask me anything: An error occurred: EOF when reading a line
Ask me anything: An error occurred: EOF when reading a line
Ask me anything: An error occurred: EOF when reading a line
Ask me anything: An error occurred: EOF when reading a line
Ask me anything: An error occurred: EOF when reading a line
Ask me anything: An error occurred: EOF when reading a line
Ask me anything: An error occurred: EOF when reading a line
Ask me anything: An error occurred: EOF when reading a line
Ask me anything: An error occurred: EOF when reading a line
Ask me anything: An error occurred: EOF when reading a line
Ask me anything: An error occurred: EOF when reading a line
Ask me anything: An error occurred: EOF when reading a line
Ask me anything: An error occurred: EOF when reading a line
Ask me anything: An error occurred: EOF when reading a line
Ask me anything: An error occurred: EOF when reading a line
Ask me anything: An error occurred: EOF when reading a line
Ask me anything: An error occurred: EOF when reading a line
Ask me anything: An error occurred: EOF when reading a line
Ask me anything: An error occurred: EOF when reading a line
Ask me anything: An error occurred: EOF when reading a line
Ask me anything: An error occurred: EOF when reading a line
Ask me anything: An error occurred: EOF when reading a line
Ask me anything: An error occurred: EOF when reading a line
Ask me anything: An error occurred: EOF when reading a line
Ask me anything: An error occurred: EOF when reading a line
Ask me anything: An error occurred: EOF when reading a line
Ask me anything: An error occurred: EOF when reading a line
Ask me anything: An error occurred: EOF when reading a line
Ask me anything: An error occurred: EOF when reading a line
Ask me anything: An error occurred: EOF when reading a line
Ask me anything: An error occurred: EOF when reading a line
Ask me anything: An error occurred: EOF when reading a line
Ask me anything: An error occurred: EOF when reading a line
Ask me anything: An error occurred: EOF when reading a line
Ask me anything: An error occurred: EOF when reading a line
Ask me anything: An error occurred: EOF when reading a line
Ask me anything: An error occurred: EOF when reading a line
Ask me anything: An error occurred: EOF when reading a line
Ask me anything: An error occurred: EOF when reading a line
Ask me anything: An error occurred: EOF when reading a line
Ask me anything: An error occurred: EOF when reading a line
Ask me anything: An error occurred: EOF when reading a line
Ask me anything: An error occurred: EOF when reading a line
Ask me anything: An error occurred: EOF when reading a line
Ask me anything: An error occurred: EOF when reading a line
Ask me anything: An error occurred: EOF when reading a line
Ask me anything: An error occurred: EOF when reading a line
Ask me anything: An error occurred: EOF when reading a line
Ask me anything: An error occurred: EOF when reading a line
Ask me anything: An error occurred: EOF when reading a line
Ask me anything: An error occurred: EOF when reading a line
Ask me anything: An error occurred: EOF when reading a line
Ask me anything: An error occurred: EOF when reading a line
Ask me anything: An error occurred: EOF when reading a line
Ask me anything: An error occurred: EOF when reading a line
Ask me anything: An error occurred: EOF when reading a line
Ask me anything: An error occurred: EOF when reading a line
Ask me anything: An error occurred: EOF when reading a line
Ask me anything: An error occurred: EOF when reading a line
Ask me anything: An error occurred: EOF when reading a line
Ask me anything: An error occurred: EOF when reading a line
Ask me anything: An error occurred: EOF when reading a line
Ask me anything: An error occurred: EOF when reading a line
Ask me anything: An error occurred: EOF when reading a line
Ask me anything: An error occurred: EOF when reading a line
Ask me anything: An error occurred: EOF when reading a line
Ask me anything: An error occurred: EOF when reading a line
Ask me anything: An error occurred: EOF when reading a line
Ask me anything: An error occurred: EOF when reading a line
Ask me anything: An error occurred: EOF when reading a line
Ask me anything: An error occurred: EOF when reading a line
Ask me anything: An error occurred: EOF when reading a line
Ask me anything: An error occurred: EOF when reading a line
Ask me anything: An error occurred: EOF when reading a line
Ask me anything: An error occurred: EOF when reading a line
Ask me anything: An error occurred: EOF when reading a line
Ask me anything: An error occurred: EOF when reading a line
Ask me anything: An error occurred: EOF when reading a line
Ask me anything: An error occurred: EOF when reading a line
Ask me anything: An error occurred: EOF when reading a line
Ask me anything: An error occurred: EOF when reading a line
Ask me anything: An error occurred: EOF when reading a line
Ask me anything: An error occurred: EOF when reading a line
Ask me anything: An error occurred: EOF when reading a line
Ask me anything: An error occurred: EOF when reading a line
Ask me anything: An error occurred: EOF when reading a line
Ask me anything: An error occurred: EOF when reading a line
Ask me anything: An error occurred: EOF when reading a line
Ask me anything: An error occurred: EOF when reading a line
Ask me anything: An error occurred: EOF when reading a line
Ask me anything: An error occurred: EOF when reading a line
Ask me anything: An error occurred: EOF when reading a line
Ask me anything: An error occurred: EOF when reading a line
Ask me anything: An error occurred: EOF when reading a line
Ask me anything: An error occurred: EOF when reading a line
Ask me anything: An error occurred: EOF when reading a line
Ask me anything: An error occurred: EOF when reading a line
Ask me anything: An error occurred: EOF when reading a line
Ask me anything: An error occurred: EOF when reading a line
Ask me anything: An error occurred: EOF when reading a line
Ask me anything: An error occurred: EOF when reading a line
Ask me anything: An error occurred: EOF when reading a line
Ask me anything: An error occurred: EOF when reading a line
Ask me anything: An error occurred: EOF when reading a line
Ask me anything: An error occurred: EOF when reading a line
Ask me anything: An error occurred: EOF when reading a line
Ask me anything: An error occurred: EOF when reading a line
Ask me anything: An error occurred: EOF when reading a line
Ask me anything: An error occurred: EOF when reading a line
Ask me anything: An error occurred: EOF when reading a line
Ask me anything: An error occurred: EOF when reading a line
Ask me anything: An error occurred: EOF when reading a line
Ask me anything: An error occurred: EOF when reading a line
Ask me anything: An error occurred: EOF when reading a line
Ask me anything: An error occurred: EOF when reading a line
Ask me anything: An error occurred: EOF when reading a line
Ask me anything: An error occurred: EOF when reading a line
Ask me anything: An error occurred: EOF when reading a line
Ask me anything: An error occurred: EOF when reading a line
Ask me anything: An error occurred: EOF when reading a line
Ask me anything: An error occurred: EOF when reading a line
Ask me anything: An error occurred: EOF when reading a line
Ask me anything: An error occurred: EOF when reading a line
Ask me anything: An error occurred: EOF when reading a line
Ask me anything: An error occurred: EOF when reading a line
Ask me anything: An error occurred: EOF when reading a line
Ask me anything: An error occurred: EOF when reading a line
Ask me anything: An error occurred: EOF when reading a line
Ask me anything: An error occurred: EOF when reading a line
Ask me anything: An error occurred: EOF when reading a line
Ask me anything: An error occurred: EOF when reading a line
Ask me anything: An error occurred: EOF when reading a line
Ask me anything: An error occurred: EOF when reading a line
Ask me anything: An error occurred: EOF when reading a line
Ask me anything: An error occurred: EOF when reading a line
Ask me anything: An error occurred: EOF when reading a line
Ask me anything: An error occurred: EOF when reading a line
Ask me anything: An error occurred: EOF when reading a line
Ask me anything: An error occurred: EOF when reading a line
Ask me anything: An error occurred: EOF when reading a line
Ask me anything: An error occurred: EOF when reading a line
Ask me anything: An error occurred: EOF when reading a line
Ask me anything: An error occurred: EOF when reading a line
Ask me anything: An error occurred: EOF when reading a line
Ask me anything: An error occurred: EOF when reading a line
Ask me anything: An error occurred: EOF when reading a line
Ask me anything: An error occurred: EOF when reading a line
Ask me anything: An error occurred: EOF when reading a line
Ask me anything: An error occurred: EOF when reading a line
Ask me anything: An error occurred: EOF when reading a line
Ask me anything: An error occurred: EOF when reading a line
Ask me anything: An error occurred: EOF when reading a line
Ask me anything: An error occurred: EOF when reading a line
Ask me anything: An error occurred: EOF when reading a line
Ask me anything: An error occurred: EOF when reading a line
Ask me anything: An error occurred: EOF when reading a line
Ask me anything: An error occurred: EOF when reading a line
Ask me anything: An error occurred: EOF when reading a line
Ask me anything: An error occurred: EOF when reading a line
Ask me anything: An error occurred: EOF when reading a line
Ask me anything: An error occurred: EOF when reading a line
Ask me anything: An error occurred: EOF when reading a line
Ask me anything: An error occurred: EOF when reading a line
Ask me anything: An error occurred: EOF when reading a line
Ask me anything: An error occurred: EOF when reading a line
Ask me anything: An error occurred: EOF when reading a line
Ask me anything: An error occurred: EOF when reading a line
Ask me anything: An error occurred: EOF when reading a line
Ask me anything: An error occurred: EOF when reading a line
Ask me anything: An error occurred: EOF when reading a line
Ask me anything: An error occurred: EOF when reading a line
Ask me anything: An error occurred: EOF when reading a line
Ask me anything: An error occurred: EOF when reading a line
Ask me anything: An error occurred: EOF when reading a line
Ask me anything: An error occurred: EOF when reading a line
Ask me anything: An error occurred: EOF when reading a line
Ask me anything: An error occurred: EOF when reading a line
Ask me anything: An error occurred: EOF when reading a line
Ask me anything: An error occurred: EOF when reading a line
Ask me anything: An error occurred: EOF when reading a line
Ask me anything: An error occurred: EOF when reading a line
Ask me anything: An error occurred: EOF when reading a line
Ask me anything: An error occurred: EOF when reading a line
Ask me anything: An error occurred: EOF when reading a line
Ask me anything: An error occurred: EOF when reading a line
Ask me anything: An error occurred: EOF when reading a line
Ask me anything: An error occurred: EOF when reading a line
Ask me anything: An error occurred: EOF when reading a line
Ask me anything: An error occurred: EOF when reading a line
Ask me anything: An error occurred: EOF when reading a line
Ask me anything: An error occurred: EOF when reading a line
Ask me anything: An error occurred: EOF when reading a line
Ask me anything: An error occurred: EOF when reading a line
Ask me anything: An error occurred: EOF when reading a line
Ask me anything: An error occurred: EOF when reading a line
Ask me anything: An error occurred: EOF when reading a line
Ask me anything: An error occurred: EOF when reading a line
Ask me anything: An error occurred: EOF when reading a line
Ask me anything: An error occurred: EOF when reading a line
Ask me anything: An error occurred: EOF when reading a line
Ask me anything: An error occurred: EOF when reading a line
Ask me anything: An error occurred: EOF when reading a line
Ask me anything: An error occurred: EOF when reading a line
Ask me anything: An error occurred: EOF when reading a line
Ask me anything: An error occurred: EOF when reading a line
Ask me anything: An error occurred: EOF when reading a line
Ask me anything: An error occurred: EOF when reading a line
Ask me anything: An error occurred: EOF when reading a line
Ask me anything: An error occurred: EOF when reading a line
Ask me anything: An error occurred: EOF when reading a line
Ask me anything: An error occurred: EOF when reading a line
Ask me anything: An error occurred: EOF when reading a line
Ask me anything: An error occurred: EOF when reading a line
Ask me anything: An error occurred: EOF when reading a line
Ask me anything: An error occurred: EOF when reading a line
Ask me anything: An error occurred: EOF when reading a line
Ask me anything: An error occurred: EOF when reading a line
Ask me anything: An error occurred: EOF when reading a line
Ask me anything: An error occurred: EOF when reading a line
Ask me anything: An error occurred: EOF when reading a line
Ask me anything: An error occurred: EOF when reading a line
Ask me anything: An error occurred: EOF when reading a line
Ask me anything: An error occurred: EOF when reading a line
Ask me anything: An error occurred: EOF when reading a line
Ask me anything: An error occurred: EOF when reading a line
Ask me anything: An error occurred: EOF when reading a line
Ask me anything: An error occurred: EOF when reading a line
Ask me anything: An error occurred: EOF when reading a line
Ask me anything: An error occurred: EOF when reading a line
Ask me anything: An error occurred: EOF when reading a line
Ask me anything: An error occurred: EOF when reading a line
Ask me anything: An error occurred: EOF when reading a line
Ask me anything: An error occurred: EOF when reading a line
Ask me anything: An error occurred: EOF when reading a line
Ask me anything: An error occurred: EOF when reading a line
Ask me anything: An error occurred: EOF when reading a line
Ask me anything: An error occurred: EOF when reading a line
Ask me anything: An error occurred: EOF when reading a line
Ask me anything: An error occurred: EOF when reading a line
Ask me anything: An error occurred: EOF when reading a line
Ask me anything: An error occurred: EOF when reading a line
Ask me anything: An error occurred: EOF when reading a line
Ask me anything: An error occurred: EOF when reading a line
Ask me anything: An error occurred: EOF when reading a line
Ask me anything: An error occurred: EOF when reading a line
Ask me anything: An error occurred: EOF when reading a line
Ask me anything: An error occurred: EOF when reading a line
Ask me anything: An error occurred: EOF when reading a line
Ask me anything: An error occurred: EOF when reading a line
Ask me anything: An error occurred: EOF when reading a line
Ask me anything: An error occurred: EOF when reading a line
Ask me anything: An error occurred: EOF when reading a line
Ask me anything: An error occurred: EOF when reading a line
Ask me anything: An error occurred: EOF when reading a line
Ask me anything: An error occurred: EOF when reading a line
Ask me anything: An error occurred: EOF when reading a line
Ask me anything: An error occurred: EOF when reading a line
Ask me anything: An error occurred: EOF when reading a line
Ask me anything: An error occurred: EOF when reading a line
Ask me anything: An error occurred: EOF when reading a line
Ask me anything: An error occurred: EOF when reading a line
Ask me anything: An error occurred: EOF when reading a line
Ask me anything: An error occurred: EOF when reading a line
Ask me anything: An error occurred: EOF when reading a line
Ask me anything: An error occurred: EOF when reading a line
Ask me anything: An error occurred: EOF when reading a line
Ask me anything: An error occurred: EOF when reading a line
Ask me anything: An error occurred: EOF when reading a line
Ask me anything: An error occurred: EOF when reading a line
Ask me anything: An error occurred: EOF when reading a line
Ask me anything: An error occurred: EOF when reading a line
Ask me anything: An error occurred: EOF when reading a line
Ask me anything: An error occurred: EOF when reading a line
Ask me anything: An error occurred: EOF when reading a line
Ask me anything: An error occurred: EOF when reading a line
Ask me anything: An error occurred: EOF when reading a line
Ask me anything: An error occurred: EOF when reading a line
Ask me anything: An error occurred: EOF when reading a line
Ask me anything: An error occurred: EOF when reading a line
Ask me anything: An error occurred: EOF when reading a line
Ask me anything: An error occurred: EOF when reading a line
Ask me anything: An error occurred: EOF when reading a line
Ask me anything: An error occurred: EOF when reading a line
Ask me anything: An error occurred: EOF when reading a line
Ask me anything: An error occurred: EOF when reading a line
Ask me anything: An error occurred: EOF when reading a line
Ask me anything: An error occurred: EOF when reading a line
Ask me anything: An error occurred: EOF when reading a line
Ask me anything: An error occurred: EOF when reading a line
Ask me anything: An error occurred: EOF when reading a line
Ask me anything: An error occurred: EOF when reading a line
Ask me anything: An error occurred: EOF when reading a line
Ask me anything: An error occurred: EOF when reading a line
Ask me anything: An error occurred: EOF when reading a line
Ask me anything: An error occurred: EOF when reading a line
Ask me anything: An error occurred: EOF when reading a line
Ask me anything: An error occurred: EOF when reading a line
Ask me anything: An error occurred: EOF when reading a line
Ask me anything: An error occurred: EOF when reading a line
Ask me anything: An error occurred: EOF when reading a line
Ask me anything: An error occurred: EOF when reading a line
Ask me anything: An error occurred: EOF when reading a line
Ask me anything: An error occurred: EOF when reading a line
Ask me anything: An error occurred: EOF when reading a line
Ask me anything: An error occurred: EOF when reading a line
Ask me anything: An error occurred: EOF when reading a line
Ask me anything: An error occurred: EOF when reading a line
Ask me anything: An error occurred: EOF when reading a line
Ask me anything: An error occurred: EOF when reading a line
Ask me anything: An error occurred: EOF when reading a line
Ask me anything: An error occurred: EOF when reading a line
Ask me anything: An error occurred: EOF when reading a line
Ask me anything: An error occurred: EOF when reading a line
Ask me anything: An error occurred: EOF when reading a line
Ask me anything: An error occurred: EOF when reading a line
Ask me anything: An error occurred: EOF when reading a line
Ask me anything: An error occurred: EOF when reading a line
Ask me anything: An error occurred: EOF when reading a line
Ask me anything: An error occurred: EOF when reading a line
Ask me anything: An error occurred: EOF when reading a line
Ask me anything: An error occurred: EOF when reading a line
Ask me anything: An error occurred: EOF when reading a line
Ask me anything: An error occurred: EOF when reading a line
Ask me anything: An error occurred: EOF when reading a line
Ask me anything: An error occurred: EOF when reading a line
Ask me anything: An error occurred: EOF when reading a line
Ask me anything: An error occurred: EOF when reading a line
Ask me anything: An error occurred: EOF when reading a line
Ask me anything: An error occurred: EOF when reading a line
Ask me anything: An error occurred: EOF when reading a line
Ask me anything: An error occurred: EOF when reading a line
Ask me anything: An error occurred: EOF when reading a line
Ask me anything: An error occurred: EOF when reading a line
Ask me anything: An error occurred: EOF when reading a line
Ask me anything: An error occurred: EOF when reading a line
Ask me anything: An error occurred: EOF when reading a line
Ask me anything: An error occurred: EOF when reading a line
Ask me anything: An error occurred: EOF when reading a line
Ask me anything: An error occurred: EOF when reading a line
Ask me anything: An error occurred: EOF when reading a line
Ask me anything: An error occurred: EOF when reading a line
Ask me anything: An error occurred: EOF when reading a line
Ask me anything: An error occurred: EOF when reading a line
Ask me anything: An error occurred: EOF when reading a line
Ask me anything: An error occurred: EOF when reading a line
Ask me anything: An error occurred: EOF when reading a line
Ask me anything: An error occurred: EOF when reading a line
Ask me anything: An error occurred: EOF when reading a line
Ask me anything: An error occurred: EOF when reading a line
Ask me anything: An error occurred: EOF when reading a line
Ask me anything: An error occurred: EOF when reading a line
Ask me anything: An error occurred: EOF when reading a line
Ask me anything: An error occurred: EOF when reading a line
Ask me anything: An error occurred: EOF when reading a line
Ask me anything: An error occurred: EOF when reading a line
Ask me anything: An error occurred: EOF when reading a line
Ask me anything: An error occurred: EOF when reading a line
Ask me anything: An error occurred: EOF when reading a line
Ask me anything: An error occurred: EOF when reading a line
Ask me anything: An error occurred: EOF when reading a line
Ask me anything: An error occurred: EOF when reading a line
Ask me anything: An error occurred: EOF when reading a line
Ask me anything: An error occurred: EOF when reading a line
Ask me anything: An error occurred: EOF when reading a line
Ask me anything: An error occurred: EOF when reading a line
Ask me anything: An error occurred: EOF when reading a line
Ask me anything: An error occurred: EOF when reading a line
Ask me anything: An error occurred: EOF when reading a line
Ask me anything: An error occurred: EOF when reading a line
Ask me anything: An error occurred: EOF when reading a line
Ask me anything: An error occurred: EOF when reading a line
Ask me anything: An error occurred: EOF when reading a line
Ask me anything: An error occurred: EOF when reading a line
Ask me anything: An error occurred: EOF when reading a line
Ask me anything: An error occurred: EOF when reading a line
Ask me anything: An error occurred: EOF when reading a line
Ask me anything: An error occurred: EOF when reading a line
Ask me anything: An error occurred: EOF when reading a line
Ask me anything: An error occurred: EOF when reading a line
Ask me anything: An error occurred: EOF when reading a line
Ask me anything: An error occurred: EOF when reading a line
Ask me anything: An error occurred: EOF when reading a line
Ask me anything: An error occurred: EOF when reading a line
Ask me anything: An error occurred: EOF when reading a line
Ask me anything: An error occurred: EOF when reading a line
Ask me anything: An error occurred: EOF when reading a line
Ask me anything: An error occurred: EOF when reading a line
Ask me anything: An error occurred: EOF when reading a line
Ask me anything: An error occurred: EOF when reading a line
Ask me anything: An error occurred: EOF when reading a line
Ask me anything: An error occurred: EOF when reading a line
Ask me anything: An error occurred: EOF when reading a line
Ask me anything: An error occurred: EOF when reading a line
Ask me anything: An error occurred: EOF when reading a line
Ask me anything: An error occurred: EOF when reading a line
Ask me anything: An error occurred: EOF when reading a line
Ask me anything: An error occurred: EOF when reading a line
Ask me anything: An error occurred: EOF when reading a line
Ask me anything: An error occurred: EOF when reading a line
Ask me anything: An error occurred: EOF when reading a line
Ask me anything: An error occurred: EOF when reading a line
Ask me anything: An error occurred: EOF when reading a line
Ask me anything: An error occurred: EOF when reading a line
Ask me anything: An error occurred: EOF when reading a line
Ask me anything: An error occurred: EOF when reading a line
Ask me anything: An error occurred: EOF when reading a line
Ask me anything: An error occurred: EOF when reading a line
Ask me anything: An error occurred: EOF when reading a line
Ask me anything: An error occurred: EOF when reading a line
Ask me anything: An error occurred: EOF when reading a line
Ask me anything: An error occurred: EOF when reading a line
Ask me anything: An error occurred: EOF when reading a line
Ask me anything: An error occurred: EOF when reading a line
Ask me anything: An error occurred: EOF when reading a line
Ask me anything: An error occurred: EOF when reading a line
Ask me anything: An error occurred: EOF when reading a line
Ask me anything: An error occurred: EOF when reading a line
Ask me anything: An error occurred: EOF when reading a line
Ask me anything: An error occurred: EOF when reading a line
Ask me anything: An error occurred: EOF when reading a line
Ask me anything: An error occurred: EOF when reading a line
Ask me anything: An error occurred: EOF when reading a line
Ask me anything: An error occurred: EOF when reading a line
Ask me anything: An error occurred: EOF when reading a line
Ask me anything: An error occurred: EOF when reading a line
Ask me anything: An error occurred: EOF when reading a line
Ask me anything: An error occurred: EOF when reading a line
Ask me anything: An error occurred: EOF when reading a line
Ask me anything: An error occurred: EOF when reading a line
Ask me anything: An error occurred: EOF when reading a line
Ask me anything: An error occurred: EOF when reading a line
Ask me anything: An error occurred: EOF when reading a line
Ask me anything: An error occurred: EOF when reading a line
Ask me anything: An error occurred: EOF when reading a line
Ask me anything: An error occurred: EOF when reading a line
Ask me anything: An error occurred: EOF when reading a line
Ask me anything: An error occurred: EOF when reading a line
Ask me anything: An error occurred: EOF when reading a line
Ask me anything: An error occurred: EOF when reading a line
Ask me anything: An error occurred: EOF when reading a line
Ask me anything: An error occurred: EOF when reading a line
Ask me anything: An error occurred: EOF when reading a line
Ask me anything: An error occurred: EOF when reading a line
Ask me anything: An error occurred: EOF when reading a line
Ask me anything: An error occurred: EOF when reading a line
Ask me anything: An error occurred: EOF when reading a line
Ask me anything: An error occurred: EOF when reading a line
Ask me anything: An error occurred: EOF when reading a line
Ask me anything: An error occurred: EOF when reading a line
Ask me anything: An error occurred: EOF when reading a line
Ask me anything: An error occurred: EOF when reading a line
Ask me anything: An error occurred: EOF when reading a line
Ask me anything: An error occurred: EOF when reading a line
Ask me anything: An error occurred: EOF when reading a line
Ask me anything: An error occurred: EOF when reading a line
Ask me anything: An error occurred: EOF when reading a line
Ask me anything: An error occurred: EOF when reading a line
Ask me anything: An error occurred: EOF when reading a line
Ask me anything: An error occurred: EOF when reading a line
Ask me anything: An error occurred: EOF when reading a line
Ask me anything: An error occurred: EOF when reading a line
Ask me anything: An error occurred: EOF when reading a line
Ask me anything: An error occurred: EOF when reading a line
Ask me anything: An error occurred: EOF when reading a line
Ask me anything: An error occurred: EOF when reading a line
Ask me anything: An error occurred: EOF when reading a line
Ask me anything: An error occurred: EOF when reading a line
Ask me anything: An error occurred: EOF when reading a line
Ask me anything: An error occurred: EOF when reading a line
Ask me anything: An error occurred: EOF when reading a line
Ask me anything: An error occurred: EOF when reading a line
Ask me anything: An error occurred: EOF when reading a line
Ask me anything: An error occurred: EOF when reading a line
Ask me anything: An error occurred: EOF when reading a line
Ask me anything: An error occurred: EOF when reading a line
Ask me anything: An error occurred: EOF when reading a line
Ask me anything: An error occurred: EOF when reading a line
Ask me anything: An error occurred: EOF when reading a line
Ask me anything: An error occurred: EOF when reading a line
Ask me anything: An error occurred: EOF when reading a line
Ask me anything: An error occurred: EOF when reading a line
Ask me anything: An error occurred: EOF when reading a line
Ask me anything: An error occurred: EOF when reading a line
Ask me anything: An error occurred: EOF when reading a line
Ask me anything: An error occurred: EOF when reading a line
Ask me anything: An error occurred: EOF when reading a line
Ask me anything: An error occurred: EOF when reading a line
Ask me anything: An error occurred: EOF when reading a line
Ask me anything: An error occurred: EOF when reading a line
Ask me anything: An error occurred: EOF when reading a line
Ask me anything: An error occurred: EOF when reading a line
Ask me anything: An error occurred: EOF when reading a line
Ask me anything: An error occurred: EOF when reading a line
Ask me anything: An error occurred: EOF when reading a line
Ask me anything: An error occurred: EOF when reading a line
Ask me anything: An error occurred: EOF when reading a line
Ask me anything: An error occurred: EOF when reading a line
Ask me anything: An error occurred: EOF when reading a line
Ask me anything: An error occurred: EOF when reading a line
Ask me anything: An error occurred: EOF when reading a line
Ask me anything: An error occurred: EOF when reading a line
Ask me anything: An error occurred: EOF when reading a line
Ask me anything: An error occurred: EOF when reading a line
Ask me anything: An error occurred: EOF when reading a line
Ask me anything: An error occurred: EOF when reading a line
Ask me anything: An error occurred: EOF when reading a line
Ask me anything: An error occurred: EOF when reading a line
Ask me anything: An error occurred: EOF when reading a line
Ask me anything: An error occurred: EOF when reading a line
Ask me anything: An error occurred: EOF when reading a line
Ask me anything: An error occurred: EOF when reading a line
Ask me anything: An error occurred: EOF when reading a line
Ask me anything: An error occurred: EOF when reading a line
Ask me anything: An error occurred: EOF when reading a line
Ask me anything: An error occurred: EOF when reading a line
Ask me anything: An error occurred: EOF when reading a line
Ask me anything: An error occurred: EOF when reading a line
Ask me anything: An error occurred: EOF when reading a line
Ask me anything: An error occurred: EOF when reading a line
Ask me anything: An error occurred: EOF when reading a line
Ask me anything: An error occurred: EOF when reading a line
Ask me anything: An error occurred: EOF when reading a line
Ask me anything: An error occurred: EOF when reading a line
Ask me anything: An error occurred: EOF when reading a line
Ask me anything: An error occurred: EOF when reading a line
Ask me anything: An error occurred: EOF when reading a line
Ask me anything: An error occurred: EOF when reading a line
Ask me anything: An error occurred: EOF when reading a line
Ask me anything: An error occurred: EOF when reading a line
Ask me anything: An error occurred: EOF when reading a line
Ask me anything: An error occurred: EOF when reading a line
Ask me anything: An error occurred: EOF when reading a line
Ask me anything: An error occurred: EOF when reading a line
Ask me anything: An error occurred: EOF when reading a line
Ask me anything: An error occurred: EOF when reading a line
Ask me anything: An error occurred: EOF when reading a line
Ask me anything: An error occurred: EOF when reading a line
Ask me anything: An error occurred: EOF when reading a line
Ask me anything: An error occurred: EOF when reading a line
Ask me anything: An error occurred: EOF when reading a line
Ask me anything: An error occurred: EOF when reading a line
Ask me anything: An error occurred: EOF when reading a line
Ask me anything: An error occurred: EOF when reading a line
Ask me anything: An error occurred: EOF when reading a line
Ask me anything: An error occurred: EOF when reading a line
Ask me anything: An error occurred: EOF when reading a line
Ask me anything: An error occurred: EOF when reading a line
Ask me anything: An error occurred: EOF when reading a line
Ask me anything: An error occurred: EOF when reading a line
Ask me anything: An error occurred: EOF when reading a line
Ask me anything: An error occurred: EOF when reading a line
Ask me anything: An error occurred: EOF when reading a line
Ask me anything: An error occurred: EOF when reading a line
Ask me anything: An error occurred: EOF when reading a line
Ask me anything: An error occurred: EOF when reading a line
Ask me anything: An error occurred: EOF when reading a line
Ask me anything: An error occurred: EOF when reading a line
Ask me anything: An error occurred: EOF when reading a line
Ask me anything: An error occurred: EOF when reading a line
Ask me anything: An error occurred: EOF when reading a line
Ask me anything: An error occurred: EOF when reading a line
Ask me anything: An error occurred: EOF when reading a line
Ask me anything: An error occurred: EOF when reading a line
Ask me anything: An error occurred: EOF when reading a line
Ask me anything: An error occurred: EOF when reading a line
Ask me anything: An error occurred: EOF when reading a line
Ask me anything: An error occurred: EOF when reading a line
Ask me anything: An error occurred: EOF when reading a line
Ask me anything: An error occurred: EOF when reading a line
Ask me anything: An error occurred: EOF when reading a line
Ask me anything: An error occurred: EOF when reading a line
Ask me anything: An error occurred: EOF when reading a line
Ask me anything: An error occurred: EOF when reading a line
Ask me anything: An error occurred: EOF when reading a line
Ask me anything: An error occurred: EOF when reading a line
Ask me anything: An error occurred: EOF when reading a line
Ask me anything: An error occurred: EOF when reading a line
Ask me anything: An error occurred: EOF when reading a line
Ask me anything: An error occurred: EOF when reading a line
Ask me anything: An error occurred: EOF when reading a line
Ask me anything: An error occurred: EOF when reading a line
Ask me anything: An error occurred: EOF when reading a line
Ask me anything: An error occurred: EOF when reading a line
Ask me anything: An error occurred: EOF when reading a line
Ask me anything: An error occurred: EOF when reading a line
Ask me anything: An error occurred: EOF when reading a line
Ask me anything: An error occurred: EOF when reading a line
Ask me anything: An error occurred: EOF when reading a line
Ask me anything: An error occurred: EOF when reading a line
Ask me anything: An error occurred: EOF when reading a line
Ask me anything: An error occurred: EOF when reading a line
Ask me anything: An error occurred: EOF when reading a line
Ask me anything: An error occurred: EOF when reading a line
Ask me anything: An error occurred: EOF when reading a line
Ask me anything: An error occurred: EOF when reading a line
Ask me anything: An error occurred: EOF when reading a line
Ask me anything: An error occurred: EOF when reading a line
Ask me anything: An error occurred: EOF when reading a line
Ask me anything: An error occurred: EOF when reading a line
Ask me anything: An error occurred: EOF when reading a line
Ask me anything: An error occurred: EOF when reading a line
Ask me anything: An error occurred: EOF when reading a line
Ask me anything: An error occurred: EOF when reading a line
Ask me anything: An error occurred: EOF when reading a line
Ask me anything: An error occurred: EOF when reading a line
Ask me anything: An error occurred: EOF when reading a line
Ask me anything: An error occurred: EOF when reading a line
Ask me anything: An error occurred: EOF when reading a line
Ask me anything: An error occurred: EOF when reading a line
Ask me anything: An error occurred: EOF when reading a line
Ask me anything: An error occurred: EOF when reading a line
Ask me anything: An error occurred: EOF when reading a line
Ask me anything: An error occurred: EOF when reading a line
Ask me anything: An error occurred: EOF when reading a line
Ask me anything: An error occurred: EOF when reading a line
Ask me anything: An error occurred: EOF when reading a line
Ask me anything: An error occurred: EOF when reading a line
Ask me anything: An error occurred: EOF when reading a line
Ask me anything: An error occurred: EOF when reading a line
Ask me anything: An error occurred: EOF when reading a line
Ask me anything: An error occurred: EOF when reading a line
Ask me anything: An error occurred: EOF when reading a line
Ask me anything: An error occurred: EOF when reading a line
Ask me anything: An error occurred: EOF when reading a line
Ask me anything: An error occurred: EOF when reading a line
Ask me anything: An error occurred: EOF when reading a line
Ask me anything: An error occurred: EOF when reading a line
Ask me anything: An error occurred: EOF when reading a line
Ask me anything: An error occurred: EOF when reading a line
Ask me anything: An error occurred: EOF when reading a line
Ask me anything: An error occurred: EOF when reading a line
Ask me anything: An error occurred: EOF when reading a line
Ask me anything: An error occurred: EOF when reading a line
Ask me anything: An error occurred: EOF when reading a line
Ask me anything: An error occurred: EOF when reading a line
Ask me anything: An error occurred: EOF when reading a line
Ask me anything: An error occurred: EOF when reading a line
Ask me anything: An error occurred: EOF when reading a line
Ask me anything: An error occurred: EOF when reading a line
Ask me anything: An error occurred: EOF when reading a line
Ask me anything: An error occurred: EOF when reading a line
Ask me anything: An error occurred: EOF when reading a line
Ask me anything: An error occurred: EOF when reading a line
Ask me anything: An error occurred: EOF when reading a line
Ask me anything: An error occurred: EOF when reading a line
Ask me anything: An error occurred: EOF when reading a line
Ask me anything: An error occurred: EOF when reading a line
Ask me anything: An error occurred: EOF when reading a line
Ask me anything: An error occurred: EOF when reading a line
Ask me anything: An error occurred: EOF when reading a line
Ask me anything: An error occurred: EOF when reading a line
Ask me anything: An error occurred: EOF when reading a line
Ask me anything: An error occurred: EOF when reading a line
Ask me anything: An error occurred: EOF when reading a line
Ask me anything: An error occurred: EOF when reading a line
Ask me anything: An error occurred: EOF when reading a line
Ask me anything: An error occurred: EOF when reading a line
Ask me anything: An error occurred: EOF when reading a line
Ask me anything: An error occurred: EOF when reading a line
Ask me anything: An error occurred: EOF when reading a line
Ask me anything: An error occurred: EOF when reading a line
Ask me anything: An error occurred: EOF when reading a line
Ask me anything: An error occurred: EOF when reading a line
Ask me anything: An error occurred: EOF when reading a line
Ask me anything: An error occurred: EOF when reading a line
Ask me anything: An error occurred: EOF when reading a line
Ask me anything: An error occurred: EOF when reading a line
Ask me anything: An error occurred: EOF when reading a line
Ask me anything: An error occurred: EOF when reading a line
Ask me anything: An error occurred: EOF when reading a line
Ask me anything: An error occurred: EOF when reading a line
Ask me anything: An error occurred: EOF when reading a line
Ask me anything: An error occurred: EOF when reading a line
Ask me anything: An error occurred: EOF when reading a line
Ask me anything: An error occurred: EOF when reading a line
Ask me anything: An error occurred: EOF when reading a line
Ask me anything: An error occurred: EOF when reading a line
Ask me anything: An error occurred: EOF when reading a line
Ask me anything: An error occurred: EOF when reading a line
Ask me anything: An error occurred: EOF when reading a line
Ask me anything: An error occurred: EOF when reading a line
Ask me anything: An error occurred: EOF when reading a line
Ask me anything: An error occurred: EOF when reading a line
Ask me anything: An error occurred: EOF when reading a line
Ask me anything: An error occurred: EOF when reading a line
Ask me anything: An error occurred: EOF when reading a line
Ask me anything: An error occurred: EOF when reading a line
Ask me anything: An error occurred: EOF when reading a line
Ask me anything: An error occurred: EOF when reading a line
Ask me anything: An error occurred: EOF when reading a line
Ask me anything: An error occurred: EOF when reading a line
Ask me anything: An error occurred: EOF when reading a line
Ask me anything: An error occurred: EOF when reading a line
Ask me anything: An error occurred: EOF when reading a line
Ask me anything: An error occurred: EOF when reading a line
Ask me anything: An error occurred: EOF when reading a line
Ask me anything: An error occurred: EOF when reading a line
Ask me anything: An error occurred: EOF when reading a line
Ask me anything: An error occurred: EOF when reading a line
Ask me anything: An error occurred: EOF when reading a line
Ask me anything: An error occurred: EOF when reading a line
Ask me anything: An error occurred: EOF when reading a line
Ask me anything: An error occurred: EOF when reading a line
Ask me anything: An error occurred: EOF when reading a line
Ask me anything: An error occurred: EOF when reading a line
Ask me anything: An error occurred: EOF when reading a line
Ask me anything: An error occurred: EOF when reading a line
Ask me anything: An error occurred: EOF when reading a line
Ask me anything: An error occurred: EOF when reading a line
Ask me anything: An error occurred: EOF when reading a line
Ask me anything: An error occurred: EOF when reading a line
Ask me anything: An error occurred: EOF when reading a line
Ask me anything: An error occurred: EOF when reading a line
Ask me anything: An error occurred: EOF when reading a line
Ask me anything: An error occurred: EOF when reading a line
Ask me anything: An error occurred: EOF when reading a line
Ask me anything: An error occurred: EOF when reading a line
Ask me anything: An error occurred: EOF when reading a line
Ask me anything: An error occurred: EOF when reading a line
Ask me anything: An error occurred: EOF when reading a line
Ask me anything: An error occurred: EOF when reading a line
Ask me anything: An error occurred: EOF when reading a line
Ask me anything: An error occurred: EOF when reading a line
Ask me anything: An error occurred: EOF when reading a line
Ask me anything: An error occurred: EOF when reading a line
Ask me anything: An error occurred: EOF when reading a line
Ask me anything: An error occurred: EOF when reading a line
Ask me anything: An error occurred: EOF when reading a line
Ask me anything: An error occurred: EOF when reading a line
Ask me anything: An error occurred: EOF when reading a line
Ask me anything: An error occurred: EOF when reading a line
Ask me anything: An error occurred: EOF when reading a line
Ask me anything: An error occurred: EOF when reading a line
Ask me anything: An error occurred: EOF when reading a line
Ask me anything: An error occurred: EOF when reading a line
Ask me anything: An error occurred: EOF when reading a line
Ask me anything: An error occurred: EOF when reading a line
Ask me anything: An error occurred: EOF when reading a line
Ask me anything: An error occurred: EOF when reading a line
Ask me anything: An error occurred: EOF when reading a line
Ask me anything: An error occurred: EOF when reading a line
Ask me anything: An error occurred: EOF when reading a line
Ask me anything: An error occurred: EOF when reading a line
Ask me anything: An error occurred: EOF when reading a line
Ask me anything: An error occurred: EOF when reading a line
Ask me anything: An error occurred: EOF when reading a line
Ask me anything: An error occurred: EOF when reading a line
Ask me anything: An error occurred: EOF when reading a line
Ask me anything: An error occurred: EOF when reading a line
Ask me anything: An error occurred: EOF when reading a line
Ask me anything: An error occurred: EOF when reading a line
Ask me anything: An error occurred: EOF when reading a line
Ask me anything: An error occurred: EOF when reading a line
Ask me anything: An error occurred: EOF when reading a line
Ask me anything: An error occurred: EOF when reading a line
Ask me anything: An error occurred: EOF when reading a line
Ask me anything: An error occurred: EOF when reading a line
Ask me anything: An error occurred: EOF when reading a line
Ask me anything: An error occurred: EOF when reading a line
Ask me anything: An error occurred: EOF when reading a line
Ask me anything: An error occurred: EOF when reading a line
Ask me anything: An error occurred: EOF when reading a line
Ask me anything: An error occurred: EOF when reading a line
Ask me anything: An error occurred: EOF when reading a line
Ask me anything: An error occurred: EOF when reading a line
Ask me anything: An error occurred: EOF when reading a line
Ask me anything: An error occurred: EOF when reading a line
Ask me anything: An error occurred: EOF when reading a line
Ask me anything: An error occurred: EOF when reading a line
Ask me anything: An error occurred: EOF when reading a line
Ask me anything: An error occurred: EOF when reading a line
Ask me anything: An error occurred: EOF when reading a line
Ask me anything: An error occurred: EOF when reading a line
Ask me anything: An error occurred: EOF when reading a line
Ask me anything: An error occurred: EOF when reading a line
Ask me anything: An error occurred: EOF when reading a line
Ask me anything: An error occurred: EOF when reading a line
Ask me anything: An error occurred: EOF when reading a line
Ask me anything: An error occurred: EOF when reading a line
Ask me anything: An error occurred: EOF when reading a line
Ask me anything: An error occurred: EOF when reading a line
Ask me anything: An error occurred: EOF when reading a line
Ask me anything: An error occurred: EOF when reading a line
Ask me anything: An error occurred: EOF when reading a line
Ask me anything: An error occurred: EOF when reading a line
Ask me anything: An error occurred: EOF when reading a line
Ask me anything: An error occurred: EOF when reading a line
Ask me anything: An error occurred: EOF when reading a line
Ask me anything: An error occurred: EOF when reading a line
Ask me anything: An error occurred: EOF when reading a line
Ask me anything: An error occurred: EOF when reading a line
Ask me anything: An error occurred: EOF when reading a line
Ask me anything: An error occurred: EOF when reading a line
Ask me anything: An error occurred: EOF when reading a line
Ask me anything: An error occurred: EOF when reading a line
Ask me anything: An error occurred: EOF when reading a line
Ask me anything: An error occurred: EOF when reading a line
Ask me anything: An error occurred: EOF when reading a line
Ask me anything: An error occurred: EOF when reading a line
Ask me anything: An error occurred: EOF when reading a line
Ask me anything: An error occurred: EOF when reading a line
Ask me anything: An error occurred: EOF when reading a line
Ask me anything: An error occurred: EOF when reading a line
Ask me anything: An error occurred: EOF when reading a line
Ask me anything: An error occurred: EOF when reading a line
Ask me anything: An error occurred: EOF when reading a line
Ask me anything: An error occurred: EOF when reading a line
Ask me anything: An error occurred: EOF when reading a line
Ask me anything: An error occurred: EOF when reading a line
Ask me anything: An error occurred: EOF when reading a line
Ask me anything: An error occurred: EOF when reading a line
Ask me anything: An error occurred: EOF when reading a line
Ask me anything: An error occurred: EOF when reading a line
Ask me anything: An error occurred: EOF when reading a line
Ask me anything: An error occurred: EOF when reading a line
Ask me anything: An error occurred: EOF when reading a line
Ask me anything: An error occurred: EOF when reading a line
Ask me anything: An error occurred: EOF when reading a line
Ask me anything: An error occurred: EOF when reading a line
Ask me anything: An error occurred: EOF when reading a line
Ask me anything: An error occurred: EOF when reading a line
Ask me anything: An error occurred: EOF when reading a line
Ask me anything: An error occurred: EOF when reading a line
Ask me anything: An error occurred: EOF when reading a line
Ask me anything: An error occurred: EOF when reading a line
Ask me anything: An error occurred: EOF when reading a line
Ask me anything: An error occurred: EOF when reading a line
Ask me anything: An error occurred: EOF when reading a line
Ask me anything: An error occurred: EOF when reading a line
Ask me anything: An error occurred: EOF when reading a line
Ask me anything: An error occurred: EOF when reading a line
Ask me anything: An error occurred: EOF when reading a line
Ask me anything: An error occurred: EOF when reading a line
Ask me anything: An error occurred: EOF when reading a line
Ask me anything: An error occurred: EOF when reading a line
Ask me anything: An error occurred: EOF when reading a line
Ask me anything: An error occurred: EOF when reading a line
Ask me anything: An error occurred: EOF when reading a line
Ask me anything: An error occurred: EOF when reading a line
Ask me anything: An error occurred: EOF when reading a line
Ask me anything: An error occurred: EOF when reading a line
Ask me anything: An error occurred: EOF when reading a line
Ask me anything: An error occurred: EOF when reading a line
Ask me anything: An error occurred: EOF when reading a line
Ask me anything: An error occurred: EOF when reading a line
Ask me anything: An error occurred: EOF when reading a line
Ask me anything: An error occurred: EOF when reading a line
Ask me anything: An error occurred: EOF when reading a line
Ask me anything: An error occurred: EOF when reading a line
Ask me anything: An error occurred: EOF when reading a line
Ask me anything: An error occurred: EOF when reading a line
Ask me anything: An error occurred: EOF when reading a line
Ask me anything: An error occurred: EOF when reading a line
Ask me anything: An error occurred: EOF when reading a line
Ask me anything: An error occurred: EOF when reading a line
Ask me anything: An error occurred: EOF when reading a line
Ask me anything: An error occurred: EOF when reading a line
Ask me anything: An error occurred: EOF when reading a line
Ask me anything: An error occurred: EOF when reading a line
Ask me anything: An error occurred: EOF when reading a line
Ask me anything: An error occurred: EOF when reading a line
Ask me anything: An error occurred: EOF when reading a line
Ask me anything: An error occurred: EOF when reading a line
Ask me anything: An error occurred: EOF when reading a line
Ask me anything: An error occurred: EOF when reading a line
Ask me anything: An error occurred: EOF when reading a line
Ask me anything: An error occurred: EOF when reading a line
Ask me anything: An error occurred: EOF when reading a line
Ask me anything: An error occurred: EOF when reading a line
Ask me anything: An error occurred: EOF when reading a line
Ask me anything: An error occurred: EOF when reading a line
Ask me anything: An error occurred: EOF when reading a line
Ask me anything: An error occurred: EOF when reading a line
Ask me anything: An error occurred: EOF when reading a line
Ask me anything: An error occurred: EOF when reading a line
Ask me anything: An error occurred: EOF when reading a line
Ask me anything: An error occurred: EOF when reading a line
Ask me anything: An error occurred: EOF when reading a line
Ask me anything: An error occurred: EOF when reading a line
Ask me anything: An error occurred: EOF when reading a line
Ask me anything: An error occurred: EOF when reading a line
Ask me anything: An error occurred: EOF when reading a line
Ask me anything: An error occurred: EOF when reading a line
Ask me anything: An error occurred: EOF when reading a line
Ask me anything: An error occurred: EOF when reading a line
Ask me anything: An error occurred: EOF when reading a line
Ask me anything: An error occurred: EOF when reading a line
Ask me anything: An error occurred: EOF when reading a line
Ask me anything: An error occurred: EOF when reading a line
Ask me anything: An error occurred: EOF when reading a line
Ask me anything: An error occurred: EOF when reading a line
Ask me anything: An error occurred: EOF when reading a line
Ask me anything: An error occurred: EOF when reading a line
Ask me anything: An error occurred: EOF when reading a line
Ask me anything: An error occurred: EOF when reading a line
Ask me anything: An error occurred: EOF when reading a line
Ask me anything: An error occurred: EOF when reading a line
Ask me anything: An error occurred: EOF when reading a line
Ask me anything: An error occurred: EOF when reading a line
Ask me anything: An error occurred: EOF when reading a line
Ask me anything: An error occurred: EOF when reading a line
Ask me anything: An error occurred: EOF when reading a line
Ask me anything: An error occurred: EOF when reading a line
Ask me anything: An error occurred: EOF when reading a line
Ask me anything: An error occurred: EOF when reading a line
Ask me anything: An error occurred: EOF when reading a line
Ask me anything: An error occurred: EOF when reading a line
Ask me anything: An error occurred: EOF when reading a line
Ask me anything: An error occurred: EOF when reading a line
Ask me anything: An error occurred: EOF when reading a line
Ask me anything: An error occurred: EOF when reading a line
Ask me anything: An error occurred: EOF when reading a line
Ask me anything: An error occurred: EOF when reading a line
Ask me anything: An error occurred: EOF when reading a line
Ask me anything: An error occurred: EOF when reading a line
Ask me anything: An error occurred: EOF when reading a line
Ask me anything: An error occurred: EOF when reading a line
Ask me anything: An error occurred: EOF when reading a line
Ask me anything: An error occurred: EOF when reading a line
Ask me anything: An error occurred: EOF when reading a line
Ask me anything: An error occurred: EOF when reading a line
Ask me anything: An error occurred: EOF when reading a line
Ask me anything: An error occurred: EOF when reading a line
Ask me anything: An error occurred: EOF when reading a line
Ask me anything: An error occurred: EOF when reading a line
Ask me anything: An error occurred: EOF when reading a line
Ask me anything: An error occurred: EOF when reading a line
Ask me anything: An error occurred: EOF when reading a line
Ask me anything: An error occurred: EOF when reading a line
Ask me anything: An error occurred: EOF when reading a line
Ask me anything: An error occurred: EOF when reading a line
Ask me anything: An error occurred: EOF when reading a line
Ask me anything: An error occurred: EOF when reading a line
Ask me anything: An error occurred: EOF when reading a line
Ask me anything: An error occurred: EOF when reading a line
Ask me anything: An error occurred: EOF when reading a line
Ask me anything: An error occurred: EOF when reading a line
Ask me anything: An error occurred: EOF when reading a line
Ask me anything: An error occurred: EOF when reading a line
Ask me anything: An error occurred: EOF when reading a line
Ask me anything: An error occurred: EOF when reading a line
Ask me anything: An error occurred: EOF when reading a line
Ask me anything: An error occurred: EOF when reading a line
Ask me anything: An error occurred: EOF when reading a line
Ask me anything: An error occurred: EOF when reading a line
Ask me anything: An error occurred: EOF when reading a line
Ask me anything: An error occurred: EOF when reading a line
Ask me anything: An error occurred: EOF when reading a line
Ask me anything: An error occurred: EOF when reading a line
Ask me anything: An error occurred: EOF when reading a line
Ask me anything: An error occurred: EOF when reading a line
Ask me anything: An error occurred: EOF when reading a line
Ask me anything: An error occurred: EOF when reading a line
Ask me anything: An error occurred: EOF when reading a line
Ask me anything: An error occurred: EOF when reading a line
Ask me anything: An error occurred: EOF when reading a line
Ask me anything: An error occurred: EOF when reading a line
Ask me anything: An error occurred: EOF when reading a line
Ask me anything: An error occurred: EOF when reading a line
Ask me anything: An error occurred: EOF when reading a line
Ask me anything: An error occurred: EOF when reading a line
Ask me anything: An error occurred: EOF when reading a line
Ask me anything: An error occurred: EOF when reading a line
Ask me anything: An error occurred: EOF when reading a line
Ask me anything: An error occurred: EOF when reading a line
Ask me anything: An error occurred: EOF when reading a line
Ask me anything: An error occurred: EOF when reading a line
Ask me anything: An error occurred: EOF when reading a line
Ask me anything: An error occurred: EOF when reading a line
Ask me anything: An error occurred: EOF when reading a line
Ask me anything: An error occurred: EOF when reading a line
Ask me anything: An error occurred: EOF when reading a line
Ask me anything: An error occurred: EOF when reading a line
Ask me anything: An error occurred: EOF when reading a line
Ask me anything: An error occurred: EOF when reading a line
Ask me anything: An error occurred: EOF when reading a line
Ask me anything: An error occurred: EOF when reading a line
Ask me anything: An error occurred: EOF when reading a line
Ask me anything: An error occurred: EOF when reading a line
Ask me anything: An error occurred: EOF when reading a line
Ask me anything: An error occurred: EOF when reading a line
Ask me anything: An error occurred: EOF when reading a line
Ask me anything: An error occurred: EOF when reading a line
Ask me anything: An error occurred: EOF when reading a line
Ask me anything: An error occurred: EOF when reading a line
Ask me anything: An error occurred: EOF when reading a line
Ask me anything: An error occurred: EOF when reading a line
Ask me anything: An error occurred: EOF when reading a line
Ask me anything: An error occurred: EOF when reading a line
Ask me anything: An error occurred: EOF when reading a line
Ask me anything: An error occurred: EOF when reading a line
Ask me anything: An error occurred: EOF when reading a line
Ask me anything: An error occurred: EOF when reading a line
Ask me anything: An error occurred: EOF when reading a line
Ask me anything: An error occurred: EOF when reading a line
Ask me anything: An error occurred: EOF when reading a line
Ask me anything: An error occurred: EOF when reading a line
Ask me anything: An error occurred: EOF when reading a line
Ask me anything: An error occurred: EOF when reading a line
Ask me anything: An error occurred: EOF when reading a line
Ask me anything: An error occurred: EOF when reading a line
Ask me anything: An error occurred: EOF when reading a line
Ask me anything: An error occurred: EOF when reading a line
Ask me anything: An error occurred: EOF when reading a line
Ask me anything: An error occurred: EOF when reading a line
Ask me anything: An error occurred: EOF when reading a line
Ask me anything: An error occurred: EOF when reading a line
Ask me anything: An error occurred: EOF when reading a line
Ask me anything: An error occurred: EOF when reading a line
Ask me anything: An error occurred: EOF when reading a line
Ask me anything: An error occurred: EOF when reading a line
Ask me anything: An error occurred: EOF when reading a line
Ask me anything: An error occurred: EOF when reading a line
Ask me anything: An error occurred: EOF when reading a line
Ask me anything: An error occurred: EOF when reading a line
Ask me anything: An error occurred: EOF when reading a line
Ask me anything: An error occurred: EOF when reading a line
Ask me anything: An error occurred: EOF when reading a line
Ask me anything: An error occurred: EOF when reading a line
Ask me anything: An error occurred: EOF when reading a line
Ask me anything: An error occurred: EOF when reading a line
Ask me anything: An error occurred: EOF when reading a line
Ask me anything: An error occurred: EOF when reading a line
Ask me anything: An error occurred: EOF when reading a line
Ask me anything: An error occurred: EOF when reading a line
Ask me anything: An error occurred: EOF when reading a line
Ask me anything: An error occurred: EOF when reading a line
Ask me anything: An error occurred: EOF when reading a line
Ask me anything: An error occurred: EOF when reading a line
Ask me anything: An error occurred: EOF when reading a line
Ask me anything: An error occurred: EOF when reading a line
Ask me anything: An error occurred: EOF when reading a line
Ask me anything: An error occurred: EOF when reading a line
Ask me anything: An error occurred: EOF when reading a line
Ask me anything: An error occurred: EOF when reading a line
Ask me anything: An error occurred: EOF when reading a line
Ask me anything: An error occurred: EOF when reading a line
Ask me anything: An error occurred: EOF when reading a line
Ask me anything: An error occurred: EOF when reading a line
Ask me anything: An error occurred: EOF when reading a line
Ask me anything: An error occurred: EOF when reading a line
Ask me anything: An error occurred: EOF when reading a line
Ask me anything: An error occurred: EOF when reading a line
Ask me anything: An error occurred: EOF when reading a line
Ask me anything: An error occurred: EOF when reading a line
Ask me anything: An error occurred: EOF when reading a line
Ask me anything: An error occurred: EOF when reading a line
Ask me anything: An error occurred: EOF when reading a line
Ask me anything: An error occurred: EOF when reading a line
Ask me anything: An error occurred: EOF when reading a line
Ask me anything: An error occurred: EOF when reading a line
Ask me anything: An error occurred: EOF when reading a line
Ask me anything: An error occurred: EOF when reading a line
Ask me anything: An error occurred: EOF when reading a line
Ask me anything: An error occurred: EOF when reading a line
Ask me anything: An error occurred: EOF when reading a line
Ask me anything: An error occurred: EOF when reading a line
Ask me anything: An error occurred: EOF when reading a line
Ask me anything: An error occurred: EOF when reading a line
Ask me anything: An error occurred: EOF when reading a line
Ask me anything: An error occurred: EOF when reading a line
Ask me anything: An error occurred: EOF when reading a line
Ask me anything: An error occurred: EOF when reading a line
Ask me anything: An error occurred: EOF when reading a line
Ask me anything: An error occurred: EOF when reading a line
Ask me anything: An error occurred: EOF when reading a line
Ask me anything: An error occurred: EOF when reading a line
Ask me anything: An error occurred: EOF when reading a line
Ask me anything: An error occurred: EOF when reading a line
Ask me anything: An error occurred: EOF when reading a line
Ask me anything: An error occurred: EOF when reading a line
Ask me anything: An error occurred: EOF when reading a line
Ask me anything: An error occurred: EOF when reading a line
Ask me anything: An error occurred: EOF when reading a line
Ask me anything: An error occurred: EOF when reading a line
Ask me anything: An error occurred: EOF when reading a line
Ask me anything: An error occurred: EOF when reading a line
Ask me anything: An error occurred: EOF when reading a line
Ask me anything: An error occurred: EOF when reading a line
Ask me anything: An error occurred: EOF when reading a line
Ask me anything: An error occurred: EOF when reading a line
Ask me anything: An error occurred: EOF when reading a line
Ask me anything: An error occurred: EOF when reading a line
Ask me anything: An error occurred: EOF when reading a line
Ask me anything: An error occurred: EOF when reading a line
Ask me anything: An error occurred: EOF when reading a line
Ask me anything: An error occurred: EOF when reading a line
Ask me anything: An error occurred: EOF when reading a line
Ask me anything: An error occurred: EOF when reading a line
Ask me anything: An error occurred: EOF when reading a line
Ask me anything: An error occurred: EOF when reading a line
Ask me anything: An error occurred: EOF when reading a line
Ask me anything: An error occurred: EOF when reading a line
Ask me anything: An error occurred: EOF when reading a line
Ask me anything: An error occurred: EOF when reading a line
Ask me anything: An error occurred: EOF when reading a line
Ask me anything: An error occurred: EOF when reading a line
Ask me anything: An error occurred: EOF when reading a line
Ask me anything: An error occurred: EOF when reading a line
Ask me anything: An error occurred: EOF when reading a line
Ask me anything: An error occurred: EOF when reading a line
Ask me anything: An error occurred: EOF when reading a line
Ask me anything: An error occurred: EOF when reading a line
Ask me anything: An error occurred: EOF when reading a line
Ask me anything: An error occurred: EOF when reading a line
Ask me anything: An error occurred: EOF when reading a line
Ask me anything: An error occurred: EOF when reading a line
Ask me anything: An error occurred: EOF when reading a line
Ask me anything: An error occurred: EOF when reading a line
Ask me anything: An error occurred: EOF when reading a line
Ask me anything: An error occurred: EOF when reading a line
Ask me anything: An error occurred: EOF when reading a line
Ask me anything: An error occurred: EOF when reading a line
Ask me anything: An error occurred: EOF when reading a line
Ask me anything: An error occurred: EOF when reading a line
Ask me anything: An error occurred: EOF when reading a line
Ask me anything: An error occurred: EOF when reading a line
Ask me anything: An error occurred: EOF when reading a line
Ask me anything: An error occurred: EOF when reading a line
Ask me anything: An error occurred: EOF when reading a line
Ask me anything: An error occurred: EOF when reading a line
Ask me anything: An error occurred: EOF when reading a line
Ask me anything: An error occurred: EOF when reading a line
Ask me anything: An error occurred: EOF when reading a line
Ask me anything: An error occurred: EOF when reading a line
Ask me anything: An error occurred: EOF when reading a line
Ask me anything: An error occurred: EOF when reading a line
Ask me anything: An error occurred: EOF when reading a line
Ask me anything: An error occurred: EOF when reading a line
Ask me anything: An error occurred: EOF when reading a line
Ask me anything: An error occurred: EOF when reading a line
Ask me anything: An error occurred: EOF when reading a line
Ask me anything: An error occurred: EOF when reading a line
Ask me anything: An error occurred: EOF when reading a line
Ask me anything: An error occurred: EOF when reading a line
Ask me anything: An error occurred: EOF when reading a line
Ask me anything: An error occurred: EOF when reading a line
Ask me anything: An error occurred: EOF when reading a line
Ask me anything: An error occurred: EOF when reading a line
Ask me anything: An error occurred: EOF when reading a line
Ask me anything: An error occurred: EOF when reading a line
Ask me anything: An error occurred: EOF when reading a line
Ask me anything: An error occurred: EOF when reading a line
Ask me anything: An error occurred: EOF when reading a line
Ask me anything: An error occurred: EOF when reading a line
Ask me anything: An error occurred: EOF when reading a line
Ask me anything: An error occurred: EOF when reading a line
Ask me anything: An error occurred: EOF when reading a line
Ask me anything: An error occurred: EOF when reading a line
Ask me anything: An error occurred: EOF when reading a line
Ask me anything: An error occurred: EOF when reading a line
Ask me anything: An error occurred: EOF when reading a line
Ask me anything: An error occurred: EOF when reading a line
Ask me anything: An error occurred: EOF when reading a line
Ask me anything: An error occurred: EOF when reading a line
Ask me anything: An error occurred: EOF when reading a line
Ask me anything: An error occurred: EOF when reading a line
Ask me anything: An error occurred: EOF when reading a line
Ask me anything: An error occurred: EOF when reading a line
Ask me anything: An error occurred: EOF when reading a line
Ask me anything: An error occurred: EOF when reading a line
Ask me anything: An error occurred: EOF when reading a line
Ask me anything: An error occurred: EOF when reading a line
Ask me anything: An error occurred: EOF when reading a line
Ask me anything: An error occurred: EOF when reading a line
Ask me anything: An error occurred: EOF when reading a line
Ask me anything: An error occurred: EOF when reading a line
Ask me anything: An error occurred: EOF when reading a line
Ask me anything: An error occurred: EOF when reading a line
Ask me anything: An error occurred: EOF when reading a line
Ask me anything: An error occurred: EOF when reading a line
Ask me anything: An error occurred: EOF when reading a line
Ask me anything: An error occurred: EOF when reading a line
Ask me anything: An error occurred: EOF when reading a line
Ask me anything: An error occurred: EOF when reading a line
Ask me anything: An error occurred: EOF when reading a line
Ask me anything: An error occurred: EOF when reading a line
Ask me anything: An error occurred: EOF when reading a line
Ask me anything: An error occurred: EOF when reading a line
Ask me anything: An error occurred: EOF when reading a line
Ask me anything: An error occurred: EOF when reading a line
Ask me anything: An error occurred: EOF when reading a line
Ask me anything: An error occurred: EOF when reading a line
Ask me anything: An error occurred: EOF when reading a line
Ask me anything: An error occurred: EOF when reading a line
Ask me anything: An error occurred: EOF when reading a line
Ask me anything: An error occurred: EOF when reading a line
Ask me anything: An error occurred: EOF when reading a line
Ask me anything: An error occurred: EOF when reading a line
Ask me anything: An error occurred: EOF when reading a line
Ask me anything: An error occurred: EOF when reading a line
Ask me anything: An error occurred: EOF when reading a line
Ask me anything: An error occurred: EOF when reading a line
Ask me anything: An error occurred: EOF when reading a line
Ask me anything: An error occurred: EOF when reading a line
Ask me anything: An error occurred: EOF when reading a line
Ask me anything: An error occurred: EOF when reading a line
Ask me anything: An error occurred: EOF when reading a line
Ask me anything: An error occurred: EOF when reading a line
Ask me anything: An error occurred: EOF when reading a line
Ask me anything: An error occurred: EOF when reading a line
Ask me anything: An error occurred: EOF when reading a line
Ask me anything: An error occurred: EOF when reading a line
Ask me anything: An error occurred: EOF when reading a line
Ask me anything: An error occurred: EOF when reading a line
Ask me anything: An error occurred: EOF when reading a line
Ask me anything: An error occurred: EOF when reading a line
Ask me anything: An error occurred: EOF when reading a line
Ask me anything: An error occurred: EOF when reading a line
Ask me anything: An error occurred: EOF when reading a line
Ask me anything: An error occurred: EOF when reading a line
Ask me anything: An error occurred: EOF when reading a line
Ask me anything: An error occurred: EOF when reading a line
Ask me anything: An error occurred: EOF when reading a line
Ask me anything: An error occurred: EOF when reading a line
Ask me anything: An error occurred: EOF when reading a line
Ask me anything: An error occurred: EOF when reading a line
Ask me anything: An error occurred: EOF when reading a line
Ask me anything: An error occurred: EOF when reading a line
Ask me anything: An error occurred: EOF when reading a line
Ask me anything: An error occurred: EOF when reading a line
Ask me anything: An error occurred: EOF when reading a line
Ask me anything: An error occurred: EOF when reading a line
Ask me anything: An error occurred: EOF when reading a line
Ask me anything: An error occurred: EOF when reading a line
Ask me anything: An error occurred: EOF when reading a line
Ask me anything: An error occurred: EOF when reading a line
Ask me anything: An error occurred: EOF when reading a line
Ask me anything: An error occurred: EOF when reading a line
Ask me anything: An error occurred: EOF when reading a line
Ask me anything: An error occurred: EOF when reading a line
Ask me anything: An error occurred: EOF when reading a line
Ask me anything: An error occurred: EOF when reading a line
Ask me anything: An error occurred: EOF when reading a line
Ask me anything: An error occurred: EOF when reading a line
Ask me anything: An error occurred: EOF when reading a line
Ask me anything: An error occurred: EOF when reading a line
Ask me anything: An error occurred: EOF when reading a line
Ask me anything: An error occurred: EOF when reading a line
Ask me anything: An error occurred: EOF when reading a line
Ask me anything: An error occurred: EOF when reading a line
Ask me anything: An error occurred: EOF when reading a line
Ask me anything: An error occurred: EOF when reading a line
Ask me anything: An error occurred: EOF when reading a line
Ask me anything: An error occurred: EOF when reading a line
Ask me anything: An error occurred: EOF when reading a line
Ask me anything: An error occurred: EOF when reading a line
Ask me anything: An error occurred: EOF when reading a line
Ask me anything: An error occurred: EOF when reading a line
Ask me anything: An error occurred: EOF when reading a line
Ask me anything: An error occurred: EOF when reading a line
Ask me anything: An error occurred: EOF when reading a line
Ask me anything: An error occurred: EOF when reading a line
Ask me anything: An error occurred: EOF when reading a line
Ask me anything: An error occurred: EOF when reading a line
Ask me anything: An error occurred: EOF when reading a line
Ask me anything: An error occurred: EOF when reading a line
Ask me anything: An error occurred: EOF when reading a line
Ask me anything: An error occurred: EOF when reading a line
Ask me anything: An error occurred: EOF when reading a line
Ask me anything: An error occurred: EOF when reading a line
Ask me anything: An error occurred: EOF when reading a line
Ask me anything: An error occurred: EOF when reading a line
Ask me anything: An error occurred: EOF when reading a line
Ask me anything: An error occurred: EOF when reading a line
Ask me anything: An error occurred: EOF when reading a line
Ask me anything: An error occurred: EOF when reading a line
Ask me anything: An error occurred: EOF when reading a line
Ask me anything: An error occurred: EOF when reading a line
Ask me anything: An error occurred: EOF when reading a line
Ask me anything: An error occurred: EOF when reading a line
Ask me anything: An error occurred: EOF when reading a line
Ask me anything: An error occurred: EOF when reading a line
Ask me anything: An error occurred: EOF when reading a line
Ask me anything: An error occurred: EOF when reading a line
Ask me anything: An error occurred: EOF when reading a line
Ask me anything: An error occurred: EOF when reading a line
Ask me anything: An error occurred: EOF when reading a line
Ask me anything: An error occurred: EOF when reading a line
Ask me anything: An error occurred: EOF when reading a line
Ask me anything: An error occurred: EOF when reading a line
Ask me anything: An error occurred: EOF when reading a line
Ask me anything: An error occurred: EOF when reading a line
Ask me anything: An error occurred: EOF when reading a line
Ask me anything: An error occurred: EOF when reading a line
Ask me anything: An error occurred: EOF when reading a line
Ask me anything: An error occurred: EOF when reading a line
Ask me anything: An error occurred: EOF when reading a line
Ask me anything: An error occurred: EOF when reading a line
Ask me anything: An error occurred: EOF when reading a line
Ask me anything: An error occurred: EOF when reading a line
Ask me anything: An error occurred: EOF when reading a line
Ask me anything: An error occurred: EOF when reading a line
Ask me anything: An error occurred: EOF when reading a line
Ask me anything: An error occurred: EOF when reading a line
Ask me anything: An error occurred: EOF when reading a line
Ask me anything: An error occurred: EOF when reading a line
Ask me anything: An error occurred: EOF when reading a line
Ask me anything: An error occurred: EOF when reading a line
Ask me anything: An error occurred: EOF when reading a line
Ask me anything: An error occurred: EOF when reading a line
Ask me anything: An error occurred: EOF when reading a line
Ask me anything: An error occurred: EOF when reading a line
Ask me anything: An error occurred: EOF when reading a line
Ask me anything: An error occurred: EOF when reading a line
Ask me anything: An error occurred: EOF when reading a line
Ask me anything: An error occurred: EOF when reading a line
Ask me anything: An error occurred: EOF when reading a line
Ask me anything: An error occurred: EOF when reading a line
Ask me anything: An error occurred: EOF when reading a line
Ask me anything: An error occurred: EOF when reading a line
Ask me anything: An error occurred: EOF when reading a line
Ask me anything: An error occurred: EOF when reading a line
Ask me anything: An error occurred: EOF when reading a line
Ask me anything: An error occurred: EOF when reading a line
Ask me anything: An error occurred: EOF when reading a line
Ask me anything: An error occurred: EOF when reading a line
Ask me anything: An error occurred: EOF when reading a line
Ask me anything: An error occurred: EOF when reading a line
Ask me anything: An error occurred: EOF when reading a line
Ask me anything: An error occurred: EOF when reading a line
Ask me anything: An error occurred: EOF when reading a line
Ask me anything: An error occurred: EOF when reading a line
Ask me anything: An error occurred: EOF when reading a line
Ask me anything: An error occurred: EOF when reading a line
Ask me anything: An error occurred: EOF when reading a line
Ask me anything: An error occurred: EOF when reading a line
Ask me anything: An error occurred: EOF when reading a line
Ask me anything: An error occurred: EOF when reading a line
Ask me anything: An error occurred: EOF when reading a line
Ask me anything: An error occurred: EOF when reading a line
Ask me anything: An error occurred: EOF when reading a line
Ask me anything: An error occurred: EOF when reading a line
Ask me anything: An error occurred: EOF when reading a line
Ask me anything: An error occurred: EOF when reading a line
Ask me anything: An error occurred: EOF when reading a line
Ask me anything: An error occurred: EOF when reading a line
Ask me anything: An error occurred: EOF when reading a line
Ask me anything: An error occurred: EOF when reading a line
Ask me anything: An error occurred: EOF when reading a line
Ask me anything: An error occurred: EOF when reading a line
Ask me anything: An error occurred: EOF when reading a line
Ask me anything: An error occurred: EOF when reading a line
Ask me anything: An error occurred: EOF when reading a line
Ask me anything: An error occurred: EOF when reading a line
Ask me anything: An error occurred: EOF when reading a line
Ask me anything: An error occurred: EOF when reading a line
Ask me anything: An error occurred: EOF when reading a line
Ask me anything: An error occurred: EOF when reading a line
Ask me anything: An error occurred: EOF when reading a line
Ask me anything: An error occurred: EOF when reading a line
Ask me anything: An error occurred: EOF when reading a line
Ask me anything: An error occurred: EOF when reading a line
Ask me anything: An error occurred: EOF when reading a line
Ask me anything: An error occurred: EOF when reading a line
Ask me anything: An error occurred: EOF when reading a line
Ask me anything: An error occurred: EOF when reading a line
Ask me anything: An error occurred: EOF when reading a line
Ask me anything: An error occurred: EOF when reading a line
Ask me anything: An error occurred: EOF when reading a line
Ask me anything: An error occurred: EOF when reading a line
Ask me anything: An error occurred: EOF when reading a line
Ask me anything: An error occurred: EOF when reading a line
Ask me anything: An error occurred: EOF when reading a line
Ask me anything: An error occurred: EOF when reading a line
Ask me anything: An error occurred: EOF when reading a line
Ask me anything: An error occurred: EOF when reading a line
Ask me anything: An error occurred: EOF when reading a line
Ask me anything: An error occurred: EOF when reading a line
Ask me anything: An error occurred: EOF when reading a line
Ask me anything: An error occurred: EOF when reading a line
Ask me anything: An error occurred: EOF when reading a line
Ask me anything: An error occurred: EOF when reading a line
Ask me anything: An error occurred: EOF when reading a line
Ask me anything: An error occurred: EOF when reading a line
Ask me anything: An error occurred: EOF when reading a line
Ask me anything: An error occurred: EOF when reading a line
Ask me anything: An error occurred: EOF when reading a line
Ask me anything: An error occurred: EOF when reading a line
Ask me anything: An error occurred: EOF when reading a line
Ask me anything: An error occurred: EOF when reading a line
Ask me anything: An error occurred: EOF when reading a line
Ask me anything: An error occurred: EOF when reading a line
Ask me anything: An error occurred: EOF when reading a line
Ask me anything: An error occurred: EOF when reading a line
Ask me anything: An error occurred: EOF when reading a line
Ask me anything: An error occurred: EOF when reading a line
Ask me anything: An error occurred: EOF when reading a line
Ask me anything: An error occurred: EOF when reading a line
Ask me anything: An error occurred: EOF when reading a line
Ask me anything: An error occurred: EOF when reading a line
Ask me anything: An error occurred: EOF when reading a line
Ask me anything: An error occurred: EOF when reading a line
Ask me anything: An error occurred: EOF when reading a line
Ask me anything: An error occurred: EOF when reading a line
Ask me anything: An error occurred: EOF when reading a line
Ask me anything: An error occurred: EOF when reading a line
Ask me anything: An error occurred: EOF when reading a line
Ask me anything: An error occurred: EOF when reading a line
Ask me anything: An error occurred: EOF when reading a line
Ask me anything: An error occurred: EOF when reading a line
Ask me anything: An error occurred: EOF when reading a line
Ask me anything: An error occurred: EOF when reading a line
Ask me anything: An error occurred: EOF when reading a line
Ask me anything: An error occurred: EOF when reading a line
Ask me anything: An error occurred: EOF when reading a line
Ask me anything: An error occurred: EOF when reading a line
Ask me anything: An error occurred: EOF when reading a line
Ask me anything: An error occurred: EOF when reading a line
Ask me anything: An error occurred: EOF when reading a line
Ask me anything: An error occurred: EOF when reading a line
Ask me anything: An error occurred: EOF when reading a line
Ask me anything: An error occurred: EOF when reading a line
Ask me anything: An error occurred: EOF when reading a line
Ask me anything: An error occurred: EOF when reading a line
Ask me anything: An error occurred: EOF when reading a line
Ask me anything: An error occurred: EOF when reading a line
Ask me anything: An error occurred: EOF when reading a line
Ask me anything: An error occurred: EOF when reading a line
Ask me anything: An error occurred: EOF when reading a line
Ask me anything: An error occurred: EOF when reading a line
Ask me anything: An error occurred: EOF when reading a line
Ask me anything: An error occurred: EOF when reading a line
Ask me anything: An error occurred: EOF when reading a line
Ask me anything: An error occurred: EOF when reading a line
Ask me anything: An error occurred: EOF when reading a line
Ask me anything: An error occurred: EOF when reading a line
Ask me anything: An error occurred: EOF when reading a line
Ask me anything: An error occurred: EOF when reading a line
Ask me anything: An error occurred: EOF when reading a line
Ask me anything: An error occurred: EOF when reading a line
Ask me anything: An error occurred: EOF when reading a line
Ask me anything: An error occurred: EOF when reading a line
Ask me anything: An error occurred: EOF when reading a line
Ask me anything: An error occurred: EOF when reading a line
Ask me anything: An error occurred: EOF when reading a line
Ask me anything: An error occurred: EOF when reading a line
Ask me anything: An error occurred: EOF when reading a line
Ask me anything: An error occurred: EOF when reading a line
Ask me anything: An error occurred: EOF when reading a line
Ask me anything: An error occurred: EOF when reading a line
Ask me anything: An error occurred: EOF when reading a line
Ask me anything: An error occurred: EOF when reading a line
Ask me anything: An error occurred: EOF when reading a line
Ask me anything: An error occurred: EOF when reading a line
Ask me anything: An error occurred: EOF when reading a line
Ask me anything: An error occurred: EOF when reading a line
Ask me anything: An error occurred: EOF when reading a line
Ask me anything: An error occurred: EOF when reading a line
Ask me anything: An error occurred: EOF when reading a line
Ask me anything: An error occurred: EOF when reading a line
Ask me anything: An error occurred: EOF when reading a line
Ask me anything: An error occurred: EOF when reading a line
Ask me anything: An error occurred: EOF when reading a line
Ask me anything: An error occurred: EOF when reading a line
Ask me anything: An error occurred: EOF when reading a line
Ask me anything: An error occurred: EOF when reading a line
Ask me anything: An error occurred: EOF when reading a line
Ask me anything: An error occurred: EOF when reading a line
Ask me anything: An error occurred: EOF when reading a line
Ask me anything: An error occurred: EOF when reading a line
Ask me anything: An error occurred: EOF when reading a line
Ask me anything: An error occurred: EOF when reading a line
Ask me anything: An error occurred: EOF when reading a line
Ask me anything: An error occurred: EOF when reading a line
Ask me anything: An error occurred: EOF when reading a line
Ask me anything: An error occurred: EOF when reading a line
Ask me anything: An error occurred: EOF when reading a line
Ask me anything: An error occurred: EOF when reading a line
Ask me anything: An error occurred: EOF when reading a line
Ask me anything: An error occurred: EOF when reading a line
Ask me anything: An error occurred: EOF when reading a line
Ask me anything: An error occurred: EOF when reading a line
Ask me anything: An error occurred: EOF when reading a line
Ask me anything: An error occurred: EOF when reading a line
Ask me anything: An error occurred: EOF when reading a line
Ask me anything: An error occurred: EOF when reading a line
Ask me anything: An error occurred: EOF when reading a line
Ask me anything: An error occurred: EOF when reading a line
Ask me anything: An error occurred: EOF when reading a line
Ask me anything: An error occurred: EOF when reading a line
Ask me anything: An error occurred: EOF when reading a line
Ask me anything: An error occurred: EOF when reading a line
Ask me anything: An error occurred: EOF when reading a line
Ask me anything: An error occurred: EOF when reading a line
Ask me anything: An error occurred: EOF when reading a line
Ask me anything: An error occurred: EOF when reading a line
Ask me anything: An error occurred: EOF when reading a line
Ask me anything: An error occurred: EOF when reading a line
Ask me anything: An error occurred: EOF when reading a line
Ask me anything: An error occurred: EOF when reading a line
Ask me anything: An error occurred: EOF when reading a line
Ask me anything: An error occurred: EOF when reading a line
Ask me anything: An error occurred: EOF when reading a line
Ask me anything: An error occurred: EOF when reading a line
Ask me anything: An error occurred: EOF when reading a line
Ask me anything: An error occurred: EOF when reading a line
Ask me anything: An error occurred: EOF when reading a line
Ask me anything: An error occurred: EOF when reading a line
Ask me anything: An error occurred: EOF when reading a line
Ask me anything: An error occurred: EOF when reading a line
Ask me anything: An error occurred: EOF when reading a line
Ask me anything: An error occurred: EOF when reading a line
Ask me anything: An error occurred: EOF when reading a line
Ask me anything: An error occurred: EOF when reading a line
Ask me anything: An error occurred: EOF when reading a line
Ask me anything: An error occurred: EOF when reading a line
Ask me anything: An error occurred: EOF when reading a line
Ask me anything: An error occurred: EOF when reading a line
Ask me anything: An error occurred: EOF when reading a line
Ask me anything: An error occurred: EOF when reading a line
Ask me anything: An error occurred: EOF when reading a line
Ask me anything: An error occurred: EOF when reading a line
Ask me anything: An error occurred: EOF when reading a line
Ask me anything: An error occurred: EOF when reading a line
Ask me anything: An error occurred: EOF when reading a line
Ask me anything: An error occurred: EOF when reading a line
Ask me anything: An error occurred: EOF when reading a line
Ask me anything: An error occurred: EOF when reading a line
Ask me anything: An error occurred: EOF when reading a line
Ask me anything: An error occurred: EOF when reading a line
Ask me anything: An error occurred: EOF when reading a line
Ask me anything: An error occurred: EOF when reading a line
Ask me anything: An error occurred: EOF when reading a line
Ask me anything: An error occurred: EOF when reading a line
Ask me anything: An error occurred: EOF when reading a line
Ask me anything: An error occurred: EOF when reading a line
Ask me anything: An error occurred: EOF when reading a line
Ask me anything: An error occurred: EOF when reading a line
Ask me anything: An error occurred: EOF when reading a line
Ask me anything: An error occurred: EOF when reading a line
Ask me anything: An error occurred: EOF when reading a line
Ask me anything: An error occurred: EOF when reading a line
Ask me anything: An error occurred: EOF when reading a line
Ask me anything: An error occurred: EOF when reading a line
Ask me anything: An error occurred: EOF when reading a line
Ask me anything: An error occurred: EOF when reading a line
Ask me anything: An error occurred: EOF when reading a line
Ask me anything: An error occurred: EOF when reading a line
Ask me anything: An error occurred: EOF when reading a line
Ask me anything: An error occurred: EOF when reading a line
Ask me anything: An error occurred: EOF when reading a line
Ask me anything: An error occurred: EOF when reading a line
Ask me anything: An error occurred: EOF when reading a line
Ask me anything: An error occurred: EOF when reading a line
Ask me anything: An error occurred: EOF when reading a line
Ask me anything: An error occurred: EOF when reading a line
Ask me anything: An error occurred: EOF when reading a line
Ask me anything: An error occurred: EOF when reading a line
Ask me anything: An error occurred: EOF when reading a line
Ask me anything: An error occurred: EOF when reading a line
Ask me anything: An error occurred: EOF when reading a line
Ask me anything: An error occurred: EOF when reading a line
Ask me anything: An error occurred: EOF when reading a line
Ask me anything: An error occurred: EOF when reading a line
Ask me anything: An error occurred: EOF when reading a line
Ask me anything: An error occurred: EOF when reading a line
Ask me anything: An error occurred: EOF when reading a line
Ask me anything: An error occurred: EOF when reading a line
Ask me anything: An error occurred: EOF when reading a line
Ask me anything: An error occurred: EOF when reading a line
Ask me anything: An error occurred: EOF when reading a line
Ask me anything: An error occurred: EOF when reading a line
Ask me anything: An error occurred: EOF when reading a line
Ask me anything: An error occurred: EOF when reading a line
Ask me anything: An error occurred: EOF when reading a line
Ask me anything: An error occurred: EOF when reading a line
Ask me anything: An error occurred: EOF when reading a line
Ask me anything: An error occurred: EOF when reading a line
Ask me anything: An error occurred: EOF when reading a line
Ask me anything: An error occurred: EOF when reading a line
Ask me anything: An error occurred: EOF when reading a line
Ask me anything: An error occurred: EOF when reading a line
Ask me anything: An error occurred: EOF when reading a line
Ask me anything: An error occurred: EOF when reading a line
Ask me anything: An error occurred: EOF when reading a line
Ask me anything: An error occurred: EOF when reading a line
Ask me anything: An error occurred: EOF when reading a line
Ask me anything: An error occurred: EOF when reading a line
Ask me anything: An error occurred: EOF when reading a line
Ask me anything: An error occurred: EOF when reading a line
Ask me anything: An error occurred: EOF when reading a line
Ask me anything: An error occurred: EOF when reading a line
Ask me anything: An error occurred: EOF when reading a line
Ask me anything: An error occurred: EOF when reading a line
Ask me anything: An error occurred: EOF when reading a line
Ask me anything: An error occurred: EOF when reading a line
Ask me anything: An error occurred: EOF when reading a line
Ask me anything: An error occurred: EOF when reading a line
Ask me anything: An error occurred: EOF when reading a line
Ask me anything: An error occurred: EOF when reading a line
Ask me anything: An error occurred: EOF when reading a line
Ask me anything: An error occurred: EOF when reading a line
Ask me anything: An error occurred: EOF when reading a line
Ask me anything: An error occurred: EOF when reading a line
Ask me anything: An error occurred: EOF when reading a line
Ask me anything: An error occurred: EOF when reading a line
Ask me anything: An error occurred: EOF when reading a line
Ask me anything: An error occurred: EOF when reading a line
Ask me anything: An error occurred: EOF when reading a line
Ask me anything: An error occurred: EOF when reading a line
Ask me anything: An error occurred: EOF when reading a line
Ask me anything: An error occurred: EOF when reading a line
Ask me anything: An error occurred: EOF when reading a line
Ask me anything: An error occurred: EOF when reading a line
Ask me anything: An error occurred: EOF when reading a line
Ask me anything: An error occurred: EOF when reading a line
Ask me anything: An error occurred: EOF when reading a line
Ask me anything: An error occurred: EOF when reading a line
Ask me anything: An error occurred: EOF when reading a line
Ask me anything: An error occurred: EOF when reading a line
Ask me anything: An error occurred: EOF when reading a line
Ask me anything: An error occurred: EOF when reading a line
Ask me anything: An error occurred: EOF when reading a line
Ask me anything: An error occurred: EOF when reading a line
Ask me anything: An error occurred: EOF when reading a line
Ask me anything: An error occurred: EOF when reading a line
Ask me anything: An error occurred: EOF when reading a line
Ask me anything: An error occurred: EOF when reading a line
Ask me anything: An error occurred: EOF when reading a line
Ask me anything: An error occurred: EOF when reading a line
Ask me anything: An error occurred: EOF when reading a line
Ask me anything: An error occurred: EOF when reading a line
Ask me anything: An error occurred: EOF when reading a line
Ask me anything: An error occurred: EOF when reading a line
Ask me anything: An error occurred: EOF when reading a line
Ask me anything: An error occurred: EOF when reading a line
Ask me anything: An error occurred: EOF when reading a line
Ask me anything: An error occurred: EOF when reading a line
Ask me anything: An error occurred: EOF when reading a line
Ask me anything: An error occurred: EOF when reading a line
Ask me anything: An error occurred: EOF when reading a line
Ask me anything: An error occurred: EOF when reading a line
Ask me anything: An error occurred: EOF when reading a line
Ask me anything: An error occurred: EOF when reading a line
Ask me anything: An error occurred: EOF when reading a line
Ask me anything: An error occurred: EOF when reading a line
Ask me anything: An error occurred: EOF when reading a line
Ask me anything: An error occurred: EOF when reading a line
Ask me anything: An error occurred: EOF when reading a line
Ask me anything: An error occurred: EOF when reading a line
Ask me anything: An error occurred: EOF when reading a line
Ask me anything: An error occurred: EOF when reading a line
Ask me anything: An error occurred: EOF when reading a line
Ask me anything: An error occurred: EOF when reading a line
Ask me anything: An error occurred: EOF when reading a line
Ask me anything: An error occurred: EOF when reading a line
Ask me anything: An error occurred: EOF when reading a line
Ask me anything: An error occurred: EOF when reading a line
Ask me anything: An error occurred: EOF when reading a line
Ask me anything: An error occurred: EOF when reading a line
Ask me anything: An error occurred: EOF when reading a line
Ask me anything: An error occurred: EOF when reading a line
Ask me anything: An error occurred: EOF when reading a line
Ask me anything: An error occurred: EOF when reading a line
Ask me anything: An error occurred: EOF when reading a line
Ask me anything: An error occurred: EOF when reading a line
Ask me anything: An error occurred: EOF when reading a line
Ask me anything: An error occurred: EOF when reading a line
Ask me anything: An error occurred: EOF when reading a line
Ask me anything: An error occurred: EOF when reading a line
Ask me anything: An error occurred: EOF when reading a line
Ask me anything: An error occurred: EOF when reading a line
Ask me anything: An error occurred: EOF when reading a line
Ask me anything: An error occurred: EOF when reading a line
Ask me anything: An error occurred: EOF when reading a line
Ask me anything: An error occurred: EOF when reading a line
Ask me anything: An error occurred: EOF when reading a line
Ask me anything: An error occurred: EOF when reading a line
Ask me anything: An error occurred: EOF when reading a line
Ask me anything: An error occurred: EOF when reading a line
Ask me anything: An error occurred: EOF when reading a line
Ask me anything: An error occurred: EOF when reading a line
Ask me anything: An error occurred: EOF when reading a line
Ask me anything: An error occurred: EOF when reading a line
Ask me anything: An error occurred: EOF when reading a line
Ask me anything: An error occurred: EOF when reading a line
Ask me anything: An error occurred: EOF when reading a line
Ask me anything: An error occurred: EOF when reading a line
Ask me anything: An error occurred: EOF when reading a line
Ask me anything: An error occurred: EOF when reading a line
Ask me anything: An error occurred: EOF when reading a line
Ask me anything: An error occurred: EOF when reading a line
Ask me anything: An error occurred: EOF when reading a line
Ask me anything: An error occurred: EOF when reading a line
Ask me anything: An error occurred: EOF when reading a line
Ask me anything: An error occurred: EOF when reading a line
Ask me anything: An error occurred: EOF when reading a line
Ask me anything: An error occurred: EOF when reading a line
Ask me anything: An error occurred: EOF when reading a line
Ask me anything: An error occurred: EOF when reading a line
Ask me anything: An error occurred: EOF when reading a line
Ask me anything: An error occurred: EOF when reading a line
Ask me anything: An error occurred: EOF when reading a line
Ask me anything: An error occurred: EOF when reading a line
Ask me anything: An error occurred: EOF when reading a line
Ask me anything: An error occurred: EOF when reading a line
Ask me anything: An error occurred: EOF when reading a line
Ask me anything: An error occurred: EOF when reading a line
Ask me anything: An error occurred: EOF when reading a line
Ask me anything: An error occurred: EOF when reading a line
Ask me anything: An error occurred: EOF when reading a line
Ask me anything: An error occurred: EOF when reading a line
Ask me anything: An error occurred: EOF when reading a line
Ask me anything: An error occurred: EOF when reading a line
Ask me anything: An error occurred: EOF when reading a line
Ask me anything: An error occurred: EOF when reading a line
Ask me anything: An error occurred: EOF when reading a line
Ask me anything: An error occurred: EOF when reading a line
Ask me anything: An error occurred: EOF when reading a line
Ask me anything: An error occurred: EOF when reading a line
Ask me anything: An error occurred: EOF when reading a line
Ask me anything: An error occurred: EOF when reading a line
Ask me anything: An error occurred: EOF when reading a line
Ask me anything: An error occurred: EOF when reading a line
Ask me anything: An error occurred: EOF when reading a line
Ask me anything: An error occurred: EOF when reading a line
Ask me anything: An error occurred: EOF when reading a line
Ask me anything: An error occurred: EOF when reading a line
Ask me anything: An error occurred: EOF when reading a line
Ask me anything: An error occurred: EOF when reading a line
Ask me anything: An error occurred: EOF when reading a line
Ask me anything: An error occurred: EOF when reading a line
Ask me anything: An error occurred: EOF when reading a line
Ask me anything: An error occurred: EOF when reading a line
Ask me anything: An error occurred: EOF when reading a line
Ask me anything: An error occurred: EOF when reading a line
Ask me anything: An error occurred: EOF when reading a line
Ask me anything: An error occurred: EOF when reading a line
Ask me anything: An error occurred: EOF when reading a line
Ask me anything: An error occurred: EOF when reading a line
Ask me anything: An error occurred: EOF when reading a line
Ask me anything: An error occurred: EOF when reading a line
Ask me anything: An error occurred: EOF when reading a line
Ask me anything: An error occurred: EOF when reading a line
Ask me anything: An error occurred: EOF when reading a line
Ask me anything: An error occurred: EOF when reading a line
Ask me anything: An error occurred: EOF when reading a line
Ask me anything: An error occurred: EOF when reading a line
Ask me anything: An error occurred: EOF when reading a line
Ask me anything: An error occurred: EOF when reading a line
Ask me anything: An error occurred: EOF when reading a line
Ask me anything: An error occurred: EOF when reading a line
Ask me anything: An error occurred: EOF when reading a line
Ask me anything: An error occurred: EOF when reading a line
Ask me anything: An error occurred: EOF when reading a line
Ask me anything: An error occurred: EOF when reading a line
Ask me anything: An error occurred: EOF when reading a line
Ask me anything: An error occurred: EOF when reading a line
Ask me anything: An error occurred: EOF when reading a line
Ask me anything: An error occurred: EOF when reading a line
Ask me anything: An error occurred: EOF when reading a line
Ask me anything: An error occurred: EOF when reading a line
Ask me anything: An error occurred: EOF when reading a line
Ask me anything: An error occurred: EOF when reading a line
Ask me anything: An error occurred: EOF when reading a line
Ask me anything: An error occurred: EOF when reading a line
Ask me anything: An error occurred: EOF when reading a line
Ask me anything: An error occurred: EOF when reading a line
Ask me anything: An error occurred: EOF when reading a line
Ask me anything: An error occurred: EOF when reading a line
Ask me anything: An error occurred: EOF when reading a line
Ask me anything: An error occurred: EOF when reading a line
Ask me anything: An error occurred: EOF when reading a line
Ask me anything: An error occurred: EOF when reading a line
Ask me anything: An error occurred: EOF when reading a line
Ask me anything: An error occurred: EOF when reading a line
Ask me anything: An error occurred: EOF when reading a line
Ask me anything: An error occurred: EOF when reading a line
Ask me anything: An error occurred: EOF when reading a line
Ask me anything: An error occurred: EOF when reading a line
Ask me anything: An error occurred: EOF when reading a line
Ask me anything: An error occurred: EOF when reading a line
Ask me anything: An error occurred: EOF when reading a line
Ask me anything: An error occurred: EOF when reading a line
Ask me anything: An error occurred: EOF when reading a line
Ask me anything: An error occurred: EOF when reading a line
Ask me anything: An error occurred: EOF when reading a line
Ask me anything: An error occurred: EOF when reading a line
Ask me anything: An error occurred: EOF when reading a line
Ask me anything: An error occurred: EOF when reading a line
Ask me anything: An error occurred: EOF when reading a line
Ask me anything: An error occurred: EOF when reading a line
Ask me anything: An error occurred: EOF when reading a line
Ask me anything: An error occurred: EOF when reading a line
Ask me anything: An error occurred: EOF when reading a line
Ask me anything: An error occurred: EOF when reading a line
Ask me anything: An error occurred: EOF when reading a line
Ask me anything: An error occurred: EOF when reading a line
Ask me anything: An error occurred: EOF when reading a line
Ask me anything: An error occurred: EOF when reading a line
Ask me anything: An error occurred: EOF when reading a line
Ask me anything: An error occurred: EOF when reading a line
Ask me anything: An error occurred: EOF when reading a line
Ask me anything: An error occurred: EOF when reading a line
Ask me anything: An error occurred: EOF when reading a line
Ask me anything: An error occurred: EOF when reading a line
Ask me anything: An error occurred: EOF when reading a line
Ask me anything: An error occurred: EOF when reading a line
Ask me anything: An error occurred: EOF when reading a line
Ask me anything: An error occurred: EOF when reading a line
Ask me anything: An error occurred: EOF when reading a line
Ask me anything: An error occurred: EOF when reading a line
Ask me anything: An error occurred: EOF when reading a line
Ask me anything: An error occurred: EOF when reading a line
Ask me anything: An error occurred: EOF when reading a line
Ask me anything: An error occurred: EOF when reading a line
Ask me anything: An error occurred: EOF when reading a line
Ask me anything: An error occurred: EOF when reading a line
Ask me anything: An error occurred: EOF when reading a line
Ask me anything: An error occurred: EOF when reading a line
Ask me anything: An error occurred: EOF when reading a line
Ask me anything: An error occurred: EOF when reading a line
Ask me anything: An error occurred: EOF when reading a line
Ask me anything: An error occurred: EOF when reading a line
Ask me anything: An error occurred: EOF when reading a line
Ask me anything: An error occurred: EOF when reading a line
Ask me anything: An error occurred: EOF when reading a line
Ask me anything: An error occurred: EOF when reading a line
Ask me anything: An error occurred: EOF when reading a line
Ask me anything: An error occurred: EOF when reading a line
Ask me anything: An error occurred: EOF when reading a line
Ask me anything: An error occurred: EOF when reading a line
Ask me anything: An error occurred: EOF when reading a line
Ask me anything: An error occurred: EOF when reading a line
Ask me anything: An error occurred: EOF when reading a line
Ask me anything: An error occurred: EOF when reading a line
Ask me anything: An error occurred: EOF when reading a line
Ask me anything: An error occurred: EOF when reading a line
Ask me anything: An error occurred: EOF when reading a line
Ask me anything: An error occurred: EOF when reading a line
Ask me anything: An error occurred: EOF when reading a line
Ask me anything: An error occurred: EOF when reading a line
Ask me anything: An error occurred: EOF when reading a line
Ask me anything: An error occurred: EOF when reading a line
Ask me anything: An error occurred: EOF when reading a line
Ask me anything: An error occurred: EOF when reading a line
Ask me anything: An error occurred: EOF when reading a line
Ask me anything: An error occurred: EOF when reading a line
Ask me anything: An error occurred: EOF when reading a line
Ask me anything: An error occurred: EOF when reading a line
Ask me anything: An error occurred: EOF when reading a line
Ask me anything: An error occurred: EOF when reading a line
Ask me anything: An error occurred: EOF when reading a line
Ask me anything: An error occurred: EOF when reading a line
Ask me anything: An error occurred: EOF when reading a line
Ask me anything: An error occurred: EOF when reading a line
Ask me anything: An error occurred: EOF when reading a line
Ask me anything: An error occurred: EOF when reading a line
Ask me anything: An error occurred: EOF when reading a line
Ask me anything: An error occurred: EOF when reading a line
Ask me anything: An error occurred: EOF when reading a line
Ask me anything: An error occurred: EOF when reading a line
Ask me anything: An error occurred: EOF when reading a line
Ask me anything: An error occurred: EOF when reading a line
Ask me anything: An error occurred: EOF when reading a line
Ask me anything: An error occurred: EOF when reading a line
Ask me anything: An error occurred: EOF when reading a line
Ask me anything: An error occurred: EOF when reading a line
Ask me anything: An error occurred: EOF when reading a line
Ask me anything: An error occurred: EOF when reading a line
Ask me anything: An error occurred: EOF when reading a line
Ask me anything: An error occurred: EOF when reading a line
Ask me anything: An error occurred: EOF when reading a line
Ask me anything: An error occurred: EOF when reading a line
Ask me anything: An error occurred: EOF when reading a line
Ask me anything: An error occurred: EOF when reading a line
Ask me anything: An error occurred: EOF when reading a line
Ask me anything: An error occurred: EOF when reading a line
Ask me anything: An error occurred: EOF when reading a line
Ask me anything: An error occurred: EOF when reading a line
Ask me anything: An error occurred: EOF when reading a line
Ask me anything: An error occurred: EOF when reading a line
Ask me anything: An error occurred: EOF when reading a line
Ask me anything: An error occurred: EOF when reading a line
Ask me anything: An error occurred: EOF when reading a line
Ask me anything: An error occurred: EOF when reading a line
Ask me anything: An error occurred: EOF when reading a line
Ask me anything: An error occurred: EOF when reading a line
Ask me anything: An error occurred: EOF when reading a line
Ask me anything: An error occurred: EOF when reading a line
Ask me anything: An error occurred: EOF when reading a line
Ask me anything: An error occurred: EOF when reading a line
Ask me anything: An error occurred: EOF when reading a line
Ask me anything: An error occurred: EOF when reading a line
Ask me anything: An error occurred: EOF when reading a line
Ask me anything: An error occurred: EOF when reading a line
Ask me anything: An error occurred: EOF when reading a line
Ask me anything: An error occurred: EOF when reading a line
Ask me anything: An error occurred: EOF when reading a line
Ask me anything: An error occurred: EOF when reading a line
Ask me anything: An error occurred: EOF when reading a line
Ask me anything: An error occurred: EOF when reading a line
Ask me anything: An error occurred: EOF when reading a line
Ask me anything: An error occurred: EOF when reading a line
Ask me anything: An error occurred: EOF when reading a line
Ask me anything: An error occurred: EOF when reading a line
Ask me anything: An error occurred: EOF when reading a line
Ask me anything: An error occurred: EOF when reading a line
Ask me anything: An error occurred: EOF when reading a line
Ask me anything: An error occurred: EOF when reading a line
Ask me anything: An error occurred: EOF when reading a line
Ask me anything: An error occurred: EOF when reading a line
Ask me anything: An error occurred: EOF when reading a line
Ask me anything: An error occurred: EOF when reading a line
Ask me anything: An error occurred: EOF when reading a line
Ask me anything: An error occurred: EOF when reading a line
Ask me anything: An error occurred: EOF when reading a line
Ask me anything: An error occurred: EOF when reading a line
Ask me anything: An error occurred: EOF when reading a line
Ask me anything: An error occurred: EOF when reading a line
Ask me anything: An error occurred: EOF when reading a line
Ask me anything: An error occurred: EOF when reading a line
Ask me anything: An error occurred: EOF when reading a line
Ask me anything: An error occurred: EOF when reading a line
Ask me anything: An error occurred: EOF when reading a line
Ask me anything: An error occurred: EOF when reading a line
Ask me anything: An error occurred: EOF when reading a line
Ask me anything: An error occurred: EOF when reading a line
Ask me anything: An error occurred: EOF when reading a line
Ask me anything: An error occurred: EOF when reading a line
Ask me anything: An error occurred: EOF when reading a line
Ask me anything: An error occurred: EOF when reading a line
Ask me anything: An error occurred: EOF when reading a line
Ask me anything: An error occurred: EOF when reading a line
Ask me anything: An error occurred: EOF when reading a line
Ask me anything: An error occurred: EOF when reading a line
Ask me anything: An error occurred: EOF when reading a line
Ask me anything: An error occurred: EOF when reading a line
Ask me anything: An error occurred: EOF when reading a line
Ask me anything: An error occurred: EOF when reading a line
Ask me anything: An error occurred: EOF when reading a line
Ask me anything: An error occurred: EOF when reading a line
Ask me anything: An error occurred: EOF when reading a line
Ask me anything: An error occurred: EOF when reading a line
Ask me anything: An error occurred: EOF when reading a line
Ask me anything: An error occurred: EOF when reading a line
Ask me anything: An error occurred: EOF when reading a line
Ask me anything: An error occurred: EOF when reading a line
Ask me anything: An error occurred: EOF when reading a line
Ask me anything: An error occurred: EOF when reading a line
Ask me anything: An error occurred: EOF when reading a line
Ask me anything: An error occurred: EOF when reading a line
Ask me anything: An error occurred: EOF when reading a line
Ask me anything: An error occurred: EOF when reading a line
Ask me anything: An error occurred: EOF when reading a line
Ask me anything: An error occurred: EOF when reading a line
Ask me anything: An error occurred: EOF when reading a line
Ask me anything: An error occurred: EOF when reading a line
Ask me anything: An error occurred: EOF when reading a line
Ask me anything: An error occurred: EOF when reading a line
Ask me anything: An error occurred: EOF when reading a line
Ask me anything: An error occurred: EOF when reading a line
Ask me anything: An error occurred: EOF when reading a line
Ask me anything: An error occurred: EOF when reading a line
Ask me anything: An error occurred: EOF when reading a line
Ask me anything: An error occurred: EOF when reading a line
Ask me anything: An error occurred: EOF when reading a line
Ask me anything: An error occurred: EOF when reading a line
Ask me anything: An error occurred: EOF when reading a line
Ask me anything: An error occurred: EOF when reading a line
Ask me anything: An error occurred: EOF when reading a line
Ask me anything: An error occurred: EOF when reading a line
Ask me anything: An error occurred: EOF when reading a line
Ask me anything: An error occurred: EOF when reading a line
Ask me anything: An error occurred: EOF when reading a line
Ask me anything: An error occurred: EOF when reading a line
Ask me anything: An error occurred: EOF when reading a line
Ask me anything: An error occurred: EOF when reading a line
Ask me anything: An error occurred: EOF when reading a line
Ask me anything: An error occurred: EOF when reading a line
Ask me anything: An error occurred: EOF when reading a line
Ask me anything: An error occurred: EOF when reading a line
Ask me anything: An error occurred: EOF when reading a line
Ask me anything: An error occurred: EOF when reading a line
Ask me anything: An error occurred: EOF when reading a line
Ask me anything: An error occurred: EOF when reading a line
Ask me anything: An error occurred: EOF when reading a line
Ask me anything: An error occurred: EOF when reading a line
Ask me anything: An error occurred: EOF when reading a line
Ask me anything: An error occurred: EOF when reading a line
Ask me anything: An error occurred: EOF when reading a line
Ask me anything: An error occurred: EOF when reading a line
Ask me anything: An error occurred: EOF when reading a line
Ask me anything: An error occurred: EOF when reading a line
Ask me anything: An error occurred: EOF when reading a line
Ask me anything: An error occurred: EOF when reading a line
Ask me anything: An error occurred: EOF when reading a line
Ask me anything: An error occurred: EOF when reading a line
Ask me anything: An error occurred: EOF when reading a line
Ask me anything: An error occurred: EOF when reading a line
Ask me anything: An error occurred: EOF when reading a line
Ask me anything: An error occurred: EOF when reading a line
Ask me anything: An error occurred: EOF when reading a line
Ask me anything: An error occurred: EOF when reading a line
Ask me anything: An error occurred: EOF when reading a line
Ask me anything: An error occurred: EOF when reading a line
Ask me anything: An error occurred: EOF when reading a line
Ask me anything: An error occurred: EOF when reading a line
Ask me anything: An error occurred: EOF when reading a line
Ask me anything: An error occurred: EOF when reading a line
Ask me anything: An error occurred: EOF when reading a line
Ask me anything: An error occurred: EOF when reading a line
Ask me anything: An error occurred: EOF when reading a line
Ask me anything: An error occurred: EOF when reading a line
Ask me anything: An error occurred: EOF when reading a line
Ask me anything: An error occurred: EOF when reading a line
Ask me anything: An error occurred: EOF when reading a line
Ask me anything: An error occurred: EOF when reading a line
Ask me anything: An error occurred: EOF when reading a line
Ask me anything: An error occurred: EOF when reading a line
Ask me anything: An error occurred: EOF when reading a line
Ask me anything: An error occurred: EOF when reading a line
Ask me anything: An error occurred: EOF when reading a line
Ask me anything: An error occurred: EOF when reading a line
Ask me anything: An error occurred: EOF when reading a line
Ask me anything: An error occurred: EOF when reading a line
Ask me anything: An error occurred: EOF when reading a line
Ask me anything: An error occurred: EOF when reading a line
Ask me anything: An error occurred: EOF when reading a line
Ask me anything: An error occurred: EOF when reading a line
Ask me anything: An error occurred: EOF when reading a line
Ask me anything: An error occurred: EOF when reading a line
Ask me anything: An error occurred: EOF when reading a line
Ask me anything: An error occurred: EOF when reading a line
Ask me anything: An error occurred: EOF when reading a line
Ask me anything: An error occurred: EOF when reading a line
Ask me anything: An error occurred: EOF when reading a line
Ask me anything: An error occurred: EOF when reading a line
Ask me anything: An error occurred: EOF when reading a line
Ask me anything: An error occurred: EOF when reading a line
Ask me anything: An error occurred: EOF when reading a line
Ask me anything: An error occurred: EOF when reading a line
Ask me anything: An error occurred: EOF when reading a line
Ask me anything: An error occurred: EOF when reading a line
Ask me anything: An error occurred: EOF when reading a line
Ask me anything: An error occurred: EOF when reading a line
Ask me anything: An error occurred: EOF when reading a line
Ask me anything: An error occurred: EOF when reading a line
Ask me anything: An error occurred: EOF when reading a line
Ask me anything: An error occurred: EOF when reading a line
Ask me anything: An error occurred: EOF when reading a line
Ask me anything: An error occurred: EOF when reading a line
Ask me anything: An error occurred: EOF when reading a line
Ask me anything: An error occurred: EOF when reading a line
Ask me anything: An error occurred: EOF when reading a line
Ask me anything: An error occurred: EOF when reading a line
Ask me anything: An error occurred: EOF when reading a line
Ask me anything: An error occurred: EOF when reading a line
Ask me anything: An error occurred: EOF when reading a line
Ask me anything: An error occurred: EOF when reading a line
Ask me anything: An error occurred: EOF when reading a line
Ask me anything: An error occurred: EOF when reading a line
Ask me anything: An error occurred: EOF when reading a line
Ask me anything: An error occurred: EOF when reading a line
Ask me anything: An error occurred: EOF when reading a line
Ask me anything: An error occurred: EOF when reading a line
Ask me anything: An error occurred: EOF when reading a line
Ask me anything: An error occurred: EOF when reading a line
Ask me anything: An error occurred: EOF when reading a line
Ask me anything: An error occurred: EOF when reading a line
Ask me anything: An error occurred: EOF when reading a line
Ask me anything: An error occurred: EOF when reading a line
Ask me anything: An error occurred: EOF when reading a line
Ask me anything: An error occurred: EOF when reading a line
Ask me anything: An error occurred: EOF when reading a line
Ask me anything: An error occurred: EOF when reading a line
Ask me anything: An error occurred: EOF when reading a line
Ask me anything: An error occurred: EOF when reading a line
Ask me anything: An error occurred: EOF when reading a line
Ask me anything: An error occurred: EOF when reading a line
Ask me anything: An error occurred: EOF when reading a line
Ask me anything: An error occurred: EOF when reading a line
Ask me anything: An error occurred: EOF when reading a line
Ask me anything: An error occurred: EOF when reading a line
Ask me anything: An error occurred: EOF when reading a line
Ask me anything: An error occurred: EOF when reading a line
Ask me anything: An error occurred: EOF when reading a line
Ask me anything: An error occurred: EOF when reading a line
Ask me anything: An error occurred: EOF when reading a line
Ask me anything: An error occurred: EOF when reading a line
Ask me anything: An error occurred: EOF when reading a line
Ask me anything: An error occurred: EOF when reading a line
Ask me anything: An error occurred: EOF when reading a line
Ask me anything: An error occurred: EOF when reading a line
Ask me anything: An error occurred: EOF when reading a line
Ask me anything: An error occurred: EOF when reading a line
Ask me anything: An error occurred: EOF when reading a line
Ask me anything: An error occurred: EOF when reading a line
Ask me anything: An error occurred: EOF when reading a line
Ask me anything: An error occurred: EOF when reading a line
Ask me anything: An error occurred: EOF when reading a line
Ask me anything: An error occurred: EOF when reading a line
Ask me anything: An error occurred: EOF when reading a line
Ask me anything: An error occurred: EOF when reading a line
Ask me anything: An error occurred: EOF when reading a line
Ask me anything: An error occurred: EOF when reading a line
Ask me anything: An error occurred: EOF when reading a line
Ask me anything: An error occurred: EOF when reading a line
Ask me anything: An error occurred: EOF when reading a line
Ask me anything: An error occurred: EOF when reading a line
Ask me anything: An error occurred: EOF when reading a line
Ask me anything: An error occurred: EOF when reading a line
Ask me anything: An error occurred: EOF when reading a line
Ask me anything: An error occurred: EOF when reading a line
Ask me anything: An error occurred: EOF when reading a line
Ask me anything: An error occurred: EOF when reading a line
Ask me anything: An error occurred: EOF when reading a line
Ask me anything: An error occurred: EOF when reading a line
Ask me anything: An error occurred: EOF when reading a line
Ask me anything: An error occurred: EOF when reading a line
Ask me anything: An error occurred: EOF when reading a line
Ask me anything: An error occurred: EOF when reading a line
Ask me anything: An error occurred: EOF when reading a line
Ask me anything: An error occurred: EOF when reading a line
Ask me anything: An error occurred: EOF when reading a line
Ask me anything: An error occurred: EOF when reading a line
Ask me anything: An error occurred: EOF when reading a line
Ask me anything: An error occurred: EOF when reading a line
Ask me anything: An error occurred: EOF when reading a line
Ask me anything: An error occurred: EOF when reading a line
Ask me anything: An error occurred: EOF when reading a line
Ask me anything: An error occurred: EOF when reading a line
Ask me anything: An error occurred: EOF when reading a line
Ask me anything: An error occurred: EOF when reading a line
Ask me anything: An error occurred: EOF when reading a line
Ask me anything: An error occurred: EOF when reading a line
Ask me anything: An error occurred: EOF when reading a line
Ask me anything: An error occurred: EOF when reading a line
Ask me anything: An error occurred: EOF when reading a line
Ask me anything: An error occurred: EOF when reading a line
Ask me anything: An error occurred: EOF when reading a line
Ask me anything: An error occurred: EOF when reading a line
Ask me anything: An error occurred: EOF when reading a line
Ask me anything: An error occurred: EOF when reading a line
Ask me anything: An error occurred: EOF when reading a line
Ask me anything: An error occurred: EOF when reading a line
Ask me anything: An error occurred: EOF when reading a line
Ask me anything: An error occurred: EOF when reading a line
Ask me anything: An error occurred: EOF when reading a line
Ask me anything: An error occurred: EOF when reading a line
Ask me anything: An error occurred: EOF when reading a line
Ask me anything: An error occurred: EOF when reading a line
Ask me anything: An error occurred: EOF when reading a line
Ask me anything: An error occurred: EOF when reading a line
Ask me anything: An error occurred: EOF when reading a line
Ask me anything: An error occurred: EOF when reading a line
Ask me anything: An error occurred: EOF when reading a line
Ask me anything: An error occurred: EOF when reading a line
Ask me anything: An error occurred: EOF when reading a line
Ask me anything: An error occurred: EOF when reading a line
Ask me anything: An error occurred: EOF when reading a line
Ask me anything: An error occurred: EOF when reading a line
Ask me anything: An error occurred: EOF when reading a line
Ask me anything: An error occurred: EOF when reading a line
Ask me anything: An error occurred: EOF when reading a line
Ask me anything: An error occurred: EOF when reading a line
Ask me anything: An error occurred: EOF when reading a line
Ask me anything: An error occurred: EOF when reading a line
Ask me anything: An error occurred: EOF when reading a line
Ask me anything: An error occurred: EOF when reading a line
Ask me anything: An error occurred: EOF when reading a line
Ask me anything: An error occurred: EOF when reading a line
Ask me anything: An error occurred: EOF when reading a line
Ask me anything: An error occurred: EOF when reading a line
Ask me anything: An error occurred: EOF when reading a line
Ask me anything: An error occurred: EOF when reading a line
Ask me anything: An error occurred: EOF when reading a line
Ask me anything: An error occurred: EOF when reading a line
Ask me anything: An error occurred: EOF when reading a line
Ask me anything: An error occurred: EOF when reading a line
Ask me anything: An error occurred: EOF when reading a line
Ask me anything: An error occurred: EOF when reading a line
Ask me anything: An error occurred: EOF when reading a line
Ask me anything: An error occurred: EOF when reading a line
Ask me anything: An error occurred: EOF when reading a line
Ask me anything: An error occurred: EOF when reading a line
Ask me anything: An error occurred: EOF when reading a line
Ask me anything: An error occurred: EOF when reading a line
Ask me anything: An error occurred: EOF when reading a line
Ask me anything: An error occurred: EOF when reading a line
Ask me anything: An error occurred: EOF when reading a line
Ask me anything: An error occurred: EOF when reading a line
Ask me anything: An error occurred: EOF when reading a line
Ask me anything: An error occurred: EOF when reading a line
Ask me anything: An error occurred: EOF when reading a line
Ask me anything: An error occurred: EOF when reading a line
Ask me anything: An error occurred: EOF when reading a line
Ask me anything: An error occurred: EOF when reading a line
Ask me anything: An error occurred: EOF when reading a line
Ask me anything: An error occurred: EOF when reading a line
Ask me anything: An error occurred: EOF when reading a line
Ask me anything: An error occurred: EOF when reading a line
Ask me anything: An error occurred: EOF when reading a line
Ask me anything: An error occurred: EOF when reading a line
Ask me anything: An error occurred: EOF when reading a line
Ask me anything: An error occurred: EOF when reading a line
Ask me anything: An error occurred: EOF when reading a line
Ask me anything: An error occurred: EOF when reading a line
Ask me anything: An error occurred: EOF when reading a line
Ask me anything: An error occurred: EOF when reading a line
Ask me anything: An error occurred: EOF when reading a line
Ask me anything: An error occurred: EOF when reading a line
Ask me anything: An error occurred: EOF when reading a line
Ask me anything: An error occurred: EOF when reading a line
Ask me anything: An error occurred: EOF when reading a line
Ask me anything: An error occurred: EOF when reading a line
Ask me anything: An error occurred: EOF when reading a line
Ask me anything: An error occurred: EOF when reading a line
Ask me anything: An error occurred: EOF when reading a line
Ask me anything: An error occurred: EOF when reading a line
Ask me anything: An error occurred: EOF when reading a line
Ask me anything: An error occurred: EOF when reading a line
Ask me anything: An error occurred: EOF when reading a line
Ask me anything: An error occurred: EOF when reading a line
Ask me anything: An error occurred: EOF when reading a line
Ask me anything: An error occurred: EOF when reading a line
Ask me anything: An error occurred: EOF when reading a line
Ask me anything: An error occurred: EOF when reading a line
Ask me anything: An error occurred: EOF when reading a line
Ask me anything: An error occurred: EOF when reading a line
Ask me anything: An error occurred: EOF when reading a line
Ask me anything: An error occurred: EOF when reading a line
Ask me anything: An error occurred: EOF when reading a line
Ask me anything: An error occurred: EOF when reading a line
Ask me anything: An error occurred: EOF when reading a line
Ask me anything: An error occurred: EOF when reading a line
Ask me anything: An error occurred: EOF when reading a line
Ask me anything: An error occurred: EOF when reading a line
Ask me anything: An error occurred: EOF when reading a line
Ask me anything: An error occurred: EOF when reading a line
Ask me anything: An error occurred: EOF when reading a line
Ask me anything: An error occurred: EOF when reading a line
Ask me anything: An error occurred: EOF when reading a line
Ask me anything: An error occurred: EOF when reading a line
Ask me anything: An error occurred: EOF when reading a line
Ask me anything: An error occurred: EOF when reading a line
Ask me anything: An error occurred: EOF when reading a line
Ask me anything: An error occurred: EOF when reading a line
Ask me anything: An error occurred: EOF when reading a line
Ask me anything: An error occurred: EOF when reading a line
Ask me anything: An error occurred: EOF when reading a line
Ask me anything: An error occurred: EOF when reading a line
Ask me anything: An error occurred: EOF when reading a line
Ask me anything: An error occurred: EOF when reading a line
Ask me anything: An error occurred: EOF when reading a line
Ask me anything: An error occurred: EOF when reading a line
Ask me anything: An error occurred: EOF when reading a line
Ask me anything: An error occurred: EOF when reading a line
Ask me anything: An error occurred: EOF when reading a line
Ask me anything: An error occurred: EOF when reading a line
Ask me anything: An error occurred: EOF when reading a line
Ask me anything: An error occurred: EOF when reading a line
Ask me anything: An error occurred: EOF when reading a line
Ask me anything: An error occurred: EOF when reading a line
Ask me anything: An error occurred: EOF when reading a line
Ask me anything: An error occurred: EOF when reading a line
Ask me anything: An error occurred: EOF when reading a line
Ask me anything: An error occurred: EOF when reading a line
Ask me anything: An error occurred: EOF when reading a line
Ask me anything: An error occurred: EOF when reading a line
Ask me anything: An error occurred: EOF when reading a line
Ask me anything: An error occurred: EOF when reading a line
Ask me anything: An error occurred: EOF when reading a line
Ask me anything: An error occurred: EOF when reading a line
Ask me anything: An error occurred: EOF when reading a line
Ask me anything: An error occurred: EOF when reading a line
Ask me anything: An error occurred: EOF when reading a line
Ask me anything: An error occurred: EOF when reading a line
Ask me anything: An error occurred: EOF when reading a line
Ask me anything: An error occurred: EOF when reading a line
Ask me anything: An error occurred: EOF when reading a line
Ask me anything: An error occurred: EOF when reading a line
Ask me anything: An error occurred: EOF when reading a line
Ask me anything: An error occurred: EOF when reading a line
Ask me anything: An error occurred: EOF when reading a line
Ask me anything: An error occurred: EOF when reading a line
Ask me anything: An error occurred: EOF when reading a line
Ask me anything: An error occurred: EOF when reading a line
Ask me anything: An error occurred: EOF when reading a line
Ask me anything: An error occurred: EOF when reading a line
Ask me anything: An error occurred: EOF when reading a line
Ask me anything: An error occurred: EOF when reading a line
Ask me anything: An error occurred: EOF when reading a line
Ask me anything: An error occurred: EOF when reading a line
Ask me anything: An error occurred: EOF when reading a line
Ask me anything: An error occurred: EOF when reading a line
Ask me anything: An error occurred: EOF when reading a line
Ask me anything: An error occurred: EOF when reading a line
Ask me anything: An error occurred: EOF when reading a line
Ask me anything: An error occurred: EOF when reading a line
Ask me anything: An error occurred: EOF when reading a line
Ask me anything: An error occurred: EOF when reading a line
Ask me anything: An error occurred: EOF when reading a line
Ask me anything: An error occurred: EOF when reading a line
Ask me anything: An error occurred: EOF when reading a line
Ask me anything: An error occurred: EOF when reading a line
Ask me anything: An error occurred: EOF when reading a line
Ask me anything: An error occurred: EOF when reading a line
Ask me anything: An error occurred: EOF when reading a line
Ask me anything: An error occurred: EOF when reading a line
Ask me anything: An error occurred: EOF when reading a line
Ask me anything: An error occurred: EOF when reading a line
Ask me anything: An error occurred: EOF when reading a line
Ask me anything: An error occurred: EOF when reading a line
Ask me anything: An error occurred: EOF when reading a line
Ask me anything: An error occurred: EOF when reading a line
Ask me anything: An error occurred: EOF when reading a line
Ask me anything: An error occurred: EOF when reading a line
Ask me anything: An error occurred: EOF when reading a line
Ask me anything: An error occurred: EOF when reading a line
Ask me anything: An error occurred: EOF when reading a line
Ask me anything: An error occurred: EOF when reading a line
Ask me anything: An error occurred: EOF when reading a line
Ask me anything: An error occurred: EOF when reading a line
Ask me anything: An error occurred: EOF when reading a line
Ask me anything: An error occurred: EOF when reading a line
Ask me anything: An error occurred: EOF when reading a line
Ask me anything: An error occurred: EOF when reading a line
Ask me anything: An error occurred: EOF when reading a line
Ask me anything: An error occurred: EOF when reading a line
Ask me anything: An error occurred: EOF when reading a line
Ask me anything: An error occurred: EOF when reading a line
Ask me anything: An error occurred: EOF when reading a line
Ask me anything: An error occurred: EOF when reading a line
Ask me anything: An error occurred: EOF when reading a line
Ask me anything: An error occurred: EOF when reading a line
Ask me anything: An error occurred: EOF when reading a line
Ask me anything: An error occurred: EOF when reading a line
Ask me anything: An error occurred: EOF when reading a line
Ask me anything: An error occurred: EOF when reading a line
Ask me anything: An error occurred: EOF when reading a line
Ask me anything: An error occurred: EOF when reading a line
Ask me anything: An error occurred: EOF when reading a line
Ask me anything: An error occurred: EOF when reading a line
Ask me anything: An error occurred: EOF when reading a line
Ask me anything: An error occurred: EOF when reading a line
Ask me anything: An error occurred: EOF when reading a line
Ask me anything: An error occurred: EOF when reading a line
Ask me anything: An error occurred: EOF when reading a line
Ask me anything: An error occurred: EOF when reading a line
Ask me anything: An error occurred: EOF when reading a line
Ask me anything: An error occurred: EOF when reading a line
Ask me anything: An error occurred: EOF when reading a line
Ask me anything: An error occurred: EOF when reading a line
Ask me anything: An error occurred: EOF when reading a line
Ask me anything: An error occurred: EOF when reading a line
Ask me anything: An error occurred: EOF when reading a line
Ask me anything: An error occurred: EOF when reading a line
Ask me anything: An error occurred: EOF when reading a line
Ask me anything: An error occurred: EOF when reading a line
Ask me anything: An error occurred: EOF when reading a line
Ask me anything: An error occurred: EOF when reading a line
Ask me anything: An error occurred: EOF when reading a line
Ask me anything: An error occurred: EOF when reading a line
Ask me anything: An error occurred: EOF when reading a line
Ask me anything: An error occurred: EOF when reading a line
Ask me anything: An error occurred: EOF when reading a line
Ask me anything: An error occurred: EOF when reading a line
Ask me anything: An error occurred: EOF when reading a line
Ask me anything: An error occurred: EOF when reading a line
Ask me anything: An error occurred: EOF when reading a line
Ask me anything: An error occurred: EOF when reading a line
Ask me anything: An error occurred: EOF when reading a line
Ask me anything: An error occurred: EOF when reading a line
Ask me anything: An error occurred: EOF when reading a line
Ask me anything: An error occurred: EOF when reading a line
Ask me anything: An error occurred: EOF when reading a line
Ask me anything: An error occurred: EOF when reading a line
Ask me anything: An error occurred: EOF when reading a line
Ask me anything: An error occurred: EOF when reading a line
Ask me anything: An error occurred: EOF when reading a line
Ask me anything: An error occurred: EOF when reading a line
Ask me anything: An error occurred: EOF when reading a line
Ask me anything: An error occurred: EOF when reading a line
Ask me anything: An error occurred: EOF when reading a line
Ask me anything: An error occurred: EOF when reading a line
Ask me anything: An error occurred: EOF when reading a line
Ask me anything: An error occurred: EOF when reading a line
Ask me anything: An error occurred: EOF when reading a line
Ask me anything: An error occurred: EOF when reading a line
Ask me anything: An error occurred: EOF when reading a line
Ask me anything: An error occurred: EOF when reading a line
Ask me anything: An error occurred: EOF when reading a line
Ask me anything: An error occurred: EOF when reading a line
Ask me anything: An error occurred: EOF when reading a line
Ask me anything: An error occurred: EOF when reading a line
Ask me anything: An error occurred: EOF when reading a line
Ask me anything: An error occurred: EOF when reading a line
Ask me anything: An error occurred: EOF when reading a line
Ask me anything: An error occurred: EOF when reading a line
Ask me anything: An error occurred: EOF when reading a line
Ask me anything: An error occurred: EOF when reading a line
Ask me anything: An error occurred: EOF when reading a line
Ask me anything: An error occurred: EOF when reading a line
Ask me anything: An error occurred: EOF when reading a line
Ask me anything: An error occurred: EOF when reading a line
Ask me anything: An error occurred: EOF when reading a line
Ask me anything: An error occurred: EOF when reading a line
Ask me anything: An error occurred: EOF when reading a line
Ask me anything: An error occurred: EOF when reading a line
Ask me anything: An error occurred: EOF when reading a line
Ask me anything: An error occurred: EOF when reading a line
Ask me anything: An error occurred: EOF when reading a line
Ask me anything: An error occurred: EOF when reading a line
Ask me anything: An error occurred: EOF when reading a line
Ask me anything: An error occurred: EOF when reading a line
Ask me anything: An error occurred: EOF when reading a line
Ask me anything: An error occurred: EOF when reading a line
Ask me anything: An error occurred: EOF when reading a line
Ask me anything: An error occurred: EOF when reading a line
Ask me anything: An error occurred: EOF when reading a line
Ask me anything: An error occurred: EOF when reading a line
Ask me anything: An error occurred: EOF when reading a line
Ask me anything: An error occurred: EOF when reading a line
Ask me anything: An error occurred: EOF when reading a line
Ask me anything: An error occurred: EOF when reading a line
Ask me anything: An error occurred: EOF when reading a line
Ask me anything: An error occurred: EOF when reading a line
Ask me anything: An error occurred: EOF when reading a line
Ask me anything: An error occurred: EOF when reading a line
Ask me anything: An error occurred: EOF when reading a line
Ask me anything: An error occurred: EOF when reading a line
Ask me anything: An error occurred: EOF when reading a line
Ask me anything: An error occurred: EOF when reading a line
Ask me anything: An error occurred: EOF when reading a line
Ask me anything: An error occurred: EOF when reading a line
Ask me anything: An error occurred: EOF when reading a line
Ask me anything: An error occurred: EOF when reading a line
Ask me anything: An error occurred: EOF when reading a line
Ask me anything: An error occurred: EOF when reading a line
Ask me anything: An error occurred: EOF when reading a line
Ask me anything: An error occurred: EOF when reading a line
Ask me anything: An error occurred: EOF when reading a line
Ask me anything: An error occurred: EOF when reading a line
Ask me anything: An error occurred: EOF when reading a line
Ask me anything: An error occurred: EOF when reading a line
Ask me anything: An error occurred: EOF when reading a line
Ask me anything: An error occurred: EOF when reading a line
Ask me anything: An error occurred: EOF when reading a line
Ask me anything: An error occurred: EOF when reading a line
Ask me anything: An error occurred: EOF when reading a line
Ask me anything: An error occurred: EOF when reading a line
Ask me anything: An error occurred: EOF when reading a line
Ask me anything: An error occurred: EOF when reading a line
Ask me anything: An error occurred: EOF when reading a line
Ask me anything: An error occurred: EOF when reading a line
Ask me anything: An error occurred: EOF when reading a line
Ask me anything: An error occurred: EOF when reading a line
Ask me anything: An error occurred: EOF when reading a line
Ask me anything: An error occurred: EOF when reading a line
Ask me anything: An error occurred: EOF when reading a line
Ask me anything: An error occurred: EOF when reading a line
Ask me anything: An error occurred: EOF when reading a line
Ask me anything: An error occurred: EOF when reading a line
Ask me anything: An error occurred: EOF when reading a line
Ask me anything: An error occurred: EOF when reading a line
Ask me anything: An error occurred: EOF when reading a line
Ask me anything: An error occurred: EOF when reading a line
Ask me anything: An error occurred: EOF when reading a line
Ask me anything: An error occurred: EOF when reading a line
Ask me anything: An error occurred: EOF when reading a line
Ask me anything: An error occurred: EOF when reading a line
Ask me anything: An error occurred: EOF when reading a line
Ask me anything: An error occurred: EOF when reading a line
Ask me anything: An error occurred: EOF when reading a line
Ask me anything: An error occurred: EOF when reading a line
Ask me anything: An error occurred: EOF when reading a line
Ask me anything: An error occurred: EOF when reading a line
Ask me anything: An error occurred: EOF when reading a line
Ask me anything: An error occurred: EOF when reading a line
Ask me anything: An error occurred: EOF when reading a line
Ask me anything: An error occurred: EOF when reading a line
Ask me anything: An error occurred: EOF when reading a line
Ask me anything: An error occurred: EOF when reading a line
Ask me anything: An error occurred: EOF when reading a line
Ask me anything: An error occurred: EOF when reading a line
Ask me anything: An error occurred: EOF when reading a line
Ask me anything: An error occurred: EOF when reading a line
Ask me anything: An error occurred: EOF when reading a line
Ask me anything: An error occurred: EOF when reading a line
Ask me anything: An error occurred: EOF when reading a line
Ask me anything: An error occurred: EOF when reading a line
Ask me anything: An error occurred: EOF when reading a line
Ask me anything: An error occurred: EOF when reading a line
Ask me anything: An error occurred: EOF when reading a line
Ask me anything: An error occurred: EOF when reading a line
Ask me anything: An error occurred: EOF when reading a line
Ask me anything: An error occurred: EOF when reading a line
Ask me anything: An error occurred: EOF when reading a line
Ask me anything: An error occurred: EOF when reading a line
Ask me anything: An error occurred: EOF when reading a line
Ask me anything: An error occurred: EOF when reading a line
Ask me anything: An error occurred: EOF when reading a line
Ask me anything: An error occurred: EOF when reading a line
Ask me anything: An error occurred: EOF when reading a line
Ask me anything: An error occurred: EOF when reading a line
Ask me anything: An error occurred: EOF when reading a line
Ask me anything: An error occurred: EOF when reading a line
Ask me anything: An error occurred: EOF when reading a line
Ask me anything: An error occurred: EOF when reading a line
Ask me anything: An error occurred: EOF when reading a line
Ask me anything: An error occurred: EOF when reading a line
Ask me anything: An error occurred: EOF when reading a line
Ask me anything: An error occurred: EOF when reading a line
Ask me anything: An error occurred: EOF when reading a line
Ask me anything: An error occurred: EOF when reading a line
Ask me anything: An error occurred: EOF when reading a line
Ask me anything: An error occurred: EOF when reading a line
Ask me anything: An error occurred: EOF when reading a line
Ask me anything: An error occurred: EOF when reading a line
Ask me anything: An error occurred: EOF when reading a line
Ask me anything: An error occurred: EOF when reading a line
Ask me anything: An error occurred: EOF when reading a line
Ask me anything: An error occurred: EOF when reading a line
Ask me anything: An error occurred: EOF when reading a line
Ask me anything: An error occurred: EOF when reading a line
Ask me anything: An error occurred: EOF when reading a line
Ask me anything: An error occurred: EOF when reading a line
Ask me anything: An error occurred: EOF when reading a line
Ask me anything: An error occurred: EOF when reading a line
Ask me anything: An error occurred: EOF when reading a line
Ask me anything: An error occurred: EOF when reading a line
Ask me anything: An error occurred: EOF when reading a line
Ask me anything: An error occurred: EOF when reading a line
Ask me anything: An error occurred: EOF when reading a line
Ask me anything: An error occurred: EOF when reading a line
Ask me anything: An error occurred: EOF when reading a line
Ask me anything: An error occurred: EOF when reading a line
Ask me anything: An error occurred: EOF when reading a line
Ask me anything: An error occurred: EOF when reading a line
Ask me anything: An error occurred: EOF when reading a line
Ask me anything: An error occurred: EOF when reading a line
Ask me anything: An error occurred: EOF when reading a line
Ask me anything: An error occurred: EOF when reading a line
Ask me anything: An error occurred: EOF when reading a line
Ask me anything: An error occurred: EOF when reading a line
Ask me anything: An error occurred: EOF when reading a line
Ask me anything: An error occurred: EOF when reading a line
Ask me anything: An error occurred: EOF when reading a line
Ask me anything: An error occurred: EOF when reading a line
Ask me anything: An error occurred: EOF when reading a line
Ask me anything: An error occurred: EOF when reading a line
Ask me anything: An error occurred: EOF when reading a line
Ask me anything: An error occurred: EOF when reading a line
Ask me anything: An error occurred: EOF when reading a line
Ask me anything: An error occurred: EOF when reading a line
Ask me anything: An error occurred: EOF when reading a line
Ask me anything: An error occurred: EOF when reading a line
Ask me anything: An error occurred: EOF when reading a line
Ask me anything: An error occurred: EOF when reading a line
Ask me anything: An error occurred: EOF when reading a line
Ask me anything: An error occurred: EOF when reading a line
Ask me anything: An error occurred: EOF when reading a line
Ask me anything: An error occurred: EOF when reading a line
Ask me anything: An error occurred: EOF when reading a line
Ask me anything: An error occurred: EOF when reading a line
Ask me anything: An error occurred: EOF when reading a line
Ask me anything: An error occurred: EOF when reading a line
Ask me anything: An error occurred: EOF when reading a line
Ask me anything: An error occurred: EOF when reading a line
Ask me anything: An error occurred: EOF when reading a line
Ask me anything: An error occurred: EOF when reading a line
Ask me anything: An error occurred: EOF when reading a line
Ask me anything: An error occurred: EOF when reading a line
Ask me anything: An error occurred: EOF when reading a line
Ask me anything: An error occurred: EOF when reading a line
Ask me anything: An error occurred: EOF when reading a line
Ask me anything: An error occurred: EOF when reading a line
Ask me anything: An error occurred: EOF when reading a line
Ask me anything: An error occurred: EOF when reading a line
Ask me anything: An error occurred: EOF when reading a line
Ask me anything: An error occurred: EOF when reading a line
Ask me anything: An error occurred: EOF when reading a line
Ask me anything: An error occurred: EOF when reading a line
Ask me anything: An error occurred: EOF when reading a line
Ask me anything: An error occurred: EOF when reading a line
Ask me anything: An error occurred: EOF when reading a line
Ask me anything: An error occurred: EOF when reading a line
Ask me anything: An error occurred: EOF when reading a line
Ask me anything: An error occurred: EOF when reading a line
Ask me anything: An error occurred: EOF when reading a line
Ask me anything: An error occurred: EOF when reading a line
Ask me anything: An error occurred: EOF when reading a line
Ask me anything: An error occurred: EOF when reading a line
Ask me anything: An error occurred: EOF when reading a line
Ask me anything: An error occurred: EOF when reading a line
Ask me anything: An error occurred: EOF when reading a line
Ask me anything: An error occurred: EOF when reading a line
Ask me anything: An error occurred: EOF when reading a line
Ask me anything: An error occurred: EOF when reading a line
Ask me anything: An error occurred: EOF when reading a line
Ask me anything: An error occurred: EOF when reading a line
Ask me anything: An error occurred: EOF when reading a line
Ask me anything: An error occurred: EOF when reading a line
Ask me anything: An error occurred: EOF when reading a line
Ask me anything: An error occurred: EOF when reading a line
Ask me anything: An error occurred: EOF when reading a line
Ask me anything: An error occurred: EOF when reading a line
Ask me anything: An error occurred: EOF when reading a line
Ask me anything: An error occurred: EOF when reading a line
Ask me anything: An error occurred: EOF when reading a line
Ask me anything: An error occurred: EOF when reading a line
Ask me anything: An error occurred: EOF when reading a line
Ask me anything: An error occurred: EOF when reading a line
Ask me anything: An error occurred: EOF when reading a line
Ask me anything: An error occurred: EOF when reading a line
Ask me anything: An error occurred: EOF when reading a line
Ask me anything: An error occurred: EOF when reading a line
Ask me anything: An error occurred: EOF when reading a line
Ask me anything: An error occurred: EOF when reading a line
Ask me anything: An error occurred: EOF when reading a line
Ask me anything: An error occurred: EOF when reading a line
Ask me anything: An error occurred: EOF when reading a line
Ask me anything: An error occurred: EOF when reading a line
Ask me anything: An error occurred: EOF when reading a line
Ask me anything: An error occurred: EOF when reading a line
Ask me anything: An error occurred: EOF when reading a line
Ask me anything: An error occurred: EOF when reading a line
Ask me anything: An error occurred: EOF when reading a line
Ask me anything: An error occurred: EOF when reading a line
Ask me anything: An error occurred: EOF when reading a line
Ask me anything: An error occurred: EOF when reading a line
Ask me anything: An error occurred: EOF when reading a line
Ask me anything: An error occurred: EOF when reading a line
Ask me anything: An error occurred: EOF when reading a line
Ask me anything: An error occurred: EOF when reading a line
Ask me anything: An error occurred: EOF when reading a line
Ask me anything: An error occurred: EOF when reading a line
Ask me anything: An error occurred: EOF when reading a line
Ask me anything: An error occurred: EOF when reading a line
Ask me anything: An error occurred: EOF when reading a line
Ask me anything: An error occurred: EOF when reading a line
Ask me anything: An error occurred: EOF when reading a line
Ask me anything: An error occurred: EOF when reading a line
Ask me anything: An error occurred: EOF when reading a line
Ask me anything: An error occurred: EOF when reading a line
Ask me anything: An error occurred: EOF when reading a line
Ask me anything: An error occurred: EOF when reading a line
Ask me anything: An error occurred: EOF when reading a line
Ask me anything: An error occurred: EOF when reading a line
Ask me anything: An error occurred: EOF when reading a line
Ask me anything: An error occurred: EOF when reading a line
Ask me anything: An error occurred: EOF when reading a line
Ask me anything: An error occurred: EOF when reading a line
Ask me anything: An error occurred: EOF when reading a line
Ask me anything: An error occurred: EOF when reading a line
Ask me anything: An error occurred: EOF when reading a line
Ask me anything: An error occurred: EOF when reading a line
Ask me anything: An error occurred: EOF when reading a line
Ask me anything: An error occurred: EOF when reading a line
Ask me anything: An error occurred: EOF when reading a line
Ask me anything: An error occurred: EOF when reading a line
Ask me anything: An error occurred: EOF when reading a line
Ask me anything: An error occurred: EOF when reading a line
Ask me anything: An error occurred: EOF when reading a line
Ask me anything: An error occurred: EOF when reading a line
Ask me anything: An error occurred: EOF when reading a line
Ask me anything: An error occurred: EOF when reading a line
Ask me anything: An error occurred: EOF when reading a line
Ask me anything: An error occurred: EOF when reading a line
Ask me anything: An error occurred: EOF when reading a line
Ask me anything: An error occurred: EOF when reading a line
Ask me anything: An error occurred: EOF when reading a line
Ask me anything: An error occurred: EOF when reading a line
Ask me anything: An error occurred: EOF when reading a line
Ask me anything: An error occurred: EOF when reading a line
Ask me anything: An error occurred: EOF when reading a line
Ask me anything: An error occurred: EOF when reading a line
Ask me anything: An error occurred: EOF when reading a line
Ask me anything: An error occurred: EOF when reading a line
Ask me anything: An error occurred: EOF when reading a line
Ask me anything: An error occurred: EOF when reading a line
Ask me anything: An error occurred: EOF when reading a line
Ask me anything: An error occurred: EOF when reading a line
Ask me anything: An error occurred: EOF when reading a line
Ask me anything: An error occurred: EOF when reading a line
Ask me anything: An error occurred: EOF when reading a line
Ask me anything: An error occurred: EOF when reading a line
Ask me anything: An error occurred: EOF when reading a line
Ask me anything: An error occurred: EOF when reading a line
Ask me anything: An error occurred: EOF when reading a line
Ask me anything: An error occurred: EOF when reading a line
Ask me anything: An error occurred: EOF when reading a line
Ask me anything: An error occurred: EOF when reading a line
Ask me anything: An error occurred: EOF when reading a line
Ask me anything: An error occurred: EOF when reading a line
Ask me anything: An error occurred: EOF when reading a line
Ask me anything: An error occurred: EOF when reading a line
Ask me anything: An error occurred: EOF when reading a line
Ask me anything: An error occurred: EOF when reading a line
Ask me anything: An error occurred: EOF when reading a line
Ask me anything: An error occurred: EOF when reading a line
Ask me anything: An error occurred: EOF when reading a line
Ask me anything: An error occurred: EOF when reading a line
Ask me anything: An error occurred: EOF when reading a line
Ask me anything: An error occurred: EOF when reading a line
Ask me anything: An error occurred: EOF when reading a line
Ask me anything: An error occurred: EOF when reading a line
Ask me anything: An error occurred: EOF when reading a line
Ask me anything: An error occurred: EOF when reading a line
Ask me anything: An error occurred: EOF when reading a line
Ask me anything: An error occurred: EOF when reading a line
Ask me anything: An error occurred: EOF when reading a line
Ask me anything: An error occurred: EOF when reading a line
Ask me anything: An error occurred: EOF when reading a line
Ask me anything: An error occurred: EOF when reading a line
Ask me anything: An error occurred: EOF when reading a line
Ask me anything: An error occurred: EOF when reading a line
Ask me anything: An error occurred: EOF when reading a line
Ask me anything: An error occurred: EOF when reading a line
Ask me anything: An error occurred: EOF when reading a line
Ask me anything: An error occurred: EOF when reading a line
Ask me anything: An error occurred: EOF when reading a line
Ask me anything: An error occurred: EOF when reading a line
Ask me anything: An error occurred: EOF when reading a line
Ask me anything: An error occurred: EOF when reading a line
Ask me anything: An error occurred: EOF when reading a line
Ask me anything: An error occurred: EOF when reading a line
Ask me anything: An error occurred: EOF when reading a line
Ask me anything: An error occurred: EOF when reading a line
Ask me anything: An error occurred: EOF when reading a line
Ask me anything: An error occurred: EOF when reading a line
Ask me anything: An error occurred: EOF when reading a line
Ask me anything: An error occurred: EOF when reading a line
Ask me anything: An error occurred: EOF when reading a line
Ask me anything: An error occurred: EOF when reading a line
Ask me anything: An error occurred: EOF when reading a line
Ask me anything: An error occurred: EOF when reading a line
Ask me anything: An error occurred: EOF when reading a line
Ask me anything: An error occurred: EOF when reading a line
Ask me anything: An error occurred: EOF when reading a line
Ask me anything: An error occurred: EOF when reading a line
Ask me anything: An error occurred: EOF when reading a line
Ask me anything: An error occurred: EOF when reading a line
Ask me anything: An error occurred: EOF when reading a line
Ask me anything: An error occurred: EOF when reading a line
Ask me anything: An error occurred: EOF when reading a line
Ask me anything: An error occurred: EOF when reading a line
Ask me anything: An error occurred: EOF when reading a line
Ask me anything: An error occurred: EOF when reading a line
Ask me anything: An error occurred: EOF when reading a line
Ask me anything: An error occurred: EOF when reading a line
Ask me anything: An error occurred: EOF when reading a line
Ask me anything: An error occurred: EOF when reading a line
Ask me anything: An error occurred: EOF when reading a line
Ask me anything: An error occurred: EOF when reading a line
Ask me anything: An error occurred: EOF when reading a line
Ask me anything: An error occurred: EOF when reading a line
Ask me anything: An error occurred: EOF when reading a line
Ask me anything: An error occurred: EOF when reading a line
Ask me anything: An error occurred: EOF when reading a line
Ask me anything: An error occurred: EOF when reading a line
Ask me anything: An error occurred: EOF when reading a line
Ask me anything: An error occurred: EOF when reading a line
Ask me anything: An error occurred: EOF when reading a line
Ask me anything: An error occurred: EOF when reading a line
Ask me anything: An error occurred: EOF when reading a line
Ask me anything: An error occurred: EOF when reading a line
Ask me anything: An error occurred: EOF when reading a line
Ask me anything: An error occurred: EOF when reading a line
Ask me anything: An error occurred: EOF when reading a line
Ask me anything: An error occurred: EOF when reading a line
Ask me anything: An error occurred: EOF when reading a line
Ask me anything: An error occurred: EOF when reading a line
Ask me anything: An error occurred: EOF when reading a line
Ask me anything: An error occurred: EOF when reading a line
Ask me anything: An error occurred: EOF when reading a line
Ask me anything: An error occurred: EOF when reading a line
Ask me anything: An error occurred: EOF when reading a line
Ask me anything: An error occurred: EOF when reading a line
Ask me anything: An error occurred: EOF when reading a line
Ask me anything: An error occurred: EOF when reading a line
Ask me anything: An error occurred: EOF when reading a line
Ask me anything: An error occurred: EOF when reading a line
Ask me anything: An error occurred: EOF when reading a line
Ask me anything: An error occurred: EOF when reading a line
Ask me anything: An error occurred: EOF when reading a line
Ask me anything: An error occurred: EOF when reading a line
Ask me anything: An error occurred: EOF when reading a line
Ask me anything: An error occurred: EOF when reading a line
Ask me anything: An error occurred: EOF when reading a line
Ask me anything: An error occurred: EOF when reading a line
Ask me anything: An error occurred: EOF when reading a line
Ask me anything: An error occurred: EOF when reading a line
Ask me anything: An error occurred: EOF when reading a line
Ask me anything: An error occurred: EOF when reading a line
Ask me anything: An error occurred: EOF when reading a line
Ask me anything: An error occurred: EOF when reading a line
Ask me anything: An error occurred: EOF when reading a line
Ask me anything: An error occurred: EOF when reading a line
Ask me anything: An error occurred: EOF when reading a line
Ask me anything: An error occurred: EOF when reading a line
Ask me anything: An error occurred: EOF when reading a line
Ask me anything: An error occurred: EOF when reading a line
Ask me anything: An error occurred: EOF when reading a line
Ask me anything: An error occurred: EOF when reading a line
Ask me anything: An error occurred: EOF when reading a line
Ask me anything: An error occurred: EOF when reading a line
Ask me anything: An error occurred: EOF when reading a line
Ask me anything: An error occurred: EOF when reading a line
Ask me anything: An error occurred: EOF when reading a line
Ask me anything: An error occurred: EOF when reading a line
Ask me anything: An error occurred: EOF when reading a line
Ask me anything: An error occurred: EOF when reading a line
Ask me anything: An error occurred: EOF when reading a line
Ask me anything: An error occurred: EOF when reading a line
Ask me anything: An error occurred: EOF when reading a line
Ask me anything: An error occurred: EOF when reading a line
Ask me anything: An error occurred: EOF when reading a line
Ask me anything: An error occurred: EOF when reading a line
Ask me anything: An error occurred: EOF when reading a line
Ask me anything: An error occurred: EOF when reading a line
Ask me anything: An error occurred: EOF when reading a line
Ask me anything: An error occurred: EOF when reading a line
Ask me anything: An error occurred: EOF when reading a line
Ask me anything: An error occurred: EOF when reading a line
Ask me anything: An error occurred: EOF when reading a line
Ask me anything: An error occurred: EOF when reading a line
Ask me anything: An error occurred: EOF when reading a line
Ask me anything: An error occurred: EOF when reading a line
Ask me anything: An error occurred: EOF when reading a line
Ask me anything: An error occurred: EOF when reading a line
Ask me anything: An error occurred: EOF when reading a line
Ask me anything: An error occurred: EOF when reading a line
Ask me anything: An error occurred: EOF when reading a line
Ask me anything: An error occurred: EOF when reading a line
Ask me anything: An error occurred: EOF when reading a line
Ask me anything: An error occurred: EOF when reading a line
Ask me anything: An error occurred: EOF when reading a line
Ask me anything: An error occurred: EOF when reading a line
Ask me anything: An error occurred: EOF when reading a line
Ask me anything: An error occurred: EOF when reading a line
Ask me anything: An error occurred: EOF when reading a line
Ask me anything: An error occurred: EOF when reading a line
Ask me anything: An error occurred: EOF when reading a line
Ask me anything: An error occurred: EOF when reading a line
Ask me anything: An error occurred: EOF when reading a line
Ask me anything: An error occurred: EOF when reading a line
Ask me anything: An error occurred: EOF when reading a line
Ask me anything: An error occurred: EOF when reading a line
Ask me anything: An error occurred: EOF when reading a line
Ask me anything: An error occurred: EOF when reading a line
Ask me anything: An error occurred: EOF when reading a line
Ask me anything: An error occurred: EOF when reading a line
Ask me anything: An error occurred: EOF when reading a line
Ask me anything: An error occurred: EOF when reading a line
Ask me anything: An error occurred: EOF when reading a line
Ask me anything: An error occurred: EOF when reading a line
Ask me anything: An error occurred: EOF when reading a line
Ask me anything: An error occurred: EOF when reading a line
Ask me anything: An error occurred: EOF when reading a line
Ask me anything: An error occurred: EOF when reading a line
Ask me anything: An error occurred: EOF when reading a line
Ask me anything: An error occurred: EOF when reading a line
Ask me anything: An error occurred: EOF when reading a line
Ask me anything: An error occurred: EOF when reading a line
Ask me anything: An error occurred: EOF when reading a line
Ask me anything: An error occurred: EOF when reading a line
Ask me anything: An error occurred: EOF when reading a line
Ask me anything: An error occurred: EOF when reading a line
Ask me anything: An error occurred: EOF when reading a line
Ask me anything: An error occurred: EOF when reading a line
Ask me anything: An error occurred: EOF when reading a line
Ask me anything: An error occurred: EOF when reading a line
Ask me anything: An error occurred: EOF when reading a line
Ask me anything: An error occurred: EOF when reading a line
Ask me anything: An error occurred: EOF when reading a line
Ask me anything: An error occurred: EOF when reading a line
Ask me anything: An error occurred: EOF when reading a line
Ask me anything: An error occurred: EOF when reading a line
Ask me anything: An error occurred: EOF when reading a line
Ask me anything: An error occurred: EOF when reading a line
Ask me anything: An error occurred: EOF when reading a line
Ask me anything: An error occurred: EOF when reading a line
Ask me anything: An error occurred: EOF when reading a line
Ask me anything: An error occurred: EOF when reading a line
Ask me anything: An error occurred: EOF when reading a line
Ask me anything: An error occurred: EOF when reading a line
Ask me anything: An error occurred: EOF when reading a line
Ask me anything: An error occurred: EOF when reading a line
Ask me anything: An error occurred: EOF when reading a line
Ask me anything: An error occurred: EOF when reading a line
Ask me anything: An error occurred: EOF when reading a line
Ask me anything: An error occurred: EOF when reading a line
Ask me anything: An error occurred: EOF when reading a line
Ask me anything: An error occurred: EOF when reading a line
Ask me anything: An error occurred: EOF when reading a line
Ask me anything: An error occurred: EOF when reading a line
Ask me anything: An error occurred: EOF when reading a line
Ask me anything: An error occurred: EOF when reading a line
Ask me anything: An error occurred: EOF when reading a line
Ask me anything: An error occurred: EOF when reading a line
Ask me anything: An error occurred: EOF when reading a line
Ask me anything: An error occurred: EOF when reading a line
Ask me anything: An error occurred: EOF when reading a line
Ask me anything: An error occurred: EOF when reading a line
Ask me anything: An error occurred: EOF when reading a line
Ask me anything: An error occurred: EOF when reading a line
Ask me anything: An error occurred: EOF when reading a line
Ask me anything: An error occurred: EOF when reading a line
Ask me anything: An error occurred: EOF when reading a line
Ask me anything: An error occurred: EOF when reading a line
Ask me anything: An error occurred: EOF when reading a line
Ask me anything: An error occurred: EOF when reading a line
Ask me anything: An error occurred: EOF when reading a line
Ask me anything: An error occurred: EOF when reading a line
Ask me anything: An error occurred: EOF when reading a line
Ask me anything: An error occurred: EOF when reading a line
Ask me anything: An error occurred: EOF when reading a line
Ask me anything: An error occurred: EOF when reading a line
Ask me anything: An error occurred: EOF when reading a line
Ask me anything: An error occurred: EOF when reading a line
Ask me anything: An error occurred: EOF when reading a line
Ask me anything: An error occurred: EOF when reading a line
Ask me anything: An error occurred: EOF when reading a line
Ask me anything: An error occurred: EOF when reading a line
Ask me anything: An error occurred: EOF when reading a line
Ask me anything: An error occurred: EOF when reading a line
Ask me anything: An error occurred: EOF when reading a line
Ask me anything: An error occurred: EOF when reading a line
Ask me anything: An error occurred: EOF when reading a line
Ask me anything: An error occurred: EOF when reading a line
Ask me anything: An error occurred: EOF when reading a line
Ask me anything: An error occurred: EOF when reading a line
Ask me anything: An error occurred: EOF when reading a line
Ask me anything: An error occurred: EOF when reading a line
Ask me anything: An error occurred: EOF when reading a line
Ask me anything: An error occurred: EOF when reading a line
Ask me anything: An error occurred: EOF when reading a line
Ask me anything: An error occurred: EOF when reading a line
Ask me anything: An error occurred: EOF when reading a line
Ask me anything: An error occurred: EOF when reading a line
Ask me anything: An error occurred: EOF when reading a line
Ask me anything: An error occurred: EOF when reading a line
Ask me anything: An error occurred: EOF when reading a line
Ask me anything: An error occurred: EOF when reading a line
Ask me anything: An error occurred: EOF when reading a line
Ask me anything: An error occurred: EOF when reading a line
Ask me anything: An error occurred: EOF when reading a line
Ask me anything: An error occurred: EOF when reading a line
Ask me anything: An error occurred: EOF when reading a line
Ask me anything: An error occurred: EOF when reading a line
Ask me anything: An error occurred: EOF when reading a line
Ask me anything: An error occurred: EOF when reading a line
Ask me anything: An error occurred: EOF when reading a line
Ask me anything: An error occurred: EOF when reading a line
Ask me anything: An error occurred: EOF when reading a line
Ask me anything: An error occurred: EOF when reading a line
Ask me anything: An error occurred: EOF when reading a line
Ask me anything: An error occurred: EOF when reading a line
Ask me anything: An error occurred: EOF when reading a line
Ask me anything: An error occurred: EOF when reading a line
Ask me anything: An error occurred: EOF when reading a line
Ask me anything: An error occurred: EOF when reading a line
Ask me anything: An error occurred: EOF when reading a line
Ask me anything: An error occurred: EOF when reading a line
Ask me anything: An error occurred: EOF when reading a line
Ask me anything: An error occurred: EOF when reading a line
Ask me anything: An error occurred: EOF when reading a line
Ask me anything: An error occurred: EOF when reading a line
Ask me anything: An error occurred: EOF when reading a line
Ask me anything: An error occurred: EOF when reading a line
Ask me anything: An error occurred: EOF when reading a line
Ask me anything: An error occurred: EOF when reading a line
Ask me anything: An error occurred: EOF when reading a line
Ask me anything: An error occurred: EOF when reading a line
Ask me anything: An error occurred: EOF when reading a line
Ask me anything: An error occurred: EOF when reading a line
Ask me anything: An error occurred: EOF when reading a line
Ask me anything: An error occurred: EOF when reading a line
Ask me anything: An error occurred: EOF when reading a line
Ask me anything: An error occurred: EOF when reading a line
Ask me anything: An error occurred: EOF when reading a line
Ask me anything: An error occurred: EOF when reading a line
Ask me anything: An error occurred: EOF when reading a line
Ask me anything: An error occurred: EOF when reading a line
Ask me anything: An error occurred: EOF when reading a line
Ask me anything: An error occurred: EOF when reading a line
Ask me anything: An error occurred: EOF when reading a line
Ask me anything: An error occurred: EOF when reading a line
Ask me anything: An error occurred: EOF when reading a line
Ask me anything: An error occurred: EOF when reading a line
Ask me anything: An error occurred: EOF when reading a line
Ask me anything: An error occurred: EOF when reading a line
Ask me anything: An error occurred: EOF when reading a line
Ask me anything: An error occurred: EOF when reading a line
Ask me anything: An error occurred: EOF when reading a line
Ask me anything: An error occurred: EOF when reading a line
Ask me anything: An error occurred: EOF when reading a line
Ask me anything: An error occurred: EOF when reading a line
Ask me anything: An error occurred: EOF when reading a line
Ask me anything: An error occurred: EOF when reading a line
Ask me anything: An error occurred: EOF when reading a line
Ask me anything: An error occurred: EOF when reading a line
Ask me anything: An error occurred: EOF when reading a line
Ask me anything: An error occurred: EOF when reading a line
Ask me anything: An error occurred: EOF when reading a line
Ask me anything: An error occurred: EOF when reading a line
Ask me anything: An error occurred: EOF when reading a line
Ask me anything: An error occurred: EOF when reading a line
Ask me anything: An error occurred: EOF when reading a line
Ask me anything: An error occurred: EOF when reading a line
Ask me anything: An error occurred: EOF when reading a line
Ask me anything: An error occurred: EOF when reading a line
Ask me anything: An error occurred: EOF when reading a line
Ask me anything: An error occurred: EOF when reading a line
Ask me anything: An error occurred: EOF when reading a line
Ask me anything: An error occurred: EOF when reading a line
Ask me anything: An error occurred: EOF when reading a line
Ask me anything: An error occurred: EOF when reading a line
Ask me anything: An error occurred: EOF when reading a line
Ask me anything: An error occurred: EOF when reading a line
Ask me anything: An error occurred: EOF when reading a line
Ask me anything: An error occurred: EOF when reading a line
Ask me anything: An error occurred: EOF when reading a line
Ask me anything: An error occurred: EOF when reading a line
Ask me anything: An error occurred: EOF when reading a line
Ask me anything: An error occurred: EOF when reading a line
Ask me anything: An error occurred: EOF when reading a line
Ask me anything: An error occurred: EOF when reading a line
Ask me anything: An error occurred: EOF when reading a line
Ask me anything: An error occurred: EOF when reading a line
Ask me anything: An error occurred: EOF when reading a line
Ask me anything: An error occurred: EOF when reading a line
Ask me anything: An error occurred: EOF when reading a line
Ask me anything: An error occurred: EOF when reading a line
Ask me anything: An error occurred: EOF when reading a line
Ask me anything: An error occurred: EOF when reading a line
Ask me anything: An error occurred: EOF when reading a line
Ask me anything: An error occurred: EOF when reading a line
Ask me anything: An error occurred: EOF when reading a line
Ask me anything: An error occurred: EOF when reading a line
Ask me anything: An error occurred: EOF when reading a line
Ask me anything: An error occurred: EOF when reading a line
Ask me anything: An error occurred: EOF when reading a line
Ask me anything: An error occurred: EOF when reading a line
Ask me anything: An error occurred: EOF when reading a line
Ask me anything: An error occurred: EOF when reading a line
Ask me anything: An error occurred: EOF when reading a line
Ask me anything: An error occurred: EOF when reading a line
Ask me anything: An error occurred: EOF when reading a line
Ask me anything: An error occurred: EOF when reading a line
Ask me anything: An error occurred: EOF when reading a line
Ask me anything: An error occurred: EOF when reading a line
Ask me anything: An error occurred: EOF when reading a line
Ask me anything: An error occurred: EOF when reading a line
Ask me anything: An error occurred: EOF when reading a line
Ask me anything: An error occurred: EOF when reading a line
Ask me anything: An error occurred: EOF when reading a line
Ask me anything: An error occurred: EOF when reading a line
Ask me anything: An error occurred: EOF when reading a line
Ask me anything: An error occurred: EOF when reading a line
Ask me anything: An error occurred: EOF when reading a line
Ask me anything: An error occurred: EOF when reading a line
Ask me anything: An error occurred: EOF when reading a line
Ask me anything: An error occurred: EOF when reading a line
Ask me anything: An error occurred: EOF when reading a line
Ask me anything: An error occurred: EOF when reading a line
Ask me anything: An error occurred: EOF when reading a line
Ask me anything: An error occurred: EOF when reading a line
Ask me anything: An error occurred: EOF when reading a line
Ask me anything: An error occurred: EOF when reading a line
Ask me anything: An error occurred: EOF when reading a line
Ask me anything: An error occurred: EOF when reading a line
Ask me anything: An error occurred: EOF when reading a line
Ask me anything: An error occurred: EOF when reading a line
Ask me anything: An error occurred: EOF when reading a line
Ask me anything: An error occurred: EOF when reading a line
Ask me anything: An error occurred: EOF when reading a line
Ask me anything: An error occurred: EOF when reading a line
Ask me anything: An error occurred: EOF when reading a line
Ask me anything: An error occurred: EOF when reading a line
Ask me anything: An error occurred: EOF when reading a line
Ask me anything: An error occurred: EOF when reading a line
Ask me anything: An error occurred: EOF when reading a line
Ask me anything: An error occurred: EOF when reading a line
Ask me anything: An error occurred: EOF when reading a line
Ask me anything: An error occurred: EOF when reading a line
Ask me anything: An error occurred: EOF when reading a line
Ask me anything: An error occurred: EOF when reading a line
Ask me anything: An error occurred: EOF when reading a line
Ask me anything: An error occurred: EOF when reading a line
Ask me anything: An error occurred: EOF when reading a line
Ask me anything: An error occurred: EOF when reading a line
Ask me anything: An error occurred: EOF when reading a line
Ask me anything: An error occurred: EOF when reading a line
Ask me anything: An error occurred: EOF when reading a line
Ask me anything: An error occurred: EOF when reading a line
Ask me anything: An error occurred: EOF when reading a line
Ask me anything: An error occurred: EOF when reading a line
Ask me anything: An error occurred: EOF when reading a line
Ask me anything: An error occurred: EOF when reading a line
Ask me anything: An error occurred: EOF when reading a line
Ask me anything: An error occurred: EOF when reading a line
Ask me anything: An error occurred: EOF when reading a line
Ask me anything: An error occurred: EOF when reading a line
Ask me anything: An error occurred: EOF when reading a line
Ask me anything: An error occurred: EOF when reading a line
Ask me anything: An error occurred: EOF when reading a line
Ask me anything: An error occurred: EOF when reading a line
Ask me anything: An error occurred: EOF when reading a line
Ask me anything: An error occurred: EOF when reading a line
Ask me anything: An error occurred: EOF when reading a line
Ask me anything: An error occurred: EOF when reading a line
Ask me anything: An error occurred: EOF when reading a line
Ask me anything: An error occurred: EOF when reading a line
Ask me anything: An error occurred: EOF when reading a line
Ask me anything: An error occurred: EOF when reading a line
Ask me anything: An error occurred: EOF when reading a line
Ask me anything: An error occurred: EOF when reading a line
Ask me anything: An error occurred: EOF when reading a line
Ask me anything: An error occurred: EOF when reading a line
Ask me anything: An error occurred: EOF when reading a line
Ask me anything: An error occurred: EOF when reading a line
Ask me anything: An error occurred: EOF when reading a line
Ask me anything: An error occurred: EOF when reading a line
Ask me anything: An error occurred: EOF when reading a line
Ask me anything: An error occurred: EOF when reading a line
Ask me anything: An error occurred: EOF when reading a line
Ask me anything: An error occurred: EOF when reading a line
Ask me anything: An error occurred: EOF when reading a line
Ask me anything: An error occurred: EOF when reading a line
Ask me anything: An error occurred: EOF when reading a line
Ask me anything: An error occurred: EOF when reading a line
Ask me anything: An error occurred: EOF when reading a line
Ask me anything: An error occurred: EOF when reading a line
Ask me anything: An error occurred: EOF when reading a line
Ask me anything: An error occurred: EOF when reading a line
Ask me anything: An error occurred: EOF when reading a line
Ask me anything: An error occurred: EOF when reading a line
Ask me anything: An error occurred: EOF when reading a line
Ask me anything: An error occurred: EOF when reading a line
Ask me anything: An error occurred: EOF when reading a line
Ask me anything: An error occurred: EOF when reading a line
Ask me anything: An error occurred: EOF when reading a line
Ask me anything: An error occurred: EOF when reading a line
Ask me anything: An error occurred: EOF when reading a line
Ask me anything: An error occurred: EOF when reading a line
Ask me anything: An error occurred: EOF when reading a line
Ask me anything: An error occurred: EOF when reading a line
Ask me anything: An error occurred: EOF when reading a line
Ask me anything: An error occurred: EOF when reading a line
Ask me anything: An error occurred: EOF when reading a line
Ask me anything: An error occurred: EOF when reading a line
Ask me anything: An error occurred: EOF when reading a line
Ask me anything: An error occurred: EOF when reading a line
Ask me anything: An error occurred: EOF when reading a line
Ask me anything: An error occurred: EOF when reading a line
Ask me anything: An error occurred: EOF when reading a line
Ask me anything: An error occurred: EOF when reading a line
Ask me anything: An error occurred: EOF when reading a line
Ask me anything: An error occurred: EOF when reading a line
Ask me anything: An error occurred: EOF when reading a line
Ask me anything: An error occurred: EOF when reading a line
Ask me anything: An error occurred: EOF when reading a line
Ask me anything: An error occurred: EOF when reading a line
Ask me anything: An error occurred: EOF when reading a line
Ask me anything: An error occurred: EOF when reading a line
Ask me anything: An error occurred: EOF when reading a line
Ask me anything: An error occurred: EOF when reading a line
Ask me anything: An error occurred: EOF when reading a line
Ask me anything: An error occurred: EOF when reading a line
Ask me anything: An error occurred: EOF when reading a line
Ask me anything: An error occurred: EOF when reading a line
Ask me anything: An error occurred: EOF when reading a line
Ask me anything: An error occurred: EOF when reading a line
Ask me anything: An error occurred: EOF when reading a line
Ask me anything: An error occurred: EOF when reading a line
Ask me anything: An error occurred: EOF when reading a line
Ask me anything: An error occurred: EOF when reading a line
Ask me anything: An error occurred: EOF when reading a line
Ask me anything: An error occurred: EOF when reading a line
Ask me anything: An error occurred: EOF when reading a line
Ask me anything: An error occurred: EOF when reading a line
Ask me anything: An error occurred: EOF when reading a line
Ask me anything: An error occurred: EOF when reading a line
Ask me anything: An error occurred: EOF when reading a line
Ask me anything: An error occurred: EOF when reading a line
Ask me anything: An error occurred: EOF when reading a line
Ask me anything: An error occurred: EOF when reading a line
Ask me anything: An error occurred: EOF when reading a line
Ask me anything: An error occurred: EOF when reading a line
Ask me anything: An error occurred: EOF when reading a line
Ask me anything: An error occurred: EOF when reading a line
Ask me anything: An error occurred: EOF when reading a line
Ask me anything: An error occurred: EOF when reading a line
Ask me anything: An error occurred: EOF when reading a line
Ask me anything: An error occurred: EOF when reading a line
Ask me anything: An error occurred: EOF when reading a line
Ask me anything: An error occurred: EOF when reading a line
Ask me anything: An error occurred: EOF when reading a line
Ask me anything: An error occurred: EOF when reading a line
Ask me anything: An error occurred: EOF when reading a line
Ask me anything: An error occurred: EOF when reading a line
Ask me anything: An error occurred: EOF when reading a line
Ask me anything: An error occurred: EOF when reading a line
Ask me anything: An error occurred: EOF when reading a line
Ask me anything: An error occurred: EOF when reading a line
Ask me anything: An error occurred: EOF when reading a line
Ask me anything: An error occurred: EOF when reading a line
Ask me anything: An error occurred: EOF when reading a line
Ask me anything: An error occurred: EOF when reading a line
Ask me anything: An error occurred: EOF when reading a line
Ask me anything: An error occurred: EOF when reading a line
Ask me anything: An error occurred: EOF when reading a line
Ask me anything: An error occurred: EOF when reading a line
Ask me anything: An error occurred: EOF when reading a line
Ask me anything: An error occurred: EOF when reading a line
Ask me anything: An error occurred: EOF when reading a line
Ask me anything: An error occurred: EOF when reading a line
Ask me anything: An error occurred: EOF when reading a line
Ask me anything: An error occurred: EOF when reading a line
Ask me anything: An error occurred: EOF when reading a line
Ask me anything: An error occurred: EOF when reading a line
Ask me anything: An error occurred: EOF when reading a line
Ask me anything: An error occurred: EOF when reading a line
Ask me anything: An error occurred: EOF when reading a line
Ask me anything: An error occurred: EOF when reading a line
Ask me anything: An error occurred: EOF when reading a line
Ask me anything: An error occurred: EOF when reading a line
Ask me anything: An error occurred: EOF when reading a line
Ask me anything: An error occurred: EOF when reading a line
Ask me anything: An error occurred: EOF when reading a line
Ask me anything: An error occurred: EOF when reading a line
Ask me anything: An error occurred: EOF when reading a line
Ask me anything: An error occurred: EOF when reading a line
Ask me anything: An error occurred: EOF when reading a line
Ask me anything: An error occurred: EOF when reading a line
Ask me anything: An error occurred: EOF when reading a line
Ask me anything: An error occurred: EOF when reading a line
Ask me anything: An error occurred: EOF when reading a line
Ask me anything: An error occurred: EOF when reading a line
Ask me anything: An error occurred: EOF when reading a line
Ask me anything: An error occurred: EOF when reading a line
Ask me anything: An error occurred: EOF when reading a line
Ask me anything: An error occurred: EOF when reading a line
Ask me anything: An error occurred: EOF when reading a line
Ask me anything: An error occurred: EOF when reading a line
Ask me anything: An error occurred: EOF when reading a line
Ask me anything: An error occurred: EOF when reading a line
Ask me anything: An error occurred: EOF when reading a line
Ask me anything: An error occurred: EOF when reading a line
Ask me anything: An error occurred: EOF when reading a line
Ask me anything: An error occurred: EOF when reading a line
Ask me anything: An error occurred: EOF when reading a line
Ask me anything: An error occurred: EOF when reading a line
Ask me anything: An error occurred: EOF when reading a line
Ask me anything: An error occurred: EOF when reading a line
Ask me anything: An error occurred: EOF when reading a line
Ask me anything: An error occurred: EOF when reading a line
Ask me anything: An error occurred: EOF when reading a line
Ask me anything: An error occurred: EOF when reading a line
Ask me anything: An error occurred: EOF when reading a line
Ask me anything: An error occurred: EOF when reading a line
Ask me anything: An error occurred: EOF when reading a line
Ask me anything: An error occurred: EOF when reading a line
Ask me anything: An error occurred: EOF when reading a line
Ask me anything: An error occurred: EOF when reading a line
Ask me anything: An error occurred: EOF when reading a line
Ask me anything: An error occurred: EOF when reading a line
Ask me anything: An error occurred: EOF when reading a line
Ask me anything: An error occurred: EOF when reading a line
Ask me anything: An error occurred: EOF when reading a line
Ask me anything: An error occurred: EOF when reading a line
Ask me anything: An error occurred: EOF when reading a line
Ask me anything: An error occurred: EOF when reading a line
Ask me anything: An error occurred: EOF when reading a line
Ask me anything: An error occurred: EOF when reading a line
Ask me anything: An error occurred: EOF when reading a line
Ask me anything: An error occurred: EOF when reading a line
Ask me anything: An error occurred: EOF when reading a line
Ask me anything: An error occurred: EOF when reading a line
Ask me anything: An error occurred: EOF when reading a line
Ask me anything: An error occurred: EOF when reading a line
Ask me anything: An error occurred: EOF when reading a line
Ask me anything: An error occurred: EOF when reading a line
Ask me anything: An error occurred: EOF when reading a line
Ask me anything: An error occurred: EOF when reading a line
Ask me anything: An error occurred: EOF when reading a line
Ask me anything: An error occurred: EOF when reading a line
Ask me anything: An error occurred: EOF when reading a line
Ask me anything: An error occurred: EOF when reading a line
Ask me anything: An error occurred: EOF when reading a line
Ask me anything: An error occurred: EOF when reading a line
Ask me anything: An error occurred: EOF when reading a line
Ask me anything: An error occurred: EOF when reading a line
Ask me anything: An error occurred: EOF when reading a line
Ask me anything: An error occurred: EOF when reading a line
Ask me anything: An error occurred: EOF when reading a line
Ask me anything: An error occurred: EOF when reading a line
Ask me anything: An error occurred: EOF when reading a line
Ask me anything: An error occurred: EOF when reading a line
Ask me anything: An error occurred: EOF when reading a line
Ask me anything: An error occurred: EOF when reading a line
Ask me anything: An error occurred: EOF when reading a line
Ask me anything: An error occurred: EOF when reading a line
Ask me anything: An error occurred: EOF when reading a line
Ask me anything: An error occurred: EOF when reading a line
Ask me anything: An error occurred: EOF when reading a line
Ask me anything: An error occurred: EOF when reading a line
Ask me anything: An error occurred: EOF when reading a line
Ask me anything: An error occurred: EOF when reading a line
Ask me anything: An error occurred: EOF when reading a line
Ask me anything: An error occurred: EOF when reading a line
Ask me anything: An error occurred: EOF when reading a line
Ask me anything: An error occurred: EOF when reading a line
Ask me anything: An error occurred: EOF when reading a line
Ask me anything: An error occurred: EOF when reading a line
Ask me anything: An error occurred: EOF when reading a line
Ask me anything: An error occurred: EOF when reading a line
Ask me anything: An error occurred: EOF when reading a line
Ask me anything: An error occurred: EOF when reading a line
Ask me anything: An error occurred: EOF when reading a line
Ask me anything: An error occurred: EOF when reading a line
Ask me anything: An error occurred: EOF when reading a line
Ask me anything: An error occurred: EOF when reading a line
Ask me anything: An error occurred: EOF when reading a line
Ask me anything: An error occurred: EOF when reading a line
Ask me anything: An error occurred: EOF when reading a line
Ask me anything: An error occurred: EOF when reading a line
Ask me anything: An error occurred: EOF when reading a line
Ask me anything: An error occurred: EOF when reading a line
Ask me anything: An error occurred: EOF when reading a line
Ask me anything: An error occurred: EOF when reading a line
Ask me anything: An error occurred: EOF when reading a line
Ask me anything: An error occurred: EOF when reading a line
Ask me anything: An error occurred: EOF when reading a line
Ask me anything: An error occurred: EOF when reading a line
Ask me anything: An error occurred: EOF when reading a line
Ask me anything: An error occurred: EOF when reading a line
Ask me anything: An error occurred: EOF when reading a line
Ask me anything: An error occurred: EOF when reading a line
Ask me anything: An error occurred: EOF when reading a line
Ask me anything: An error occurred: EOF when reading a line
Ask me anything: An error occurred: EOF when reading a line
Ask me anything: An error occurred: EOF when reading a line
Ask me anything: An error occurred: EOF when reading a line
Ask me anything: An error occurred: EOF when reading a line
Ask me anything: An error occurred: EOF when reading a line
Ask me anything: An error occurred: EOF when reading a line
Ask me anything: An error occurred: EOF when reading a line
Ask me anything: An error occurred: EOF when reading a line
Ask me anything: An error occurred: EOF when reading a line
Ask me anything: An error occurred: EOF when reading a line
Ask me anything: An error occurred: EOF when reading a line
Ask me anything: An error occurred: EOF when reading a line
Ask me anything: An error occurred: EOF when reading a line
Ask me anything: An error occurred: EOF when reading a line
Ask me anything: An error occurred: EOF when reading a line
Ask me anything: An error occurred: EOF when reading a line
Ask me anything: An error occurred: EOF when reading a line
Ask me anything: An error occurred: EOF when reading a line
Ask me anything: An error occurred: EOF when reading a line
Ask me anything: An error occurred: EOF when reading a line
Ask me anything: An error occurred: EOF when reading a line
Ask me anything: An error occurred: EOF when reading a line
Ask me anything: An error occurred: EOF when reading a line
Ask me anything: An error occurred: EOF when reading a line
Ask me anything: An error occurred: EOF when reading a line
Ask me anything: An error occurred: EOF when reading a line
Ask me anything: An error occurred: EOF when reading a line
Ask me anything: An error occurred: EOF when reading a line
Ask me anything: An error occurred: EOF when reading a line
Ask me anything: An error occurred: EOF when reading a line
Ask me anything: An error occurred: EOF when reading a line
Ask me anything: An error occurred: EOF when reading a line
Ask me anything: An error occurred: EOF when reading a line
Ask me anything: An error occurred: EOF when reading a line
Ask me anything: An error occurred: EOF when reading a line
Ask me anything: An error occurred: EOF when reading a line
Ask me anything: An error occurred: EOF when reading a line
Ask me anything: An error occurred: EOF when reading a line
Ask me anything: An error occurred: EOF when reading a line
Ask me anything: An error occurred: EOF when reading a line
Ask me anything: An error occurred: EOF when reading a line
Ask me anything: An error occurred: EOF when reading a line
Ask me anything: An error occurred: EOF when reading a line
Ask me anything: An error occurred: EOF when reading a line
Ask me anything: An error occurred: EOF when reading a line
Ask me anything: An error occurred: EOF when reading a line
Ask me anything: An error occurred: EOF when reading a line
Ask me anything: An error occurred: EOF when reading a line
Ask me anything: An error occurred: EOF when reading a line
Ask me anything: An error occurred: EOF when reading a line
Ask me anything: An error occurred: EOF when reading a line
Ask me anything: An error occurred: EOF when reading a line
Ask me anything: An error occurred: EOF when reading a line
Ask me anything: An error occurred: EOF when reading a line
Ask me anything: An error occurred: EOF when reading a line
Ask me anything: An error occurred: EOF when reading a line
Ask me anything: An error occurred: EOF when reading a line
Ask me anything: An error occurred: EOF when reading a line
Ask me anything: An error occurred: EOF when reading a line
Ask me anything: An error occurred: EOF when reading a line
Ask me anything: An error occurred: EOF when reading a line
Ask me anything: An error occurred: EOF when reading a line
Ask me anything: An error occurred: EOF when reading a line
Ask me anything: An error occurred: EOF when reading a line
Ask me anything: An error occurred: EOF when reading a line
Ask me anything: An error occurred: EOF when reading a line
Ask me anything: An error occurred: EOF when reading a line
Ask me anything: An error occurred: EOF when reading a line
Ask me anything: An error occurred: EOF when reading a line
Ask me anything: An error occurred: EOF when reading a line
Ask me anything: An error occurred: EOF when reading a line
Ask me anything: An error occurred: EOF when reading a line
Ask me anything: An error occurred: EOF when reading a line
Ask me anything: An error occurred: EOF when reading a line
Ask me anything: An error occurred: EOF when reading a line
Ask me anything: An error occurred: EOF when reading a line
Ask me anything: An error occurred: EOF when reading a line
Ask me anything: An error occurred: EOF when reading a line
Ask me anything: An error occurred: EOF when reading a line
Ask me anything: An error occurred: EOF when reading a line
Ask me anything: An error occurred: EOF when reading a line
Ask me anything: An error occurred: EOF when reading a line
Ask me anything: An error occurred: EOF when reading a line
Ask me anything: An error occurred: EOF when reading a line
Ask me anything: An error occurred: EOF when reading a line
Ask me anything: An error occurred: EOF when reading a line
Ask me anything: An error occurred: EOF when reading a line
Ask me anything: An error occurred: EOF when reading a line
Ask me anything: An error occurred: EOF when reading a line
Ask me anything: An error occurred: EOF when reading a line
Ask me anything: An error occurred: EOF when reading a line
Ask me anything: An error occurred: EOF when reading a line
Ask me anything: An error occurred: EOF when reading a line
Ask me anything: An error occurred: EOF when reading a line
Ask me anything: An error occurred: EOF when reading a line
Ask me anything: An error occurred: EOF when reading a line
Ask me anything: An error occurred: EOF when reading a line
Ask me anything: An error occurred: EOF when reading a line
Ask me anything: An error occurred: EOF when reading a line
Ask me anything: An error occurred: EOF when reading a line
Ask me anything: An error occurred: EOF when reading a line
Ask me anything: An error occurred: EOF when reading a line
Ask me anything: An error occurred: EOF when reading a line
Ask me anything: An error occurred: EOF when reading a line
Ask me anything: An error occurred: EOF when reading a line
Ask me anything: An error occurred: EOF when reading a line
Ask me anything: An error occurred: EOF when reading a line
Ask me anything: An error occurred: EOF when reading a line
Ask me anything: An error occurred: EOF when reading a line
Ask me anything: An error occurred: EOF when reading a line
Ask me anything: An error occurred: EOF when reading a line
Ask me anything: An error occurred: EOF when reading a line
Ask me anything: An error occurred: EOF when reading a line
Ask me anything: An error occurred: EOF when reading a line
Ask me anything: An error occurred: EOF when reading a line
Ask me anything: An error occurred: EOF when reading a line
Ask me anything: An error occurred: EOF when reading a line
Ask me anything: An error occurred: EOF when reading a line
Ask me anything: An error occurred: EOF when reading a line
Ask me anything: An error occurred: EOF when reading a line
Ask me anything: An error occurred: EOF when reading a line
Ask me anything: An error occurred: EOF when reading a line
Ask me anything: An error occurred: EOF when reading a line
Ask me anything: An error occurred: EOF when reading a line
Ask me anything: An error occurred: EOF when reading a line
Ask me anything: An error occurred: EOF when reading a line
Ask me anything: An error occurred: EOF when reading a line
Ask me anything: An error occurred: EOF when reading a line
Ask me anything: An error occurred: EOF when reading a line
Ask me anything: An error occurred: EOF when reading a line
Ask me anything: An error occurred: EOF when reading a line
Ask me anything: An error occurred: EOF when reading a line
Ask me anything: An error occurred: EOF when reading a line
Ask me anything: An error occurred: EOF when reading a line
Ask me anything: An error occurred: EOF when reading a line
Ask me anything: An error occurred: EOF when reading a line
Ask me anything: An error occurred: EOF when reading a line
Ask me anything: An error occurred: EOF when reading a line
Ask me anything: An error occurred: EOF when reading a line
Ask me anything: An error occurred: EOF when reading a line
Ask me anything: An error occurred: EOF when reading a line
Ask me anything: An error occurred: EOF when reading a line
Ask me anything: An error occurred: EOF when reading a line
Ask me anything: An error occurred: EOF when reading a line
Ask me anything: An error occurred: EOF when reading a line
Ask me anything: An error occurred: EOF when reading a line
Ask me anything: An error occurred: EOF when reading a line
Ask me anything: An error occurred: EOF when reading a line
Ask me anything: An error occurred: EOF when reading a line
Ask me anything: An error occurred: EOF when reading a line
Ask me anything: An error occurred: EOF when reading a line
Ask me anything: An error occurred: EOF when reading a line
Ask me anything: An error occurred: EOF when reading a line
Ask me anything: An error occurred: EOF when reading a line
Ask me anything: An error occurred: EOF when reading a line
Ask me anything: An error occurred: EOF when reading a line
Ask me anything: An error occurred: EOF when reading a line
Ask me anything: An error occurred: EOF when reading a line
Ask me anything: An error occurred: EOF when reading a line
Ask me anything: An error occurred: EOF when reading a line
Ask me anything: An error occurred: EOF when reading a line
Ask me anything: An error occurred: EOF when reading a line
Ask me anything: An error occurred: EOF when reading a line
Ask me anything: An error occurred: EOF when reading a line
Ask me anything: An error occurred: EOF when reading a line
Ask me anything: An error occurred: EOF when reading a line
Ask me anything: An error occurred: EOF when reading a line
Ask me anything: An error occurred: EOF when reading a line
Ask me anything: An error occurred: EOF when reading a line
Ask me anything: An error occurred: EOF when reading a line
Ask me anything: An error occurred: EOF when reading a line
Ask me anything: An error occurred: EOF when reading a line
Ask me anything: An error occurred: EOF when reading a line
Ask me anything: An error occurred: EOF when reading a line
Ask me anything: An error occurred: EOF when reading a line
Ask me anything: An error occurred: EOF when reading a line
Ask me anything: An error occurred: EOF when reading a line
Ask me anything: An error occurred: EOF when reading a line
Ask me anything: An error occurred: EOF when reading a line
Ask me anything: An error occurred: EOF when reading a line
Ask me anything: An error occurred: EOF when reading a line
Ask me anything: An error occurred: EOF when reading a line
Ask me anything: An error occurred: EOF when reading a line
Ask me anything: An error occurred: EOF when reading a line
Ask me anything: An error occurred: EOF when reading a line
Ask me anything: An error occurred: EOF when reading a line
Ask me anything: An error occurred: EOF when reading a line
Ask me anything: An error occurred: EOF when reading a line
Ask me anything: An error occurred: EOF when reading a line
Ask me anything: An error occurred: EOF when reading a line
Ask me anything: An error occurred: EOF when reading a line
Ask me anything: An error occurred: EOF when reading a line
Ask me anything: An error occurred: EOF when reading a line
Ask me anything: An error occurred: EOF when reading a line
Ask me anything: An error occurred: EOF when reading a line
Ask me anything: An error occurred: EOF when reading a line
Ask me anything: An error occurred: EOF when reading a line
Ask me anything: An error occurred: EOF when reading a line
Ask me anything: An error occurred: EOF when reading a line
Ask me anything: An error occurred: EOF when reading a line
Ask me anything: An error occurred: EOF when reading a line
Ask me anything: An error occurred: EOF when reading a line
Ask me anything: An error occurred: EOF when reading a line
Ask me anything: An error occurred: EOF when reading a line
Ask me anything: An error occurred: EOF when reading a line
Ask me anything: An error occurred: EOF when reading a line
Ask me anything: An error occurred: EOF when reading a line
Ask me anything: An error occurred: EOF when reading a line
Ask me anything: An error occurred: EOF when reading a line
Ask me anything: An error occurred: EOF when reading a line
Ask me anything: An error occurred: EOF when reading a line
Ask me anything: An error occurred: EOF when reading a line
Ask me anything: An error occurred: EOF when reading a line
Ask me anything: An error occurred: EOF when reading a line
Ask me anything: An error occurred: EOF when reading a line
Ask me anything: An error occurred: EOF when reading a line
Ask me anything: An error occurred: EOF when reading a line
Ask me anything: An error occurred: EOF when reading a line
Ask me anything: An error occurred: EOF when reading a line
Ask me anything: An error occurred: EOF when reading a line
Ask me anything: An error occurred: EOF when reading a line
Ask me anything: An error occurred: EOF when reading a line
Ask me anything: An error occurred: EOF when reading a line
Ask me anything: An error occurred: EOF when reading a line
Ask me anything: An error occurred: EOF when reading a line
Ask me anything: An error occurred: EOF when reading a line
Ask me anything: An error occurred: EOF when reading a line
Ask me anything: An error occurred: EOF when reading a line
Ask me anything: An error occurred: EOF when reading a line
Ask me anything: An error occurred: EOF when reading a line
Ask me anything: An error occurred: EOF when reading a line
Ask me anything: An error occurred: EOF when reading a line
Ask me anything: An error occurred: EOF when reading a line
Ask me anything: An error occurred: EOF when reading a line
Ask me anything: An error occurred: EOF when reading a line
Ask me anything: An error occurred: EOF when reading a line
Ask me anything: An error occurred: EOF when reading a line
Ask me anything: An error occurred: EOF when reading a line
Ask me anything: An error occurred: EOF when reading a line
Ask me anything: An error occurred: EOF when reading a line
Ask me anything: An error occurred: EOF when reading a line
Ask me anything: An error occurred: EOF when reading a line
Ask me anything: An error occurred: EOF when reading a line
Ask me anything: An error occurred: EOF when reading a line
Ask me anything: An error occurred: EOF when reading a line
Ask me anything: An error occurred: EOF when reading a line
Ask me anything: An error occurred: EOF when reading a line
Ask me anything: An error occurred: EOF when reading a line
Ask me anything: An error occurred: EOF when reading a line
Ask me anything: An error occurred: EOF when reading a line
Ask me anything: An error occurred: EOF when reading a line
Ask me anything: An error occurred: EOF when reading a line
Ask me anything: An error occurred: EOF when reading a line
Ask me anything: An error occurred: EOF when reading a line
Ask me anything: An error occurred: EOF when reading a line
Ask me anything: An error occurred: EOF when reading a line
Ask me anything: An error occurred: EOF when reading a line
Ask me anything: An error occurred: EOF when reading a line
Ask me anything: An error occurred: EOF when reading a line
Ask me anything: An error occurred: EOF when reading a line
Ask me anything: An error occurred: EOF when reading a line
Ask me anything: An error occurred: EOF when reading a line
Ask me anything: An error occurred: EOF when reading a line
Ask me anything: An error occurred: EOF when reading a line
Ask me anything: An error occurred: EOF when reading a line
Ask me anything: An error occurred: EOF when reading a line
Ask me anything: An error occurred: EOF when reading a line
Ask me anything: An error occurred: EOF when reading a line
Ask me anything: An error occurred: EOF when reading a line
Ask me anything: An error occurred: EOF when reading a line
Ask me anything: An error occurred: EOF when reading a line
Ask me anything: An error occurred: EOF when reading a line
Ask me anything: An error occurred: EOF when reading a line
Ask me anything: An error occurred: EOF when reading a line
Ask me anything: An error occurred: EOF when reading a line
Ask me anything: An error occurred: EOF when reading a line
Ask me anything: An error occurred: EOF when reading a line
Ask me anything: An error occurred: EOF when reading a line
Ask me anything: An error occurred: EOF when reading a line
Ask me anything: An error occurred: EOF when reading a line
Ask me anything: An error occurred: EOF when reading a line
Ask me anything: An error occurred: EOF when reading a line
Ask me anything: An error occurred: EOF when reading a line
Ask me anything: An error occurred: EOF when reading a line
Ask me anything: An error occurred: EOF when reading a line
Ask me anything: An error occurred: EOF when reading a line
Ask me anything: An error occurred: EOF when reading a line
Ask me anything: An error occurred: EOF when reading a line
Ask me anything: An error occurred: EOF when reading a line
Ask me anything: An error occurred: EOF when reading a line
Ask me anything: An error occurred: EOF when reading a line
Ask me anything: An error occurred: EOF when reading a line
Ask me anything: An error occurred: EOF when reading a line
Ask me anything: An error occurred: EOF when reading a line
Ask me anything: An error occurred: EOF when reading a line
Ask me anything: An error occurred: EOF when reading a line
Ask me anything: An error occurred: EOF when reading a line
Ask me anything: An error occurred: EOF when reading a line
Ask me anything: An error occurred: EOF when reading a line
Ask me anything: An error occurred: EOF when reading a line
Ask me anything: An error occurred: EOF when reading a line
Ask me anything: An error occurred: EOF when reading a line
Ask me anything: An error occurred: EOF when reading a line
Ask me anything: An error occurred: EOF when reading a line
Ask me anything: An error occurred: EOF when reading a line
Ask me anything: An error occurred: EOF when reading a line
Ask me anything: An error occurred: EOF when reading a line
Ask me anything: An error occurred: EOF when reading a line
Ask me anything: An error occurred: EOF when reading a line
Ask me anything: An error occurred: EOF when reading a line
Ask me anything: An error occurred: EOF when reading a line
Ask me anything: An error occurred: EOF when reading a line
Ask me anything: An error occurred: EOF when reading a line
Ask me anything: An error occurred: EOF when reading a line
Ask me anything: An error occurred: EOF when reading a line
Ask me anything: An error occurred: EOF when reading a line
Ask me anything: An error occurred: EOF when reading a line
Ask me anything: An error occurred: EOF when reading a line
Ask me anything: An error occurred: EOF when reading a line
Ask me anything: An error occurred: EOF when reading a line
Ask me anything: An error occurred: EOF when reading a line
Ask me anything: An error occurred: EOF when reading a line
Ask me anything: An error occurred: EOF when reading a line
Ask me anything: An error occurred: EOF when reading a line
Ask me anything: An error occurred: EOF when reading a line
Ask me anything: An error occurred: EOF when reading a line
Ask me anything: An error occurred: EOF when reading a line
Ask me anything: An error occurred: EOF when reading a line
Ask me anything: An error occurred: EOF when reading a line
Ask me anything: An error occurred: EOF when reading a line
Ask me anything: An error occurred: EOF when reading a line
Ask me anything: An error occurred: EOF when reading a line
Ask me anything: An error occurred: EOF when reading a line
Ask me anything: An error occurred: EOF when reading a line
Ask me anything: An error occurred: EOF when reading a line
Ask me anything: An error occurred: EOF when reading a line
Ask me anything: An error occurred: EOF when reading a line
Ask me anything: An error occurred: EOF when reading a line
Ask me anything: An error occurred: EOF when reading a line
Ask me anything: An error occurred: EOF when reading a line
Ask me anything: An error occurred: EOF when reading a line
Ask me anything: An error occurred: EOF when reading a line
Ask me anything: An error occurred: EOF when reading a line
Ask me anything: An error occurred: EOF when reading a line
Ask me anything: An error occurred: EOF when reading a line
Ask me anything: An error occurred: EOF when reading a line
Ask me anything: An error occurred: EOF when reading a line
Ask me anything: An error occurred: EOF when reading a line
Ask me anything: An error occurred: EOF when reading a line
Ask me anything: An error occurred: EOF when reading a line
Ask me anything: An error occurred: EOF when reading a line
Ask me anything: An error occurred: EOF when reading a line
Ask me anything: An error occurred: EOF when reading a line
Ask me anything: An error occurred: EOF when reading a line
Ask me anything: An error occurred: EOF when reading a line
Ask me anything: An error occurred: EOF when reading a line
Ask me anything: An error occurred: EOF when reading a line
Ask me anything: An error occurred: EOF when reading a line
Ask me anything: An error occurred: EOF when reading a line
Ask me anything: An error occurred: EOF when reading a line
Ask me anything: An error occurred: EOF when reading a line
Ask me anything: An error occurred: EOF when reading a line
Ask me anything: An error occurred: EOF when reading a line
Ask me anything: An error occurred: EOF when reading a line
Ask me anything: An error occurred: EOF when reading a line
Ask me anything: An error occurred: EOF when reading a line
Ask me anything: An error occurred: EOF when reading a line
Ask me anything: An error occurred: EOF when reading a line
Ask me anything: An error occurred: EOF when reading a line
Ask me anything: An error occurred: EOF when reading a line
Ask me anything: An error occurred: EOF when reading a line
Ask me anything: An error occurred: EOF when reading a line
Ask me anything: An error occurred: EOF when reading a line
Ask me anything: An error occurred: EOF when reading a line
Ask me anything: An error occurred: EOF when reading a line
Ask me anything: An error occurred: EOF when reading a line
Ask me anything: An error occurred: EOF when reading a line
Ask me anything: An error occurred: EOF when reading a line
Ask me anything: An error occurred: EOF when reading a line
Ask me anything: An error occurred: EOF when reading a line
Ask me anything: An error occurred: EOF when reading a line
Ask me anything: An error occurred: EOF when reading a line
Ask me anything: An error occurred: EOF when reading a line
Ask me anything: An error occurred: EOF when reading a line
Ask me anything: An error occurred: EOF when reading a line
Ask me anything: An error occurred: EOF when reading a line
Ask me anything: An error occurred: EOF when reading a line
Ask me anything: An error occurred: EOF when reading a line
Ask me anything: An error occurred: EOF when reading a line
Ask me anything: An error occurred: EOF when reading a line
Ask me anything: An error occurred: EOF when reading a line
Ask me anything: An error occurred: EOF when reading a line
Ask me anything: An error occurred: EOF when reading a line
Ask me anything: An error occurred: EOF when reading a line
Ask me anything: An error occurred: EOF when reading a line
Ask me anything: An error occurred: EOF when reading a line
Ask me anything: An error occurred: EOF when reading a line
Ask me anything: An error occurred: EOF when reading a line
Ask me anything: An error occurred: EOF when reading a line
Ask me anything: An error occurred: EOF when reading a line
Ask me anything: An error occurred: EOF when reading a line
Ask me anything: An error occurred: EOF when reading a line
Ask me anything: An error occurred: EOF when reading a line
Ask me anything: An error occurred: EOF when reading a line
Ask me anything: An error occurred: EOF when reading a line
Ask me anything: An error occurred: EOF when reading a line
Ask me anything: An error occurred: EOF when reading a line
Ask me anything: An error occurred: EOF when reading a line
Ask me anything: An error occurred: EOF when reading a line
Ask me anything: An error occurred: EOF when reading a line
Ask me anything: An error occurred: EOF when reading a line
Ask me anything: An error occurred: EOF when reading a line
Ask me anything: An error occurred: EOF when reading a line
Ask me anything: An error occurred: EOF when reading a line
Ask me anything: An error occurred: EOF when reading a line
Ask me anything: An error occurred: EOF when reading a line
Ask me anything: An error occurred: EOF when reading a line
Ask me anything: An error occurred: EOF when reading a line
Ask me anything: An error occurred: EOF when reading a line
Ask me anything: An error occurred: EOF when reading a line
Ask me anything: An error occurred: EOF when reading a line
Ask me anything: An error occurred: EOF when reading a line
Ask me anything: An error occurred: EOF when reading a line
Ask me anything: An error occurred: EOF when reading a line
Ask me anything: An error occurred: EOF when reading a line
Ask me anything: An error occurred: EOF when reading a line
Ask me anything: An error occurred: EOF when reading a line
Ask me anything: An error occurred: EOF when reading a line
Ask me anything: An error occurred: EOF when reading a line
Ask me anything: An error occurred: EOF when reading a line
Ask me anything: An error occurred: EOF when reading a line
Ask me anything: An error occurred: EOF when reading a line
Ask me anything: An error occurred: EOF when reading a line
Ask me anything: An error occurred: EOF when reading a line
Ask me anything: An error occurred: EOF when reading a line
Ask me anything: An error occurred: EOF when reading a line
Ask me anything: An error occurred: EOF when reading a line
Ask me anything: An error occurred: EOF when reading a line
Ask me anything: An error occurred: EOF when reading a line
Ask me anything: An error occurred: EOF when reading a line
Ask me anything: An error occurred: EOF when reading a line
Ask me anything: An error occurred: EOF when reading a line
Ask me anything: An error occurred: EOF when reading a line
Ask me anything: An error occurred: EOF when reading a line
Ask me anything: An error occurred: EOF when reading a line
Ask me anything: An error occurred: EOF when reading a line
Ask me anything: An error occurred: EOF when reading a line
Ask me anything: An error occurred: EOF when reading a line
Ask me anything: An error occurred: EOF when reading a line
Ask me anything: An error occurred: EOF when reading a line
Ask me anything: An error occurred: EOF when reading a line
Ask me anything: An error occurred: EOF when reading a line
Ask me anything: An error occurred: EOF when reading a line
Ask me anything: An error occurred: EOF when reading a line
Ask me anything: An error occurred: EOF when reading a line
Ask me anything: An error occurred: EOF when reading a line
Ask me anything: An error occurred: EOF when reading a line
Ask me anything: An error occurred: EOF when reading a line
Ask me anything: An error occurred: EOF when reading a line
Ask me anything: An error occurred: EOF when reading a line
Ask me anything: An error occurred: EOF when reading a line
Ask me anything: An error occurred: EOF when reading a line
Ask me anything: An error occurred: EOF when reading a line
Ask me anything: An error occurred: EOF when reading a line
Ask me anything: An error occurred: EOF when reading a line
Ask me anything: An error occurred: EOF when reading a line
Ask me anything: An error occurred: EOF when reading a line
Ask me anything: An error occurred: EOF when reading a line
Ask me anything: An error occurred: EOF when reading a line
Ask me anything: An error occurred: EOF when reading a line
Ask me anything: An error occurred: EOF when reading a line
Ask me anything: An error occurred: EOF when reading a line
Ask me anything: An error occurred: EOF when reading a line
Ask me anything: An error occurred: EOF when reading a line
Ask me anything: An error occurred: EOF when reading a line
Ask me anything: An error occurred: EOF when reading a line
Ask me anything: An error occurred: EOF when reading a line
Ask me anything: An error occurred: EOF when reading a line
Ask me anything: An error occurred: EOF when reading a line
Ask me anything: An error occurred: EOF when reading a line
Ask me anything: An error occurred: EOF when reading a line
Ask me anything: An error occurred: EOF when reading a line
Ask me anything: An error occurred: EOF when reading a line
Ask me anything: An error occurred: EOF when reading a line
Ask me anything: An error occurred: EOF when reading a line
Ask me anything: An error occurred: EOF when reading a line
Ask me anything: An error occurred: EOF when reading a line
Ask me anything: An error occurred: EOF when reading a line
Ask me anything: An error occurred: EOF when reading a line
Ask me anything: An error occurred: EOF when reading a line
Ask me anything: An error occurred: EOF when reading a line
Ask me anything: An error occurred: EOF when reading a line
Ask me anything: An error occurred: EOF when reading a line
Ask me anything: An error occurred: EOF when reading a line
Ask me anything: An error occurred: EOF when reading a line
Ask me anything: An error occurred: EOF when reading a line
Ask me anything: An error occurred: EOF when reading a line
Ask me anything: An error occurred: EOF when reading a line
Ask me anything: An error occurred: EOF when reading a line
Ask me anything: An error occurred: EOF when reading a line
Ask me anything: An error occurred: EOF when reading a line
Ask me anything: An error occurred: EOF when reading a line
Ask me anything: An error occurred: EOF when reading a line
Ask me anything: An error occurred: EOF when reading a line
Ask me anything: An error occurred: EOF when reading a line
Ask me anything: An error occurred: EOF when reading a line
Ask me anything: An error occurred: EOF when reading a line
Ask me anything: An error occurred: EOF when reading a line
Ask me anything: An error occurred: EOF when reading a line
Ask me anything: An error occurred: EOF when reading a line
Ask me anything: An error occurred: EOF when reading a line
Ask me anything: An error occurred: EOF when reading a line
Ask me anything: An error occurred: EOF when reading a line
Ask me anything: An error occurred: EOF when reading a line
Ask me anything: An error occurred: EOF when reading a line
Ask me anything: An error occurred: EOF when reading a line
Ask me anything: An error occurred: EOF when reading a line
Ask me anything: An error occurred: EOF when reading a line
Ask me anything: An error occurred: EOF when reading a line
Ask me anything: An error occurred: EOF when reading a line
Ask me anything: An error occurred: EOF when reading a line
Ask me anything: An error occurred: EOF when reading a line
Ask me anything: An error occurred: EOF when reading a line
Ask me anything: An error occurred: EOF when reading a line
Ask me anything: An error occurred: EOF when reading a line
Ask me anything: An error occurred: EOF when reading a line
Ask me anything: An error occurred: EOF when reading a line
Ask me anything: An error occurred: EOF when reading a line
Ask me anything: An error occurred: EOF when reading a line
Ask me anything: An error occurred: EOF when reading a line
Ask me anything: An error occurred: EOF when reading a line
Ask me anything: An error occurred: EOF when reading a line
Ask me anything: An error occurred: EOF when reading a line
Ask me anything: An error occurred: EOF when reading a line
Ask me anything: An error occurred: EOF when reading a line
Ask me anything: An error occurred: EOF when reading a line
Ask me anything: An error occurred: EOF when reading a line
Ask me anything: An error occurred: EOF when reading a line
Ask me anything: An error occurred: EOF when reading a line
Ask me anything: An error occurred: EOF when reading a line
Ask me anything: An error occurred: EOF when reading a line
Ask me anything: An error occurred: EOF when reading a line
Ask me anything: An error occurred: EOF when reading a line
Ask me anything: An error occurred: EOF when reading a line
Ask me anything: An error occurred: EOF when reading a line
Ask me anything: An error occurred: EOF when reading a line
Ask me anything: An error occurred: EOF when reading a line
Ask me anything: An error occurred: EOF when reading a line
Ask me anything: An error occurred: EOF when reading a line
Ask me anything: An error occurred: EOF when reading a line
Ask me anything: An error occurred: EOF when reading a line
Ask me anything: An error occurred: EOF when reading a line
Ask me anything: An error occurred: EOF when reading a line
Ask me anything: An error occurred: EOF when reading a line
Ask me anything: An error occurred: EOF when reading a line
Ask me anything: An error occurred: EOF when reading a line
Ask me anything: An error occurred: EOF when reading a line
Ask me anything: An error occurred: EOF when reading a line
Ask me anything: An error occurred: EOF when reading a line
Ask me anything: An error occurred: EOF when reading a line
Ask me anything: An error occurred: EOF when reading a line
Ask me anything: An error occurred: EOF when reading a line
Ask me anything: An error occurred: EOF when reading a line
Ask me anything: An error occurred: EOF when reading a line
Ask me anything: An error occurred: EOF when reading a line
Ask me anything: An error occurred: EOF when reading a line
Ask me anything: An error occurred: EOF when reading a line
Ask me anything: An error occurred: EOF when reading a line
Ask me anything: An error occurred: EOF when reading a line
Ask me anything: An error occurred: EOF when reading a line
Ask me anything: An error occurred: EOF when reading a line
Ask me anything: An error occurred: EOF when reading a line
Ask me anything: An error occurred: EOF when reading a line
Ask me anything: An error occurred: EOF when reading a line
Ask me anything: An error occurred: EOF when reading a line
Ask me anything: An error occurred: EOF when reading a line
Ask me anything: An error occurred: EOF when reading a line
Ask me anything: An error occurred: EOF when reading a line
Ask me anything: An error occurred: EOF when reading a line
Ask me anything: An error occurred: EOF when reading a line
Ask me anything: An error occurred: EOF when reading a line
Ask me anything: An error occurred: EOF when reading a line
Ask me anything: An error occurred: EOF when reading a line
Ask me anything: An error occurred: EOF when reading a line
Ask me anything: An error occurred: EOF when reading a line
Ask me anything: An error occurred: EOF when reading a line
Ask me anything: An error occurred: EOF when reading a line
Ask me anything: An error occurred: EOF when reading a line
Ask me anything: An error occurred: EOF when reading a line
Ask me anything: An error occurred: EOF when reading a line
Ask me anything: An error occurred: EOF when reading a line
Ask me anything: An error occurred: EOF when reading a line
Ask me anything: An error occurred: EOF when reading a line
Ask me anything: An error occurred: EOF when reading a line
Ask me anything: An error occurred: EOF when reading a line
Ask me anything: An error occurred: EOF when reading a line
Ask me anything: An error occurred: EOF when reading a line
Ask me anything: An error occurred: EOF when reading a line
Ask me anything: An error occurred: EOF when reading a line
Ask me anything: An error occurred: EOF when reading a line
Ask me anything: An error occurred: EOF when reading a line
Ask me anything: An error occurred: EOF when reading a line
Ask me anything: An error occurred: EOF when reading a line
Ask me anything: An error occurred: EOF when reading a line
Ask me anything: An error occurred: EOF when reading a line
Ask me anything: An error occurred: EOF when reading a line
Ask me anything: An error occurred: EOF when reading a line
Ask me anything: An error occurred: EOF when reading a line
Ask me anything: An error occurred: EOF when reading a line
Ask me anything: An error occurred: EOF when reading a line
Ask me anything: An error occurred: EOF when reading a line
Ask me anything: An error occurred: EOF when reading a line
Ask me anything: An error occurred: EOF when reading a line
Ask me anything: An error occurred: EOF when reading a line
Ask me anything: An error occurred: EOF when reading a line
Ask me anything: An error occurred: EOF when reading a line
Ask me anything: An error occurred: EOF when reading a line
Ask me anything: An error occurred: EOF when reading a line
Ask me anything: An error occurred: EOF when reading a line
Ask me anything: An error occurred: EOF when reading a line
Ask me anything: An error occurred: EOF when reading a line
Ask me anything: An error occurred: EOF when reading a line
Ask me anything: An error occurred: EOF when reading a line
Ask me anything: An error occurred: EOF when reading a line
Ask me anything: An error occurred: EOF when reading a line
Ask me anything: An error occurred: EOF when reading a line
Ask me anything: An error occurred: EOF when reading a line
Ask me anything: An error occurred: EOF when reading a line
Ask me anything: An error occurred: EOF when reading a line
Ask me anything: An error occurred: EOF when reading a line
Ask me anything: An error occurred: EOF when reading a line
Ask me anything: An error occurred: EOF when reading a line
Ask me anything: An error occurred: EOF when reading a line
Ask me anything: An error occurred: EOF when reading a line
Ask me anything: An error occurred: EOF when reading a line
Ask me anything: An error occurred: EOF when reading a line
Ask me anything: An error occurred: EOF when reading a line
Ask me anything: An error occurred: EOF when reading a line
Ask me anything: An error occurred: EOF when reading a line
Ask me anything: An error occurred: EOF when reading a line
Ask me anything: An error occurred: EOF when reading a line
Ask me anything: An error occurred: EOF when reading a line
Ask me anything: An error occurred: EOF when reading a line
Ask me anything: An error occurred: EOF when reading a line
Ask me anything: An error occurred: EOF when reading a line
Ask me anything: An error occurred: EOF when reading a line
Ask me anything: An error occurred: EOF when reading a line
Ask me anything: An error occurred: EOF when reading a line
Ask me anything: An error occurred: EOF when reading a line
Ask me anything: An error occurred: EOF when reading a line
Ask me anything: An error occurred: EOF when reading a line
Ask me anything: An error occurred: EOF when reading a line
Ask me anything: An error occurred: EOF when reading a line
Ask me anything: An error occurred: EOF when reading a line
Ask me anything: An error occurred: EOF when reading a line
Ask me anything: An error occurred: EOF when reading a line
Ask me anything: An error occurred: EOF when reading a line
Ask me anything: An error occurred: EOF when reading a line
Ask me anything: An error occurred: EOF when reading a line
Ask me anything: An error occurred: EOF when reading a line
Ask me anything: An error occurred: EOF when reading a line
Ask me anything: An error occurred: EOF when reading a line
Ask me anything: An error occurred: EOF when reading a line
Ask me anything: An error occurred: EOF when reading a line
Ask me anything: An error occurred: EOF when reading a line
Ask me anything: An error occurred: EOF when reading a line
Ask me anything: An error occurred: EOF when reading a line
Ask me anything: An error occurred: EOF when reading a line
Ask me anything: An error occurred: EOF when reading a line
Ask me anything: An error occurred: EOF when reading a line
Ask me anything: An error occurred: EOF when reading a line
Ask me anything: An error occurred: EOF when reading a line
Ask me anything: An error occurred: EOF when reading a line
Ask me anything: An error occurred: EOF when reading a line
Ask me anything: An error occurred: EOF when reading a line
Ask me anything: An error occurred: EOF when reading a line
Ask me anything: An error occurred: EOF when reading a line
Ask me anything: An error occurred: EOF when reading a line
Ask me anything: An error occurred: EOF when reading a line
Ask me anything: An error occurred: EOF when reading a line
Ask me anything: An error occurred: EOF when reading a line
Ask me anything: An error occurred: EOF when reading a line
Ask me anything: An error occurred: EOF when reading a line
Ask me anything: An error occurred: EOF when reading a line
Ask me anything: An error occurred: EOF when reading a line
Ask me anything: An error occurred: EOF when reading a line
Ask me anything: An error occurred: EOF when reading a line
Ask me anything: An error occurred: EOF when reading a line
Ask me anything: An error occurred: EOF when reading a line
Ask me anything: An error occurred: EOF when reading a line
Ask me anything: An error occurred: EOF when reading a line
Ask me anything: An error occurred: EOF when reading a line
Ask me anything: An error occurred: EOF when reading a line
Ask me anything: An error occurred: EOF when reading a line
Ask me anything: An error occurred: EOF when reading a line
Ask me anything: An error occurred: EOF when reading a line
Ask me anything: An error occurred: EOF when reading a line
Ask me anything: An error occurred: EOF when reading a line
Ask me anything: An error occurred: EOF when reading a line
Ask me anything: An error occurred: EOF when reading a line
Ask me anything: An error occurred: EOF when reading a line
Ask me anything: An error occurred: EOF when reading a line
Ask me anything: An error occurred: EOF when reading a line
Ask me anything: An error occurred: EOF when reading a line
Ask me anything: An error occurred: EOF when reading a line
Ask me anything: An error occurred: EOF when reading a line
Ask me anything: An error occurred: EOF when reading a line
Ask me anything: An error occurred: EOF when reading a line
Ask me anything: An error occurred: EOF when reading a line
Ask me anything: An error occurred: EOF when reading a line
Ask me anything: An error occurred: EOF when reading a line
Ask me anything: An error occurred: EOF when reading a line
Ask me anything: An error occurred: EOF when reading a line
Ask me anything: An error occurred: EOF when reading a line
Ask me anything: An error occurred: EOF when reading a line
Ask me anything: An error occurred: EOF when reading a line
Ask me anything: An error occurred: EOF when reading a line
Ask me anything: An error occurred: EOF when reading a line
Ask me anything: An error occurred: EOF when reading a line
Ask me anything: An error occurred: EOF when reading a line
Ask me anything: An error occurred: EOF when reading a line
Ask me anything: An error occurred: EOF when reading a line
Ask me anything: An error occurred: EOF when reading a line
Ask me anything: An error occurred: EOF when reading a line
Ask me anything: An error occurred: EOF when reading a line
Ask me anything: An error occurred: EOF when reading a line
Ask me anything: An error occurred: EOF when reading a line
Ask me anything: An error occurred: EOF when reading a line
Ask me anything: An error occurred: EOF when reading a line
Ask me anything: An error occurred: EOF when reading a line
Ask me anything: An error occurred: EOF when reading a line
Ask me anything: An error occurred: EOF when reading a line
Ask me anything: An error occurred: EOF when reading a line
Ask me anything: An error occurred: EOF when reading a line
Ask me anything: An error occurred: EOF when reading a line
Ask me anything: An error occurred: EOF when reading a line
Ask me anything: An error occurred: EOF when reading a line
Ask me anything: An error occurred: EOF when reading a line
Ask me anything: An error occurred: EOF when reading a line
Ask me anything: An error occurred: EOF when reading a line
Ask me anything: An error occurred: EOF when reading a line
Ask me anything: An error occurred: EOF when reading a line
Ask me anything: An error occurred: EOF when reading a line
Ask me anything: An error occurred: EOF when reading a line
Ask me anything: An error occurred: EOF when reading a line
Ask me anything: An error occurred: EOF when reading a line
Ask me anything: An error occurred: EOF when reading a line
Ask me anything: An error occurred: EOF when reading a line
Ask me anything: An error occurred: EOF when reading a line
Ask me anything: An error occurred: EOF when reading a line
Ask me anything: An error occurred: EOF when reading a line
Ask me anything: An error occurred: EOF when reading a line
Ask me anything: An error occurred: EOF when reading a line
Ask me anything: An error occurred: EOF when reading a line
Ask me anything: An error occurred: EOF when reading a line
Ask me anything: An error occurred: EOF when reading a line
Ask me anything: An error occurred: EOF when reading a line
Ask me anything: An error occurred: EOF when reading a line
Ask me anything: An error occurred: EOF when reading a line
Ask me anything: An error occurred: EOF when reading a line
Ask me anything: An error occurred: EOF when reading a line
Ask me anything: An error occurred: EOF when reading a line
Ask me anything: An error occurred: EOF when reading a line
Ask me anything: An error occurred: EOF when reading a line
Ask me anything: An error occurred: EOF when reading a line
Ask me anything: An error occurred: EOF when reading a line
Ask me anything: An error occurred: EOF when reading a line
Ask me anything: An error occurred: EOF when reading a line
Ask me anything: An error occurred: EOF when reading a line
Ask me anything: An error occurred: EOF when reading a line
Ask me anything: An error occurred: EOF when reading a line
Ask me anything: An error occurred: EOF when reading a line
Ask me anything: An error occurred: EOF when reading a line
Ask me anything: An error occurred: EOF when reading a line
Ask me anything: An error occurred: EOF when reading a line
Ask me anything: An error occurred: EOF when reading a line
Ask me anything: An error occurred: EOF when reading a line
Ask me anything: An error occurred: EOF when reading a line
Ask me anything: An error occurred: EOF when reading a line
Ask me anything: An error occurred: EOF when reading a line
Ask me anything: An error occurred: EOF when reading a line
Ask me anything: An error occurred: EOF when reading a line
Ask me anything: An error occurred: EOF when reading a line
Ask me anything: An error occurred: EOF when reading a line
Ask me anything: An error occurred: EOF when reading a line
Ask me anything: An error occurred: EOF when reading a line
Ask me anything: An error occurred: EOF when reading a line
Ask me anything: An error occurred: EOF when reading a line
Ask me anything: An error occurred: EOF when reading a line
Ask me anything: An error occurred: EOF when reading a line
Ask me anything: An error occurred: EOF when reading a line
Ask me anything: An error occurred: EOF when reading a line
Ask me anything: An error occurred: EOF when reading a line
Ask me anything: An error occurred: EOF when reading a line
Ask me anything: An error occurred: EOF when reading a line
Ask me anything: An error occurred: EOF when reading a line
Ask me anything: An error occurred: EOF when reading a line
Ask me anything: An error occurred: EOF when reading a line
Ask me anything: An error occurred: EOF when reading a line
Ask me anything: An error occurred: EOF when reading a line
Ask me anything: An error occurred: EOF when reading a line
Ask me anything: An error occurred: EOF when reading a line
Ask me anything: An error occurred: EOF when reading a line
Ask me anything: An error occurred: EOF when reading a line
Ask me anything: An error occurred: EOF when reading a line
Ask me anything: An error occurred: EOF when reading a line
Ask me anything: An error occurred: EOF when reading a line
Ask me anything: An error occurred: EOF when reading a line
Ask me anything: An error occurred: EOF when reading a line
Ask me anything: An error occurred: EOF when reading a line
Ask me anything: An error occurred: EOF when reading a line
Ask me anything: An error occurred: EOF when reading a line
Ask me anything: An error occurred: EOF when reading a line
Ask me anything: An error occurred: EOF when reading a line
Ask me anything: An error occurred: EOF when reading a line
Ask me anything: An error occurred: EOF when reading a line
Ask me anything: An error occurred: EOF when reading a line
Ask me anything: An error occurred: EOF when reading a line
Ask me anything: An error occurred: EOF when reading a line
Ask me anything: An error occurred: EOF when reading a line
Ask me anything: An error occurred: EOF when reading a line
Ask me anything: An error occurred: EOF when reading a line
Ask me anything: An error occurred: EOF when reading a line
Ask me anything: An error occurred: EOF when reading a line
Ask me anything: An error occurred: EOF when reading a line
Ask me anything: An error occurred: EOF when reading a line
Ask me anything: An error occurred: EOF when reading a line
Ask me anything: An error occurred: EOF when reading a line
Ask me anything: An error occurred: EOF when reading a line
Ask me anything: An error occurred: EOF when reading a line
Ask me anything: An error occurred: EOF when reading a line
Ask me anything: An error occurred: EOF when reading a line
Ask me anything: An error occurred: EOF when reading a line
Ask me anything: An error occurred: EOF when reading a line
Ask me anything: An error occurred: EOF when reading a line
Ask me anything: An error occurred: EOF when reading a line
Ask me anything: An error occurred: EOF when reading a line
Ask me anything: An error occurred: EOF when reading a line
Ask me anything: An error occurred: EOF when reading a line
Ask me anything: An error occurred: EOF when reading a line
Ask me anything: An error occurred: EOF when reading a line
Ask me anything: An error occurred: EOF when reading a line
Ask me anything: An error occurred: EOF when reading a line
Ask me anything: An error occurred: EOF when reading a line
Ask me anything: An error occurred: EOF when reading a line
Ask me anything: An error occurred: EOF when reading a line
Ask me anything: An error occurred: EOF when reading a line
Ask me anything: An error occurred: EOF when reading a line
Ask me anything: An error occurred: EOF when reading a line
Ask me anything: An error occurred: EOF when reading a line
Ask me anything: An error occurred: EOF when reading a line
Ask me anything: An error occurred: EOF when reading a line
Ask me anything: An error occurred: EOF when reading a line
Ask me anything: An error occurred: EOF when reading a line
Ask me anything: An error occurred: EOF when reading a line
Ask me anything: An error occurred: EOF when reading a line
Ask me anything: An error occurred: EOF when reading a line
Ask me anything: An error occurred: EOF when reading a line
Ask me anything: An error occurred: EOF when reading a line
Ask me anything: An error occurred: EOF when reading a line
Ask me anything: An error occurred: EOF when reading a line
Ask me anything: An error occurred: EOF when reading a line
Ask me anything: An error occurred: EOF when reading a line
Ask me anything: An error occurred: EOF when reading a line
Ask me anything: An error occurred: EOF when reading a line
Ask me anything: An error occurred: EOF when reading a line
Ask me anything: An error occurred: EOF when reading a line
Ask me anything: An error occurred: EOF when reading a line
Ask me anything: An error occurred: EOF when reading a line
Ask me anything: An error occurred: EOF when reading a line
Ask me anything: An error occurred: EOF when reading a line
Ask me anything: An error occurred: EOF when reading a line
Ask me anything: An error occurred: EOF when reading a line
Ask me anything: An error occurred: EOF when reading a line
Ask me anything: An error occurred: EOF when reading a line
Ask me anything: An error occurred: EOF when reading a line
Ask me anything: An error occurred: EOF when reading a line
Ask me anything: An error occurred: EOF when reading a line
Ask me anything: An error occurred: EOF when reading a line
Ask me anything: An error occurred: EOF when reading a line
Ask me anything: An error occurred: EOF when reading a line
Ask me anything: An error occurred: EOF when reading a line
Ask me anything: An error occurred: EOF when reading a line
Ask me anything: An error occurred: EOF when reading a line
Ask me anything: An error occurred: EOF when reading a line
Ask me anything: An error occurred: EOF when reading a line
Ask me anything: An error occurred: EOF when reading a line
Ask me anything: An error occurred: EOF when reading a line
Ask me anything: An error occurred: EOF when reading a line
Ask me anything: An error occurred: EOF when reading a line
Ask me anything: An error occurred: EOF when reading a line
Ask me anything: An error occurred: EOF when reading a line
Ask me anything: An error occurred: EOF when reading a line
Ask me anything: An error occurred: EOF when reading a line
Ask me anything: An error occurred: EOF when reading a line
Ask me anything: An error occurred: EOF when reading a line
Ask me anything: An error occurred: EOF when reading a line
Ask me anything: An error occurred: EOF when reading a line
Ask me anything: An error occurred: EOF when reading a line
Ask me anything: An error occurred: EOF when reading a line
Ask me anything: An error occurred: EOF when reading a line
Ask me anything: An error occurred: EOF when reading a line
Ask me anything: An error occurred: EOF when reading a line
Ask me anything: An error occurred: EOF when reading a line
Ask me anything: An error occurred: EOF when reading a line
Ask me anything: An error occurred: EOF when reading a line
Ask me anything: An error occurred: EOF when reading a line
Ask me anything: An error occurred: EOF when reading a line
Ask me anything: An error occurred: EOF when reading a line
Ask me anything: An error occurred: EOF when reading a line
Ask me anything: An error occurred: EOF when reading a line
Ask me anything: An error occurred: EOF when reading a line
Ask me anything: An error occurred: EOF when reading a line
Ask me anything: An error occurred: EOF when reading a line
Ask me anything: An error occurred: EOF when reading a line
Ask me anything: An error occurred: EOF when reading a line
Ask me anything: An error occurred: EOF when reading a line
Ask me anything: An error occurred: EOF when reading a line
Ask me anything: An error occurred: EOF when reading a line
Ask me anything: An error occurred: EOF when reading a line
Ask me anything: An error occurred: EOF when reading a line
Ask me anything: An error occurred: EOF when reading a line
Ask me anything: An error occurred: EOF when reading a line
Ask me anything: An error occurred: EOF when reading a line
Ask me anything: An error occurred: EOF when reading a line
Ask me anything: An error occurred: EOF when reading a line
Ask me anything: An error occurred: EOF when reading a line
Ask me anything: An error occurred: EOF when reading a line
Ask me anything: An error occurred: EOF when reading a line
Ask me anything: An error occurred: EOF when reading a line
Ask me anything: An error occurred: EOF when reading a line
Ask me anything: An error occurred: EOF when reading a line
Ask me anything: An error occurred: EOF when reading a line
Ask me anything: An error occurred: EOF when reading a line
Ask me anything: An error occurred: EOF when reading a line
Ask me anything: An error occurred: EOF when reading a line
Ask me anything: An error occurred: EOF when reading a line
Ask me anything: An error occurred: EOF when reading a line
Ask me anything: An error occurred: EOF when reading a line
Ask me anything: An error occurred: EOF when reading a line
Ask me anything: An error occurred: EOF when reading a line
Ask me anything: An error occurred: EOF when reading a line
Ask me anything: An error occurred: EOF when reading a line
Ask me anything: An error occurred: EOF when reading a line
Ask me anything: An error occurred: EOF when reading a line
Ask me anything: An error occurred: EOF when reading a line
Ask me anything: An error occurred: EOF when reading a line
Ask me anything: An error occurred: EOF when reading a line
Ask me anything: An error occurred: EOF when reading a line
Ask me anything: An error occurred: EOF when reading a line
Ask me anything: An error occurred: EOF when reading a line
Ask me anything: An error occurred: EOF when reading a line
Ask me anything: An error occurred: EOF when reading a line
Ask me anything: An error occurred: EOF when reading a line
Ask me anything: An error occurred: EOF when reading a line
Ask me anything: An error occurred: EOF when reading a line
Ask me anything: An error occurred: EOF when reading a line
Ask me anything: An error occurred: EOF when reading a line
Ask me anything: An error occurred: EOF when reading a line
Ask me anything: An error occurred: EOF when reading a line
Ask me anything: An error occurred: EOF when reading a line
Ask me anything: An error occurred: EOF when reading a line
Ask me anything: An error occurred: EOF when reading a line
Ask me anything: An error occurred: EOF when reading a line
Ask me anything: An error occurred: EOF when reading a line
Ask me anything: An error occurred: EOF when reading a line
Ask me anything: An error occurred: EOF when reading a line
Ask me anything: An error occurred: EOF when reading a line
Ask me anything: An error occurred: EOF when reading a line
Ask me anything: An error occurred: EOF when reading a line
Ask me anything: An error occurred: EOF when reading a line
Ask me anything: An error occurred: EOF when reading a line
Ask me anything: An error occurred: EOF when reading a line
Ask me anything: An error occurred: EOF when reading a line
Ask me anything: An error occurred: EOF when reading a line
Ask me anything: An error occurred: EOF when reading a line
Ask me anything: An error occurred: EOF when reading a line
Ask me anything: An error occurred: EOF when reading a line
Ask me anything: An error occurred: EOF when reading a line
Ask me anything: An error occurred: EOF when reading a line
Ask me anything: An error occurred: EOF when reading a line
Ask me anything: An error occurred: EOF when reading a line
Ask me anything: An error occurred: EOF when reading a line
Ask me anything: An error occurred: EOF when reading a line
Ask me anything: An error occurred: EOF when reading a line
Ask me anything: An error occurred: EOF when reading a line
Ask me anything: An error occurred: EOF when reading a line
Ask me anything: An error occurred: EOF when reading a line
Ask me anything: An error occurred: EOF when reading a line
Ask me anything: An error occurred: EOF when reading a line
Ask me anything: An error occurred: EOF when reading a line
Ask me anything: An error occurred: EOF when reading a line
Ask me anything: An error occurred: EOF when reading a line
Ask me anything: An error occurred: EOF when reading a line
Ask me anything: An error occurred: EOF when reading a line
Ask me anything: An error occurred: EOF when reading a line
Ask me anything: An error occurred: EOF when reading a line
Ask me anything: An error occurred: EOF when reading a line
Ask me anything: An error occurred: EOF when reading a line
Ask me anything: An error occurred: EOF when reading a line
Ask me anything: An error occurred: EOF when reading a line
Ask me anything: An error occurred: EOF when reading a line
Ask me anything: An error occurred: EOF when reading a line
Ask me anything: An error occurred: EOF when reading a line
Ask me anything: An error occurred: EOF when reading a line
Ask me anything: An error occurred: EOF when reading a line
Ask me anything: An error occurred: EOF when reading a line
Ask me anything: An error occurred: EOF when reading a line
Ask me anything: An error occurred: EOF when reading a line
Ask me anything: An error occurred: EOF when reading a line
Ask me anything: An error occurred: EOF when reading a line
Ask me anything: An error occurred: EOF when reading a line
Ask me anything: An error occurred: EOF when reading a line
Ask me anything: An error occurred: EOF when reading a line
Ask me anything: An error occurred: EOF when reading a line
Ask me anything: An error occurred: EOF when reading a line
Ask me anything: An error occurred: EOF when reading a line
Ask me anything: An error occurred: EOF when reading a line
Ask me anything: An error occurred: EOF when reading a line
Ask me anything: An error occurred: EOF when reading a line
Ask me anything: An error occurred: EOF when reading a line
Ask me anything: An error occurred: EOF when reading a line
Ask me anything: An error occurred: EOF when reading a line
Ask me anything: An error occurred: EOF when reading a line
Ask me anything: An error occurred: EOF when reading a line
Ask me anything: An error occurred: EOF when reading a line
Ask me anything: An error occurred: EOF when reading a line
Ask me anything: An error occurred: EOF when reading a line
Ask me anything: An error occurred: EOF when reading a line
Ask me anything: An error occurred: EOF when reading a line
Ask me anything: An error occurred: EOF when reading a line
Ask me anything: An error occurred: EOF when reading a line
Ask me anything: An error occurred: EOF when reading a line
Ask me anything: An error occurred: EOF when reading a line
Ask me anything: An error occurred: EOF when reading a line
Ask me anything: An error occurred: EOF when reading a line
Ask me anything: An error occurred: EOF when reading a line
Ask me anything: An error occurred: EOF when reading a line
Ask me anything: An error occurred: EOF when reading a line
Ask me anything: An error occurred: EOF when reading a line
Ask me anything: An error occurred: EOF when reading a line
Ask me anything: An error occurred: EOF when reading a line
Ask me anything: An error occurred: EOF when reading a line
Ask me anything: An error occurred: EOF when reading a line
Ask me anything: An error occurred: EOF when reading a line
Ask me anything: An error occurred: EOF when reading a line
Ask me anything: An error occurred: EOF when reading a line
Ask me anything: An error occurred: EOF when reading a line
Ask me anything: An error occurred: EOF when reading a line
Ask me anything: An error occurred: EOF when reading a line
Ask me anything: An error occurred: EOF when reading a line
Ask me anything: An error occurred: EOF when reading a line
Ask me anything: An error occurred: EOF when reading a line
Ask me anything: An error occurred: EOF when reading a line
Ask me anything: An error occurred: EOF when reading a line
Ask me anything: An error occurred: EOF when reading a line
Ask me anything: An error occurred: EOF when reading a line
Ask me anything: An error occurred: EOF when reading a line
Ask me anything: An error occurred: EOF when reading a line
Ask me anything: An error occurred: EOF when reading a line
Ask me anything: An error occurred: EOF when reading a line
Ask me anything: An error occurred: EOF when reading a line
Ask me anything: An error occurred: EOF when reading a line
Ask me anything: An error occurred: EOF when reading a line
Ask me anything: An error occurred: EOF when reading a line
Ask me anything: An error occurred: EOF when reading a line
Ask me anything: An error occurred: EOF when reading a line
Ask me anything: An error occurred: EOF when reading a line
Ask me anything: An error occurred: EOF when reading a line
Ask me anything: An error occurred: EOF when reading a line
Ask me anything: An error occurred: EOF when reading a line
Ask me anything: An error occurred: EOF when reading a line
Ask me anything: An error occurred: EOF when reading a line
Ask me anything: An error occurred: EOF when reading a line
Ask me anything: An error occurred: EOF when reading a line
Ask me anything: An error occurred: EOF when reading a line
Ask me anything: An error occurred: EOF when reading a line
Ask me anything: An error occurred: EOF when reading a line
Ask me anything: An error occurred: EOF when reading a line
Ask me anything: An error occurred: EOF when reading a line
Ask me anything: An error occurred: EOF when reading a line
Ask me anything: An error occurred: EOF when reading a line
Ask me anything: An error occurred: EOF when reading a line
Ask me anything: An error occurred: EOF when reading a line
Ask me anything: An error occurred: EOF when reading a line
Ask me anything: An error occurred: EOF when reading a line
Ask me anything: An error occurred: EOF when reading a line
Ask me anything: An error occurred: EOF when reading a line
Ask me anything: An error occurred: EOF when reading a line
Ask me anything: An error occurred: EOF when reading a line
Ask me anything: An error occurred: EOF when reading a line
Ask me anything: An error occurred: EOF when reading a line
Ask me anything: An error occurred: EOF when reading a line
Ask me anything: An error occurred: EOF when reading a line
Ask me anything: An error occurred: EOF when reading a line
Ask me anything: An error occurred: EOF when reading a line
Ask me anything: An error occurred: EOF when reading a line
Ask me anything: An error occurred: EOF when reading a line
Ask me anything: An error occurred: EOF when reading a line
Ask me anything: An error occurred: EOF when reading a line
Ask me anything: An error occurred: EOF when reading a line
Ask me anything: An error occurred: EOF when reading a line
Ask me anything: An error occurred: EOF when reading a line
Ask me anything: An error occurred: EOF when reading a line
Ask me anything: An error occurred: EOF when reading a line
Ask me anything: An error occurred: EOF when reading a line
Ask me anything: An error occurred: EOF when reading a line
Ask me anything: An error occurred: EOF when reading a line
Ask me anything: An error occurred: EOF when reading a line
Ask me anything: An error occurred: EOF when reading a line
Ask me anything: An error occurred: EOF when reading a line
Ask me anything: An error occurred: EOF when reading a line
Ask me anything: An error occurred: EOF when reading a line
Ask me anything: An error occurred: EOF when reading a line
Ask me anything: An error occurred: EOF when reading a line
Ask me anything: An error occurred: EOF when reading a line
Ask me anything: An error occurred: EOF when reading a line
Ask me anything: An error occurred: EOF when reading a line
Ask me anything: An error occurred: EOF when reading a line
Ask me anything: An error occurred: EOF when reading a line
Ask me anything: An error occurred: EOF when reading a line
Ask me anything: An error occurred: EOF when reading a line
Ask me anything: An error occurred: EOF when reading a line
Ask me anything: An error occurred: EOF when reading a line
Ask me anything: An error occurred: EOF when reading a line
Ask me anything: An error occurred: EOF when reading a line
Ask me anything: An error occurred: EOF when reading a line
Ask me anything: An error occurred: EOF when reading a line
Ask me anything: An error occurred: EOF when reading a line
Ask me anything: An error occurred: EOF when reading a line
Ask me anything: An error occurred: EOF when reading a line
Ask me anything: An error occurred: EOF when reading a line
Ask me anything: An error occurred: EOF when reading a line
Ask me anything: An error occurred: EOF when reading a line
Ask me anything: An error occurred: EOF when reading a line
Ask me anything: An error occurred: EOF when reading a line
Ask me anything: An error occurred: EOF when reading a line
Ask me anything: An error occurred: EOF when reading a line
Ask me anything: An error occurred: EOF when reading a line
Ask me anything: An error occurred: EOF when reading a line
Ask me anything: An error occurred: EOF when reading a line
Ask me anything: An error occurred: EOF when reading a line
Ask me anything: An error occurred: EOF when reading a line
Ask me anything: An error occurred: EOF when reading a line
Ask me anything: An error occurred: EOF when reading a line
Ask me anything: An error occurred: EOF when reading a line
Ask me anything: An error occurred: EOF when reading a line
Ask me anything: An error occurred: EOF when reading a line
Ask me anything: An error occurred: EOF when reading a line
Ask me anything: An error occurred: EOF when reading a line
Ask me anything: An error occurred: EOF when reading a line
Ask me anything: An error occurred: EOF when reading a line
Ask me anything: An error occurred: EOF when reading a line
Ask me anything: An error occurred: EOF when reading a line
Ask me anything: An error occurred: EOF when reading a line
Ask me anything: An error occurred: EOF when reading a line
Ask me anything: An error occurred: EOF when reading a line
Ask me anything: An error occurred: EOF when reading a line
Ask me anything: An error occurred: EOF when reading a line
Ask me anything: An error occurred: EOF when reading a line
Ask me anything: An error occurred: EOF when reading a line
Ask me anything: An error occurred: EOF when reading a line
Ask me anything: An error occurred: EOF when reading a line
Ask me anything: An error occurred: EOF when reading a line
Ask me anything: An error occurred: EOF when reading a line
Ask me anything: An error occurred: EOF when reading a line
Ask me anything: An error occurred: EOF when reading a line
Ask me anything: An error occurred: EOF when reading a line
Ask me anything: An error occurred: EOF when reading a line
Ask me anything: An error occurred: EOF when reading a line
Ask me anything: An error occurred: EOF when reading a line
Ask me anything: An error occurred: EOF when reading a line
Ask me anything: An error occurred: EOF when reading a line
Ask me anything: An error occurred: EOF when reading a line
Ask me anything: An error occurred: EOF when reading a line
Ask me anything: An error occurred: EOF when reading a line
Ask me anything: An error occurred: EOF when reading a line
Ask me anything: An error occurred: EOF when reading a line
Ask me anything: An error occurred: EOF when reading a line
Ask me anything: An error occurred: EOF when reading a line
Ask me anything: An error occurred: EOF when reading a line
Ask me anything: An error occurred: EOF when reading a line
Ask me anything: An error occurred: EOF when reading a line
Ask me anything: An error occurred: EOF when reading a line
Ask me anything: An error occurred: EOF when reading a line
Ask me anything: An error occurred: EOF when reading a line
Ask me anything: An error occurred: EOF when reading a line
Ask me anything: An error occurred: EOF when reading a line
Ask me anything: An error occurred: EOF when reading a line
Ask me anything: An error occurred: EOF when reading a line
Ask me anything: An error occurred: EOF when reading a line
Ask me anything: An error occurred: EOF when reading a line
Ask me anything: An error occurred: EOF when reading a line
Ask me anything: An error occurred: EOF when reading a line
Ask me anything: An error occurred: EOF when reading a line
Ask me anything: An error occurred: EOF when reading a line
Ask me anything: An error occurred: EOF when reading a line
Ask me anything: An error occurred: EOF when reading a line
Ask me anything: An error occurred: EOF when reading a line
Ask me anything: An error occurred: EOF when reading a line
Ask me anything: An error occurred: EOF when reading a line
Ask me anything: An error occurred: EOF when reading a line
Ask me anything: An error occurred: EOF when reading a line
Ask me anything: An error occurred: EOF when reading a line
Ask me anything: An error occurred: EOF when reading a line
Ask me anything: An error occurred: EOF when reading a line
Ask me anything: An error occurred: EOF when reading a line
Ask me anything: An error occurred: EOF when reading a line
Ask me anything: An error occurred: EOF when reading a line
Ask me anything: An error occurred: EOF when reading a line
Ask me anything: An error occurred: EOF when reading a line
Ask me anything: An error occurred: EOF when reading a line
Ask me anything: An error occurred: EOF when reading a line
Ask me anything: An error occurred: EOF when reading a line
Ask me anything: An error occurred: EOF when reading a line
Ask me anything: An error occurred: EOF when reading a line
Ask me anything: An error occurred: EOF when reading a line
Ask me anything: An error occurred: EOF when reading a line
Ask me anything: An error occurred: EOF when reading a line
Ask me anything: An error occurred: EOF when reading a line
Ask me anything: An error occurred: EOF when reading a line
Ask me anything: An error occurred: EOF when reading a line
Ask me anything: An error occurred: EOF when reading a line
Ask me anything: An error occurred: EOF when reading a line
Ask me anything: An error occurred: EOF when reading a line
Ask me anything: An error occurred: EOF when reading a line
Ask me anything: An error occurred: EOF when reading a line
Ask me anything: An error occurred: EOF when reading a line
Ask me anything: An error occurred: EOF when reading a line
Ask me anything: An error occurred: EOF when reading a line
Ask me anything: An error occurred: EOF when reading a line
Ask me anything: An error occurred: EOF when reading a line
Ask me anything: An error occurred: EOF when reading a line
Ask me anything: An error occurred: EOF when reading a line
Ask me anything: An error occurred: EOF when reading a line
Ask me anything: An error occurred: EOF when reading a line
Ask me anything: An error occurred: EOF when reading a line
Ask me anything: An error occurred: EOF when reading a line
Ask me anything: An error occurred: EOF when reading a line
Ask me anything: An error occurred: EOF when reading a line
Ask me anything: An error occurred: EOF when reading a line
Ask me anything: An error occurred: EOF when reading a line
Ask me anything: An error occurred: EOF when reading a line
Ask me anything: An error occurred: EOF when reading a line
Ask me anything: An error occurred: EOF when reading a line
Ask me anything: An error occurred: EOF when reading a line
Ask me anything: An error occurred: EOF when reading a line
Ask me anything: An error occurred: EOF when reading a line
Ask me anything: An error occurred: EOF when reading a line
Ask me anything: An error occurred: EOF when reading a line
Ask me anything: An error occurred: EOF when reading a line
Ask me anything: An error occurred: EOF when reading a line
Ask me anything: An error occurred: EOF when reading a line
Ask me anything: An error occurred: EOF when reading a line
Ask me anything: An error occurred: EOF when reading a line
Ask me anything: An error occurred: EOF when reading a line
Ask me anything: An error occurred: EOF when reading a line
Ask me anything: An error occurred: EOF when reading a line
Ask me anything: An error occurred: EOF when reading a line
Ask me anything: An error occurred: EOF when reading a line
Ask me anything: An error occurred: EOF when reading a line
Ask me anything: An error occurred: EOF when reading a line
Ask me anything: An error occurred: EOF when reading a line
Ask me anything: An error occurred: EOF when reading a line
Ask me anything: An error occurred: EOF when reading a line
Ask me anything: An error occurred: EOF when reading a line
Ask me anything: An error occurred: EOF when reading a line
Ask me anything: An error occurred: EOF when reading a line
Ask me anything: An error occurred: EOF when reading a line
Ask me anything: An error occurred: EOF when reading a line
Ask me anything: An error occurred: EOF when reading a line
Ask me anything: An error occurred: EOF when reading a line
Ask me anything: An error occurred: EOF when reading a line
Ask me anything: An error occurred: EOF when reading a line
Ask me anything: An error occurred: EOF when reading a line
Ask me anything: An error occurred: EOF when reading a line
Ask me anything: An error occurred: EOF when reading a line
Ask me anything: An error occurred: EOF when reading a line
Ask me anything: An error occurred: EOF when reading a line
Ask me anything: An error occurred: EOF when reading a line
Ask me anything: An error occurred: EOF when reading a line
Ask me anything: An error occurred: EOF when reading a line
Ask me anything: An error occurred: EOF when reading a line
Ask me anything: An error occurred: EOF when reading a line
Ask me anything: An error occurred: EOF when reading a line
Ask me anything: An error occurred: EOF when reading a line
Ask me anything: An error occurred: EOF when reading a line
Ask me anything: An error occurred: EOF when reading a line
Ask me anything: An error occurred: EOF when reading a line
Ask me anything: An error occurred: EOF when reading a line
Ask me anything: An error occurred: EOF when reading a line
Ask me anything: An error occurred: EOF when reading a line
Ask me anything: An error occurred: EOF when reading a line
Ask me anything: An error occurred: EOF when reading a line
Ask me anything: An error occurred: EOF when reading a line
Ask me anything: An error occurred: EOF when reading a line
Ask me anything: An error occurred: EOF when reading a line
Ask me anything: An error occurred: EOF when reading a line
Ask me anything: An error occurred: EOF when reading a line
Ask me anything: An error occurred: EOF when reading a line
Ask me anything: An error occurred: EOF when reading a line
Ask me anything: An error occurred: EOF when reading a line
Ask me anything: An error occurred: EOF when reading a line
Ask me anything: An error occurred: EOF when reading a line
Ask me anything: An error occurred: EOF when reading a line
Ask me anything: An error occurred: EOF when reading a line
Ask me anything: An error occurred: EOF when reading a line
Ask me anything: An error occurred: EOF when reading a line
Ask me anything: An error occurred: EOF when reading a line
Ask me anything: An error occurred: EOF when reading a line
Ask me anything: An error occurred: EOF when reading a line
Ask me anything: An error occurred: EOF when reading a line
Ask me anything: An error occurred: EOF when reading a line
Ask me anything: An error occurred: EOF when reading a line
Ask me anything: An error occurred: EOF when reading a line
Ask me anything: An error occurred: EOF when reading a line
Ask me anything: An error occurred: EOF when reading a line
Ask me anything: An error occurred: EOF when reading a line
Ask me anything: An error occurred: EOF when reading a line
Ask me anything: An error occurred: EOF when reading a line
Ask me anything: An error occurred: EOF when reading a line
Ask me anything: An error occurred: EOF when reading a line
Ask me anything: An error occurred: EOF when reading a line
Ask me anything: An error occurred: EOF when reading a line
Ask me anything: An error occurred: EOF when reading a line
Ask me anything: An error occurred: EOF when reading a line
Ask me anything: An error occurred: EOF when reading a line
Ask me anything: An error occurred: EOF when reading a line
Ask me anything: An error occurred: EOF when reading a line
Ask me anything: An error occurred: EOF when reading a line
Ask me anything: An error occurred: EOF when reading a line
Ask me anything: An error occurred: EOF when reading a line
Ask me anything: An error occurred: EOF when reading a line
Ask me anything: An error occurred: EOF when reading a line
Ask me anything: An error occurred: EOF when reading a line
Ask me anything: An error occurred: EOF when reading a line
Ask me anything: An error occurred: EOF when reading a line
Ask me anything: An error occurred: EOF when reading a line
Ask me anything: An error occurred: EOF when reading a line
Ask me anything: An error occurred: EOF when reading a line
Ask me anything: An error occurred: EOF when reading a line
Ask me anything: An error occurred: EOF when reading a line
Ask me anything: An error occurred: EOF when reading a line
Ask me anything: An error occurred: EOF when reading a line
Ask me anything: An error occurred: EOF when reading a line
Ask me anything: An error occurred: EOF when reading a line
Ask me anything: An error occurred: EOF when reading a line
Ask me anything: An error occurred: EOF when reading a line
Ask me anything: An error occurred: EOF when reading a line
Ask me anything: An error occurred: EOF when reading a line
Ask me anything: An error occurred: EOF when reading a line
Ask me anything: An error occurred: EOF when reading a line
Ask me anything: An error occurred: EOF when reading a line
Ask me anything: An error occurred: EOF when reading a line
Ask me anything: An error occurred: EOF when reading a line
Ask me anything: An error occurred: EOF when reading a line
Ask me anything: An error occurred: EOF when reading a line
Ask me anything: An error occurred: EOF when reading a line
Ask me anything: An error occurred: EOF when reading a line
Ask me anything: An error occurred: EOF when reading a line
Ask me anything: An error occurred: EOF when reading a line
Ask me anything: An error occurred: EOF when reading a line
Ask me anything: An error occurred: EOF when reading a line
Ask me anything: An error occurred: EOF when reading a line
Ask me anything: An error occurred: EOF when reading a line
Ask me anything: An error occurred: EOF when reading a line
Ask me anything: An error occurred: EOF when reading a line
Ask me anything: An error occurred: EOF when reading a line
Ask me anything: An error occurred: EOF when reading a line
Ask me anything: An error occurred: EOF when reading a line
Ask me anything: An error occurred: EOF when reading a line
Ask me anything: An error occurred: EOF when reading a line
Ask me anything: An error occurred: EOF when reading a line
Ask me anything: An error occurred: EOF when reading a line
Ask me anything: An error occurred: EOF when reading a line
Ask me anything: An error occurred: EOF when reading a line
Ask me anything: An error occurred: EOF when reading a line
Ask me anything: An error occurred: EOF when reading a line
Ask me anything: An error occurred: EOF when reading a line
Ask me anything: An error occurred: EOF when reading a line
Ask me anything: An error occurred: EOF when reading a line
Ask me anything: An error occurred: EOF when reading a line
Ask me anything: An error occurred: EOF when reading a line
Ask me anything: An error occurred: EOF when reading a line
Ask me anything: An error occurred: EOF when reading a line
Ask me anything: An error occurred: EOF when reading a line
Ask me anything: An error occurred: EOF when reading a line
Ask me anything: An error occurred: EOF when reading a line
Ask me anything: An error occurred: EOF when reading a line
Ask me anything: An error occurred: EOF when reading a line
Ask me anything: An error occurred: EOF when reading a line
Ask me anything: An error occurred: EOF when reading a line
Ask me anything: An error occurred: EOF when reading a line
Ask me anything: An error occurred: EOF when reading a line
Ask me anything: An error occurred: EOF when reading a line
Ask me anything: An error occurred: EOF when reading a line
Ask me anything: An error occurred: EOF when reading a line
Ask me anything: An error occurred: EOF when reading a line
Ask me anything: An error occurred: EOF when reading a line
Ask me anything: An error occurred: EOF when reading a line
Ask me anything: An error occurred: EOF when reading a line
Ask me anything: An error occurred: EOF when reading a line
Ask me anything: An error occurred: EOF when reading a line
Ask me anything: An error occurred: EOF when reading a line
Ask me anything: An error occurred: EOF when reading a line
Ask me anything: An error occurred: EOF when reading a line
Ask me anything: An error occurred: EOF when reading a line
Ask me anything: An error occurred: EOF when reading a line
Ask me anything: An error occurred: EOF when reading a line
Ask me anything: An error occurred: EOF when reading a line
Ask me anything: An error occurred: EOF when reading a line
Ask me anything: An error occurred: EOF when reading a line
Ask me anything: An error occurred: EOF when reading a line
Ask me anything: An error occurred: EOF when reading a line
Ask me anything: An error occurred: EOF when reading a line
Ask me anything: An error occurred: EOF when reading a line
Ask me anything: An error occurred: EOF when reading a line
Ask me anything: An error occurred: EOF when reading a line
Ask me anything: An error occurred: EOF when reading a line
Ask me anything: An error occurred: EOF when reading a line
Ask me anything: An error occurred: EOF when reading a line
Ask me anything: An error occurred: EOF when reading a line
Ask me anything: An error occurred: EOF when reading a line
Ask me anything: An error occurred: EOF when reading a line
Ask me anything: An error occurred: EOF when reading a line
Ask me anything: An error occurred: EOF when reading a line
Ask me anything: An error occurred: EOF when reading a line
Ask me anything: An error occurred: EOF when reading a line
Ask me anything: An error occurred: EOF when reading a line
Ask me anything: An error occurred: EOF when reading a line
Ask me anything: An error occurred: EOF when reading a line
Ask me anything: An error occurred: EOF when reading a line
Ask me anything: An error occurred: EOF when reading a line
Ask me anything: An error occurred: EOF when reading a line
Ask me anything: An error occurred: EOF when reading a line
Ask me anything: An error occurred: EOF when reading a line
Ask me anything: An error occurred: EOF when reading a line
Ask me anything: An error occurred: EOF when reading a line
Ask me anything: An error occurred: EOF when reading a line
Ask me anything: An error occurred: EOF when reading a line
Ask me anything: An error occurred: EOF when reading a line
Ask me anything: An error occurred: EOF when reading a line
Ask me anything: An error occurred: EOF when reading a line
Ask me anything: An error occurred: EOF when reading a line
Ask me anything: An error occurred: EOF when reading a line
Ask me anything: An error occurred: EOF when reading a line
Ask me anything: An error occurred: EOF when reading a line
Ask me anything: An error occurred: EOF when reading a line
Ask me anything: An error occurred: EOF when reading a line
Ask me anything: An error occurred: EOF when reading a line
Ask me anything: An error occurred: EOF when reading a line
Ask me anything: An error occurred: EOF when reading a line
Ask me anything: An error occurred: EOF when reading a line
Ask me anything: An error occurred: EOF when reading a line
Ask me anything: An error occurred: EOF when reading a line
Ask me anything: An error occurred: EOF when reading a line
Ask me anything: An error occurred: EOF when reading a line
Ask me anything: An error occurred: EOF when reading a line
Ask me anything: An error occurred: EOF when reading a line
Ask me anything: An error occurred: EOF when reading a line
Ask me anything: An error occurred: EOF when reading a line
Ask me anything: An error occurred: EOF when reading a line
Ask me anything: An error occurred: EOF when reading a line
Ask me anything: An error occurred: EOF when reading a line
Ask me anything: An error occurred: EOF when reading a line
Ask me anything: An error occurred: EOF when reading a line
Ask me anything: An error occurred: EOF when reading a line
Ask me anything: An error occurred: EOF when reading a line
Ask me anything: An error occurred: EOF when reading a line
Ask me anything: An error occurred: EOF when reading a line
Ask me anything: An error occurred: EOF when reading a line
Ask me anything: An error occurred: EOF when reading a line
Ask me anything: An error occurred: EOF when reading a line
Ask me anything: An error occurred: EOF when reading a line
Ask me anything: An error occurred: EOF when reading a line
Ask me anything: An error occurred: EOF when reading a line
Ask me anything: An error occurred: EOF when reading a line
Ask me anything: An error occurred: EOF when reading a line
Ask me anything: An error occurred: EOF when reading a line
Ask me anything: An error occurred: EOF when reading a line
Ask me anything: An error occurred: EOF when reading a line
Ask me anything: An error occurred: EOF when reading a line
Ask me anything: An error occurred: EOF when reading a line
Ask me anything: An error occurred: EOF when reading a line
Ask me anything: An error occurred: EOF when reading a line
Ask me anything: An error occurred: EOF when reading a line
Ask me anything: An error occurred: EOF when reading a line
Ask me anything: An error occurred: EOF when reading a line
Ask me anything: An error occurred: EOF when reading a line
Ask me anything: An error occurred: EOF when reading a line
Ask me anything: An error occurred: EOF when reading a line
Ask me anything: An error occurred: EOF when reading a line
Ask me anything: An error occurred: EOF when reading a line
Ask me anything: An error occurred: EOF when reading a line
Ask me anything: An error occurred: EOF when reading a line
Ask me anything: An error occurred: EOF when reading a line
Ask me anything: An error occurred: EOF when reading a line
Ask me anything: An error occurred: EOF when reading a line
Ask me anything: An error occurred: EOF when reading a line
Ask me anything: An error occurred: EOF when reading a line
Ask me anything: An error occurred: EOF when reading a line
Ask me anything: An error occurred: EOF when reading a line
Ask me anything: An error occurred: EOF when reading a line
Ask me anything: An error occurred: EOF when reading a line
Ask me anything: An error occurred: EOF when reading a line
Ask me anything: An error occurred: EOF when reading a line
Ask me anything: An error occurred: EOF when reading a line
Ask me anything: An error occurred: EOF when reading a line
Ask me anything: An error occurred: EOF when reading a line
Ask me anything: An error occurred: EOF when reading a line
Ask me anything: An error occurred: EOF when reading a line
Ask me anything: An error occurred: EOF when reading a line
Ask me anything: An error occurred: EOF when reading a line
Ask me anything: An error occurred: EOF when reading a line
Ask me anything: An error occurred: EOF when reading a line
Ask me anything: An error occurred: EOF when reading a line
Ask me anything: An error occurred: EOF when reading a line
Ask me anything: An error occurred: EOF when reading a line
Ask me anything: An error occurred: EOF when reading a line
Ask me anything: An error occurred: EOF when reading a line
Ask me anything: An error occurred: EOF when reading a line
Ask me anything: An error occurred: EOF when reading a line
Ask me anything: An error occurred: EOF when reading a line
Ask me anything: An error occurred: EOF when reading a line
Ask me anything: An error occurred: EOF when reading a line
Ask me anything: An error occurred: EOF when reading a line
Ask me anything: An error occurred: EOF when reading a line
Ask me anything: An error occurred: EOF when reading a line
Ask me anything: An error occurred: EOF when reading a line
Ask me anything: An error occurred: EOF when reading a line
Ask me anything: An error occurred: EOF when reading a line
Ask me anything: An error occurred: EOF when reading a line
Ask me anything: An error occurred: EOF when reading a line
Ask me anything: An error occurred: EOF when reading a line
Ask me anything: An error occurred: EOF when reading a line
Ask me anything: An error occurred: EOF when reading a line
Ask me anything: An error occurred: EOF when reading a line
Ask me anything: An error occurred: EOF when reading a line
Ask me anything: An error occurred: EOF when reading a line
Ask me anything: An error occurred: EOF when reading a line
Ask me anything: An error occurred: EOF when reading a line
Ask me anything: An error occurred: EOF when reading a line
Ask me anything: An error occurred: EOF when reading a line
Ask me anything: An error occurred: EOF when reading a line
Ask me anything: An error occurred: EOF when reading a line
Ask me anything: An error occurred: EOF when reading a line
Ask me anything: An error occurred: EOF when reading a line
Ask me anything: An error occurred: EOF when reading a line
Ask me anything: An error occurred: EOF when reading a line
Ask me anything: An error occurred: EOF when reading a line
Ask me anything: An error occurred: EOF when reading a line
Ask me anything: An error occurred: EOF when reading a line
Ask me anything: An error occurred: EOF when reading a line
Ask me anything: An error occurred: EOF when reading a line
Ask me anything: An error occurred: EOF when reading a line
Ask me anything: An error occurred: EOF when reading a line
Ask me anything: An error occurred: EOF when reading a line
Ask me anything: An error occurred: EOF when reading a line
Ask me anything: An error occurred: EOF when reading a line
Ask me anything: An error occurred: EOF when reading a line
Ask me anything: An error occurred: EOF when reading a line
Ask me anything: An error occurred: EOF when reading a line
Ask me anything: An error occurred: EOF when reading a line
Ask me anything: An error occurred: EOF when reading a line
Ask me anything: An error occurred: EOF when reading a line
Ask me anything: An error occurred: EOF when reading a line
Ask me anything: An error occurred: EOF when reading a line
Ask me anything: An error occurred: EOF when reading a line
Ask me anything: An error occurred: EOF when reading a line
Ask me anything: An error occurred: EOF when reading a line
Ask me anything: An error occurred: EOF when reading a line
Ask me anything: An error occurred: EOF when reading a line
Ask me anything: An error occurred: EOF when reading a line
Ask me anything: An error occurred: EOF when reading a line
Ask me anything: An error occurred: EOF when reading a line
Ask me anything: An error occurred: EOF when reading a line
Ask me anything: An error occurred: EOF when reading a line
Ask me anything: An error occurred: EOF when reading a line
Ask me anything: An error occurred: EOF when reading a line
Ask me anything: An error occurred: EOF when reading a line
Ask me anything: An error occurred: EOF when reading a line
Ask me anything: An error occurred: EOF when reading a line
Ask me anything: An error occurred: EOF when reading a line
Ask me anything: An error occurred: EOF when reading a line
Ask me anything: An error occurred: EOF when reading a line
Ask me anything: An error occurred: EOF when reading a line
Ask me anything: An error occurred: EOF when reading a line
Ask me anything: An error occurred: EOF when reading a line
Ask me anything: An error occurred: EOF when reading a line
Ask me anything: An error occurred: EOF when reading a line
Ask me anything: An error occurred: EOF when reading a line
Ask me anything: An error occurred: EOF when reading a line
Ask me anything: An error occurred: EOF when reading a line
Ask me anything: An error occurred: EOF when reading a line
Ask me anything: An error occurred: EOF when reading a line
Ask me anything: An error occurred: EOF when reading a line
Ask me anything: An error occurred: EOF when reading a line
Ask me anything: An error occurred: EOF when reading a line
Ask me anything: An error occurred: EOF when reading a line
Ask me anything: An error occurred: EOF when reading a line
Ask me anything: An error occurred: EOF when reading a line
Ask me anything: An error occurred: EOF when reading a line
Ask me anything: An error occurred: EOF when reading a line
Ask me anything: An error occurred: EOF when reading a line
Ask me anything: An error occurred: EOF when reading a line
Ask me anything: An error occurred: EOF when reading a line
Ask me anything: An error occurred: EOF when reading a line
Ask me anything: An error occurred: EOF when reading a line
Ask me anything: An error occurred: EOF when reading a line
Ask me anything: An error occurred: EOF when reading a line
Ask me anything: An error occurred: EOF when reading a line
Ask me anything: An error occurred: EOF when reading a line
Ask me anything: An error occurred: EOF when reading a line
Ask me anything: An error occurred: EOF when reading a line
Ask me anything: An error occurred: EOF when reading a line
Ask me anything: An error occurred: EOF when reading a line
Ask me anything: An error occurred: EOF when reading a line
Ask me anything: An error occurred: EOF when reading a line
Ask me anything: An error occurred: EOF when reading a line
Ask me anything: An error occurred: EOF when reading a line
Ask me anything: An error occurred: EOF when reading a line
Ask me anything: An error occurred: EOF when reading a line
Ask me anything: An error occurred: EOF when reading a line
Ask me anything: An error occurred: EOF when reading a line
Ask me anything: An error occurred: EOF when reading a line
Ask me anything: An error occurred: EOF when reading a line
Ask me anything: An error occurred: EOF when reading a line
Ask me anything: An error occurred: EOF when reading a line
Ask me anything: An error occurred: EOF when reading a line
Ask me anything: An error occurred: EOF when reading a line
Ask me anything: An error occurred: EOF when reading a line
Ask me anything: An error occurred: EOF when reading a line
Ask me anything: An error occurred: EOF when reading a line
Ask me anything: An error occurred: EOF when reading a line
Ask me anything: An error occurred: EOF when reading a line
Ask me anything: An error occurred: EOF when reading a line
Ask me anything: An error occurred: EOF when reading a line
Ask me anything: An error occurred: EOF when reading a line
Ask me anything: An error occurred: EOF when reading a line
Ask me anything: An error occurred: EOF when reading a line
Ask me anything: An error occurred: EOF when reading a line
Ask me anything: An error occurred: EOF when reading a line
Ask me anything: An error occurred: EOF when reading a line
Ask me anything: An error occurred: EOF when reading a line
Ask me anything: An error occurred: EOF when reading a line
Ask me anything: An error occurred: EOF when reading a line
Ask me anything: An error occurred: EOF when reading a line
Ask me anything: An error occurred: EOF when reading a line
Ask me anything: An error occurred: EOF when reading a line
Ask me anything: An error occurred: EOF when reading a line
Ask me anything: An error occurred: EOF when reading a line
Ask me anything: An error occurred: EOF when reading a line
Ask me anything: An error occurred: EOF when reading a line
Ask me anything: An error occurred: EOF when reading a line
Ask me anything: An error occurred: EOF when reading a line
Ask me anything: An error occurred: EOF when reading a line
Ask me anything: An error occurred: EOF when reading a line
Ask me anything: An error occurred: EOF when reading a line
Ask me anything: An error occurred: EOF when reading a line
Ask me anything: An error occurred: EOF when reading a line
Ask me anything: An error occurred: EOF when reading a line
Ask me anything: An error occurred: EOF when reading a line
Ask me anything: An error occurred: EOF when reading a line
Ask me anything: An error occurred: EOF when reading a line
Ask me anything: An error occurred: EOF when reading a line
Ask me anything: An error occurred: EOF when reading a line
Ask me anything: An error occurred: EOF when reading a line
Ask me anything: An error occurred: EOF when reading a line
Ask me anything: An error occurred: EOF when reading a line
Ask me anything: An error occurred: EOF when reading a line
Ask me anything: An error occurred: EOF when reading a line
Ask me anything: An error occurred: EOF when reading a line
Ask me anything: An error occurred: EOF when reading a line
Ask me anything: An error occurred: EOF when reading a line
Ask me anything: An error occurred: EOF when reading a line
Ask me anything: An error occurred: EOF when reading a line
Ask me anything: An error occurred: EOF when reading a line
Ask me anything: An error occurred: EOF when reading a line
Ask me anything: An error occurred: EOF when reading a line
Ask me anything: An error occurred: EOF when reading a line
Ask me anything: An error occurred: EOF when reading a line
Ask me anything: An error occurred: EOF when reading a line
Ask me anything: An error occurred: EOF when reading a line
Ask me anything: An error occurred: EOF when reading a line
Ask me anything: An error occurred: EOF when reading a line
Ask me anything: An error occurred: EOF when reading a line
Ask me anything: An error occurred: EOF when reading a line
Ask me anything: An error occurred: EOF when reading a line
Ask me anything: An error occurred: EOF when reading a line
Ask me anything: An error occurred: EOF when reading a line
Ask me anything: An error occurred: EOF when reading a line
Ask me anything: An error occurred: EOF when reading a line
Ask me anything: An error occurred: EOF when reading a line
Ask me anything: An error occurred: EOF when reading a line
Ask me anything: An error occurred: EOF when reading a line
Ask me anything: An error occurred: EOF when reading a line
Ask me anything: An error occurred: EOF when reading a line
Ask me anything: An error occurred: EOF when reading a line
Ask me anything: An error occurred: EOF when reading a line
Ask me anything: An error occurred: EOF when reading a line
Ask me anything: An error occurred: EOF when reading a line
Ask me anything: An error occurred: EOF when reading a line
Ask me anything: An error occurred: EOF when reading a line
Ask me anything: An error occurred: EOF when reading a line
Ask me anything: An error occurred: EOF when reading a line
Ask me anything: An error occurred: EOF when reading a line
Ask me anything: An error occurred: EOF when reading a line
Ask me anything: An error occurred: EOF when reading a line
Ask me anything: An error occurred: EOF when reading a line
Ask me anything: An error occurred: EOF when reading a line
Ask me anything: An error occurred: EOF when reading a line
Ask me anything: An error occurred: EOF when reading a line
Ask me anything: An error occurred: EOF when reading a line
Ask me anything: An error occurred: EOF when reading a line
Ask me anything: An error occurred: EOF when reading a line
Ask me anything: An error occurred: EOF when reading a line
Ask me anything: An error occurred: EOF when reading a line
Ask me anything: An error occurred: EOF when reading a line
Ask me anything: An error occurred: EOF when reading a line
Ask me anything: An error occurred: EOF when reading a line
Ask me anything: An error occurred: EOF when reading a line
Ask me anything: An error occurred: EOF when reading a line
Ask me anything: An error occurred: EOF when reading a line
Ask me anything: An error occurred: EOF when reading a line
Ask me anything: An error occurred: EOF when reading a line
Ask me anything: An error occurred: EOF when reading a line
Ask me anything: An error occurred: EOF when reading a line
Ask me anything: An error occurred: EOF when reading a line
Ask me anything: An error occurred: EOF when reading a line
Ask me anything: An error occurred: EOF when reading a line
Ask me anything: An error occurred: EOF when reading a line
Ask me anything: An error occurred: EOF when reading a line
Ask me anything: An error occurred: EOF when reading a line
Ask me anything: An error occurred: EOF when reading a line
Ask me anything: An error occurred: EOF when reading a line
Ask me anything: An error occurred: EOF when reading a line
Ask me anything: An error occurred: EOF when reading a line
Ask me anything: An error occurred: EOF when reading a line
Ask me anything: An error occurred: EOF when reading a line
Ask me anything: An error occurred: EOF when reading a line
Ask me anything: An error occurred: EOF when reading a line
Ask me anything: An error occurred: EOF when reading a line
Ask me anything: An error occurred: EOF when reading a line
Ask me anything: An error occurred: EOF when reading a line
Ask me anything: An error occurred: EOF when reading a line
Ask me anything: An error occurred: EOF when reading a line
Ask me anything: An error occurred: EOF when reading a line
Ask me anything: An error occurred: EOF when reading a line
Ask me anything: An error occurred: EOF when reading a line
Ask me anything: An error occurred: EOF when reading a line
Ask me anything: An error occurred: EOF when reading a line
Ask me anything: An error occurred: EOF when reading a line
Ask me anything: An error occurred: EOF when reading a line
Ask me anything: An error occurred: EOF when reading a line
Ask me anything: An error occurred: EOF when reading a line
Ask me anything: An error occurred: EOF when reading a line
Ask me anything: An error occurred: EOF when reading a line
Ask me anything: An error occurred: EOF when reading a line
Ask me anything: An error occurred: EOF when reading a line
Ask me anything: An error occurred: EOF when reading a line
Ask me anything: An error occurred: EOF when reading a line
Ask me anything: An error occurred: EOF when reading a line
Ask me anything: An error occurred: EOF when reading a line
Ask me anything: An error occurred: EOF when reading a line
Ask me anything: An error occurred: EOF when reading a line
Ask me anything: An error occurred: EOF when reading a line
Ask me anything: An error occurred: EOF when reading a line
Ask me anything: An error occurred: EOF when reading a line
Ask me anything: An error occurred: EOF when reading a line
Ask me anything: An error occurred: EOF when reading a line
Ask me anything: An error occurred: EOF when reading a line
Ask me anything: An error occurred: EOF when reading a line
Ask me anything: An error occurred: EOF when reading a line
Ask me anything: An error occurred: EOF when reading a line
Ask me anything: An error occurred: EOF when reading a line
Ask me anything: An error occurred: EOF when reading a line
Ask me anything: An error occurred: EOF when reading a line
Ask me anything: An error occurred: EOF when reading a line
Ask me anything: An error occurred: EOF when reading a line
Ask me anything: An error occurred: EOF when reading a line
Ask me anything: An error occurred: EOF when reading a line
Ask me anything: An error occurred: EOF when reading a line
Ask me anything: An error occurred: EOF when reading a line
Ask me anything: An error occurred: EOF when reading a line
Ask me anything: An error occurred: EOF when reading a line
Ask me anything: An error occurred: EOF when reading a line
Ask me anything: An error occurred: EOF when reading a line
Ask me anything: An error occurred: EOF when reading a line
Ask me anything: An error occurred: EOF when reading a line
Ask me anything: An error occurred: EOF when reading a line
Ask me anything: An error occurred: EOF when reading a line
Ask me anything: An error occurred: EOF when reading a line
Ask me anything: An error occurred: EOF when reading a line
Ask me anything: An error occurred: EOF when reading a line
Ask me anything: An error occurred: EOF when reading a line
Ask me anything: An error occurred: EOF when reading a line
Ask me anything: An error occurred: EOF when reading a line
Ask me anything: An error occurred: EOF when reading a line
Ask me anything: An error occurred: EOF when reading a line
Ask me anything: An error occurred: EOF when reading a line
Ask me anything: An error occurred: EOF when reading a line
Ask me anything: An error occurred: EOF when reading a line
Ask me anything: An error occurred: EOF when reading a line
Ask me anything: An error occurred: EOF when reading a line
Ask me anything: An error occurred: EOF when reading a line
Ask me anything: An error occurred: EOF when reading a line
Ask me anything: An error occurred: EOF when reading a line
Ask me anything: An error occurred: EOF when reading a line
Ask me anything: An error occurred: EOF when reading a line
Ask me anything: An error occurred: EOF when reading a line
Ask me anything: An error occurred: EOF when reading a line
Ask me anything: An error occurred: EOF when reading a line
Ask me anything: An error occurred: EOF when reading a line
Ask me anything: An error occurred: EOF when reading a line
Ask me anything: An error occurred: EOF when reading a line
Ask me anything: An error occurred: EOF when reading a line
Ask me anything: An error occurred: EOF when reading a line
Ask me anything: An error occurred: EOF when reading a line
Ask me anything: An error occurred: EOF when reading a line
Ask me anything: An error occurred: EOF when reading a line
Ask me anything: An error occurred: EOF when reading a line
Ask me anything: An error occurred: EOF when reading a line
Ask me anything: An error occurred: EOF when reading a line
Ask me anything: An error occurred: EOF when reading a line
Ask me anything: An error occurred: EOF when reading a line
Ask me anything: An error occurred: EOF when reading a line
Ask me anything: An error occurred: EOF when reading a line
Ask me anything: An error occurred: EOF when reading a line
Ask me anything: An error occurred: EOF when reading a line
Ask me anything: An error occurred: EOF when reading a line
Ask me anything: An error occurred: EOF when reading a line
Ask me anything: An error occurred: EOF when reading a line
Ask me anything: An error occurred: EOF when reading a line
Ask me anything: An error occurred: EOF when reading a line
Ask me anything: An error occurred: EOF when reading a line
Ask me anything: An error occurred: EOF when reading a line
Ask me anything: An error occurred: EOF when reading a line
Ask me anything: An error occurred: EOF when reading a line
Ask me anything: An error occurred: EOF when reading a line
Ask me anything: An error occurred: EOF when reading a line
Ask me anything: An error occurred: EOF when reading a line
Ask me anything: An error occurred: EOF when reading a line
Ask me anything: An error occurred: EOF when reading a line
Ask me anything: An error occurred: EOF when reading a line
Ask me anything: An error occurred: EOF when reading a line
Ask me anything: An error occurred: EOF when reading a line
Ask me anything: An error occurred: EOF when reading a line
Ask me anything: An error occurred: EOF when reading a line
Ask me anything: An error occurred: EOF when reading a line
Ask me anything: An error occurred: EOF when reading a line
Ask me anything: An error occurred: EOF when reading a line
Ask me anything: An error occurred: EOF when reading a line
Ask me anything: An error occurred: EOF when reading a line
Ask me anything: An error occurred: EOF when reading a line
Ask me anything: An error occurred: EOF when reading a line
Ask me anything: An error occurred: EOF when reading a line
Ask me anything: An error occurred: EOF when reading a line
Ask me anything: An error occurred: EOF when reading a line
Ask me anything: An error occurred: EOF when reading a line
Ask me anything: An error occurred: EOF when reading a line
Ask me anything: An error occurred: EOF when reading a line
Ask me anything: An error occurred: EOF when reading a line
Ask me anything: An error occurred: EOF when reading a line
Ask me anything: An error occurred: EOF when reading a line
Ask me anything: An error occurred: EOF when reading a line
Ask me anything: An error occurred: EOF when reading a line
Ask me anything: An error occurred: EOF when reading a line
Ask me anything: An error occurred: EOF when reading a line
Ask me anything: An error occurred: EOF when reading a line
Ask me anything: An error occurred: EOF when reading a line
Ask me anything: An error occurred: EOF when reading a line
Ask me anything: An error occurred: EOF when reading a line
Ask me anything: An error occurred: EOF when reading a line
Ask me anything: An error occurred: EOF when reading a line
Ask me anything: An error occurred: EOF when reading a line
Ask me anything: An error occurred: EOF when reading a line
Ask me anything: An error occurred: EOF when reading a line
Ask me anything: An error occurred: EOF when reading a line
Ask me anything: An error occurred: EOF when reading a line
Ask me anything: An error occurred: EOF when reading a line
Ask me anything: An error occurred: EOF when reading a line
Ask me anything: An error occurred: EOF when reading a line
Ask me anything: An error occurred: EOF when reading a line
Ask me anything: An error occurred: EOF when reading a line
Ask me anything: An error occurred: EOF when reading a line
Ask me anything: An error occurred: EOF when reading a line
Ask me anything: An error occurred: EOF when reading a line
Ask me anything: An error occurred: EOF when reading a line
Ask me anything: An error occurred: EOF when reading a line
Ask me anything: An error occurred: EOF when reading a line
Ask me anything: An error occurred: EOF when reading a line
Ask me anything: An error occurred: EOF when reading a line
Ask me anything: An error occurred: EOF when reading a line
Ask me anything: An error occurred: EOF when reading a line
Ask me anything: An error occurred: EOF when reading a line
Ask me anything: An error occurred: EOF when reading a line
Ask me anything: An error occurred: EOF when reading a line
Ask me anything: An error occurred: EOF when reading a line
Ask me anything: An error occurred: EOF when reading a line
Ask me anything: An error occurred: EOF when reading a line
Ask me anything: An error occurred: EOF when reading a line
Ask me anything: An error occurred: EOF when reading a line
Ask me anything: An error occurred: EOF when reading a line
Ask me anything: An error occurred: EOF when reading a line
Ask me anything: An error occurred: EOF when reading a line
Ask me anything: An error occurred: EOF when reading a line
Ask me anything: An error occurred: EOF when reading a line
Ask me anything: An error occurred: EOF when reading a line
Ask me anything: An error occurred: EOF when reading a line
Ask me anything: An error occurred: EOF when reading a line
Ask me anything: An error occurred: EOF when reading a line
Ask me anything: An error occurred: EOF when reading a line
Ask me anything: An error occurred: EOF when reading a line
Ask me anything: An error occurred: EOF when reading a line
Ask me anything: An error occurred: EOF when reading a line
Ask me anything: An error occurred: EOF when reading a line
Ask me anything: An error occurred: EOF when reading a line
Ask me anything: An error occurred: EOF when reading a line
Ask me anything: An error occurred: EOF when reading a line
Ask me anything: An error occurred: EOF when reading a line
Ask me anything: An error occurred: EOF when reading a line
Ask me anything: An error occurred: EOF when reading a line
Ask me anything: An error occurred: EOF when reading a line
Ask me anything: An error occurred: EOF when reading a line
Ask me anything: An error occurred: EOF when reading a line
Ask me anything: An error occurred: EOF when reading a line
Ask me anything: An error occurred: EOF when reading a line
Ask me anything: An error occurred: EOF when reading a line
Ask me anything: An error occurred: EOF when reading a line
Ask me anything: An error occurred: EOF when reading a line
Ask me anything: An error occurred: EOF when reading a line
Ask me anything: An error occurred: EOF when reading a line
Ask me anything: An error occurred: EOF when reading a line
Ask me anything: An error occurred: EOF when reading a line
Ask me anything: An error occurred: EOF when reading a line
Ask me anything: An error occurred: EOF when reading a line
Ask me anything: An error occurred: EOF when reading a line
Ask me anything: An error occurred: EOF when reading a line
Ask me anything: An error occurred: EOF when reading a line
Ask me anything: An error occurred: EOF when reading a line
Ask me anything: An error occurred: EOF when reading a line
Ask me anything: An error occurred: EOF when reading a line
Ask me anything: An error occurred: EOF when reading a line
Ask me anything: An error occurred: EOF when reading a line
Ask me anything: An error occurred: EOF when reading a line
Ask me anything: An error occurred: EOF when reading a line
Ask me anything: An error occurred: EOF when reading a line
Ask me anything: An error occurred: EOF when reading a line
Ask me anything: An error occurred: EOF when reading a line
Ask me anything: An error occurred: EOF when reading a line
Ask me anything: An error occurred: EOF when reading a line
Ask me anything: An error occurred: EOF when reading a line
Ask me anything: An error occurred: EOF when reading a line
Ask me anything: An error occurred: EOF when reading a line
Ask me anything: An error occurred: EOF when reading a line
Ask me anything: An error occurred: EOF when reading a line
Ask me anything: An error occurred: EOF when reading a line
Ask me anything: An error occurred: EOF when reading a line
Ask me anything: An error occurred: EOF when reading a line
Ask me anything: An error occurred: EOF when reading a line
Ask me anything: An error occurred: EOF when reading a line
Ask me anything: An error occurred: EOF when reading a line
Ask me anything: An error occurred: EOF when reading a line
Ask me anything: An error occurred: EOF when reading a line
Ask me anything: An error occurred: EOF when reading a line
Ask me anything: An error occurred: EOF when reading a line
Ask me anything: An error occurred: EOF when reading a line
Ask me anything: An error occurred: EOF when reading a line
Ask me anything: An error occurred: EOF when reading a line
Ask me anything: An error occurred: EOF when reading a line
Ask me anything: An error occurred: EOF when reading a line
Ask me anything: An error occurred: EOF when reading a line
Ask me anything: An error occurred: EOF when reading a line
Ask me anything: An error occurred: EOF when reading a line
Ask me anything: An error occurred: EOF when reading a line
Ask me anything: An error occurred: EOF when reading a line
Ask me anything: An error occurred: EOF when reading a line
Ask me anything: An error occurred: EOF when reading a line
Ask me anything: An error occurred: EOF when reading a line
Ask me anything: An error occurred: EOF when reading a line
Ask me anything: An error occurred: EOF when reading a line
Ask me anything: An error occurred: EOF when reading a line
Ask me anything: An error occurred: EOF when reading a line
Ask me anything: An error occurred: EOF when reading a line
Ask me anything: An error occurred: EOF when reading a line
Ask me anything: An error occurred: EOF when reading a line
Ask me anything: An error occurred: EOF when reading a line
Ask me anything: An error occurred: EOF when reading a line
Ask me anything: An error occurred: EOF when reading a line
Ask me anything: An error occurred: EOF when reading a line
Ask me anything: An error occurred: EOF when reading a line
Ask me anything: An error occurred: EOF when reading a line
Ask me anything: An error occurred: EOF when reading a line
Ask me anything: An error occurred: EOF when reading a line
Ask me anything: An error occurred: EOF when reading a line
Ask me anything: An error occurred: EOF when reading a line
Ask me anything: An error occurred: EOF when reading a line
Ask me anything: An error occurred: EOF when reading a line
Ask me anything: An error occurred: EOF when reading a line
Ask me anything: An error occurred: EOF when reading a line
Ask me anything: An error occurred: EOF when reading a line
Ask me anything: An error occurred: EOF when reading a line
Ask me anything: An error occurred: EOF when reading a line
Ask me anything: An error occurred: EOF when reading a line
Ask me anything: An error occurred: EOF when reading a line
Ask me anything: An error occurred: EOF when reading a line
Ask me anything: An error occurred: EOF when reading a line
Ask me anything: An error occurred: EOF when reading a line
Ask me anything: An error occurred: EOF when reading a line
Ask me anything: An error occurred: EOF when reading a line
Ask me anything: An error occurred: EOF when reading a line
Ask me anything: An error occurred: EOF when reading a line
Ask me anything: An error occurred: EOF when reading a line
Ask me anything: An error occurred: EOF when reading a line
Ask me anything: An error occurred: EOF when reading a line
Ask me anything: An error occurred: EOF when reading a line
Ask me anything: An error occurred: EOF when reading a line
Ask me anything: An error occurred: EOF when reading a line
Ask me anything: An error occurred: EOF when reading a line
Ask me anything: An error occurred: EOF when reading a line
Ask me anything: An error occurred: EOF when reading a line
Ask me anything: An error occurred: EOF when reading a line
Ask me anything: An error occurred: EOF when reading a line
Ask me anything: An error occurred: EOF when reading a line
Ask me anything: An error occurred: EOF when reading a line
Ask me anything: An error occurred: EOF when reading a line
Ask me anything: An error occurred: EOF when reading a line
Ask me anything: An error occurred: EOF when reading a line
Ask me anything: An error occurred: EOF when reading a line
Ask me anything: An error occurred: EOF when reading a line
Ask me anything: An error occurred: EOF when reading a line
Ask me anything: An error occurred: EOF when reading a line
Ask me anything: An error occurred: EOF when reading a line
Ask me anything: An error occurred: EOF when reading a line
Ask me anything: An error occurred: EOF when reading a line
Ask me anything: An error occurred: EOF when reading a line
Ask me anything: An error occurred: EOF when reading a line
Ask me anything: An error occurred: EOF when reading a line
Ask me anything: An error occurred: EOF when reading a line
Ask me anything: An error occurred: EOF when reading a line
Ask me anything: An error occurred: EOF when reading a line
Ask me anything: An error occurred: EOF when reading a line
Ask me anything: An error occurred: EOF when reading a line
Ask me anything: An error occurred: EOF when reading a line
Ask me anything: An error occurred: EOF when reading a line
Ask me anything: An error occurred: EOF when reading a line
Ask me anything: An error occurred: EOF when reading a line
Ask me anything: An error occurred: EOF when reading a line
Ask me anything: An error occurred: EOF when reading a line
Ask me anything: An error occurred: EOF when reading a line
Ask me anything: An error occurred: EOF when reading a line
Ask me anything: An error occurred: EOF when reading a line
Ask me anything: An error occurred: EOF when reading a line
Ask me anything: An error occurred: EOF when reading a line
Ask me anything: An error occurred: EOF when reading a line
Ask me anything: An error occurred: EOF when reading a line
Ask me anything: An error occurred: EOF when reading a line
Ask me anything: An error occurred: EOF when reading a line
Ask me anything: An error occurred: EOF when reading a line
Ask me anything: An error occurred: EOF when reading a line
Ask me anything: An error occurred: EOF when reading a line
Ask me anything: An error occurred: EOF when reading a line
Ask me anything: An error occurred: EOF when reading a line
Ask me anything: An error occurred: EOF when reading a line
Ask me anything: An error occurred: EOF when reading a line
Ask me anything: An error occurred: EOF when reading a line
Ask me anything: An error occurred: EOF when reading a line
Ask me anything: An error occurred: EOF when reading a line
Ask me anything: An error occurred: EOF when reading a line
Ask me anything: An error occurred: EOF when reading a line
Ask me anything: An error occurred: EOF when reading a line
Ask me anything: An error occurred: EOF when reading a line
Ask me anything: An error occurred: EOF when reading a line
Ask me anything: An error occurred: EOF when reading a line
Ask me anything: An error occurred: EOF when reading a line
Ask me anything: An error occurred: EOF when reading a line
Ask me anything: An error occurred: EOF when reading a line
Ask me anything: An error occurred: EOF when reading a line
Ask me anything: An error occurred: EOF when reading a line
Ask me anything: An error occurred: EOF when reading a line
Ask me anything: An error occurred: EOF when reading a line
Ask me anything: An error occurred: EOF when reading a line
Ask me anything: An error occurred: EOF when reading a line
Ask me anything: An error occurred: EOF when reading a line
Ask me anything: An error occurred: EOF when reading a line
Ask me anything: An error occurred: EOF when reading a line
Ask me anything: An error occurred: EOF when reading a line
Ask me anything: An error occurred: EOF when reading a line
Ask me anything: An error occurred: EOF when reading a line
Ask me anything: An error occurred: EOF when reading a line
Ask me anything: An error occurred: EOF when reading a line
Ask me anything: An error occurred: EOF when reading a line
Ask me anything: An error occurred: EOF when reading a line
Ask me anything: An error occurred: EOF when reading a line
Ask me anything: An error occurred: EOF when reading a line
Ask me anything: An error occurred: EOF when reading a line
Ask me anything: An error occurred: EOF when reading a line
Ask me anything: An error occurred: EOF when reading a line
Ask me anything: An error occurred: EOF when reading a line
Ask me anything: An error occurred: EOF when reading a line
Ask me anything: An error occurred: EOF when reading a line
Ask me anything: An error occurred: EOF when reading a line
Ask me anything: An error occurred: EOF when reading a line
Ask me anything: An error occurred: EOF when reading a line
Ask me anything: An error occurred: EOF when reading a line
Ask me anything: An error occurred: EOF when reading a line
Ask me anything: An error occurred: EOF when reading a line
Ask me anything: An error occurred: EOF when reading a line
Ask me anything: An error occurred: EOF when reading a line
Ask me anything: An error occurred: EOF when reading a line
Ask me anything: An error occurred: EOF when reading a line
Ask me anything: An error occurred: EOF when reading a line
Ask me anything: An error occurred: EOF when reading a line
Ask me anything: An error occurred: EOF when reading a line
Ask me anything: An error occurred: EOF when reading a line
Ask me anything: An error occurred: EOF when reading a line
Ask me anything: An error occurred: EOF when reading a line
Ask me anything: An error occurred: EOF when reading a line
Ask me anything: An error occurred: EOF when reading a line
Ask me anything: An error occurred: EOF when reading a line
Ask me anything: An error occurred: EOF when reading a line
Ask me anything: An error occurred: EOF when reading a line
Ask me anything: An error occurred: EOF when reading a line
Ask me anything: An error occurred: EOF when reading a line
Ask me anything: An error occurred: EOF when reading a line
Ask me anything: An error occurred: EOF when reading a line
Ask me anything: An error occurred: EOF when reading a line
Ask me anything: An error occurred: EOF when reading a line
Ask me anything: An error occurred: EOF when reading a line
Ask me anything: An error occurred: EOF when reading a line
Ask me anything: An error occurred: EOF when reading a line
Ask me anything: An error occurred: EOF when reading a line
Ask me anything: An error occurred: EOF when reading a line
Ask me anything: An error occurred: EOF when reading a line
Ask me anything: An error occurred: EOF when reading a line
Ask me anything: An error occurred: EOF when reading a line
Ask me anything: An error occurred: EOF when reading a line
Ask me anything: An error occurred: EOF when reading a line
Ask me anything: An error occurred: EOF when reading a line
Ask me anything: An error occurred: EOF when reading a line
Ask me anything: An error occurred: EOF when reading a line
Ask me anything: An error occurred: EOF when reading a line
Ask me anything: An error occurred: EOF when reading a line
Ask me anything: An error occurred: EOF when reading a line
Ask me anything: An error occurred: EOF when reading a line
Ask me anything: An error occurred: EOF when reading a line
Ask me anything: An error occurred: EOF when reading a line
Ask me anything: An error occurred: EOF when reading a line
Ask me anything: An error occurred: EOF when reading a line
Ask me anything: An error occurred: EOF when reading a line
Ask me anything: An error occurred: EOF when reading a line
Ask me anything: An error occurred: EOF when reading a line
Ask me anything: An error occurred: EOF when reading a line
Ask me anything: An error occurred: EOF when reading a line
Ask me anything: An error occurred: EOF when reading a line
Ask me anything: An error occurred: EOF when reading a line
Ask me anything: An error occurred: EOF when reading a line
Ask me anything: An error occurred: EOF when reading a line
Ask me anything: An error occurred: EOF when reading a line
Ask me anything: An error occurred: EOF when reading a line
Ask me anything: An error occurred: EOF when reading a line
Ask me anything: An error occurred: EOF when reading a line
Ask me anything: An error occurred: EOF when reading a line
Ask me anything: An error occurred: EOF when reading a line
Ask me anything: An error occurred: EOF when reading a line
Ask me anything: An error occurred: EOF when reading a line
Ask me anything: An error occurred: EOF when reading a line
Ask me anything: An error occurred: EOF when reading a line
Ask me anything: An error occurred: EOF when reading a line
Ask me anything: An error occurred: EOF when reading a line
Ask me anything: An error occurred: EOF when reading a line
Ask me anything: An error occurred: EOF when reading a line
Ask me anything: An error occurred: EOF when reading a line
Ask me anything: An error occurred: EOF when reading a line
Ask me anything: An error occurred: EOF when reading a line
Ask me anything: An error occurred: EOF when reading a line
Ask me anything: An error occurred: EOF when reading a line
Ask me anything: An error occurred: EOF when reading a line
Ask me anything: An error occurred: EOF when reading a line
Ask me anything: An error occurred: EOF when reading a line
Ask me anything: An error occurred: EOF when reading a line
Ask me anything: An error occurred: EOF when reading a line
Ask me anything: An error occurred: EOF when reading a line
Ask me anything: An error occurred: EOF when reading a line
Ask me anything: An error occurred: EOF when reading a line
Ask me anything: An error occurred: EOF when reading a line
Ask me anything: An error occurred: EOF when reading a line
Ask me anything: An error occurred: EOF when reading a line
Ask me anything: An error occurred: EOF when reading a line
Ask me anything: An error occurred: EOF when reading a line
Ask me anything: An error occurred: EOF when reading a line
Ask me anything: An error occurred: EOF when reading a line
Ask me anything: An error occurred: EOF when reading a line
Ask me anything: An error occurred: EOF when reading a line
Ask me anything: An error occurred: EOF when reading a line
Ask me anything: An error occurred: EOF when reading a line
Ask me anything: An error occurred: EOF when reading a line
Ask me anything: An error occurred: EOF when reading a line
Ask me anything: An error occurred: EOF when reading a line
Ask me anything: An error occurred: EOF when reading a line
Ask me anything: An error occurred: EOF when reading a line
Ask me anything: An error occurred: EOF when reading a line
Ask me anything: An error occurred: EOF when reading a line
Ask me anything: An error occurred: EOF when reading a line
Ask me anything: An error occurred: EOF when reading a line
Ask me anything: An error occurred: EOF when reading a line
Ask me anything: An error occurred: EOF when reading a line
Ask me anything: An error occurred: EOF when reading a line
Ask me anything: An error occurred: EOF when reading a line
Ask me anything: An error occurred: EOF when reading a line
Ask me anything: An error occurred: EOF when reading a line
Ask me anything: An error occurred: EOF when reading a line
Ask me anything: An error occurred: EOF when reading a line
Ask me anything: An error occurred: EOF when reading a line
Ask me anything: An error occurred: EOF when reading a line
Ask me anything: An error occurred: EOF when reading a line
Ask me anything: An error occurred: EOF when reading a line
Ask me anything: An error occurred: EOF when reading a line
Ask me anything: An error occurred: EOF when reading a line
Ask me anything: An error occurred: EOF when reading a line
Ask me anything: An error occurred: EOF when reading a line
Ask me anything: An error occurred: EOF when reading a line
Ask me anything: An error occurred: EOF when reading a line
Ask me anything: An error occurred: EOF when reading a line
Ask me anything: An error occurred: EOF when reading a line
Ask me anything: An error occurred: EOF when reading a line
Ask me anything: An error occurred: EOF when reading a line
Ask me anything: An error occurred: EOF when reading a line
Ask me anything: An error occurred: EOF when reading a line
Ask me anything: An error occurred: EOF when reading a line
Ask me anything: An error occurred: EOF when reading a line
Ask me anything: An error occurred: EOF when reading a line
Ask me anything: An error occurred: EOF when reading a line
Ask me anything: An error occurred: EOF when reading a line
Ask me anything: An error occurred: EOF when reading a line
Ask me anything: An error occurred: EOF when reading a line
Ask me anything: An error occurred: EOF when reading a line
Ask me anything: An error occurred: EOF when reading a line
Ask me anything: An error occurred: EOF when reading a line
Ask me anything: An error occurred: EOF when reading a line
Ask me anything: An error occurred: EOF when reading a line
Ask me anything: An error occurred: EOF when reading a line
Ask me anything: An error occurred: EOF when reading a line
Ask me anything: An error occurred: EOF when reading a line
Ask me anything: An error occurred: EOF when reading a line
Ask me anything: An error occurred: EOF when reading a line
Ask me anything: An error occurred: EOF when reading a line
Ask me anything: An error occurred: EOF when reading a line
Ask me anything: An error occurred: EOF when reading a line
Ask me anything: An error occurred: EOF when reading a line
Ask me anything: An error occurred: EOF when reading a line
Ask me anything: An error occurred: EOF when reading a line
Ask me anything: An error occurred: EOF when reading a line
Ask me anything: An error occurred: EOF when reading a line
Ask me anything: An error occurred: EOF when reading a line
Ask me anything: An error occurred: EOF when reading a line
Ask me anything: An error occurred: EOF when reading a line
Ask me anything: An error occurred: EOF when reading a line
Ask me anything: An error occurred: EOF when reading a line
Ask me anything: An error occurred: EOF when reading a line
Ask me anything: An error occurred: EOF when reading a line
Ask me anything: An error occurred: EOF when reading a line
Ask me anything: An error occurred: EOF when reading a line
Ask me anything: An error occurred: EOF when reading a line
Ask me anything: An error occurred: EOF when reading a line
Ask me anything: An error occurred: EOF when reading a line
Ask me anything: An error occurred: EOF when reading a line
Ask me anything: An error occurred: EOF when reading a line
Ask me anything: An error occurred: EOF when reading a line
Ask me anything: An error occurred: EOF when reading a line
Ask me anything: An error occurred: EOF when reading a line
Ask me anything: An error occurred: EOF when reading a line
Ask me anything: An error occurred: EOF when reading a line
Ask me anything: An error occurred: EOF when reading a line
Ask me anything: An error occurred: EOF when reading a line
Ask me anything: An error occurred: EOF when reading a line
Ask me anything: An error occurred: EOF when reading a line
Ask me anything: An error occurred: EOF when reading a line
Ask me anything: An error occurred: EOF when reading a line
Ask me anything: An error occurred: EOF when reading a line
Ask me anything: An error occurred: EOF when reading a line
Ask me anything: An error occurred: EOF when reading a line
Ask me anything: An error occurred: EOF when reading a line
Ask me anything: An error occurred: EOF when reading a line
Ask me anything: An error occurred: EOF when reading a line
Ask me anything: An error occurred: EOF when reading a line
Ask me anything: An error occurred: EOF when reading a line
Ask me anything: An error occurred: EOF when reading a line
Ask me anything: An error occurred: EOF when reading a line
Ask me anything: An error occurred: EOF when reading a line
Ask me anything: An error occurred: EOF when reading a line
Ask me anything: An error occurred: EOF when reading a line
Ask me anything: An error occurred: EOF when reading a line
Ask me anything: An error occurred: EOF when reading a line
Ask me anything: An error occurred: EOF when reading a line
Ask me anything: An error occurred: EOF when reading a line
Ask me anything: An error occurred: EOF when reading a line
Ask me anything: An error occurred: EOF when reading a line
Ask me anything: An error occurred: EOF when reading a line
Ask me anything: An error occurred: EOF when reading a line
Ask me anything: An error occurred: EOF when reading a line
Ask me anything: An error occurred: EOF when reading a line
Ask me anything: An error occurred: EOF when reading a line
Ask me anything: An error occurred: EOF when reading a line
Ask me anything: An error occurred: EOF when reading a line
Ask me anything: An error occurred: EOF when reading a line
Ask me anything: An error occurred: EOF when reading a line
Ask me anything: An error occurred: EOF when reading a line
Ask me anything: An error occurred: EOF when reading a line
Ask me anything: An error occurred: EOF when reading a line
Ask me anything: An error occurred: EOF when reading a line
Ask me anything: An error occurred: EOF when reading a line
Ask me anything: An error occurred: EOF when reading a line
Ask me anything: An error occurred: EOF when reading a line
Ask me anything: An error occurred: EOF when reading a line
Ask me anything: An error occurred: EOF when reading a line
Ask me anything: An error occurred: EOF when reading a line
Ask me anything: An error occurred: EOF when reading a line
Ask me anything: An error occurred: EOF when reading a line
Ask me anything: An error occurred: EOF when reading a line
Ask me anything: An error occurred: EOF when reading a line
Ask me anything: An error occurred: EOF when reading a line
Ask me anything: An error occurred: EOF when reading a line
Ask me anything: An error occurred: EOF when reading a line
Ask me anything: An error occurred: EOF when reading a line
Ask me anything: An error occurred: EOF when reading a line
Ask me anything: An error occurred: EOF when reading a line
Ask me anything: An error occurred: EOF when reading a line
Ask me anything: An error occurred: EOF when reading a line
Ask me anything: An error occurred: EOF when reading a line
Ask me anything: An error occurred: EOF when reading a line
Ask me anything: An error occurred: EOF when reading a line
Ask me anything: An error occurred: EOF when reading a line
Ask me anything: An error occurred: EOF when reading a line
Ask me anything: An error occurred: EOF when reading a line
Ask me anything: An error occurred: EOF when reading a line
Ask me anything: An error occurred: EOF when reading a line
Ask me anything: An error occurred: EOF when reading a line
Ask me anything: An error occurred: EOF when reading a line
Ask me anything: An error occurred: EOF when reading a line
Ask me anything: An error occurred: EOF when reading a line
Ask me anything: An error occurred: EOF when reading a line
Ask me anything: An error occurred: EOF when reading a line
Ask me anything: An error occurred: EOF when reading a line
Ask me anything: An error occurred: EOF when reading a line
Ask me anything: An error occurred: EOF when reading a line
Ask me anything: An error occurred: EOF when reading a line
Ask me anything: An error occurred: EOF when reading a line
Ask me anything: An error occurred: EOF when reading a line
Ask me anything: An error occurred: EOF when reading a line
Ask me anything: An error occurred: EOF when reading a line
Ask me anything: An error occurred: EOF when reading a line
Ask me anything: An error occurred: EOF when reading a line
Ask me anything: An error occurred: EOF when reading a line
Ask me anything: An error occurred: EOF when reading a line
Ask me anything: An error occurred: EOF when reading a line
Ask me anything: An error occurred: EOF when reading a line
Ask me anything: An error occurred: EOF when reading a line
Ask me anything: An error occurred: EOF when reading a line
Ask me anything: An error occurred: EOF when reading a line
Ask me anything: An error occurred: EOF when reading a line
Ask me anything: An error occurred: EOF when reading a line
Ask me anything: An error occurred: EOF when reading a line
Ask me anything: An error occurred: EOF when reading a line
Ask me anything: An error occurred: EOF when reading a line
Ask me anything: An error occurred: EOF when reading a line
Ask me anything: An error occurred: EOF when reading a line
Ask me anything: An error occurred: EOF when reading a line
Ask me anything: An error occurred: EOF when reading a line
Ask me anything: An error occurred: EOF when reading a line
Ask me anything: An error occurred: EOF when reading a line
Ask me anything: An error occurred: EOF when reading a line
Ask me anything: An error occurred: EOF when reading a line
Ask me anything: An error occurred: EOF when reading a line
Ask me anything: An error occurred: EOF when reading a line
Ask me anything: An error occurred: EOF when reading a line
Ask me anything: An error occurred: EOF when reading a line
Ask me anything: An error occurred: EOF when reading a line
Ask me anything: An error occurred: EOF when reading a line
Ask me anything: An error occurred: EOF when reading a line
Ask me anything: An error occurred: EOF when reading a line
Ask me anything: An error occurred: EOF when reading a line
Ask me anything: An error occurred: EOF when reading a line
Ask me anything: An error occurred: EOF when reading a line
Ask me anything: An error occurred: EOF when reading a line
Ask me anything: An error occurred: EOF when reading a line
Ask me anything: An error occurred: EOF when reading a line
Ask me anything: An error occurred: EOF when reading a line
Ask me anything: An error occurred: EOF when reading a line
Ask me anything: An error occurred: EOF when reading a line
Ask me anything: An error occurred: EOF when reading a line
Ask me anything: An error occurred: EOF when reading a line
Ask me anything: An error occurred: EOF when reading a line
Ask me anything: An error occurred: EOF when reading a line
Ask me anything: An error occurred: EOF when reading a line
Ask me anything: An error occurred: EOF when reading a line
Ask me anything: An error occurred: EOF when reading a line
Ask me anything: An error occurred: EOF when reading a line
Ask me anything: An error occurred: EOF when reading a line
Ask me anything: An error occurred: EOF when reading a line
Ask me anything: An error occurred: EOF when reading a line
Ask me anything: An error occurred: EOF when reading a line
Ask me anything: An error occurred: EOF when reading a line
Ask me anything: An error occurred: EOF when reading a line
Ask me anything: An error occurred: EOF when reading a line
Ask me anything: An error occurred: EOF when reading a line
Ask me anything: An error occurred: EOF when reading a line
Ask me anything: An error occurred: EOF when reading a line
Ask me anything: An error occurred: EOF when reading a line
Ask me anything: An error occurred: EOF when reading a line
Ask me anything: An error occurred: EOF when reading a line
Ask me anything: An error occurred: EOF when reading a line
Ask me anything: An error occurred: EOF when reading a line
Ask me anything: An error occurred: EOF when reading a line
Ask me anything: An error occurred: EOF when reading a line
Ask me anything: An error occurred: EOF when reading a line
Ask me anything: An error occurred: EOF when reading a line
Ask me anything: An error occurred: EOF when reading a line
Ask me anything: An error occurred: EOF when reading a line
Ask me anything: An error occurred: EOF when reading a line
Ask me anything: An error occurred: EOF when reading a line
Ask me anything: An error occurred: EOF when reading a line
Ask me anything: An error occurred: EOF when reading a line
Ask me anything: An error occurred: EOF when reading a line
Ask me anything: An error occurred: EOF when reading a line
Ask me anything: An error occurred: EOF when reading a line
Ask me anything: An error occurred: EOF when reading a line
Ask me anything: An error occurred: EOF when reading a line
Ask me anything: An error occurred: EOF when reading a line
Ask me anything: An error occurred: EOF when reading a line
Ask me anything: An error occurred: EOF when reading a line
Ask me anything: An error occurred: EOF when reading a line
Ask me anything: An error occurred: EOF when reading a line
Ask me anything: An error occurred: EOF when reading a line
Ask me anything: An error occurred: EOF when reading a line
Ask me anything: An error occurred: EOF when reading a line
Ask me anything: An error occurred: EOF when reading a line
Ask me anything: An error occurred: EOF when reading a line
Ask me anything: An error occurred: EOF when reading a line
Ask me anything: An error occurred: EOF when reading a line
Ask me anything: An error occurred: EOF when reading a line
Ask me anything: An error occurred: EOF when reading a line
Ask me anything: An error occurred: EOF when reading a line
Ask me anything: An error occurred: EOF when reading a line
Ask me anything: An error occurred: EOF when reading a line
Ask me anything: An error occurred: EOF when reading a line
Ask me anything: An error occurred: EOF when reading a line
Ask me anything: An error occurred: EOF when reading a line
Ask me anything: An error occurred: EOF when reading a line
Ask me anything: An error occurred: EOF when reading a line
Ask me anything: An error occurred: EOF when reading a line
Ask me anything: An error occurred: EOF when reading a line
Ask me anything: An error occurred: EOF when reading a line
Ask me anything: An error occurred: EOF when reading a line
Ask me anything: An error occurred: EOF when reading a line
Ask me anything: An error occurred: EOF when reading a line
Ask me anything: An error occurred: EOF when reading a line
Ask me anything: An error occurred: EOF when reading a line
Ask me anything: An error occurred: EOF when reading a line
Ask me anything: An error occurred: EOF when reading a line
Ask me anything: An error occurred: EOF when reading a line
Ask me anything: An error occurred: EOF when reading a line
Ask me anything: An error occurred: EOF when reading a line
Ask me anything: An error occurred: EOF when reading a line
Ask me anything: An error occurred: EOF when reading a line
Ask me anything: An error occurred: EOF when reading a line
Ask me anything: An error occurred: EOF when reading a line
Ask me anything: An error occurred: EOF when reading a line
Ask me anything: An error occurred: EOF when reading a line
Ask me anything: An error occurred: EOF when reading a line
Ask me anything: An error occurred: EOF when reading a line
Ask me anything: An error occurred: EOF when reading a line
Ask me anything: An error occurred: EOF when reading a line
Ask me anything: An error occurred: EOF when reading a line
Ask me anything: An error occurred: EOF when reading a line
Ask me anything: An error occurred: EOF when reading a line
Ask me anything: An error occurred: EOF when reading a line
Ask me anything: An error occurred: EOF when reading a line
Ask me anything: An error occurred: EOF when reading a line
Ask me anything: An error occurred: EOF when reading a line
Ask me anything: An error occurred: EOF when reading a line
Ask me anything: An error occurred: EOF when reading a line
Ask me anything: An error occurred: EOF when reading a line
Ask me anything: An error occurred: EOF when reading a line
Ask me anything: An error occurred: EOF when reading a line
Ask me anything: An error occurred: EOF when reading a line
Ask me anything: An error occurred: EOF when reading a line
Ask me anything: An error occurred: EOF when reading a line
Ask me anything: An error occurred: EOF when reading a line
Ask me anything: An error occurred: EOF when reading a line
Ask me anything: An error occurred: EOF when reading a line
Ask me anything: An error occurred: EOF when reading a line
Ask me anything: An error occurred: EOF when reading a line
Ask me anything: An error occurred: EOF when reading a line
Ask me anything: An error occurred: EOF when reading a line
Ask me anything: An error occurred: EOF when reading a line
Ask me anything: An error occurred: EOF when reading a line
Ask me anything: An error occurred: EOF when reading a line
Ask me anything: An error occurred: EOF when reading a line
Ask me anything: An error occurred: EOF when reading a line
Ask me anything: An error occurred: EOF when reading a line
Ask me anything: An error occurred: EOF when reading a line
Ask me anything: An error occurred: EOF when reading a line
Ask me anything: An error occurred: EOF when reading a line
Ask me anything: An error occurred: EOF when reading a line
Ask me anything: An error occurred: EOF when reading a line
Ask me anything: An error occurred: EOF when reading a line
Ask me anything: An error occurred: EOF when reading a line
Ask me anything: An error occurred: EOF when reading a line
Ask me anything: An error occurred: EOF when reading a line
Ask me anything: An error occurred: EOF when reading a line
Ask me anything: An error occurred: EOF when reading a line
Ask me anything: An error occurred: EOF when reading a line
Ask me anything: An error occurred: EOF when reading a line
Ask me anything: An error occurred: EOF when reading a line
Ask me anything: An error occurred: EOF when reading a line
Ask me anything: An error occurred: EOF when reading a line
Ask me anything: An error occurred: EOF when reading a line
Ask me anything: An error occurred: EOF when reading a line
Ask me anything: An error occurred: EOF when reading a line
Ask me anything: An error occurred: EOF when reading a line
Ask me anything: An error occurred: EOF when reading a line
Ask me anything: An error occurred: EOF when reading a line
Ask me anything: An error occurred: EOF when reading a line
Ask me anything: An error occurred: EOF when reading a line
Ask me anything: An error occurred: EOF when reading a line
Ask me anything: An error occurred: EOF when reading a line
Ask me anything: An error occurred: EOF when reading a line
Ask me anything: An error occurred: EOF when reading a line
Ask me anything: An error occurred: EOF when reading a line
Ask me anything: An error occurred: EOF when reading a line
Ask me anything: An error occurred: EOF when reading a line
Ask me anything: An error occurred: EOF when reading a line
Ask me anything: An error occurred: EOF when reading a line
Ask me anything: An error occurred: EOF when reading a line
Ask me anything: An error occurred: EOF when reading a line
Ask me anything: An error occurred: EOF when reading a line
Ask me anything: An error occurred: EOF when reading a line
Ask me anything: An error occurred: EOF when reading a line
Ask me anything: An error occurred: EOF when reading a line
Ask me anything: An error occurred: EOF when reading a line
Ask me anything: An error occurred: EOF when reading a line
Ask me anything: An error occurred: EOF when reading a line
Ask me anything: An error occurred: EOF when reading a line
Ask me anything: An error occurred: EOF when reading a line
Ask me anything: An error occurred: EOF when reading a line
Ask me anything: An error occurred: EOF when reading a line
Ask me anything: An error occurred: EOF when reading a line
Ask me anything: An error occurred: EOF when reading a line
Ask me anything: An error occurred: EOF when reading a line
Ask me anything: An error occurred: EOF when reading a line
Ask me anything: An error occurred: EOF when reading a line
Ask me anything: An error occurred: EOF when reading a line
Ask me anything: An error occurred: EOF when reading a line
Ask me anything: An error occurred: EOF when reading a line
Ask me anything: An error occurred: EOF when reading a line
Ask me anything: An error occurred: EOF when reading a line
Ask me anything: An error occurred: EOF when reading a line
Ask me anything: An error occurred: EOF when reading a line
Ask me anything: An error occurred: EOF when reading a line
Ask me anything: An error occurred: EOF when reading a line
Ask me anything: An error occurred: EOF when reading a line
Ask me anything: An error occurred: EOF when reading a line
Ask me anything: An error occurred: EOF when reading a line
Ask me anything: An error occurred: EOF when reading a line
Ask me anything: An error occurred: EOF when reading a line
Ask me anything: An error occurred: EOF when reading a line
Ask me anything: An error occurred: EOF when reading a line
Ask me anything: An error occurred: EOF when reading a line
Ask me anything: An error occurred: EOF when reading a line
Ask me anything: An error occurred: EOF when reading a line
Ask me anything: An error occurred: EOF when reading a line
Ask me anything: An error occurred: EOF when reading a line
Ask me anything: An error occurred: EOF when reading a line
Ask me anything: An error occurred: EOF when reading a line
Ask me anything: An error occurred: EOF when reading a line
Ask me anything: An error occurred: EOF when reading a line
Ask me anything: An error occurred: EOF when reading a line
Ask me anything: An error occurred: EOF when reading a line
Ask me anything: An error occurred: EOF when reading a line
Ask me anything: An error occurred: EOF when reading a line
Ask me anything: An error occurred: EOF when reading a line
Ask me anything: An error occurred: EOF when reading a line
Ask me anything: An error occurred: EOF when reading a line
Ask me anything: An error occurred: EOF when reading a line
Ask me anything: An error occurred: EOF when reading a line
Ask me anything: An error occurred: EOF when reading a line
Ask me anything: An error occurred: EOF when reading a line
Ask me anything: An error occurred: EOF when reading a line
Ask me anything: An error occurred: EOF when reading a line
Ask me anything: An error occurred: EOF when reading a line
Ask me anything: An error occurred: EOF when reading a line
Ask me anything: An error occurred: EOF when reading a line
Ask me anything: An error occurred: EOF when reading a line
Ask me anything: An error occurred: EOF when reading a line
Ask me anything: An error occurred: EOF when reading a line
Ask me anything: An error occurred: EOF when reading a line
Ask me anything: An error occurred: EOF when reading a line
Ask me anything: An error occurred: EOF when reading a line
Ask me anything: An error occurred: EOF when reading a line
Ask me anything: An error occurred: EOF when reading a line
Ask me anything: An error occurred: EOF when reading a line
Ask me anything: An error occurred: EOF when reading a line
Ask me anything: An error occurred: EOF when reading a line
Ask me anything: An error occurred: EOF when reading a line
Ask me anything: An error occurred: EOF when reading a line
Ask me anything: An error occurred: EOF when reading a line
Ask me anything: An error occurred: EOF when reading a line
Ask me anything: An error occurred: EOF when reading a line
Ask me anything: An error occurred: EOF when reading a line
Ask me anything: An error occurred: EOF when reading a line
Ask me anything: An error occurred: EOF when reading a line
Ask me anything: An error occurred: EOF when reading a line
Ask me anything: An error occurred: EOF when reading a line
Ask me anything: An error occurred: EOF when reading a line
Ask me anything: An error occurred: EOF when reading a line
Ask me anything: An error occurred: EOF when reading a line
Ask me anything: An error occurred: EOF when reading a line
Ask me anything: An error occurred: EOF when reading a line
Ask me anything: An error occurred: EOF when reading a line
Ask me anything: An error occurred: EOF when reading a line
Ask me anything: An error occurred: EOF when reading a line
Ask me anything: An error occurred: EOF when reading a line
Ask me anything: An error occurred: EOF when reading a line
Ask me anything: An error occurred: EOF when reading a line
Ask me anything: An error occurred: EOF when reading a line
Ask me anything: An error occurred: EOF when reading a line
Ask me anything: An error occurred: EOF when reading a line
Ask me anything: An error occurred: EOF when reading a line
Ask me anything: An error occurred: EOF when reading a line
Ask me anything: An error occurred: EOF when reading a line
Ask me anything: An error occurred: EOF when reading a line
Ask me anything: An error occurred: EOF when reading a line
Ask me anything: An error occurred: EOF when reading a line
Ask me anything: An error occurred: EOF when reading a line
Ask me anything: An error occurred: EOF when reading a line
Ask me anything: An error occurred: EOF when reading a line
Ask me anything: An error occurred: EOF when reading a line
Ask me anything: An error occurred: EOF when reading a line
Ask me anything: An error occurred: EOF when reading a line
Ask me anything: An error occurred: EOF when reading a line
Ask me anything: An error occurred: EOF when reading a line
Ask me anything: An error occurred: EOF when reading a line
Ask me anything: An error occurred: EOF when reading a line
Ask me anything: An error occurred: EOF when reading a line
Ask me anything: An error occurred: EOF when reading a line
Ask me anything: An error occurred: EOF when reading a line
Ask me anything: An error occurred: EOF when reading a line
Ask me anything: An error occurred: EOF when reading a line
Ask me anything: An error occurred: EOF when reading a line
Ask me anything: An error occurred: EOF when reading a line
Ask me anything: An error occurred: EOF when reading a line
Ask me anything: An error occurred: EOF when reading a line
Ask me anything: An error occurred: EOF when reading a line
Ask me anything: An error occurred: EOF when reading a line
Ask me anything: An error occurred: EOF when reading a line
Ask me anything: An error occurred: EOF when reading a line
Ask me anything: An error occurred: EOF when reading a line
Ask me anything: An error occurred: EOF when reading a line
Ask me anything: An error occurred: EOF when reading a line
Ask me anything: An error occurred: EOF when reading a line
Ask me anything: An error occurred: EOF when reading a line
Ask me anything: An error occurred: EOF when reading a line
Ask me anything: An error occurred: EOF when reading a line
Ask me anything: An error occurred: EOF when reading a line
Ask me anything: An error occurred: EOF when reading a line
Ask me anything: An error occurred: EOF when reading a line
Ask me anything: An error occurred: EOF when reading a line
Ask me anything: An error occurred: EOF when reading a line
Ask me anything: An error occurred: EOF when reading a line
Ask me anything: An error occurred: EOF when reading a line
Ask me anything: An error occurred: EOF when reading a line
Ask me anything: An error occurred: EOF when reading a line
Ask me anything: An error occurred: EOF when reading a line
Ask me anything: An error occurred: EOF when reading a line
Ask me anything: An error occurred: EOF when reading a line
Ask me anything: An error occurred: EOF when reading a line
Ask me anything: An error occurred: EOF when reading a line
Ask me anything: An error occurred: EOF when reading a line
Ask me anything: An error occurred: EOF when reading a line
Ask me anything: An error occurred: EOF when reading a line
Ask me anything: An error occurred: EOF when reading a line
Ask me anything: An error occurred: EOF when reading a line
Ask me anything: An error occurred: EOF when reading a line
Ask me anything: An error occurred: EOF when reading a line
Ask me anything: An error occurred: EOF when reading a line
Ask me anything: An error occurred: EOF when reading a line
Ask me anything: An error occurred: EOF when reading a line
Ask me anything: An error occurred: EOF when reading a line
Ask me anything: An error occurred: EOF when reading a line
Ask me anything: An error occurred: EOF when reading a line
Ask me anything: An error occurred: EOF when reading a line
Ask me anything: An error occurred: EOF when reading a line
Ask me anything: An error occurred: EOF when reading a line
Ask me anything: An error occurred: EOF when reading a line
Ask me anything: An error occurred: EOF when reading a line
Ask me anything: An error occurred: EOF when reading a line
Ask me anything: An error occurred: EOF when reading a line
Ask me anything: An error occurred: EOF when reading a line
Ask me anything: An error occurred: EOF when reading a line
Ask me anything: An error occurred: EOF when reading a line
Ask me anything: An error occurred: EOF when reading a line
Ask me anything: An error occurred: EOF when reading a line
Ask me anything: An error occurred: EOF when reading a line
Ask me anything: An error occurred: EOF when reading a line
Ask me anything: An error occurred: EOF when reading a line
Ask me anything: An error occurred: EOF when reading a line
Ask me anything: An error occurred: EOF when reading a line
Ask me anything: An error occurred: EOF when reading a line
Ask me anything: An error occurred: EOF when reading a line
Ask me anything: An error occurred: EOF when reading a line
Ask me anything: An error occurred: EOF when reading a line
Ask me anything: An error occurred: EOF when reading a line
Ask me anything: An error occurred: EOF when reading a line
Ask me anything: An error occurred: EOF when reading a line
Ask me anything: An error occurred: EOF when reading a line
Ask me anything: An error occurred: EOF when reading a line
Ask me anything: An error occurred: EOF when reading a line
Ask me anything: An error occurred: EOF when reading a line
Ask me anything: An error occurred: EOF when reading a line
Ask me anything: An error occurred: EOF when reading a line
Ask me anything: An error occurred: EOF when reading a line
Ask me anything: An error occurred: EOF when reading a line
Ask me anything: An error occurred: EOF when reading a line
Ask me anything: An error occurred: EOF when reading a line
Ask me anything: An error occurred: EOF when reading a line
Ask me anything: An error occurred: EOF when reading a line
Ask me anything: An error occurred: EOF when reading a line
Ask me anything: An error occurred: EOF when reading a line
Ask me anything: An error occurred: EOF when reading a line
Ask me anything: An error occurred: EOF when reading a line
Ask me anything: An error occurred: EOF when reading a line
Ask me anything: An error occurred: EOF when reading a line
Ask me anything: An error occurred: EOF when reading a line
Ask me anything: An error occurred: EOF when reading a line
Ask me anything: An error occurred: EOF when reading a line
Ask me anything: An error occurred: EOF when reading a line
Ask me anything: An error occurred: EOF when reading a line
Ask me anything: An error occurred: EOF when reading a line
Ask me anything: An error occurred: EOF when reading a line
Ask me anything: An error occurred: EOF when reading a line
Ask me anything: An error occurred: EOF when reading a line
Ask me anything: An error occurred: EOF when reading a line
Ask me anything: An error occurred: EOF when reading a line
Ask me anything: An error occurred: EOF when reading a line
Ask me anything: An error occurred: EOF when reading a line
Ask me anything: An error occurred: EOF when reading a line
Ask me anything: An error occurred: EOF when reading a line
Ask me anything: An error occurred: EOF when reading a line
Ask me anything: An error occurred: EOF when reading a line
Ask me anything: An error occurred: EOF when reading a line
Ask me anything: An error occurred: EOF when reading a line
Ask me anything: An error occurred: EOF when reading a line
Ask me anything: An error occurred: EOF when reading a line
Ask me anything: An error occurred: EOF when reading a line
Ask me anything: An error occurred: EOF when reading a line
Ask me anything: An error occurred: EOF when reading a line
Ask me anything: An error occurred: EOF when reading a line
Ask me anything: An error occurred: EOF when reading a line
Ask me anything: An error occurred: EOF when reading a line
Ask me anything: An error occurred: EOF when reading a line
Ask me anything: An error occurred: EOF when reading a line
Ask me anything: An error occurred: EOF when reading a line
Ask me anything: An error occurred: EOF when reading a line
Ask me anything: An error occurred: EOF when reading a line
Ask me anything: An error occurred: EOF when reading a line
Ask me anything: An error occurred: EOF when reading a line
Ask me anything: An error occurred: EOF when reading a line
Ask me anything: An error occurred: EOF when reading a line
Ask me anything: An error occurred: EOF when reading a line
Ask me anything: An error occurred: EOF when reading a line
Ask me anything: An error occurred: EOF when reading a line
Ask me anything: An error occurred: EOF when reading a line
Ask me anything: An error occurred: EOF when reading a line
Ask me anything: An error occurred: EOF when reading a line
Ask me anything: An error occurred: EOF when reading a line
Ask me anything: An error occurred: EOF when reading a line
Ask me anything: An error occurred: EOF when reading a line
Ask me anything: An error occurred: EOF when reading a line
Ask me anything: An error occurred: EOF when reading a line
Ask me anything: An error occurred: EOF when reading a line
Ask me anything: An error occurred: EOF when reading a line
Ask me anything: An error occurred: EOF when reading a line
Ask me anything: An error occurred: EOF when reading a line
Ask me anything: An error occurred: EOF when reading a line
Ask me anything: An error occurred: EOF when reading a line
Ask me anything: An error occurred: EOF when reading a line
Ask me anything: An error occurred: EOF when reading a line
Ask me anything: An error occurred: EOF when reading a line
Ask me anything: An error occurred: EOF when reading a line
Ask me anything: An error occurred: EOF when reading a line
Ask me anything: An error occurred: EOF when reading a line
Ask me anything: An error occurred: EOF when reading a line
Ask me anything: An error occurred: EOF when reading a line
Ask me anything: An error occurred: EOF when reading a line
Ask me anything: An error occurred: EOF when reading a line
Ask me anything: An error occurred: EOF when reading a line
Ask me anything: An error occurred: EOF when reading a line
Ask me anything: An error occurred: EOF when reading a line
Ask me anything: An error occurred: EOF when reading a line
Ask me anything: An error occurred: EOF when reading a line
Ask me anything: An error occurred: EOF when reading a line
Ask me anything: An error occurred: EOF when reading a line
Ask me anything: An error occurred: EOF when reading a line
Ask me anything: An error occurred: EOF when reading a line
Ask me anything: An error occurred: EOF when reading a line
Ask me anything: An error occurred: EOF when reading a line
Ask me anything: An error occurred: EOF when reading a line
Ask me anything: An error occurred: EOF when reading a line
Ask me anything: An error occurred: EOF when reading a line
Ask me anything: An error occurred: EOF when reading a line
Ask me anything: An error occurred: EOF when reading a line
Ask me anything: An error occurred: EOF when reading a line
Ask me anything: An error occurred: EOF when reading a line
Ask me anything: An error occurred: EOF when reading a line
Ask me anything: An error occurred: EOF when reading a line
Ask me anything: An error occurred: EOF when reading a line
Ask me anything: An error occurred: EOF when reading a line
Ask me anything: An error occurred: EOF when reading a line
Ask me anything: An error occurred: EOF when reading a line
Ask me anything: An error occurred: EOF when reading a line
Ask me anything: An error occurred: EOF when reading a line
Ask me anything: An error occurred: EOF when reading a line
Ask me anything: An error occurred: EOF when reading a line
Ask me anything: An error occurred: EOF when reading a line
Ask me anything: An error occurred: EOF when reading a line
Ask me anything: An error occurred: EOF when reading a line
Ask me anything: An error occurred: EOF when reading a line
Ask me anything: An error occurred: EOF when reading a line
Ask me anything: An error occurred: EOF when reading a line
Ask me anything: An error occurred: EOF when reading a line
Ask me anything: An error occurred: EOF when reading a line
Ask me anything: An error occurred: EOF when reading a line
Ask me anything: An error occurred: EOF when reading a line
Ask me anything: An error occurred: EOF when reading a line
Ask me anything: An error occurred: EOF when reading a line
Ask me anything: An error occurred: EOF when reading a line
Ask me anything: An error occurred: EOF when reading a line
Ask me anything: An error occurred: EOF when reading a line
Ask me anything: An error occurred: EOF when reading a line
Ask me anything: An error occurred: EOF when reading a line
Ask me anything: An error occurred: EOF when reading a line
Ask me anything: An error occurred: EOF when reading a line
Ask me anything: An error occurred: EOF when reading a line
Ask me anything: An error occurred: EOF when reading a line
Ask me anything: An error occurred: EOF when reading a line
Ask me anything: An error occurred: EOF when reading a line
Ask me anything: An error occurred: EOF when reading a line
Ask me anything: An error occurred: EOF when reading a line
Ask me anything: An error occurred: EOF when reading a line
Ask me anything: An error occurred: EOF when reading a line
Ask me anything: An error occurred: EOF when reading a line
Ask me anything: An error occurred: EOF when reading a line
Ask me anything: An error occurred: EOF when reading a line
Ask me anything: An error occurred: EOF when reading a line
Ask me anything: An error occurred: EOF when reading a line
Ask me anything: An error occurred: EOF when reading a line
Ask me anything: An error occurred: EOF when reading a line
Ask me anything: An error occurred: EOF when reading a line
Ask me anything: An error occurred: EOF when reading a line
Ask me anything: An error occurred: EOF when reading a line
Ask me anything: An error occurred: EOF when reading a line
Ask me anything: An error occurred: EOF when reading a line
Ask me anything: An error occurred: EOF when reading a line
Ask me anything: An error occurred: EOF when reading a line
Ask me anything: An error occurred: EOF when reading a line
Ask me anything: An error occurred: EOF when reading a line
Ask me anything: An error occurred: EOF when reading a line
Ask me anything: An error occurred: EOF when reading a line
Ask me anything: An error occurred: EOF when reading a line
Ask me anything: An error occurred: EOF when reading a line
Ask me anything: An error occurred: EOF when reading a line
Ask me anything: An error occurred: EOF when reading a line
Ask me anything: An error occurred: EOF when reading a line
Ask me anything: An error occurred: EOF when reading a line
Ask me anything: An error occurred: EOF when reading a line
Ask me anything: An error occurred: EOF when reading a line
Ask me anything: An error occurred: EOF when reading a line
Ask me anything: An error occurred: EOF when reading a line
Ask me anything: An error occurred: EOF when reading a line
Ask me anything: An error occurred: EOF when reading a line
Ask me anything: An error occurred: EOF when reading a line
Ask me anything: An error occurred: EOF when reading a line
Ask me anything: An error occurred: EOF when reading a line
Ask me anything: An error occurred: EOF when reading a line
Ask me anything: An error occurred: EOF when reading a line
Ask me anything: An error occurred: EOF when reading a line
Ask me anything: An error occurred: EOF when reading a line
Ask me anything: An error occurred: EOF when reading a line
Ask me anything: An error occurred: EOF when reading a line
Ask me anything: An error occurred: EOF when reading a line
Ask me anything: An error occurred: EOF when reading a line
Ask me anything: An error occurred: EOF when reading a line
Ask me anything: An error occurred: EOF when reading a line
Ask me anything: An error occurred: EOF when reading a line
Ask me anything: An error occurred: EOF when reading a line
Ask me anything: An error occurred: EOF when reading a line
Ask me anything: An error occurred: EOF when reading a line
Ask me anything: An error occurred: EOF when reading a line
Ask me anything: An error occurred: EOF when reading a line
Ask me anything: An error occurred: EOF when reading a line
Ask me anything: An error occurred: EOF when reading a line
Ask me anything: An error occurred: EOF when reading a line
Ask me anything: An error occurred: EOF when reading a line
Ask me anything: An error occurred: EOF when reading a line
Ask me anything: An error occurred: EOF when reading a line
Ask me anything: An error occurred: EOF when reading a line
Ask me anything: An error occurred: EOF when reading a line
Ask me anything: An error occurred: EOF when reading a line
Ask me anything: An error occurred: EOF when reading a line
Ask me anything: An error occurred: EOF when reading a line
Ask me anything: An error occurred: EOF when reading a line
Ask me anything: An error occurred: EOF when reading a line
Ask me anything: An error occurred: EOF when reading a line
Ask me anything: An error occurred: EOF when reading a line
Ask me anything: An error occurred: EOF when reading a line
Ask me anything: An error occurred: EOF when reading a line
Ask me anything: An error occurred: EOF when reading a line
Ask me anything: An error occurred: EOF when reading a line
Ask me anything: An error occurred: EOF when reading a line
Ask me anything: An error occurred: EOF when reading a line
Ask me anything: An error occurred: EOF when reading a line
Ask me anything: An error occurred: EOF when reading a line
Ask me anything: An error occurred: EOF when reading a line
Ask me anything: An error occurred: EOF when reading a line
Ask me anything: An error occurred: EOF when reading a line
Ask me anything: An error occurred: EOF when reading a line
Ask me anything: An error occurred: EOF when reading a line
Ask me anything: An error occurred: EOF when reading a line
Ask me anything: An error occurred: EOF when reading a line
Ask me anything: An error occurred: EOF when reading a line
Ask me anything: An error occurred: EOF when reading a line
Ask me anything: An error occurred: EOF when reading a line
Ask me anything: An error occurred: EOF when reading a line
Ask me anything: An error occurred: EOF when reading a line
Ask me anything: An error occurred: EOF when reading a line
Ask me anything: An error occurred: EOF when reading a line
Ask me anything: An error occurred: EOF when reading a line
Ask me anything: An error occurred: EOF when reading a line
Ask me anything: An error occurred: EOF when reading a line
Ask me anything: An error occurred: EOF when reading a line
Ask me anything: An error occurred: EOF when reading a line
Ask me anything: An error occurred: EOF when reading a line
Ask me anything: An error occurred: EOF when reading a line
Ask me anything: An error occurred: EOF when reading a line
Ask me anything: An error occurred: EOF when reading a line
Ask me anything: An error occurred: EOF when reading a line
Ask me anything: An error occurred: EOF when reading a line
Ask me anything: An error occurred: EOF when reading a line
Ask me anything: An error occurred: EOF when reading a line
Ask me anything: An error occurred: EOF when reading a line
Ask me anything: An error occurred: EOF when reading a line
Ask me anything: An error occurred: EOF when reading a line
Ask me anything: An error occurred: EOF when reading a line
Ask me anything: An error occurred: EOF when reading a line
Ask me anything: An error occurred: EOF when reading a line
Ask me anything: An error occurred: EOF when reading a line
Ask me anything: An error occurred: EOF when reading a line
Ask me anything: An error occurred: EOF when reading a line
Ask me anything: An error occurred: EOF when reading a line
Ask me anything: An error occurred: EOF when reading a line
Ask me anything: An error occurred: EOF when reading a line
Ask me anything: An error occurred: EOF when reading a line
Ask me anything: An error occurred: EOF when reading a line
Ask me anything: An error occurred: EOF when reading a line
Ask me anything: An error occurred: EOF when reading a line
Ask me anything: An error occurred: EOF when reading a line
Ask me anything: An error occurred: EOF when reading a line
Ask me anything: An error occurred: EOF when reading a line
Ask me anything: An error occurred: EOF when reading a line
Ask me anything: An error occurred: EOF when reading a line
Ask me anything: An error occurred: EOF when reading a line
Ask me anything: An error occurred: EOF when reading a line
Ask me anything: An error occurred: EOF when reading a line
Ask me anything: An error occurred: EOF when reading a line
Ask me anything: An error occurred: EOF when reading a line
Ask me anything: An error occurred: EOF when reading a line
Ask me anything: An error occurred: EOF when reading a line
Ask me anything: An error occurred: EOF when reading a line
Ask me anything: An error occurred: EOF when reading a line
Ask me anything: An error occurred: EOF when reading a line
Ask me anything: An error occurred: EOF when reading a line
Ask me anything: An error occurred: EOF when reading a line
Ask me anything: An error occurred: EOF when reading a line
Ask me anything: An error occurred: EOF when reading a line
Ask me anything: An error occurred: EOF when reading a line
Ask me anything: An error occurred: EOF when reading a line
Ask me anything: An error occurred: EOF when reading a line
Ask me anything: An error occurred: EOF when reading a line
Ask me anything: An error occurred: EOF when reading a line
Ask me anything: An error occurred: EOF when reading a line
Ask me anything: An error occurred: EOF when reading a line
Ask me anything: An error occurred: EOF when reading a line
Ask me anything: An error occurred: EOF when reading a line
Ask me anything: An error occurred: EOF when reading a line
Ask me anything: An error occurred: EOF when reading a line
Ask me anything: An error occurred: EOF when reading a line
Ask me anything: An error occurred: EOF when reading a line
Ask me anything: An error occurred: EOF when reading a line
Ask me anything: An error occurred: EOF when reading a line
Ask me anything: An error occurred: EOF when reading a line
Ask me anything: An error occurred: EOF when reading a line
Ask me anything: An error occurred: EOF when reading a line
Ask me anything: An error occurred: EOF when reading a line
Ask me anything: An error occurred: EOF when reading a line
Ask me anything: An error occurred: EOF when reading a line
Ask me anything: An error occurred: EOF when reading a line
Ask me anything: An error occurred: EOF when reading a line
Ask me anything: An error occurred: EOF when reading a line
Ask me anything: An error occurred: EOF when reading a line
Ask me anything: An error occurred: EOF when reading a line
Ask me anything: An error occurred: EOF when reading a line
Ask me anything: An error occurred: EOF when reading a line
Ask me anything: An error occurred: EOF when reading a line
Ask me anything: An error occurred: EOF when reading a line
Ask me anything: An error occurred: EOF when reading a line
Ask me anything: An error occurred: EOF when reading a line
Ask me anything: An error occurred: EOF when reading a line
Ask me anything: An error occurred: EOF when reading a line
Ask me anything: An error occurred: EOF when reading a line
Ask me anything: An error occurred: EOF when reading a line
Ask me anything: An error occurred: EOF when reading a line
Ask me anything: An error occurred: EOF when reading a line
Ask me anything: An error occurred: EOF when reading a line
Ask me anything: An error occurred: EOF when reading a line
Ask me anything: An error occurred: EOF when reading a line
Ask me anything: An error occurred: EOF when reading a line
Ask me anything: An error occurred: EOF when reading a line
Ask me anything: An error occurred: EOF when reading a line
Ask me anything: An error occurred: EOF when reading a line
Ask me anything: An error occurred: EOF when reading a line
Ask me anything: An error occurred: EOF when reading a line
Ask me anything: An error occurred: EOF when reading a line
Ask me anything: An error occurred: EOF when reading a line
Ask me anything: An error occurred: EOF when reading a line
Ask me anything: An error occurred: EOF when reading a line
Ask me anything: An error occurred: EOF when reading a line
Ask me anything: An error occurred: EOF when reading a line
Ask me anything: An error occurred: EOF when reading a line
Ask me anything: An error occurred: EOF when reading a line
Ask me anything: An error occurred: EOF when reading a line
Ask me anything: An error occurred: EOF when reading a line
Ask me anything: An error occurred: EOF when reading a line
Ask me anything: An error occurred: EOF when reading a line
Ask me anything: An error occurred: EOF when reading a line
Ask me anything: An error occurred: EOF when reading a line
Ask me anything: An error occurred: EOF when reading a line
Ask me anything: An error occurred: EOF when reading a line
Ask me anything: An error occurred: EOF when reading a line
Ask me anything: An error occurred: EOF when reading a line
Ask me anything: An error occurred: EOF when reading a line
Ask me anything: An error occurred: EOF when reading a line
Ask me anything: An error occurred: EOF when reading a line
Ask me anything: An error occurred: EOF when reading a line
Ask me anything: An error occurred: EOF when reading a line
Ask me anything: An error occurred: EOF when reading a line
Ask me anything: An error occurred: EOF when reading a line
Ask me anything: An error occurred: EOF when reading a line
Ask me anything: An error occurred: EOF when reading a line
Ask me anything: An error occurred: EOF when reading a line
Ask me anything: An error occurred: EOF when reading a line
Ask me anything: An error occurred: EOF when reading a line
Ask me anything: An error occurred: EOF when reading a line
Ask me anything: An error occurred: EOF when reading a line
Ask me anything: An error occurred: EOF when reading a line
Ask me anything: An error occurred: EOF when reading a line
Ask me anything: An error occurred: EOF when reading a line
Ask me anything: An error occurred: EOF when reading a line
Ask me anything: An error occurred: EOF when reading a line
Ask me anything: An error occurred: EOF when reading a line
Ask me anything: An error occurred: EOF when reading a line
Ask me anything: An error occurred: EOF when reading a line
Ask me anything: An error occurred: EOF when reading a line
Ask me anything: An error occurred: EOF when reading a line
Ask me anything: An error occurred: EOF when reading a line
Ask me anything: An error occurred: EOF when reading a line
Ask me anything: An error occurred: EOF when reading a line
Ask me anything: An error occurred: EOF when reading a line
Ask me anything: An error occurred: EOF when reading a line
Ask me anything: An error occurred: EOF when reading a line
Ask me anything: An error occurred: EOF when reading a line
Ask me anything: An error occurred: EOF when reading a line
Ask me anything: An error occurred: EOF when reading a line
Ask me anything: An error occurred: EOF when reading a line
Ask me anything: An error occurred: EOF when reading a line
Ask me anything: An error occurred: EOF when reading a line
Ask me anything: An error occurred: EOF when reading a line
Ask me anything: An error occurred: EOF when reading a line
Ask me anything: An error occurred: EOF when reading a line
Ask me anything: An error occurred: EOF when reading a line
Ask me anything: An error occurred: EOF when reading a line
Ask me anything: An error occurred: EOF when reading a line
Ask me anything: An error occurred: EOF when reading a line
Ask me anything: An error occurred: EOF when reading a line
Ask me anything: An error occurred: EOF when reading a line
Ask me anything: An error occurred: EOF when reading a line
Ask me anything: An error occurred: EOF when reading a line
Ask me anything: An error occurred: EOF when reading a line
Ask me anything: An error occurred: EOF when reading a line
Ask me anything: An error occurred: EOF when reading a line
Ask me anything: An error occurred: EOF when reading a line
Ask me anything: An error occurred: EOF when reading a line
Ask me anything: An error occurred: EOF when reading a line
Ask me anything: An error occurred: EOF when reading a line
Ask me anything: An error occurred: EOF when reading a line
Ask me anything: An error occurred: EOF when reading a line
Ask me anything: An error occurred: EOF when reading a line
Ask me anything: An error occurred: EOF when reading a line
Ask me anything: An error occurred: EOF when reading a line
Ask me anything: An error occurred: EOF when reading a line
Ask me anything: An error occurred: EOF when reading a line
Ask me anything: An error occurred: EOF when reading a line
Ask me anything: An error occurred: EOF when reading a line
Ask me anything: An error occurred: EOF when reading a line
Ask me anything: An error occurred: EOF when reading a line
Ask me anything: An error occurred: EOF when reading a line
Ask me anything: An error occurred: EOF when reading a line
Ask me anything: An error occurred: EOF when reading a line
Ask me anything: An error occurred: EOF when reading a line
Ask me anything: An error occurred: EOF when reading a line
Ask me anything: An error occurred: EOF when reading a line
Ask me anything: An error occurred: EOF when reading a line
Ask me anything: An error occurred: EOF when reading a line
Ask me anything: An error occurred: EOF when reading a line
Ask me anything: An error occurred: EOF when reading a line
Ask me anything: An error occurred: EOF when reading a line
Ask me anything: An error occurred: EOF when reading a line
Ask me anything: An error occurred: EOF when reading a line
Ask me anything: An error occurred: EOF when reading a line
Ask me anything: An error occurred: EOF when reading a line
Ask me anything: An error occurred: EOF when reading a line
Ask me anything: An error occurred: EOF when reading a line
Ask me anything: An error occurred: EOF when reading a line
Ask me anything: An error occurred: EOF when reading a line
Ask me anything: An error occurred: EOF when reading a line
Ask me anything: An error occurred: EOF when reading a line
Ask me anything: An error occurred: EOF when reading a line
Ask me anything: An error occurred: EOF when reading a line
Ask me anything: An error occurred: EOF when reading a line
Ask me anything: An error occurred: EOF when reading a line
Ask me anything: An error occurred: EOF when reading a line
Ask me anything: An error occurred: EOF when reading a line
Ask me anything: An error occurred: EOF when reading a line
Ask me anything: An error occurred: EOF when reading a line
Ask me anything: An error occurred: EOF when reading a line
Ask me anything: An error occurred: EOF when reading a line
Ask me anything: An error occurred: EOF when reading a line
Ask me anything: An error occurred: EOF when reading a line
Ask me anything: An error occurred: EOF when reading a line
Ask me anything: An error occurred: EOF when reading a line
Ask me anything: An error occurred: EOF when reading a line
Ask me anything: An error occurred: EOF when reading a line
Ask me anything: An error occurred: EOF when reading a line
Ask me anything: An error occurred: EOF when reading a line
Ask me anything: An error occurred: EOF when reading a line
Ask me anything: An error occurred: EOF when reading a line
Ask me anything: An error occurred: EOF when reading a line
Ask me anything: An error occurred: EOF when reading a line
Ask me anything: An error occurred: EOF when reading a line
Ask me anything: An error occurred: EOF when reading a line
Ask me anything: An error occurred: EOF when reading a line
Ask me anything: An error occurred: EOF when reading a line
Ask me anything: An error occurred: EOF when reading a line
Ask me anything: An error occurred: EOF when reading a line
Ask me anything: An error occurred: EOF when reading a line
Ask me anything: An error occurred: EOF when reading a line
Ask me anything: An error occurred: EOF when reading a line
Ask me anything: An error occurred: EOF when reading a line
Ask me anything: An error occurred: EOF when reading a line
Ask me anything: An error occurred: EOF when reading a line
Ask me anything: An error occurred: EOF when reading a line
Ask me anything: An error occurred: EOF when reading a line
Ask me anything: An error occurred: EOF when reading a line
Ask me anything: An error occurred: EOF when reading a line
Ask me anything: An error occurred: EOF when reading a line
Ask me anything: An error occurred: EOF when reading a line
Ask me anything: An error occurred: EOF when reading a line
Ask me anything: An error occurred: EOF when reading a line
Ask me anything: An error occurred: EOF when reading a line
Ask me anything: An error occurred: EOF when reading a line
Ask me anything: An error occurred: EOF when reading a line
Ask me anything: An error occurred: EOF when reading a line
Ask me anything: An error occurred: EOF when reading a line
Ask me anything: An error occurred: EOF when reading a line
Ask me anything: An error occurred: EOF when reading a line
Ask me anything: An error occurred: EOF when reading a line
Ask me anything: An error occurred: EOF when reading a line
Ask me anything: An error occurred: EOF when reading a line
Ask me anything: An error occurred: EOF when reading a line
Ask me anything: An error occurred: EOF when reading a line
Ask me anything: An error occurred: EOF when reading a line
Ask me anything: An error occurred: EOF when reading a line
Ask me anything: An error occurred: EOF when reading a line
Ask me anything: An error occurred: EOF when reading a line
Ask me anything: An error occurred: EOF when reading a line
Ask me anything: An error occurred: EOF when reading a line
Ask me anything: An error occurred: EOF when reading a line
Ask me anything: An error occurred: EOF when reading a line
Ask me anything: An error occurred: EOF when reading a line
Ask me anything: An error occurred: EOF when reading a line
Ask me anything: An error occurred: EOF when reading a line
Ask me anything: An error occurred: EOF when reading a line
Ask me anything: An error occurred: EOF when reading a line
Ask me anything: An error occurred: EOF when reading a line
Ask me anything: An error occurred: EOF when reading a line
Ask me anything: An error occurred: EOF when reading a line
Ask me anything: An error occurred: EOF when reading a line
Ask me anything: An error occurred: EOF when reading a line
Ask me anything: An error occurred: EOF when reading a line
Ask me anything: An error occurred: EOF when reading a line
Ask me anything: An error occurred: EOF when reading a line
Ask me anything: An error occurred: EOF when reading a line
Ask me anything: An error occurred: EOF when reading a line
Ask me anything: An error occurred: EOF when reading a line
Ask me anything: An error occurred: EOF when reading a line
Ask me anything: An error occurred: EOF when reading a line
Ask me anything: An error occurred: EOF when reading a line
Ask me anything: An error occurred: EOF when reading a line
Ask me anything: An error occurred: EOF when reading a line
Ask me anything: An error occurred: EOF when reading a line
Ask me anything: An error occurred: EOF when reading a line
Ask me anything: An error occurred: EOF when reading a line
Ask me anything: An error occurred: EOF when reading a line
Ask me anything: An error occurred: EOF when reading a line
Ask me anything: An error occurred: EOF when reading a line
Ask me anything: An error occurred: EOF when reading a line
Ask me anything: An error occurred: EOF when reading a line
Ask me anything: An error occurred: EOF when reading a line
Ask me anything: An error occurred: EOF when reading a line
Ask me anything: An error occurred: EOF when reading a line
Ask me anything: An error occurred: EOF when reading a line
Ask me anything: An error occurred: EOF when reading a line
Ask me anything: An error occurred: EOF when reading a line
Ask me anything: An error occurred: EOF when reading a line
Ask me anything: An error occurred: EOF when reading a line
Ask me anything: An error occurred: EOF when reading a line
Ask me anything: An error occurred: EOF when reading a line
Ask me anything: An error occurred: EOF when reading a line
Ask me anything: An error occurred: EOF when reading a line
Ask me anything: An error occurred: EOF when reading a line
Ask me anything: An error occurred: EOF when reading a line
Ask me anything: An error occurred: EOF when reading a line
Ask me anything: An error occurred: EOF when reading a line
Ask me anything: An error occurred: EOF when reading a line
Ask me anything: An error occurred: EOF when reading a line
Ask me anything: An error occurred: EOF when reading a line
Ask me anything: An error occurred: EOF when reading a line
Ask me anything: An error occurred: EOF when reading a line
Ask me anything: An error occurred: EOF when reading a line
Ask me anything: An error occurred: EOF when reading a line
Ask me anything: An error occurred: EOF when reading a line
Ask me anything: An error occurred: EOF when reading a line
Ask me anything: An error occurred: EOF when reading a line
Ask me anything: An error occurred: EOF when reading a line
Ask me anything: An error occurred: EOF when reading a line
Ask me anything: An error occurred: EOF when reading a line
Ask me anything: An error occurred: EOF when reading a line
Ask me anything: An error occurred: EOF when reading a line
Ask me anything: An error occurred: EOF when reading a line
Ask me anything: An error occurred: EOF when reading a line
Ask me anything: An error occurred: EOF when reading a line
Ask me anything: An error occurred: EOF when reading a line
Ask me anything: An error occurred: EOF when reading a line
Ask me anything: An error occurred: EOF when reading a line
Ask me anything: An error occurred: EOF when reading a line
Ask me anything: An error occurred: EOF when reading a line
Ask me anything: An error occurred: EOF when reading a line
Ask me anything: An error occurred: EOF when reading a line
Ask me anything: An error occurred: EOF when reading a line
Ask me anything: An error occurred: EOF when reading a line
Ask me anything: An error occurred: EOF when reading a line
Ask me anything: An error occurred: EOF when reading a line
Ask me anything: An error occurred: EOF when reading a line
Ask me anything: An error occurred: EOF when reading a line
Ask me anything: An error occurred: EOF when reading a line
Ask me anything: An error occurred: EOF when reading a line
Ask me anything: An error occurred: EOF when reading a line
Ask me anything: An error occurred: EOF when reading a line
Ask me anything: An error occurred: EOF when reading a line
Ask me anything: An error occurred: EOF when reading a line
Ask me anything: An error occurred: EOF when reading a line
Ask me anything: An error occurred: EOF when reading a line
Ask me anything: An error occurred: EOF when reading a line
Ask me anything: An error occurred: EOF when reading a line
Ask me anything: An error occurred: EOF when reading a line
Ask me anything: An error occurred: EOF when reading a line
Ask me anything: An error occurred: EOF when reading a line
Ask me anything: An error occurred: EOF when reading a line
Ask me anything: An error occurred: EOF when reading a line
Ask me anything: An error occurred: EOF when reading a line
Ask me anything: An error occurred: EOF when reading a line
Ask me anything: An error occurred: EOF when reading a line
Ask me anything: An error occurred: EOF when reading a line
Ask me anything: An error occurred: EOF when reading a line
Ask me anything: An error occurred: EOF when reading a line
Ask me anything: An error occurred: EOF when reading a line
Ask me anything: An error occurred: EOF when reading a line
Ask me anything: An error occurred: EOF when reading a line
Ask me anything: An error occurred: EOF when reading a line
Ask me anything: An error occurred: EOF when reading a line
Ask me anything: An error occurred: EOF when reading a line
Ask me anything: An error occurred: EOF when reading a line
Ask me anything: An error occurred: EOF when reading a line
Ask me anything: An error occurred: EOF when reading a line
Ask me anything: An error occurred: EOF when reading a line
Ask me anything: An error occurred: EOF when reading a line
Ask me anything: An error occurred: EOF when reading a line
Ask me anything: An error occurred: EOF when reading a line
Ask me anything: An error occurred: EOF when reading a line
Ask me anything: An error occurred: EOF when reading a line
Ask me anything: An error occurred: EOF when reading a line
Ask me anything: An error occurred: EOF when reading a line
Ask me anything: An error occurred: EOF when reading a line
Ask me anything: An error occurred: EOF when reading a line
Ask me anything: An error occurred: EOF when reading a line
Ask me anything: An error occurred: EOF when reading a line
Ask me anything: An error occurred: EOF when reading a line
Ask me anything: An error occurred: EOF when reading a line
Ask me anything: An error occurred: EOF when reading a line
Ask me anything: An error occurred: EOF when reading a line
Ask me anything: An error occurred: EOF when reading a line
Ask me anything: An error occurred: EOF when reading a line
Ask me anything: An error occurred: EOF when reading a line
Ask me anything: An error occurred: EOF when reading a line
Ask me anything: An error occurred: EOF when reading a line
Ask me anything: An error occurred: EOF when reading a line
Ask me anything: An error occurred: EOF when reading a line
Ask me anything: An error occurred: EOF when reading a line
Ask me anything: An error occurred: EOF when reading a line
Ask me anything: An error occurred: EOF when reading a line
Ask me anything: An error occurred: EOF when reading a line
Ask me anything: An error occurred: EOF when reading a line
Ask me anything: An error occurred: EOF when reading a line
Ask me anything: An error occurred: EOF when reading a line
Ask me anything: An error occurred: EOF when reading a line
Ask me anything: An error occurred: EOF when reading a line
Ask me anything: An error occurred: EOF when reading a line
Ask me anything: An error occurred: EOF when reading a line
Ask me anything: An error occurred: EOF when reading a line
Ask me anything: An error occurred: EOF when reading a line
Ask me anything: An error occurred: EOF when reading a line
Ask me anything: An error occurred: EOF when reading a line
Ask me anything: An error occurred: EOF when reading a line
Ask me anything: An error occurred: EOF when reading a line
Ask me anything: An error occurred: EOF when reading a line
Ask me anything: An error occurred: EOF when reading a line
Ask me anything: An error occurred: EOF when reading a line
Ask me anything: An error occurred: EOF when reading a line
Ask me anything: An error occurred: EOF when reading a line
Ask me anything: An error occurred: EOF when reading a line
Ask me anything: An error occurred: EOF when reading a line
Ask me anything: An error occurred: EOF when reading a line
Ask me anything: An error occurred: EOF when reading a line
Ask me anything: An error occurred: EOF when reading a line
Ask me anything: An error occurred: EOF when reading a line
Ask me anything: An error occurred: EOF when reading a line
Ask me anything: An error occurred: EOF when reading a line
Ask me anything: An error occurred: EOF when reading a line
Ask me anything: An error occurred: EOF when reading a line
Ask me anything: An error occurred: EOF when reading a line
Ask me anything: An error occurred: EOF when reading a line
Ask me anything: An error occurred: EOF when reading a line
Ask me anything: An error occurred: EOF when reading a line
Ask me anything: An error occurred: EOF when reading a line
Ask me anything: An error occurred: EOF when reading a line
Ask me anything: An error occurred: EOF when reading a line
Ask me anything: An error occurred: EOF when reading a line
Ask me anything: An error occurred: EOF when reading a line
Ask me anything: An error occurred: EOF when reading a line
Ask me anything: An error occurred: EOF when reading a line
Ask me anything: An error occurred: EOF when reading a line
Ask me anything: An error occurred: EOF when reading a line
Ask me anything: An error occurred: EOF when reading a line
Ask me anything: An error occurred: EOF when reading a line
Ask me anything: An error occurred: EOF when reading a line
Ask me anything: An error occurred: EOF when reading a line
Ask me anything: An error occurred: EOF when reading a line
Ask me anything: An error occurred: EOF when reading a line
Ask me anything: An error occurred: EOF when reading a line
Ask me anything: An error occurred: EOF when reading a line
Ask me anything: An error occurred: EOF when reading a line
Ask me anything: An error occurred: EOF when reading a line
Ask me anything: An error occurred: EOF when reading a line
Ask me anything: An error occurred: EOF when reading a line
Ask me anything: An error occurred: EOF when reading a line
Ask me anything: An error occurred: EOF when reading a line
Ask me anything: An error occurred: EOF when reading a line
Ask me anything: An error occurred: EOF when reading a line
Ask me anything: An error occurred: EOF when reading a line
Ask me anything: An error occurred: EOF when reading a line
Ask me anything: An error occurred: EOF when reading a line
Ask me anything: An error occurred: EOF when reading a line
Ask me anything: An error occurred: EOF when reading a line
Ask me anything: An error occurred: EOF when reading a line
Ask me anything: An error occurred: EOF when reading a line
Ask me anything: An error occurred: EOF when reading a line
Ask me anything: An error occurred: EOF when reading a line
Ask me anything: An error occurred: EOF when reading a line
Ask me anything: An error occurred: EOF when reading a line
Ask me anything: An error occurred: EOF when reading a line
Ask me anything: An error occurred: EOF when reading a line
Ask me anything: An error occurred: EOF when reading a line
Ask me anything: An error occurred: EOF when reading a line
Ask me anything: An error occurred: EOF when reading a line
Ask me anything: An error occurred: EOF when reading a line
Ask me anything: An error occurred: EOF when reading a line
Ask me anything: An error occurred: EOF when reading a line
Ask me anything: An error occurred: EOF when reading a line
Ask me anything: An error occurred: EOF when reading a line
Ask me anything: An error occurred: EOF when reading a line
Ask me anything: An error occurred: EOF when reading a line
Ask me anything: An error occurred: EOF when reading a line
Ask me anything: An error occurred: EOF when reading a line
Ask me anything: An error occurred: EOF when reading a line
Ask me anything: An error occurred: EOF when reading a line
Ask me anything: An error occurred: EOF when reading a line
Ask me anything: An error occurred: EOF when reading a line
Ask me anything: An error occurred: EOF when reading a line
Ask me anything: An error occurred: EOF when reading a line
Ask me anything: An error occurred: EOF when reading a line
Ask me anything: An error occurred: EOF when reading a line
Ask me anything: An error occurred: EOF when reading a line
Ask me anything: An error occurred: EOF when reading a line
Ask me anything: An error occurred: EOF when reading a line
Ask me anything: An error occurred: EOF when reading a line
Ask me anything: An error occurred: EOF when reading a line
Ask me anything: An error occurred: EOF when reading a line
Ask me anything: An error occurred: EOF when reading a line
Ask me anything: An error occurred: EOF when reading a line
Ask me anything: An error occurred: EOF when reading a line
Ask me anything: An error occurred: EOF when reading a line
Ask me anything: An error occurred: EOF when reading a line
Ask me anything: An error occurred: EOF when reading a line
Ask me anything: An error occurred: EOF when reading a line
Ask me anything: An error occurred: EOF when reading a line
Ask me anything: An error occurred: EOF when reading a line
Ask me anything: An error occurred: EOF when reading a line
Ask me anything: An error occurred: EOF when reading a line
Ask me anything: An error occurred: EOF when reading a line
Ask me anything: An error occurred: EOF when reading a line
Ask me anything: An error occurred: EOF when reading a line
Ask me anything: An error occurred: EOF when reading a line
Ask me anything: An error occurred: EOF when reading a line
Ask me anything: An error occurred: EOF when reading a line
Ask me anything: An error occurred: EOF when reading a line
Ask me anything: An error occurred: EOF when reading a line
Ask me anything: An error occurred: EOF when reading a line
Ask me anything: An error occurred: EOF when reading a line
Ask me anything: An error occurred: EOF when reading a line
Ask me anything: An error occurred: EOF when reading a line
Ask me anything: An error occurred: EOF when reading a line
Ask me anything: An error occurred: EOF when reading a line
Ask me anything: An error occurred: EOF when reading a line
Ask me anything: An error occurred: EOF when reading a line
Ask me anything: An error occurred: EOF when reading a line
Ask me anything: An error occurred: EOF when reading a line
Ask me anything: An error occurred: EOF when reading a line
Ask me anything: An error occurred: EOF when reading a line
Ask me anything: An error occurred: EOF when reading a line
Ask me anything: An error occurred: EOF when reading a line
Ask me anything: An error occurred: EOF when reading a line
Ask me anything: An error occurred: EOF when reading a line
Ask me anything: An error occurred: EOF when reading a line
Ask me anything: An error occurred: EOF when reading a line
Ask me anything: An error occurred: EOF when reading a line
Ask me anything: An error occurred: EOF when reading a line
Ask me anything: An error occurred: EOF when reading a line
Ask me anything: An error occurred: EOF when reading a line
Ask me anything: An error occurred: EOF when reading a line
Ask me anything: An error occurred: EOF when reading a line
Ask me anything: An error occurred: EOF when reading a line
Ask me anything: An error occurred: EOF when reading a line
Ask me anything: An error occurred: EOF when reading a line
Ask me anything: An error occurred: EOF when reading a line
Ask me anything: An error occurred: EOF when reading a line
Ask me anything: An error occurred: EOF when reading a line
Ask me anything: An error occurred: EOF when reading a line
Ask me anything: An error occurred: EOF when reading a line
Ask me anything: An error occurred: EOF when reading a line
Ask me anything: An error occurred: EOF when reading a line
Ask me anything: An error occurred: EOF when reading a line
Ask me anything: An error occurred: EOF when reading a line
Ask me anything: An error occurred: EOF when reading a line
Ask me anything: An error occurred: EOF when reading a line
Ask me anything: An error occurred: EOF when reading a line
Ask me anything: An error occurred: EOF when reading a line
Ask me anything: An error occurred: EOF when reading a line
Ask me anything: An error occurred: EOF when reading a line
Ask me anything: An error occurred: EOF when reading a line
Ask me anything: An error occurred: EOF when reading a line
Ask me anything: An error occurred: EOF when reading a line
Ask me anything: An error occurred: EOF when reading a line
Ask me anything: An error occurred: EOF when reading a line
Ask me anything: An error occurred: EOF when reading a line
Ask me anything: An error occurred: EOF when reading a line
Ask me anything: An error occurred: EOF when reading a line
Ask me anything: An error occurred: EOF when reading a line
Ask me anything: An error occurred: EOF when reading a line
Ask me anything: An error occurred: EOF when reading a line
Ask me anything: An error occurred: EOF when reading a line
Ask me anything: An error occurred: EOF when reading a line
Ask me anything: An error occurred: EOF when reading a line
Ask me anything: An error occurred: EOF when reading a line
Ask me anything: An error occurred: EOF when reading a line
Ask me anything: An error occurred: EOF when reading a line
Ask me anything: An error occurred: EOF when reading a line
Ask me anything: An error occurred: EOF when reading a line
Ask me anything: An error occurred: EOF when reading a line
Ask me anything: An error occurred: EOF when reading a line
Ask me anything: An error occurred: EOF when reading a line
Ask me anything: An error occurred: EOF when reading a line
Ask me anything: An error occurred: EOF when reading a line
Ask me anything: An error occurred: EOF when reading a line
Ask me anything: An error occurred: EOF when reading a line
Ask me anything: An error occurred: EOF when reading a line
Ask me anything: An error occurred: EOF when reading a line
Ask me anything: An error occurred: EOF when reading a line
Ask me anything: An error occurred: EOF when reading a line
Ask me anything: An error occurred: EOF when reading a line
Ask me anything: An error occurred: EOF when reading a line
Ask me anything: An error occurred: EOF when reading a line
Ask me anything: An error occurred: EOF when reading a line
Ask me anything: An error occurred: EOF when reading a line
Ask me anything: An error occurred: EOF when reading a line
Ask me anything: An error occurred: EOF when reading a line
Ask me anything: An error occurred: EOF when reading a line
Ask me anything: An error occurred: EOF when reading a line
Ask me anything: An error occurred: EOF when reading a line
Ask me anything: An error occurred: EOF when reading a line
Ask me anything: An error occurred: EOF when reading a line
Ask me anything: An error occurred: EOF when reading a line
Ask me anything: An error occurred: EOF when reading a line
Ask me anything: An error occurred: EOF when reading a line
Ask me anything: An error occurred: EOF when reading a line
Ask me anything: An error occurred: EOF when reading a line
Ask me anything: An error occurred: EOF when reading a line
Ask me anything: An error occurred: EOF when reading a line
Ask me anything: An error occurred: EOF when reading a line
Ask me anything: An error occurred: EOF when reading a line
Ask me anything: An error occurred: EOF when reading a line
Ask me anything: An error occurred: EOF when reading a line
Ask me anything: An error occurred: EOF when reading a line
Ask me anything: An error occurred: EOF when reading a line
Ask me anything: An error occurred: EOF when reading a line
Ask me anything: An error occurred: EOF when reading a line
Ask me anything: An error occurred: EOF when reading a line
Ask me anything: An error occurred: EOF when reading a line
Ask me anything: An error occurred: EOF when reading a line
Ask me anything: An error occurred: EOF when reading a line
Ask me anything: An error occurred: EOF when reading a line
Ask me anything: An error occurred: EOF when reading a line
Ask me anything: An error occurred: EOF when reading a line
Ask me anything: An error occurred: EOF when reading a line
Ask me anything: An error occurred: EOF when reading a line
Ask me anything: An error occurred: EOF when reading a line
Ask me anything: An error occurred: EOF when reading a line
Ask me anything: An error occurred: EOF when reading a line
Ask me anything: An error occurred: EOF when reading a line
Ask me anything: An error occurred: EOF when reading a line
Ask me anything: An error occurred: EOF when reading a line
Ask me anything: An error occurred: EOF when reading a line
Ask me anything: An error occurred: EOF when reading a line
Ask me anything: An error occurred: EOF when reading a line
Ask me anything: An error occurred: EOF when reading a line
Ask me anything: An error occurred: EOF when reading a line
Ask me anything: An error occurred: EOF when reading a line
Ask me anything: An error occurred: EOF when reading a line
Ask me anything: An error occurred: EOF when reading a line
Ask me anything: An error occurred: EOF when reading a line
Ask me anything: An error occurred: EOF when reading a line
Ask me anything: An error occurred: EOF when reading a line
Ask me anything: An error occurred: EOF when reading a line
Ask me anything: An error occurred: EOF when reading a line
Ask me anything: An error occurred: EOF when reading a line
Ask me anything: An error occurred: EOF when reading a line
Ask me anything: An error occurred: EOF when reading a line
Ask me anything: An error occurred: EOF when reading a line
Ask me anything: An error occurred: EOF when reading a line
Ask me anything: An error occurred: EOF when reading a line
Ask me anything: An error occurred: EOF when reading a line
Ask me anything: An error occurred: EOF when reading a line
Ask me anything: An error occurred: EOF when reading a line
Ask me anything: An error occurred: EOF when reading a line
Ask me anything: An error occurred: EOF when reading a line
Ask me anything: An error occurred: EOF when reading a line
Ask me anything: An error occurred: EOF when reading a line
Ask me anything: An error occurred: EOF when reading a line
Ask me anything: An error occurred: EOF when reading a line
Ask me anything: An error occurred: EOF when reading a line
Ask me anything: An error occurred: EOF when reading a line
Ask me anything: An error occurred: EOF when reading a line
Ask me anything: An error occurred: EOF when reading a line
Ask me anything: An error occurred: EOF when reading a line
Ask me anything: An error occurred: EOF when reading a line
Ask me anything: An error occurred: EOF when reading a line
Ask me anything: An error occurred: EOF when reading a line
Ask me anything: An error occurred: EOF when reading a line
Ask me anything: An error occurred: EOF when reading a line
Ask me anything: An error occurred: EOF when reading a line
Ask me anything: An error occurred: EOF when reading a line
Ask me anything: An error occurred: EOF when reading a line
Ask me anything: An error occurred: EOF when reading a line
Ask me anything: An error occurred: EOF when reading a line
Ask me anything: An error occurred: EOF when reading a line
Ask me anything: An error occurred: EOF when reading a line
Ask me anything: An error occurred: EOF when reading a line
Ask me anything: An error occurred: EOF when reading a line
Ask me anything: An error occurred: EOF when reading a line
Ask me anything: An error occurred: EOF when reading a line
Ask me anything: An error occurred: EOF when reading a line
Ask me anything: An error occurred: EOF when reading a line
Ask me anything: An error occurred: EOF when reading a line
Ask me anything: An error occurred: EOF when reading a line
Ask me anything: An error occurred: EOF when reading a line
Ask me anything: An error occurred: EOF when reading a line
Ask me anything: An error occurred: EOF when reading a line
Ask me anything: An error occurred: EOF when reading a line
Ask me anything: An error occurred: EOF when reading a line
Ask me anything: An error occurred: EOF when reading a line
Ask me anything: An error occurred: EOF when reading a line
Ask me anything: An error occurred: EOF when reading a line
Ask me anything: An error occurred: EOF when reading a line
Ask me anything: An error occurred: EOF when reading a line
Ask me anything: An error occurred: EOF when reading a line
Ask me anything: An error occurred: EOF when reading a line
Ask me anything: An error occurred: EOF when reading a line
Ask me anything: An error occurred: EOF when reading a line
Ask me anything: An error occurred: EOF when reading a line
Ask me anything: An error occurred: EOF when reading a line
Ask me anything: An error occurred: EOF when reading a line
Ask me anything: An error occurred: EOF when reading a line
Ask me anything: An error occurred: EOF when reading a line
Ask me anything: An error occurred: EOF when reading a line
Ask me anything: An error occurred: EOF when reading a line
Ask me anything: An error occurred: EOF when reading a line
Ask me anything: An error occurred: EOF when reading a line
Ask me anything: An error occurred: EOF when reading a line
Ask me anything: An error occurred: EOF when reading a line
Ask me anything: An error occurred: EOF when reading a line
Ask me anything: An error occurred: EOF when reading a line
Ask me anything: An error occurred: EOF when reading a line
Ask me anything: An error occurred: EOF when reading a line
Ask me anything: An error occurred: EOF when reading a line
Ask me anything: An error occurred: EOF when reading a line
Ask me anything: An error occurred: EOF when reading a line
Ask me anything: An error occurred: EOF when reading a line
Ask me anything: An error occurred: EOF when reading a line
Ask me anything: An error occurred: EOF when reading a line
Ask me anything: An error occurred: EOF when reading a line
Ask me anything: An error occurred: EOF when reading a line
Ask me anything: An error occurred: EOF when reading a line
Ask me anything: An error occurred: EOF when reading a line
Ask me anything: An error occurred: EOF when reading a line
Ask me anything: An error occurred: EOF when reading a line
Ask me anything: An error occurred: EOF when reading a line
Ask me anything: An error occurred: EOF when reading a line
Ask me anything: An error occurred: EOF when reading a line
Ask me anything: An error occurred: EOF when reading a line
Ask me anything: An error occurred: EOF when reading a line
Ask me anything: An error occurred: EOF when reading a line
Ask me anything: An error occurred: EOF when reading a line
Ask me anything: An error occurred: EOF when reading a line
Ask me anything: An error occurred: EOF when reading a line
Ask me anything: An error occurred: EOF when reading a line
Ask me anything: An error occurred: EOF when reading a line
Ask me anything: An error occurred: EOF when reading a line
Ask me anything: An error occurred: EOF when reading a line
Ask me anything: An error occurred: EOF when reading a line
Ask me anything: An error occurred: EOF when reading a line
Ask me anything: An error occurred: EOF when reading a line
Ask me anything: An error occurred: EOF when reading a line
Ask me anything: An error occurred: EOF when reading a line
Ask me anything: An error occurred: EOF when reading a line
Ask me anything: An error occurred: EOF when reading a line
Ask me anything: An error occurred: EOF when reading a line
Ask me anything: An error occurred: EOF when reading a line
Ask me anything: An error occurred: EOF when reading a line
Ask me anything: An error occurred: EOF when reading a line
Ask me anything: An error occurred: EOF when reading a line
Ask me anything: An error occurred: EOF when reading a line
Ask me anything: An error occurred: EOF when reading a line
Ask me anything: An error occurred: EOF when reading a line
Ask me anything: An error occurred: EOF when reading a line
Ask me anything: An error occurred: EOF when reading a line
Ask me anything: An error occurred: EOF when reading a line
Ask me anything: An error occurred: EOF when reading a line
Ask me anything: An error occurred: EOF when reading a line
Ask me anything: An error occurred: EOF when reading a line
Ask me anything: An error occurred: EOF when reading a line
Ask me anything: An error occurred: EOF when reading a line
Ask me anything: An error occurred: EOF when reading a line
Ask me anything: An error occurred: EOF when reading a line
Ask me anything: An error occurred: EOF when reading a line
Ask me anything: An error occurred: EOF when reading a line
Ask me anything: An error occurred: EOF when reading a line
Ask me anything: An error occurred: EOF when reading a line
Ask me anything: An error occurred: EOF when reading a line
Ask me anything: An error occurred: EOF when reading a line
Ask me anything: An error occurred: EOF when reading a line
Ask me anything: An error occurred: EOF when reading a line
Ask me anything: An error occurred: EOF when reading a line
Ask me anything: An error occurred: EOF when reading a line
Ask me anything: An error occurred: EOF when reading a line
Ask me anything: An error occurred: EOF when reading a line
Ask me anything: An error occurred: EOF when reading a line
Ask me anything: An error occurred: EOF when reading a line
Ask me anything: An error occurred: EOF when reading a line
Ask me anything: An error occurred: EOF when reading a line
Ask me anything: An error occurred: EOF when reading a line
Ask me anything: An error occurred: EOF when reading a line
Ask me anything: An error occurred: EOF when reading a line
Ask me anything: An error occurred: EOF when reading a line
Ask me anything: An error occurred: EOF when reading a line
Ask me anything: An error occurred: EOF when reading a line
Ask me anything: An error occurred: EOF when reading a line
Ask me anything: An error occurred: EOF when reading a line
Ask me anything: An error occurred: EOF when reading a line
Ask me anything: An error occurred: EOF when reading a line
Ask me anything: An error occurred: EOF when reading a line
Ask me anything: An error occurred: EOF when reading a line
Ask me anything: An error occurred: EOF when reading a line
Ask me anything: An error occurred: EOF when reading a line
Ask me anything: An error occurred: EOF when reading a line
Ask me anything: An error occurred: EOF when reading a line
Ask me anything: An error occurred: EOF when reading a line
Ask me anything: An error occurred: EOF when reading a line
Ask me anything: An error occurred: EOF when reading a line
Ask me anything: An error occurred: EOF when reading a line
Ask me anything: An error occurred: EOF when reading a line
Ask me anything: An error occurred: EOF when reading a line
Ask me anything: An error occurred: EOF when reading a line
Ask me anything: An error occurred: EOF when reading a line
Ask me anything: An error occurred: EOF when reading a line
Ask me anything: An error occurred: EOF when reading a line
Ask me anything: An error occurred: EOF when reading a line
Ask me anything: An error occurred: EOF when reading a line
Ask me anything: An error occurred: EOF when reading a line
Ask me anything: An error occurred: EOF when reading a line
Ask me anything: An error occurred: EOF when reading a line
Ask me anything: An error occurred: EOF when reading a line
Ask me anything: An error occurred: EOF when reading a line
Ask me anything: An error occurred: EOF when reading a line
Ask me anything: An error occurred: EOF when reading a line
Ask me anything: An error occurred: EOF when reading a line
Ask me anything: An error occurred: EOF when reading a line
Ask me anything: An error occurred: EOF when reading a line
Ask me anything: An error occurred: EOF when reading a line
Ask me anything: An error occurred: EOF when reading a line
Ask me anything: An error occurred: EOF when reading a line
Ask me anything: An error occurred: EOF when reading a line
Ask me anything: An error occurred: EOF when reading a line
Ask me anything: An error occurred: EOF when reading a line
Ask me anything: An error occurred: EOF when reading a line
Ask me anything: An error occurred: EOF when reading a line
Ask me anything: An error occurred: EOF when reading a line
Ask me anything: An error occurred: EOF when reading a line
Ask me anything: An error occurred: EOF when reading a line
Ask me anything: An error occurred: EOF when reading a line
Ask me anything: An error occurred: EOF when reading a line
Ask me anything: An error occurred: EOF when reading a line
Ask me anything: An error occurred: EOF when reading a line
Ask me anything: An error occurred: EOF when reading a line
Ask me anything: An error occurred: EOF when reading a line
Ask me anything: An error occurred: EOF when reading a line
Ask me anything: An error occurred: EOF when reading a line
Ask me anything: An error occurred: EOF when reading a line
Ask me anything: An error occurred: EOF when reading a line
Ask me anything: An error occurred: EOF when reading a line
Ask me anything: An error occurred: EOF when reading a line
Ask me anything: An error occurred: EOF when reading a line
Ask me anything: An error occurred: EOF when reading a line
Ask me anything: An error occurred: EOF when reading a line
Ask me anything: An error occurred: EOF when reading a line
Ask me anything: An error occurred: EOF when reading a line
Ask me anything: An error occurred: EOF when reading a line
Ask me anything: An error occurred: EOF when reading a line
Ask me anything: An error occurred: EOF when reading a line
Ask me anything: An error occurred: EOF when reading a line
Ask me anything: An error occurred: EOF when reading a line
Ask me anything: An error occurred: EOF when reading a line
Ask me anything: An error occurred: EOF when reading a line
Ask me anything: An error occurred: EOF when reading a line
Ask me anything: An error occurred: EOF when reading a line
Ask me anything: An error occurred: EOF when reading a line
Ask me anything: An error occurred: EOF when reading a line
Ask me anything: An error occurred: EOF when reading a line
Ask me anything: An error occurred: EOF when reading a line
Ask me anything: An error occurred: EOF when reading a line
Ask me anything: An error occurred: EOF when reading a line
Ask me anything: An error occurred: EOF when reading a line
Ask me anything: An error occurred: EOF when reading a line
Ask me anything: An error occurred: EOF when reading a line
Ask me anything: An error occurred: EOF when reading a line
Ask me anything: An error occurred: EOF when reading a line
Ask me anything: An error occurred: EOF when reading a line
Ask me anything: An error occurred: EOF when reading a line
Ask me anything: An error occurred: EOF when reading a line
Ask me anything: An error occurred: EOF when reading a line
Ask me anything: An error occurred: EOF when reading a line
Ask me anything: An error occurred: EOF when reading a line
Ask me anything: An error occurred: EOF when reading a line
Ask me anything: An error occurred: EOF when reading a line
Ask me anything: An error occurred: EOF when reading a line
Ask me anything: An error occurred: EOF when reading a line
Ask me anything: An error occurred: EOF when reading a line
Ask me anything: An error occurred: EOF when reading a line
Ask me anything: An error occurred: EOF when reading a line
Ask me anything: An error occurred: EOF when reading a line
Ask me anything: An error occurred: EOF when reading a line
Ask me anything: An error occurred: EOF when reading a line
Ask me anything: An error occurred: EOF when reading a line
Ask me anything: An error occurred: EOF when reading a line
Ask me anything: An error occurred: EOF when reading a line
Ask me anything: An error occurred: EOF when reading a line
Ask me anything: An error occurred: EOF when reading a line
Ask me anything: An error occurred: EOF when reading a line
Ask me anything: An error occurred: EOF when reading a line
Ask me anything: An error occurred: EOF when reading a line
Ask me anything: An error occurred: EOF when reading a line
Ask me anything: An error occurred: EOF when reading a line
Ask me anything: An error occurred: EOF when reading a line
Ask me anything: An error occurred: EOF when reading a line
Ask me anything: An error occurred: EOF when reading a line
Ask me anything: An error occurred: EOF when reading a line
Ask me anything: An error occurred: EOF when reading a line
Ask me anything: An error occurred: EOF when reading a line
Ask me anything: An error occurred: EOF when reading a line
Ask me anything: An error occurred: EOF when reading a line
Ask me anything: An error occurred: EOF when reading a line
Ask me anything: An error occurred: EOF when reading a line
Ask me anything: An error occurred: EOF when reading a line
Ask me anything: An error occurred: EOF when reading a line
Ask me anything: An error occurred: EOF when reading a line
Ask me anything: An error occurred: EOF when reading a line
Ask me anything: An error occurred: EOF when reading a line
Ask me anything: An error occurred: EOF when reading a line
Ask me anything: An error occurred: EOF when reading a line
Ask me anything: An error occurred: EOF when reading a line
Ask me anything: An error occurred: EOF when reading a line
Ask me anything: An error occurred: EOF when reading a line
Ask me anything: An error occurred: EOF when reading a line
Ask me anything: An error occurred: EOF when reading a line
Ask me anything: An error occurred: EOF when reading a line
Ask me anything: An error occurred: EOF when reading a line
Ask me anything: An error occurred: EOF when reading a line
Ask me anything: An error occurred: EOF when reading a line
Ask me anything: An error occurred: EOF when reading a line
Ask me anything: An error occurred: EOF when reading a line
Ask me anything: An error occurred: EOF when reading a line
Ask me anything: An error occurred: EOF when reading a line
Ask me anything: An error occurred: EOF when reading a line
Ask me anything: An error occurred: EOF when reading a line
Ask me anything: An error occurred: EOF when reading a line
Ask me anything: An error occurred: EOF when reading a line
Ask me anything: An error occurred: EOF when reading a line
Ask me anything: An error occurred: EOF when reading a line
Ask me anything: An error occurred: EOF when reading a line
Ask me anything: An error occurred: EOF when reading a line
Ask me anything: An error occurred: EOF when reading a line
Ask me anything: An error occurred: EOF when reading a line
Ask me anything: An error occurred: EOF when reading a line
Ask me anything: An error occurred: EOF when reading a line
Ask me anything: An error occurred: EOF when reading a line
Ask me anything: An error occurred: EOF when reading a line
Ask me anything: An error occurred: EOF when reading a line
Ask me anything: An error occurred: EOF when reading a line
Ask me anything: An error occurred: EOF when reading a line
Ask me anything: An error occurred: EOF when reading a line
Ask me anything: An error occurred: EOF when reading a line
Ask me anything: An error occurred: EOF when reading a line
Ask me anything: An error occurred: EOF when reading a line
Ask me anything: An error occurred: EOF when reading a line
Ask me anything: An error occurred: EOF when reading a line
Ask me anything: An error occurred: EOF when reading a line
Ask me anything: An error occurred: EOF when reading a line
Ask me anything: An error occurred: EOF when reading a line
Ask me anything: An error occurred: EOF when reading a line
Ask me anything: An error occurred: EOF when reading a line
Ask me anything: An error occurred: EOF when reading a line
Ask me anything: An error occurred: EOF when reading a line
Ask me anything: An error occurred: EOF when reading a line
Ask me anything: An error occurred: EOF when reading a line
Ask me anything: An error occurred: EOF when reading a line
Ask me anything: An error occurred: EOF when reading a line
Ask me anything: An error occurred: EOF when reading a line
Ask me anything: An error occurred: EOF when reading a line
Ask me anything: An error occurred: EOF when reading a line
Ask me anything: An error occurred: EOF when reading a line
Ask me anything: An error occurred: EOF when reading a line
Ask me anything: An error occurred: EOF when reading a line
Ask me anything: An error occurred: EOF when reading a line
Ask me anything: An error occurred: EOF when reading a line
Ask me anything: An error occurred: EOF when reading a line
Ask me anything: An error occurred: EOF when reading a line
Ask me anything: An error occurred: EOF when reading a line
Ask me anything: An error occurred: EOF when reading a line
Ask me anything: An error occurred: EOF when reading a line
Ask me anything: An error occurred: EOF when reading a line
Ask me anything: An error occurred: EOF when reading a line
Ask me anything: An error occurred: EOF when reading a line
Ask me anything: An error occurred: EOF when reading a line
Ask me anything: An error occurred: EOF when reading a line
Ask me anything: An error occurred: EOF when reading a line
Ask me anything: An error occurred: EOF when reading a line
Ask me anything: An error occurred: EOF when reading a line
Ask me anything: An error occurred: EOF when reading a line
Ask me anything: An error occurred: EOF when reading a line
Ask me anything: An error occurred: EOF when reading a line
Ask me anything: An error occurred: EOF when reading a line
Ask me anything: An error occurred: EOF when reading a line
Ask me anything: An error occurred: EOF when reading a line
Ask me anything: An error occurred: EOF when reading a line
Ask me anything: An error occurred: EOF when reading a line
Ask me anything: An error occurred: EOF when reading a line
Ask me anything: An error occurred: EOF when reading a line
Ask me anything: An error occurred: EOF when reading a line
Ask me anything: An error occurred: EOF when reading a line
Ask me anything: An error occurred: EOF when reading a line
Ask me anything: An error occurred: EOF when reading a line
Ask me anything: An error occurred: EOF when reading a line
Ask me anything: An error occurred: EOF when reading a line
Ask me anything: An error occurred: EOF when reading a line
Ask me anything: An error occurred: EOF when reading a line
Ask me anything: An error occurred: EOF when reading a line
Ask me anything: An error occurred: EOF when reading a line
Ask me anything: An error occurred: EOF when reading a line
Ask me anything: An error occurred: EOF when reading a line
Ask me anything: An error occurred: EOF when reading a line
Ask me anything: An error occurred: EOF when reading a line
Ask me anything: An error occurred: EOF when reading a line
Ask me anything: An error occurred: EOF when reading a line
Ask me anything: An error occurred: EOF when reading a line
Ask me anything: An error occurred: EOF when reading a line
Ask me anything: An error occurred: EOF when reading a line
Ask me anything: An error occurred: EOF when reading a line
Ask me anything: An error occurred: EOF when reading a line
Ask me anything: An error occurred: EOF when reading a line
Ask me anything: An error occurred: EOF when reading a line
Ask me anything: An error occurred: EOF when reading a line
Ask me anything: An error occurred: EOF when reading a line
Ask me anything: An error occurred: EOF when reading a line
Ask me anything: An error occurred: EOF when reading a line
Ask me anything: An error occurred: EOF when reading a line
Ask me anything: An error occurred: EOF when reading a line
Ask me anything: An error occurred: EOF when reading a line
Ask me anything: An error occurred: EOF when reading a line
Ask me anything: An error occurred: EOF when reading a line
Ask me anything: An error occurred: EOF when reading a line
Ask me anything: An error occurred: EOF when reading a line
Ask me anything: An error occurred: EOF when reading a line
Ask me anything: An error occurred: EOF when reading a line
Ask me anything: An error occurred: EOF when reading a line
Ask me anything: An error occurred: EOF when reading a line
Ask me anything: An error occurred: EOF when reading a line
Ask me anything: An error occurred: EOF when reading a line
Ask me anything: An error occurred: EOF when reading a line
Ask me anything: An error occurred: EOF when reading a line
Ask me anything: An error occurred: EOF when reading a line
Ask me anything: An error occurred: EOF when reading a line
Ask me anything: An error occurred: EOF when reading a line
Ask me anything: An error occurred: EOF when reading a line
Ask me anything: An error occurred: EOF when reading a line
Ask me anything: An error occurred: EOF when reading a line
Ask me anything: An error occurred: EOF when reading a line
Ask me anything: An error occurred: EOF when reading a line
Ask me anything: An error occurred: EOF when reading a line
Ask me anything: An error occurred: EOF when reading a line
Ask me anything: An error occurred: EOF when reading a line
Ask me anything: An error occurred: EOF when reading a line
Ask me anything: An error occurred: EOF when reading a line
Ask me anything: An error occurred: EOF when reading a line
Ask me anything: An error occurred: EOF when reading a line
Ask me anything: An error occurred: EOF when reading a line
Ask me anything: An error occurred: EOF when reading a line
Ask me anything: An error occurred: EOF when reading a line
Ask me anything: An error occurred: EOF when reading a line
Ask me anything: An error occurred: EOF when reading a line
Ask me anything: An error occurred: EOF when reading a line
Ask me anything: An error occurred: EOF when reading a line
Ask me anything: An error occurred: EOF when reading a line
Ask me anything: An error occurred: EOF when reading a line
Ask me anything: An error occurred: EOF when reading a line
Ask me anything: An error occurred: EOF when reading a line
Ask me anything: An error occurred: EOF when reading a line
Ask me anything: An error occurred: EOF when reading a line
Ask me anything: An error occurred: EOF when reading a line
Ask me anything: An error occurred: EOF when reading a line
Ask me anything: An error occurred: EOF when reading a line
Ask me anything: An error occurred: EOF when reading a line
Ask me anything: An error occurred: EOF when reading a line
Ask me anything: An error occurred: EOF when reading a line
Ask me anything: An error occurred: EOF when reading a line
Ask me anything: An error occurred: EOF when reading a line
Ask me anything: An error occurred: EOF when reading a line
Ask me anything: An error occurred: EOF when reading a line
Ask me anything: An error occurred: EOF when reading a line
Ask me anything: An error occurred: EOF when reading a line
Ask me anything: An error occurred: EOF when reading a line
Ask me anything: An error occurred: EOF when reading a line
Ask me anything: An error occurred: EOF when reading a line
Ask me anything: An error occurred: EOF when reading a line
Ask me anything: An error occurred: EOF when reading a line
Ask me anything: An error occurred: EOF when reading a line
Ask me anything: An error occurred: EOF when reading a line
Ask me anything: An error occurred: EOF when reading a line
Ask me anything: An error occurred: EOF when reading a line
Ask me anything: An error occurred: EOF when reading a line
Ask me anything: An error occurred: EOF when reading a line
Ask me anything: An error occurred: EOF when reading a line
Ask me anything: An error occurred: EOF when reading a line
Ask me anything: An error occurred: EOF when reading a line
Ask me anything: An error occurred: EOF when reading a line
Ask me anything: An error occurred: EOF when reading a line
Ask me anything: An error occurred: EOF when reading a line
Ask me anything: An error occurred: EOF when reading a line
Ask me anything: An error occurred: EOF when reading a line
Ask me anything: An error occurred: EOF when reading a line
Ask me anything: An error occurred: EOF when reading a line
Ask me anything: An error occurred: EOF when reading a line
Ask me anything: An error occurred: EOF when reading a line
Ask me anything: An error occurred: EOF when reading a line
Ask me anything: An error occurred: EOF when reading a line
Ask me anything: An error occurred: EOF when reading a line
Ask me anything: An error occurred: EOF when reading a line
Ask me anything: An error occurred: EOF when reading a line
Ask me anything: An error occurred: EOF when reading a line
Ask me anything: An error occurred: EOF when reading a line
Ask me anything: An error occurred: EOF when reading a line
Ask me anything: An error occurred: EOF when reading a line
Ask me anything: An error occurred: EOF when reading a line
Ask me anything: An error occurred: EOF when reading a line
Ask me anything: An error occurred: EOF when reading a line
Ask me anything: An error occurred: EOF when reading a line
Ask me anything: An error occurred: EOF when reading a line
Ask me anything: An error occurred: EOF when reading a line
Ask me anything: An error occurred: EOF when reading a line
Ask me anything: An error occurred: EOF when reading a line
Ask me anything: An error occurred: EOF when reading a line
Ask me anything: An error occurred: EOF when reading a line
Ask me anything: An error occurred: EOF when reading a line
Ask me anything: An error occurred: EOF when reading a line
Ask me anything: An error occurred: EOF when reading a line
Ask me anything: An error occurred: EOF when reading a line
Ask me anything: An error occurred: EOF when reading a line
Ask me anything: An error occurred: EOF when reading a line
Ask me anything: An error occurred: EOF when reading a line
Ask me anything: An error occurred: EOF when reading a line
Ask me anything: An error occurred: EOF when reading a line
Ask me anything: An error occurred: EOF when reading a line
Ask me anything: An error occurred: EOF when reading a line
Ask me anything: An error occurred: EOF when reading a line
Ask me anything: An error occurred: EOF when reading a line
Ask me anything: An error occurred: EOF when reading a line
Ask me anything: An error occurred: EOF when reading a line
Ask me anything: An error occurred: EOF when reading a line
Ask me anything: An error occurred: EOF when reading a line
Ask me anything: An error occurred: EOF when reading a line
Ask me anything: An error occurred: EOF when reading a line
Ask me anything: An error occurred: EOF when reading a line
Ask me anything: An error occurred: EOF when reading a line
Ask me anything: An error occurred: EOF when reading a line
Ask me anything: An error occurred: EOF when reading a line
Ask me anything: An error occurred: EOF when reading a line
Ask me anything: An error occurred: EOF when reading a line
Ask me anything: An error occurred: EOF when reading a line
Ask me anything: An error occurred: EOF when reading a line
Ask me anything: An error occurred: EOF when reading a line
Ask me anything: An error occurred: EOF when reading a line
Ask me anything: An error occurred: EOF when reading a line
Ask me anything: An error occurred: EOF when reading a line
Ask me anything: An error occurred: EOF when reading a line
Ask me anything: An error occurred: EOF when reading a line
Ask me anything: An error occurred: EOF when reading a line
Ask me anything: An error occurred: EOF when reading a line
Ask me anything: An error occurred: EOF when reading a line
Ask me anything: An error occurred: EOF when reading a line
Ask me anything: An error occurred: EOF when reading a line
Ask me anything: An error occurred: EOF when reading a line
Ask me anything: An error occurred: EOF when reading a line
Ask me anything: An error occurred: EOF when reading a line
Ask me anything: An error occurred: EOF when reading a line
Ask me anything: An error occurred: EOF when reading a line
Ask me anything: An error occurred: EOF when reading a line
Ask me anything: An error occurred: EOF when reading a line
Ask me anything: An error occurred: EOF when reading a line
Ask me anything: An error occurred: EOF when reading a line
Ask me anything: An error occurred: EOF when reading a line
Ask me anything: An error occurred: EOF when reading a line
Ask me anything: An error occurred: EOF when reading a line
Ask me anything: An error occurred: EOF when reading a line
Ask me anything: An error occurred: EOF when reading a line
Ask me anything: An error occurred: EOF when reading a line
Ask me anything: An error occurred: EOF when reading a line
Ask me anything: An error occurred: EOF when reading a line
Ask me anything: An error occurred: EOF when reading a line
Ask me anything: An error occurred: EOF when reading a line
Ask me anything: An error occurred: EOF when reading a line
Ask me anything: An error occurred: EOF when reading a line
Ask me anything: An error occurred: EOF when reading a line
Ask me anything: An error occurred: EOF when reading a line
Ask me anything: An error occurred: EOF when reading a line
Ask me anything: An error occurred: EOF when reading a line
Ask me anything: An error occurred: EOF when reading a line
Ask me anything: An error occurred: EOF when reading a line
Ask me anything: An error occurred: EOF when reading a line
Ask me anything: An error occurred: EOF when reading a line
Ask me anything: An error occurred: EOF when reading a line
Ask me anything: An error occurred: EOF when reading a line
Ask me anything: An error occurred: EOF when reading a line
Ask me anything: An error occurred: EOF when reading a line
Ask me anything: An error occurred: EOF when reading a line
Ask me anything: An error occurred: EOF when reading a line
Ask me anything: An error occurred: EOF when reading a line
Ask me anything: An error occurred: EOF when reading a line
Ask me anything: An error occurred: EOF when reading a line
Ask me anything: An error occurred: EOF when reading a line
Ask me anything: An error occurred: EOF when reading a line
Ask me anything: An error occurred: EOF when reading a line
Ask me anything: An error occurred: EOF when reading a line
Ask me anything: An error occurred: EOF when reading a line
Ask me anything: An error occurred: EOF when reading a line
Ask me anything: An error occurred: EOF when reading a line
Ask me anything: An error occurred: EOF when reading a line
Ask me anything: An error occurred: EOF when reading a line
Ask me anything: An error occurred: EOF when reading a line
Ask me anything: An error occurred: EOF when reading a line
Ask me anything: An error occurred: EOF when reading a line
Ask me anything: An error occurred: EOF when reading a line
Ask me anything: An error occurred: EOF when reading a line
Ask me anything: An error occurred: EOF when reading a line
Ask me anything: An error occurred: EOF when reading a line
Ask me anything: An error occurred: EOF when reading a line
Ask me anything: An error occurred: EOF when reading a line
Ask me anything: An error occurred: EOF when reading a line
Ask me anything: An error occurred: EOF when reading a line
Ask me anything: An error occurred: EOF when reading a line
Ask me anything: An error occurred: EOF when reading a line
Ask me anything: An error occurred: EOF when reading a line
Ask me anything: An error occurred: EOF when reading a line
Ask me anything: An error occurred: EOF when reading a line
Ask me anything: An error occurred: EOF when reading a line
Ask me anything: An error occurred: EOF when reading a line
Ask me anything: An error occurred: EOF when reading a line
Ask me anything: An error occurred: EOF when reading a line
Ask me anything: An error occurred: EOF when reading a line
Ask me anything: An error occurred: EOF when reading a line
Ask me anything: An error occurred: EOF when reading a line
Ask me anything: An error occurred: EOF when reading a line
Ask me anything: An error occurred: EOF when reading a line
Ask me anything: An error occurred: EOF when reading a line
Ask me anything: An error occurred: EOF when reading a line
Ask me anything: An error occurred: EOF when reading a line
Ask me anything: An error occurred: EOF when reading a line
Ask me anything: An error occurred: EOF when reading a line
Ask me anything: An error occurred: EOF when reading a line
Ask me anything: An error occurred: EOF when reading a line
Ask me anything: An error occurred: EOF when reading a line
Ask me anything: An error occurred: EOF when reading a line
Ask me anything: An error occurred: EOF when reading a line
Ask me anything: An error occurred: EOF when reading a line
Ask me anything: An error occurred: EOF when reading a line
Ask me anything: An error occurred: EOF when reading a line
Ask me anything: An error occurred: EOF when reading a line
Ask me anything: An error occurred: EOF when reading a line
Ask me anything: An error occurred: EOF when reading a line
Ask me anything: An error occurred: EOF when reading a line
Ask me anything: An error occurred: EOF when reading a line
Ask me anything: An error occurred: EOF when reading a line
Ask me anything: An error occurred: EOF when reading a line
Ask me anything: An error occurred: EOF when reading a line
Ask me anything: An error occurred: EOF when reading a line
Ask me anything: An error occurred: EOF when reading a line
Ask me anything: An error occurred: EOF when reading a line
Ask me anything: An error occurred: EOF when reading a line
Ask me anything: An error occurred: EOF when reading a line
Ask me anything: An error occurred: EOF when reading a line
Ask me anything: An error occurred: EOF when reading a line
Ask me anything: An error occurred: EOF when reading a line
Ask me anything: An error occurred: EOF when reading a line
Ask me anything: An error occurred: EOF when reading a line
Ask me anything: An error occurred: EOF when reading a line
Ask me anything: An error occurred: EOF when reading a line
Ask me anything: An error occurred: EOF when reading a line
Ask me anything: An error occurred: EOF when reading a line
Ask me anything: An error occurred: EOF when reading a line
Ask me anything: An error occurred: EOF when reading a line
Ask me anything: An error occurred: EOF when reading a line
Ask me anything: An error occurred: EOF when reading a line
Ask me anything: An error occurred: EOF when reading a line
Ask me anything: An error occurred: EOF when reading a line
Ask me anything: An error occurred: EOF when reading a line
Ask me anything: An error occurred: EOF when reading a line
Ask me anything: An error occurred: EOF when reading a line
Ask me anything: An error occurred: EOF when reading a line
Ask me anything: An error occurred: EOF when reading a line
Ask me anything: An error occurred: EOF when reading a line
Ask me anything: An error occurred: EOF when reading a line
Ask me anything: An error occurred: EOF when reading a line
Ask me anything: An error occurred: EOF when reading a line
Ask me anything: An error occurred: EOF when reading a line
Ask me anything: An error occurred: EOF when reading a line
Ask me anything: An error occurred: EOF when reading a line
Ask me anything: An error occurred: EOF when reading a line
Ask me anything: An error occurred: EOF when reading a line
Ask me anything: An error occurred: EOF when reading a line
Ask me anything: An error occurred: EOF when reading a line
Ask me anything: An error occurred: EOF when reading a line
Ask me anything: An error occurred: EOF when reading a line
Ask me anything: An error occurred: EOF when reading a line
Ask me anything: An error occurred: EOF when reading a line
Ask me anything: An error occurred: EOF when reading a line
Ask me anything: An error occurred: EOF when reading a line
Ask me anything: An error occurred: EOF when reading a line
Ask me anything: An error occurred: EOF when reading a line
Ask me anything: An error occurred: EOF when reading a line
Ask me anything: An error occurred: EOF when reading a line
Ask me anything: An error occurred: EOF when reading a line
Ask me anything: An error occurred: EOF when reading a line
Ask me anything: An error occurred: EOF when reading a line
Ask me anything: An error occurred: EOF when reading a line
Ask me anything: An error occurred: EOF when reading a line
Ask me anything: An error occurred: EOF when reading a line
Ask me anything: An error occurred: EOF when reading a line
Ask me anything: An error occurred: EOF when reading a line
Ask me anything: An error occurred: EOF when reading a line
Ask me anything: An error occurred: EOF when reading a line
Ask me anything: An error occurred: EOF when reading a line
Ask me anything: An error occurred: EOF when reading a line
Ask me anything: An error occurred: EOF when reading a line
Ask me anything: An error occurred: EOF when reading a line
Ask me anything: An error occurred: EOF when reading a line
Ask me anything: An error occurred: EOF when reading a line
Ask me anything: An error occurred: EOF when reading a line
Ask me anything: An error occurred: EOF when reading a line
Ask me anything: An error occurred: EOF when reading a line
Ask me anything: An error occurred: EOF when reading a line
Ask me anything: An error occurred: EOF when reading a line
Ask me anything: An error occurred: EOF when reading a line
Ask me anything: An error occurred: EOF when reading a line
Ask me anything: An error occurred: EOF when reading a line
Ask me anything: An error occurred: EOF when reading a line
Ask me anything: An error occurred: EOF when reading a line
Ask me anything: An error occurred: EOF when reading a line
Ask me anything: An error occurred: EOF when reading a line
Ask me anything: An error occurred: EOF when reading a line
Ask me anything: An error occurred: EOF when reading a line
Ask me anything: An error occurred: EOF when reading a line
Ask me anything: An error occurred: EOF when reading a line
Ask me anything: An error occurred: EOF when reading a line
Ask me anything: An error occurred: EOF when reading a line
Ask me anything: An error occurred: EOF when reading a line
Ask me anything: An error occurred: EOF when reading a line
Ask me anything: An error occurred: EOF when reading a line
Ask me anything: An error occurred: EOF when reading a line
Ask me anything: An error occurred: EOF when reading a line
Ask me anything: An error occurred: EOF when reading a line
Ask me anything: An error occurred: EOF when reading a line
Ask me anything: An error occurred: EOF when reading a line
Ask me anything: An error occurred: EOF when reading a line
Ask me anything: An error occurred: EOF when reading a line
Ask me anything: An error occurred: EOF when reading a line
Ask me anything: An error occurred: EOF when reading a line
Ask me anything: An error occurred: EOF when reading a line
Ask me anything: An error occurred: EOF when reading a line
Ask me anything: An error occurred: EOF when reading a line
Ask me anything: An error occurred: EOF when reading a line
Ask me anything: An error occurred: EOF when reading a line
Ask me anything: An error occurred: EOF when reading a line
Ask me anything: An error occurred: EOF when reading a line
Ask me anything: An error occurred: EOF when reading a line
Ask me anything: An error occurred: EOF when reading a line
Ask me anything: An error occurred: EOF when reading a line
Ask me anything: An error occurred: EOF when reading a line
Ask me anything: An error occurred: EOF when reading a line
Ask me anything: An error occurred: EOF when reading a line
Ask me anything: An error occurred: EOF when reading a line
Ask me anything: An error occurred: EOF when reading a line
Ask me anything: An error occurred: EOF when reading a line
Ask me anything: An error occurred: EOF when reading a line
Ask me anything: An error occurred: EOF when reading a line
Ask me anything: An error occurred: EOF when reading a line
Ask me anything: An error occurred: EOF when reading a line
Ask me anything: An error occurred: EOF when reading a line
Ask me anything: An error occurred: EOF when reading a line
Ask me anything: An error occurred: EOF when reading a line
Ask me anything: An error occurred: EOF when reading a line
Ask me anything: An error occurred: EOF when reading a line
Ask me anything: An error occurred: EOF when reading a line
Ask me anything: An error occurred: EOF when reading a line
Ask me anything: An error occurred: EOF when reading a line
Ask me anything: An error occurred: EOF when reading a line
Ask me anything: An error occurred: EOF when reading a line
Ask me anything: An error occurred: EOF when reading a line
Ask me anything: An error occurred: EOF when reading a line
Ask me anything: An error occurred: EOF when reading a line
Ask me anything: An error occurred: EOF when reading a line
Ask me anything: An error occurred: EOF when reading a line
Ask me anything: An error occurred: EOF when reading a line
Ask me anything: An error occurred: EOF when reading a line
Ask me anything: An error occurred: EOF when reading a line
Ask me anything: An error occurred: EOF when reading a line
Ask me anything: An error occurred: EOF when reading a line
Ask me anything: An error occurred: EOF when reading a line
Ask me anything: An error occurred: EOF when reading a line
Ask me anything: An error occurred: EOF when reading a line
Ask me anything: An error occurred: EOF when reading a line
Ask me anything: An error occurred: EOF when reading a line
Ask me anything: An error occurred: EOF when reading a line
Ask me anything: An error occurred: EOF when reading a line
Ask me anything: An error occurred: EOF when reading a line
Ask me anything: An error occurred: EOF when reading a line
Ask me anything: An error occurred: EOF when reading a line
Ask me anything: An error occurred: EOF when reading a line
Ask me anything: An error occurred: EOF when reading a line
Ask me anything: An error occurred: EOF when reading a line
Ask me anything: An error occurred: EOF when reading a line
Ask me anything: An error occurred: EOF when reading a line
Ask me anything: An error occurred: EOF when reading a line
Ask me anything: An error occurred: EOF when reading a line
Ask me anything: An error occurred: EOF when reading a line
Ask me anything: An error occurred: EOF when reading a line
Ask me anything: An error occurred: EOF when reading a line
Ask me anything: An error occurred: EOF when reading a line
Ask me anything: An error occurred: EOF when reading a line
Ask me anything: An error occurred: EOF when reading a line
Ask me anything: An error occurred: EOF when reading a line
Ask me anything: An error occurred: EOF when reading a line
Ask me anything: An error occurred: EOF when reading a line
Ask me anything: An error occurred: EOF when reading a line
Ask me anything: An error occurred: EOF when reading a line
Ask me anything: An error occurred: EOF when reading a line
Ask me anything: An error occurred: EOF when reading a line
Ask me anything: An error occurred: EOF when reading a line
Ask me anything: An error occurred: EOF when reading a line
Ask me anything: An error occurred: EOF when reading a line
Ask me anything: An error occurred: EOF when reading a line
Ask me anything: An error occurred: EOF when reading a line
Ask me anything: An error occurred: EOF when reading a line
Ask me anything: An error occurred: EOF when reading a line
Ask me anything: An error occurred: EOF when reading a line
Ask me anything: An error occurred: EOF when reading a line
Ask me anything: An error occurred: EOF when reading a line
Ask me anything: An error occurred: EOF when reading a line
Ask me anything: An error occurred: EOF when reading a line
Ask me anything: An error occurred: EOF when reading a line
Ask me anything: An error occurred: EOF when reading a line
Ask me anything: An error occurred: EOF when reading a line
Ask me anything: An error occurred: EOF when reading a line
Ask me anything: An error occurred: EOF when reading a line
Ask me anything: An error occurred: EOF when reading a line
Ask me anything: An error occurred: EOF when reading a line
Ask me anything: An error occurred: EOF when reading a line
Ask me anything: An error occurred: EOF when reading a line
Ask me anything: An error occurred: EOF when reading a line
Ask me anything: An error occurred: EOF when reading a line
Ask me anything: An error occurred: EOF when reading a line
Ask me anything: An error occurred: EOF when reading a line
Ask me anything: An error occurred: EOF when reading a line
Ask me anything: An error occurred: EOF when reading a line
Ask me anything: An error occurred: EOF when reading a line
Ask me anything: An error occurred: EOF when reading a line
Ask me anything: An error occurred: EOF when reading a line
Ask me anything: An error occurred: EOF when reading a line
Ask me anything: An error occurred: EOF when reading a line
Ask me anything: An error occurred: EOF when reading a line
Ask me anything: An error occurred: EOF when reading a line
Ask me anything: An error occurred: EOF when reading a line
Ask me anything: An error occurred: EOF when reading a line
Ask me anything: An error occurred: EOF when reading a line
Ask me anything: An error occurred: EOF when reading a line
Ask me anything: An error occurred: EOF when reading a line
Ask me anything: An error occurred: EOF when reading a line
Ask me anything: An error occurred: EOF when reading a line
Ask me anything: An error occurred: EOF when reading a line
Ask me anything: An error occurred: EOF when reading a line
Ask me anything: An error occurred: EOF when reading a line
Ask me anything: An error occurred: EOF when reading a line
Ask me anything: An error occurred: EOF when reading a line
Ask me anything: An error occurred: EOF when reading a line
Ask me anything: An error occurred: EOF when reading a line
Ask me anything: An error occurred: EOF when reading a line
Ask me anything: An error occurred: EOF when reading a line
Ask me anything: An error occurred: EOF when reading a line
Ask me anything: An error occurred: EOF when reading a line
Ask me anything: An error occurred: EOF when reading a line
Ask me anything: An error occurred: EOF when reading a line
Ask me anything: An error occurred: EOF when reading a line
Ask me anything: An error occurred: EOF when reading a line
Ask me anything: An error occurred: EOF when reading a line
Ask me anything: An error occurred: EOF when reading a line
Ask me anything: An error occurred: EOF when reading a line
Ask me anything: An error occurred: EOF when reading a line
Ask me anything: An error occurred: EOF when reading a line
Ask me anything: An error occurred: EOF when reading a line
Ask me anything: An error occurred: EOF when reading a line
Ask me anything: An error occurred: EOF when reading a line
Ask me anything: An error occurred: EOF when reading a line
Ask me anything: An error occurred: EOF when reading a line
Ask me anything: An error occurred: EOF when reading a line
Ask me anything: An error occurred: EOF when reading a line
Ask me anything: An error occurred: EOF when reading a line
Ask me anything: An error occurred: EOF when reading a line
Ask me anything: An error occurred: EOF when reading a line
Ask me anything: An error occurred: EOF when reading a line
Ask me anything: An error occurred: EOF when reading a line
Ask me anything: An error occurred: EOF when reading a line
Ask me anything: An error occurred: EOF when reading a line
Ask me anything: An error occurred: EOF when reading a line
Ask me anything: An error occurred: EOF when reading a line
Ask me anything: An error occurred: EOF when reading a line
Ask me anything: An error occurred: EOF when reading a line
Ask me anything: An error occurred: EOF when reading a line
Ask me anything: An error occurred: EOF when reading a line
Ask me anything: An error occurred: EOF when reading a line
Ask me anything: An error occurred: EOF when reading a line
Ask me anything: An error occurred: EOF when reading a line
Ask me anything: An error occurred: EOF when reading a line
Ask me anything: An error occurred: EOF when reading a line
Ask me anything: An error occurred: EOF when reading a line
Ask me anything: An error occurred: EOF when reading a line
Ask me anything: An error occurred: EOF when reading a line
Ask me anything: An error occurred: EOF when reading a line
Ask me anything: An error occurred: EOF when reading a line
Ask me anything: An error occurred: EOF when reading a line
Ask me anything: An error occurred: EOF when reading a line
Ask me anything: An error occurred: EOF when reading a line
Ask me anything: An error occurred: EOF when reading a line
Ask me anything: An error occurred: EOF when reading a line
Ask me anything: An error occurred: EOF when reading a line
Ask me anything: An error occurred: EOF when reading a line
Ask me anything: An error occurred: EOF when reading a line
Ask me anything: An error occurred: EOF when reading a line
Ask me anything: An error occurred: EOF when reading a line
Ask me anything: An error occurred: EOF when reading a line
Ask me anything: An error occurred: EOF when reading a line
Ask me anything: An error occurred: EOF when reading a line
Ask me anything: An error occurred: EOF when reading a line
Ask me anything: An error occurred: EOF when reading a line
Ask me anything: An error occurred: EOF when reading a line
Ask me anything: An error occurred: EOF when reading a line
Ask me anything: An error occurred: EOF when reading a line
Ask me anything: An error occurred: EOF when reading a line
Ask me anything: An error occurred: EOF when reading a line
Ask me anything: An error occurred: EOF when reading a line
Ask me anything: An error occurred: EOF when reading a line
Ask me anything: An error occurred: EOF when reading a line
Ask me anything: An error occurred: EOF when reading a line
Ask me anything: An error occurred: EOF when reading a line
Ask me anything: An error occurred: EOF when reading a line
Ask me anything: An error occurred: EOF when reading a line
Ask me anything: An error occurred: EOF when reading a line
Ask me anything: An error occurred: EOF when reading a line
Ask me anything: An error occurred: EOF when reading a line
Ask me anything: An error occurred: EOF when reading a line
Ask me anything: An error occurred: EOF when reading a line
Ask me anything: An error occurred: EOF when reading a line
Ask me anything: An error occurred: EOF when reading a line
Ask me anything: An error occurred: EOF when reading a line
Ask me anything: An error occurred: EOF when reading a line
Ask me anything: An error occurred: EOF when reading a line
Ask me anything: An error occurred: EOF when reading a line
Ask me anything: An error occurred: EOF when reading a line
Ask me anything: An error occurred: EOF when reading a line
Ask me anything: An error occurred: EOF when reading a line
Ask me anything: An error occurred: EOF when reading a line
Ask me anything: An error occurred: EOF when reading a line
Ask me anything: An error occurred: EOF when reading a line
Ask me anything: An error occurred: EOF when reading a line
Ask me anything: An error occurred: EOF when reading a line
Ask me anything: An error occurred: EOF when reading a line
Ask me anything: An error occurred: EOF when reading a line
Ask me anything: An error occurred: EOF when reading a line
Ask me anything: An error occurred: EOF when reading a line
Ask me anything: An error occurred: EOF when reading a line
Ask me anything: An error occurred: EOF when reading a line
Ask me anything: An error occurred: EOF when reading a line
Ask me anything: An error occurred: EOF when reading a line
Ask me anything: An error occurred: EOF when reading a line
Ask me anything: An error occurred: EOF when reading a line
Ask me anything: An error occurred: EOF when reading a line
Ask me anything: An error occurred: EOF when reading a line
Ask me anything: An error occurred: EOF when reading a line
Ask me anything: An error occurred: EOF when reading a line
Ask me anything: An error occurred: EOF when reading a line
Ask me anything: An error occurred: EOF when reading a line
Ask me anything: An error occurred: EOF when reading a line
Ask me anything: An error occurred: EOF when reading a line
Ask me anything: An error occurred: EOF when reading a line
Ask me anything: An error occurred: EOF when reading a line
Ask me anything: An error occurred: EOF when reading a line
Ask me anything: An error occurred: EOF when reading a line
Ask me anything: An error occurred: EOF when reading a line
Ask me anything: An error occurred: EOF when reading a line
Ask me anything: An error occurred: EOF when reading a line
Ask me anything: An error occurred: EOF when reading a line
Ask me anything: An error occurred: EOF when reading a line
Ask me anything: An error occurred: EOF when reading a line
Ask me anything: An error occurred: EOF when reading a line
Ask me anything: An error occurred: EOF when reading a line
Ask me anything: An error occurred: EOF when reading a line
Ask me anything: An error occurred: EOF when reading a line
Ask me anything: An error occurred: EOF when reading a line
Ask me anything: An error occurred: EOF when reading a line
Ask me anything: An error occurred: EOF when reading a line
Ask me anything: An error occurred: EOF when reading a line
Ask me anything: An error occurred: EOF when reading a line
Ask me anything: An error occurred: EOF when reading a line
Ask me anything: An error occurred: EOF when reading a line
Ask me anything: An error occurred: EOF when reading a line
Ask me anything: An error occurred: EOF when reading a line
Ask me anything: An error occurred: EOF when reading a line
Ask me anything: An error occurred: EOF when reading a line
Ask me anything: An error occurred: EOF when reading a line
Ask me anything: An error occurred: EOF when reading a line
Ask me anything: An error occurred: EOF when reading a line
Ask me anything: An error occurred: EOF when reading a line
Ask me anything: An error occurred: EOF when reading a line
Ask me anything: An error occurred: EOF when reading a line
Ask me anything: An error occurred: EOF when reading a line
Ask me anything: An error occurred: EOF when reading a line
Ask me anything: An error occurred: EOF when reading a line
Ask me anything: An error occurred: EOF when reading a line
Ask me anything: An error occurred: EOF when reading a line
Ask me anything: An error occurred: EOF when reading a line
Ask me anything: An error occurred: EOF when reading a line
Ask me anything: An error occurred: EOF when reading a line
Ask me anything: An error occurred: EOF when reading a line
Ask me anything: An error occurred: EOF when reading a line
Ask me anything: An error occurred: EOF when reading a line
Ask me anything: An error occurred: EOF when reading a line
Ask me anything: An error occurred: EOF when reading a line
Ask me anything: An error occurred: EOF when reading a line
Ask me anything: An error occurred: EOF when reading a line
Ask me anything: An error occurred: EOF when reading a line
Ask me anything: An error occurred: EOF when reading a line
Ask me anything: An error occurred: EOF when reading a line
Ask me anything: An error occurred: EOF when reading a line
Ask me anything: An error occurred: EOF when reading a line
Ask me anything: An error occurred: EOF when reading a line
Ask me anything: An error occurred: EOF when reading a line
Ask me anything: An error occurred: EOF when reading a line
Ask me anything: An error occurred: EOF when reading a line
Ask me anything: An error occurred: EOF when reading a line
Ask me anything: An error occurred: EOF when reading a line
Ask me anything: An error occurred: EOF when reading a line
Ask me anything: An error occurred: EOF when reading a line
Ask me anything: An error occurred: EOF when reading a line
Ask me anything: An error occurred: EOF when reading a line
Ask me anything: An error occurred: EOF when reading a line
Ask me anything: An error occurred: EOF when reading a line
Ask me anything: An error occurred: EOF when reading a line
Ask me anything: An error occurred: EOF when reading a line
Ask me anything: An error occurred: EOF when reading a line
Ask me anything: An error occurred: EOF when reading a line
Ask me anything: An error occurred: EOF when reading a line
Ask me anything: An error occurred: EOF when reading a line
Ask me anything: An error occurred: EOF when reading a line
Ask me anything: An error occurred: EOF when reading a line
Ask me anything: An error occurred: EOF when reading a line
Ask me anything: An error occurred: EOF when reading a line
Ask me anything: An error occurred: EOF when reading a line
Ask me anything: An error occurred: EOF when reading a line
Ask me anything: An error occurred: EOF when reading a line
Ask me anything: An error occurred: EOF when reading a line
Ask me anything: An error occurred: EOF when reading a line
Ask me anything: An error occurred: EOF when reading a line
Ask me anything: An error occurred: EOF when reading a line
Ask me anything: An error occurred: EOF when reading a line
Ask me anything: An error occurred: EOF when reading a line
Ask me anything: An error occurred: EOF when reading a line
Ask me anything: An error occurred: EOF when reading a line
Ask me anything: An error occurred: EOF when reading a line
Ask me anything: An error occurred: EOF when reading a line
Ask me anything: An error occurred: EOF when reading a line
Ask me anything: An error occurred: EOF when reading a line
Ask me anything: An error occurred: EOF when reading a line
Ask me anything: An error occurred: EOF when reading a line
Ask me anything: An error occurred: EOF when reading a line
Ask me anything: An error occurred: EOF when reading a line
Ask me anything: An error occurred: EOF when reading a line
Ask me anything: An error occurred: EOF when reading a line
Ask me anything: An error occurred: EOF when reading a line
Ask me anything: An error occurred: EOF when reading a line
Ask me anything: An error occurred: EOF when reading a line
Ask me anything: An error occurred: EOF when reading a line
Ask me anything: An error occurred: EOF when reading a line
Ask me anything: An error occurred: EOF when reading a line
Ask me anything: An error occurred: EOF when reading a line
Ask me anything: An error occurred: EOF when reading a line
Ask me anything: An error occurred: EOF when reading a line
Ask me anything: An error occurred: EOF when reading a line
Ask me anything: An error occurred: EOF when reading a line
Ask me anything: An error occurred: EOF when reading a line
Ask me anything: An error occurred: EOF when reading a line
Ask me anything: An error occurred: EOF when reading a line
Ask me anything: An error occurred: EOF when reading a line
Ask me anything: An error occurred: EOF when reading a line
Ask me anything: An error occurred: EOF when reading a line
Ask me anything: An error occurred: EOF when reading a line
Ask me anything: An error occurred: EOF when reading a line
Ask me anything: An error occurred: EOF when reading a line
Ask me anything: An error occurred: EOF when reading a line
Ask me anything: An error occurred: EOF when reading a line
Ask me anything: An error occurred: EOF when reading a line
Ask me anything: An error occurred: EOF when reading a line
Ask me anything: An error occurred: EOF when reading a line
Ask me anything: An error occurred: EOF when reading a line
Ask me anything: An error occurred: EOF when reading a line
Ask me anything: An error occurred: EOF when reading a line
Ask me anything: An error occurred: EOF when reading a line
Ask me anything: An error occurred: EOF when reading a line
Ask me anything: An error occurred: EOF when reading a line
Ask me anything: An error occurred: EOF when reading a line
Ask me anything: An error occurred: EOF when reading a line
Ask me anything: An error occurred: EOF when reading a line
Ask me anything: An error occurred: EOF when reading a line
Ask me anything: An error occurred: EOF when reading a line
Ask me anything: An error occurred: EOF when reading a line
Ask me anything: An error occurred: EOF when reading a line
Ask me anything: An error occurred: EOF when reading a line
Ask me anything: An error occurred: EOF when reading a line
Ask me anything: An error occurred: EOF when reading a line
Ask me anything: An error occurred: EOF when reading a line
Ask me anything: An error occurred: EOF when reading a line
Ask me anything: An error occurred: EOF when reading a line
Ask me anything: An error occurred: EOF when reading a line
Ask me anything: An error occurred: EOF when reading a line
Ask me anything: An error occurred: EOF when reading a line
Ask me anything: An error occurred: EOF when reading a line
Ask me anything: An error occurred: EOF when reading a line
Ask me anything: An error occurred: EOF when reading a line
Ask me anything: An error occurred: EOF when reading a line
Ask me anything: An error occurred: EOF when reading a line
Ask me anything: An error occurred: EOF when reading a line
Ask me anything: An error occurred: EOF when reading a line
Ask me anything: An error occurred: EOF when reading a line
Ask me anything: An error occurred: EOF when reading a line
Ask me anything: An error occurred: EOF when reading a line
Ask me anything: An error occurred: EOF when reading a line
Ask me anything: An error occurred: EOF when reading a line
Ask me anything: An error occurred: EOF when reading a line
Ask me anything: An error occurred: EOF when reading a line
Ask me anything: An error occurred: EOF when reading a line
Ask me anything: An error occurred: EOF when reading a line
Ask me anything: An error occurred: EOF when reading a line
Ask me anything: An error occurred: EOF when reading a line
Ask me anything: An error occurred: EOF when reading a line
Ask me anything: An error occurred: EOF when reading a line
Ask me anything: An error occurred: EOF when reading a line
Ask me anything: An error occurred: EOF when reading a line
Ask me anything: An error occurred: EOF when reading a line
Ask me anything: An error occurred: EOF when reading a line
Ask me anything: An error occurred: EOF when reading a line
Ask me anything: An error occurred: EOF when reading a line
Ask me anything: An error occurred: EOF when reading a line
Ask me anything: An error occurred: EOF when reading a line
Ask me anything: An error occurred: EOF when reading a line
Ask me anything: An error occurred: EOF when reading a line
Ask me anything: An error occurred: EOF when reading a line
Ask me anything: An error occurred: EOF when reading a line
Ask me anything: An error occurred: EOF when reading a line
Ask me anything: An error occurred: EOF when reading a line
Ask me anything: An error occurred: EOF when reading a line
Ask me anything: An error occurred: EOF when reading a line
Ask me anything: An error occurred: EOF when reading a line
Ask me anything: An error occurred: EOF when reading a line
Ask me anything: An error occurred: EOF when reading a line
Ask me anything: An error occurred: EOF when reading a line
Ask me anything: An error occurred: EOF when reading a line
Ask me anything: An error occurred: EOF when reading a line
Ask me anything: An error occurred: EOF when reading a line
Ask me anything: An error occurred: EOF when reading a line
Ask me anything: An error occurred: EOF when reading a line
Ask me anything: An error occurred: EOF when reading a line
Ask me anything: An error occurred: EOF when reading a line
Ask me anything: An error occurred: EOF when reading a line
Ask me anything: An error occurred: EOF when reading a line
Ask me anything: An error occurred: EOF when reading a line
Ask me anything: An error occurred: EOF when reading a line
Ask me anything: An error occurred: EOF when reading a line
Ask me anything: An error occurred: EOF when reading a line
Ask me anything: An error occurred: EOF when reading a line
Ask me anything: An error occurred: EOF when reading a line
Ask me anything: An error occurred: EOF when reading a line
Ask me anything: An error occurred: EOF when reading a line
Ask me anything: An error occurred: EOF when reading a line
Ask me anything: An error occurred: EOF when reading a line
Ask me anything: An error occurred: EOF when reading a line
Ask me anything: An error occurred: EOF when reading a line
Ask me anything: An error occurred: EOF when reading a line
Ask me anything: An error occurred: EOF when reading a line
Ask me anything: An error occurred: EOF when reading a line
Ask me anything: An error occurred: EOF when reading a line
Ask me anything: An error occurred: EOF when reading a line
Ask me anything: An error occurred: EOF when reading a line
Ask me anything: An error occurred: EOF when reading a line
Ask me anything: An error occurred: EOF when reading a line
Ask me anything: An error occurred: EOF when reading a line
Ask me anything: An error occurred: EOF when reading a line
Ask me anything: An error occurred: EOF when reading a line
Ask me anything: An error occurred: EOF when reading a line
Ask me anything: An error occurred: EOF when reading a line
Ask me anything: An error occurred: EOF when reading a line
Ask me anything: An error occurred: EOF when reading a line
Ask me anything: An error occurred: EOF when reading a line
Ask me anything: An error occurred: EOF when reading a line
Ask me anything: An error occurred: EOF when reading a line
Ask me anything: An error occurred: EOF when reading a line
Ask me anything: An error occurred: EOF when reading a line
Ask me anything: An error occurred: EOF when reading a line
Ask me anything: An error occurred: EOF when reading a line
Ask me anything: An error occurred: EOF when reading a line
Ask me anything: An error occurred: EOF when reading a line
Ask me anything: An error occurred: EOF when reading a line
Ask me anything: An error occurred: EOF when reading a line
Ask me anything: An error occurred: EOF when reading a line
Ask me anything: An error occurred: EOF when reading a line
Ask me anything: An error occurred: EOF when reading a line
Ask me anything: An error occurred: EOF when reading a line
Ask me anything: An error occurred: EOF when reading a line
Ask me anything: An error occurred: EOF when reading a line
Ask me anything: An error occurred: EOF when reading a line
Ask me anything: An error occurred: EOF when reading a line
Ask me anything: An error occurred: EOF when reading a line
Ask me anything: An error occurred: EOF when reading a line
Ask me anything: An error occurred: EOF when reading a line
Ask me anything: An error occurred: EOF when reading a line
Ask me anything: An error occurred: EOF when reading a line
Ask me anything: An error occurred: EOF when reading a line
Ask me anything: An error occurred: EOF when reading a line
Ask me anything: An error occurred: EOF when reading a line
Ask me anything: An error occurred: EOF when reading a line
Ask me anything: An error occurred: EOF when reading a line
Ask me anything: An error occurred: EOF when reading a line
Ask me anything: An error occurred: EOF when reading a line
Ask me anything: An error occurred: EOF when reading a line
Ask me anything: An error occurred: EOF when reading a line
Ask me anything: An error occurred: EOF when reading a line
Ask me anything: An error occurred: EOF when reading a line
Ask me anything: An error occurred: EOF when reading a line
Ask me anything: An error occurred: EOF when reading a line
Ask me anything: An error occurred: EOF when reading a line
Ask me anything: An error occurred: EOF when reading a line
Ask me anything: An error occurred: EOF when reading a line
Ask me anything: An error occurred: EOF when reading a line
Ask me anything: An error occurred: EOF when reading a line
Ask me anything: An error occurred: EOF when reading a line
Ask me anything: An error occurred: EOF when reading a line
Ask me anything: An error occurred: EOF when reading a line
Ask me anything: An error occurred: EOF when reading a line
Ask me anything: An error occurred: EOF when reading a line
Ask me anything: An error occurred: EOF when reading a line
Ask me anything: An error occurred: EOF when reading a line
Ask me anything: An error occurred: EOF when reading a line
Ask me anything: An error occurred: EOF when reading a line
Ask me anything: An error occurred: EOF when reading a line
Ask me anything: An error occurred: EOF when reading a line
Ask me anything: An error occurred: EOF when reading a line
Ask me anything: An error occurred: EOF when reading a line
Ask me anything: An error occurred: EOF when reading a line
Ask me anything: An error occurred: EOF when reading a line
Ask me anything: An error occurred: EOF when reading a line
Ask me anything: An error occurred: EOF when reading a line
Ask me anything: An error occurred: EOF when reading a line
Ask me anything: An error occurred: EOF when reading a line
Ask me anything: An error occurred: EOF when reading a line
Ask me anything: An error occurred: EOF when reading a line
Ask me anything: An error occurred: EOF when reading a line
Ask me anything: An error occurred: EOF when reading a line
Ask me anything: An error occurred: EOF when reading a line
Ask me anything: An error occurred: EOF when reading a line
Ask me anything: An error occurred: EOF when reading a line
Ask me anything: An error occurred: EOF when reading a line
Ask me anything: An error occurred: EOF when reading a line
Ask me anything: An error occurred: EOF when reading a line
Ask me anything: An error occurred: EOF when reading a line
Ask me anything: An error occurred: EOF when reading a line
Ask me anything: An error occurred: EOF when reading a line
Ask me anything: An error occurred: EOF when reading a line
Ask me anything: An error occurred: EOF when reading a line
Ask me anything: An error occurred: EOF when reading a line
Ask me anything: An error occurred: EOF when reading a line
Ask me anything: An error occurred: EOF when reading a line
Ask me anything: An error occurred: EOF when reading a line
Ask me anything: An error occurred: EOF when reading a line
Ask me anything: An error occurred: EOF when reading a line
Ask me anything: An error occurred: EOF when reading a line
Ask me anything: An error occurred: EOF when reading a line
Ask me anything: An error occurred: EOF when reading a line
Ask me anything: An error occurred: EOF when reading a line
Ask me anything: An error occurred: EOF when reading a line
Ask me anything: An error occurred: EOF when reading a line
Ask me anything: An error occurred: EOF when reading a line
Ask me anything: An error occurred: EOF when reading a line
Ask me anything: An error occurred: EOF when reading a line
Ask me anything: An error occurred: EOF when reading a line
Ask me anything: An error occurred: EOF when reading a line
Ask me anything: An error occurred: EOF when reading a line
Ask me anything: An error occurred: EOF when reading a line
Ask me anything: An error occurred: EOF when reading a line
Ask me anything: An error occurred: EOF when reading a line
Ask me anything: An error occurred: EOF when reading a line
Ask me anything: An error occurred: EOF when reading a line
Ask me anything: An error occurred: EOF when reading a line
Ask me anything: An error occurred: EOF when reading a line
Ask me anything: An error occurred: EOF when reading a line
Ask me anything: An error occurred: EOF when reading a line
Ask me anything: An error occurred: EOF when reading a line
Ask me anything: An error occurred: EOF when reading a line
Ask me anything: An error occurred: EOF when reading a line
Ask me anything: An error occurred: EOF when reading a line
Ask me anything: An error occurred: EOF when reading a line
Ask me anything: An error occurred: EOF when reading a line
Ask me anything: An error occurred: EOF when reading a line
Ask me anything: An error occurred: EOF when reading a line
Ask me anything: An error occurred: EOF when reading a line
Ask me anything: An error occurred: EOF when reading a line
Ask me anything: An error occurred: EOF when reading a line
Ask me anything: An error occurred: EOF when reading a line
Ask me anything: An error occurred: EOF when reading a line
Ask me anything: An error occurred: EOF when reading a line
Ask me anything: An error occurred: EOF when reading a line
Ask me anything: An error occurred: EOF when reading a line
Ask me anything: An error occurred: EOF when reading a line
Ask me anything: An error occurred: EOF when reading a line
Ask me anything: An error occurred: EOF when reading a line
Ask me anything: An error occurred: EOF when reading a line
Ask me anything: An error occurred: EOF when reading a line
Ask me anything: An error occurred: EOF when reading a line
Ask me anything: An error occurred: EOF when reading a line
Ask me anything: An error occurred: EOF when reading a line
Ask me anything: An error occurred: EOF when reading a line
Ask me anything: An error occurred: EOF when reading a line
Ask me anything: An error occurred: EOF when reading a line
Ask me anything: An error occurred: EOF when reading a line
Ask me anything: An error occurred: EOF when reading a line
Ask me anything: An error occurred: EOF when reading a line
Ask me anything: An error occurred: EOF when reading a line
Ask me anything: An error occurred: EOF when reading a line
Ask me anything: An error occurred: EOF when reading a line
Ask me anything: An error occurred: EOF when reading a line
Ask me anything: An error occurred: EOF when reading a line
Ask me anything: An error occurred: EOF when reading a line
Ask me anything: An error occurred: EOF when reading a line
Ask me anything: An error occurred: EOF when reading a line
Ask me anything: An error occurred: EOF when reading a line
Ask me anything: An error occurred: EOF when reading a line
Ask me anything: An error occurred: EOF when reading a line
Ask me anything: An error occurred: EOF when reading a line
Ask me anything: An error occurred: EOF when reading a line
Ask me anything: An error occurred: EOF when reading a line
Ask me anything: An error occurred: EOF when reading a line
Ask me anything: An error occurred: EOF when reading a line
Ask me anything: An error occurred: EOF when reading a line
Ask me anything: An error occurred: EOF when reading a line
Ask me anything: An error occurred: EOF when reading a line
Ask me anything: An error occurred: EOF when reading a line
Ask me anything: An error occurred: EOF when reading a line
Ask me anything: An error occurred: EOF when reading a line
Ask me anything: An error occurred: EOF when reading a line
Ask me anything: An error occurred: EOF when reading a line
Ask me anything: An error occurred: EOF when reading a line
Ask me anything: An error occurred: EOF when reading a line
Ask me anything: An error occurred: EOF when reading a line
Ask me anything: An error occurred: EOF when reading a line
Ask me anything: An error occurred: EOF when reading a line
Ask me anything: An error occurred: EOF when reading a line
Ask me anything: An error occurred: EOF when reading a line
Ask me anything: An error occurred: EOF when reading a line
Ask me anything: An error occurred: EOF when reading a line
Ask me anything: An error occurred: EOF when reading a line
Ask me anything: An error occurred: EOF when reading a line
Ask me anything: An error occurred: EOF when reading a line
Ask me anything: An error occurred: EOF when reading a line
Ask me anything: An error occurred: EOF when reading a line
Ask me anything: An error occurred: EOF when reading a line
Ask me anything: An error occurred: EOF when reading a line
Ask me anything: An error occurred: EOF when reading a line
Ask me anything: An error occurred: EOF when reading a line
Ask me anything: An error occurred: EOF when reading a line
Ask me anything: An error occurred: EOF when reading a line
Ask me anything: An error occurred: EOF when reading a line
Ask me anything: An error occurred: EOF when reading a line
Ask me anything: An error occurred: EOF when reading a line
Ask me anything: An error occurred: EOF when reading a line
Ask me anything: An error occurred: EOF when reading a line
Ask me anything: An error occurred: EOF when reading a line
Ask me anything: An error occurred: EOF when reading a line
Ask me anything: An error occurred: EOF when reading a line
Ask me anything: An error occurred: EOF when reading a line
Ask me anything: An error occurred: EOF when reading a line
Ask me anything: An error occurred: EOF when reading a line
Ask me anything: An error occurred: EOF when reading a line
Ask me anything: An error occurred: EOF when reading a line
Ask me anything: An error occurred: EOF when reading a line
Ask me anything: An error occurred: EOF when reading a line
Ask me anything: An error occurred: EOF when reading a line
Ask me anything: An error occurred: EOF when reading a line
Ask me anything: An error occurred: EOF when reading a line
Ask me anything: An error occurred: EOF when reading a line
Ask me anything: An error occurred: EOF when reading a line
Ask me anything: An error occurred: EOF when reading a line
Ask me anything: An error occurred: EOF when reading a line
Ask me anything: An error occurred: EOF when reading a line
Ask me anything: An error occurred: EOF when reading a line
Ask me anything: An error occurred: EOF when reading a line
Ask me anything: An error occurred: EOF when reading a line
Ask me anything: An error occurred: EOF when reading a line
Ask me anything: An error occurred: EOF when reading a line
Ask me anything: An error occurred: EOF when reading a line
Ask me anything: An error occurred: EOF when reading a line
Ask me anything: An error occurred: EOF when reading a line
Ask me anything: An error occurred: EOF when reading a line
Ask me anything: An error occurred: EOF when reading a line
Ask me anything: An error occurred: EOF when reading a line
Ask me anything: An error occurred: EOF when reading a line
Ask me anything: An error occurred: EOF when reading a line
Ask me anything: An error occurred: EOF when reading a line
Ask me anything: An error occurred: EOF when reading a line
Ask me anything: An error occurred: EOF when reading a line
Ask me anything: An error occurred: EOF when reading a line
Ask me anything: An error occurred: EOF when reading a line
Ask me anything: An error occurred: EOF when reading a line
Ask me anything: An error occurred: EOF when reading a line
Ask me anything: An error occurred: EOF when reading a line
Ask me anything: An error occurred: EOF when reading a line
Ask me anything: An error occurred: EOF when reading a line
Ask me anything: An error occurred: EOF when reading a line
Ask me anything: An error occurred: EOF when reading a line
Ask me anything: An error occurred: EOF when reading a line
Ask me anything: An error occurred: EOF when reading a line
Ask me anything: An error occurred: EOF when reading a line
Ask me anything: An error occurred: EOF when reading a line
Ask me anything: An error occurred: EOF when reading a line
Ask me anything: An error occurred: EOF when reading a line
Ask me anything: An error occurred: EOF when reading a line
Ask me anything: An error occurred: EOF when reading a line
Ask me anything: An error occurred: EOF when reading a line
Ask me anything: An error occurred: EOF when reading a line
Ask me anything: An error occurred: EOF when reading a line
Ask me anything: An error occurred: EOF when reading a line
Ask me anything: An error occurred: EOF when reading a line
Ask me anything: An error occurred: EOF when reading a line
Ask me anything: An error occurred: EOF when reading a line
Ask me anything: An error occurred: EOF when reading a line
Ask me anything: An error occurred: EOF when reading a line
Ask me anything: An error occurred: EOF when reading a line
Ask me anything: An error occurred: EOF when reading a line
Ask me anything: An error occurred: EOF when reading a line
Ask me anything: An error occurred: EOF when reading a line
Ask me anything: An error occurred: EOF when reading a line
Ask me anything: An error occurred: EOF when reading a line
Ask me anything: An error occurred: EOF when reading a line
Ask me anything: An error occurred: EOF when reading a line
Ask me anything: An error occurred: EOF when reading a line
Ask me anything: An error occurred: EOF when reading a line
Ask me anything: An error occurred: EOF when reading a line
Ask me anything: An error occurred: EOF when reading a line
Ask me anything: An error occurred: EOF when reading a line
Ask me anything: An error occurred: EOF when reading a line
Ask me anything: An error occurred: EOF when reading a line
Ask me anything: An error occurred: EOF when reading a line
Ask me anything: An error occurred: EOF when reading a line
Ask me anything: An error occurred: EOF when reading a line
Ask me anything: An error occurred: EOF when reading a line
Ask me anything: An error occurred: EOF when reading a line
Ask me anything: An error occurred: EOF when reading a line
Ask me anything: An error occurred: EOF when reading a line
Ask me anything: An error occurred: EOF when reading a line
Ask me anything: An error occurred: EOF when reading a line
Ask me anything: An error occurred: EOF when reading a line
Ask me anything: An error occurred: EOF when reading a line
Ask me anything: An error occurred: EOF when reading a line
Ask me anything: An error occurred: EOF when reading a line
Ask me anything: An error occurred: EOF when reading a line
Ask me anything: An error occurred: EOF when reading a line
Ask me anything: An error occurred: EOF when reading a line
Ask me anything: An error occurred: EOF when reading a line
Ask me anything: An error occurred: EOF when reading a line
Ask me anything: An error occurred: EOF when reading a line
Ask me anything: An error occurred: EOF when reading a line
Ask me anything: An error occurred: EOF when reading a line
Ask me anything: An error occurred: EOF when reading a line
Ask me anything: An error occurred: EOF when reading a line
Ask me anything: An error occurred: EOF when reading a line
Ask me anything: An error occurred: EOF when reading a line
Ask me anything: An error occurred: EOF when reading a line
Ask me anything: An error occurred: EOF when reading a line
Ask me anything: An error occurred: EOF when reading a line
Ask me anything: An error occurred: EOF when reading a line
Ask me anything: An error occurred: EOF when reading a line
Ask me anything: An error occurred: EOF when reading a line
Ask me anything: An error occurred: EOF when reading a line
Ask me anything: An error occurred: EOF when reading a line
Ask me anything: An error occurred: EOF when reading a line
Ask me anything: An error occurred: EOF when reading a line
Ask me anything: An error occurred: EOF when reading a line
Ask me anything: An error occurred: EOF when reading a line
Ask me anything: An error occurred: EOF when reading a line
Ask me anything: An error occurred: EOF when reading a line
Ask me anything: An error occurred: EOF when reading a line
Ask me anything: An error occurred: EOF when reading a line
Ask me anything: An error occurred: EOF when reading a line
Ask me anything: An error occurred: EOF when reading a line
Ask me anything: An error occurred: EOF when reading a line
Ask me anything: An error occurred: EOF when reading a line
Ask me anything: An error occurred: EOF when reading a line
Ask me anything: An error occurred: EOF when reading a line
Ask me anything: An error occurred: EOF when reading a line
Ask me anything: An error occurred: EOF when reading a line
Ask me anything: An error occurred: EOF when reading a line
Ask me anything: An error occurred: EOF when reading a line
Ask me anything: An error occurred: EOF when reading a line
Ask me anything: An error occurred: EOF when reading a line
Ask me anything: An error occurred: EOF when reading a line
Ask me anything: An error occurred: EOF when reading a line
Ask me anything: An error occurred: EOF when reading a line
Ask me anything: An error occurred: EOF when reading a line
Ask me anything: An error occurred: EOF when reading a line
Ask me anything: An error occurred: EOF when reading a line
Ask me anything: An error occurred: EOF when reading a line
Ask me anything: An error occurred: EOF when reading a line
Ask me anything: An error occurred: EOF when reading a line
Ask me anything: An error occurred: EOF when reading a line
Ask me anything: An error occurred: EOF when reading a line
Ask me anything: An error occurred: EOF when reading a line
Ask me anything: An error occurred: EOF when reading a line
Ask me anything: An error occurred: EOF when reading a line
Ask me anything: An error occurred: EOF when reading a line
Ask me anything: An error occurred: EOF when reading a line
Ask me anything: An error occurred: EOF when reading a line
Ask me anything: An error occurred: EOF when reading a line
Ask me anything: An error occurred: EOF when reading a line
Ask me anything: An error occurred: EOF when reading a line
Ask me anything: An error occurred: EOF when reading a line
Ask me anything: An error occurred: EOF when reading a line
Ask me anything: An error occurred: EOF when reading a line
Ask me anything: An error occurred: EOF when reading a line
Ask me anything: An error occurred: EOF when reading a line
Ask me anything: An error occurred: EOF when reading a line
Ask me anything: An error occurred: EOF when reading a line
Ask me anything: An error occurred: EOF when reading a line
Ask me anything: An error occurred: EOF when reading a line
Ask me anything: An error occurred: EOF when reading a line
Ask me anything: An error occurred: EOF when reading a line
Ask me anything: An error occurred: EOF when reading a line
Ask me anything: An error occurred: EOF when reading a line
Ask me anything: An error occurred: EOF when reading a line
Ask me anything: An error occurred: EOF when reading a line
Ask me anything: An error occurred: EOF when reading a line
Ask me anything: An error occurred: EOF when reading a line
Ask me anything: An error occurred: EOF when reading a line
Ask me anything: An error occurred: EOF when reading a line
Ask me anything: An error occurred: EOF when reading a line
Ask me anything: An error occurred: EOF when reading a line
Ask me anything: An error occurred: EOF when reading a line
Ask me anything: An error occurred: EOF when reading a line
Ask me anything: An error occurred: EOF when reading a line
Ask me anything: An error occurred: EOF when reading a line
Ask me anything: An error occurred: EOF when reading a line
Ask me anything: An error occurred: EOF when reading a line
Ask me anything: An error occurred: EOF when reading a line
Ask me anything: An error occurred: EOF when reading a line
Ask me anything: An error occurred: EOF when reading a line
Ask me anything: An error occurred: EOF when reading a line
Ask me anything: An error occurred: EOF when reading a line
Ask me anything: An error occurred: EOF when reading a line
Ask me anything: An error occurred: EOF when reading a line
Ask me anything: An error occurred: EOF when reading a line
Ask me anything: An error occurred: EOF when reading a line
Ask me anything: An error occurred: EOF when reading a line
Ask me anything: An error occurred: EOF when reading a line
Ask me anything: An error occurred: EOF when reading a line
Ask me anything: An error occurred: EOF when reading a line
Ask me anything: An error occurred: EOF when reading a line
Ask me anything: An error occurred: EOF when reading a line
Ask me anything: An error occurred: EOF when reading a line
Ask me anything: An error occurred: EOF when reading a line
Ask me anything: An error occurred: EOF when reading a line
Ask me anything: An error occurred: EOF when reading a line
Ask me anything: An error occurred: EOF when reading a line
Ask me anything: An error occurred: EOF when reading a line
Ask me anything: An error occurred: EOF when reading a line
Ask me anything: An error occurred: EOF when reading a line
Ask me anything: An error occurred: EOF when reading a line
Ask me anything: An error occurred: EOF when reading a line
Ask me anything: An error occurred: EOF when reading a line
Ask me anything: An error occurred: EOF when reading a line
Ask me anything: An error occurred: EOF when reading a line
Ask me anything: An error occurred: EOF when reading a line
Ask me anything: An error occurred: EOF when reading a line
Ask me anything: An error occurred: EOF when reading a line
Ask me anything: An error occurred: EOF when reading a line
Ask me anything: An error occurred: EOF when reading a line
Ask me anything: An error occurred: EOF when reading a line
Ask me anything: An error occurred: EOF when reading a line
Ask me anything: An error occurred: EOF when reading a line
Ask me anything: An error occurred: EOF when reading a line
Ask me anything: An error occurred: EOF when reading a line
Ask me anything: An error occurred: EOF when reading a line
Ask me anything: An error occurred: EOF when reading a line
Ask me anything: An error occurred: EOF when reading a line
Ask me anything: An error occurred: EOF when reading a line
Ask me anything: An error occurred: EOF when reading a line
Ask me anything: An error occurred: EOF when reading a line
Ask me anything: An error occurred: EOF when reading a line
Ask me anything: An error occurred: EOF when reading a line
Ask me anything: An error occurred: EOF when reading a line
Ask me anything: An error occurred: EOF when reading a line
Ask me anything: An error occurred: EOF when reading a line
Ask me anything: An error occurred: EOF when reading a line
Ask me anything: An error occurred: EOF when reading a line
Ask me anything: An error occurred: EOF when reading a line
Ask me anything: An error occurred: EOF when reading a line
Ask me anything: An error occurred: EOF when reading a line
Ask me anything: An error occurred: EOF when reading a line
Ask me anything: An error occurred: EOF when reading a line
Ask me anything: An error occurred: EOF when reading a line
Ask me anything: An error occurred: EOF when reading a line
Ask me anything: An error occurred: EOF when reading a line
Ask me anything: An error occurred: EOF when reading a line
Ask me anything: An error occurred: EOF when reading a line
Ask me anything: An error occurred: EOF when reading a line
Ask me anything: An error occurred: EOF when reading a line
Ask me anything: An error occurred: EOF when reading a line
Ask me anything: An error occurred: EOF when reading a line
Ask me anything: An error occurred: EOF when reading a line
Ask me anything: An error occurred: EOF when reading a line
Ask me anything: An error occurred: EOF when reading a line
Ask me anything: An error occurred: EOF when reading a line
Ask me anything: An error occurred: EOF when reading a line
Ask me anything: An error occurred: EOF when reading a line
Ask me anything: An error occurred: EOF when reading a line
Ask me anything: An error occurred: EOF when reading a line
Ask me anything: An error occurred: EOF when reading a line
Ask me anything: An error occurred: EOF when reading a line
Ask me anything: An error occurred: EOF when reading a line
Ask me anything: An error occurred: EOF when reading a line
Ask me anything: An error occurred: EOF when reading a line
Ask me anything: An error occurred: EOF when reading a line
Ask me anything: An error occurred: EOF when reading a line
Ask me anything: An error occurred: EOF when reading a line
Ask me anything: An error occurred: EOF when reading a line
Ask me anything: An error occurred: EOF when reading a line
Ask me anything: An error occurred: EOF when reading a line
Ask me anything: An error occurred: EOF when reading a line
Ask me anything: An error occurred: EOF when reading a line
Ask me anything: An error occurred: EOF when reading a line
Ask me anything: An error occurred: EOF when reading a line
Ask me anything: An error occurred: EOF when reading a line
Ask me anything: An error occurred: EOF when reading a line
Ask me anything: An error occurred: EOF when reading a line
Ask me anything: An error occurred: EOF when reading a line
Ask me anything: An error occurred: EOF when reading a line
Ask me anything: An error occurred: EOF when reading a line
Ask me anything: An error occurred: EOF when reading a line
Ask me anything: An error occurred: EOF when reading a line
Ask me anything: An error occurred: EOF when reading a line
Ask me anything: An error occurred: EOF when reading a line
Ask me anything: An error occurred: EOF when reading a line
Ask me anything: An error occurred: EOF when reading a line
Ask me anything: An error occurred: EOF when reading a line
Ask me anything: An error occurred: EOF when reading a line
Ask me anything: An error occurred: EOF when reading a line
Ask me anything: An error occurred: EOF when reading a line
Ask me anything: An error occurred: EOF when reading a line
Ask me anything: An error occurred: EOF when reading a line
Ask me anything: An error occurred: EOF when reading a line
Ask me anything: An error occurred: EOF when reading a line
Ask me anything: An error occurred: EOF when reading a line
Ask me anything: An error occurred: EOF when reading a line
Ask me anything: An error occurred: EOF when reading a line
Ask me anything: An error occurred: EOF when reading a line
Ask me anything: An error occurred: EOF when reading a line
Ask me anything: An error occurred: EOF when reading a line
Ask me anything: An error occurred: EOF when reading a line
Ask me anything: An error occurred: EOF when reading a line
Ask me anything: An error occurred: EOF when reading a line
Ask me anything: An error occurred: EOF when reading a line
Ask me anything: An error occurred: EOF when reading a line
Ask me anything: An error occurred: EOF when reading a line
Ask me anything: An error occurred: EOF when reading a line
Ask me anything: An error occurred: EOF when reading a line
Ask me anything: An error occurred: EOF when reading a line
Ask me anything: An error occurred: EOF when reading a line
Ask me anything: An error occurred: EOF when reading a line
Ask me anything: An error occurred: EOF when reading a line
Ask me anything: An error occurred: EOF when reading a line
Ask me anything: An error occurred: EOF when reading a line
Ask me anything: An error occurred: EOF when reading a line
Ask me anything: An error occurred: EOF when reading a line
Ask me anything: An error occurred: EOF when reading a line
Ask me anything: An error occurred: EOF when reading a line
Ask me anything: An error occurred: EOF when reading a line
Ask me anything: An error occurred: EOF when reading a line
Ask me anything: An error occurred: EOF when reading a line
Ask me anything: An error occurred: EOF when reading a line
Ask me anything: An error occurred: EOF when reading a line
Ask me anything: An error occurred: EOF when reading a line
Ask me anything: An error occurred: EOF when reading a line
Ask me anything: An error occurred: EOF when reading a line
Ask me anything: An error occurred: EOF when reading a line
Ask me anything: An error occurred: EOF when reading a line
Ask me anything: An error occurred: EOF when reading a line
Ask me anything: An error occurred: EOF when reading a line
Ask me anything: An error occurred: EOF when reading a line
Ask me anything: An error occurred: EOF when reading a line
Ask me anything: An error occurred: EOF when reading a line
Ask me anything: An error occurred: EOF when reading a line
Ask me anything: An error occurred: EOF when reading a line
Ask me anything: An error occurred: EOF when reading a line
Ask me anything: An error occurred: EOF when reading a line
Ask me anything: An error occurred: EOF when reading a line
Ask me anything: An error occurred: EOF when reading a line
Ask me anything: An error occurred: EOF when reading a line
Ask me anything: An error occurred: EOF when reading a line
Ask me anything: An error occurred: EOF when reading a line
Ask me anything: An error occurred: EOF when reading a line
Ask me anything: An error occurred: EOF when reading a line
Ask me anything: An error occurred: EOF when reading a line
Ask me anything: An error occurred: EOF when reading a line
Ask me anything: An error occurred: EOF when reading a line
Ask me anything: An error occurred: EOF when reading a line
Ask me anything: An error occurred: EOF when reading a line
Ask me anything: An error occurred: EOF when reading a line
Ask me anything: An error occurred: EOF when reading a line
Ask me anything: An error occurred: EOF when reading a line
Ask me anything: An error occurred: EOF when reading a line
Ask me anything: An error occurred: EOF when reading a line
Ask me anything: An error occurred: EOF when reading a line
Ask me anything: An error occurred: EOF when reading a line
Ask me anything: An error occurred: EOF when reading a line
Ask me anything: An error occurred: EOF when reading a line
Ask me anything: An error occurred: EOF when reading a line
Ask me anything: An error occurred: EOF when reading a line
Ask me anything: An error occurred: EOF when reading a line
Ask me anything: An error occurred: EOF when reading a line
Ask me anything: An error occurred: EOF when reading a line
Ask me anything: An error occurred: EOF when reading a line
Ask me anything: An error occurred: EOF when reading a line
Ask me anything: An error occurred: EOF when reading a line
Ask me anything: An error occurred: EOF when reading a line
Ask me anything: An error occurred: EOF when reading a line
Ask me anything: An error occurred: EOF when reading a line
Ask me anything: An error occurred: EOF when reading a line
Ask me anything: An error occurred: EOF when reading a line
Ask me anything: An error occurred: EOF when reading a line
Ask me anything: An error occurred: EOF when reading a line
Ask me anything: An error occurred: EOF when reading a line
Ask me anything: An error occurred: EOF when reading a line
Ask me anything: An error occurred: EOF when reading a line
Ask me anything: An error occurred: EOF when reading a line
Ask me anything: An error occurred: EOF when reading a line
Ask me anything: An error occurred: EOF when reading a line
Ask me anything: An error occurred: EOF when reading a line
Ask me anything: An error occurred: EOF when reading a line
Ask me anything: An error occurred: EOF when reading a line
Ask me anything: An error occurred: EOF when reading a line
Ask me anything: An error occurred: EOF when reading a line
Ask me anything: An error occurred: EOF when reading a line
Ask me anything: An error occurred: EOF when reading a line
Ask me anything: An error occurred: EOF when reading a line
Ask me anything: An error occurred: EOF when reading a line
Ask me anything: An error occurred: EOF when reading a line
Ask me anything: An error occurred: EOF when reading a line
Ask me anything: An error occurred: EOF when reading a line
Ask me anything: An error occurred: EOF when reading a line
Ask me anything: An error occurred: EOF when reading a line
Ask me anything: An error occurred: EOF when reading a line
Ask me anything: An error occurred: EOF when reading a line
Ask me anything: An error occurred: EOF when reading a line
Ask me anything: An error occurred: EOF when reading a line
Ask me anything: An error occurred: EOF when reading a line
Ask me anything: An error occurred: EOF when reading a line
Ask me anything: An error occurred: EOF when reading a line
Ask me anything: An error occurred: EOF when reading a line
Ask me anything: An error occurred: EOF when reading a line
Ask me anything: An error occurred: EOF when reading a line
Ask me anything: An error occurred: EOF when reading a line
Ask me anything: An error occurred: EOF when reading a line
Ask me anything: An error occurred: EOF when reading a line
Ask me anything: An error occurred: EOF when reading a line
Ask me anything: An error occurred: EOF when reading a line
Ask me anything: An error occurred: EOF when reading a line
Ask me anything: An error occurred: EOF when reading a line
Ask me anything: An error occurred: EOF when reading a line
Ask me anything: An error occurred: EOF when reading a line
Ask me anything: An error occurred: EOF when reading a line
Ask me anything: An error occurred: EOF when reading a line
Ask me anything: An error occurred: EOF when reading a line
Ask me anything: An error occurred: EOF when reading a line
Ask me anything: An error occurred: EOF when reading a line
Ask me anything: An error occurred: EOF when reading a line
Ask me anything: An error occurred: EOF when reading a line
Ask me anything: An error occurred: EOF when reading a line
Ask me anything: An error occurred: EOF when reading a line
Ask me anything: An error occurred: EOF when reading a line
Ask me anything: An error occurred: EOF when reading a line
Ask me anything: An error occurred: EOF when reading a line
Ask me anything: An error occurred: EOF when reading a line
Ask me anything: An error occurred: EOF when reading a line
Ask me anything: An error occurred: EOF when reading a line
Ask me anything: An error occurred: EOF when reading a line
Ask me anything: An error occurred: EOF when reading a line
Ask me anything: An error occurred: EOF when reading a line
Ask me anything: An error occurred: EOF when reading a line
Ask me anything: An error occurred: EOF when reading a line
Ask me anything: An error occurred: EOF when reading a line
Ask me anything: An error occurred: EOF when reading a line
Ask me anything: An error occurred: EOF when reading a line
Ask me anything: An error occurred: EOF when reading a line
Ask me anything: An error occurred: EOF when reading a line
Ask me anything: An error occurred: EOF when reading a line
Ask me anything: An error occurred: EOF when reading a line
Ask me anything: An error occurred: EOF when reading a line
Ask me anything: An error occurred: EOF when reading a line
Ask me anything: An error occurred: EOF when reading a line
Ask me anything: An error occurred: EOF when reading a line
Ask me anything: An error occurred: EOF when reading a line
Ask me anything: An error occurred: EOF when reading a line
Ask me anything: An error occurred: EOF when reading a line
Ask me anything: An error occurred: EOF when reading a line
Ask me anything: An error occurred: EOF when reading a line
Ask me anything: An error occurred: EOF when reading a line
Ask me anything: An error occurred: EOF when reading a line
Ask me anything: An error occurred: EOF when reading a line
Ask me anything: An error occurred: EOF when reading a line
Ask me anything: An error occurred: EOF when reading a line
Ask me anything: An error occurred: EOF when reading a line
Ask me anything: An error occurred: EOF when reading a line
Ask me anything: An error occurred: EOF when reading a line
Ask me anything: An error occurred: EOF when reading a line
Ask me anything: An error occurred: EOF when reading a line
Ask me anything: An error occurred: EOF when reading a line
Ask me anything: An error occurred: EOF when reading a line
Ask me anything: An error occurred: EOF when reading a line
Ask me anything: An error occurred: EOF when reading a line
Ask me anything: An error occurred: EOF when reading a line
Ask me anything: An error occurred: EOF when reading a line
Ask me anything: An error occurred: EOF when reading a line
Ask me anything: An error occurred: EOF when reading a line
Ask me anything: An error occurred: EOF when reading a line
Ask me anything: An error occurred: EOF when reading a line
Ask me anything: An error occurred: EOF when reading a line
Ask me anything: An error occurred: EOF when reading a line
Ask me anything: An error occurred: EOF when reading a line
Ask me anything: An error occurred: EOF when reading a line
Ask me anything: An error occurred: EOF when reading a line
Ask me anything: An error occurred: EOF when reading a line
Ask me anything: An error occurred: EOF when reading a line
Ask me anything: An error occurred: EOF when reading a line
Ask me anything: An error occurred: EOF when reading a line
Ask me anything: An error occurred: EOF when reading a line
Ask me anything: An error occurred: EOF when reading a line
Ask me anything: An error occurred: EOF when reading a line
Ask me anything: An error occurred: EOF when reading a line
Ask me anything: An error occurred: EOF when reading a line
Ask me anything: An error occurred: EOF when reading a line
Ask me anything: An error occurred: EOF when reading a line
Ask me anything: An error occurred: EOF when reading a line
Ask me anything: An error occurred: EOF when reading a line
Ask me anything: An error occurred: EOF when reading a line
Ask me anything: An error occurred: EOF when reading a line
Ask me anything: An error occurred: EOF when reading a line
Ask me anything: An error occurred: EOF when reading a line
Ask me anything: An error occurred: EOF when reading a line
Ask me anything: An error occurred: EOF when reading a line
Ask me anything: An error occurred: EOF when reading a line
Ask me anything: An error occurred: EOF when reading a line
Ask me anything: An error occurred: EOF when reading a line
Ask me anything: An error occurred: EOF when reading a line
Ask me anything: An error occurred: EOF when reading a line
Ask me anything: An error occurred: EOF when reading a line
Ask me anything: An error occurred: EOF when reading a line
Ask me anything: An error occurred: EOF when reading a line
Ask me anything: An error occurred: EOF when reading a line
Ask me anything: An error occurred: EOF when reading a line
Ask me anything: An error occurred: EOF when reading a line
Ask me anything: An error occurred: EOF when reading a line
Ask me anything: An error occurred: EOF when reading a line
Ask me anything: An error occurred: EOF when reading a line
Ask me anything: An error occurred: EOF when reading a line
Ask me anything: An error occurred: EOF when reading a line
Ask me anything: An error occurred: EOF when reading a line
Ask me anything: An error occurred: EOF when reading a line
Ask me anything: An error occurred: EOF when reading a line
Ask me anything: An error occurred: EOF when reading a line
Ask me anything: An error occurred: EOF when reading a line
Ask me anything: An error occurred: EOF when reading a line
Ask me anything: An error occurred: EOF when reading a line
Ask me anything: An error occurred: EOF when reading a line
Ask me anything: An error occurred: EOF when reading a line
Ask me anything: An error occurred: EOF when reading a line
Ask me anything: An error occurred: EOF when reading a line
Ask me anything: An error occurred: EOF when reading a line
Ask me anything: An error occurred: EOF when reading a line
Ask me anything: An error occurred: EOF when reading a line
Ask me anything: An error occurred: EOF when reading a line
Ask me anything: An error occurred: EOF when reading a line
Ask me anything: An error occurred: EOF when reading a line
Ask me anything: An error occurred: EOF when reading a line
Ask me anything: An error occurred: EOF when reading a line
Ask me anything: An error occurred: EOF when reading a line
Ask me anything: An error occurred: EOF when reading a line
Ask me anything: An error occurred: EOF when reading a line
Ask me anything: An error occurred: EOF when reading a line
Ask me anything: An error occurred: EOF when reading a line
Ask me anything: An error occurred: EOF when reading a line
Ask me anything: An error occurred: EOF when reading a line
Ask me anything: An error occurred: EOF when reading a line
Ask me anything: An error occurred: EOF when reading a line
Ask me anything: An error occurred: EOF when reading a line
Ask me anything: An error occurred: EOF when reading a line
Ask me anything: An error occurred: EOF when reading a line
Ask me anything: An error occurred: EOF when reading a line
Ask me anything: An error occurred: EOF when reading a line
Ask me anything: An error occurred: EOF when reading a line
Ask me anything: An error occurred: EOF when reading a line
Ask me anything: An error occurred: EOF when reading a line
Ask me anything: An error occurred: EOF when reading a line
Ask me anything: An error occurred: EOF when reading a line
Ask me anything: An error occurred: EOF when reading a line
Ask me anything: An error occurred: EOF when reading a line
Ask me anything: An error occurred: EOF when reading a line
Ask me anything: An error occurred: EOF when reading a line
Ask me anything: An error occurred: EOF when reading a line
Ask me anything: An error occurred: EOF when reading a line
Ask me anything: An error occurred: EOF when reading a line
Ask me anything: An error occurred: EOF when reading a line
Ask me anything: An error occurred: EOF when reading a line
Ask me anything: An error occurred: EOF when reading a line
Ask me anything: An error occurred: EOF when reading a line
Ask me anything: An error occurred: EOF when reading a line
Ask me anything: An error occurred: EOF when reading a line
Ask me anything: An error occurred: EOF when reading a line
Ask me anything: An error occurred: EOF when reading a line
Ask me anything: An error occurred: EOF when reading a line
Ask me anything: An error occurred: EOF when reading a line
Ask me anything: An error occurred: EOF when reading a line
Ask me anything: An error occurred: EOF when reading a line
Ask me anything: An error occurred: EOF when reading a line
Ask me anything: An error occurred: EOF when reading a line
Ask me anything: An error occurred: EOF when reading a line
Ask me anything: An error occurred: EOF when reading a line
Ask me anything: An error occurred: EOF when reading a line
Ask me anything: An error occurred: EOF when reading a line
Ask me anything: An error occurred: EOF when reading a line
Ask me anything: An error occurred: EOF when reading a line
Ask me anything: An error occurred: EOF when reading a line
Ask me anything: An error occurred: EOF when reading a line
Ask me anything: An error occurred: EOF when reading a line
Ask me anything: An error occurred: EOF when reading a line
Ask me anything: An error occurred: EOF when reading a line
Ask me anything: An error occurred: EOF when reading a line
Ask me anything: An error occurred: EOF when reading a line
Ask me anything: An error occurred: EOF when reading a line
Ask me anything: An error occurred: EOF when reading a line
Ask me anything: An error occurred: EOF when reading a line
Ask me anything: An error occurred: EOF when reading a line
Ask me anything: An error occurred: EOF when reading a line
Ask me anything: An error occurred: EOF when reading a line
Ask me anything: An error occurred: EOF when reading a line
Ask me anything: An error occurred: EOF when reading a line
Ask me anything: An error occurred: EOF when reading a line
Ask me anything: An error occurred: EOF when reading a line
Ask me anything: An error occurred: EOF when reading a line
Ask me anything: An error occurred: EOF when reading a line
Ask me anything: An error occurred: EOF when reading a line
Ask me anything: An error occurred: EOF when reading a line
Ask me anything: An error occurred: EOF when reading a line
Ask me anything: An error occurred: EOF when reading a line
Ask me anything: An error occurred: EOF when reading a line
Ask me anything: An error occurred: EOF when reading a line
Ask me anything: An error occurred: EOF when reading a line
Ask me anything: An error occurred: EOF when reading a line
Ask me anything: An error occurred: EOF when reading a line
Ask me anything: An error occurred: EOF when reading a line
Ask me anything: An error occurred: EOF when reading a line
Ask me anything: An error occurred: EOF when reading a line
Ask me anything: An error occurred: EOF when reading a line
Ask me anything: An error occurred: EOF when reading a line
Ask me anything: An error occurred: EOF when reading a line
Ask me anything: An error occurred: EOF when reading a line
Ask me anything: An error occurred: EOF when reading a line
Ask me anything: An error occurred: EOF when reading a line
Ask me anything: An error occurred: EOF when reading a line
Ask me anything: An error occurred: EOF when reading a line
Ask me anything: An error occurred: EOF when reading a line
Ask me anything: An error occurred: EOF when reading a line
Ask me anything: An error occurred: EOF when reading a line
Ask me anything: An error occurred: EOF when reading a line
Ask me anything: An error occurred: EOF when reading a line
Ask me anything: An error occurred: EOF when reading a line
Ask me anything: An error occurred: EOF when reading a line
Ask me anything: An error occurred: EOF when reading a line
Ask me anything: An error occurred: EOF when reading a line
Ask me anything: An error occurred: EOF when reading a line
Ask me anything: An error occurred: EOF when reading a line
Ask me anything: An error occurred: EOF when reading a line
Ask me anything: An error occurred: EOF when reading a line
Ask me anything: An error occurred: EOF when reading a line
Ask me anything: An error occurred: EOF when reading a line
Ask me anything: An error occurred: EOF when reading a line
Ask me anything: An error occurred: EOF when reading a line
Ask me anything: An error occurred: EOF when reading a line
Ask me anything: An error occurred: EOF when reading a line
Ask me anything: An error occurred: EOF when reading a line
Ask me anything: An error occurred: EOF when reading a line
Ask me anything: An error occurred: EOF when reading a line
Ask me anything: An error occurred: EOF when reading a line
Ask me anything: An error occurred: EOF when reading a line
Ask me anything: An error occurred: EOF when reading a line
Ask me anything: An error occurred: EOF when reading a line
Ask me anything: An error occurred: EOF when reading a line
Ask me anything: An error occurred: EOF when reading a line
Ask me anything: An error occurred: EOF when reading a line
Ask me anything: An error occurred: EOF when reading a line
Ask me anything: An error occurred: EOF when reading a line
Ask me anything: An error occurred: EOF when reading a line
Ask me anything: An error occurred: EOF when reading a line
Ask me anything: An error occurred: EOF when reading a line
Ask me anything: An error occurred: EOF when reading a line
Ask me anything: An error occurred: EOF when reading a line
Ask me anything: An error occurred: EOF when reading a line
Ask me anything: An error occurred: EOF when reading a line
Ask me anything: An error occurred: EOF when reading a line
Ask me anything: An error occurred: EOF when reading a line
Ask me anything: An error occurred: EOF when reading a line
Ask me anything: An error occurred: EOF when reading a line
Ask me anything: An error occurred: EOF when reading a line
Ask me anything: An error occurred: EOF when reading a line
Ask me anything: An error occurred: EOF when reading a line
Ask me anything: An error occurred: EOF when reading a line
Ask me anything: An error occurred: EOF when reading a line
Ask me anything: An error occurred: EOF when reading a line
Ask me anything: An error occurred: EOF when reading a line
Ask me anything: An error occurred: EOF when reading a line
Ask me anything: An error occurred: EOF when reading a line
Ask me anything: An error occurred: EOF when reading a line
Ask me anything: An error occurred: EOF when reading a line
Ask me anything: An error occurred: EOF when reading a line
Ask me anything: An error occurred: EOF when reading a line
Ask me anything: An error occurred: EOF when reading a line
Ask me anything: An error occurred: EOF when reading a line
Ask me anything: An error occurred: EOF when reading a line
Ask me anything: An error occurred: EOF when reading a line
Ask me anything: An error occurred: EOF when reading a line
Ask me anything: An error occurred: EOF when reading a line
Ask me anything: An error occurred: EOF when reading a line
Ask me anything: An error occurred: EOF when reading a line
Ask me anything: An error occurred: EOF when reading a line
Ask me anything: An error occurred: EOF when reading a line
Ask me anything: An error occurred: EOF when reading a line
Ask me anything: An error occurred: EOF when reading a line
Ask me anything: An error occurred: EOF when reading a line
Ask me anything: An error occurred: EOF when reading a line
Ask me anything: An error occurred: EOF when reading a line
Ask me anything: An error occurred: EOF when reading a line
Ask me anything: An error occurred: EOF when reading a line
Ask me anything: An error occurred: EOF when reading a line
Ask me anything: An error occurred: EOF when reading a line
Ask me anything: An error occurred: EOF when reading a line
Ask me anything: An error occurred: EOF when reading a line
Ask me anything: An error occurred: EOF when reading a line
Ask me anything: An error occurred: EOF when reading a line
Ask me anything: An error occurred: EOF when reading a line
Ask me anything: An error occurred: EOF when reading a line
Ask me anything: An error occurred: EOF when reading a line
Ask me anything: An error occurred: EOF when reading a line
Ask me anything: An error occurred: EOF when reading a line
Ask me anything: An error occurred: EOF when reading a line
Ask me anything: An error occurred: EOF when reading a line
Ask me anything: An error occurred: EOF when reading a line
Ask me anything: An error occurred: EOF when reading a line
Ask me anything: An error occurred: EOF when reading a line
Ask me anything: An error occurred: EOF when reading a line
Ask me anything: An error occurred: EOF when reading a line
Ask me anything: An error occurred: EOF when reading a line
Ask me anything: An error occurred: EOF when reading a line
Ask me anything: An error occurred: EOF when reading a line
Ask me anything: An error occurred: EOF when reading a line
Ask me anything: An error occurred: EOF when reading a line
Ask me anything: An error occurred: EOF when reading a line
Ask me anything: An error occurred: EOF when reading a line
Ask me anything: An error occurred: EOF when reading a line
Ask me anything: An error occurred: EOF when reading a line
Ask me anything: An error occurred: EOF when reading a line
Ask me anything: An error occurred: EOF when reading a line
Ask me anything: An error occurred: EOF when reading a line
Ask me anything: An error occurred: EOF when reading a line
Ask me anything: An error occurred: EOF when reading a line
Ask me anything: An error occurred: EOF when reading a line
Ask me anything: An error occurred: EOF when reading a line
Ask me anything: An error occurred: EOF when reading a line
Ask me anything: An error occurred: EOF when reading a line
Ask me anything: An error occurred: EOF when reading a line
Ask me anything: An error occurred: EOF when reading a line
Ask me anything: An error occurred: EOF when reading a line
Ask me anything: An error occurred: EOF when reading a line
Ask me anything: An error occurred: EOF when reading a line
Ask me anything: An error occurred: EOF when reading a line
Ask me anything: An error occurred: EOF when reading a line
Ask me anything: An error occurred: EOF when reading a line
Ask me anything: An error occurred: EOF when reading a line
Ask me anything: An error occurred: EOF when reading a line
Ask me anything: An error occurred: EOF when reading a line
Ask me anything: An error occurred: EOF when reading a line
Ask me anything: An error occurred: EOF when reading a line
Ask me anything: An error occurred: EOF when reading a line
Ask me anything: An error occurred: EOF when reading a line
Ask me anything: An error occurred: EOF when reading a line
Ask me anything: An error occurred: EOF when reading a line
Ask me anything: An error occurred: EOF when reading a line
Ask me anything: An error occurred: EOF when reading a line
Ask me anything: An error occurred: EOF when reading a line
Ask me anything: An error occurred: EOF when reading a line
Ask me anything: An error occurred: EOF when reading a line
Ask me anything: An error occurred: EOF when reading a line
Ask me anything: An error occurred: EOF when reading a line
Ask me anything: An error occurred: EOF when reading a line
Ask me anything: An error occurred: EOF when reading a line
Ask me anything: An error occurred: EOF when reading a line
Ask me anything: An error occurred: EOF when reading a line
Ask me anything: An error occurred: EOF when reading a line
Ask me anything: An error occurred: EOF when reading a line
Ask me anything: An error occurred: EOF when reading a line
Ask me anything: An error occurred: EOF when reading a line
Ask me anything: An error occurred: EOF when reading a line
Ask me anything: An error occurred: EOF when reading a line
Ask me anything: An error occurred: EOF when reading a line
Ask me anything: An error occurred: EOF when reading a line
Ask me anything: An error occurred: EOF when reading a line
Ask me anything: An error occurred: EOF when reading a line
Ask me anything: An error occurred: EOF when reading a line
Ask me anything: An error occurred: EOF when reading a line
Ask me anything: An error occurred: EOF when reading a line
Ask me anything: An error occurred: EOF when reading a line
Ask me anything: An error occurred: EOF when reading a line
Ask me anything: An error occurred: EOF when reading a line
Ask me anything: An error occurred: EOF when reading a line
Ask me anything: An error occurred: EOF when reading a line
Ask me anything: An error occurred: EOF when reading a line
Ask me anything: An error occurred: EOF when reading a line
Ask me anything: An error occurred: EOF when reading a line
Ask me anything: An error occurred: EOF when reading a line
Ask me anything: An error occurred: EOF when reading a line
Ask me anything: An error occurred: EOF when reading a line
Ask me anything: An error occurred: EOF when reading a line
Ask me anything: An error occurred: EOF when reading a line
Ask me anything: An error occurred: EOF when reading a line
Ask me anything: An error occurred: EOF when reading a line
Ask me anything: An error occurred: EOF when reading a line
Ask me anything: An error occurred: EOF when reading a line
Ask me anything: An error occurred: EOF when reading a line
Ask me anything: An error occurred: EOF when reading a line
Ask me anything: An error occurred: EOF when reading a line
Ask me anything: An error occurred: EOF when reading a line
Ask me anything: An error occurred: EOF when reading a line
Ask me anything: An error occurred: EOF when reading a line
Ask me anything: An error occurred: EOF when reading a line
Ask me anything: An error occurred: EOF when reading a line
Ask me anything: An error occurred: EOF when reading a line
Ask me anything: An error occurred: EOF when reading a line
Ask me anything: An error occurred: EOF when reading a line
Ask me anything: An error occurred: EOF when reading a line
Ask me anything: An error occurred: EOF when reading a line
Ask me anything: An error occurred: EOF when reading a line
Ask me anything: An error occurred: EOF when reading a line
Ask me anything: An error occurred: EOF when reading a line
Ask me anything: An error occurred: EOF when reading a line
Ask me anything: An error occurred: EOF when reading a line
Ask me anything: An error occurred: EOF when reading a line
Ask me anything: An error occurred: EOF when reading a line
Ask me anything: An error occurred: EOF when reading a line
Ask me anything: An error occurred: EOF when reading a line
Ask me anything: An error occurred: EOF when reading a line
Ask me anything: An error occurred: EOF when reading a line
Ask me anything: An error occurred: EOF when reading a line
Ask me anything: An error occurred: EOF when reading a line
Ask me anything: An error occurred: EOF when reading a line
Ask me anything: An error occurred: EOF when reading a line
Ask me anything: An error occurred: EOF when reading a line
Ask me anything: An error occurred: EOF when reading a line
Ask me anything: An error occurred: EOF when reading a line
Ask me anything: An error occurred: EOF when reading a line
Ask me anything: An error occurred: EOF when reading a line
Ask me anything: An error occurred: EOF when reading a line
Ask me anything: An error occurred: EOF when reading a line
Ask me anything: An error occurred: EOF when reading a line
Ask me anything: An error occurred: EOF when reading a line
Ask me anything: An error occurred: EOF when reading a line
Ask me anything: An error occurred: EOF when reading a line
Ask me anything: An error occurred: EOF when reading a line
Ask me anything: An error occurred: EOF when reading a line
Ask me anything: An error occurred: EOF when reading a line
Ask me anything: An error occurred: EOF when reading a line
Ask me anything: An error occurred: EOF when reading a line
Ask me anything: An error occurred: EOF when reading a line
Ask me anything: An error occurred: EOF when reading a line
Ask me anything: An error occurred: EOF when reading a line
Ask me anything: An error occurred: EOF when reading a line
Ask me anything: An error occurred: EOF when reading a line
Ask me anything: An error occurred: EOF when reading a line
Ask me anything: An error occurred: EOF when reading a line
Ask me anything: An error occurred: EOF when reading a line
Ask me anything: An error occurred: EOF when reading a line
Ask me anything: An error occurred: EOF when reading a line
Ask me anything: An error occurred: EOF when reading a line
Ask me anything: An error occurred: EOF when reading a line
Ask me anything: An error occurred: EOF when reading a line
Ask me anything: An error occurred: EOF when reading a line
Ask me anything: An error occurred: EOF when reading a line
Ask me anything: An error occurred: EOF when reading a line
Ask me anything: An error occurred: EOF when reading a line
Ask me anything: An error occurred: EOF when reading a line
Ask me anything: An error occurred: EOF when reading a line
Ask me anything: An error occurred: EOF when reading a line
Ask me anything: An error occurred: EOF when reading a line
Ask me anything: An error occurred: EOF when reading a line
Ask me anything: An error occurred: EOF when reading a line
Ask me anything: An error occurred: EOF when reading a line
Ask me anything: An error occurred: EOF when reading a line
Ask me anything: An error occurred: EOF when reading a line
Ask me anything: An error occurred: EOF when reading a line
Ask me anything: An error occurred: EOF when reading a line
Ask me anything: An error occurred: EOF when reading a line
Ask me anything: An error occurred: EOF when reading a line
Ask me anything: An error occurred: EOF when reading a line
Ask me anything: An error occurred: EOF when reading a line
Ask me anything: An error occurred: EOF when reading a line
Ask me anything: An error occurred: EOF when reading a line
Ask me anything: An error occurred: EOF when reading a line
Ask me anything: An error occurred: EOF when reading a line
Ask me anything: An error occurred: EOF when reading a line
Ask me anything: An error occurred: EOF when reading a line
Ask me anything: An error occurred: EOF when reading a line
Ask me anything: An error occurred: EOF when reading a line
Ask me anything: An error occurred: EOF when reading a line
Ask me anything: An error occurred: EOF when reading a line
Ask me anything: An error occurred: EOF when reading a line
Ask me anything: An error occurred: EOF when reading a line
Ask me anything: An error occurred: EOF when reading a line
Ask me anything: An error occurred: EOF when reading a line
Ask me anything: An error occurred: EOF when reading a line
Ask me anything: An error occurred: EOF when reading a line
Ask me anything: An error occurred: EOF when reading a line
Ask me anything: An error occurred: EOF when reading a line
Ask me anything: An error occurred: EOF when reading a line
Ask me anything: An error occurred: EOF when reading a line
Ask me anything: An error occurred: EOF when reading a line
Ask me anything: An error occurred: EOF when reading a line
Ask me anything: An error occurred: EOF when reading a line
Ask me anything: An error occurred: EOF when reading a line
Ask me anything: An error occurred: EOF when reading a line
Ask me anything: An error occurred: EOF when reading a line
Ask me anything: An error occurred: EOF when reading a line
Ask me anything: An error occurred: EOF when reading a line
Ask me anything: An error occurred: EOF when reading a line
Ask me anything: An error occurred: EOF when reading a line
Ask me anything: An error occurred: EOF when reading a line
Ask me anything: An error occurred: EOF when reading a line
Ask me anything: An error occurred: EOF when reading a line
Ask me anything: An error occurred: EOF when reading a line
Ask me anything: An error occurred: EOF when reading a line
Ask me anything: An error occurred: EOF when reading a line
Ask me anything: An error occurred: EOF when reading a line
Ask me anything: An error occurred: EOF when reading a line
Ask me anything: An error occurred: EOF when reading a line
Ask me anything: An error occurred: EOF when reading a line
Ask me anything: An error occurred: EOF when reading a line
Ask me anything: An error occurred: EOF when reading a line
Ask me anything: An error occurred: EOF when reading a line
Ask me anything: An error occurred: EOF when reading a line
Ask me anything: An error occurred: EOF when reading a line
Ask me anything: An error occurred: EOF when reading a line
Ask me anything: An error occurred: EOF when reading a line
Ask me anything: An error occurred: EOF when reading a line
Ask me anything: An error occurred: EOF when reading a line
Ask me anything: An error occurred: EOF when reading a line
Ask me anything: An error occurred: EOF when reading a line
Ask me anything: An error occurred: EOF when reading a line
Ask me anything: An error occurred: EOF when reading a line
Ask me anything: An error occurred: EOF when reading a line
Ask me anything: An error occurred: EOF when reading a line
Ask me anything: An error occurred: EOF when reading a line
Ask me anything: An error occurred: EOF when reading a line
Ask me anything: An error occurred: EOF when reading a line
Ask me anything: An error occurred: EOF when reading a line
Ask me anything: An error occurred: EOF when reading a line
Ask me anything: An error occurred: EOF when reading a line
Ask me anything: An error occurred: EOF when reading a line
Ask me anything: An error occurred: EOF when reading a line
Ask me anything: An error occurred: EOF when reading a line
Ask me anything: An error occurred: EOF when reading a line
Ask me anything: An error occurred: EOF when reading a line
Ask me anything: An error occurred: EOF when reading a line
Ask me anything: An error occurred: EOF when reading a line
Ask me anything: An error occurred: EOF when reading a line
Ask me anything: An error occurred: EOF when reading a line
Ask me anything: An error occurred: EOF when reading a line
Ask me anything: An error occurred: EOF when reading a line
Ask me anything: An error occurred: EOF when reading a line
Ask me anything: An error occurred: EOF when reading a line
Ask me anything: An error occurred: EOF when reading a line
Ask me anything: An error occurred: EOF when reading a line
Ask me anything: An error occurred: EOF when reading a line
Ask me anything: An error occurred: EOF when reading a line
Ask me anything: An error occurred: EOF when reading a line
Ask me anything: An error occurred: EOF when reading a line
Ask me anything: An error occurred: EOF when reading a line
Ask me anything: An error occurred: EOF when reading a line
Ask me anything: An error occurred: EOF when reading a line
Ask me anything: An error occurred: EOF when reading a line
Ask me anything: An error occurred: EOF when reading a line
Ask me anything: An error occurred: EOF when reading a line
Ask me anything: An error occurred: EOF when reading a line
Ask me anything: An error occurred: EOF when reading a line
Ask me anything: An error occurred: EOF when reading a line
Ask me anything: An error occurred: EOF when reading a line
Ask me anything: An error occurred: EOF when reading a line
Ask me anything: An error occurred: EOF when reading a line
Ask me anything: An error occurred: EOF when reading a line
Ask me anything: An error occurred: EOF when reading a line
Ask me anything: An error occurred: EOF when reading a line
Ask me anything: An error occurred: EOF when reading a line
Ask me anything: An error occurred: EOF when reading a line
Ask me anything: An error occurred: EOF when reading a line
Ask me anything: An error occurred: EOF when reading a line
Ask me anything: An error occurred: EOF when reading a line
Ask me anything: An error occurred: EOF when reading a line
Ask me anything: An error occurred: EOF when reading a line
Ask me anything: An error occurred: EOF when reading a line
Ask me anything: An error occurred: EOF when reading a line
Ask me anything: An error occurred: EOF when reading a line
Ask me anything: An error occurred: EOF when reading a line
Ask me anything: An error occurred: EOF when reading a line
Ask me anything: An error occurred: EOF when reading a line
Ask me anything: An error occurred: EOF when reading a line
Ask me anything: An error occurred: EOF when reading a line
Ask me anything: An error occurred: EOF when reading a line
Ask me anything: An error occurred: EOF when reading a line
Ask me anything: An error occurred: EOF when reading a line
Ask me anything: An error occurred: EOF when reading a line
Ask me anything: An error occurred: EOF when reading a line
Ask me anything: An error occurred: EOF when reading a line
Ask me anything: An error occurred: EOF when reading a line
Ask me anything: An error occurred: EOF when reading a line
Ask me anything: An error occurred: EOF when reading a line
Ask me anything: An error occurred: EOF when reading a line
Ask me anything: An error occurred: EOF when reading a line
Ask me anything: An error occurred: EOF when reading a line
Ask me anything: An error occurred: EOF when reading a line
Ask me anything: An error occurred: EOF when reading a line
Ask me anything: An error occurred: EOF when reading a line
Ask me anything: An error occurred: EOF when reading a line
Ask me anything: An error occurred: EOF when reading a line
Ask me anything: An error occurred: EOF when reading a line
Ask me anything: An error occurred: EOF when reading a line
Ask me anything: An error occurred: EOF when reading a line
Ask me anything: An error occurred: EOF when reading a line
Ask me anything: An error occurred: EOF when reading a line
Ask me anything: An error occurred: EOF when reading a line
Ask me anything: An error occurred: EOF when reading a line
Ask me anything: An error occurred: EOF when reading a line
Ask me anything: An error occurred: EOF when reading a line
Ask me anything: An error occurred: EOF when reading a line
Ask me anything: An error occurred: EOF when reading a line
Ask me anything: An error occurred: EOF when reading a line
Ask me anything: An error occurred: EOF when reading a line
Ask me anything: An error occurred: EOF when reading a line
Ask me anything: An error occurred: EOF when reading a line
Ask me anything: An error occurred: EOF when reading a line
Ask me anything: An error occurred: EOF when reading a line
Ask me anything: An error occurred: EOF when reading a line
Ask me anything: An error occurred: EOF when reading a line
Ask me anything: An error occurred: EOF when reading a line
Ask me anything: An error occurred: EOF when reading a line
Ask me anything: An error occurred: EOF when reading a line
Ask me anything: An error occurred: EOF when reading a line
Ask me anything: An error occurred: EOF when reading a line
Ask me anything: An error occurred: EOF when reading a line
Ask me anything: An error occurred: EOF when reading a line
Ask me anything: An error occurred: EOF when reading a line
Ask me anything: An error occurred: EOF when reading a line
Ask me anything: An error occurred: EOF when reading a line
Ask me anything: An error occurred: EOF when reading a line
Ask me anything: An error occurred: EOF when reading a line
Ask me anything: An error occurred: EOF when reading a line
Ask me anything: An error occurred: EOF when reading a line
Ask me anything: An error occurred: EOF when reading a line
Ask me anything: An error occurred: EOF when reading a line
Ask me anything: An error occurred: EOF when reading a line
Ask me anything: An error occurred: EOF when reading a line
Ask me anything: An error occurred: EOF when reading a line
Ask me anything: An error occurred: EOF when reading a line
Ask me anything: An error occurred: EOF when reading a line
Ask me anything: An error occurred: EOF when reading a line
Ask me anything: An error occurred: EOF when reading a line
Ask me anything: An error occurred: EOF when reading a line
Ask me anything: An error occurred: EOF when reading a line
Ask me anything: An error occurred: EOF when reading a line
Ask me anything: An error occurred: EOF when reading a line
Ask me anything: An error occurred: EOF when reading a line
Ask me anything: An error occurred: EOF when reading a line
Ask me anything: An error occurred: EOF when reading a line
Ask me anything: An error occurred: EOF when reading a line
Ask me anything: An error occurred: EOF when reading a line
Ask me anything: An error occurred: EOF when reading a line
Ask me anything: An error occurred: EOF when reading a line
Ask me anything: An error occurred: EOF when reading a line
Ask me anything: An error occurred: EOF when reading a line
Ask me anything: An error occurred: EOF when reading a line
Ask me anything: An error occurred: EOF when reading a line
Ask me anything: An error occurred: EOF when reading a line
Ask me anything: An error occurred: EOF when reading a line
Ask me anything: An error occurred: EOF when reading a line
Ask me anything: An error occurred: EOF when reading a line
Ask me anything: An error occurred: EOF when reading a line
Ask me anything: An error occurred: EOF when reading a line
Ask me anything: An error occurred: EOF when reading a line
Ask me anything: An error occurred: EOF when reading a line
Ask me anything: An error occurred: EOF when reading a line
Ask me anything: An error occurred: EOF when reading a line
Ask me anything: An error occurred: EOF when reading a line
Ask me anything: An error occurred: EOF when reading a line
Ask me anything: An error occurred: EOF when reading a line
Ask me anything: An error occurred: EOF when reading a line
Ask me anything: An error occurred: EOF when reading a line
Ask me anything: An error occurred: EOF when reading a line
Ask me anything: An error occurred: EOF when reading a line
Ask me anything: An error occurred: EOF when reading a line
Ask me anything: An error occurred: EOF when reading a line
Ask me anything: An error occurred: EOF when reading a line
Ask me anything: An error occurred: EOF when reading a line
Ask me anything: An error occurred: EOF when reading a line
Ask me anything: An error occurred: EOF when reading a line
Ask me anything: An error occurred: EOF when reading a line
Ask me anything: An error occurred: EOF when reading a line
Ask me anything: An error occurred: EOF when reading a line
Ask me anything: An error occurred: EOF when reading a line
Ask me anything: An error occurred: EOF when reading a line
Ask me anything: An error occurred: EOF when reading a line
Ask me anything: An error occurred: EOF when reading a line
Ask me anything: An error occurred: EOF when reading a line
Ask me anything: An error occurred: EOF when reading a line
Ask me anything: An error occurred: EOF when reading a line
Ask me anything: An error occurred: EOF when reading a line
Ask me anything: An error occurred: EOF when reading a line
Ask me anything: An error occurred: EOF when reading a line
Ask me anything: An error occurred: EOF when reading a line
Ask me anything: An error occurred: EOF when reading a line
Ask me anything: An error occurred: EOF when reading a line
Ask me anything: An error occurred: EOF when reading a line
Ask me anything: An error occurred: EOF when reading a line
Ask me anything: An error occurred: EOF when reading a line
Ask me anything: An error occurred: EOF when reading a line
Ask me anything: An error occurred: EOF when reading a line
Ask me anything: An error occurred: EOF when reading a line
Ask me anything: An error occurred: EOF when reading a line
Ask me anything: An error occurred: EOF when reading a line
Ask me anything: An error occurred: EOF when reading a line
Ask me anything: An error occurred: EOF when reading a line
Ask me anything: An error occurred: EOF when reading a line
Ask me anything: An error occurred: EOF when reading a line
Ask me anything: An error occurred: EOF when reading a line
Ask me anything: An error occurred: EOF when reading a line
Ask me anything: An error occurred: EOF when reading a line
Ask me anything: An error occurred: EOF when reading a line
Ask me anything: An error occurred: EOF when reading a line
Ask me anything: An error occurred: EOF when reading a line
Ask me anything: An error occurred: EOF when reading a line
Ask me anything: An error occurred: EOF when reading a line
Ask me anything: An error occurred: EOF when reading a line
Ask me anything: An error occurred: EOF when reading a line
Ask me anything: An error occurred: EOF when reading a line
Ask me anything: An error occurred: EOF when reading a line
Ask me anything: An error occurred: EOF when reading a line
Ask me anything: An error occurred: EOF when reading a line
Ask me anything: An error occurred: EOF when reading a line
Ask me anything: An error occurred: EOF when reading a line
Ask me anything: An error occurred: EOF when reading a line
Ask me anything: An error occurred: EOF when reading a line
Ask me anything: An error occurred: EOF when reading a line
Ask me anything: An error occurred: EOF when reading a line
Ask me anything: An error occurred: EOF when reading a line
Ask me anything: An error occurred: EOF when reading a line
Ask me anything: An error occurred: EOF when reading a line
Ask me anything: An error occurred: EOF when reading a line
Ask me anything: An error occurred: EOF when reading a line
Ask me anything: An error occurred: EOF when reading a line
Ask me anything: An error occurred: EOF when reading a line
Ask me anything: An error occurred: EOF when reading a line
Ask me anything: An error occurred: EOF when reading a line
Ask me anything: An error occurred: EOF when reading a line
Ask me anything: An error occurred: EOF when reading a line
Ask me anything: An error occurred: EOF when reading a line
Ask me anything: An error occurred: EOF when reading a line
Ask me anything: An error occurred: EOF when reading a line
Ask me anything: An error occurred: EOF when reading a line
Ask me anything: An error occurred: EOF when reading a line
Ask me anything: An error occurred: EOF when reading a line
Ask me anything: An error occurred: EOF when reading a line
Ask me anything: An error occurred: EOF when reading a line
Ask me anything: An error occurred: EOF when reading a line
Ask me anything: An error occurred: EOF when reading a line
Ask me anything: An error occurred: EOF when reading a line
Ask me anything: An error occurred: EOF when reading a line
Ask me anything: An error occurred: EOF when reading a line
Ask me anything: An error occurred: EOF when reading a line
Ask me anything: An error occurred: EOF when reading a line
Ask me anything: An error occurred: EOF when reading a line
Ask me anything: An error occurred: EOF when reading a line
Ask me anything: An error occurred: EOF when reading a line
Ask me anything: An error occurred: EOF when reading a line
Ask me anything: An error occurred: EOF when reading a line
Ask me anything: An error occurred: EOF when reading a line
Ask me anything: An error occurred: EOF when reading a line
Ask me anything: An error occurred: EOF when reading a line
Ask me anything: An error occurred: EOF when reading a line
Ask me anything: An error occurred: EOF when reading a line
Ask me anything: An error occurred: EOF when reading a line
Ask me anything: An error occurred: EOF when reading a line
Ask me anything: An error occurred: EOF when reading a line
Ask me anything: An error occurred: EOF when reading a line
Ask me anything: An error occurred: EOF when reading a line
Ask me anything: An error occurred: EOF when reading a line
Ask me anything: An error occurred: EOF when reading a line
Ask me anything: An error occurred: EOF when reading a line
Ask me anything: An error occurred: EOF when reading a line
Ask me anything: An error occurred: EOF when reading a line
Ask me anything: An error occurred: EOF when reading a line
Ask me anything: An error occurred: EOF when reading a line
Ask me anything: An error occurred: EOF when reading a line
Ask me anything: An error occurred: EOF when reading a line
Ask me anything: An error occurred: EOF when reading a line
Ask me anything: An error occurred: EOF when reading a line
Ask me anything: An error occurred: EOF when reading a line
Ask me anything: An error occurred: EOF when reading a line
Ask me anything: An error occurred: EOF when reading a line
Ask me anything: An error occurred: EOF when reading a line
Ask me anything: An error occurred: EOF when reading a line
Ask me anything: An error occurred: EOF when reading a line
Ask me anything: An error occurred: EOF when reading a line
Ask me anything: An error occurred: EOF when reading a line
Ask me anything: An error occurred: EOF when reading a line
Ask me anything: An error occurred: EOF when reading a line
Ask me anything: An error occurred: EOF when reading a line
Ask me anything: An error occurred: EOF when reading a line
Ask me anything: An error occurred: EOF when reading a line
Ask me anything: An error occurred: EOF when reading a line
Ask me anything: An error occurred: EOF when reading a line
Ask me anything: An error occurred: EOF when reading a line
Ask me anything: An error occurred: EOF when reading a line
Ask me anything: An error occurred: EOF when reading a line
Ask me anything: An error occurred: EOF when reading a line
Ask me anything: An error occurred: EOF when reading a line
Ask me anything: An error occurred: EOF when reading a line
Ask me anything: An error occurred: EOF when reading a line
Ask me anything: An error occurred: EOF when reading a line
Ask me anything: An error occurred: EOF when reading a line
Ask me anything: An error occurred: EOF when reading a line
Ask me anything: An error occurred: EOF when reading a line
Ask me anything: An error occurred: EOF when reading a line
Ask me anything: An error occurred: EOF when reading a line
Ask me anything: An error occurred: EOF when reading a line
Ask me anything: An error occurred: EOF when reading a line
Ask me anything: An error occurred: EOF when reading a line
Ask me anything: An error occurred: EOF when reading a line
Ask me anything: An error occurred: EOF when reading a line
Ask me anything: An error occurred: EOF when reading a line
Ask me anything: An error occurred: EOF when reading a line
Ask me anything: An error occurred: EOF when reading a line
Ask me anything: An error occurred: EOF when reading a line
Ask me anything: An error occurred: EOF when reading a line
Ask me anything: An error occurred: EOF when reading a line
Ask me anything: An error occurred: EOF when reading a line
Ask me anything: An error occurred: EOF when reading a line
Ask me anything: An error occurred: EOF when reading a line
Ask me anything: An error occurred: EOF when reading a line
Ask me anything: An error occurred: EOF when reading a line
Ask me anything: An error occurred: EOF when reading a line
Ask me anything: An error occurred: EOF when reading a line
Ask me anything: An error occurred: EOF when reading a line
Ask me anything: An error occurred: EOF when reading a line
Ask me anything: An error occurred: EOF when reading a line
Ask me anything: An error occurred: EOF when reading a line
Ask me anything: An error occurred: EOF when reading a line
Ask me anything: An error occurred: EOF when reading a line
Ask me anything: An error occurred: EOF when reading a line
Ask me anything: An error occurred: EOF when reading a line
Ask me anything: An error occurred: EOF when reading a line
Ask me anything: An error occurred: EOF when reading a line
Ask me anything: An error occurred: EOF when reading a line
Ask me anything: An error occurred: EOF when reading a line
Ask me anything: An error occurred: EOF when reading a line
Ask me anything: An error occurred: EOF when reading a line
Ask me anything: An error occurred: EOF when reading a line
Ask me anything: An error occurred: EOF when reading a line
Ask me anything: An error occurred: EOF when reading a line
Ask me anything: An error occurred: EOF when reading a line
Ask me anything: An error occurred: EOF when reading a line
Ask me anything: An error occurred: EOF when reading a line
Ask me anything: An error occurred: EOF when reading a line
Ask me anything: An error occurred: EOF when reading a line
Ask me anything: An error occurred: EOF when reading a line
Ask me anything: An error occurred: EOF when reading a line
Ask me anything: An error occurred: EOF when reading a line
Ask me anything: An error occurred: EOF when reading a line
Ask me anything: An error occurred: EOF when reading a line
Ask me anything: An error occurred: EOF when reading a line
Ask me anything: An error occurred: EOF when reading a line
Ask me anything: An error occurred: EOF when reading a line
Ask me anything: An error occurred: EOF when reading a line
Ask me anything: An error occurred: EOF when reading a line
Ask me anything: An error occurred: EOF when reading a line
Ask me anything: An error occurred: EOF when reading a line
Ask me anything: An error occurred: EOF when reading a line
Ask me anything: An error occurred: EOF when reading a line
Ask me anything: An error occurred: EOF when reading a line
Ask me anything: An error occurred: EOF when reading a line
Ask me anything: An error occurred: EOF when reading a line
Ask me anything: An error occurred: EOF when reading a line
Ask me anything: An error occurred: EOF when reading a line
Ask me anything: An error occurred: EOF when reading a line
Ask me anything: An error occurred: EOF when reading a line
Ask me anything: An error occurred: EOF when reading a line
Ask me anything: An error occurred: EOF when reading a line
Ask me anything: An error occurred: EOF when reading a line
Ask me anything: An error occurred: EOF when reading a line
Ask me anything: An error occurred: EOF when reading a line
Ask me anything: An error occurred: EOF when reading a line
Ask me anything: An error occurred: EOF when reading a line
Ask me anything: An error occurred: EOF when reading a line
Ask me anything: An error occurred: EOF when reading a line
Ask me anything: An error occurred: EOF when reading a line
Ask me anything: An error occurred: EOF when reading a line
Ask me anything: An error occurred: EOF when reading a line
Ask me anything: An error occurred: EOF when reading a line
Ask me anything: An error occurred: EOF when reading a line
Ask me anything: An error occurred: EOF when reading a line
Ask me anything: An error occurred: EOF when reading a line
Ask me anything: An error occurred: EOF when reading a line
Ask me anything: An error occurred: EOF when reading a line
Ask me anything: An error occurred: EOF when reading a line
Ask me anything: An error occurred: EOF when reading a line
Ask me anything: An error occurred: EOF when reading a line
Ask me anything: An error occurred: EOF when reading a line
Ask me anything: An error occurred: EOF when reading a line
Ask me anything: An error occurred: EOF when reading a line
Ask me anything: An error occurred: EOF when reading a line
Ask me anything: An error occurred: EOF when reading a line
Ask me anything: An error occurred: EOF when reading a line
Ask me anything: An error occurred: EOF when reading a line
Ask me anything: An error occurred: EOF when reading a line
Ask me anything: An error occurred: EOF when reading a line
Ask me anything: An error occurred: EOF when reading a line
Ask me anything: An error occurred: EOF when reading a line
Ask me anything: An error occurred: EOF when reading a line
Ask me anything: An error occurred: EOF when reading a line
Ask me anything: An error occurred: EOF when reading a line
Ask me anything: An error occurred: EOF when reading a line
Ask me anything: An error occurred: EOF when reading a line
Ask me anything: An error occurred: EOF when reading a line
Ask me anything: An error occurred: EOF when reading a line
Ask me anything: An error occurred: EOF when reading a line
Ask me anything: An error occurred: EOF when reading a line
Ask me anything: An error occurred: EOF when reading a line
Ask me anything: An error occurred: EOF when reading a line
Ask me anything: An error occurred: EOF when reading a line
Ask me anything: An error occurred: EOF when reading a line
Ask me anything: An error occurred: EOF when reading a line
Ask me anything: An error occurred: EOF when reading a line
Ask me anything: An error occurred: EOF when reading a line
Ask me anything: An error occurred: EOF when reading a line
Ask me anything: An error occurred: EOF when reading a line
Ask me anything: An error occurred: EOF when reading a line
Ask me anything: An error occurred: EOF when reading a line
Ask me anything: An error occurred: EOF when reading a line
Ask me anything: An error occurred: EOF when reading a line
Ask me anything: An error occurred: EOF when reading a line
Ask me anything: An error occurred: EOF when reading a line
Ask me anything: An error occurred: EOF when reading a line
Ask me anything: An error occurred: EOF when reading a line
Ask me anything: An error occurred: EOF when reading a line
Ask me anything: An error occurred: EOF when reading a line
Ask me anything: An error occurred: EOF when reading a line
Ask me anything: An error occurred: EOF when reading a line
Ask me anything: An error occurred: EOF when reading a line
Ask me anything: An error occurred: EOF when reading a line
Ask me anything: An error occurred: EOF when reading a line
Ask me anything: An error occurred: EOF when reading a line
Ask me anything: An error occurred: EOF when reading a line
Ask me anything: An error occurred: EOF when reading a line
Ask me anything: An error occurred: EOF when reading a line
Ask me anything: An error occurred: EOF when reading a line
Ask me anything: An error occurred: EOF when reading a line
Ask me anything: An error occurred: EOF when reading a line
Ask me anything: An error occurred: EOF when reading a line
Ask me anything: An error occurred: EOF when reading a line
Ask me anything: An error occurred: EOF when reading a line
Ask me anything: An error occurred: EOF when reading a line
Ask me anything: An error occurred: EOF when reading a line
Ask me anything: An error occurred: EOF when reading a line
Ask me anything: An error occurred: EOF when reading a line
Ask me anything: An error occurred: EOF when reading a line
Ask me anything: An error occurred: EOF when reading a line
Ask me anything: An error occurred: EOF when reading a line
Ask me anything: An error occurred: EOF when reading a line
Ask me anything: An error occurred: EOF when reading a line
Ask me anything: An error occurred: EOF when reading a line
Ask me anything: An error occurred: EOF when reading a line
Ask me anything: An error occurred: EOF when reading a line
Ask me anything: An error occurred: EOF when reading a line
Ask me anything: An error occurred: EOF when reading a line
Ask me anything: An error occurred: EOF when reading a line
Ask me anything: An error occurred: EOF when reading a line
Ask me anything: An error occurred: EOF when reading a line
Ask me anything: An error occurred: EOF when reading a line
Ask me anything: An error occurred: EOF when reading a line
Ask me anything: An error occurred: EOF when reading a line
Ask me anything: An error occurred: EOF when reading a line
Ask me anything: An error occurred: EOF when reading a line
Ask me anything: An error occurred: EOF when reading a line
Ask me anything: An error occurred: EOF when reading a line
Ask me anything: An error occurred: EOF when reading a line
Ask me anything: An error occurred: EOF when reading a line
Ask me anything: An error occurred: EOF when reading a line
Ask me anything: An error occurred: EOF when reading a line
Ask me anything: An error occurred: EOF when reading a line
Ask me anything: An error occurred: EOF when reading a line
Ask me anything: An error occurred: EOF when reading a line
Ask me anything: An error occurred: EOF when reading a line
Ask me anything: An error occurred: EOF when reading a line
Ask me anything: An error occurred: EOF when reading a line
Ask me anything: An error occurred: EOF when reading a line
Ask me anything: An error occurred: EOF when reading a line
Ask me anything: An error occurred: EOF when reading a line
Ask me anything: An error occurred: EOF when reading a line
Ask me anything: An error occurred: EOF when reading a line
Ask me anything: An error occurred: EOF when reading a line
Ask me anything: An error occurred: EOF when reading a line
Ask me anything: An error occurred: EOF when reading a line
Ask me anything: An error occurred: EOF when reading a line
Ask me anything: An error occurred: EOF when reading a line
Ask me anything: An error occurred: EOF when reading a line
Ask me anything: An error occurred: EOF when reading a line
Ask me anything: An error occurred: EOF when reading a line
Ask me anything: An error occurred: EOF when reading a line
Ask me anything: An error occurred: EOF when reading a line
Ask me anything: An error occurred: EOF when reading a line
Ask me anything: An error occurred: EOF when reading a line
Ask me anything: An error occurred: EOF when reading a line
Ask me anything: An error occurred: EOF when reading a line
Ask me anything: An error occurred: EOF when reading a line
Ask me anything: An error occurred: EOF when reading a line
Ask me anything: An error occurred: EOF when reading a line
Ask me anything: An error occurred: EOF when reading a line
Ask me anything: An error occurred: EOF when reading a line
Ask me anything: An error occurred: EOF when reading a line
Ask me anything: An error occurred: EOF when reading a line
Ask me anything: An error occurred: EOF when reading a line
Ask me anything: An error occurred: EOF when reading a line
Ask me anything: An error occurred: EOF when reading a line
Ask me anything: An error occurred: EOF when reading a line
Ask me anything: An error occurred: EOF when reading a line
Ask me anything: An error occurred: EOF when reading a line
Ask me anything: An error occurred: EOF when reading a line
Ask me anything: An error occurred: EOF when reading a line
Ask me anything: An error occurred: EOF when reading a line
Ask me anything: An error occurred: EOF when reading a line
Ask me anything: An error occurred: EOF when reading a line
Ask me anything: An error occurred: EOF when reading a line
Ask me anything: An error occurred: EOF when reading a line
Ask me anything: An error occurred: EOF when reading a line
Ask me anything: An error occurred: EOF when reading a line
Ask me anything: An error occurred: EOF when reading a line
Ask me anything: An error occurred: EOF when reading a line
Ask me anything: An error occurred: EOF when reading a line
Ask me anything: An error occurred: EOF when reading a line
Ask me anything: An error occurred: EOF when reading a line
Ask me anything: An error occurred: EOF when reading a line
Ask me anything: An error occurred: EOF when reading a line
Ask me anything: An error occurred: EOF when reading a line
Ask me anything: An error occurred: EOF when reading a line
Ask me anything: An error occurred: EOF when reading a line
Ask me anything: An error occurred: EOF when reading a line
Ask me anything: An error occurred: EOF when reading a line
Ask me anything: An error occurred: EOF when reading a line
Ask me anything: An error occurred: EOF when reading a line
Ask me anything: An error occurred: EOF when reading a line
Ask me anything: An error occurred: EOF when reading a line
Ask me anything: An error occurred: EOF when reading a line
Ask me anything: An error occurred: EOF when reading a line
Ask me anything: An error occurred: EOF when reading a line
Ask me anything: An error occurred: EOF when reading a line
Ask me anything: An error occurred: EOF when reading a line
Ask me anything: An error occurred: EOF when reading a line
Ask me anything: An error occurred: EOF when reading a line
Ask me anything: An error occurred: EOF when reading a line
Ask me anything: An error occurred: EOF when reading a line
Ask me anything: An error occurred: EOF when reading a line
Ask me anything: An error occurred: EOF when reading a line
Ask me anything: An error occurred: EOF when reading a line
Ask me anything: An error occurred: EOF when reading a line
Ask me anything: An error occurred: EOF when reading a line
Ask me anything: An error occurred: EOF when reading a line
Ask me anything: An error occurred: EOF when reading a line
Ask me anything: An error occurred: EOF when reading a line
Ask me anything: An error occurred: EOF when reading a line
Ask me anything: An error occurred: EOF when reading a line
Ask me anything: An error occurred: EOF when reading a line
Ask me anything: An error occurred: EOF when reading a line
Ask me anything: An error occurred: EOF when reading a line
Ask me anything: An error occurred: EOF when reading a line
Ask me anything: An error occurred: EOF when reading a line
Ask me anything: An error occurred: EOF when reading a line
Ask me anything: An error occurred: EOF when reading a line
Ask me anything: An error occurred: EOF when reading a line
Ask me anything: An error occurred: EOF when reading a line
Ask me anything: An error occurred: EOF when reading a line
Ask me anything: An error occurred: EOF when reading a line
Ask me anything: An error occurred: EOF when reading a line
Ask me anything: An error occurred: EOF when reading a line
Ask me anything: An error occurred: EOF when reading a line
Ask me anything: An error occurred: EOF when reading a line
Ask me anything: An error occurred: EOF when reading a line
Ask me anything: An error occurred: EOF when reading a line
Ask me anything: An error occurred: EOF when reading a line
Ask me anything: An error occurred: EOF when reading a line
Ask me anything: An error occurred: EOF when reading a line
Ask me anything: An error occurred: EOF when reading a line
Ask me anything: An error occurred: EOF when reading a line
Ask me anything: An error occurred: EOF when reading a line
Ask me anything: An error occurred: EOF when reading a line
Ask me anything: An error occurred: EOF when reading a line
Ask me anything: An error occurred: EOF when reading a line
Ask me anything: An error occurred: EOF when reading a line
Ask me anything: An error occurred: EOF when reading a line
Ask me anything: An error occurred: EOF when reading a line
Ask me anything: An error occurred: EOF when reading a line
Ask me anything: An error occurred: EOF when reading a line
Ask me anything: An error occurred: EOF when reading a line
Ask me anything: An error occurred: EOF when reading a line
Ask me anything: An error occurred: EOF when reading a line
Ask me anything: An error occurred: EOF when reading a line
Ask me anything: An error occurred: EOF when reading a line
Ask me anything: An error occurred: EOF when reading a line
Ask me anything: An error occurred: EOF when reading a line
Ask me anything: An error occurred: EOF when reading a line
Ask me anything: An error occurred: EOF when reading a line
Ask me anything: An error occurred: EOF when reading a line
Ask me anything: An error occurred: EOF when reading a line
Ask me anything: An error occurred: EOF when reading a line
Ask me anything: An error occurred: EOF when reading a line
Ask me anything: An error occurred: EOF when reading a line
Ask me anything: An error occurred: EOF when reading a line
Ask me anything: An error occurred: EOF when reading a line
Ask me anything: An error occurred: EOF when reading a line
Ask me anything: An error occurred: EOF when reading a line
Ask me anything: An error occurred: EOF when reading a line
Ask me anything: An error occurred: EOF when reading a line
Ask me anything: An error occurred: EOF when reading a line
Ask me anything: An error occurred: EOF when reading a line
Ask me anything: An error occurred: EOF when reading a line
Ask me anything: An error occurred: EOF when reading a line
Ask me anything: An error occurred: EOF when reading a line
Ask me anything: An error occurred: EOF when reading a line
Ask me anything: An error occurred: EOF when reading a line
Ask me anything: An error occurred: EOF when reading a line
Ask me anything: An error occurred: EOF when reading a line
Ask me anything: An error occurred: EOF when reading a line
Ask me anything: An error occurred: EOF when reading a line
Ask me anything: An error occurred: EOF when reading a line
Ask me anything: An error occurred: EOF when reading a line
Ask me anything: An error occurred: EOF when reading a line
Ask me anything: An error occurred: EOF when reading a line
Ask me anything: An error occurred: EOF when reading a line
Ask me anything: An error occurred: EOF when reading a line
Ask me anything: An error occurred: EOF when reading a line
Ask me anything: An error occurred: EOF when reading a line
Ask me anything: An error occurred: EOF when reading a line
Ask me anything: An error occurred: EOF when reading a line
Ask me anything: An error occurred: EOF when reading a line
Ask me anything: An error occurred: EOF when reading a line
Ask me anything: An error occurred: EOF when reading a line
Ask me anything: An error occurred: EOF when reading a line
Ask me anything: An error occurred: EOF when reading a line
Ask me anything: An error occurred: EOF when reading a line
Ask me anything: An error occurred: EOF when reading a line
Ask me anything: An error occurred: EOF when reading a line
Ask me anything: An error occurred: EOF when reading a line
Ask me anything: An error occurred: EOF when reading a line
Ask me anything: An error occurred: EOF when reading a line
Ask me anything: An error occurred: EOF when reading a line
Ask me anything: An error occurred: EOF when reading a line
Ask me anything: An error occurred: EOF when reading a line
Ask me anything: An error occurred: EOF when reading a line
Ask me anything: An error occurred: EOF when reading a line
Ask me anything: An error occurred: EOF when reading a line
Ask me anything: An error occurred: EOF when reading a line
Ask me anything: An error occurred: EOF when reading a line
Ask me anything: An error occurred: EOF when reading a line
Ask me anything: An error occurred: EOF when reading a line
Ask me anything: An error occurred: EOF when reading a line
Ask me anything: An error occurred: EOF when reading a line
Ask me anything: An error occurred: EOF when reading a line
Ask me anything: An error occurred: EOF when reading a line
Ask me anything: An error occurred: EOF when reading a line
Ask me anything: An error occurred: EOF when reading a line
Ask me anything: An error occurred: EOF when reading a line
Ask me anything: An error occurred: EOF when reading a line
Ask me anything: An error occurred: EOF when reading a line
Ask me anything: An error occurred: EOF when reading a line
Ask me anything: An error occurred: EOF when reading a line
Ask me anything: An error occurred: EOF when reading a line
Ask me anything: An error occurred: EOF when reading a line
Ask me anything: An error occurred: EOF when reading a line
Ask me anything: An error occurred: EOF when reading a line
Ask me anything: An error occurred: EOF when reading a line
Ask me anything: An error occurred: EOF when reading a line
Ask me anything: An error occurred: EOF when reading a line
Ask me anything: An error occurred: EOF when reading a line
Ask me anything: An error occurred: EOF when reading a line
Ask me anything: An error occurred: EOF when reading a line
Ask me anything: An error occurred: EOF when reading a line
Ask me anything: An error occurred: EOF when reading a line
Ask me anything: An error occurred: EOF when reading a line
Ask me anything: An error occurred: EOF when reading a line
Ask me anything: An error occurred: EOF when reading a line
Ask me anything: An error occurred: EOF when reading a line
Ask me anything: An error occurred: EOF when reading a line
Ask me anything: An error occurred: EOF when reading a line
Ask me anything: An error occurred: EOF when reading a line
Ask me anything: An error occurred: EOF when reading a line
Ask me anything: An error occurred: EOF when reading a line
Ask me anything: An error occurred: EOF when reading a line
Ask me anything: An error occurred: EOF when reading a line
Ask me anything: An error occurred: EOF when reading a line
Ask me anything: An error occurred: EOF when reading a line
Ask me anything: An error occurred: EOF when reading a line
Ask me anything: An error occurred: EOF when reading a line
Ask me anything: An error occurred: EOF when reading a line
Ask me anything: An error occurred: EOF when reading a line
Ask me anything: An error occurred: EOF when reading a line
Ask me anything: An error occurred: EOF when reading a line
Ask me anything: An error occurred: EOF when reading a line
Ask me anything: An error occurred: EOF when reading a line
Ask me anything: An error occurred: EOF when reading a line
Ask me anything: An error occurred: EOF when reading a line
Ask me anything: An error occurred: EOF when reading a line
Ask me anything: An error occurred: EOF when reading a line
Ask me anything: An error occurred: EOF when reading a line
Ask me anything: An error occurred: EOF when reading a line
Ask me anything: An error occurred: EOF when reading a line
Ask me anything: An error occurred: EOF when reading a line
Ask me anything: An error occurred: EOF when reading a line
Ask me anything: An error occurred: EOF when reading a line
Ask me anything: An error occurred: EOF when reading a line
Ask me anything: An error occurred: EOF when reading a line
Ask me anything: An error occurred: EOF when reading a line
Ask me anything: An error occurred: EOF when reading a line
Ask me anything: An error occurred: EOF when reading a line
Ask me anything: An error occurred: EOF when reading a line
Ask me anything: An error occurred: EOF when reading a line
Ask me anything: An error occurred: EOF when reading a line
Ask me anything: An error occurred: EOF when reading a line
Ask me anything: An error occurred: EOF when reading a line
Ask me anything: An error occurred: EOF when reading a line
Ask me anything: An error occurred: EOF when reading a line
Ask me anything: An error occurred: EOF when reading a line
Ask me anything: An error occurred: EOF when reading a line
Ask me anything: An error occurred: EOF when reading a line
Ask me anything: An error occurred: EOF when reading a line
Ask me anything: An error occurred: EOF when reading a line
Ask me anything: An error occurred: EOF when reading a line
Ask me anything: An error occurred: EOF when reading a line
Ask me anything: An error occurred: EOF when reading a line
Ask me anything: An error occurred: EOF when reading a line
Ask me anything: An error occurred: EOF when reading a line
Ask me anything: An error occurred: EOF when reading a line
Ask me anything: An error occurred: EOF when reading a line
Ask me anything: An error occurred: EOF when reading a line
Ask me anything: An error occurred: EOF when reading a line
Ask me anything: An error occurred: EOF when reading a line
Ask me anything: An error occurred: EOF when reading a line
Ask me anything: An error occurred: EOF when reading a line
Ask me anything: An error occurred: EOF when reading a line
Ask me anything: An error occurred: EOF when reading a line
Ask me anything: An error occurred: EOF when reading a line
Ask me anything: An error occurred: EOF when reading a line
Ask me anything: An error occurred: EOF when reading a line
Ask me anything: An error occurred: EOF when reading a line
Ask me anything: An error occurred: EOF when reading a line
Ask me anything: An error occurred: EOF when reading a line
Ask me anything: An error occurred: EOF when reading a line
Ask me anything: An error occurred: EOF when reading a line
Ask me anything: An error occurred: EOF when reading a line
Ask me anything: An error occurred: EOF when reading a line
Ask me anything: An error occurred: EOF when reading a line
Ask me anything: An error occurred: EOF when reading a line
Ask me anything: An error occurred: EOF when reading a line
Ask me anything: An error occurred: EOF when reading a line
Ask me anything: An error occurred: EOF when reading a line
Ask me anything: An error occurred: EOF when reading a line
Ask me anything: An error occurred: EOF when reading a line
Ask me anything: An error occurred: EOF when reading a line
Ask me anything: An error occurred: EOF when reading a line
Ask me anything: An error occurred: EOF when reading a line
Ask me anything: An error occurred: EOF when reading a line
Ask me anything: An error occurred: EOF when reading a line
Ask me anything: An error occurred: EOF when reading a line
Ask me anything: An error occurred: EOF when reading a line
Ask me anything: An error occurred: EOF when reading a line
Ask me anything: An error occurred: EOF when reading a line
Ask me anything: An error occurred: EOF when reading a line
Ask me anything: An error occurred: EOF when reading a line
Ask me anything: An error occurred: EOF when reading a line
Ask me anything: An error occurred: EOF when reading a line
Ask me anything: An error occurred: EOF when reading a line
Ask me anything: An error occurred: EOF when reading a line
Ask me anything: An error occurred: EOF when reading a line
Ask me anything: An error occurred: EOF when reading a line
Ask me anything: An error occurred: EOF when reading a line
Ask me anything: An error occurred: EOF when reading a line
Ask me anything: An error occurred: EOF when reading a line
Ask me anything: An error occurred: EOF when reading a line
Ask me anything: An error occurred: EOF when reading a line
Ask me anything: An error occurred: EOF when reading a line
Ask me anything: An error occurred: EOF when reading a line
Ask me anything: An error occurred: EOF when reading a line
Ask me anything: An error occurred: EOF when reading a line
Ask me anything: An error occurred: EOF when reading a line
Ask me anything: An error occurred: EOF when reading a line
Ask me anything: An error occurred: EOF when reading a line
Ask me anything: An error occurred: EOF when reading a line
Ask me anything: An error occurred: EOF when reading a line
Ask me anything: An error occurred: EOF when reading a line
Ask me anything: An error occurred: EOF when reading a line
Ask me anything: An error occurred: EOF when reading a line
Ask me anything: An error occurred: EOF when reading a line
Ask me anything: An error occurred: EOF when reading a line
Ask me anything: An error occurred: EOF when reading a line
Ask me anything: An error occurred: EOF when reading a line
Ask me anything: An error occurred: EOF when reading a line
Ask me anything: An error occurred: EOF when reading a line
Ask me anything: An error occurred: EOF when reading a line
Ask me anything: An error occurred: EOF when reading a line
Ask me anything: An error occurred: EOF when reading a line
Ask me anything: An error occurred: EOF when reading a line
Ask me anything: An error occurred: EOF when reading a line
Ask me anything: An error occurred: EOF when reading a line
Ask me anything: An error occurred: EOF when reading a line
Ask me anything: An error occurred: EOF when reading a line
Ask me anything: An error occurred: EOF when reading a line
Ask me anything: An error occurred: EOF when reading a line
Ask me anything: An error occurred: EOF when reading a line
Ask me anything: An error occurred: EOF when reading a line
Ask me anything: An error occurred: EOF when reading a line
Ask me anything: An error occurred: EOF when reading a line
Ask me anything: An error occurred: EOF when reading a line
Ask me anything: An error occurred: EOF when reading a line
Ask me anything: An error occurred: EOF when reading a line
Ask me anything: An error occurred: EOF when reading a line
Ask me anything: An error occurred: EOF when reading a line
Ask me anything: An error occurred: EOF when reading a line
Ask me anything: An error occurred: EOF when reading a line
Ask me anything: An error occurred: EOF when reading a line
Ask me anything: An error occurred: EOF when reading a line
Ask me anything: An error occurred: EOF when reading a line
Ask me anything: An error occurred: EOF when reading a line
Ask me anything: An error occurred: EOF when reading a line
Ask me anything: An error occurred: EOF when reading a line
Ask me anything: An error occurred: EOF when reading a line
Ask me anything: An error occurred: EOF when reading a line
Ask me anything: An error occurred: EOF when reading a line
Ask me anything: An error occurred: EOF when reading a line
Ask me anything: An error occurred: EOF when reading a line
Ask me anything: An error occurred: EOF when reading a line
Ask me anything: An error occurred: EOF when reading a line
Ask me anything: An error occurred: EOF when reading a line
Ask me anything: An error occurred: EOF when reading a line
Ask me anything: An error occurred: EOF when reading a line
Ask me anything: An error occurred: EOF when reading a line
Ask me anything: An error occurred: EOF when reading a line
Ask me anything: An error occurred: EOF when reading a line
Ask me anything: An error occurred: EOF when reading a line
Ask me anything: An error occurred: EOF when reading a line
Ask me anything: An error occurred: EOF when reading a line
Ask me anything: An error occurred: EOF when reading a line
Ask me anything: An error occurred: EOF when reading a line
Ask me anything: An error occurred: EOF when reading a line
Ask me anything: An error occurred: EOF when reading a line
Ask me anything: An error occurred: EOF when reading a line
Ask me anything: An error occurred: EOF when reading a line
Ask me anything: An error occurred: EOF when reading a line
Ask me anything: An error occurred: EOF when reading a line
Ask me anything: An error occurred: EOF when reading a line
Ask me anything: An error occurred: EOF when reading a line
Ask me anything: An error occurred: EOF when reading a line
Ask me anything: An error occurred: EOF when reading a line
Ask me anything: An error occurred: EOF when reading a line
Ask me anything: An error occurred: EOF when reading a line
Ask me anything: An error occurred: EOF when reading a line
Ask me anything: An error occurred: EOF when reading a line
Ask me anything: An error occurred: EOF when reading a line
Ask me anything: An error occurred: EOF when reading a line
Ask me anything: An error occurred: EOF when reading a line
Ask me anything: An error occurred: EOF when reading a line
Ask me anything: An error occurred: EOF when reading a line
Ask me anything: An error occurred: EOF when reading a line
Ask me anything: An error occurred: EOF when reading a line
Ask me anything: An error occurred: EOF when reading a line
Ask me anything: An error occurred: EOF when reading a line
Ask me anything: An error occurred: EOF when reading a line
Ask me anything: An error occurred: EOF when reading a line
Ask me anything: An error occurred: EOF when reading a line
Ask me anything: An error occurred: EOF when reading a line
Ask me anything: An error occurred: EOF when reading a line
Ask me anything: An error occurred: EOF when reading a line
Ask me anything: An error occurred: EOF when reading a line
Ask me anything: An error occurred: EOF when reading a line
Ask me anything: An error occurred: EOF when reading a line
Ask me anything: An error occurred: EOF when reading a line
Ask me anything: An error occurred: EOF when reading a line
Ask me anything: An error occurred: EOF when reading a line
Ask me anything: An error occurred: EOF when reading a line
Ask me anything: An error occurred: EOF when reading a line
Ask me anything: An error occurred: EOF when reading a line
Ask me anything: An error occurred: EOF when reading a line
Ask me anything: An error occurred: EOF when reading a line
Ask me anything: An error occurred: EOF when reading a line
Ask me anything: An error occurred: EOF when reading a line
Ask me anything: An error occurred: EOF when reading a line
Ask me anything: An error occurred: EOF when reading a line
Ask me anything: An error occurred: EOF when reading a line
Ask me anything: An error occurred: EOF when reading a line
Ask me anything: An error occurred: EOF when reading a line
Ask me anything: An error occurred: EOF when reading a line
Ask me anything: An error occurred: EOF when reading a line
Ask me anything: An error occurred: EOF when reading a line
Ask me anything: An error occurred: EOF when reading a line
Ask me anything: An error occurred: EOF when reading a line
Ask me anything: An error occurred: EOF when reading a line
Ask me anything: An error occurred: EOF when reading a line
Ask me anything: An error occurred: EOF when reading a line
Ask me anything: An error occurred: EOF when reading a line
Ask me anything: An error occurred: EOF when reading a line
Ask me anything: An error occurred: EOF when reading a line
Ask me anything: An error occurred: EOF when reading a line
Ask me anything: An error occurred: EOF when reading a line
Ask me anything: An error occurred: EOF when reading a line
Ask me anything: An error occurred: EOF when reading a line
Ask me anything: An error occurred: EOF when reading a line
Ask me anything: An error occurred: EOF when reading a line
Ask me anything: An error occurred: EOF when reading a line
Ask me anything: An error occurred: EOF when reading a line
Ask me anything: An error occurred: EOF when reading a line
Ask me anything: An error occurred: EOF when reading a line
Ask me anything: An error occurred: EOF when reading a line
Ask me anything: An error occurred: EOF when reading a line
Ask me anything: An error occurred: EOF when reading a line
Ask me anything: An error occurred: EOF when reading a line
Ask me anything: An error occurred: EOF when reading a line
Ask me anything: An error occurred: EOF when reading a line
Ask me anything: An error occurred: EOF when reading a line
Ask me anything: An error occurred: EOF when reading a line
Ask me anything: An error occurred: EOF when reading a line
Ask me anything: An error occurred: EOF when reading a line
Ask me anything: An error occurred: EOF when reading a line
Ask me anything: An error occurred: EOF when reading a line
Ask me anything: An error occurred: EOF when reading a line
Ask me anything: An error occurred: EOF when reading a line
Ask me anything: An error occurred: EOF when reading a line
Ask me anything: An error occurred: EOF when reading a line
Ask me anything: An error occurred: EOF when reading a line
Ask me anything: An error occurred: EOF when reading a line
Ask me anything: An error occurred: EOF when reading a line
Ask me anything: An error occurred: EOF when reading a line
Ask me anything: An error occurred: EOF when reading a line
Ask me anything: An error occurred: EOF when reading a line
Ask me anything: An error occurred: EOF when reading a line
Ask me anything: An error occurred: EOF when reading a line
Ask me anything: An error occurred: EOF when reading a line
Ask me anything: An error occurred: EOF when reading a line
Ask me anything: An error occurred: EOF when reading a line
Ask me anything: An error occurred: EOF when reading a line
Ask me anything: An error occurred: EOF when reading a line
Ask me anything: An error occurred: EOF when reading a line
Ask me anything: An error occurred: EOF when reading a line
Ask me anything: An error occurred: EOF when reading a line
Ask me anything: An error occurred: EOF when reading a line
Ask me anything: An error occurred: EOF when reading a line
Ask me anything: An error occurred: EOF when reading a line
Ask me anything: An error occurred: EOF when reading a line
Ask me anything: An error occurred: EOF when reading a line
Ask me anything: An error occurred: EOF when reading a line
Ask me anything: An error occurred: EOF when reading a line
Ask me anything: An error occurred: EOF when reading a line
Ask me anything: An error occurred: EOF when reading a line
Ask me anything: An error occurred: EOF when reading a line
Ask me anything: An error occurred: EOF when reading a line
Ask me anything: An error occurred: EOF when reading a line
Ask me anything: An error occurred: EOF when reading a line
Ask me anything: An error occurred: EOF when reading a line
Ask me anything: An error occurred: EOF when reading a line
Ask me anything: An error occurred: EOF when reading a line
Ask me anything: An error occurred: EOF when reading a line
Ask me anything: An error occurred: EOF when reading a line
Ask me anything: An error occurred: EOF when reading a line
Ask me anything: An error occurred: EOF when reading a line
Ask me anything: An error occurred: EOF when reading a line
Ask me anything: An error occurred: EOF when reading a line
Ask me anything: An error occurred: EOF when reading a line
Ask me anything: An error occurred: EOF when reading a line
Ask me anything: An error occurred: EOF when reading a line
Ask me anything: An error occurred: EOF when reading a line
Ask me anything: An error occurred: EOF when reading a line
Ask me anything: An error occurred: EOF when reading a line
Ask me anything: An error occurred: EOF when reading a line
Ask me anything: An error occurred: EOF when reading a line
Ask me anything: An error occurred: EOF when reading a line
Ask me anything: An error occurred: EOF when reading a line
Ask me anything: An error occurred: EOF when reading a line
Ask me anything: An error occurred: EOF when reading a line
Ask me anything: An error occurred: EOF when reading a line
Ask me anything: An error occurred: EOF when reading a line
Ask me anything: An error occurred: EOF when reading a line
Ask me anything: An error occurred: EOF when reading a line
Ask me anything: An error occurred: EOF when reading a line
Ask me anything: An error occurred: EOF when reading a line
Ask me anything: An error occurred: EOF when reading a line
Ask me anything: An error occurred: EOF when reading a line
Ask me anything: An error occurred: EOF when reading a line
Ask me anything: An error occurred: EOF when reading a line
Ask me anything: An error occurred: EOF when reading a line
Ask me anything: An error occurred: EOF when reading a line
Ask me anything: An error occurred: EOF when reading a line
Ask me anything: An error occurred: EOF when reading a line
Ask me anything: An error occurred: EOF when reading a line
Ask me anything: An error occurred: EOF when reading a line
Ask me anything: An error occurred: EOF when reading a line
Ask me anything: An error occurred: EOF when reading a line
Ask me anything: An error occurred: EOF when reading a line
Ask me anything: An error occurred: EOF when reading a line
Ask me anything: An error occurred: EOF when reading a line
Ask me anything: An error occurred: EOF when reading a line
Ask me anything: An error occurred: EOF when reading a line
Ask me anything: An error occurred: EOF when reading a line
Ask me anything: An error occurred: EOF when reading a line
Ask me anything: An error occurred: EOF when reading a line
Ask me anything: An error occurred: EOF when reading a line
Ask me anything: An error occurred: EOF when reading a line
Ask me anything: An error occurred: EOF when reading a line
Ask me anything: An error occurred: EOF when reading a line
Ask me anything: An error occurred: EOF when reading a line
Ask me anything: An error occurred: EOF when reading a line
Ask me anything: An error occurred: EOF when reading a line
Ask me anything: An error occurred: EOF when reading a line
Ask me anything: An error occurred: EOF when reading a line
Ask me anything: An error occurred: EOF when reading a line
Ask me anything: An error occurred: EOF when reading a line
Ask me anything: An error occurred: EOF when reading a line
Ask me anything: An error occurred: EOF when reading a line
Ask me anything: An error occurred: EOF when reading a line
Ask me anything: An error occurred: EOF when reading a line
Ask me anything: An error occurred: EOF when reading a line
Ask me anything: An error occurred: EOF when reading a line
Ask me anything: An error occurred: EOF when reading a line
Ask me anything: An error occurred: EOF when reading a line
Ask me anything: An error occurred: EOF when reading a line
Ask me anything: An error occurred: EOF when reading a line
Ask me anything: An error occurred: EOF when reading a line
Ask me anything: An error occurred: EOF when reading a line
Ask me anything: An error occurred: EOF when reading a line
Ask me anything: An error occurred: EOF when reading a line
Ask me anything: An error occurred: EOF when reading a line
Ask me anything: An error occurred: EOF when reading a line
Ask me anything: An error occurred: EOF when reading a line
Ask me anything: An error occurred: EOF when reading a line
Ask me anything: An error occurred: EOF when reading a line
Ask me anything: An error occurred: EOF when reading a line
Ask me anything: An error occurred: EOF when reading a line
Ask me anything: An error occurred: EOF when reading a line
Ask me anything: An error occurred: EOF when reading a line
Ask me anything: An error occurred: EOF when reading a line
Ask me anything: An error occurred: EOF when reading a line
Ask me anything: An error occurred: EOF when reading a line
Ask me anything: An error occurred: EOF when reading a line
Ask me anything: An error occurred: EOF when reading a line
Ask me anything: An error occurred: EOF when reading a line
Ask me anything: An error occurred: EOF when reading a line
Ask me anything: An error occurred: EOF when reading a line
Ask me anything: An error occurred: EOF when reading a line
Ask me anything: An error occurred: EOF when reading a line
Ask me anything: An error occurred: EOF when reading a line
Ask me anything: An error occurred: EOF when reading a line
Ask me anything: An error occurred: EOF when reading a line
Ask me anything: An error occurred: EOF when reading a line
Ask me anything: An error occurred: EOF when reading a line
Ask me anything: An error occurred: EOF when reading a line
Ask me anything: An error occurred: EOF when reading a line
Ask me anything: An error occurred: EOF when reading a line
Ask me anything: An error occurred: EOF when reading a line
Ask me anything: An error occurred: EOF when reading a line
Ask me anything: An error occurred: EOF when reading a line
Ask me anything: An error occurred: EOF when reading a line
Ask me anything: An error occurred: EOF when reading a line
Ask me anything: An error occurred: EOF when reading a line
Ask me anything: An error occurred: EOF when reading a line
Ask me anything: An error occurred: EOF when reading a line
Ask me anything: An error occurred: EOF when reading a line
Ask me anything: An error occurred: EOF when reading a line
Ask me anything: An error occurred: EOF when reading a line
Ask me anything: An error occurred: EOF when reading a line
Ask me anything: An error occurred: EOF when reading a line
Ask me anything: An error occurred: EOF when reading a line
Ask me anything: An error occurred: EOF when reading a line
Ask me anything: An error occurred: EOF when reading a line
Ask me anything: An error occurred: EOF when reading a line
Ask me anything: An error occurred: EOF when reading a line
Ask me anything: An error occurred: EOF when reading a line
Ask me anything: An error occurred: EOF when reading a line
Ask me anything: An error occurred: EOF when reading a line
Ask me anything: An error occurred: EOF when reading a line
Ask me anything: An error occurred: EOF when reading a line
Ask me anything: An error occurred: EOF when reading a line
Ask me anything: An error occurred: EOF when reading a line
Ask me anything: An error occurred: EOF when reading a line
Ask me anything: An error occurred: EOF when reading a line
Ask me anything: An error occurred: EOF when reading a line
Ask me anything: An error occurred: EOF when reading a line
Ask me anything: An error occurred: EOF when reading a line
Ask me anything: An error occurred: EOF when reading a line
Ask me anything: An error occurred: EOF when reading a line
Ask me anything: An error occurred: EOF when reading a line
Ask me anything: An error occurred: EOF when reading a line
Ask me anything: An error occurred: EOF when reading a line
Ask me anything: An error occurred: EOF when reading a line
Ask me anything: An error occurred: EOF when reading a line
Ask me anything: An error occurred: EOF when reading a line
Ask me anything: An error occurred: EOF when reading a line
Ask me anything: An error occurred: EOF when reading a line
Ask me anything: An error occurred: EOF when reading a line
Ask me anything: An error occurred: EOF when reading a line
Ask me anything: An error occurred: EOF when reading a line
Ask me anything: An error occurred: EOF when reading a line
Ask me anything: An error occurred: EOF when reading a line
Ask me anything: An error occurred: EOF when reading a line
Ask me anything: An error occurred: EOF when reading a line
Ask me anything: An error occurred: EOF when reading a line
Ask me anything: An error occurred: EOF when reading a line
Ask me anything: An error occurred: EOF when reading a line
Ask me anything: An error occurred: EOF when reading a line
Ask me anything: An error occurred: EOF when reading a line
Ask me anything: An error occurred: EOF when reading a line
Ask me anything: An error occurred: EOF when reading a line
Ask me anything: An error occurred: EOF when reading a line
Ask me anything: An error occurred: EOF when reading a line
Ask me anything: An error occurred: EOF when reading a line
Ask me anything: An error occurred: EOF when reading a line
Ask me anything: An error occurred: EOF when reading a line
Ask me anything: An error occurred: EOF when reading a line
Ask me anything: An error occurred: EOF when reading a line
Ask me anything: An error occurred: EOF when reading a line
Ask me anything: An error occurred: EOF when reading a line
Ask me anything: An error occurred: EOF when reading a line
Ask me anything: An error occurred: EOF when reading a line
Ask me anything: An error occurred: EOF when reading a line
Ask me anything: An error occurred: EOF when reading a line
Ask me anything: An error occurred: EOF when reading a line
Ask me anything: An error occurred: EOF when reading a line
Ask me anything: An error occurred: EOF when reading a line
Ask me anything: An error occurred: EOF when reading a line
Ask me anything: An error occurred: EOF when reading a line
Ask me anything: An error occurred: EOF when reading a line
Ask me anything: An error occurred: EOF when reading a line
Ask me anything: An error occurred: EOF when reading a line
Ask me anything: An error occurred: EOF when reading a line
Ask me anything: An error occurred: EOF when reading a line
Ask me anything: An error occurred: EOF when reading a line
Ask me anything: An error occurred: EOF when reading a line
Ask me anything: An error occurred: EOF when reading a line
Ask me anything: An error occurred: EOF when reading a line
Ask me anything: An error occurred: EOF when reading a line
Ask me anything: An error occurred: EOF when reading a line
Ask me anything: An error occurred: EOF when reading a line
Ask me anything: An error occurred: EOF when reading a line
Ask me anything: An error occurred: EOF when reading a line
Ask me anything: An error occurred: EOF when reading a line
Ask me anything: An error occurred: EOF when reading a line
Ask me anything: An error occurred: EOF when reading a line
Ask me anything: An error occurred: EOF when reading a line
Ask me anything: An error occurred: EOF when reading a line
Ask me anything: An error occurred: EOF when reading a line
Ask me anything: An error occurred: EOF when reading a line
Ask me anything: An error occurred: EOF when reading a line
Ask me anything: An error occurred: EOF when reading a line
Ask me anything: An error occurred: EOF when reading a line
Ask me anything: An error occurred: EOF when reading a line
Ask me anything: An error occurred: EOF when reading a line
Ask me anything: An error occurred: EOF when reading a line
Ask me anything: An error occurred: EOF when reading a line
Ask me anything: An error occurred: EOF when reading a line
Ask me anything: An error occurred: EOF when reading a line
Ask me anything: An error occurred: EOF when reading a line
Ask me anything: An error occurred: EOF when reading a line
Ask me anything: An error occurred: EOF when reading a line
Ask me anything: An error occurred: EOF when reading a line
Ask me anything: An error occurred: EOF when reading a line
Ask me anything: An error occurred: EOF when reading a line
Ask me anything: An error occurred: EOF when reading a line
Ask me anything: An error occurred: EOF when reading a line
Ask me anything: An error occurred: EOF when reading a line
Ask me anything: An error occurred: EOF when reading a line
Ask me anything: An error occurred: EOF when reading a line
Ask me anything: An error occurred: EOF when reading a line
Ask me anything: An error occurred: EOF when reading a line
Ask me anything: An error occurred: EOF when reading a line
Ask me anything: An error occurred: EOF when reading a line
Ask me anything: An error occurred: EOF when reading a line
Ask me anything: An error occurred: EOF when reading a line
Ask me anything: An error occurred: EOF when reading a line
Ask me anything: An error occurred: EOF when reading a line
Ask me anything: An error occurred: EOF when reading a line
Ask me anything: An error occurred: EOF when reading a line
Ask me anything: An error occurred: EOF when reading a line
Ask me anything: An error occurred: EOF when reading a line
Ask me anything: An error occurred: EOF when reading a line
Ask me anything: An error occurred: EOF when reading a line
Ask me anything: An error occurred: EOF when reading a line
Ask me anything: An error occurred: EOF when reading a line
Ask me anything: An error occurred: EOF when reading a line
Ask me anything: An error occurred: EOF when reading a line
Ask me anything: An error occurred: EOF when reading a line
Ask me anything: An error occurred: EOF when reading a line
Ask me anything: An error occurred: EOF when reading a line
Ask me anything: An error occurred: EOF when reading a line
Ask me anything: An error occurred: EOF when reading a line
Ask me anything: An error occurred: EOF when reading a line
Ask me anything: An error occurred: EOF when reading a line
Ask me anything: An error occurred: EOF when reading a line
Ask me anything: An error occurred: EOF when reading a line
Ask me anything: An error occurred: EOF when reading a line
Ask me anything: An error occurred: EOF when reading a line
Ask me anything: An error occurred: EOF when reading a line
Ask me anything: An error occurred: EOF when reading a line
Ask me anything: An error occurred: EOF when reading a line
Ask me anything: An error occurred: EOF when reading a line
Ask me anything: An error occurred: EOF when reading a line
Ask me anything: An error occurred: EOF when reading a line
Ask me anything: An error occurred: EOF when reading a line
Ask me anything: An error occurred: EOF when reading a line
Ask me anything: An error occurred: EOF when reading a line
Ask me anything: An error occurred: EOF when reading a line
Ask me anything: An error occurred: EOF when reading a line
Ask me anything: An error occurred: EOF when reading a line
Ask me anything: An error occurred: EOF when reading a line
Ask me anything: An error occurred: EOF when reading a line
Ask me anything: An error occurred: EOF when reading a line
Ask me anything: An error occurred: EOF when reading a line
Ask me anything: An error occurred: EOF when reading a line
Ask me anything: An error occurred: EOF when reading a line
Ask me anything: An error occurred: EOF when reading a line
Ask me anything: An error occurred: EOF when reading a line
Ask me anything: An error occurred: EOF when reading a line
Ask me anything: An error occurred: EOF when reading a line
Ask me anything: An error occurred: EOF when reading a line
Ask me anything: An error occurred: EOF when reading a line
Ask me anything: An error occurred: EOF when reading a line
Ask me anything: An error occurred: EOF when reading a line
Ask me anything: An error occurred: EOF when reading a line
Ask me anything: An error occurred: EOF when reading a line
Ask me anything: An error occurred: EOF when reading a line
Ask me anything: An error occurred: EOF when reading a line
Ask me anything: An error occurred: EOF when reading a line
Ask me anything: An error occurred: EOF when reading a line
Ask me anything: An error occurred: EOF when reading a line
Ask me anything: An error occurred: EOF when reading a line
Ask me anything: An error occurred: EOF when reading a line
Ask me anything: An error occurred: EOF when reading a line
Ask me anything: An error occurred: EOF when reading a line
Ask me anything: An error occurred: EOF when reading a line
Ask me anything: An error occurred: EOF when reading a line
Ask me anything: An error occurred: EOF when reading a line
Ask me anything: An error occurred: EOF when reading a line
Ask me anything: An error occurred: EOF when reading a line
Ask me anything: An error occurred: EOF when reading a line
Ask me anything: An error occurred: EOF when reading a line
Ask me anything: An error occurred: EOF when reading a line
Ask me anything: An error occurred: EOF when reading a line
Ask me anything: An error occurred: EOF when reading a line
Ask me anything: An error occurred: EOF when reading a line
Ask me anything: An error occurred: EOF when reading a line
Ask me anything: An error occurred: EOF when reading a line
Ask me anything: An error occurred: EOF when reading a line
Ask me anything: An error occurred: EOF when reading a line
Ask me anything: An error occurred: EOF when reading a line
Ask me anything: An error occurred: EOF when reading a line
Ask me anything: An error occurred: EOF when reading a line
Ask me anything: An error occurred: EOF when reading a line
Ask me anything: An error occurred: EOF when reading a line
Ask me anything: An error occurred: EOF when reading a line
Ask me anything: An error occurred: EOF when reading a line
Ask me anything: An error occurred: EOF when reading a line
Ask me anything: An error occurred: EOF when reading a line
Ask me anything: An error occurred: EOF when reading a line
Ask me anything: An error occurred: EOF when reading a line
Ask me anything: An error occurred: EOF when reading a line
Ask me anything: An error occurred: EOF when reading a line
Ask me anything: An error occurred: EOF when reading a line
Ask me anything: An error occurred: EOF when reading a line
Ask me anything: An error occurred: EOF when reading a line
Ask me anything: An error occurred: EOF when reading a line
Ask me anything: An error occurred: EOF when reading a line
Ask me anything: An error occurred: EOF when reading a line
Ask me anything: An error occurred: EOF when reading a line
Ask me anything: An error occurred: EOF when reading a line
Ask me anything: An error occurred: EOF when reading a line
Ask me anything: An error occurred: EOF when reading a line
Ask me anything: An error occurred: EOF when reading a line
Ask me anything: An error occurred: EOF when reading a line
Ask me anything: An error occurred: EOF when reading a line
Ask me anything: An error occurred: EOF when reading a line
Ask me anything: An error occurred: EOF when reading a line
Ask me anything: An error occurred: EOF when reading a line
Ask me anything: An error occurred: EOF when reading a line
Ask me anything: An error occurred: EOF when reading a line
Ask me anything: An error occurred: EOF when reading a line
Ask me anything: An error occurred: EOF when reading a line
Ask me anything: An error occurred: EOF when reading a line
Ask me anything: An error occurred: EOF when reading a line
Ask me anything: An error occurred: EOF when reading a line
Ask me anything: An error occurred: EOF when reading a line
Ask me anything: An error occurred: EOF when reading a line
Ask me anything: An error occurred: EOF when reading a line
Ask me anything: An error occurred: EOF when reading a line
Ask me anything: An error occurred: EOF when reading a line
Ask me anything: An error occurred: EOF when reading a line
Ask me anything: An error occurred: EOF when reading a line
Ask me anything: An error occurred: EOF when reading a line
Ask me anything: An error occurred: EOF when reading a line
Ask me anything: An error occurred: EOF when reading a line
Ask me anything: An error occurred: EOF when reading a line
Ask me anything: An error occurred: EOF when reading a line
Ask me anything: An error occurred: EOF when reading a line
Ask me anything: An error occurred: EOF when reading a line
Ask me anything: An error occurred: EOF when reading a line
Ask me anything: An error occurred: EOF when reading a line
Ask me anything: An error occurred: EOF when reading a line
Ask me anything: An error occurred: EOF when reading a line
Ask me anything: An error occurred: EOF when reading a line
Ask me anything: An error occurred: EOF when reading a line
Ask me anything: An error occurred: EOF when reading a line
Ask me anything: An error occurred: EOF when reading a line
Ask me anything: An error occurred: EOF when reading a line
Ask me anything: An error occurred: EOF when reading a line
Ask me anything: An error occurred: EOF when reading a line
Ask me anything: An error occurred: EOF when reading a line
Ask me anything: An error occurred: EOF when reading a line
Ask me anything: An error occurred: EOF when reading a line
Ask me anything: An error occurred: EOF when reading a line
Ask me anything: An error occurred: EOF when reading a line
Ask me anything: An error occurred: EOF when reading a line
Ask me anything: An error occurred: EOF when reading a line
Ask me anything: An error occurred: EOF when reading a line
Ask me anything: An error occurred: EOF when reading a line
Ask me anything: An error occurred: EOF when reading a line
Ask me anything: An error occurred: EOF when reading a line
Ask me anything: An error occurred: EOF when reading a line
Ask me anything: An error occurred: EOF when reading a line
Ask me anything: An error occurred: EOF when reading a line
Ask me anything: An error occurred: EOF when reading a line
Ask me anything: An error occurred: EOF when reading a line
Ask me anything: An error occurred: EOF when reading a line
Ask me anything: An error occurred: EOF when reading a line
Ask me anything: An error occurred: EOF when reading a line
Ask me anything: An error occurred: EOF when reading a line
Ask me anything: An error occurred: EOF when reading a line
Ask me anything: An error occurred: EOF when reading a line
Ask me anything: An error occurred: EOF when reading a line
Ask me anything: An error occurred: EOF when reading a line
Ask me anything: An error occurred: EOF when reading a line
Ask me anything: An error occurred: EOF when reading a line
Ask me anything: An error occurred: EOF when reading a line
Ask me anything: An error occurred: EOF when reading a line
Ask me anything: An error occurred: EOF when reading a line
Ask me anything: An error occurred: EOF when reading a line
Ask me anything: An error occurred: EOF when reading a line
Ask me anything: An error occurred: EOF when reading a line
Ask me anything: An error occurred: EOF when reading a line
Ask me anything: An error occurred: EOF when reading a line
Ask me anything: An error occurred: EOF when reading a line
Ask me anything: An error occurred: EOF when reading a line
Ask me anything: An error occurred: EOF when reading a line
Ask me anything: An error occurred: EOF when reading a line
Ask me anything: An error occurred: EOF when reading a line
Ask me anything: An error occurred: EOF when reading a line
Ask me anything: An error occurred: EOF when reading a line
Ask me anything: An error occurred: EOF when reading a line
Ask me anything: An error occurred: EOF when reading a line
Ask me anything: An error occurred: EOF when reading a line
Ask me anything: An error occurred: EOF when reading a line
Ask me anything: An error occurred: EOF when reading a line
Ask me anything: An error occurred: EOF when reading a line
Ask me anything: An error occurred: EOF when reading a line
Ask me anything: An error occurred: EOF when reading a line
Ask me anything: An error occurred: EOF when reading a line
Ask me anything: An error occurred: EOF when reading a line
Ask me anything: An error occurred: EOF when reading a line
Ask me anything: An error occurred: EOF when reading a line
Ask me anything: An error occurred: EOF when reading a line
Ask me anything: An error occurred: EOF when reading a line
Ask me anything: An error occurred: EOF when reading a line
Ask me anything: An error occurred: EOF when reading a line
Ask me anything: An error occurred: EOF when reading a line
Ask me anything: An error occurred: EOF when reading a line
Ask me anything: An error occurred: EOF when reading a line
Ask me anything: An error occurred: EOF when reading a line
Ask me anything: An error occurred: EOF when reading a line
Ask me anything: An error occurred: EOF when reading a line
Ask me anything: An error occurred: EOF when reading a line
Ask me anything: An error occurred: EOF when reading a line
Ask me anything: An error occurred: EOF when reading a line
Ask me anything: An error occurred: EOF when reading a line
Ask me anything: An error occurred: EOF when reading a line
Ask me anything: An error occurred: EOF when reading a line
Ask me anything: An error occurred: EOF when reading a line
Ask me anything: An error occurred: EOF when reading a line
Ask me anything: An error occurred: EOF when reading a line
Ask me anything: An error occurred: EOF when reading a line
Ask me anything: An error occurred: EOF when reading a line
Ask me anything: An error occurred: EOF when reading a line
Ask me anything: An error occurred: EOF when reading a line
Ask me anything: An error occurred: EOF when reading a line
Ask me anything: An error occurred: EOF when reading a line
Ask me anything: An error occurred: EOF when reading a line
Ask me anything: An error occurred: EOF when reading a line
Ask me anything: An error occurred: EOF when reading a line
Ask me anything: An error occurred: EOF when reading a line
Ask me anything: An error occurred: EOF when reading a line
Ask me anything: An error occurred: EOF when reading a line
Ask me anything: An error occurred: EOF when reading a line
Ask me anything: An error occurred: EOF when reading a line
Ask me anything: An error occurred: EOF when reading a line
Ask me anything: An error occurred: EOF when reading a line
Ask me anything: An error occurred: EOF when reading a line
Ask me anything: An error occurred: EOF when reading a line
Ask me anything: An error occurred: EOF when reading a line
Ask me anything: An error occurred: EOF when reading a line
Ask me anything: An error occurred: EOF when reading a line
Ask me anything: An error occurred: EOF when reading a line
Ask me anything: An error occurred: EOF when reading a line
Ask me anything: An error occurred: EOF when reading a line
Ask me anything: An error occurred: EOF when reading a line
Ask me anything: An error occurred: EOF when reading a line
Ask me anything: An error occurred: EOF when reading a line
Ask me anything: An error occurred: EOF when reading a line
Ask me anything: An error occurred: EOF when reading a line
Ask me anything: An error occurred: EOF when reading a line
Ask me anything: An error occurred: EOF when reading a line
Ask me anything: An error occurred: EOF when reading a line
Ask me anything: An error occurred: EOF when reading a line
Ask me anything: An error occurred: EOF when reading a line
Ask me anything: An error occurred: EOF when reading a line
Ask me anything: An error occurred: EOF when reading a line
Ask me anything: An error occurred: EOF when reading a line
Ask me anything: An error occurred: EOF when reading a line
Ask me anything: An error occurred: EOF when reading a line
Ask me anything: An error occurred: EOF when reading a line
Ask me anything: An error occurred: EOF when reading a line
Ask me anything: An error occurred: EOF when reading a line
Ask me anything: An error occurred: EOF when reading a line
Ask me anything: An error occurred: EOF when reading a line
Ask me anything: An error occurred: EOF when reading a line
Ask me anything: An error occurred: EOF when reading a line
Ask me anything: An error occurred: EOF when reading a line
Ask me anything: An error occurred: EOF when reading a line
Ask me anything: An error occurred: EOF when reading a line
Ask me anything: An error occurred: EOF when reading a line
Ask me anything: An error occurred: EOF when reading a line
Ask me anything: An error occurred: EOF when reading a line
Ask me anything: An error occurred: EOF when reading a line
Ask me anything: An error occurred: EOF when reading a line
Ask me anything: An error occurred: EOF when reading a line
Ask me anything: An error occurred: EOF when reading a line
Ask me anything: An error occurred: EOF when reading a line
Ask me anything: An error occurred: EOF when reading a line
Ask me anything: An error occurred: EOF when reading a line
Ask me anything: An error occurred: EOF when reading a line
Ask me anything: An error occurred: EOF when reading a line
Ask me anything: An error occurred: EOF when reading a line
Ask me anything: An error occurred: EOF when reading a line
Ask me anything: An error occurred: EOF when reading a line
Ask me anything: An error occurred: EOF when reading a line
Ask me anything: An error occurred: EOF when reading a line
Ask me anything: An error occurred: EOF when reading a line
Ask me anything: An error occurred: EOF when reading a line
Ask me anything: An error occurred: EOF when reading a line
Ask me anything: An error occurred: EOF when reading a line
Ask me anything: An error occurred: EOF when reading a line
Ask me anything: An error occurred: EOF when reading a line
Ask me anything: An error occurred: EOF when reading a line
Ask me anything: An error occurred: EOF when reading a line
Ask me anything: An error occurred: EOF when reading a line
Ask me anything: An error occurred: EOF when reading a line
Ask me anything: An error occurred: EOF when reading a line
Ask me anything: An error occurred: EOF when reading a line
Ask me anything: An error occurred: EOF when reading a line
Ask me anything: An error occurred: EOF when reading a line
Ask me anything: An error occurred: EOF when reading a line
Ask me anything: An error occurred: EOF when reading a line
Ask me anything: An error occurred: EOF when reading a line
Ask me anything: An error occurred: EOF when reading a line
Ask me anything: An error occurred: EOF when reading a line
Ask me anything: An error occurred: EOF when reading a line
Ask me anything: An error occurred: EOF when reading a line
Ask me anything: An error occurred: EOF when reading a line
Ask me anything: An error occurred: EOF when reading a line
Ask me anything: An error occurred: EOF when reading a line
Ask me anything: An error occurred: EOF when reading a line
Ask me anything: An error occurred: EOF when reading a line
Ask me anything: An error occurred: EOF when reading a line
Ask me anything: An error occurred: EOF when reading a line
Ask me anything: An error occurred: EOF when reading a line
Ask me anything: An error occurred: EOF when reading a line
Ask me anything: An error occurred: EOF when reading a line
Ask me anything: An error occurred: EOF when reading a line
Ask me anything: An error occurred: EOF when reading a line
Ask me anything: An error occurred: EOF when reading a line
Ask me anything: An error occurred: EOF when reading a line
Ask me anything: An error occurred: EOF when reading a line
Ask me anything: An error occurred: EOF when reading a line
Ask me anything: An error occurred: EOF when reading a line
Ask me anything: An error occurred: EOF when reading a line
Ask me anything: An error occurred: EOF when reading a line
Ask me anything: An error occurred: EOF when reading a line
Ask me anything: An error occurred: EOF when reading a line
Ask me anything: An error occurred: EOF when reading a line
Ask me anything: An error occurred: EOF when reading a line
Ask me anything: An error occurred: EOF when reading a line
Ask me anything: An error occurred: EOF when reading a line
Ask me anything: An error occurred: EOF when reading a line
Ask me anything: An error occurred: EOF when reading a line
Ask me anything: An error occurred: EOF when reading a line
Ask me anything: An error occurred: EOF when reading a line
Ask me anything: An error occurred: EOF when reading a line
Ask me anything: An error occurred: EOF when reading a line
Ask me anything: An error occurred: EOF when reading a line
Ask me anything: An error occurred: EOF when reading a line
Ask me anything: An error occurred: EOF when reading a line
Ask me anything: An error occurred: EOF when reading a line
Ask me anything: An error occurred: EOF when reading a line
Ask me anything: An error occurred: EOF when reading a line
Ask me anything: An error occurred: EOF when reading a line
Ask me anything: An error occurred: EOF when reading a line
Ask me anything: An error occurred: EOF when reading a line
Ask me anything: An error occurred: EOF when reading a line
Ask me anything: An error occurred: EOF when reading a line
Ask me anything: An error occurred: EOF when reading a line
Ask me anything: An error occurred: EOF when reading a line
Ask me anything: An error occurred: EOF when reading a line
Ask me anything: An error occurred: EOF when reading a line
Ask me anything: An error occurred: EOF when reading a line
Ask me anything: An error occurred: EOF when reading a line
Ask me anything: An error occurred: EOF when reading a line
Ask me anything: An error occurred: EOF when reading a line
Ask me anything: An error occurred: EOF when reading a line
Ask me anything: An error occurred: EOF when reading a line
Ask me anything: An error occurred: EOF when reading a line
Ask me anything: An error occurred: EOF when reading a line
Ask me anything: An error occurred: EOF when reading a line
Ask me anything: An error occurred: EOF when reading a line
Ask me anything: An error occurred: EOF when reading a line
Ask me anything: An error occurred: EOF when reading a line
Ask me anything: An error occurred: EOF when reading a line
Ask me anything: An error occurred: EOF when reading a line
Ask me anything: An error occurred: EOF when reading a line
Ask me anything: An error occurred: EOF when reading a line
Ask me anything: An error occurred: EOF when reading a line
Ask me anything: An error occurred: EOF when reading a line
Ask me anything: An error occurred: EOF when reading a line
Ask me anything: An error occurred: EOF when reading a line
Ask me anything: An error occurred: EOF when reading a line
Ask me anything: An error occurred: EOF when reading a line
Ask me anything: An error occurred: EOF when reading a line
Ask me anything: An error occurred: EOF when reading a line
Ask me anything: An error occurred: EOF when reading a line
Ask me anything: An error occurred: EOF when reading a line
Ask me anything: An error occurred: EOF when reading a line
Ask me anything: An error occurred: EOF when reading a line
Ask me anything: An error occurred: EOF when reading a line
Ask me anything: An error occurred: EOF when reading a line
Ask me anything: An error occurred: EOF when reading a line
Ask me anything: An error occurred: EOF when reading a line
Ask me anything: An error occurred: EOF when reading a line
Ask me anything: An error occurred: EOF when reading a line
Ask me anything: An error occurred: EOF when reading a line
Ask me anything: An error occurred: EOF when reading a line
Ask me anything: An error occurred: EOF when reading a line
Ask me anything: An error occurred: EOF when reading a line
Ask me anything: An error occurred: EOF when reading a line
Ask me anything: An error occurred: EOF when reading a line
Ask me anything: An error occurred: EOF when reading a line
Ask me anything: An error occurred: EOF when reading a line
Ask me anything: An error occurred: EOF when reading a line
Ask me anything: An error occurred: EOF when reading a line
Ask me anything: An error occurred: EOF when reading a line
Ask me anything: An error occurred: EOF when reading a line
Ask me anything: An error occurred: EOF when reading a line
Ask me anything: An error occurred: EOF when reading a line
Ask me anything: An error occurred: EOF when reading a line
Ask me anything: An error occurred: EOF when reading a line
Ask me anything: An error occurred: EOF when reading a line
Ask me anything: An error occurred: EOF when reading a line
Ask me anything: An error occurred: EOF when reading a line
Ask me anything: An error occurred: EOF when reading a line
Ask me anything: An error occurred: EOF when reading a line
Ask me anything: An error occurred: EOF when reading a line
Ask me anything: An error occurred: EOF when reading a line
Ask me anything: An error occurred: EOF when reading a line
Ask me anything: An error occurred: EOF when reading a line
Ask me anything: An error occurred: EOF when reading a line
Ask me anything: An error occurred: EOF when reading a line
Ask me anything: An error occurred: EOF when reading a line
Ask me anything: An error occurred: EOF when reading a line
Ask me anything: An error occurred: EOF when reading a line
Ask me anything: An error occurred: EOF when reading a line
Ask me anything: An error occurred: EOF when reading a line
Ask me anything: An error occurred: EOF when reading a line
Ask me anything: An error occurred: EOF when reading a line
Ask me anything: An error occurred: EOF when reading a line
Ask me anything: An error occurred: EOF when reading a line
Ask me anything: An error occurred: EOF when reading a line
Ask me anything: An error occurred: EOF when reading a line
Ask me anything: An error occurred: EOF when reading a line
Ask me anything: An error occurred: EOF when reading a line
Ask me anything: An error occurred: EOF when reading a line
Ask me anything: An error occurred: EOF when reading a line
Ask me anything: An error occurred: EOF when reading a line
Ask me anything: An error occurred: EOF when reading a line
Ask me anything: An error occurred: EOF when reading a line
Ask me anything: An error occurred: EOF when reading a line
Ask me anything: An error occurred: EOF when reading a line
Ask me anything: An error occurred: EOF when reading a line
Ask me anything: An error occurred: EOF when reading a line
Ask me anything: An error occurred: EOF when reading a line
Ask me anything: An error occurred: EOF when reading a line
Ask me anything: An error occurred: EOF when reading a line
Ask me anything: An error occurred: EOF when reading a line
Ask me anything: An error occurred: EOF when reading a line
Ask me anything: An error occurred: EOF when reading a line
Ask me anything: An error occurred: EOF when reading a line
Ask me anything: An error occurred: EOF when reading a line
Ask me anything: An error occurred: EOF when reading a line
Ask me anything: An error occurred: EOF when reading a line
Ask me anything: An error occurred: EOF when reading a line
Ask me anything: An error occurred: EOF when reading a line
Ask me anything: An error occurred: EOF when reading a line
Ask me anything: An error occurred: EOF when reading a line
Ask me anything: An error occurred: EOF when reading a line
Ask me anything: An error occurred: EOF when reading a line
Ask me anything: An error occurred: EOF when reading a line
Ask me anything: An error occurred: EOF when reading a line
Ask me anything: An error occurred: EOF when reading a line
Ask me anything: An error occurred: EOF when reading a line
Ask me anything: An error occurred: EOF when reading a line
Ask me anything: An error occurred: EOF when reading a line
Ask me anything: An error occurred: EOF when reading a line
Ask me anything: An error occurred: EOF when reading a line
Ask me anything: An error occurred: EOF when reading a line
Ask me anything: An error occurred: EOF when reading a line
Ask me anything: An error occurred: EOF when reading a line
Ask me anything: An error occurred: EOF when reading a line
Ask me anything: An error occurred: EOF when reading a line
Ask me anything: An error occurred: EOF when reading a line
Ask me anything: An error occurred: EOF when reading a line
Ask me anything: An error occurred: EOF when reading a line
Ask me anything: An error occurred: EOF when reading a line
Ask me anything: An error occurred: EOF when reading a line
Ask me anything: An error occurred: EOF when reading a line
Ask me anything: An error occurred: EOF when reading a line
Ask me anything: An error occurred: EOF when reading a line
Ask me anything: An error occurred: EOF when reading a line
Ask me anything: An error occurred: EOF when reading a line
Ask me anything: An error occurred: EOF when reading a line
Ask me anything: An error occurred: EOF when reading a line
Ask me anything: An error occurred: EOF when reading a line
Ask me anything: An error occurred: EOF when reading a line
Ask me anything: An error occurred: EOF when reading a line
Ask me anything: An error occurred: EOF when reading a line
Ask me anything: An error occurred: EOF when reading a line
Ask me anything: An error occurred: EOF when reading a line
Ask me anything: An error occurred: EOF when reading a line
Ask me anything: An error occurred: EOF when reading a line
Ask me anything: An error occurred: EOF when reading a line
Ask me anything: An error occurred: EOF when reading a line
Ask me anything: An error occurred: EOF when reading a line
Ask me anything: An error occurred: EOF when reading a line
Ask me anything: An error occurred: EOF when reading a line
Ask me anything: An error occurred: EOF when reading a line
Ask me anything: An error occurred: EOF when reading a line
Ask me anything: An error occurred: EOF when reading a line
Ask me anything: An error occurred: EOF when reading a line
Ask me anything: An error occurred: EOF when reading a line
Ask me anything: An error occurred: EOF when reading a line
Ask me anything: An error occurred: EOF when reading a line
Ask me anything: An error occurred: EOF when reading a line
Ask me anything: An error occurred: EOF when reading a line
Ask me anything: An error occurred: EOF when reading a line
Ask me anything: An error occurred: EOF when reading a line
Ask me anything: An error occurred: EOF when reading a line
Ask me anything: An error occurred: EOF when reading a line
Ask me anything: An error occurred: EOF when reading a line
Ask me anything: An error occurred: EOF when reading a line
Ask me anything: An error occurred: EOF when reading a line
Ask me anything: An error occurred: EOF when reading a line
Ask me anything: An error occurred: EOF when reading a line
Ask me anything: An error occurred: EOF when reading a line
Ask me anything: An error occurred: EOF when reading a line
Ask me anything: An error occurred: EOF when reading a line
Ask me anything: An error occurred: EOF when reading a line
Ask me anything: An error occurred: EOF when reading a line
Ask me anything: An error occurred: EOF when reading a line
Ask me anything: An error occurred: EOF when reading a line
Ask me anything: An error occurred: EOF when reading a line
Ask me anything: An error occurred: EOF when reading a line
Ask me anything: An error occurred: EOF when reading a line
Ask me anything: An error occurred: EOF when reading a line
Ask me anything: An error occurred: EOF when reading a line
Ask me anything: An error occurred: EOF when reading a line
Ask me anything: An error occurred: EOF when reading a line
Ask me anything: An error occurred: EOF when reading a line
Ask me anything: An error occurred: EOF when reading a line
Ask me anything: An error occurred: EOF when reading a line
Ask me anything: An error occurred: EOF when reading a line
Ask me anything: An error occurred: EOF when reading a line
Ask me anything: An error occurred: EOF when reading a line
Ask me anything: An error occurred: EOF when reading a line
Ask me anything: An error occurred: EOF when reading a line
Ask me anything: An error occurred: EOF when reading a line
Ask me anything: An error occurred: EOF when reading a line
Ask me anything: An error occurred: EOF when reading a line
Ask me anything: An error occurred: EOF when reading a line
Ask me anything: An error occurred: EOF when reading a line
Ask me anything: An error occurred: EOF when reading a line
Ask me anything: An error occurred: EOF when reading a line
Ask me anything: An error occurred: EOF when reading a line
Ask me anything: An error occurred: EOF when reading a line
Ask me anything: An error occurred: EOF when reading a line
Ask me anything: An error occurred: EOF when reading a line
Ask me anything: An error occurred: EOF when reading a line
Ask me anything: An error occurred: EOF when reading a line
Ask me anything: An error occurred: EOF when reading a line
Ask me anything: An error occurred: EOF when reading a line
Ask me anything: An error occurred: EOF when reading a line
Ask me anything: An error occurred: EOF when reading a line
Ask me anything: An error occurred: EOF when reading a line
Ask me anything: An error occurred: EOF when reading a line
Ask me anything: An error occurred: EOF when reading a line
Ask me anything: An error occurred: EOF when reading a line
Ask me anything: An error occurred: EOF when reading a line
Ask me anything: An error occurred: EOF when reading a line
Ask me anything: An error occurred: EOF when reading a line
Ask me anything: An error occurred: EOF when reading a line
Ask me anything: An error occurred: EOF when reading a line
Ask me anything: An error occurred: EOF when reading a line
Ask me anything: An error occurred: EOF when reading a line
Ask me anything: An error occurred: EOF when reading a line
Ask me anything: An error occurred: EOF when reading a line
Ask me anything: An error occurred: EOF when reading a line
Ask me anything: An error occurred: EOF when reading a line
Ask me anything: An error occurred: EOF when reading a line
Ask me anything: An error occurred: EOF when reading a line
Ask me anything: An error occurred: EOF when reading a line
Ask me anything: An error occurred: EOF when reading a line
Ask me anything: An error occurred: EOF when reading a line
Ask me anything: An error occurred: EOF when reading a line
Ask me anything: An error occurred: EOF when reading a line
Ask me anything: An error occurred: EOF when reading a line
Ask me anything: An error occurred: EOF when reading a line
Ask me anything: An error occurred: EOF when reading a line
Ask me anything: An error occurred: EOF when reading a line
Ask me anything: An error occurred: EOF when reading a line
Ask me anything: An error occurred: EOF when reading a line
Ask me anything: An error occurred: EOF when reading a line
Ask me anything: An error occurred: EOF when reading a line
Ask me anything: An error occurred: EOF when reading a line
Ask me anything: An error occurred: EOF when reading a line
Ask me anything: An error occurred: EOF when reading a line
Ask me anything: An error occurred: EOF when reading a line
Ask me anything: An error occurred: EOF when reading a line
Ask me anything: An error occurred: EOF when reading a line
Ask me anything: An error occurred: EOF when reading a line
Ask me anything: An error occurred: EOF when reading a line
Ask me anything: An error occurred: EOF when reading a line
Ask me anything: An error occurred: EOF when reading a line
Ask me anything: An error occurred: EOF when reading a line
Ask me anything: An error occurred: EOF when reading a line
Ask me anything: An error occurred: EOF when reading a line
Ask me anything: An error occurred: EOF when reading a line
Ask me anything: An error occurred: EOF when reading a line
Ask me anything: An error occurred: EOF when reading a line
Ask me anything: An error occurred: EOF when reading a line
Ask me anything: An error occurred: EOF when reading a line
Ask me anything: An error occurred: EOF when reading a line
Ask me anything: An error occurred: EOF when reading a line
Ask me anything: An error occurred: EOF when reading a line
Ask me anything: An error occurred: EOF when reading a line
Ask me anything: An error occurred: EOF when reading a line
Ask me anything: An error occurred: EOF when reading a line
Ask me anything: An error occurred: EOF when reading a line
Ask me anything: An error occurred: EOF when reading a line
Ask me anything: An error occurred: EOF when reading a line
Ask me anything: An error occurred: EOF when reading a line
Ask me anything: An error occurred: EOF when reading a line
Ask me anything: An error occurred: EOF when reading a line
Ask me anything: An error occurred: EOF when reading a line
Ask me anything: An error occurred: EOF when reading a line
Ask me anything: An error occurred: EOF when reading a line
Ask me anything: An error occurred: EOF when reading a line
Ask me anything: An error occurred: EOF when reading a line
Ask me anything: An error occurred: EOF when reading a line
Ask me anything: An error occurred: EOF when reading a line
Ask me anything: An error occurred: EOF when reading a line
Ask me anything: An error occurred: EOF when reading a line
Ask me anything: An error occurred: EOF when reading a line
Ask me anything: An error occurred: EOF when reading a line
Ask me anything: An error occurred: EOF when reading a line
Ask me anything: An error occurred: EOF when reading a line
Ask me anything: An error occurred: EOF when reading a line
Ask me anything: An error occurred: EOF when reading a line
Ask me anything: An error occurred: EOF when reading a line
Ask me anything: An error occurred: EOF when reading a line
Ask me anything: An error occurred: EOF when reading a line
Ask me anything: An error occurred: EOF when reading a line
Ask me anything: An error occurred: EOF when reading a line
Ask me anything: An error occurred: EOF when reading a line
Ask me anything: An error occurred: EOF when reading a line
Ask me anything: An error occurred: EOF when reading a line
Ask me anything: An error occurred: EOF when reading a line
Ask me anything: An error occurred: EOF when reading a line
Ask me anything: An error occurred: EOF when reading a line
Ask me anything: An error occurred: EOF when reading a line
Ask me anything: An error occurred: EOF when reading a line
Ask me anything: An error occurred: EOF when reading a line
Ask me anything: An error occurred: EOF when reading a line
Ask me anything: An error occurred: EOF when reading a line
Ask me anything: An error occurred: EOF when reading a line
Ask me anything: An error occurred: EOF when reading a line
Ask me anything: An error occurred: EOF when reading a line
Ask me anything: An error occurred: EOF when reading a line
Ask me anything: An error occurred: EOF when reading a line
Ask me anything: An error occurred: EOF when reading a line
Ask me anything: An error occurred: EOF when reading a line
Ask me anything: An error occurred: EOF when reading a line
Ask me anything: An error occurred: EOF when reading a line
Ask me anything: An error occurred: EOF when reading a line
Ask me anything: An error occurred: EOF when reading a line
Ask me anything: An error occurred: EOF when reading a line
Ask me anything: An error occurred: EOF when reading a line
Ask me anything: An error occurred: EOF when reading a line
Ask me anything: An error occurred: EOF when reading a line
Ask me anything: An error occurred: EOF when reading a line
Ask me anything: An error occurred: EOF when reading a line
Ask me anything: An error occurred: EOF when reading a line
Ask me anything: An error occurred: EOF when reading a line
Ask me anything: An error occurred: EOF when reading a line
Ask me anything: An error occurred: EOF when reading a line
Ask me anything: An error occurred: EOF when reading a line
Ask me anything: An error occurred: EOF when reading a line
Ask me anything: An error occurred: EOF when reading a line
Ask me anything: An error occurred: EOF when reading a line
Ask me anything: An error occurred: EOF when reading a line
Ask me anything: An error occurred: EOF when reading a line
Ask me anything: An error occurred: EOF when reading a line
Ask me anything: An error occurred: EOF when reading a line
Ask me anything: An error occurred: EOF when reading a line
Ask me anything: An error occurred: EOF when reading a line
Ask me anything: An error occurred: EOF when reading a line
Ask me anything: An error occurred: EOF when reading a line
Ask me anything: An error occurred: EOF when reading a line
Ask me anything: An error occurred: EOF when reading a line
Ask me anything: An error occurred: EOF when reading a line
Ask me anything: An error occurred: EOF when reading a line
Ask me anything: An error occurred: EOF when reading a line
Ask me anything: An error occurred: EOF when reading a line
Ask me anything: An error occurred: EOF when reading a line
Ask me anything: An error occurred: EOF when reading a line
Ask me anything: An error occurred: EOF when reading a line
Ask me anything: An error occurred: EOF when reading a line
Ask me anything: An error occurred: EOF when reading a line
Ask me anything: An error occurred: EOF when reading a line
Ask me anything: An error occurred: EOF when reading a line
Ask me anything: An error occurred: EOF when reading a line
Ask me anything: An error occurred: EOF when reading a line
Ask me anything: An error occurred: EOF when reading a line
Ask me anything: An error occurred: EOF when reading a line
Ask me anything: An error occurred: EOF when reading a line
Ask me anything: An error occurred: EOF when reading a line
Ask me anything: An error occurred: EOF when reading a line
Ask me anything: An error occurred: EOF when reading a line
Ask me anything: An error occurred: EOF when reading a line
Ask me anything: An error occurred: EOF when reading a line
Ask me anything: An error occurred: EOF when reading a line
Ask me anything: An error occurred: EOF when reading a line
Ask me anything: An error occurred: EOF when reading a line
Ask me anything: An error occurred: EOF when reading a line
Ask me anything: An error occurred: EOF when reading a line
Ask me anything: An error occurred: EOF when reading a line
Ask me anything: An error occurred: EOF when reading a line
Ask me anything: An error occurred: EOF when reading a line
Ask me anything: An error occurred: EOF when reading a line
Ask me anything: An error occurred: EOF when reading a line
Ask me anything: An error occurred: EOF when reading a line
Ask me anything: An error occurred: EOF when reading a line
Ask me anything: An error occurred: EOF when reading a line
Ask me anything: An error occurred: EOF when reading a line
Ask me anything: An error occurred: EOF when reading a line
Ask me anything: An error occurred: EOF when reading a line
Ask me anything: An error occurred: EOF when reading a line
Ask me anything: An error occurred: EOF when reading a line
Ask me anything: An error occurred: EOF when reading a line
Ask me anything: An error occurred: EOF when reading a line
Ask me anything: An error occurred: EOF when reading a line
Ask me anything: An error occurred: EOF when reading a line
Ask me anything: An error occurred: EOF when reading a line
Ask me anything: An error occurred: EOF when reading a line
Ask me anything: An error occurred: EOF when reading a line
Ask me anything: An error occurred: EOF when reading a line
Ask me anything: An error occurred: EOF when reading a line
Ask me anything: An error occurred: EOF when reading a line
Ask me anything: An error occurred: EOF when reading a line
Ask me anything: An error occurred: EOF when reading a line
Ask me anything: An error occurred: EOF when reading a line
Ask me anything: An error occurred: EOF when reading a line
Ask me anything: An error occurred: EOF when reading a line
Ask me anything: An error occurred: EOF when reading a line
Ask me anything: An error occurred: EOF when reading a line
Ask me anything: An error occurred: EOF when reading a line
Ask me anything: An error occurred: EOF when reading a line
Ask me anything: An error occurred: EOF when reading a line
Ask me anything: An error occurred: EOF when reading a line
Ask me anything: An error occurred: EOF when reading a line
Ask me anything: An error occurred: EOF when reading a line
Ask me anything: An error occurred: EOF when reading a line
Ask me anything: An error occurred: EOF when reading a line
Ask me anything: An error occurred: EOF when reading a line
Ask me anything: An error occurred: EOF when reading a line
Ask me anything: An error occurred: EOF when reading a line
Ask me anything: An error occurred: EOF when reading a line
Ask me anything: An error occurred: EOF when reading a line
Ask me anything: An error occurred: EOF when reading a line
Ask me anything: An error occurred: EOF when reading a line
Ask me anything: An error occurred: EOF when reading a line
Ask me anything: An error occurred: EOF when reading a line
Ask me anything: An error occurred: EOF when reading a line
Ask me anything: An error occurred: EOF when reading a line
Ask me anything: An error occurred: EOF when reading a line
Ask me anything: An error occurred: EOF when reading a line
Ask me anything: An error occurred: EOF when reading a line
Ask me anything: An error occurred: EOF when reading a line
Ask me anything: An error occurred: EOF when reading a line
Ask me anything: An error occurred: EOF when reading a line
Ask me anything: An error occurred: EOF when reading a line
Ask me anything: An error occurred: EOF when reading a line
Ask me anything: An error occurred: EOF when reading a line
Ask me anything: An error occurred: EOF when reading a line
Ask me anything: An error occurred: EOF when reading a line
Ask me anything: An error occurred: EOF when reading a line
Ask me anything: An error occurred: EOF when reading a line
Ask me anything: An error occurred: EOF when reading a line
Ask me anything: An error occurred: EOF when reading a line
Ask me anything: An error occurred: EOF when reading a line
Ask me anything: An error occurred: EOF when reading a line
Ask me anything: An error occurred: EOF when reading a line
Ask me anything: An error occurred: EOF when reading a line
Ask me anything: An error occurred: EOF when reading a line
Ask me anything: An error occurred: EOF when reading a line
Ask me anything: An error occurred: EOF when reading a line
Ask me anything: An error occurred: EOF when reading a line
Ask me anything: An error occurred: EOF when reading a line
Ask me anything: An error occurred: EOF when reading a line
Ask me anything: An error occurred: EOF when reading a line
Ask me anything: An error occurred: EOF when reading a line
Ask me anything: An error occurred: EOF when reading a line
Ask me anything: An error occurred: EOF when reading a line
Ask me anything: An error occurred: EOF when reading a line
Ask me anything: An error occurred: EOF when reading a line
Ask me anything: An error occurred: EOF when reading a line
Ask me anything: An error occurred: EOF when reading a line
Ask me anything: An error occurred: EOF when reading a line
Ask me anything: An error occurred: EOF when reading a line
Ask me anything: An error occurred: EOF when reading a line
Ask me anything: An error occurred: EOF when reading a line
Ask me anything: An error occurred: EOF when reading a line
Ask me anything: An error occurred: EOF when reading a line
Ask me anything: An error occurred: EOF when reading a line
Ask me anything: An error occurred: EOF when reading a line
Ask me anything: An error occurred: EOF when reading a line
Ask me anything: An error occurred: EOF when reading a line
Ask me anything: An error occurred: EOF when reading a line
Ask me anything: An error occurred: EOF when reading a line
Ask me anything: An error occurred: EOF when reading a line
Ask me anything: An error occurred: EOF when reading a line
Ask me anything: An error occurred: EOF when reading a line
Ask me anything: An error occurred: EOF when reading a line
Ask me anything: An error occurred: EOF when reading a line
Ask me anything: An error occurred: EOF when reading a line
Ask me anything: An error occurred: EOF when reading a line
Ask me anything: An error occurred: EOF when reading a line
Ask me anything: An error occurred: EOF when reading a line
Ask me anything: An error occurred: EOF when reading a line
Ask me anything: An error occurred: EOF when reading a line
Ask me anything: An error occurred: EOF when reading a line
Ask me anything: An error occurred: EOF when reading a line
Ask me anything: An error occurred: EOF when reading a line
Ask me anything: An error occurred: EOF when reading a line
Ask me anything: An error occurred: EOF when reading a line
Ask me anything: An error occurred: EOF when reading a line
Ask me anything: An error occurred: EOF when reading a line
Ask me anything: An error occurred: EOF when reading a line
Ask me anything: An error occurred: EOF when reading a line
Ask me anything: An error occurred: EOF when reading a line
Ask me anything: An error occurred: EOF when reading a line
Ask me anything: An error occurred: EOF when reading a line
Ask me anything: An error occurred: EOF when reading a line
Ask me anything: An error occurred: EOF when reading a line
Ask me anything: An error occurred: EOF when reading a line
Ask me anything: An error occurred: EOF when reading a line
Ask me anything: An error occurred: EOF when reading a line
Ask me anything: An error occurred: EOF when reading a line
Ask me anything: An error occurred: EOF when reading a line
Ask me anything: An error occurred: EOF when reading a line
Ask me anything: An error occurred: EOF when reading a line
Ask me anything: An error occurred: EOF when reading a line
Ask me anything: An error occurred: EOF when reading a line
Ask me anything: An error occurred: EOF when reading a line
Ask me anything: An error occurred: EOF when reading a line
Ask me anything: An error occurred: EOF when reading a line
Ask me anything: An error occurred: EOF when reading a line
Ask me anything: An error occurred: EOF when reading a line
Ask me anything: An error occurred: EOF when reading a line
Ask me anything: An error occurred: EOF when reading a line
Ask me anything: An error occurred: EOF when reading a line
Ask me anything: An error occurred: EOF when reading a line
Ask me anything: An error occurred: EOF when reading a line
Ask me anything: An error occurred: EOF when reading a line
Ask me anything: An error occurred: EOF when reading a line
Ask me anything: An error occurred: EOF when reading a line
Ask me anything: An error occurred: EOF when reading a line
Ask me anything: An error occurred: EOF when reading a line
Ask me anything: An error occurred: EOF when reading a line
Ask me anything: An error occurred: EOF when reading a line
Ask me anything: An error occurred: EOF when reading a line
Ask me anything: An error occurred: EOF when reading a line
Ask me anything: An error occurred: EOF when reading a line
Ask me anything: An error occurred: EOF when reading a line
Ask me anything: An error occurred: EOF when reading a line
Ask me anything: An error occurred: EOF when reading a line
Ask me anything: An error occurred: EOF when reading a line
Ask me anything: An error occurred: EOF when reading a line
Ask me anything: An error occurred: EOF when reading a line
Ask me anything: An error occurred: EOF when reading a line
Ask me anything: An error occurred: EOF when reading a line
Ask me anything: An error occurred: EOF when reading a line
Ask me anything: An error occurred: EOF when reading a line
Ask me anything: An error occurred: EOF when reading a line
Ask me anything: An error occurred: EOF when reading a line
Ask me anything: An error occurred: EOF when reading a line
Ask me anything: An error occurred: EOF when reading a line
Ask me anything: An error occurred: EOF when reading a line
Ask me anything: An error occurred: EOF when reading a line
Ask me anything: An error occurred: EOF when reading a line
Ask me anything: An error occurred: EOF when reading a line
Ask me anything: An error occurred: EOF when reading a line
Ask me anything: An error occurred: EOF when reading a line
Ask me anything: An error occurred: EOF when reading a line
Ask me anything: An error occurred: EOF when reading a line
Ask me anything: An error occurred: EOF when reading a line
Ask me anything: An error occurred: EOF when reading a line
Ask me anything: An error occurred: EOF when reading a line
Ask me anything: An error occurred: EOF when reading a line
Ask me anything: An error occurred: EOF when reading a line
Ask me anything: An error occurred: EOF when reading a line
Ask me anything: An error occurred: EOF when reading a line
Ask me anything: An error occurred: EOF when reading a line
Ask me anything: An error occurred: EOF when reading a line
Ask me anything: An error occurred: EOF when reading a line
Ask me anything: An error occurred: EOF when reading a line
Ask me anything: An error occurred: EOF when reading a line
Ask me anything: An error occurred: EOF when reading a line
Ask me anything: An error occurred: EOF when reading a line
Ask me anything: An error occurred: EOF when reading a line
Ask me anything: An error occurred: EOF when reading a line
Ask me anything: An error occurred: EOF when reading a line
Ask me anything: An error occurred: EOF when reading a line
Ask me anything: An error occurred: EOF when reading a line
Ask me anything: An error occurred: EOF when reading a line
Ask me anything: An error occurred: EOF when reading a line
Ask me anything: An error occurred: EOF when reading a line
Ask me anything: An error occurred: EOF when reading a line
Ask me anything: An error occurred: EOF when reading a line
Ask me anything: An error occurred: EOF when reading a line
Ask me anything: An error occurred: EOF when reading a line
Ask me anything: An error occurred: EOF when reading a line
Ask me anything: An error occurred: EOF when reading a line
Ask me anything: An error occurred: EOF when reading a line
Ask me anything: An error occurred: EOF when reading a line
Ask me anything: An error occurred: EOF when reading a line
Ask me anything: An error occurred: EOF when reading a line
Ask me anything: An error occurred: EOF when reading a line
Ask me anything: An error occurred: EOF when reading a line
Ask me anything: An error occurred: EOF when reading a line
Ask me anything: An error occurred: EOF when reading a line
Ask me anything: An error occurred: EOF when reading a line
Ask me anything: An error occurred: EOF when reading a line
Ask me anything: An error occurred: EOF when reading a line
Ask me anything: An error occurred: EOF when reading a line
Ask me anything: An error occurred: EOF when reading a line
Ask me anything: An error occurred: EOF when reading a line
Ask me anything: An error occurred: EOF when reading a line
Ask me anything: An error occurred: EOF when reading a line
Ask me anything: An error occurred: EOF when reading a line
Ask me anything: An error occurred: EOF when reading a line
Ask me anything: An error occurred: EOF when reading a line
Ask me anything: An error occurred: EOF when reading a line
Ask me anything: An error occurred: EOF when reading a line
Ask me anything: An error occurred: EOF when reading a line
Ask me anything: An error occurred: EOF when reading a line
Ask me anything: An error occurred: EOF when reading a line
Ask me anything: An error occurred: EOF when reading a line
Ask me anything: An error occurred: EOF when reading a line
Ask me anything: An error occurred: EOF when reading a line
Ask me anything: An error occurred: EOF when reading a line
Ask me anything: An error occurred: EOF when reading a line
Ask me anything: An error occurred: EOF when reading a line
Ask me anything: An error occurred: EOF when reading a line
Ask me anything: An error occurred: EOF when reading a line
Ask me anything: An error occurred: EOF when reading a line
Ask me anything: An error occurred: EOF when reading a line
Ask me anything: An error occurred: EOF when reading a line
Ask me anything: An error occurred: EOF when reading a line
Ask me anything: An error occurred: EOF when reading a line
Ask me anything: An error occurred: EOF when reading a line
Ask me anything: An error occurred: EOF when reading a line
Ask me anything: An error occurred: EOF when reading a line
Ask me anything: An error occurred: EOF when reading a line
Ask me anything: An error occurred: EOF when reading a line
Ask me anything: An error occurred: EOF when reading a line
Ask me anything: An error occurred: EOF when reading a line
Ask me anything: An error occurred: EOF when reading a line
Ask me anything: An error occurred: EOF when reading a line
Ask me anything: An error occurred: EOF when reading a line
Ask me anything: An error occurred: EOF when reading a line
Ask me anything: An error occurred: EOF when reading a line
Ask me anything: An error occurred: EOF when reading a line
Ask me anything: An error occurred: EOF when reading a line
Ask me anything: An error occurred: EOF when reading a line
Ask me anything: An error occurred: EOF when reading a line
Ask me anything: An error occurred: EOF when reading a line
Ask me anything: An error occurred: EOF when reading a line
Ask me anything: An error occurred: EOF when reading a line
Ask me anything: An error occurred: EOF when reading a line
Ask me anything: An error occurred: EOF when reading a line
Ask me anything: An error occurred: EOF when reading a line
Ask me anything: An error occurred: EOF when reading a line
Ask me anything: An error occurred: EOF when reading a line
Ask me anything: An error occurred: EOF when reading a line
Ask me anything: An error occurred: EOF when reading a line
Ask me anything: An error occurred: EOF when reading a line
Ask me anything: An error occurred: EOF when reading a line
Ask me anything: An error occurred: EOF when reading a line
Ask me anything: An error occurred: EOF when reading a line
Ask me anything: An error occurred: EOF when reading a line
Ask me anything: An error occurred: EOF when reading a line
Ask me anything: An error occurred: EOF when reading a line
Ask me anything: An error occurred: EOF when reading a line
Ask me anything: An error occurred: EOF when reading a line
Ask me anything: An error occurred: EOF when reading a line
Ask me anything: An error occurred: EOF when reading a line
Ask me anything: An error occurred: EOF when reading a line
Ask me anything: An error occurred: EOF when reading a line
Ask me anything: An error occurred: EOF when reading a line
Ask me anything: An error occurred: EOF when reading a line
Ask me anything: An error occurred: EOF when reading a line
Ask me anything: An error occurred: EOF when reading a line
Ask me anything: An error occurred: EOF when reading a line
Ask me anything: An error occurred: EOF when reading a line
Ask me anything: An error occurred: EOF when reading a line
Ask me anything: An error occurred: EOF when reading a line
Ask me anything: An error occurred: EOF when reading a line
Ask me anything: An error occurred: EOF when reading a line
Ask me anything: An error occurred: EOF when reading a line
Ask me anything: An error occurred: EOF when reading a line
Ask me anything: An error occurred: EOF when reading a line
Ask me anything: An error occurred: EOF when reading a line
Ask me anything: An error occurred: EOF when reading a line
Ask me anything: An error occurred: EOF when reading a line
Ask me anything: An error occurred: EOF when reading a line
Ask me anything: An error occurred: EOF when reading a line
Ask me anything: An error occurred: EOF when reading a line
Ask me anything: An error occurred: EOF when reading a line
Ask me anything: An error occurred: EOF when reading a line
Ask me anything: An error occurred: EOF when reading a line
Ask me anything: An error occurred: EOF when reading a line
Ask me anything: An error occurred: EOF when reading a line
Ask me anything: An error occurred: EOF when reading a line
Ask me anything: An error occurred: EOF when reading a line
Ask me anything: An error occurred: EOF when reading a line
Ask me anything: An error occurred: EOF when reading a line
Ask me anything: An error occurred: EOF when reading a line
Ask me anything: An error occurred: EOF when reading a line
Ask me anything: An error occurred: EOF when reading a line
Ask me anything: An error occurred: EOF when reading a line
Ask me anything: An error occurred: EOF when reading a line
Ask me anything: An error occurred: EOF when reading a line
Ask me anything: An error occurred: EOF when reading a line
Ask me anything: An error occurred: EOF when reading a line
Ask me anything: An error occurred: EOF when reading a line
Ask me anything: An error occurred: EOF when reading a line
Ask me anything: An error occurred: EOF when reading a line
Ask me anything: An error occurred: EOF when reading a line
Ask me anything: An error occurred: EOF when reading a line
Ask me anything: An error occurred: EOF when reading a line
Ask me anything: An error occurred: EOF when reading a line
Ask me anything: An error occurred: EOF when reading a line
Ask me anything: An error occurred: EOF when reading a line
Ask me anything: An error occurred: EOF when reading a line
Ask me anything: An error occurred: EOF when reading a line
Ask me anything: An error occurred: EOF when reading a line
Ask me anything: An error occurred: EOF when reading a line
Ask me anything: An error occurred: EOF when reading a line
Ask me anything: An error occurred: EOF when reading a line
Ask me anything: An error occurred: EOF when reading a line
Ask me anything: An error occurred: EOF when reading a line
Ask me anything: An error occurred: EOF when reading a line
Ask me anything: An error occurred: EOF when reading a line
Ask me anything: An error occurred: EOF when reading a line
Ask me anything: An error occurred: EOF when reading a line
Ask me anything: An error occurred: EOF when reading a line
Ask me anything: An error occurred: EOF when reading a line
Ask me anything: An error occurred: EOF when reading a line
Ask me anything: An error occurred: EOF when reading a line
Ask me anything: An error occurred: EOF when reading a line
Ask me anything: An error occurred: EOF when reading a line
Ask me anything: An error occurred: EOF when reading a line
Ask me anything: An error occurred: EOF when reading a line
Ask me anything: An error occurred: EOF when reading a line
Ask me anything: An error occurred: EOF when reading a line
Ask me anything: An error occurred: EOF when reading a line
Ask me anything: An error occurred: EOF when reading a line
Ask me anything: An error occurred: EOF when reading a line
Ask me anything: An error occurred: EOF when reading a line
Ask me anything: An error occurred: EOF when reading a line
Ask me anything: An error occurred: EOF when reading a line
Ask me anything: An error occurred: EOF when reading a line
Ask me anything: An error occurred: EOF when reading a line
Ask me anything: An error occurred: EOF when reading a line
Ask me anything: An error occurred: EOF when reading a line
Ask me anything: An error occurred: EOF when reading a line
Ask me anything: An error occurred: EOF when reading a line
Ask me anything: An error occurred: EOF when reading a line
Ask me anything: An error occurred: EOF when reading a line
Ask me anything: An error occurred: EOF when reading a line
Ask me anything: An error occurred: EOF when reading a line
Ask me anything: An error occurred: EOF when reading a line
Ask me anything: An error occurred: EOF when reading a line
Ask me anything: An error occurred: EOF when reading a line
Ask me anything: An error occurred: EOF when reading a line
Ask me anything: An error occurred: EOF when reading a line
Ask me anything: An error occurred: EOF when reading a line
Ask me anything: An error occurred: EOF when reading a line
Ask me anything: An error occurred: EOF when reading a line
Ask me anything: An error occurred: EOF when reading a line
Ask me anything: An error occurred: EOF when reading a line
Ask me anything: An error occurred: EOF when reading a line
Ask me anything: An error occurred: EOF when reading a line
Ask me anything: An error occurred: EOF when reading a line
Ask me anything: An error occurred: EOF when reading a line
Ask me anything: An error occurred: EOF when reading a line
Ask me anything: An error occurred: EOF when reading a line
Ask me anything: An error occurred: EOF when reading a line
Ask me anything: An error occurred: EOF when reading a line
Ask me anything: An error occurred: EOF when reading a line
Ask me anything: An error occurred: EOF when reading a line
Ask me anything: An error occurred: EOF when reading a line
Ask me anything: An error occurred: EOF when reading a line
Ask me anything: An error occurred: EOF when reading a line
Ask me anything: An error occurred: EOF when reading a line
Ask me anything: An error occurred: EOF when reading a line
Ask me anything: An error occurred: EOF when reading a line
Ask me anything: An error occurred: EOF when reading a line
Ask me anything: An error occurred: EOF when reading a line
Ask me anything: An error occurred: EOF when reading a line
Ask me anything: An error occurred: EOF when reading a line
Ask me anything: An error occurred: EOF when reading a line
Ask me anything: An error occurred: EOF when reading a line
Ask me anything: An error occurred: EOF when reading a line
Ask me anything: An error occurred: EOF when reading a line
Ask me anything: An error occurred: EOF when reading a line
Ask me anything: An error occurred: EOF when reading a line
Ask me anything: An error occurred: EOF when reading a line
Ask me anything: An error occurred: EOF when reading a line
Ask me anything: An error occurred: EOF when reading a line
Ask me anything: An error occurred: EOF when reading a line
Ask me anything: An error occurred: EOF when reading a line
Ask me anything: An error occurred: EOF when reading a line
Ask me anything: An error occurred: EOF when reading a line
Ask me anything: An error occurred: EOF when reading a line
Ask me anything: An error occurred: EOF when reading a line
Ask me anything: An error occurred: EOF when reading a line
Ask me anything: An error occurred: EOF when reading a line
Ask me anything: An error occurred: EOF when reading a line
Ask me anything: An error occurred: EOF when reading a line
Ask me anything: An error occurred: EOF when reading a line
Ask me anything: An error occurred: EOF when reading a line
Ask me anything: An error occurred: EOF when reading a line
Ask me anything: An error occurred: EOF when reading a line
Ask me anything: An error occurred: EOF when reading a line
Ask me anything: An error occurred: EOF when reading a line
Ask me anything: An error occurred: EOF when reading a line
Ask me anything: An error occurred: EOF when reading a line
Ask me anything: An error occurred: EOF when reading a line
Ask me anything: An error occurred: EOF when reading a line
Ask me anything: An error occurred: EOF when reading a line
Ask me anything: An error occurred: EOF when reading a line
Ask me anything: An error occurred: EOF when reading a line
Ask me anything: An error occurred: EOF when reading a line
Ask me anything: An error occurred: EOF when reading a line
Ask me anything: An error occurred: EOF when reading a line
Ask me anything: An error occurred: EOF when reading a line
Ask me anything: An error occurred: EOF when reading a line
Ask me anything: An error occurred: EOF when reading a line
Ask me anything: An error occurred: EOF when reading a line
Ask me anything: An error occurred: EOF when reading a line
Ask me anything: An error occurred: EOF when reading a line
Ask me anything: An error occurred: EOF when reading a line
Ask me anything: An error occurred: EOF when reading a line
Ask me anything: An error occurred: EOF when reading a line
Ask me anything: An error occurred: EOF when reading a line
Ask me anything: An error occurred: EOF when reading a line
Ask me anything: An error occurred: EOF when reading a line
Ask me anything: An error occurred: EOF when reading a line
Ask me anything: An error occurred: EOF when reading a line
Ask me anything: An error occurred: EOF when reading a line
Ask me anything: An error occurred: EOF when reading a line
Ask me anything: An error occurred: EOF when reading a line
Ask me anything: An error occurred: EOF when reading a line
Ask me anything: An error occurred: EOF when reading a line
Ask me anything: An error occurred: EOF when reading a line
Ask me anything: An error occurred: EOF when reading a line
Ask me anything: An error occurred: EOF when reading a line
Ask me anything: An error occurred: EOF when reading a line
Ask me anything: An error occurred: EOF when reading a line
Ask me anything: An error occurred: EOF when reading a line
Ask me anything: An error occurred: EOF when reading a line
Ask me anything: An error occurred: EOF when reading a line
Ask me anything: An error occurred: EOF when reading a line
Ask me anything: An error occurred: EOF when reading a line
Ask me anything: An error occurred: EOF when reading a line
Ask me anything: An error occurred: EOF when reading a line
Ask me anything: An error occurred: EOF when reading a line
Ask me anything: An error occurred: EOF when reading a line
Ask me anything: An error occurred: EOF when reading a line
Ask me anything: An error occurred: EOF when reading a line
Ask me anything: An error occurred: EOF when reading a line
Ask me anything: An error occurred: EOF when reading a line
Ask me anything: An error occurred: EOF when reading a line
Ask me anything: An error occurred: EOF when reading a line
Ask me anything: An error occurred: EOF when reading a line
Ask me anything: An error occurred: EOF when reading a line
Ask me anything: An error occurred: EOF when reading a line
Ask me anything: An error occurred: EOF when reading a line
Ask me anything: An error occurred: EOF when reading a line
Ask me anything: An error occurred: EOF when reading a line
Ask me anything: An error occurred: EOF when reading a line
Ask me anything: An error occurred: EOF when reading a line
Ask me anything: An error occurred: EOF when reading a line
Ask me anything: An error occurred: EOF when reading a line
Ask me anything: An error occurred: EOF when reading a line
Ask me anything: An error occurred: EOF when reading a line
Ask me anything: An error occurred: EOF when reading a line
Ask me anything: An error occurred: EOF when reading a line
Ask me anything: An error occurred: EOF when reading a line
Ask me anything: An error occurred: EOF when reading a line
Ask me anything: An error occurred: EOF when reading a line
Ask me anything: An error occurred: EOF when reading a line
Ask me anything: An error occurred: EOF when reading a line
Ask me anything: An error occurred: EOF when reading a line
Ask me anything: An error occurred: EOF when reading a line
Ask me anything: An error occurred: EOF when reading a line
Ask me anything: An error occurred: EOF when reading a line
Ask me anything: An error occurred: EOF when reading a line
Ask me anything: An error occurred: EOF when reading a line
Ask me anything: An error occurred: EOF when reading a line
Ask me anything: An error occurred: EOF when reading a line
Ask me anything: An error occurred: EOF when reading a line
Ask me anything: An error occurred: EOF when reading a line
Ask me anything: An error occurred: EOF when reading a line
Ask me anything: An error occurred: EOF when reading a line
Ask me anything: An error occurred: EOF when reading a line
Ask me anything: An error occurred: EOF when reading a line
Ask me anything: An error occurred: EOF when reading a line
Ask me anything: An error occurred: EOF when reading a line
Ask me anything: An error occurred: EOF when reading a line
Ask me anything: An error occurred: EOF when reading a line
Ask me anything: An error occurred: EOF when reading a line
Ask me anything: An error occurred: EOF when reading a line
Ask me anything: An error occurred: EOF when reading a line
Ask me anything: An error occurred: EOF when reading a line
Ask me anything: An error occurred: EOF when reading a line
Ask me anything: An error occurred: EOF when reading a line
Ask me anything: An error occurred: EOF when reading a line
Ask me anything: An error occurred: EOF when reading a line
Ask me anything: An error occurred: EOF when reading a line
Ask me anything: An error occurred: EOF when reading a line
Ask me anything: An error occurred: EOF when reading a line
Ask me anything: An error occurred: EOF when reading a line
Ask me anything: An error occurred: EOF when reading a line
Ask me anything: An error occurred: EOF when reading a line
Ask me anything: An error occurred: EOF when reading a line
Ask me anything: An error occurred: EOF when reading a line
Ask me anything: An error occurred: EOF when reading a line
Ask me anything: An error occurred: EOF when reading a line
Ask me anything: An error occurred: EOF when reading a line
Ask me anything: An error occurred: EOF when reading a line
Ask me anything: An error occurred: EOF when reading a line
Ask me anything: An error occurred: EOF when reading a line
Ask me anything: An error occurred: EOF when reading a line
Ask me anything: An error occurred: EOF when reading a line
Ask me anything: An error occurred: EOF when reading a line
Ask me anything: An error occurred: EOF when reading a line
Ask me anything: An error occurred: EOF when reading a line
Ask me anything: An error occurred: EOF when reading a line
Ask me anything: An error occurred: EOF when reading a line
Ask me anything: An error occurred: EOF when reading a line
Ask me anything: An error occurred: EOF when reading a line
Ask me anything: An error occurred: EOF when reading a line
Ask me anything: An error occurred: EOF when reading a line
Ask me anything: An error occurred: EOF when reading a line
Ask me anything: An error occurred: EOF when reading a line
Ask me anything: An error occurred: EOF when reading a line
Ask me anything: An error occurred: EOF when reading a line
Ask me anything: An error occurred: EOF when reading a line
Ask me anything: An error occurred: EOF when reading a line
Ask me anything: An error occurred: EOF when reading a line
Ask me anything: An error occurred: EOF when reading a line
Ask me anything: An error occurred: EOF when reading a line
Ask me anything: An error occurred: EOF when reading a line
Ask me anything: An error occurred: EOF when reading a line
Ask me anything: An error occurred: EOF when reading a line
Ask me anything: An error occurred: EOF when reading a line
Ask me anything: An error occurred: EOF when reading a line
Ask me anything: An error occurred: EOF when reading a line
Ask me anything: An error occurred: EOF when reading a line
Ask me anything: An error occurred: EOF when reading a line
Ask me anything: An error occurred: EOF when reading a line
Ask me anything: An error occurred: EOF when reading a line
Ask me anything: An error occurred: EOF when reading a line
Ask me anything: An error occurred: EOF when reading a line
Ask me anything: An error occurred: EOF when reading a line
Ask me anything: An error occurred: EOF when reading a line
Ask me anything: An error occurred: EOF when reading a line
Ask me anything: An error occurred: EOF when reading a line
Ask me anything: An error occurred: EOF when reading a line
Ask me anything: An error occurred: EOF when reading a line
Ask me anything: An error occurred: EOF when reading a line
Ask me anything: An error occurred: EOF when reading a line
Ask me anything: An error occurred: EOF when reading a line
Ask me anything: An error occurred: EOF when reading a line
Ask me anything: An error occurred: EOF when reading a line
Ask me anything: An error occurred: EOF when reading a line
Ask me anything: An error occurred: EOF when reading a line
Ask me anything: An error occurred: EOF when reading a line
Ask me anything: An error occurred: EOF when reading a line
Ask me anything: An error occurred: EOF when reading a line
Ask me anything: An error occurred: EOF when reading a line
Ask me anything: An error occurred: EOF when reading a line
Ask me anything: An error occurred: EOF when reading a line
Ask me anything: An error occurred: EOF when reading a line
Ask me anything: An error occurred: EOF when reading a line
Ask me anything: An error occurred: EOF when reading a line
Ask me anything: An error occurred: EOF when reading a line
Ask me anything: An error occurred: EOF when reading a line
Ask me anything: An error occurred: EOF when reading a line
Ask me anything: An error occurred: EOF when reading a line
Ask me anything: An error occurred: EOF when reading a line
Ask me anything: An error occurred: EOF when reading a line
Ask me anything: An error occurred: EOF when reading a line
Ask me anything: An error occurred: EOF when reading a line
Ask me anything: An error occurred: EOF when reading a line
Ask me anything: An error occurred: EOF when reading a line
Ask me anything: An error occurred: EOF when reading a line
Ask me anything: An error occurred: EOF when reading a line
Ask me anything: An error occurred: EOF when reading a line
Ask me anything: An error occurred: EOF when reading a line
Ask me anything: An error occurred: EOF when reading a line
Ask me anything: An error occurred: EOF when reading a line
Ask me anything: An error occurred: EOF when reading a line
Ask me anything: An error occurred: EOF when reading a line
Ask me anything: An error occurred: EOF when reading a line
Ask me anything: An error occurred: EOF when reading a line
Ask me anything: An error occurred: EOF when reading a line
Ask me anything: An error occurred: EOF when reading a line
Ask me anything: An error occurred: EOF when reading a line
Ask me anything: An error occurred: EOF when reading a line
Ask me anything: An error occurred: EOF when reading a line
Ask me anything: An error occurred: EOF when reading a line
Ask me anything: An error occurred: EOF when reading a line
Ask me anything: An error occurred: EOF when reading a line
Ask me anything: An error occurred: EOF when reading a line
Ask me anything: An error occurred: EOF when reading a line
Ask me anything: An error occurred: EOF when reading a line
Ask me anything: An error occurred: EOF when reading a line
Ask me anything: An error occurred: EOF when reading a line
Ask me anything: An error occurred: EOF when reading a line
Ask me anything: An error occurred: EOF when reading a line
Ask me anything: An error occurred: EOF when reading a line
Ask me anything: An error occurred: EOF when reading a line
Ask me anything: An error occurred: EOF when reading a line
Ask me anything: An error occurred: EOF when reading a line
Ask me anything: An error occurred: EOF when reading a line
Ask me anything: An error occurred: EOF when reading a line
Ask me anything: An error occurred: EOF when reading a line
Ask me anything: An error occurred: EOF when reading a line
Ask me anything: An error occurred: EOF when reading a line
Ask me anything: An error occurred: EOF when reading a line
Ask me anything: An error occurred: EOF when reading a line
Ask me anything: An error occurred: EOF when reading a line
Ask me anything: An error occurred: EOF when reading a line
Ask me anything: An error occurred: EOF when reading a line
Ask me anything: An error occurred: EOF when reading a line
Ask me anything: An error occurred: EOF when reading a line
Ask me anything: An error occurred: EOF when reading a line
Ask me anything: An error occurred: EOF when reading a line
Ask me anything: An error occurred: EOF when reading a line
Ask me anything: An error occurred: EOF when reading a line
Ask me anything: An error occurred: EOF when reading a line
Ask me anything: An error occurred: EOF when reading a line
Ask me anything: An error occurred: EOF when reading a line
Ask me anything: An error occurred: EOF when reading a line
Ask me anything: An error occurred: EOF when reading a line
Ask me anything: An error occurred: EOF when reading a line
Ask me anything: An error occurred: EOF when reading a line
Ask me anything: An error occurred: EOF when reading a line
Ask me anything: An error occurred: EOF when reading a line
Ask me anything: An error occurred: EOF when reading a line
Ask me anything: An error occurred: EOF when reading a line
Ask me anything: An error occurred: EOF when reading a line
Ask me anything: An error occurred: EOF when reading a line
Ask me anything: An error occurred: EOF when reading a line
Ask me anything: An error occurred: EOF when reading a line
Ask me anything: An error occurred: EOF when reading a line
Ask me anything: An error occurred: EOF when reading a line
Ask me anything: An error occurred: EOF when reading a line
Ask me anything: An error occurred: EOF when reading a line
Ask me anything: An error occurred: EOF when reading a line
Ask me anything: An error occurred: EOF when reading a line
Ask me anything: An error occurred: EOF when reading a line
Ask me anything: An error occurred: EOF when reading a line
Ask me anything: An error occurred: EOF when reading a line
Ask me anything: An error occurred: EOF when reading a line
Ask me anything: An error occurred: EOF when reading a line
Ask me anything: An error occurred: EOF when reading a line
Ask me anything: An error occurred: EOF when reading a line
Ask me anything: An error occurred: EOF when reading a line
Ask me anything: An error occurred: EOF when reading a line
Ask me anything: An error occurred: EOF when reading a line
Ask me anything: An error occurred: EOF when reading a line
Ask me anything: An error occurred: EOF when reading a line
Ask me anything: An error occurred: EOF when reading a line
Ask me anything: An error occurred: EOF when reading a line
Ask me anything: An error occurred: EOF when reading a line
Ask me anything: An error occurred: EOF when reading a line
Ask me anything: An error occurred: EOF when reading a line
Ask me anything: An error occurred: EOF when reading a line
Ask me anything: An error occurred: EOF when reading a line
Ask me anything: An error occurred: EOF when reading a line
Ask me anything: An error occurred: EOF when reading a line
Ask me anything: An error occurred: EOF when reading a line
Ask me anything: An error occurred: EOF when reading a line
Ask me anything: An error occurred: EOF when reading a line
Ask me anything: An error occurred: EOF when reading a line
Ask me anything: An error occurred: EOF when reading a line
Ask me anything: An error occurred: EOF when reading a line
Ask me anything: An error occurred: EOF when reading a line
Ask me anything: An error occurred: EOF when reading a line
Ask me anything: An error occurred: EOF when reading a line
Ask me anything: An error occurred: EOF when reading a line
Ask me anything: An error occurred: EOF when reading a line
Ask me anything: An error occurred: EOF when reading a line
Ask me anything: An error occurred: EOF when reading a line
Ask me anything: An error occurred: EOF when reading a line
Ask me anything: An error occurred: EOF when reading a line
Ask me anything: An error occurred: EOF when reading a line
Ask me anything: An error occurred: EOF when reading a line
Ask me anything: An error occurred: EOF when reading a line
Ask me anything: An error occurred: EOF when reading a line
Ask me anything: An error occurred: EOF when reading a line
Ask me anything: An error occurred: EOF when reading a line
Ask me anything: An error occurred: EOF when reading a line
Ask me anything: An error occurred: EOF when reading a line
Ask me anything: An error occurred: EOF when reading a line
Ask me anything: An error occurred: EOF when reading a line
Ask me anything: An error occurred: EOF when reading a line
Ask me anything: An error occurred: EOF when reading a line
Ask me anything: An error occurred: EOF when reading a line
Ask me anything: An error occurred: EOF when reading a line
Ask me anything: An error occurred: EOF when reading a line
Ask me anything: An error occurred: EOF when reading a line
Ask me anything: An error occurred: EOF when reading a line
Ask me anything: An error occurred: EOF when reading a line
Ask me anything: An error occurred: EOF when reading a line
Ask me anything: An error occurred: EOF when reading a line
Ask me anything: An error occurred: EOF when reading a line
Ask me anything: An error occurred: EOF when reading a line
Ask me anything: An error occurred: EOF when reading a line
Ask me anything: An error occurred: EOF when reading a line
Ask me anything: An error occurred: EOF when reading a line
Ask me anything: An error occurred: EOF when reading a line
Ask me anything: An error occurred: EOF when reading a line
Ask me anything: An error occurred: EOF when reading a line
Ask me anything: An error occurred: EOF when reading a line
Ask me anything: An error occurred: EOF when reading a line
Ask me anything: An error occurred: EOF when reading a line
Ask me anything: An error occurred: EOF when reading a line
Ask me anything: An error occurred: EOF when reading a line
Ask me anything: An error occurred: EOF when reading a line
Ask me anything: An error occurred: EOF when reading a line
Ask me anything: An error occurred: EOF when reading a line
Ask me anything: An error occurred: EOF when reading a line
Ask me anything: An error occurred: EOF when reading a line
Ask me anything: An error occurred: EOF when reading a line
Ask me anything: An error occurred: EOF when reading a line
Ask me anything: An error occurred: EOF when reading a line
Ask me anything: An error occurred: EOF when reading a line
Ask me anything: An error occurred: EOF when reading a line
Ask me anything: An error occurred: EOF when reading a line
Ask me anything: An error occurred: EOF when reading a line
Ask me anything: An error occurred: EOF when reading a line
Ask me anything: An error occurred: EOF when reading a line
Ask me anything: An error occurred: EOF when reading a line
Ask me anything: An error occurred: EOF when reading a line
Ask me anything: An error occurred: EOF when reading a line
Ask me anything: An error occurred: EOF when reading a line
Ask me anything: An error occurred: EOF when reading a line
Ask me anything: An error occurred: EOF when reading a line
Ask me anything: An error occurred: EOF when reading a line
Ask me anything: An error occurred: EOF when reading a line
Ask me anything: An error occurred: EOF when reading a line
Ask me anything: An error occurred: EOF when reading a line
Ask me anything: An error occurred: EOF when reading a line
Ask me anything: An error occurred: EOF when reading a line
Ask me anything: An error occurred: EOF when reading a line
Ask me anything: An error occurred: EOF when reading a line
Ask me anything: An error occurred: EOF when reading a line
Ask me anything: An error occurred: EOF when reading a line
Ask me anything: An error occurred: EOF when reading a line
Ask me anything: An error occurred: EOF when reading a line
Ask me anything: An error occurred: EOF when reading a line
Ask me anything: An error occurred: EOF when reading a line
Ask me anything: An error occurred: EOF when reading a line
Ask me anything: An error occurred: EOF when reading a line
Ask me anything: An error occurred: EOF when reading a line
Ask me anything: An error occurred: EOF when reading a line
Ask me anything: An error occurred: EOF when reading a line
Ask me anything: An error occurred: EOF when reading a line
Ask me anything: An error occurred: EOF when reading a line
Ask me anything: An error occurred: EOF when reading a line
Ask me anything: An error occurred: EOF when reading a line
Ask me anything: An error occurred: EOF when reading a line
Ask me anything: An error occurred: EOF when reading a line
Ask me anything: An error occurred: EOF when reading a line
Ask me anything: An error occurred: EOF when reading a line
Ask me anything: An error occurred: EOF when reading a line
Ask me anything: An error occurred: EOF when reading a line
Ask me anything: An error occurred: EOF when reading a line
Ask me anything: An error occurred: EOF when reading a line
Ask me anything: An error occurred: EOF when reading a line
Ask me anything: An error occurred: EOF when reading a line
Ask me anything: An error occurred: EOF when reading a line
Ask me anything: An error occurred: EOF when reading a line
Ask me anything: An error occurred: EOF when reading a line
Ask me anything: An error occurred: EOF when reading a line
Ask me anything: An error occurred: EOF when reading a line
Ask me anything: An error occurred: EOF when reading a line
Ask me anything: An error occurred: EOF when reading a line
Ask me anything: An error occurred: EOF when reading a line
Ask me anything: An error occurred: EOF when reading a line
Ask me anything: An error occurred: EOF when reading a line
Ask me anything: An error occurred: EOF when reading a line
Ask me anything: An error occurred: EOF when reading a line
Ask me anything: An error occurred: EOF when reading a line
Ask me anything: An error occurred: EOF when reading a line
Ask me anything: An error occurred: EOF when reading a line
Ask me anything: An error occurred: EOF when reading a line
Ask me anything: An error occurred: EOF when reading a line
Ask me anything: An error occurred: EOF when reading a line
Ask me anything: An error occurred: EOF when reading a line
Ask me anything: An error occurred: EOF when reading a line
Ask me anything: An error occurred: EOF when reading a line
Ask me anything: An error occurred: EOF when reading a line
Ask me anything: An error occurred: EOF when reading a line
Ask me anything: An error occurred: EOF when reading a line
Ask me anything: An error occurred: EOF when reading a line
Ask me anything: An error occurred: EOF when reading a line
Ask me anything: An error occurred: EOF when reading a line
Ask me anything: An error occurred: EOF when reading a line
Ask me anything: An error occurred: EOF when reading a line
Ask me anything: An error occurred: EOF when reading a line
Ask me anything: An error occurred: EOF when reading a line
Ask me anything: An error occurred: EOF when reading a line
Ask me anything: An error occurred: EOF when reading a line
Ask me anything: An error occurred: EOF when reading a line
Ask me anything: An error occurred: EOF when reading a line
Ask me anything: An error occurred: EOF when reading a line
Ask me anything: An error occurred: EOF when reading a line
Ask me anything: An error occurred: EOF when reading a line
Ask me anything: An error occurred: EOF when reading a line
Ask me anything: An error occurred: EOF when reading a line
Ask me anything: An error occurred: EOF when reading a line
Ask me anything: An error occurred: EOF when reading a line
Ask me anything: An error occurred: EOF when reading a line
Ask me anything: An error occurred: EOF when reading a line
Ask me anything: An error occurred: EOF when reading a line
Ask me anything: An error occurred: EOF when reading a line
Ask me anything: An error occurred: EOF when reading a line
Ask me anything: An error occurred: EOF when reading a line
Ask me anything: An error occurred: EOF when reading a line
Ask me anything: An error occurred: EOF when reading a line
Ask me anything: An error occurred: EOF when reading a line
Ask me anything: An error occurred: EOF when reading a line
Ask me anything: An error occurred: EOF when reading a line
Ask me anything: An error occurred: EOF when reading a line
Ask me anything: An error occurred: EOF when reading a line
Ask me anything: An error occurred: EOF when reading a line
Ask me anything: An error occurred: EOF when reading a line
Ask me anything: An error occurred: EOF when reading a line
Ask me anything: An error occurred: EOF when reading a line
Ask me anything: An error occurred: EOF when reading a line
Ask me anything: An error occurred: EOF when reading a line
Ask me anything: An error occurred: EOF when reading a line
Ask me anything: An error occurred: EOF when reading a line
Ask me anything: An error occurred: EOF when reading a line
Ask me anything: An error occurred: EOF when reading a line
Ask me anything: An error occurred: EOF when reading a line
Ask me anything: An error occurred: EOF when reading a line
Ask me anything: An error occurred: EOF when reading a line
Ask me anything: An error occurred: EOF when reading a line
Ask me anything: An error occurred: EOF when reading a line
Ask me anything: An error occurred: EOF when reading a line
Ask me anything: An error occurred: EOF when reading a line
Ask me anything: An error occurred: EOF when reading a line
Ask me anything: An error occurred: EOF when reading a line
Ask me anything: An error occurred: EOF when reading a line
Ask me anything: An error occurred: EOF when reading a line
Ask me anything: An error occurred: EOF when reading a line
Ask me anything: An error occurred: EOF when reading a line
Ask me anything: An error occurred: EOF when reading a line
Ask me anything: An error occurred: EOF when reading a line
Ask me anything: An error occurred: EOF when reading a line
Ask me anything: An error occurred: EOF when reading a line
Ask me anything: An error occurred: EOF when reading a line
Ask me anything: An error occurred: EOF when reading a line
Ask me anything: An error occurred: EOF when reading a line
Ask me anything: An error occurred: EOF when reading a line
Ask me anything: An error occurred: EOF when reading a line
Ask me anything: An error occurred: EOF when reading a line
Ask me anything: An error occurred: EOF when reading a line
Ask me anything: An error occurred: EOF when reading a line
Ask me anything: An error occurred: EOF when reading a line
Ask me anything: An error occurred: EOF when reading a line
Ask me anything: An error occurred: EOF when reading a line
Ask me anything: An error occurred: EOF when reading a line
Ask me anything: An error occurred: EOF when reading a line
Ask me anything: An error occurred: EOF when reading a line
Ask me anything: An error occurred: EOF when reading a line
Ask me anything: An error occurred: EOF when reading a line
Ask me anything: An error occurred: EOF when reading a line
Ask me anything: An error occurred: EOF when reading a line
Ask me anything: An error occurred: EOF when reading a line
Ask me anything: An error occurred: EOF when reading a line
Ask me anything: An error occurred: EOF when reading a line
Ask me anything: An error occurred: EOF when reading a line
Ask me anything: An error occurred: EOF when reading a line
Ask me anything: An error occurred: EOF when reading a line
Ask me anything: An error occurred: EOF when reading a line
Ask me anything: An error occurred: EOF when reading a line
Ask me anything: An error occurred: EOF when reading a line
Ask me anything: An error occurred: EOF when reading a line
Ask me anything: An error occurred: EOF when reading a line
Ask me anything: An error occurred: EOF when reading a line
Ask me anything: An error occurred: EOF when reading a line
Ask me anything: An error occurred: EOF when reading a line
Ask me anything: An error occurred: EOF when reading a line
Ask me anything: An error occurred: EOF when reading a line
Ask me anything: An error occurred: EOF when reading a line
Ask me anything: An error occurred: EOF when reading a line
Ask me anything: An error occurred: EOF when reading a line
Ask me anything: An error occurred: EOF when reading a line
Ask me anything: An error occurred: EOF when reading a line
Ask me anything: An error occurred: EOF when reading a line
Ask me anything: An error occurred: EOF when reading a line
Ask me anything: An error occurred: EOF when reading a line
Ask me anything: An error occurred: EOF when reading a line
Ask me anything: An error occurred: EOF when reading a line
Ask me anything: An error occurred: EOF when reading a line
Ask me anything: An error occurred: EOF when reading a line
Ask me anything: An error occurred: EOF when reading a line
Ask me anything: An error occurred: EOF when reading a line
Ask me anything: An error occurred: EOF when reading a line
Ask me anything: An error occurred: EOF when reading a line
Ask me anything: An error occurred: EOF when reading a line
Ask me anything: An error occurred: EOF when reading a line
Ask me anything: An error occurred: EOF when reading a line
Ask me anything: An error occurred: EOF when reading a line
Ask me anything: An error occurred: EOF when reading a line
Ask me anything: An error occurred: EOF when reading a line
Ask me anything: An error occurred: EOF when reading a line
Ask me anything: An error occurred: EOF when reading a line
Ask me anything: An error occurred: EOF when reading a line
Ask me anything: An error occurred: EOF when reading a line
Ask me anything: An error occurred: EOF when reading a line
Ask me anything: An error occurred: EOF when reading a line
Ask me anything: An error occurred: EOF when reading a line
Ask me anything: An error occurred: EOF when reading a line
Ask me anything: An error occurred: EOF when reading a line
Ask me anything: An error occurred: EOF when reading a line
Ask me anything: An error occurred: EOF when reading a line
Ask me anything: An error occurred: EOF when reading a line
Ask me anything: An error occurred: EOF when reading a line
Ask me anything: An error occurred: EOF when reading a line
Ask me anything: An error occurred: EOF when reading a line
Ask me anything: An error occurred: EOF when reading a line
Ask me anything: An error occurred: EOF when reading a line
Ask me anything: An error occurred: EOF when reading a line
Ask me anything: An error occurred: EOF when reading a line
Ask me anything: An error occurred: EOF when reading a line
Ask me anything: An error occurred: EOF when reading a line
Ask me anything: An error occurred: EOF when reading a line
Ask me anything: An error occurred: EOF when reading a line
Ask me anything: An error occurred: EOF when reading a line
Ask me anything: An error occurred: EOF when reading a line
Ask me anything: An error occurred: EOF when reading a line
Ask me anything: An error occurred: EOF when reading a line
Ask me anything: An error occurred: EOF when reading a line
Ask me anything: An error occurred: EOF when reading a line
Ask me anything: An error occurred: EOF when reading a line
Ask me anything: An error occurred: EOF when reading a line
Ask me anything: An error occurred: EOF when reading a line
Ask me anything: An error occurred: EOF when reading a line
Ask me anything: An error occurred: EOF when reading a line
Ask me anything: An error occurred: EOF when reading a line
Ask me anything: An error occurred: EOF when reading a line
Ask me anything: An error occurred: EOF when reading a line
Ask me anything: An error occurred: EOF when reading a line
Ask me anything: An error occurred: EOF when reading a line
Ask me anything: An error occurred: EOF when reading a line
Ask me anything: An error occurred: EOF when reading a line
Ask me anything: An error occurred: EOF when reading a line
Ask me anything: An error occurred: EOF when reading a line
Ask me anything: An error occurred: EOF when reading a line
Ask me anything: An error occurred: EOF when reading a line
Ask me anything: An error occurred: EOF when reading a line
Ask me anything: An error occurred: EOF when reading a line
Ask me anything: An error occurred: EOF when reading a line
Ask me anything: An error occurred: EOF when reading a line
Ask me anything: An error occurred: EOF when reading a line
Ask me anything: An error occurred: EOF when reading a line
Ask me anything: An error occurred: EOF when reading a line
Ask me anything: An error occurred: EOF when reading a line
Ask me anything: An error occurred: EOF when reading a line
Ask me anything: An error occurred: EOF when reading a line
Ask me anything: An error occurred: EOF when reading a line
Ask me anything: An error occurred: EOF when reading a line
Ask me anything: An error occurred: EOF when reading a line
Ask me anything: An error occurred: EOF when reading a line
Ask me anything: An error occurred: EOF when reading a line
Ask me anything: An error occurred: EOF when reading a line
Ask me anything: An error occurred: EOF when reading a line
Ask me anything: An error occurred: EOF when reading a line
Ask me anything: An error occurred: EOF when reading a line
Ask me anything: An error occurred: EOF when reading a line
Ask me anything: An error occurred: EOF when reading a line
Ask me anything: An error occurred: EOF when reading a line
Ask me anything: An error occurred: EOF when reading a line
Ask me anything: An error occurred: EOF when reading a line
Ask me anything: An error occurred: EOF when reading a line
Ask me anything: An error occurred: EOF when reading a line
Ask me anything: An error occurred: EOF when reading a line
Ask me anything: An error occurred: EOF when reading a line
Ask me anything: An error occurred: EOF when reading a line
Ask me anything: An error occurred: EOF when reading a line
Ask me anything: An error occurred: EOF when reading a line
Ask me anything: An error occurred: EOF when reading a line
Ask me anything: An error occurred: EOF when reading a line
Ask me anything: An error occurred: EOF when reading a line
Ask me anything: An error occurred: EOF when reading a line
Ask me anything: An error occurred: EOF when reading a line
Ask me anything: An error occurred: EOF when reading a line
Ask me anything: An error occurred: EOF when reading a line
Ask me anything: An error occurred: EOF when reading a line
Ask me anything: An error occurred: EOF when reading a line
Ask me anything: An error occurred: EOF when reading a line
Ask me anything: An error occurred: EOF when reading a line
Ask me anything: An error occurred: EOF when reading a line
Ask me anything: An error occurred: EOF when reading a line
Ask me anything: An error occurred: EOF when reading a line
Ask me anything: An error occurred: EOF when reading a line
Ask me anything: An error occurred: EOF when reading a line
Ask me anything: An error occurred: EOF when reading a line
Ask me anything: An error occurred: EOF when reading a line
Ask me anything: An error occurred: EOF when reading a line
Ask me anything: An error occurred: EOF when reading a line
Ask me anything: An error occurred: EOF when reading a line
Ask me anything: An error occurred: EOF when reading a line
Ask me anything: An error occurred: EOF when reading a line
Ask me anything: An error occurred: EOF when reading a line
Ask me anything: An error occurred: EOF when reading a line
Ask me anything: An error occurred: EOF when reading a line
Ask me anything: An error occurred: EOF when reading a line
Ask me anything: An error occurred: EOF when reading a line
Ask me anything: An error occurred: EOF when reading a line
Ask me anything: An error occurred: EOF when reading a line
Ask me anything: An error occurred: EOF when reading a line
Ask me anything: An error occurred: EOF when reading a line
Ask me anything: An error occurred: EOF when reading a line
Ask me anything: An error occurred: EOF when reading a line
Ask me anything: An error occurred: EOF when reading a line
Ask me anything: An error occurred: EOF when reading a line
Ask me anything: An error occurred: EOF when reading a line
Ask me anything: An error occurred: EOF when reading a line
Ask me anything: An error occurred: EOF when reading a line
Ask me anything: An error occurred: EOF when reading a line
Ask me anything: An error occurred: EOF when reading a line
Ask me anything: An error occurred: EOF when reading a line
Ask me anything: An error occurred: EOF when reading a line
Ask me anything: An error occurred: EOF when reading a line
Ask me anything: An error occurred: EOF when reading a line
Ask me anything: An error occurred: EOF when reading a line
Ask me anything: An error occurred: EOF when reading a line
Ask me anything: An error occurred: EOF when reading a line
Ask me anything: An error occurred: EOF when reading a line
Ask me anything: An error occurred: EOF when reading a line
Ask me anything: An error occurred: EOF when reading a line
Ask me anything: An error occurred: EOF when reading a line
Ask me anything: An error occurred: EOF when reading a line
Ask me anything: An error occurred: EOF when reading a line
Ask me anything: An error occurred: EOF when reading a line
Ask me anything: An error occurred: EOF when reading a line
Ask me anything: An error occurred: EOF when reading a line
Ask me anything: An error occurred: EOF when reading a line
Ask me anything: An error occurred: EOF when reading a line
Ask me anything: An error occurred: EOF when reading a line
Ask me anything: An error occurred: EOF when reading a line
Ask me anything: An error occurred: EOF when reading a line
Ask me anything: An error occurred: EOF when reading a line
Ask me anything: An error occurred: EOF when reading a line
Ask me anything: An error occurred: EOF when reading a line
Ask me anything: An error occurred: EOF when reading a line
Ask me anything: An error occurred: EOF when reading a line
Ask me anything: An error occurred: EOF when reading a line
Ask me anything: An error occurred: EOF when reading a line
Ask me anything: An error occurred: EOF when reading a line
Ask me anything: An error occurred: EOF when reading a line
Ask me anything: An error occurred: EOF when reading a line
Ask me anything: An error occurred: EOF when reading a line
Ask me anything: An error occurred: EOF when reading a line
Ask me anything: An error occurred: EOF when reading a line
Ask me anything: An error occurred: EOF when reading a line
Ask me anything: An error occurred: EOF when reading a line
Ask me anything: An error occurred: EOF when reading a line
Ask me anything: An error occurred: EOF when reading a line
Ask me anything: An error occurred: EOF when reading a line
Ask me anything: An error occurred: EOF when reading a line
Ask me anything: An error occurred: EOF when reading a line
Ask me anything: An error occurred: EOF when reading a line
Ask me anything: An error occurred: EOF when reading a line
Ask me anything: An error occurred: EOF when reading a line
Ask me anything: An error occurred: EOF when reading a line
Ask me anything: An error occurred: EOF when reading a line
Ask me anything: An error occurred: EOF when reading a line
Ask me anything: An error occurred: EOF when reading a line
Ask me anything: An error occurred: EOF when reading a line
Ask me anything: An error occurred: EOF when reading a line
Ask me anything: An error occurred: EOF when reading a line
Ask me anything: An error occurred: EOF when reading a line
Ask me anything: An error occurred: EOF when reading a line
Ask me anything: An error occurred: EOF when reading a line
Ask me anything: An error occurred: EOF when reading a line
Ask me anything: An error occurred: EOF when reading a line
Ask me anything: An error occurred: EOF when reading a line
Ask me anything: An error occurred: EOF when reading a line
Ask me anything: An error occurred: EOF when reading a line
Ask me anything: An error occurred: EOF when reading a line
Ask me anything: An error occurred: EOF when reading a line
Ask me anything: An error occurred: EOF when reading a line
Ask me anything: An error occurred: EOF when reading a line
Ask me anything: An error occurred: EOF when reading a line
Ask me anything: An error occurred: EOF when reading a line
Ask me anything: An error occurred: EOF when reading a line
Ask me anything: An error occurred: EOF when reading a line
Ask me anything: An error occurred: EOF when reading a line
Ask me anything: An error occurred: EOF when reading a line
Ask me anything: An error occurred: EOF when reading a line
Ask me anything: An error occurred: EOF when reading a line
Ask me anything: An error occurred: EOF when reading a line
Ask me anything: An error occurred: EOF when reading a line
Ask me anything: An error occurred: EOF when reading a line
Ask me anything: An error occurred: EOF when reading a line
Ask me anything: An error occurred: EOF when reading a line
Ask me anything: An error occurred: EOF when reading a line
Ask me anything: An error occurred: EOF when reading a line
Ask me anything: An error occurred: EOF when reading a line
Ask me anything: An error occurred: EOF when reading a line
Ask me anything: An error occurred: EOF when reading a line
Ask me anything: An error occurred: EOF when reading a line
Ask me anything: An error occurred: EOF when reading a line
Ask me anything: An error occurred: EOF when reading a line
Ask me anything: An error occurred: EOF when reading a line
Ask me anything: An error occurred: EOF when reading a line
Ask me anything: An error occurred: EOF when reading a line
Ask me anything: An error occurred: EOF when reading a line
Ask me anything: An error occurred: EOF when reading a line
Ask me anything: An error occurred: EOF when reading a line
Ask me anything: An error occurred: EOF when reading a line
Ask me anything: An error occurred: EOF when reading a line
Ask me anything: An error occurred: EOF when reading a line
Ask me anything: An error occurred: EOF when reading a line
Ask me anything: An error occurred: EOF when reading a line
Ask me anything: An error occurred: EOF when reading a line
Ask me anything: An error occurred: EOF when reading a line
Ask me anything: An error occurred: EOF when reading a line
Ask me anything: An error occurred: EOF when reading a line
Ask me anything: An error occurred: EOF when reading a line
Ask me anything: An error occurred: EOF when reading a line
Ask me anything: An error occurred: EOF when reading a line
Ask me anything: An error occurred: EOF when reading a line
Ask me anything: An error occurred: EOF when reading a line
Ask me anything: An error occurred: EOF when reading a line
Ask me anything: An error occurred: EOF when reading a line
Ask me anything: An error occurred: EOF when reading a line
Ask me anything: An error occurred: EOF when reading a line
Ask me anything: An error occurred: EOF when reading a line
Ask me anything: An error occurred: EOF when reading a line
Ask me anything: An error occurred: EOF when reading a line
Ask me anything: An error occurred: EOF when reading a line
Ask me anything: An error occurred: EOF when reading a line
Ask me anything: An error occurred: EOF when reading a line
Ask me anything: An error occurred: EOF when reading a line
Ask me anything: An error occurred: EOF when reading a line
Ask me anything: An error occurred: EOF when reading a line
Ask me anything: An error occurred: EOF when reading a line
Ask me anything: An error occurred: EOF when reading a line
Ask me anything: An error occurred: EOF when reading a line
Ask me anything: An error occurred: EOF when reading a line
Ask me anything: An error occurred: EOF when reading a line
Ask me anything: An error occurred: EOF when reading a line
Ask me anything: An error occurred: EOF when reading a line
Ask me anything: An error occurred: EOF when reading a line
Ask me anything: An error occurred: EOF when reading a line
Ask me anything: An error occurred: EOF when reading a line
Ask me anything: An error occurred: EOF when reading a line
Ask me anything: An error occurred: EOF when reading a line
Ask me anything: An error occurred: EOF when reading a line
Ask me anything: An error occurred: EOF when reading a line
Ask me anything: An error occurred: EOF when reading a line
Ask me anything: An error occurred: EOF when reading a line
Ask me anything: An error occurred: EOF when reading a line
Ask me anything: An error occurred: EOF when reading a line
Ask me anything: An error occurred: EOF when reading a line
Ask me anything: An error occurred: EOF when reading a line
Ask me anything: An error occurred: EOF when reading a line
Ask me anything: An error occurred: EOF when reading a line
Ask me anything: An error occurred: EOF when reading a line
Ask me anything: An error occurred: EOF when reading a line
Ask me anything: An error occurred: EOF when reading a line
Ask me anything: An error occurred: EOF when reading a line
Ask me anything: An error occurred: EOF when reading a line
Ask me anything: An error occurred: EOF when reading a line
Ask me anything: An error occurred: EOF when reading a line
Ask me anything: An error occurred: EOF when reading a line
Ask me anything: An error occurred: EOF when reading a line
Ask me anything: An error occurred: EOF when reading a line
Ask me anything: An error occurred: EOF when reading a line
Ask me anything: An error occurred: EOF when reading a line
Ask me anything: An error occurred: EOF when reading a line
Ask me anything: An error occurred: EOF when reading a line
Ask me anything: An error occurred: EOF when reading a line
Ask me anything: An error occurred: EOF when reading a line
Ask me anything: An error occurred: EOF when reading a line
Ask me anything: An error occurred: EOF when reading a line
Ask me anything: An error occurred: EOF when reading a line
Ask me anything: An error occurred: EOF when reading a line
Ask me anything: An error occurred: EOF when reading a line
Ask me anything: An error occurred: EOF when reading a line
Ask me anything: An error occurred: EOF when reading a line
Ask me anything: An error occurred: EOF when reading a line
Ask me anything: An error occurred: EOF when reading a line
Ask me anything: An error occurred: EOF when reading a line
Ask me anything: An error occurred: EOF when reading a line
Ask me anything: An error occurred: EOF when reading a line
Ask me anything: An error occurred: EOF when reading a line
Ask me anything: An error occurred: EOF when reading a line
Ask me anything: An error occurred: EOF when reading a line
Ask me anything: An error occurred: EOF when reading a line
Ask me anything: An error occurred: EOF when reading a line
Ask me anything: An error occurred: EOF when reading a line
Ask me anything: An error occurred: EOF when reading a line
Ask me anything: An error occurred: EOF when reading a line
Ask me anything: An error occurred: EOF when reading a line
Ask me anything: An error occurred: EOF when reading a line
Ask me anything: An error occurred: EOF when reading a line
Ask me anything: An error occurred: EOF when reading a line
Ask me anything: An error occurred: EOF when reading a line
Ask me anything: An error occurred: EOF when reading a line
Ask me anything: An error occurred: EOF when reading a line
Ask me anything: An error occurred: EOF when reading a line
Ask me anything: An error occurred: EOF when reading a line
Ask me anything: An error occurred: EOF when reading a line
Ask me anything: An error occurred: EOF when reading a line
Ask me anything: An error occurred: EOF when reading a line
Ask me anything: An error occurred: EOF when reading a line
Ask me anything: An error occurred: EOF when reading a line
Ask me anything: An error occurred: EOF when reading a line
Ask me anything: An error occurred: EOF when reading a line
Ask me anything: An error occurred: EOF when reading a line
Ask me anything: An error occurred: EOF when reading a line
Ask me anything: An error occurred: EOF when reading a line
Ask me anything: An error occurred: EOF when reading a line
Ask me anything: An error occurred: EOF when reading a line
Ask me anything: An error occurred: EOF when reading a line
Ask me anything: An error occurred: EOF when reading a line
Ask me anything: An error occurred: EOF when reading a line
Ask me anything: An error occurred: EOF when reading a line
Ask me anything: An error occurred: EOF when reading a line
Ask me anything: An error occurred: EOF when reading a line
Ask me anything: An error occurred: EOF when reading a line
Ask me anything: An error occurred: EOF when reading a line
Ask me anything: An error occurred: EOF when reading a line
Ask me anything: An error occurred: EOF when reading a line
Ask me anything: An error occurred: EOF when reading a line
Ask me anything: An error occurred: EOF when reading a line
Ask me anything: An error occurred: EOF when reading a line
Ask me anything: An error occurred: EOF when reading a line
Ask me anything: An error occurred: EOF when reading a line
Ask me anything: An error occurred: EOF when reading a line
Ask me anything: An error occurred: EOF when reading a line
Ask me anything: An error occurred: EOF when reading a line
Ask me anything: An error occurred: EOF when reading a line
Ask me anything: An error occurred: EOF when reading a line
Ask me anything: An error occurred: EOF when reading a line
Ask me anything: An error occurred: EOF when reading a line
Ask me anything: An error occurred: EOF when reading a line
Ask me anything: An error occurred: EOF when reading a line
Ask me anything: An error occurred: EOF when reading a line
Ask me anything: An error occurred: EOF when reading a line
Ask me anything: An error occurred: EOF when reading a line
Ask me anything: An error occurred: EOF when reading a line
Ask me anything: An error occurred: EOF when reading a line
Ask me anything: An error occurred: EOF when reading a line
Ask me anything: An error occurred: EOF when reading a line
Ask me anything: An error occurred: EOF when reading a line
Ask me anything: An error occurred: EOF when reading a line
Ask me anything: An error occurred: EOF when reading a line
Ask me anything: An error occurred: EOF when reading a line
Ask me anything: An error occurred: EOF when reading a line
Ask me anything: An error occurred: EOF when reading a line
Ask me anything: An error occurred: EOF when reading a line
Ask me anything: An error occurred: EOF when reading a line
Ask me anything: An error occurred: EOF when reading a line
Ask me anything: An error occurred: EOF when reading a line
Ask me anything: An error occurred: EOF when reading a line
Ask me anything: An error occurred: EOF when reading a line
Ask me anything: An error occurred: EOF when reading a line
Ask me anything: An error occurred: EOF when reading a line
Ask me anything: An error occurred: EOF when reading a line
Ask me anything: An error occurred: EOF when reading a line
Ask me anything: An error occurred: EOF when reading a line
Ask me anything: An error occurred: EOF when reading a line
Ask me anything: An error occurred: EOF when reading a line
Ask me anything: An error occurred: EOF when reading a line
Ask me anything: An error occurred: EOF when reading a line
Ask me anything: An error occurred: EOF when reading a line
Ask me anything: An error occurred: EOF when reading a line
Ask me anything: An error occurred: EOF when reading a line
Ask me anything: An error occurred: EOF when reading a line
Ask me anything: An error occurred: EOF when reading a line
Ask me anything: An error occurred: EOF when reading a line
Ask me anything: An error occurred: EOF when reading a line
Ask me anything: An error occurred: EOF when reading a line
Ask me anything: An error occurred: EOF when reading a line
Ask me anything: An error occurred: EOF when reading a line
Ask me anything: An error occurred: EOF when reading a line
Ask me anything: An error occurred: EOF when reading a line
Ask me anything: An error occurred: EOF when reading a line
Ask me anything: An error occurred: EOF when reading a line
Ask me anything: An error occurred: EOF when reading a line
Ask me anything: An error occurred: EOF when reading a line
Ask me anything: An error occurred: EOF when reading a line
Ask me anything: An error occurred: EOF when reading a line
Ask me anything: An error occurred: EOF when reading a line
Ask me anything: An error occurred: EOF when reading a line
Ask me anything: An error occurred: EOF when reading a line
Ask me anything: An error occurred: EOF when reading a line
Ask me anything: An error occurred: EOF when reading a line
Ask me anything: An error occurred: EOF when reading a line
Ask me anything: An error occurred: EOF when reading a line
Ask me anything: An error occurred: EOF when reading a line
Ask me anything: An error occurred: EOF when reading a line
Ask me anything: An error occurred: EOF when reading a line
Ask me anything: An error occurred: EOF when reading a line
Ask me anything: An error occurred: EOF when reading a line
Ask me anything: An error occurred: EOF when reading a line
Ask me anything: An error occurred: EOF when reading a line
Ask me anything: An error occurred: EOF when reading a line
Ask me anything: An error occurred: EOF when reading a line
Ask me anything: An error occurred: EOF when reading a line
Ask me anything: An error occurred: EOF when reading a line
Ask me anything: An error occurred: EOF when reading a line
Ask me anything: An error occurred: EOF when reading a line
Ask me anything: An error occurred: EOF when reading a line
Ask me anything: An error occurred: EOF when reading a line
Ask me anything: An error occurred: EOF when reading a line
Ask me anything: An error occurred: EOF when reading a line
Ask me anything: An error occurred: EOF when reading a line
Ask me anything: An error occurred: EOF when reading a line
Ask me anything: An error occurred: EOF when reading a line
Ask me anything: An error occurred: EOF when reading a line
Ask me anything: An error occurred: EOF when reading a line
Ask me anything: An error occurred: EOF when reading a line
Ask me anything: An error occurred: EOF when reading a line
Ask me anything: An error occurred: EOF when reading a line
Ask me anything: An error occurred: EOF when reading a line
Ask me anything: An error occurred: EOF when reading a line
Ask me anything: An error occurred: EOF when reading a line
Ask me anything: An error occurred: EOF when reading a line
Ask me anything: An error occurred: EOF when reading a line
Ask me anything: An error occurred: EOF when reading a line
Ask me anything: An error occurred: EOF when reading a line
Ask me anything: An error occurred: EOF when reading a line
Ask me anything: An error occurred: EOF when reading a line
Ask me anything: An error occurred: EOF when reading a line
Ask me anything: An error occurred: EOF when reading a line
Ask me anything: An error occurred: EOF when reading a line
Ask me anything: An error occurred: EOF when reading a line
Ask me anything: An error occurred: EOF when reading a line
Ask me anything: An error occurred: EOF when reading a line
Ask me anything: An error occurred: EOF when reading a line
Ask me anything: An error occurred: EOF when reading a line
Ask me anything: An error occurred: EOF when reading a line
Ask me anything: An error occurred: EOF when reading a line
Ask me anything: An error occurred: EOF when reading a line
Ask me anything: An error occurred: EOF when reading a line
Ask me anything: An error occurred: EOF when reading a line
Ask me anything: An error occurred: EOF when reading a line
Ask me anything: An error occurred: EOF when reading a line
Ask me anything: An error occurred: EOF when reading a line
Ask me anything: An error occurred: EOF when reading a line
Ask me anything: An error occurred: EOF when reading a line
Ask me anything: An error occurred: EOF when reading a line
Ask me anything: An error occurred: EOF when reading a line
Ask me anything: An error occurred: EOF when reading a line
Ask me anything: An error occurred: EOF when reading a line
Ask me anything: An error occurred: EOF when reading a line
Ask me anything: An error occurred: EOF when reading a line
Ask me anything: An error occurred: EOF when reading a line
Ask me anything: An error occurred: EOF when reading a line
Ask me anything: An error occurred: EOF when reading a line
Ask me anything: An error occurred: EOF when reading a line
Ask me anything: An error occurred: EOF when reading a line
Ask me anything: An error occurred: EOF when reading a line
Ask me anything: An error occurred: EOF when reading a line
Ask me anything: An error occurred: EOF when reading a line
Ask me anything: An error occurred: EOF when reading a line
Ask me anything: An error occurred: EOF when reading a line
Ask me anything: An error occurred: EOF when reading a line
Ask me anything: An error occurred: EOF when reading a line
Ask me anything: An error occurred: EOF when reading a line
Ask me anything: An error occurred: EOF when reading a line
Ask me anything: An error occurred: EOF when reading a line
Ask me anything: An error occurred: EOF when reading a line
Ask me anything: An error occurred: EOF when reading a line
Ask me anything: An error occurred: EOF when reading a line
Ask me anything: An error occurred: EOF when reading a line
Ask me anything: An error occurred: EOF when reading a line
Ask me anything: An error occurred: EOF when reading a line
Ask me anything: An error occurred: EOF when reading a line
Ask me anything: An error occurred: EOF when reading a line
Ask me anything: An error occurred: EOF when reading a line
Ask me anything: An error occurred: EOF when reading a line
Ask me anything: An error occurred: EOF when reading a line
Ask me anything: An error occurred: EOF when reading a line
Ask me anything: An error occurred: EOF when reading a line
Ask me anything: An error occurred: EOF when reading a line
Ask me anything: An error occurred: EOF when reading a line
Ask me anything: An error occurred: EOF when reading a line
Ask me anything: An error occurred: EOF when reading a line
Ask me anything: An error occurred: EOF when reading a line
Ask me anything: An error occurred: EOF when reading a line
Ask me anything: An error occurred: EOF when reading a line
Ask me anything: An error occurred: EOF when reading a line
Ask me anything: An error occurred: EOF when reading a line
Ask me anything: An error occurred: EOF when reading a line
Ask me anything: An error occurred: EOF when reading a line
Ask me anything: An error occurred: EOF when reading a line
Ask me anything: An error occurred: EOF when reading a line
Ask me anything: An error occurred: EOF when reading a line
Ask me anything: An error occurred: EOF when reading a line
Ask me anything: An error occurred: EOF when reading a line
Ask me anything: An error occurred: EOF when reading a line
Ask me anything: An error occurred: EOF when reading a line
Ask me anything: An error occurred: EOF when reading a line
Ask me anything: An error occurred: EOF when reading a line
Ask me anything: An error occurred: EOF when reading a line
Ask me anything: An error occurred: EOF when reading a line
Ask me anything: An error occurred: EOF when reading a line
Ask me anything: An error occurred: EOF when reading a line
Ask me anything: An error occurred: EOF when reading a line
Ask me anything: An error occurred: EOF when reading a line
Ask me anything: An error occurred: EOF when reading a line
Ask me anything: An error occurred: EOF when reading a line
Ask me anything: An error occurred: EOF when reading a line
Ask me anything: An error occurred: EOF when reading a line
Ask me anything: An error occurred: EOF when reading a line
Ask me anything: An error occurred: EOF when reading a line
Ask me anything: An error occurred: EOF when reading a line
Ask me anything: An error occurred: EOF when reading a line
Ask me anything: An error occurred: EOF when reading a line
Ask me anything: An error occurred: EOF when reading a line
Ask me anything: An error occurred: EOF when reading a line
Ask me anything: An error occurred: EOF when reading a line
Ask me anything: An error occurred: EOF when reading a line
Ask me anything: An error occurred: EOF when reading a line
Ask me anything: An error occurred: EOF when reading a line
Ask me anything: An error occurred: EOF when reading a line
Ask me anything: An error occurred: EOF when reading a line
Ask me anything: An error occurred: EOF when reading a line
Ask me anything: An error occurred: EOF when reading a line
Ask me anything: An error occurred: EOF when reading a line
Ask me anything: An error occurred: EOF when reading a line
Ask me anything: An error occurred: EOF when reading a line
Ask me anything: An error occurred: EOF when reading a line
Ask me anything: An error occurred: EOF when reading a line
Ask me anything: An error occurred: EOF when reading a line
Ask me anything: An error occurred: EOF when reading a line
Ask me anything: An error occurred: EOF when reading a line
Ask me anything: An error occurred: EOF when reading a line
Ask me anything: An error occurred: EOF when reading a line
Ask me anything: An error occurred: EOF when reading a line
Ask me anything: An error occurred: EOF when reading a line
Ask me anything: An error occurred: EOF when reading a line
Ask me anything: An error occurred: EOF when reading a line
Ask me anything: An error occurred: EOF when reading a line
Ask me anything: An error occurred: EOF when reading a line
Ask me anything: An error occurred: EOF when reading a line
Ask me anything: An error occurred: EOF when reading a line
Ask me anything: An error occurred: EOF when reading a line
Ask me anything: An error occurred: EOF when reading a line
Ask me anything: An error occurred: EOF when reading a line
Ask me anything: An error occurred: EOF when reading a line
Ask me anything: An error occurred: EOF when reading a line
Ask me anything: An error occurred: EOF when reading a line
Ask me anything: An error occurred: EOF when reading a line
Ask me anything: An error occurred: EOF when reading a line
Ask me anything: An error occurred: EOF when reading a line
Ask me anything: An error occurred: EOF when reading a line
Ask me anything: An error occurred: EOF when reading a line
Ask me anything: An error occurred: EOF when reading a line
Ask me anything: An error occurred: EOF when reading a line
Ask me anything: An error occurred: EOF when reading a line
Ask me anything: An error occurred: EOF when reading a line
Ask me anything: An error occurred: EOF when reading a line
Ask me anything: An error occurred: EOF when reading a line
Ask me anything: An error occurred: EOF when reading a line
Ask me anything: An error occurred: EOF when reading a line
Ask me anything: An error occurred: EOF when reading a line
Ask me anything: An error occurred: EOF when reading a line
Ask me anything: An error occurred: EOF when reading a line
Ask me anything: An error occurred: EOF when reading a line
Ask me anything: An error occurred: EOF when reading a line
Ask me anything: An error occurred: EOF when reading a line
Ask me anything: An error occurred: EOF when reading a line
Ask me anything: An error occurred: EOF when reading a line
Ask me anything: An error occurred: EOF when reading a line
Ask me anything: An error occurred: EOF when reading a line
Ask me anything: An error occurred: EOF when reading a line
Ask me anything: An error occurred: EOF when reading a line
Ask me anything: An error occurred: EOF when reading a line
Ask me anything: An error occurred: EOF when reading a line
Ask me anything: An error occurred: EOF when reading a line
Ask me anything: An error occurred: EOF when reading a line
Ask me anything: An error occurred: EOF when reading a line
Ask me anything: An error occurred: EOF when reading a line
Ask me anything: An error occurred: EOF when reading a line
Ask me anything: An error occurred: EOF when reading a line
Ask me anything: An error occurred: EOF when reading a line
Ask me anything: An error occurred: EOF when reading a line
Ask me anything: An error occurred: EOF when reading a line
Ask me anything: An error occurred: EOF when reading a line
Ask me anything: An error occurred: EOF when reading a line
Ask me anything: An error occurred: EOF when reading a line
Ask me anything: An error occurred: EOF when reading a line
Ask me anything: An error occurred: EOF when reading a line
Ask me anything: An error occurred: EOF when reading a line
Ask me anything: An error occurred: EOF when reading a line
Ask me anything: An error occurred: EOF when reading a line
Ask me anything: An error occurred: EOF when reading a line
Ask me anything: An error occurred: EOF when reading a line
Ask me anything: An error occurred: EOF when reading a line
Ask me anything: An error occurred: EOF when reading a line
Ask me anything: An error occurred: EOF when reading a line
Ask me anything: An error occurred: EOF when reading a line
Ask me anything: An error occurred: EOF when reading a line
Ask me anything: An error occurred: EOF when reading a line
Ask me anything: An error occurred: EOF when reading a line
Ask me anything: An error occurred: EOF when reading a line
Ask me anything: An error occurred: EOF when reading a line
Ask me anything: An error occurred: EOF when reading a line
Ask me anything: An error occurred: EOF when reading a line
Ask me anything: An error occurred: EOF when reading a line
Ask me anything: An error occurred: EOF when reading a line
Ask me anything: An error occurred: EOF when reading a line
Ask me anything: An error occurred: EOF when reading a line
Ask me anything: An error occurred: EOF when reading a line
Ask me anything: An error occurred: EOF when reading a line
Ask me anything: An error occurred: EOF when reading a line
Ask me anything: An error occurred: EOF when reading a line
Ask me anything: An error occurred: EOF when reading a line
Ask me anything: An error occurred: EOF when reading a line
Ask me anything: An error occurred: EOF when reading a line
Ask me anything: An error occurred: EOF when reading a line
Ask me anything: An error occurred: EOF when reading a line
Ask me anything: An error occurred: EOF when reading a line
Ask me anything: An error occurred: EOF when reading a line
Ask me anything: An error occurred: EOF when reading a line
Ask me anything: An error occurred: EOF when reading a line
Ask me anything: An error occurred: EOF when reading a line
Ask me anything: An error occurred: EOF when reading a line
Ask me anything: An error occurred: EOF when reading a line
Ask me anything: An error occurred: EOF when reading a line
Ask me anything: An error occurred: EOF when reading a line
Ask me anything: An error occurred: EOF when reading a line
Ask me anything: An error occurred: EOF when reading a line
Ask me anything: An error occurred: EOF when reading a line
Ask me anything: An error occurred: EOF when reading a line
Ask me anything: An error occurred: EOF when reading a line
Ask me anything: An error occurred: EOF when reading a line
Ask me anything: An error occurred: EOF when reading a line
Ask me anything: An error occurred: EOF when reading a line
Ask me anything: An error occurred: EOF when reading a line
Ask me anything: An error occurred: EOF when reading a line
Ask me anything: An error occurred: EOF when reading a line
Ask me anything: An error occurred: EOF when reading a line
Ask me anything: An error occurred: EOF when reading a line
Ask me anything: An error occurred: EOF when reading a line
Ask me anything: An error occurred: EOF when reading a line
Ask me anything: An error occurred: EOF when reading a line
Ask me anything: An error occurred: EOF when reading a line
Ask me anything: An error occurred: EOF when reading a line
Ask me anything: An error occurred: EOF when reading a line
Ask me anything: An error occurred: EOF when reading a line
Ask me anything: An error occurred: EOF when reading a line
Ask me anything: An error occurred: EOF when reading a line
Ask me anything: An error occurred: EOF when reading a line
Ask me anything: An error occurred: EOF when reading a line
Ask me anything: An error occurred: EOF when reading a line
Ask me anything: An error occurred: EOF when reading a line
Ask me anything: An error occurred: EOF when reading a line
Ask me anything: An error occurred: EOF when reading a line
Ask me anything: An error occurred: EOF when reading a line
Ask me anything: An error occurred: EOF when reading a line
Ask me anything: An error occurred: EOF when reading a line
Ask me anything: An error occurred: EOF when reading a line
Ask me anything: An error occurred: EOF when reading a line
Ask me anything: An error occurred: EOF when reading a line
Ask me anything: An error occurred: EOF when reading a line
Ask me anything: An error occurred: EOF when reading a line
Ask me anything: An error occurred: EOF when reading a line
Ask me anything: An error occurred: EOF when reading a line
Ask me anything: An error occurred: EOF when reading a line
Ask me anything: An error occurred: EOF when reading a line
Ask me anything: An error occurred: EOF when reading a line
Ask me anything: An error occurred: EOF when reading a line
Ask me anything: An error occurred: EOF when reading a line
Ask me anything: An error occurred: EOF when reading a line
Ask me anything: An error occurred: EOF when reading a line
Ask me anything: An error occurred: EOF when reading a line
Ask me anything: An error occurred: EOF when reading a line
Ask me anything: An error occurred: EOF when reading a line
Ask me anything: An error occurred: EOF when reading a line
Ask me anything: An error occurred: EOF when reading a line
Ask me anything: An error occurred: EOF when reading a line
Ask me anything: An error occurred: EOF when reading a line
Ask me anything: An error occurred: EOF when reading a line
Ask me anything: An error occurred: EOF when reading a line
Ask me anything: An error occurred: EOF when reading a line
Ask me anything: An error occurred: EOF when reading a line
Ask me anything: An error occurred: EOF when reading a line
Ask me anything: An error occurred: EOF when reading a line
Ask me anything: An error occurred: EOF when reading a line
Ask me anything: An error occurred: EOF when reading a line
Ask me anything: An error occurred: EOF when reading a line
Ask me anything: An error occurred: EOF when reading a line
Ask me anything: An error occurred: EOF when reading a line
Ask me anything: An error occurred: EOF when reading a line
Ask me anything: An error occurred: EOF when reading a line
Ask me anything: An error occurred: EOF when reading a line
Ask me anything: An error occurred: EOF when reading a line
Ask me anything: An error occurred: EOF when reading a line
Ask me anything: An error occurred: EOF when reading a line
Ask me anything: An error occurred: EOF when reading a line
Ask me anything: An error occurred: EOF when reading a line
Ask me anything: An error occurred: EOF when reading a line
Ask me anything: An error occurred: EOF when reading a line
Ask me anything: An error occurred: EOF when reading a line
Ask me anything: An error occurred: EOF when reading a line
Ask me anything: An error occurred: EOF when reading a line
Ask me anything: An error occurred: EOF when reading a line
Ask me anything: An error occurred: EOF when reading a line
Ask me anything: An error occurred: EOF when reading a line
Ask me anything: An error occurred: EOF when reading a line
Ask me anything: An error occurred: EOF when reading a line
Ask me anything: An error occurred: EOF when reading a line
Ask me anything: An error occurred: EOF when reading a line
Ask me anything: An error occurred: EOF when reading a line
Ask me anything: An error occurred: EOF when reading a line
Ask me anything: An error occurred: EOF when reading a line
Ask me anything: An error occurred: EOF when reading a line
Ask me anything: An error occurred: EOF when reading a line
Ask me anything: An error occurred: EOF when reading a line
Ask me anything: An error occurred: EOF when reading a line
Ask me anything: An error occurred: EOF when reading a line
Ask me anything: An error occurred: EOF when reading a line
Ask me anything: An error occurred: EOF when reading a line
Ask me anything: An error occurred: EOF when reading a line
Ask me anything: An error occurred: EOF when reading a line
Ask me anything: An error occurred: EOF when reading a line
Ask me anything: An error occurred: EOF when reading a line
Ask me anything: An error occurred: EOF when reading a line
Ask me anything: An error occurred: EOF when reading a line
Ask me anything: An error occurred: EOF when reading a line
Ask me anything: An error occurred: EOF when reading a line
Ask me anything: An error occurred: EOF when reading a line
Ask me anything: An error occurred: EOF when reading a line
Ask me anything: An error occurred: EOF when reading a line
Ask me anything: An error occurred: EOF when reading a line
Ask me anything: An error occurred: EOF when reading a line
Ask me anything: An error occurred: EOF when reading a line
Ask me anything: An error occurred: EOF when reading a line
Ask me anything: An error occurred: EOF when reading a line
Ask me anything: An error occurred: EOF when reading a line
Ask me anything: An error occurred: EOF when reading a line
Ask me anything: An error occurred: EOF when reading a line
Ask me anything: An error occurred: EOF when reading a line
Ask me anything: An error occurred: EOF when reading a line
Ask me anything: An error occurred: EOF when reading a line
Ask me anything: An error occurred: EOF when reading a line
Ask me anything: An error occurred: EOF when reading a line
Ask me anything: An error occurred: EOF when reading a line
Ask me anything: An error occurred: EOF when reading a line
Ask me anything: An error occurred: EOF when reading a line
Ask me anything: An error occurred: EOF when reading a line
Ask me anything: An error occurred: EOF when reading a line
Ask me anything: An error occurred: EOF when reading a line
Ask me anything: An error occurred: EOF when reading a line
Ask me anything: An error occurred: EOF when reading a line
Ask me anything: An error occurred: EOF when reading a line
Ask me anything: An error occurred: EOF when reading a line
Ask me anything: An error occurred: EOF when reading a line
Ask me anything: An error occurred: EOF when reading a line
Ask me anything: An error occurred: EOF when reading a line
Ask me anything: An error occurred: EOF when reading a line
Ask me anything: An error occurred: EOF when reading a line
Ask me anything: An error occurred: EOF when reading a line
Ask me anything: An error occurred: EOF when reading a line
Ask me anything: An error occurred: EOF when reading a line
Ask me anything: An error occurred: EOF when reading a line
Ask me anything: An error occurred: EOF when reading a line
Ask me anything: An error occurred: EOF when reading a line
Ask me anything: An error occurred: EOF when reading a line
Ask me anything: An error occurred: EOF when reading a line
Ask me anything: An error occurred: EOF when reading a line
Ask me anything: An error occurred: EOF when reading a line
Ask me anything: An error occurred: EOF when reading a line
Ask me anything: An error occurred: EOF when reading a line
Ask me anything: An error occurred: EOF when reading a line
Ask me anything: An error occurred: EOF when reading a line
Ask me anything: An error occurred: EOF when reading a line
Ask me anything: An error occurred: EOF when reading a line
Ask me anything: An error occurred: EOF when reading a line
Ask me anything: An error occurred: EOF when reading a line
Ask me anything: An error occurred: EOF when reading a line
Ask me anything: An error occurred: EOF when reading a line
Ask me anything: An error occurred: EOF when reading a line
Ask me anything: An error occurred: EOF when reading a line
Ask me anything: An error occurred: EOF when reading a line
Ask me anything: An error occurred: EOF when reading a line
Ask me anything: An error occurred: EOF when reading a line
Ask me anything: An error occurred: EOF when reading a line
Ask me anything: An error occurred: EOF when reading a line
Ask me anything: An error occurred: EOF when reading a line
Ask me anything: An error occurred: EOF when reading a line
Ask me anything: An error occurred: EOF when reading a line
Ask me anything: An error occurred: EOF when reading a line
Ask me anything: An error occurred: EOF when reading a line
Ask me anything: An error occurred: EOF when reading a line
Ask me anything: An error occurred: EOF when reading a line
Ask me anything: An error occurred: EOF when reading a line
Ask me anything: An error occurred: EOF when reading a line
Ask me anything: An error occurred: EOF when reading a line
Ask me anything: An error occurred: EOF when reading a line
Ask me anything: An error occurred: EOF when reading a line
Ask me anything: An error occurred: EOF when reading a line
Ask me anything: An error occurred: EOF when reading a line
Ask me anything: An error occurred: EOF when reading a line
Ask me anything: An error occurred: EOF when reading a line
Ask me anything: An error occurred: EOF when reading a line
Ask me anything: An error occurred: EOF when reading a line
Ask me anything: An error occurred: EOF when reading a line
Ask me anything: An error occurred: EOF when reading a line
Ask me anything: An error occurred: EOF when reading a line
Ask me anything: An error occurred: EOF when reading a line
Ask me anything: An error occurred: EOF when reading a line
Ask me anything: An error occurred: EOF when reading a line
Ask me anything: An error occurred: EOF when reading a line
Ask me anything: An error occurred: EOF when reading a line
Ask me anything: An error occurred: EOF when reading a line
Ask me anything: An error occurred: EOF when reading a line
Ask me anything: An error occurred: EOF when reading a line
Ask me anything: An error occurred: EOF when reading a line
Ask me anything: An error occurred: EOF when reading a line
Ask me anything: An error occurred: EOF when reading a line
Ask me anything: An error occurred: EOF when reading a line
Ask me anything: An error occurred: EOF when reading a line
Ask me anything: An error occurred: EOF when reading a line
Ask me anything: An error occurred: EOF when reading a line
Ask me anything: An error occurred: EOF when reading a line
Ask me anything: An error occurred: EOF when reading a line
Ask me anything: An error occurred: EOF when reading a line
Ask me anything: An error occurred: EOF when reading a line
Ask me anything: An error occurred: EOF when reading a line
Ask me anything: An error occurred: EOF when reading a line
Ask me anything: An error occurred: EOF when reading a line
Ask me anything: An error occurred: EOF when reading a line
Ask me anything: An error occurred: EOF when reading a line
Ask me anything: An error occurred: EOF when reading a line
Ask me anything: An error occurred: EOF when reading a line
Ask me anything: An error occurred: EOF when reading a line
Ask me anything: An error occurred: EOF when reading a line
Ask me anything: An error occurred: EOF when reading a line
Ask me anything: An error occurred: EOF when reading a line
Ask me anything: An error occurred: EOF when reading a line
Ask me anything: An error occurred: EOF when reading a line
Ask me anything: An error occurred: EOF when reading a line
Ask me anything: An error occurred: EOF when reading a line
Ask me anything: An error occurred: EOF when reading a line
Ask me anything: An error occurred: EOF when reading a line
Ask me anything: An error occurred: EOF when reading a line
Ask me anything: An error occurred: EOF when reading a line
Ask me anything: An error occurred: EOF when reading a line
Ask me anything: An error occurred: EOF when reading a line
Ask me anything: An error occurred: EOF when reading a line
Ask me anything: An error occurred: EOF when reading a line
Ask me anything: An error occurred: EOF when reading a line
Ask me anything: An error occurred: EOF when reading a line
Ask me anything: An error occurred: EOF when reading a line
Ask me anything: An error occurred: EOF when reading a line
Ask me anything: An error occurred: EOF when reading a line
Ask me anything: An error occurred: EOF when reading a line
Ask me anything: An error occurred: EOF when reading a line
Ask me anything: An error occurred: EOF when reading a line
Ask me anything: An error occurred: EOF when reading a line
Ask me anything: An error occurred: EOF when reading a line
Ask me anything: An error occurred: EOF when reading a line
Ask me anything: An error occurred: EOF when reading a line
Ask me anything: An error occurred: EOF when reading a line
Ask me anything: An error occurred: EOF when reading a line
Ask me anything: An error occurred: EOF when reading a line
Ask me anything: An error occurred: EOF when reading a line
Ask me anything: An error occurred: EOF when reading a line
Ask me anything: An error occurred: EOF when reading a line
Ask me anything: An error occurred: EOF when reading a line
Ask me anything: An error occurred: EOF when reading a line
Ask me anything: An error occurred: EOF when reading a line
Ask me anything: An error occurred: EOF when reading a line
Ask me anything: An error occurred: EOF when reading a line
Ask me anything: An error occurred: EOF when reading a line
Ask me anything: An error occurred: EOF when reading a line
Ask me anything: An error occurred: EOF when reading a line
Ask me anything: An error occurred: EOF when reading a line
Ask me anything: An error occurred: EOF when reading a line
Ask me anything: An error occurred: EOF when reading a line
Ask me anything: An error occurred: EOF when reading a line
Ask me anything: An error occurred: EOF when reading a line
Ask me anything: An error occurred: EOF when reading a line
Ask me anything: An error occurred: EOF when reading a line
Ask me anything: An error occurred: EOF when reading a line
Ask me anything: An error occurred: EOF when reading a line
Ask me anything: An error occurred: EOF when reading a line
Ask me anything: An error occurred: EOF when reading a line
Ask me anything: An error occurred: EOF when reading a line
Ask me anything: An error occurred: EOF when reading a line
Ask me anything: An error occurred: EOF when reading a line
Ask me anything: An error occurred: EOF when reading a line
Ask me anything: An error occurred: EOF when reading a line
Ask me anything: An error occurred: EOF when reading a line
Ask me anything: An error occurred: EOF when reading a line
Ask me anything: An error occurred: EOF when reading a line
Ask me anything: An error occurred: EOF when reading a line
Ask me anything: An error occurred: EOF when reading a line
Ask me anything: An error occurred: EOF when reading a line
Ask me anything: An error occurred: EOF when reading a line
Ask me anything: An error occurred: EOF when reading a line
Ask me anything: An error occurred: EOF when reading a line
Ask me anything: An error occurred: EOF when reading a line
Ask me anything: An error occurred: EOF when reading a line
Ask me anything: An error occurred: EOF when reading a line
Ask me anything: An error occurred: EOF when reading a line
Ask me anything: An error occurred: EOF when reading a line
Ask me anything: An error occurred: EOF when reading a line
Ask me anything: An error occurred: EOF when reading a line
Ask me anything: An error occurred: EOF when reading a line
Ask me anything: An error occurred: EOF when reading a line
Ask me anything: An error occurred: EOF when reading a line
Ask me anything: An error occurred: EOF when reading a line
Ask me anything: An error occurred: EOF when reading a line
Ask me anything: An error occurred: EOF when reading a line
Ask me anything: An error occurred: EOF when reading a line
Ask me anything: An error occurred: EOF when reading a line
Ask me anything: An error occurred: EOF when reading a line
Ask me anything: An error occurred: EOF when reading a line
Ask me anything: An error occurred: EOF when reading a line
Ask me anything: An error occurred: EOF when reading a line
Ask me anything: An error occurred: EOF when reading a line
Ask me anything: An error occurred: EOF when reading a line
Ask me anything: An error occurred: EOF when reading a line
Ask me anything: An error occurred: EOF when reading a line
Ask me anything: An error occurred: EOF when reading a line
Ask me anything: An error occurred: EOF when reading a line
Ask me anything: An error occurred: EOF when reading a line
Ask me anything: An error occurred: EOF when reading a line
Ask me anything: An error occurred: EOF when reading a line
Ask me anything: An error occurred: EOF when reading a line
Ask me anything: An error occurred: EOF when reading a line
Ask me anything: An error occurred: EOF when reading a line
Ask me anything: An error occurred: EOF when reading a line
Ask me anything: An error occurred: EOF when reading a line
Ask me anything: An error occurred: EOF when reading a line
Ask me anything: An error occurred: EOF when reading a line
Ask me anything: An error occurred: EOF when reading a line
Ask me anything: An error occurred: EOF when reading a line
Ask me anything: An error occurred: EOF when reading a line
Ask me anything: An error occurred: EOF when reading a line
Ask me anything: An error occurred: EOF when reading a line
Ask me anything: An error occurred: EOF when reading a line
Ask me anything: An error occurred: EOF when reading a line
Ask me anything: An error occurred: EOF when reading a line
Ask me anything: An error occurred: EOF when reading a line
Ask me anything: An error occurred: EOF when reading a line
Ask me anything: An error occurred: EOF when reading a line
Ask me anything: An error occurred: EOF when reading a line
Ask me anything: An error occurred: EOF when reading a line
Ask me anything: An error occurred: EOF when reading a line
Ask me anything: An error occurred: EOF when reading a line
Ask me anything: An error occurred: EOF when reading a line
Ask me anything: An error occurred: EOF when reading a line
Ask me anything: An error occurred: EOF when reading a line
Ask me anything: An error occurred: EOF when reading a line
Ask me anything: An error occurred: EOF when reading a line
Ask me anything: An error occurred: EOF when reading a line
Ask me anything: An error occurred: EOF when reading a line
Ask me anything: An error occurred: EOF when reading a line
Ask me anything: An error occurred: EOF when reading a line
Ask me anything: An error occurred: EOF when reading a line
Ask me anything: An error occurred: EOF when reading a line
Ask me anything: An error occurred: EOF when reading a line
Ask me anything: An error occurred: EOF when reading a line
Ask me anything: An error occurred: EOF when reading a line
Ask me anything: An error occurred: EOF when reading a line
Ask me anything: An error occurred: EOF when reading a line
Ask me anything: An error occurred: EOF when reading a line
Ask me anything: An error occurred: EOF when reading a line
Ask me anything: An error occurred: EOF when reading a line
Ask me anything: An error occurred: EOF when reading a line
Ask me anything: An error occurred: EOF when reading a line
Ask me anything: An error occurred: EOF when reading a line
Ask me anything: An error occurred: EOF when reading a line
Ask me anything: An error occurred: EOF when reading a line
Ask me anything: An error occurred: EOF when reading a line
Ask me anything: An error occurred: EOF when reading a line
Ask me anything: An error occurred: EOF when reading a line
Ask me anything: An error occurred: EOF when reading a line
Ask me anything: An error occurred: EOF when reading a line
Ask me anything: An error occurred: EOF when reading a line
Ask me anything: An error occurred: EOF when reading a line
Ask me anything: An error occurred: EOF when reading a line
Ask me anything: An error occurred: EOF when reading a line
Ask me anything: An error occurred: EOF when reading a line
Ask me anything: An error occurred: EOF when reading a line
Ask me anything: An error occurred: EOF when reading a line
Ask me anything: An error occurred: EOF when reading a line
Ask me anything: An error occurred: EOF when reading a line
Ask me anything: An error occurred: EOF when reading a line
Ask me anything: An error occurred: EOF when reading a line
Ask me anything: An error occurred: EOF when reading a line
Ask me anything: An error occurred: EOF when reading a line
Ask me anything: An error occurred: EOF when reading a line
Ask me anything: An error occurred: EOF when reading a line
Ask me anything: An error occurred: EOF when reading a line
Ask me anything: An error occurred: EOF when reading a line
Ask me anything: An error occurred: EOF when reading a line
Ask me anything: An error occurred: EOF when reading a line
Ask me anything: An error occurred: EOF when reading a line
Ask me anything: An error occurred: EOF when reading a line
Ask me anything: An error occurred: EOF when reading a line
Ask me anything: An error occurred: EOF when reading a line
Ask me anything: An error occurred: EOF when reading a line
Ask me anything: An error occurred: EOF when reading a line
Ask me anything: An error occurred: EOF when reading a line
Ask me anything: An error occurred: EOF when reading a line
Ask me anything: An error occurred: EOF when reading a line
Ask me anything: An error occurred: EOF when reading a line
Ask me anything: An error occurred: EOF when reading a line
Ask me anything: An error occurred: EOF when reading a line
Ask me anything: An error occurred: EOF when reading a line
Ask me anything: An error occurred: EOF when reading a line
Ask me anything: An error occurred: EOF when reading a line
Ask me anything: An error occurred: EOF when reading a line
Ask me anything: An error occurred: EOF when reading a line
Ask me anything: An error occurred: EOF when reading a line
Ask me anything: An error occurred: EOF when reading a line
Ask me anything: An error occurred: EOF when reading a line
Ask me anything: An error occurred: EOF when reading a line
Ask me anything: An error occurred: EOF when reading a line
Ask me anything: An error occurred: EOF when reading a line
Ask me anything: An error occurred: EOF when reading a line
Ask me anything: An error occurred: EOF when reading a line
Ask me anything: An error occurred: EOF when reading a line
Ask me anything: An error occurred: EOF when reading a line
Ask me anything: An error occurred: EOF when reading a line
Ask me anything: An error occurred: EOF when reading a line
Ask me anything: An error occurred: EOF when reading a line
Ask me anything: An error occurred: EOF when reading a line
Ask me anything: An error occurred: EOF when reading a line
Ask me anything: An error occurred: EOF when reading a line
Ask me anything: An error occurred: EOF when reading a line
Ask me anything: An error occurred: EOF when reading a line
Ask me anything: An error occurred: EOF when reading a line
Ask me anything: An error occurred: EOF when reading a line
Ask me anything: An error occurred: EOF when reading a line
Ask me anything: An error occurred: EOF when reading a line
Ask me anything: An error occurred: EOF when reading a line
Ask me anything: An error occurred: EOF when reading a line
Ask me anything: An error occurred: EOF when reading a line
Ask me anything: An error occurred: EOF when reading a line
Ask me anything: An error occurred: EOF when reading a line
Ask me anything: An error occurred: EOF when reading a line
Ask me anything: An error occurred: EOF when reading a line
Ask me anything: An error occurred: EOF when reading a line
Ask me anything: An error occurred: EOF when reading a line
Ask me anything: An error occurred: EOF when reading a line
Ask me anything: An error occurred: EOF when reading a line
Ask me anything: An error occurred: EOF when reading a line
Ask me anything: An error occurred: EOF when reading a line
Ask me anything: An error occurred: EOF when reading a line
Ask me anything: An error occurred: EOF when reading a line
Ask me anything: An error occurred: EOF when reading a line
Ask me anything: An error occurred: EOF when reading a line
Ask me anything: An error occurred: EOF when reading a line
Ask me anything: An error occurred: EOF when reading a line
Ask me anything: An error occurred: EOF when reading a line
Ask me anything: An error occurred: EOF when reading a line
Ask me anything: An error occurred: EOF when reading a line
Ask me anything: An error occurred: EOF when reading a line
Ask me anything: An error occurred: EOF when reading a line
Ask me anything: An error occurred: EOF when reading a line
Ask me anything: An error occurred: EOF when reading a line
Ask me anything: An error occurred: EOF when reading a line
Ask me anything: An error occurred: EOF when reading a line
Ask me anything: An error occurred: EOF when reading a line
Ask me anything: An error occurred: EOF when reading a line
Ask me anything: An error occurred: EOF when reading a line
Ask me anything: An error occurred: EOF when reading a line
Ask me anything: An error occurred: EOF when reading a line
Ask me anything: An error occurred: EOF when reading a line
Ask me anything: An error occurred: EOF when reading a line
Ask me anything: An error occurred: EOF when reading a line
Ask me anything: An error occurred: EOF when reading a line
Ask me anything: An error occurred: EOF when reading a line
Ask me anything: An error occurred: EOF when reading a line
Ask me anything: An error occurred: EOF when reading a line
Ask me anything: An error occurred: EOF when reading a line
Ask me anything: An error occurred: EOF when reading a line
Ask me anything: An error occurred: EOF when reading a line
Ask me anything: An error occurred: EOF when reading a line
Ask me anything: An error occurred: EOF when reading a line
Ask me anything: An error occurred: EOF when reading a line
Ask me anything: An error occurred: EOF when reading a line
Ask me anything: An error occurred: EOF when reading a line
Ask me anything: An error occurred: EOF when reading a line
Ask me anything: An error occurred: EOF when reading a line
Ask me anything: An error occurred: EOF when reading a line
Ask me anything: An error occurred: EOF when reading a line
Ask me anything: An error occurred: EOF when reading a line
Ask me anything: An error occurred: EOF when reading a line
Ask me anything: An error occurred: EOF when reading a line
Ask me anything: An error occurred: EOF when reading a line
Ask me anything: An error occurred: EOF when reading a line
Ask me anything: An error occurred: EOF when reading a line
Ask me anything: An error occurred: EOF when reading a line
Ask me anything: An error occurred: EOF when reading a line
Ask me anything: An error occurred: EOF when reading a line
Ask me anything: An error occurred: EOF when reading a line
Ask me anything: An error occurred: EOF when reading a line
Ask me anything: An error occurred: EOF when reading a line
Ask me anything: An error occurred: EOF when reading a line
Ask me anything: An error occurred: EOF when reading a line
Ask me anything: An error occurred: EOF when reading a line
Ask me anything: An error occurred: EOF when reading a line
Ask me anything: An error occurred: EOF when reading a line
Ask me anything: An error occurred: EOF when reading a line
Ask me anything: An error occurred: EOF when reading a line
Ask me anything: An error occurred: EOF when reading a line
Ask me anything: An error occurred: EOF when reading a line
Ask me anything: An error occurred: EOF when reading a line
Ask me anything: An error occurred: EOF when reading a line
Ask me anything: An error occurred: EOF when reading a line
Ask me anything: An error occurred: EOF when reading a line
Ask me anything: An error occurred: EOF when reading a line
Ask me anything: An error occurred: EOF when reading a line
Ask me anything: An error occurred: EOF when reading a line
Ask me anything: An error occurred: EOF when reading a line
Ask me anything: An error occurred: EOF when reading a line
Ask me anything: An error occurred: EOF when reading a line
Ask me anything: An error occurred: EOF when reading a line
Ask me anything: An error occurred: EOF when reading a line
Ask me anything: An error occurred: EOF when reading a line
Ask me anything: An error occurred: EOF when reading a line
Ask me anything: An error occurred: EOF when reading a line
Ask me anything: An error occurred: EOF when reading a line
Ask me anything: An error occurred: EOF when reading a line
Ask me anything: An error occurred: EOF when reading a line
Ask me anything: An error occurred: EOF when reading a line
Ask me anything: An error occurred: EOF when reading a line
Ask me anything: An error occurred: EOF when reading a line
Ask me anything: An error occurred: EOF when reading a line
Ask me anything: An error occurred: EOF when reading a line
Ask me anything: An error occurred: EOF when reading a line
Ask me anything: An error occurred: EOF when reading a line
Ask me anything: An error occurred: EOF when reading a line
Ask me anything: An error occurred: EOF when reading a line
Ask me anything: An error occurred: EOF when reading a line
Ask me anything: An error occurred: EOF when reading a line
Ask me anything: An error occurred: EOF when reading a line
Ask me anything: An error occurred: EOF when reading a line
Ask me anything: An error occurred: EOF when reading a line
Ask me anything: An error occurred: EOF when reading a line
Ask me anything: An error occurred: EOF when reading a line
Ask me anything: An error occurred: EOF when reading a line
Ask me anything: An error occurred: EOF when reading a line
Ask me anything: An error occurred: EOF when reading a line
Ask me anything: An error occurred: EOF when reading a line
Ask me anything: An error occurred: EOF when reading a line
Ask me anything: An error occurred: EOF when reading a line
Ask me anything: An error occurred: EOF when reading a line
Ask me anything: An error occurred: EOF when reading a line
Ask me anything: An error occurred: EOF when reading a line
Ask me anything: An error occurred: EOF when reading a line
Ask me anything: An error occurred: EOF when reading a line
Ask me anything: An error occurred: EOF when reading a line
Ask me anything: An error occurred: EOF when reading a line
Ask me anything: An error occurred: EOF when reading a line
Ask me anything: An error occurred: EOF when reading a line
Ask me anything: An error occurred: EOF when reading a line
Ask me anything: An error occurred: EOF when reading a line
Ask me anything: An error occurred: EOF when reading a line
Ask me anything: An error occurred: EOF when reading a line
Ask me anything: An error occurred: EOF when reading a line
Ask me anything: An error occurred: EOF when reading a line
Ask me anything: An error occurred: EOF when reading a line
Ask me anything: An error occurred: EOF when reading a line
Ask me anything: An error occurred: EOF when reading a line
Ask me anything: An error occurred: EOF when reading a line
Ask me anything: An error occurred: EOF when reading a line
Ask me anything: An error occurred: EOF when reading a line
Ask me anything: An error occurred: EOF when reading a line
Ask me anything: An error occurred: EOF when reading a line
Ask me anything: An error occurred: EOF when reading a line
Ask me anything: An error occurred: EOF when reading a line
Ask me anything: An error occurred: EOF when reading a line
Ask me anything: An error occurred: EOF when reading a line
Ask me anything: An error occurred: EOF when reading a line
Ask me anything: An error occurred: EOF when reading a line
Ask me anything: An error occurred: EOF when reading a line
Ask me anything: An error occurred: EOF when reading a line
Ask me anything: An error occurred: EOF when reading a line
Ask me anything: An error occurred: EOF when reading a line
Ask me anything: An error occurred: EOF when reading a line
Ask me anything: An error occurred: EOF when reading a line
Ask me anything: An error occurred: EOF when reading a line
Ask me anything: An error occurred: EOF when reading a line
Ask me anything: An error occurred: EOF when reading a line
Ask me anything: An error occurred: EOF when reading a line
Ask me anything: An error occurred: EOF when reading a line
Ask me anything: An error occurred: EOF when reading a line
Ask me anything: An error occurred: EOF when reading a line
Ask me anything: An error occurred: EOF when reading a line
Ask me anything: An error occurred: EOF when reading a line
Ask me anything: An error occurred: EOF when reading a line
Ask me anything: An error occurred: EOF when reading a line
Ask me anything: An error occurred: EOF when reading a line
Ask me anything: An error occurred: EOF when reading a line
Ask me anything: An error occurred: EOF when reading a line
Ask me anything: An error occurred: EOF when reading a line
Ask me anything: An error occurred: EOF when reading a line
Ask me anything: An error occurred: EOF when reading a line
Ask me anything: An error occurred: EOF when reading a line
Ask me anything: An error occurred: EOF when reading a line
Ask me anything: An error occurred: EOF when reading a line
Ask me anything: An error occurred: EOF when reading a line
Ask me anything: An error occurred: EOF when reading a line
Ask me anything: An error occurred: EOF when reading a line
Ask me anything: An error occurred: EOF when reading a line
Ask me anything: An error occurred: EOF when reading a line
Ask me anything: An error occurred: EOF when reading a line
Ask me anything: An error occurred: EOF when reading a line
Ask me anything: An error occurred: EOF when reading a line
Ask me anything: An error occurred: EOF when reading a line
Ask me anything: An error occurred: EOF when reading a line
Ask me anything: An error occurred: EOF when reading a line
Ask me anything: An error occurred: EOF when reading a line
Ask me anything: An error occurred: EOF when reading a line
Ask me anything: An error occurred: EOF when reading a line
Ask me anything: An error occurred: EOF when reading a line
Ask me anything: An error occurred: EOF when reading a line
Ask me anything: An error occurred: EOF when reading a line
Ask me anything: An error occurred: EOF when reading a line
Ask me anything: An error occurred: EOF when reading a line
Ask me anything: An error occurred: EOF when reading a line
Ask me anything: An error occurred: EOF when reading a line
Ask me anything: An error occurred: EOF when reading a line
Ask me anything: An error occurred: EOF when reading a line
Ask me anything: An error occurred: EOF when reading a line
Ask me anything: An error occurred: EOF when reading a line
Ask me anything: An error occurred: EOF when reading a line
Ask me anything: An error occurred: EOF when reading a line
Ask me anything: An error occurred: EOF when reading a line
Ask me anything: An error occurred: EOF when reading a line
Ask me anything: An error occurred: EOF when reading a line
Ask me anything: An error occurred: EOF when reading a line
Ask me anything: An error occurred: EOF when reading a line
Ask me anything: An error occurred: EOF when reading a line
Ask me anything: An error occurred: EOF when reading a line
Ask me anything: An error occurred: EOF when reading a line
Ask me anything: An error occurred: EOF when reading a line
Ask me anything: An error occurred: EOF when reading a line
Ask me anything: An error occurred: EOF when reading a line
Ask me anything: An error occurred: EOF when reading a line
Ask me anything: An error occurred: EOF when reading a line
Ask me anything: An error occurred: EOF when reading a line
Ask me anything: An error occurred: EOF when reading a line
Ask me anything: An error occurred: EOF when reading a line
Ask me anything: An error occurred: EOF when reading a line
Ask me anything: An error occurred: EOF when reading a line
Ask me anything: An error occurred: EOF when reading a line
Ask me anything: An error occurred: EOF when reading a line
Ask me anything: An error occurred: EOF when reading a line
Ask me anything: An error occurred: EOF when reading a line
Ask me anything: An error occurred: EOF when reading a line
Ask me anything: An error occurred: EOF when reading a line
Ask me anything: An error occurred: EOF when reading a line
Ask me anything: An error occurred: EOF when reading a line
Ask me anything: An error occurred: EOF when reading a line
Ask me anything: An error occurred: EOF when reading a line
Ask me anything: An error occurred: EOF when reading a line
Ask me anything: An error occurred: EOF when reading a line
Ask me anything: An error occurred: EOF when reading a line
Ask me anything: An error occurred: EOF when reading a line
Ask me anything: An error occurred: EOF when reading a line
Ask me anything: An error occurred: EOF when reading a line
Ask me anything: An error occurred: EOF when reading a line
Ask me anything: An error occurred: EOF when reading a line
Ask me anything: An error occurred: EOF when reading a line
Ask me anything: An error occurred: EOF when reading a line
Ask me anything: An error occurred: EOF when reading a line
Ask me anything: An error occurred: EOF when reading a line
Ask me anything: An error occurred: EOF when reading a line
Ask me anything: An error occurred: EOF when reading a line
Ask me anything: An error occurred: EOF when reading a line
Ask me anything: An error occurred: EOF when reading a line
Ask me anything: An error occurred: EOF when reading a line
Ask me anything: An error occurred: EOF when reading a line
Ask me anything: An error occurred: EOF when reading a line
Ask me anything: An error occurred: EOF when reading a line
Ask me anything: An error occurred: EOF when reading a line
Ask me anything: An error occurred: EOF when reading a line
Ask me anything: An error occurred: EOF when reading a line
Ask me anything: An error occurred: EOF when reading a line
Ask me anything: An error occurred: EOF when reading a line
Ask me anything: An error occurred: EOF when reading a line
Ask me anything: An error occurred: EOF when reading a line
Ask me anything: An error occurred: EOF when reading a line
Ask me anything: An error occurred: EOF when reading a line
Ask me anything: An error occurred: EOF when reading a line
Ask me anything: An error occurred: EOF when reading a line
Ask me anything: An error occurred: EOF when reading a line
Ask me anything: An error occurred: EOF when reading a line
Ask me anything: An error occurred: EOF when reading a line
Ask me anything: An error occurred: EOF when reading a line
Ask me anything: An error occurred: EOF when reading a line
Ask me anything: An error occurred: EOF when reading a line
Ask me anything: An error occurred: EOF when reading a line
Ask me anything: An error occurred: EOF when reading a line
Ask me anything: An error occurred: EOF when reading a line
Ask me anything: An error occurred: EOF when reading a line
Ask me anything: An error occurred: EOF when reading a line
Ask me anything: An error occurred: EOF when reading a line
Ask me anything: An error occurred: EOF when reading a line
Ask me anything: An error occurred: EOF when reading a line
Ask me anything: An error occurred: EOF when reading a line
Ask me anything: An error occurred: EOF when reading a line
Ask me anything: An error occurred: EOF when reading a line
Ask me anything: An error occurred: EOF when reading a line
Ask me anything: An error occurred: EOF when reading a line
Ask me anything: An error occurred: EOF when reading a line
Ask me anything: An error occurred: EOF when reading a line
Ask me anything: An error occurred: EOF when reading a line
Ask me anything: An error occurred: EOF when reading a line
Ask me anything: An error occurred: EOF when reading a line
Ask me anything: An error occurred: EOF when reading a line
Ask me anything: An error occurred: EOF when reading a line
Ask me anything: An error occurred: EOF when reading a line
Ask me anything: An error occurred: EOF when reading a line
Ask me anything: An error occurred: EOF when reading a line
Ask me anything: An error occurred: EOF when reading a line
Ask me anything: An error occurred: EOF when reading a line
Ask me anything: An error occurred: EOF when reading a line
Ask me anything: An error occurred: EOF when reading a line
Ask me anything: An error occurred: EOF when reading a line
Ask me anything: An error occurred: EOF when reading a line
Ask me anything: An error occurred: EOF when reading a line
Ask me anything: An error occurred: EOF when reading a line
Ask me anything: An error occurred: EOF when reading a line
Ask me anything: An error occurred: EOF when reading a line
Ask me anything: An error occurred: EOF when reading a line
Ask me anything: An error occurred: EOF when reading a line
Ask me anything: An error occurred: EOF when reading a line
Ask me anything: An error occurred: EOF when reading a line
Ask me anything: An error occurred: EOF when reading a line
Ask me anything: An error occurred: EOF when reading a line
Ask me anything: An error occurred: EOF when reading a line
Ask me anything: An error occurred: EOF when reading a line
Ask me anything: An error occurred: EOF when reading a line
Ask me anything: An error occurred: EOF when reading a line
Ask me anything: An error occurred: EOF when reading a line
Ask me anything: An error occurred: EOF when reading a line
Ask me anything: An error occurred: EOF when reading a line
Ask me anything: An error occurred: EOF when reading a line
Ask me anything: An error occurred: EOF when reading a line
Ask me anything: An error occurred: EOF when reading a line
Ask me anything: An error occurred: EOF when reading a line
Ask me anything: An error occurred: EOF when reading a line
Ask me anything: An error occurred: EOF when reading a line
Ask me anything: An error occurred: EOF when reading a line
Ask me anything: An error occurred: EOF when reading a line
Ask me anything: An error occurred: EOF when reading a line
Ask me anything: An error occurred: EOF when reading a line
Ask me anything: An error occurred: EOF when reading a line
Ask me anything: An error occurred: EOF when reading a line
Ask me anything: An error occurred: EOF when reading a line
Ask me anything: An error occurred: EOF when reading a line
Ask me anything: An error occurred: EOF when reading a line
Ask me anything: An error occurred: EOF when reading a line
Ask me anything: An error occurred: EOF when reading a line
Ask me anything: An error occurred: EOF when reading a line
Ask me anything: An error occurred: EOF when reading a line
Ask me anything: An error occurred: EOF when reading a line
Ask me anything: An error occurred: EOF when reading a line
Ask me anything: An error occurred: EOF when reading a line
Ask me anything: An error occurred: EOF when reading a line
Ask me anything: An error occurred: EOF when reading a line
Ask me anything: An error occurred: EOF when reading a line
Ask me anything: An error occurred: EOF when reading a line
Ask me anything: An error occurred: EOF when reading a line
Ask me anything: An error occurred: EOF when reading a line
Ask me anything: An error occurred: EOF when reading a line
Ask me anything: An error occurred: EOF when reading a line
Ask me anything: An error occurred: EOF when reading a line
Ask me anything: An error occurred: EOF when reading a line
Ask me anything: An error occurred: EOF when reading a line
Ask me anything: An error occurred: EOF when reading a line
Ask me anything: An error occurred: EOF when reading a line
Ask me anything: An error occurred: EOF when reading a line
Ask me anything: An error occurred: EOF when reading a line
Ask me anything: An error occurred: EOF when reading a line
Ask me anything: An error occurred: EOF when reading a line
Ask me anything: An error occurred: EOF when reading a line
Ask me anything: An error occurred: EOF when reading a line
Ask me anything: An error occurred: EOF when reading a line
Ask me anything: An error occurred: EOF when reading a line
Ask me anything: An error occurred: EOF when reading a line
Ask me anything: An error occurred: EOF when reading a line
Ask me anything: An error occurred: EOF when reading a line
Ask me anything: An error occurred: EOF when reading a line
Ask me anything: An error occurred: EOF when reading a line
Ask me anything: An error occurred: EOF when reading a line
Ask me anything: An error occurred: EOF when reading a line
Ask me anything: An error occurred: EOF when reading a line
Ask me anything: An error occurred: EOF when reading a line
Ask me anything: An error occurred: EOF when reading a line
Ask me anything: An error occurred: EOF when reading a line
Ask me anything: An error occurred: EOF when reading a line
Ask me anything: An error occurred: EOF when reading a line
Ask me anything: An error occurred: EOF when reading a line
Ask me anything: An error occurred: EOF when reading a line
Ask me anything: An error occurred: EOF when reading a line
Ask me anything: An error occurred: EOF when reading a line
Ask me anything: An error occurred: EOF when reading a line
Ask me anything: An error occurred: EOF when reading a line
Ask me anything: An error occurred: EOF when reading a line
Ask me anything: An error occurred: EOF when reading a line
Ask me anything: An error occurred: EOF when reading a line
Ask me anything: An error occurred: EOF when reading a line
Ask me anything: An error occurred: EOF when reading a line
Ask me anything: An error occurred: EOF when reading a line
Ask me anything: An error occurred: EOF when reading a line
Ask me anything: An error occurred: EOF when reading a line
Ask me anything: An error occurred: EOF when reading a line
Ask me anything: An error occurred: EOF when reading a line
Ask me anything: An error occurred: EOF when reading a line
Ask me anything: An error occurred: EOF when reading a line
Ask me anything: An error occurred: EOF when reading a line
Ask me anything: An error occurred: EOF when reading a line
Ask me anything: An error occurred: EOF when reading a line
Ask me anything: An error occurred: EOF when reading a line
Ask me anything: An error occurred: EOF when reading a line
Ask me anything: An error occurred: EOF when reading a line
Ask me anything: An error occurred: EOF when reading a line
Ask me anything: An error occurred: EOF when reading a line
Ask me anything: An error occurred: EOF when reading a line
Ask me anything: An error occurred: EOF when reading a line
Ask me anything: An error occurred: EOF when reading a line
Ask me anything: An error occurred: EOF when reading a line
Ask me anything: An error occurred: EOF when reading a line
Ask me anything: An error occurred: EOF when reading a line
Ask me anything: An error occurred: EOF when reading a line
Ask me anything: An error occurred: EOF when reading a line
Ask me anything: An error occurred: EOF when reading a line
Ask me anything: An error occurred: EOF when reading a line
Ask me anything: An error occurred: EOF when reading a line
Ask me anything: An error occurred: EOF when reading a line
Ask me anything: An error occurred: EOF when reading a line
Ask me anything: An error occurred: EOF when reading a line
Ask me anything: An error occurred: EOF when reading a line
Ask me anything: An error occurred: EOF when reading a line
Ask me anything: An error occurred: EOF when reading a line
Ask me anything: An error occurred: EOF when reading a line
Ask me anything: An error occurred: EOF when reading a line
Ask me anything: An error occurred: EOF when reading a line
Ask me anything: An error occurred: EOF when reading a line
Ask me anything: An error occurred: EOF when reading a line
Ask me anything: An error occurred: EOF when reading a line
Ask me anything: An error occurred: EOF when reading a line
Ask me anything: An error occurred: EOF when reading a line
Ask me anything: An error occurred: EOF when reading a line
Ask me anything: An error occurred: EOF when reading a line
Ask me anything: An error occurred: EOF when reading a line
Ask me anything: An error occurred: EOF when reading a line
Ask me anything: An error occurred: EOF when reading a line
Ask me anything: An error occurred: EOF when reading a line
Ask me anything: An error occurred: EOF when reading a line
Ask me anything: An error occurred: EOF when reading a line
Ask me anything: An error occurred: EOF when reading a line
Ask me anything: An error occurred: EOF when reading a line
Ask me anything: An error occurred: EOF when reading a line
Ask me anything: An error occurred: EOF when reading a line
Ask me anything: An error occurred: EOF when reading a line
Ask me anything: An error occurred: EOF when reading a line
Ask me anything: An error occurred: EOF when reading a line
Ask me anything: An error occurred: EOF when reading a line
Ask me anything: An error occurred: EOF when reading a line
Ask me anything: An error occurred: EOF when reading a line
Ask me anything: An error occurred: EOF when reading a line
Ask me anything: An error occurred: EOF when reading a line
Ask me anything: An error occurred: EOF when reading a line
Ask me anything: An error occurred: EOF when reading a line
Ask me anything: An error occurred: EOF when reading a line
Ask me anything: An error occurred: EOF when reading a line
Ask me anything: An error occurred: EOF when reading a line
Ask me anything: An error occurred: EOF when reading a line
Ask me anything: An error occurred: EOF when reading a line
Ask me anything: An error occurred: EOF when reading a line
Ask me anything: An error occurred: EOF when reading a line
Ask me anything: An error occurred: EOF when reading a line
Ask me anything: An error occurred: EOF when reading a line
Ask me anything: An error occurred: EOF when reading a line
Ask me anything: An error occurred: EOF when reading a line
Ask me anything: An error occurred: EOF when reading a line
Ask me anything: An error occurred: EOF when reading a line
Ask me anything: An error occurred: EOF when reading a line
Ask me anything: An error occurred: EOF when reading a line
Ask me anything: An error occurred: EOF when reading a line
Ask me anything: An error occurred: EOF when reading a line
Ask me anything: An error occurred: EOF when reading a line
Ask me anything: An error occurred: EOF when reading a line
Ask me anything: An error occurred: EOF when reading a line
Ask me anything: An error occurred: EOF when reading a line
Ask me anything: An error occurred: EOF when reading a line
Ask me anything: An error occurred: EOF when reading a line
Ask me anything: An error occurred: EOF when reading a line
Ask me anything: An error occurred: EOF when reading a line
Ask me anything: An error occurred: EOF when reading a line
Ask me anything: An error occurred: EOF when reading a line
Ask me anything: An error occurred: EOF when reading a line
Ask me anything: An error occurred: EOF when reading a line
Ask me anything: An error occurred: EOF when reading a line
Ask me anything: An error occurred: EOF when reading a line
Ask me anything: An error occurred: EOF when reading a line
Ask me anything: An error occurred: EOF when reading a line
Ask me anything: An error occurred: EOF when reading a line
Ask me anything: An error occurred: EOF when reading a line
Ask me anything: An error occurred: EOF when reading a line
Ask me anything: An error occurred: EOF when reading a line
Ask me anything: An error occurred: EOF when reading a line
Ask me anything: An error occurred: EOF when reading a line
Ask me anything: An error occurred: EOF when reading a line
Ask me anything: An error occurred: EOF when reading a line
Ask me anything: An error occurred: EOF when reading a line
Ask me anything: An error occurred: EOF when reading a line
Ask me anything: An error occurred: EOF when reading a line
Ask me anything: An error occurred: EOF when reading a line
Ask me anything: An error occurred: EOF when reading a line
Ask me anything: An error occurred: EOF when reading a line
Ask me anything: An error occurred: EOF when reading a line
Ask me anything: An error occurred: EOF when reading a line
Ask me anything: An error occurred: EOF when reading a line
Ask me anything: An error occurred: EOF when reading a line
Ask me anything: An error occurred: EOF when reading a line
Ask me anything: An error occurred: EOF when reading a line
Ask me anything: An error occurred: EOF when reading a line
Ask me anything: An error occurred: EOF when reading a line
Ask me anything: An error occurred: EOF when reading a line
Ask me anything: An error occurred: EOF when reading a line
Ask me anything: An error occurred: EOF when reading a line
Ask me anything: An error occurred: EOF when reading a line
Ask me anything: An error occurred: EOF when reading a line
Ask me anything: An error occurred: EOF when reading a line
Ask me anything: An error occurred: EOF when reading a line
Ask me anything: An error occurred: EOF when reading a line
Ask me anything: An error occurred: EOF when reading a line
Ask me anything: An error occurred: EOF when reading a line
Ask me anything: An error occurred: EOF when reading a line
Ask me anything: An error occurred: EOF when reading a line
Ask me anything: An error occurred: EOF when reading a line
Ask me anything: An error occurred: EOF when reading a line
Ask me anything: An error occurred: EOF when reading a line
Ask me anything: An error occurred: EOF when reading a line
Ask me anything: An error occurred: EOF when reading a line
Ask me anything: An error occurred: EOF when reading a line
Ask me anything: An error occurred: EOF when reading a line
Ask me anything: An error occurred: EOF when reading a line
Ask me anything: An error occurred: EOF when reading a line
Ask me anything: An error occurred: EOF when reading a line
Ask me anything: An error occurred: EOF when reading a line
Ask me anything: An error occurred: EOF when reading a line
Ask me anything: An error occurred: EOF when reading a line
Ask me anything: An error occurred: EOF when reading a line
Ask me anything: An error occurred: EOF when reading a line
Ask me anything: An error occurred: EOF when reading a line
Ask me anything: An error occurred: EOF when reading a line
Ask me anything: An error occurred: EOF when reading a line
Ask me anything: An error occurred: EOF when reading a line
Ask me anything: An error occurred: EOF when reading a line
Ask me anything: An error occurred: EOF when reading a line
Ask me anything: An error occurred: EOF when reading a line
Ask me anything: An error occurred: EOF when reading a line
Ask me anything: An error occurred: EOF when reading a line
Ask me anything: An error occurred: EOF when reading a line
Ask me anything: An error occurred: EOF when reading a line
Ask me anything: An error occurred: EOF when reading a line
Ask me anything: An error occurred: EOF when reading a line
Ask me anything: An error occurred: EOF when reading a line
Ask me anything: An error occurred: EOF when reading a line
Ask me anything: An error occurred: EOF when reading a line
Ask me anything: An error occurred: EOF when reading a line
Ask me anything: An error occurred: EOF when reading a line
Ask me anything: An error occurred: EOF when reading a line
Ask me anything: An error occurred: EOF when reading a line
Ask me anything: An error occurred: EOF when reading a line
Ask me anything: An error occurred: EOF when reading a line
Ask me anything: An error occurred: EOF when reading a line
Ask me anything: An error occurred: EOF when reading a line
Ask me anything: An error occurred: EOF when reading a line
Ask me anything: An error occurred: EOF when reading a line
Ask me anything: An error occurred: EOF when reading a line
Ask me anything: An error occurred: EOF when reading a line
Ask me anything: An error occurred: EOF when reading a line
Ask me anything: An error occurred: EOF when reading a line
Ask me anything: An error occurred: EOF when reading a line
Ask me anything: An error occurred: EOF when reading a line
Ask me anything: An error occurred: EOF when reading a line
Ask me anything: An error occurred: EOF when reading a line
Ask me anything: An error occurred: EOF when reading a line
Ask me anything: An error occurred: EOF when reading a line
Ask me anything: An error occurred: EOF when reading a line
Ask me anything: An error occurred: EOF when reading a line
Ask me anything: An error occurred: EOF when reading a line
Ask me anything: An error occurred: EOF when reading a line
Ask me anything: An error occurred: EOF when reading a line
Ask me anything: An error occurred: EOF when reading a line
Ask me anything: An error occurred: EOF when reading a line
Ask me anything: An error occurred: EOF when reading a line
Ask me anything: An error occurred: EOF when reading a line
Ask me anything: An error occurred: EOF when reading a line
Ask me anything: An error occurred: EOF when reading a line
Ask me anything: An error occurred: EOF when reading a line
Ask me anything: An error occurred: EOF when reading a line
Ask me anything: An error occurred: EOF when reading a line
Ask me anything: An error occurred: EOF when reading a line
Ask me anything: An error occurred: EOF when reading a line
Ask me anything: An error occurred: EOF when reading a line
Ask me anything: An error occurred: EOF when reading a line
Ask me anything: An error occurred: EOF when reading a line
Ask me anything: An error occurred: EOF when reading a line
Ask me anything: An error occurred: EOF when reading a line
Ask me anything: An error occurred: EOF when reading a line
Ask me anything: An error occurred: EOF when reading a line
Ask me anything: An error occurred: EOF when reading a line
Ask me anything: An error occurred: EOF when reading a line
Ask me anything: An error occurred: EOF when reading a line
Ask me anything: An error occurred: EOF when reading a line
Ask me anything: An error occurred: EOF when reading a line
Ask me anything: An error occurred: EOF when reading a line
Ask me anything: An error occurred: EOF when reading a line
Ask me anything: An error occurred: EOF when reading a line
Ask me anything: An error occurred: EOF when reading a line
Ask me anything: An error occurred: EOF when reading a line
Ask me anything: An error occurred: EOF when reading a line
Ask me anything: An error occurred: EOF when reading a line
Ask me anything: An error occurred: EOF when reading a line
Ask me anything: An error occurred: EOF when reading a line
Ask me anything: An error occurred: EOF when reading a line
Ask me anything: An error occurred: EOF when reading a line
Ask me anything: An error occurred: EOF when reading a line
Ask me anything: An error occurred: EOF when reading a line
Ask me anything: An error occurred: EOF when reading a line
Ask me anything: An error occurred: EOF when reading a line
Ask me anything: An error occurred: EOF when reading a line
Ask me anything: An error occurred: EOF when reading a line
Ask me anything: An error occurred: EOF when reading a line
Ask me anything: An error occurred: EOF when reading a line
Ask me anything: An error occurred: EOF when reading a line
Ask me anything: An error occurred: EOF when reading a line
Ask me anything: An error occurred: EOF when reading a line
Ask me anything: An error occurred: EOF when reading a line
Ask me anything: An error occurred: EOF when reading a line
Ask me anything: An error occurred: EOF when reading a line
Ask me anything: An error occurred: EOF when reading a line
Ask me anything: An error occurred: EOF when reading a line
Ask me anything: An error occurred: EOF when reading a line
Ask me anything: An error occurred: EOF when reading a line
Ask me anything: An error occurred: EOF when reading a line
Ask me anything: An error occurred: EOF when reading a line
Ask me anything: An error occurred: EOF when reading a line
Ask me anything: An error occurred: EOF when reading a line
Ask me anything: An error occurred: EOF when reading a line
Ask me anything: An error occurred: EOF when reading a line
Ask me anything: An error occurred: EOF when reading a line
Ask me anything: An error occurred: EOF when reading a line
Ask me anything: An error occurred: EOF when reading a line
Ask me anything: An error occurred: EOF when reading a line
Ask me anything: An error occurred: EOF when reading a line
Ask me anything: An error occurred: EOF when reading a line
Ask me anything: An error occurred: EOF when reading a line
Ask me anything: An error occurred: EOF when reading a line
Ask me anything: An error occurred: EOF when reading a line
Ask me anything: An error occurred: EOF when reading a line
Ask me anything: An error occurred: EOF when reading a line
Ask me anything: An error occurred: EOF when reading a line
Ask me anything: An error occurred: EOF when reading a line
Ask me anything: An error occurred: EOF when reading a line
Ask me anything: An error occurred: EOF when reading a line
Ask me anything: An error occurred: EOF when reading a line
Ask me anything: An error occurred: EOF when reading a line
Ask me anything: An error occurred: EOF when reading a line
Ask me anything: An error occurred: EOF when reading a line
Ask me anything: An error occurred: EOF when reading a line
Ask me anything: An error occurred: EOF when reading a line
Ask me anything: An error occurred: EOF when reading a line
Ask me anything: An error occurred: EOF when reading a line
Ask me anything: An error occurred: EOF when reading a line
Ask me anything: An error occurred: EOF when reading a line
Ask me anything: An error occurred: EOF when reading a line
Ask me anything: An error occurred: EOF when reading a line
Ask me anything: An error occurred: EOF when reading a line
Ask me anything: An error occurred: EOF when reading a line
Ask me anything: An error occurred: EOF when reading a line
Ask me anything: An error occurred: EOF when reading a line
Ask me anything: An error occurred: EOF when reading a line
Ask me anything: An error occurred: EOF when reading a line
Ask me anything: An error occurred: EOF when reading a line
Ask me anything: An error occurred: EOF when reading a line
Ask me anything: An error occurred: EOF when reading a line
Ask me anything: An error occurred: EOF when reading a line
Ask me anything: An error occurred: EOF when reading a line
Ask me anything: An error occurred: EOF when reading a line
Ask me anything: An error occurred: EOF when reading a line
Ask me anything: An error occurred: EOF when reading a line
Ask me anything: An error occurred: EOF when reading a line
Ask me anything: An error occurred: EOF when reading a line
Ask me anything: An error occurred: EOF when reading a line
Ask me anything: An error occurred: EOF when reading a line
Ask me anything: An error occurred: EOF when reading a line
Ask me anything: An error occurred: EOF when reading a line
Ask me anything: An error occurred: EOF when reading a line
Ask me anything: An error occurred: EOF when reading a line
Ask me anything: An error occurred: EOF when reading a line
Ask me anything: An error occurred: EOF when reading a line
Ask me anything: An error occurred: EOF when reading a line
Ask me anything: An error occurred: EOF when reading a line
Ask me anything: An error occurred: EOF when reading a line
Ask me anything: An error occurred: EOF when reading a line
Ask me anything: An error occurred: EOF when reading a line
Ask me anything: An error occurred: EOF when reading a line
Ask me anything: An error occurred: EOF when reading a line
Ask me anything: An error occurred: EOF when reading a line
Ask me anything: An error occurred: EOF when reading a line
Ask me anything: An error occurred: EOF when reading a line
Ask me anything: An error occurred: EOF when reading a line
Ask me anything: An error occurred: EOF when reading a line
Ask me anything: An error occurred: EOF when reading a line
Ask me anything: An error occurred: EOF when reading a line
Ask me anything: An error occurred: EOF when reading a line
Ask me anything: An error occurred: EOF when reading a line
Ask me anything: An error occurred: EOF when reading a line
Ask me anything: An error occurred: EOF when reading a line
Ask me anything: An error occurred: EOF when reading a line
Ask me anything: An error occurred: EOF when reading a line
Ask me anything: An error occurred: EOF when reading a line
Ask me anything: An error occurred: EOF when reading a line
Ask me anything: An error occurred: EOF when reading a line
Ask me anything: An error occurred: EOF when reading a line
Ask me anything: An error occurred: EOF when reading a line
Ask me anything: An error occurred: EOF when reading a line
Ask me anything: An error occurred: EOF when reading a line
Ask me anything: An error occurred: EOF when reading a line
Ask me anything: An error occurred: EOF when reading a line
Ask me anything: An error occurred: EOF when reading a line
Ask me anything: An error occurred: EOF when reading a line
Ask me anything: An error occurred: EOF when reading a line
Ask me anything: An error occurred: EOF when reading a line
Ask me anything: An error occurred: EOF when reading a line
Ask me anything: An error occurred: EOF when reading a line
Ask me anything: An error occurred: EOF when reading a line
Ask me anything: An error occurred: EOF when reading a line
Ask me anything: An error occurred: EOF when reading a line
Ask me anything: An error occurred: EOF when reading a line
Ask me anything: An error occurred: EOF when reading a line
Ask me anything: An error occurred: EOF when reading a line
Ask me anything: An error occurred: EOF when reading a line
Ask me anything: An error occurred: EOF when reading a line
Ask me anything: An error occurred: EOF when reading a line
Ask me anything: An error occurred: EOF when reading a line
Ask me anything: An error occurred: EOF when reading a line
Ask me anything: An error occurred: EOF when reading a line
Ask me anything: An error occurred: EOF when reading a line
Ask me anything: An error occurred: EOF when reading a line
Ask me anything: An error occurred: EOF when reading a line
Ask me anything: An error occurred: EOF when reading a line
Ask me anything: An error occurred: EOF when reading a line
Ask me anything: An error occurred: EOF when reading a line
Ask me anything: An error occurred: EOF when reading a line
Ask me anything: An error occurred: EOF when reading a line
Ask me anything: An error occurred: EOF when reading a line
Ask me anything: An error occurred: EOF when reading a line
Ask me anything: An error occurred: EOF when reading a line
Ask me anything: An error occurred: EOF when reading a line
Ask me anything: An error occurred: EOF when reading a line
Ask me anything: An error occurred: EOF when reading a line
Ask me anything: An error occurred: EOF when reading a line
Ask me anything: An error occurred: EOF when reading a line
Ask me anything: An error occurred: EOF when reading a line
Ask me anything: An error occurred: EOF when reading a line
Ask me anything: An error occurred: EOF when reading a line
Ask me anything: An error occurred: EOF when reading a line
Ask me anything: An error occurred: EOF when reading a line
Ask me anything: An error occurred: EOF when reading a line
Ask me anything: An error occurred: EOF when reading a line
Ask me anything: An error occurred: EOF when reading a line
Ask me anything: An error occurred: EOF when reading a line
Ask me anything: An error occurred: EOF when reading a line
Ask me anything: An error occurred: EOF when reading a line
Ask me anything: An error occurred: EOF when reading a line
Ask me anything: An error occurred: EOF when reading a line
Ask me anything: An error occurred: EOF when reading a line
Ask me anything: An error occurred: EOF when reading a line
Ask me anything: An error occurred: EOF when reading a line
Ask me anything: An error occurred: EOF when reading a line
Ask me anything: An error occurred: EOF when reading a line
Ask me anything: An error occurred: EOF when reading a line
Ask me anything: An error occurred: EOF when reading a line
Ask me anything: An error occurred: EOF when reading a line
Ask me anything: An error occurred: EOF when reading a line
Ask me anything: An error occurred: EOF when reading a line
Ask me anything: An error occurred: EOF when reading a line
Ask me anything: An error occurred: EOF when reading a line
Ask me anything: An error occurred: EOF when reading a line
Ask me anything: An error occurred: EOF when reading a line
Ask me anything: An error occurred: EOF when reading a line
Ask me anything: An error occurred: EOF when reading a line
Ask me anything: An error occurred: EOF when reading a line
Ask me anything: An error occurred: EOF when reading a line
Ask me anything: An error occurred: EOF when reading a line
Ask me anything: An error occurred: EOF when reading a line
Ask me anything: An error occurred: EOF when reading a line
Ask me anything: An error occurred: EOF when reading a line
Ask me anything: An error occurred: EOF when reading a line
Ask me anything: An error occurred: EOF when reading a line
Ask me anything: An error occurred: EOF when reading a line
Ask me anything: An error occurred: EOF when reading a line
Ask me anything: An error occurred: EOF when reading a line
Ask me anything: An error occurred: EOF when reading a line
Ask me anything: An error occurred: EOF when reading a line
Ask me anything: An error occurred: EOF when reading a line
Ask me anything: An error occurred: EOF when reading a line
Ask me anything: An error occurred: EOF when reading a line
Ask me anything: An error occurred: EOF when reading a line
Ask me anything: An error occurred: EOF when reading a line
Ask me anything: An error occurred: EOF when reading a line
Ask me anything: An error occurred: EOF when reading a line
Ask me anything: An error occurred: EOF when reading a line
Ask me anything: An error occurred: EOF when reading a line
Ask me anything: An error occurred: EOF when reading a line
Ask me anything: An error occurred: EOF when reading a line
Ask me anything: An error occurred: EOF when reading a line
Ask me anything: An error occurred: EOF when reading a line
Ask me anything: An error occurred: EOF when reading a line
Ask me anything: An error occurred: EOF when reading a line
Ask me anything: An error occurred: EOF when reading a line
Ask me anything: An error occurred: EOF when reading a line
Ask me anything: An error occurred: EOF when reading a line
Ask me anything: An error occurred: EOF when reading a line
Ask me anything: An error occurred: EOF when reading a line
Ask me anything: An error occurred: EOF when reading a line
Ask me anything: An error occurred: EOF when reading a line
Ask me anything: An error occurred: EOF when reading a line
Ask me anything: An error occurred: EOF when reading a line
Ask me anything: An error occurred: EOF when reading a line
Ask me anything: An error occurred: EOF when reading a line
Ask me anything: An error occurred: EOF when reading a line
Ask me anything: An error occurred: EOF when reading a line
Ask me anything: An error occurred: EOF when reading a line
Ask me anything: An error occurred: EOF when reading a line
Ask me anything: An error occurred: EOF when reading a line
Ask me anything: An error occurred: EOF when reading a line
Ask me anything: An error occurred: EOF when reading a line
Ask me anything: An error occurred: EOF when reading a line
Ask me anything: An error occurred: EOF when reading a line
Ask me anything: An error occurred: EOF when reading a line
Ask me anything: An error occurred: EOF when reading a line
Ask me anything: An error occurred: EOF when reading a line
Ask me anything: An error occurred: EOF when reading a line
Ask me anything: An error occurred: EOF when reading a line
Ask me anything: An error occurred: EOF when reading a line
Ask me anything: An error occurred: EOF when reading a line
Ask me anything: An error occurred: EOF when reading a line
Ask me anything: An error occurred: EOF when reading a line
Ask me anything: An error occurred: EOF when reading a line
Ask me anything: An error occurred: EOF when reading a line
Ask me anything: An error occurred: EOF when reading a line
Ask me anything: An error occurred: EOF when reading a line
Ask me anything: An error occurred: EOF when reading a line
Ask me anything: An error occurred: EOF when reading a line
Ask me anything: An error occurred: EOF when reading a line
Ask me anything: An error occurred: EOF when reading a line
Ask me anything: An error occurred: EOF when reading a line
Ask me anything: An error occurred: EOF when reading a line
Ask me anything: An error occurred: EOF when reading a line
Ask me anything: An error occurred: EOF when reading a line
Ask me anything: An error occurred: EOF when reading a line
Ask me anything: An error occurred: EOF when reading a line
Ask me anything: An error occurred: EOF when reading a line
Ask me anything: An error occurred: EOF when reading a line
Ask me anything: An error occurred: EOF when reading a line
Ask me anything: An error occurred: EOF when reading a line
Ask me anything: An error occurred: EOF when reading a line
Ask me anything: An error occurred: EOF when reading a line
Ask me anything: An error occurred: EOF when reading a line
Ask me anything: An error occurred: EOF when reading a line
Ask me anything: An error occurred: EOF when reading a line
Ask me anything: An error occurred: EOF when reading a line
Ask me anything: An error occurred: EOF when reading a line
Ask me anything: An error occurred: EOF when reading a line
Ask me anything: An error occurred: EOF when reading a line
Ask me anything: An error occurred: EOF when reading a line
Ask me anything: An error occurred: EOF when reading a line
Ask me anything: An error occurred: EOF when reading a line
Ask me anything: An error occurred: EOF when reading a line
Ask me anything: An error occurred: EOF when reading a line
Ask me anything: An error occurred: EOF when reading a line
Ask me anything: An error occurred: EOF when reading a line
Ask me anything: An error occurred: EOF when reading a line
Ask me anything: An error occurred: EOF when reading a line
Ask me anything: An error occurred: EOF when reading a line
Ask me anything: An error occurred: EOF when reading a line
Ask me anything: An error occurred: EOF when reading a line
Ask me anything: An error occurred: EOF when reading a line
Ask me anything: An error occurred: EOF when reading a line
Ask me anything: An error occurred: EOF when reading a line
Ask me anything: An error occurred: EOF when reading a line
Ask me anything: An error occurred: EOF when reading a line
Ask me anything: An error occurred: EOF when reading a line
Ask me anything: An error occurred: EOF when reading a line
Ask me anything: An error occurred: EOF when reading a line
Ask me anything: An error occurred: EOF when reading a line
Ask me anything: An error occurred: EOF when reading a line
Ask me anything: An error occurred: EOF when reading a line
Ask me anything: An error occurred: EOF when reading a line
Ask me anything: An error occurred: EOF when reading a line
Ask me anything: An error occurred: EOF when reading a line
Ask me anything: An error occurred: EOF when reading a line
Ask me anything: An error occurred: EOF when reading a line
Ask me anything: An error occurred: EOF when reading a line
Ask me anything: An error occurred: EOF when reading a line
Ask me anything: An error occurred: EOF when reading a line
Ask me anything: An error occurred: EOF when reading a line
Ask me anything: An error occurred: EOF when reading a line
Ask me anything: An error occurred: EOF when reading a line
Ask me anything: An error occurred: EOF when reading a line
Ask me anything: An error occurred: EOF when reading a line
Ask me anything: An error occurred: EOF when reading a line
Ask me anything: An error occurred: EOF when reading a line
Ask me anything: An error occurred: EOF when reading a line
Ask me anything: An error occurred: EOF when reading a line
Ask me anything: An error occurred: EOF when reading a line
Ask me anything: An error occurred: EOF when reading a line
Ask me anything: An error occurred: EOF when reading a line
Ask me anything: An error occurred: EOF when reading a line
Ask me anything: An error occurred: EOF when reading a line
Ask me anything: An error occurred: EOF when reading a line
Ask me anything: An error occurred: EOF when reading a line
Ask me anything: An error occurred: EOF when reading a line
Ask me anything: An error occurred: EOF when reading a line
Ask me anything: An error occurred: EOF when reading a line
Ask me anything: An error occurred: EOF when reading a line
Ask me anything: An error occurred: EOF when reading a line
Ask me anything: An error occurred: EOF when reading a line
Ask me anything: An error occurred: EOF when reading a line
Ask me anything: An error occurred: EOF when reading a line
Ask me anything: An error occurred: EOF when reading a line
Ask me anything: An error occurred: EOF when reading a line
Ask me anything: An error occurred: EOF when reading a line
Ask me anything: An error occurred: EOF when reading a line
Ask me anything: An error occurred: EOF when reading a line
Ask me anything: An error occurred: EOF when reading a line
Ask me anything: An error occurred: EOF when reading a line
Ask me anything: An error occurred: EOF when reading a line
Ask me anything: An error occurred: EOF when reading a line
Ask me anything: An error occurred: EOF when reading a line
Ask me anything: An error occurred: EOF when reading a line
Ask me anything: An error occurred: EOF when reading a line
Ask me anything: An error occurred: EOF when reading a line
Ask me anything: An error occurred: EOF when reading a line
Ask me anything: An error occurred: EOF when reading a line
Ask me anything: An error occurred: EOF when reading a line
Ask me anything: An error occurred: EOF when reading a line
Ask me anything: An error occurred: EOF when reading a line
Ask me anything: An error occurred: EOF when reading a line
Ask me anything: An error occurred: EOF when reading a line
Ask me anything: An error occurred: EOF when reading a line
Ask me anything: An error occurred: EOF when reading a line
Ask me anything: An error occurred: EOF when reading a line
Ask me anything: An error occurred: EOF when reading a line
Ask me anything: An error occurred: EOF when reading a line
Ask me anything: An error occurred: EOF when reading a line
Ask me anything: An error occurred: EOF when reading a line
Ask me anything: An error occurred: EOF when reading a line
Ask me anything: An error occurred: EOF when reading a line
Ask me anything: An error occurred: EOF when reading a line
Ask me anything: An error occurred: EOF when reading a line
Ask me anything: An error occurred: EOF when reading a line
Ask me anything: An error occurred: EOF when reading a line
Ask me anything: An error occurred: EOF when reading a line
Ask me anything: An error occurred: EOF when reading a line
Ask me anything: An error occurred: EOF when reading a line
Ask me anything: An error occurred: EOF when reading a line
Ask me anything: An error occurred: EOF when reading a line
Ask me anything: An error occurred: EOF when reading a line
Ask me anything: An error occurred: EOF when reading a line
Ask me anything: An error occurred: EOF when reading a line
Ask me anything: An error occurred: EOF when reading a line
Ask me anything: An error occurred: EOF when reading a line
Ask me anything: An error occurred: EOF when reading a line
Ask me anything: An error occurred: EOF when reading a line
Ask me anything: An error occurred: EOF when reading a line
Ask me anything: An error occurred: EOF when reading a line
Ask me anything: An error occurred: EOF when reading a line
Ask me anything: An error occurred: EOF when reading a line
Ask me anything: An error occurred: EOF when reading a line
Ask me anything: An error occurred: EOF when reading a line
Ask me anything: An error occurred: EOF when reading a line
Ask me anything: An error occurred: EOF when reading a line
Ask me anything: An error occurred: EOF when reading a line
Ask me anything: An error occurred: EOF when reading a line
Ask me anything: An error occurred: EOF when reading a line
Ask me anything: An error occurred: EOF when reading a line
Ask me anything: An error occurred: EOF when reading a line
Ask me anything: An error occurred: EOF when reading a line
Ask me anything: An error occurred: EOF when reading a line
Ask me anything: An error occurred: EOF when reading a line
Ask me anything: An error occurred: EOF when reading a line
Ask me anything: An error occurred: EOF when reading a line
Ask me anything: An error occurred: EOF when reading a line
Ask me anything: An error occurred: EOF when reading a line
Ask me anything: An error occurred: EOF when reading a line
Ask me anything: An error occurred: EOF when reading a line
Ask me anything: An error occurred: EOF when reading a line
Ask me anything: An error occurred: EOF when reading a line
Ask me anything: An error occurred: EOF when reading a line
Ask me anything: An error occurred: EOF when reading a line
Ask me anything: An error occurred: EOF when reading a line
Ask me anything: An error occurred: EOF when reading a line
Ask me anything: An error occurred: EOF when reading a line
Ask me anything: An error occurred: EOF when reading a line
Ask me anything: An error occurred: EOF when reading a line
Ask me anything: An error occurred: EOF when reading a line
Ask me anything: An error occurred: EOF when reading a line
Ask me anything: An error occurred: EOF when reading a line
Ask me anything: An error occurred: EOF when reading a line
Ask me anything: An error occurred: EOF when reading a line
Ask me anything: An error occurred: EOF when reading a line
Ask me anything: An error occurred: EOF when reading a line
Ask me anything: An error occurred: EOF when reading a line
Ask me anything: An error occurred: EOF when reading a line
Ask me anything: An error occurred: EOF when reading a line
Ask me anything: An error occurred: EOF when reading a line
Ask me anything: An error occurred: EOF when reading a line
Ask me anything: An error occurred: EOF when reading a line
Ask me anything: An error occurred: EOF when reading a line
Ask me anything: An error occurred: EOF when reading a line
Ask me anything: An error occurred: EOF when reading a line
Ask me anything: An error occurred: EOF when reading a line
Ask me anything: An error occurred: EOF when reading a line
Ask me anything: An error occurred: EOF when reading a line
Ask me anything: An error occurred: EOF when reading a line
Ask me anything: An error occurred: EOF when reading a line
Ask me anything: An error occurred: EOF when reading a line
Ask me anything: An error occurred: EOF when reading a line
Ask me anything: An error occurred: EOF when reading a line
Ask me anything: An error occurred: EOF when reading a line
Ask me anything: An error occurred: EOF when reading a line
Ask me anything: An error occurred: EOF when reading a line
Ask me anything: An error occurred: EOF when reading a line
Ask me anything: An error occurred: EOF when reading a line
Ask me anything: An error occurred: EOF when reading a line
Ask me anything: An error occurred: EOF when reading a line
Ask me anything: An error occurred: EOF when reading a line
Ask me anything: An error occurred: EOF when reading a line
Ask me anything: An error occurred: EOF when reading a line
Ask me anything: An error occurred: EOF when reading a line
Ask me anything: An error occurred: EOF when reading a line
Ask me anything: An error occurred: EOF when reading a line
Ask me anything: An error occurred: EOF when reading a line
Ask me anything: An error occurred: EOF when reading a line
Ask me anything: An error occurred: EOF when reading a line
Ask me anything: An error occurred: EOF when reading a line
Ask me anything: An error occurred: EOF when reading a line
Ask me anything: An error occurred: EOF when reading a line
Ask me anything: An error occurred: EOF when reading a line
Ask me anything: An error occurred: EOF when reading a line
Ask me anything: An error occurred: EOF when reading a line
Ask me anything: An error occurred: EOF when reading a line
Ask me anything: An error occurred: EOF when reading a line
Ask me anything: An error occurred: EOF when reading a line
Ask me anything: An error occurred: EOF when reading a line
Ask me anything: An error occurred: EOF when reading a line
Ask me anything: An error occurred: EOF when reading a line
Ask me anything: An error occurred: EOF when reading a line
Ask me anything: An error occurred: EOF when reading a line
Ask me anything: An error occurred: EOF when reading a line
Ask me anything: An error occurred: EOF when reading a line
Ask me anything: An error occurred: EOF when reading a line
Ask me anything: An error occurred: EOF when reading a line
Ask me anything: An error occurred: EOF when reading a line
Ask me anything: An error occurred: EOF when reading a line
Ask me anything: An error occurred: EOF when reading a line
Ask me anything: An error occurred: EOF when reading a line
Ask me anything: An error occurred: EOF when reading a line
Ask me anything: An error occurred: EOF when reading a line
Ask me anything: An error occurred: EOF when reading a line
Ask me anything: An error occurred: EOF when reading a line
Ask me anything: An error occurred: EOF when reading a line
Ask me anything: An error occurred: EOF when reading a line
Ask me anything: An error occurred: EOF when reading a line
Ask me anything: An error occurred: EOF when reading a line
Ask me anything: An error occurred: EOF when reading a line
Ask me anything: An error occurred: EOF when reading a line
Ask me anything: An error occurred: EOF when reading a line
Ask me anything: An error occurred: EOF when reading a line
Ask me anything: An error occurred: EOF when reading a line
Ask me anything: An error occurred: EOF when reading a line
Ask me anything: An error occurred: EOF when reading a line
Ask me anything: An error occurred: EOF when reading a line
Ask me anything: An error occurred: EOF when reading a line
Ask me anything: An error occurred: EOF when reading a line
Ask me anything: An error occurred: EOF when reading a line
Ask me anything: An error occurred: EOF when reading a line
Ask me anything: An error occurred: EOF when reading a line
Ask me anything: An error occurred: EOF when reading a line
Ask me anything: An error occurred: EOF when reading a line
Ask me anything: An error occurred: EOF when reading a line
Ask me anything: An error occurred: EOF when reading a line
Ask me anything: An error occurred: EOF when reading a line
Ask me anything: An error occurred: EOF when reading a line
Ask me anything: An error occurred: EOF when reading a line
Ask me anything: An error occurred: EOF when reading a line
Ask me anything: An error occurred: EOF when reading a line
Ask me anything: An error occurred: EOF when reading a line
Ask me anything: An error occurred: EOF when reading a line
Ask me anything: An error occurred: EOF when reading a line
Ask me anything: An error occurred: EOF when reading a line
Ask me anything: An error occurred: EOF when reading a line
Ask me anything: An error occurred: EOF when reading a line
Ask me anything: An error occurred: EOF when reading a line
Ask me anything: An error occurred: EOF when reading a line
Ask me anything: An error occurred: EOF when reading a line
Ask me anything: An error occurred: EOF when reading a line
Ask me anything: An error occurred: EOF when reading a line
Ask me anything: An error occurred: EOF when reading a line
Ask me anything: An error occurred: EOF when reading a line
Ask me anything: An error occurred: EOF when reading a line
Ask me anything: An error occurred: EOF when reading a line
Ask me anything: An error occurred: EOF when reading a line
Ask me anything: An error occurred: EOF when reading a line
Ask me anything: An error occurred: EOF when reading a line
Ask me anything: An error occurred: EOF when reading a line
Ask me anything: An error occurred: EOF when reading a line
Ask me anything: An error occurred: EOF when reading a line
Ask me anything: An error occurred: EOF when reading a line
Ask me anything: An error occurred: EOF when reading a line
Ask me anything: An error occurred: EOF when reading a line
Ask me anything: An error occurred: EOF when reading a line
Ask me anything: An error occurred: EOF when reading a line
Ask me anything: An error occurred: EOF when reading a line
Ask me anything: An error occurred: EOF when reading a line
Ask me anything: An error occurred: EOF when reading a line
Ask me anything: An error occurred: EOF when reading a line
Ask me anything: An error occurred: EOF when reading a line
Ask me anything: An error occurred: EOF when reading a line
Ask me anything: An error occurred: EOF when reading a line
Ask me anything: An error occurred: EOF when reading a line
Ask me anything: An error occurred: EOF when reading a line
Ask me anything: An error occurred: EOF when reading a line
Ask me anything: An error occurred: EOF when reading a line
Ask me anything: An error occurred: EOF when reading a line
Ask me anything: An error occurred: EOF when reading a line
Ask me anything: An error occurred: EOF when reading a line
Ask me anything: An error occurred: EOF when reading a line
Ask me anything: An error occurred: EOF when reading a line
Ask me anything: An error occurred: EOF when reading a line
Ask me anything: An error occurred: EOF when reading a line
Ask me anything: An error occurred: EOF when reading a line
Ask me anything: An error occurred: EOF when reading a line
Ask me anything: An error occurred: EOF when reading a line
Ask me anything: An error occurred: EOF when reading a line
Ask me anything: An error occurred: EOF when reading a line
Ask me anything: An error occurred: EOF when reading a line
Ask me anything: An error occurred: EOF when reading a line
Ask me anything: An error occurred: EOF when reading a line
Ask me anything: An error occurred: EOF when reading a line
Ask me anything: An error occurred: EOF when reading a line
Ask me anything: An error occurred: EOF when reading a line
Ask me anything: An error occurred: EOF when reading a line
Ask me anything: An error occurred: EOF when reading a line
Ask me anything: An error occurred: EOF when reading a line
Ask me anything: An error occurred: EOF when reading a line
Ask me anything: An error occurred: EOF when reading a line
Ask me anything: An error occurred: EOF when reading a line
Ask me anything: An error occurred: EOF when reading a line
Ask me anything: An error occurred: EOF when reading a line
Ask me anything: An error occurred: EOF when reading a line
Ask me anything: An error occurred: EOF when reading a line
Ask me anything: An error occurred: EOF when reading a line
Ask me anything: An error occurred: EOF when reading a line
Ask me anything: An error occurred: EOF when reading a line
Ask me anything: An error occurred: EOF when reading a line
Ask me anything: An error occurred: EOF when reading a line
Ask me anything: An error occurred: EOF when reading a line
Ask me anything: An error occurred: EOF when reading a line
Ask me anything: An error occurred: EOF when reading a line
Ask me anything: An error occurred: EOF when reading a line
Ask me anything: An error occurred: EOF when reading a line
Ask me anything: An error occurred: EOF when reading a line
Ask me anything: An error occurred: EOF when reading a line
Ask me anything: An error occurred: EOF when reading a line
Ask me anything: An error occurred: EOF when reading a line
Ask me anything: An error occurred: EOF when reading a line
Ask me anything: An error occurred: EOF when reading a line
Ask me anything: An error occurred: EOF when reading a line
Ask me anything: An error occurred: EOF when reading a line
Ask me anything: An error occurred: EOF when reading a line
Ask me anything: An error occurred: EOF when reading a line
Ask me anything: An error occurred: EOF when reading a line
Ask me anything: An error occurred: EOF when reading a line
Ask me anything: An error occurred: EOF when reading a line
Ask me anything: An error occurred: EOF when reading a line
Ask me anything: An error occurred: EOF when reading a line
Ask me anything: An error occurred: EOF when reading a line
Ask me anything: An error occurred: EOF when reading a line
Ask me anything: An error occurred: EOF when reading a line
Ask me anything: An error occurred: EOF when reading a line
Ask me anything: An error occurred: EOF when reading a line
Ask me anything: An error occurred: EOF when reading a line
Ask me anything: An error occurred: EOF when reading a line
Ask me anything: An error occurred: EOF when reading a line
Ask me anything: An error occurred: EOF when reading a line
Ask me anything: An error occurred: EOF when reading a line
Ask me anything: An error occurred: EOF when reading a line
Ask me anything: An error occurred: EOF when reading a line
Ask me anything: An error occurred: EOF when reading a line
Ask me anything: An error occurred: EOF when reading a line
Ask me anything: An error occurred: EOF when reading a line
Ask me anything: An error occurred: EOF when reading a line
Ask me anything: An error occurred: EOF when reading a line
Ask me anything: An error occurred: EOF when reading a line
Ask me anything: An error occurred: EOF when reading a line
Ask me anything: An error occurred: EOF when reading a line
Ask me anything: An error occurred: EOF when reading a line
Ask me anything: An error occurred: EOF when reading a line
Ask me anything: An error occurred: EOF when reading a line
Ask me anything: An error occurred: EOF when reading a line
Ask me anything: An error occurred: EOF when reading a line
Ask me anything: An error occurred: EOF when reading a line
Ask me anything: An error occurred: EOF when reading a line
Ask me anything: An error occurred: EOF when reading a line
Ask me anything: An error occurred: EOF when reading a line
Ask me anything: An error occurred: EOF when reading a line
Ask me anything: An error occurred: EOF when reading a line
Ask me anything: An error occurred: EOF when reading a line
Ask me anything: An error occurred: EOF when reading a line
Ask me anything: An error occurred: EOF when reading a line
Ask me anything: An error occurred: EOF when reading a line
Ask me anything: An error occurred: EOF when reading a line
Ask me anything: An error occurred: EOF when reading a line
Ask me anything: An error occurred: EOF when reading a line
Ask me anything: An error occurred: EOF when reading a line
Ask me anything: An error occurred: EOF when reading a line
Ask me anything: An error occurred: EOF when reading a line
Ask me anything: An error occurred: EOF when reading a line
Ask me anything: An error occurred: EOF when reading a line
Ask me anything: An error occurred: EOF when reading a line
Ask me anything: An error occurred: EOF when reading a line
Ask me anything: An error occurred: EOF when reading a line
Ask me anything: An error occurred: EOF when reading a line
Ask me anything: An error occurred: EOF when reading a line
Ask me anything: An error occurred: EOF when reading a line
Ask me anything: An error occurred: EOF when reading a line
Ask me anything: An error occurred: EOF when reading a line
Ask me anything: An error occurred: EOF when reading a line
Ask me anything: An error occurred: EOF when reading a line
Ask me anything: An error occurred: EOF when reading a line
Ask me anything: An error occurred: EOF when reading a line
Ask me anything: An error occurred: EOF when reading a line
Ask me anything: An error occurred: EOF when reading a line
Ask me anything: An error occurred: EOF when reading a line
Ask me anything: An error occurred: EOF when reading a line
Ask me anything: An error occurred: EOF when reading a line
Ask me anything: An error occurred: EOF when reading a line
Ask me anything: An error occurred: EOF when reading a line
Ask me anything: An error occurred: EOF when reading a line
Ask me anything: An error occurred: EOF when reading a line
Ask me anything: An error occurred: EOF when reading a line
Ask me anything: An error occurred: EOF when reading a line
Ask me anything: An error occurred: EOF when reading a line
Ask me anything: An error occurred: EOF when reading a line
Ask me anything: An error occurred: EOF when reading a line
Ask me anything: An error occurred: EOF when reading a line
Ask me anything: An error occurred: EOF when reading a line
Ask me anything: An error occurred: EOF when reading a line
Ask me anything: An error occurred: EOF when reading a line
Ask me anything: An error occurred: EOF when reading a line
Ask me anything: An error occurred: EOF when reading a line
Ask me anything: An error occurred: EOF when reading a line
Ask me anything: An error occurred: EOF when reading a line
Ask me anything: An error occurred: EOF when reading a line
Ask me anything: An error occurred: EOF when reading a line
Ask me anything: An error occurred: EOF when reading a line
Ask me anything: An error occurred: EOF when reading a line
Ask me anything: An error occurred: EOF when reading a line
Ask me anything: An error occurred: EOF when reading a line
Ask me anything: An error occurred: EOF when reading a line
Ask me anything: An error occurred: EOF when reading a line
Ask me anything: An error occurred: EOF when reading a line
Ask me anything: An error occurred: EOF when reading a line
Ask me anything: An error occurred: EOF when reading a line
Ask me anything: An error occurred: EOF when reading a line
Ask me anything: An error occurred: EOF when reading a line
Ask me anything: An error occurred: EOF when reading a line
Ask me anything: An error occurred: EOF when reading a line
Ask me anything: An error occurred: EOF when reading a line
Ask me anything: An error occurred: EOF when reading a line
Ask me anything: An error occurred: EOF when reading a line
Ask me anything: An error occurred: EOF when reading a line
Ask me anything: An error occurred: EOF when reading a line
Ask me anything: An error occurred: EOF when reading a line
Ask me anything: An error occurred: EOF when reading a line
Ask me anything: An error occurred: EOF when reading a line
Ask me anything: An error occurred: EOF when reading a line
Ask me anything: An error occurred: EOF when reading a line
Ask me anything: An error occurred: EOF when reading a line
Ask me anything: An error occurred: EOF when reading a line
Ask me anything: An error occurred: EOF when reading a line
Ask me anything: An error occurred: EOF when reading a line
Ask me anything: An error occurred: EOF when reading a line
Ask me anything: An error occurred: EOF when reading a line
Ask me anything: An error occurred: EOF when reading a line
Ask me anything: An error occurred: EOF when reading a line
Ask me anything: An error occurred: EOF when reading a line
Ask me anything: An error occurred: EOF when reading a line
Ask me anything: An error occurred: EOF when reading a line
Ask me anything: An error occurred: EOF when reading a line
Ask me anything: An error occurred: EOF when reading a line
Ask me anything: An error occurred: EOF when reading a line
Ask me anything: An error occurred: EOF when reading a line
Ask me anything: An error occurred: EOF when reading a line
Ask me anything: An error occurred: EOF when reading a line
Ask me anything: An error occurred: EOF when reading a line
Ask me anything: An error occurred: EOF when reading a line
Ask me anything: An error occurred: EOF when reading a line
Ask me anything: An error occurred: EOF when reading a line
Ask me anything: An error occurred: EOF when reading a line
Ask me anything: An error occurred: EOF when reading a line
Ask me anything: An error occurred: EOF when reading a line
Ask me anything: An error occurred: EOF when reading a line
Ask me anything: An error occurred: EOF when reading a line
Ask me anything: An error occurred: EOF when reading a line
Ask me anything: An error occurred: EOF when reading a line
Ask me anything: An error occurred: EOF when reading a line
Ask me anything: An error occurred: EOF when reading a line
Ask me anything: An error occurred: EOF when reading a line
Ask me anything: An error occurred: EOF when reading a line
Ask me anything: An error occurred: EOF when reading a line
Ask me anything: An error occurred: EOF when reading a line
Ask me anything: An error occurred: EOF when reading a line
Ask me anything: An error occurred: EOF when reading a line
Ask me anything: An error occurred: EOF when reading a line
Ask me anything: An error occurred: EOF when reading a line
Ask me anything: An error occurred: EOF when reading a line
Ask me anything: An error occurred: EOF when reading a line
Ask me anything: An error occurred: EOF when reading a line
Ask me anything: An error occurred: EOF when reading a line
Ask me anything: An error occurred: EOF when reading a line
Ask me anything: An error occurred: EOF when reading a line
Ask me anything: An error occurred: EOF when reading a line
Ask me anything: An error occurred: EOF when reading a line
Ask me anything: An error occurred: EOF when reading a line
Ask me anything: An error occurred: EOF when reading a line
Ask me anything: An error occurred: EOF when reading a line
Ask me anything: An error occurred: EOF when reading a line
Ask me anything: An error occurred: EOF when reading a line
Ask me anything: An error occurred: EOF when reading a line
Ask me anything: An error occurred: EOF when reading a line
Ask me anything: An error occurred: EOF when reading a line
Ask me anything: An error occurred: EOF when reading a line
Ask me anything: An error occurred: EOF when reading a line
Ask me anything: An error occurred: EOF when reading a line
Ask me anything: An error occurred: EOF when reading a line
Ask me anything: An error occurred: EOF when reading a line
Ask me anything: An error occurred: EOF when reading a line
Ask me anything: An error occurred: EOF when reading a line
Ask me anything: An error occurred: EOF when reading a line
Ask me anything: An error occurred: EOF when reading a line
Ask me anything: An error occurred: EOF when reading a line
Ask me anything: An error occurred: EOF when reading a line
Ask me anything: An error occurred: EOF when reading a line
Ask me anything: An error occurred: EOF when reading a line
Ask me anything: An error occurred: EOF when reading a line
Ask me anything: An error occurred: EOF when reading a line
Ask me anything: An error occurred: EOF when reading a line
Ask me anything: An error occurred: EOF when reading a line
Ask me anything: An error occurred: EOF when reading a line
Ask me anything: An error occurred: EOF when reading a line
Ask me anything: An error occurred: EOF when reading a line
Ask me anything: An error occurred: EOF when reading a line
Ask me anything: An error occurred: EOF when reading a line
Ask me anything: An error occurred: EOF when reading a line
Ask me anything: An error occurred: EOF when reading a line
Ask me anything: An error occurred: EOF when reading a line
Ask me anything: An error occurred: EOF when reading a line
Ask me anything: An error occurred: EOF when reading a line
Ask me anything: An error occurred: EOF when reading a line
Ask me anything: An error occurred: EOF when reading a line
Ask me anything: An error occurred: EOF when reading a line
Ask me anything: An error occurred: EOF when reading a line
Ask me anything: An error occurred: EOF when reading a line
Ask me anything: An error occurred: EOF when reading a line
Ask me anything: An error occurred: EOF when reading a line
Ask me anything: An error occurred: EOF when reading a line
Ask me anything: An error occurred: EOF when reading a line
Ask me anything: An error occurred: EOF when reading a line
Ask me anything: An error occurred: EOF when reading a line
Ask me anything: An error occurred: EOF when reading a line
Ask me anything: An error occurred: EOF when reading a line
Ask me anything: An error occurred: EOF when reading a line
Ask me anything: An error occurred: EOF when reading a line
Ask me anything: An error occurred: EOF when reading a line
Ask me anything: An error occurred: EOF when reading a line
Ask me anything: An error occurred: EOF when reading a line
Ask me anything: An error occurred: EOF when reading a line
Ask me anything: An error occurred: EOF when reading a line
Ask me anything: An error occurred: EOF when reading a line
Ask me anything: An error occurred: EOF when reading a line
Ask me anything: An error occurred: EOF when reading a line
Ask me anything: An error occurred: EOF when reading a line
Ask me anything: An error occurred: EOF when reading a line
Ask me anything: An error occurred: EOF when reading a line
Ask me anything: An error occurred: EOF when reading a line
Ask me anything: An error occurred: EOF when reading a line
Ask me anything: An error occurred: EOF when reading a line
Ask me anything: An error occurred: EOF when reading a line
Ask me anything: An error occurred: EOF when reading a line
Ask me anything: An error occurred: EOF when reading a line
Ask me anything: An error occurred: EOF when reading a line
Ask me anything: An error occurred: EOF when reading a line
Ask me anything: An error occurred: EOF when reading a line
Ask me anything: An error occurred: EOF when reading a line
Ask me anything: An error occurred: EOF when reading a line
Ask me anything: An error occurred: EOF when reading a line
Ask me anything: An error occurred: EOF when reading a line
Ask me anything: An error occurred: EOF when reading a line
Ask me anything: An error occurred: EOF when reading a line
Ask me anything: An error occurred: EOF when reading a line
Ask me anything: An error occurred: EOF when reading a line
Ask me anything: An error occurred: EOF when reading a line
Ask me anything: An error occurred: EOF when reading a line
Ask me anything: An error occurred: EOF when reading a line
Ask me anything: An error occurred: EOF when reading a line
Ask me anything: An error occurred: EOF when reading a line
Ask me anything: An error occurred: EOF when reading a line
Ask me anything: An error occurred: EOF when reading a line
Ask me anything: An error occurred: EOF when reading a line
Ask me anything: An error occurred: EOF when reading a line
Ask me anything: An error occurred: EOF when reading a line
Ask me anything: An error occurred: EOF when reading a line
Ask me anything: An error occurred: EOF when reading a line
Ask me anything: An error occurred: EOF when reading a line
Ask me anything: An error occurred: EOF when reading a line
Ask me anything: An error occurred: EOF when reading a line
Ask me anything: An error occurred: EOF when reading a line
Ask me anything: An error occurred: EOF when reading a line
Ask me anything: An error occurred: EOF when reading a line
Ask me anything: An error occurred: EOF when reading a line
Ask me anything: An error occurred: EOF when reading a line
Ask me anything: An error occurred: EOF when reading a line
Ask me anything: An error occurred: EOF when reading a line
Ask me anything: An error occurred: EOF when reading a line
Ask me anything: An error occurred: EOF when reading a line
Ask me anything: An error occurred: EOF when reading a line
Ask me anything: An error occurred: EOF when reading a line
Ask me anything: An error occurred: EOF when reading a line
Ask me anything: An error occurred: EOF when reading a line
Ask me anything: An error occurred: EOF when reading a line
Ask me anything: An error occurred: EOF when reading a line
Ask me anything: An error occurred: EOF when reading a line
Ask me anything: An error occurred: EOF when reading a line
Ask me anything: An error occurred: EOF when reading a line
Ask me anything: An error occurred: EOF when reading a line
Ask me anything: An error occurred: EOF when reading a line
Ask me anything: An error occurred: EOF when reading a line
Ask me anything: An error occurred: EOF when reading a line
Ask me anything: An error occurred: EOF when reading a line
Ask me anything: An error occurred: EOF when reading a line
Ask me anything: An error occurred: EOF when reading a line
Ask me anything: An error occurred: EOF when reading a line
Ask me anything: An error occurred: EOF when reading a line
Ask me anything: An error occurred: EOF when reading a line
Ask me anything: An error occurred: EOF when reading a line
Ask me anything: An error occurred: EOF when reading a line
Ask me anything: An error occurred: EOF when reading a line
Ask me anything: An error occurred: EOF when reading a line
Ask me anything: An error occurred: EOF when reading a line
Ask me anything: An error occurred: EOF when reading a line
Ask me anything: An error occurred: EOF when reading a line
Ask me anything: An error occurred: EOF when reading a line
Ask me anything: An error occurred: EOF when reading a line
Ask me anything: An error occurred: EOF when reading a line
Ask me anything: An error occurred: EOF when reading a line
Ask me anything: An error occurred: EOF when reading a line
Ask me anything: An error occurred: EOF when reading a line
Ask me anything: An error occurred: EOF when reading a line
Ask me anything: An error occurred: EOF when reading a line
Ask me anything: An error occurred: EOF when reading a line
Ask me anything: An error occurred: EOF when reading a line
Ask me anything: An error occurred: EOF when reading a line
Ask me anything: An error occurred: EOF when reading a line
Ask me anything: An error occurred: EOF when reading a line
Ask me anything: An error occurred: EOF when reading a line
Ask me anything: An error occurred: EOF when reading a line
Ask me anything: An error occurred: EOF when reading a line
Ask me anything: An error occurred: EOF when reading a line
Ask me anything: An error occurred: EOF when reading a line
Ask me anything: An error occurred: EOF when reading a line
Ask me anything: An error occurred: EOF when reading a line
Ask me anything: An error occurred: EOF when reading a line
Ask me anything: An error occurred: EOF when reading a line
Ask me anything: An error occurred: EOF when reading a line
Ask me anything: An error occurred: EOF when reading a line
Ask me anything: An error occurred: EOF when reading a line
Ask me anything: An error occurred: EOF when reading a line
Ask me anything: An error occurred: EOF when reading a line
Ask me anything: An error occurred: EOF when reading a line
Ask me anything: An error occurred: EOF when reading a line
Ask me anything: An error occurred: EOF when reading a line
Ask me anything: An error occurred: EOF when reading a line
Ask me anything: An error occurred: EOF when reading a line
Ask me anything: An error occurred: EOF when reading a line
Ask me anything: An error occurred: EOF when reading a line
Ask me anything: An error occurred: EOF when reading a line
Ask me anything: An error occurred: EOF when reading a line
Ask me anything: An error occurred: EOF when reading a line
Ask me anything: An error occurred: EOF when reading a line
Ask me anything: An error occurred: EOF when reading a line
Ask me anything: An error occurred: EOF when reading a line
Ask me anything: An error occurred: EOF when reading a line
Ask me anything: An error occurred: EOF when reading a line
Ask me anything: An error occurred: EOF when reading a line
Ask me anything: An error occurred: EOF when reading a line
Ask me anything: An error occurred: EOF when reading a line
Ask me anything: An error occurred: EOF when reading a line
Ask me anything: An error occurred: EOF when reading a line
Ask me anything: An error occurred: EOF when reading a line
Ask me anything: An error occurred: EOF when reading a line
Ask me anything: An error occurred: EOF when reading a line
Ask me anything: An error occurred: EOF when reading a line
Ask me anything: An error occurred: EOF when reading a line
Ask me anything: An error occurred: EOF when reading a line
Ask me anything: An error occurred: EOF when reading a line
Ask me anything: An error occurred: EOF when reading a line
Ask me anything: An error occurred: EOF when reading a line
Ask me anything: An error occurred: EOF when reading a line
Ask me anything: An error occurred: EOF when reading a line
Ask me anything: An error occurred: EOF when reading a line
Ask me anything: An error occurred: EOF when reading a line
Ask me anything: An error occurred: EOF when reading a line
Ask me anything: An error occurred: EOF when reading a line
Ask me anything: An error occurred: EOF when reading a line
Ask me anything: An error occurred: EOF when reading a line
Ask me anything: An error occurred: EOF when reading a line
Ask me anything: An error occurred: EOF when reading a line
Ask me anything: An error occurred: EOF when reading a line
Ask me anything: An error occurred: EOF when reading a line
Ask me anything: An error occurred: EOF when reading a line
Ask me anything: An error occurred: EOF when reading a line
Ask me anything: An error occurred: EOF when reading a line
Ask me anything: An error occurred: EOF when reading a line
Ask me anything: An error occurred: EOF when reading a line
Ask me anything: An error occurred: EOF when reading a line
Ask me anything: An error occurred: EOF when reading a line
Ask me anything: An error occurred: EOF when reading a line
Ask me anything: An error occurred: EOF when reading a line
Ask me anything: An error occurred: EOF when reading a line
Ask me anything: An error occurred: EOF when reading a line
Ask me anything: An error occurred: EOF when reading a line
Ask me anything: An error occurred: EOF when reading a line
Ask me anything: An error occurred: EOF when reading a line
Ask me anything: An error occurred: EOF when reading a line
Ask me anything: An error occurred: EOF when reading a line
Ask me anything: An error occurred: EOF when reading a line
Ask me anything: An error occurred: EOF when reading a line
Ask me anything: An error occurred: EOF when reading a line
Ask me anything: An error occurred: EOF when reading a line
Ask me anything: An error occurred: EOF when reading a line
Ask me anything: An error occurred: EOF when reading a line
Ask me anything: An error occurred: EOF when reading a line
Ask me anything: An error occurred: EOF when reading a line
Ask me anything: An error occurred: EOF when reading a line
Ask me anything: An error occurred: EOF when reading a line
Ask me anything: An error occurred: EOF when reading a line
Ask me anything: An error occurred: EOF when reading a line
Ask me anything: An error occurred: EOF when reading a line
Ask me anything: An error occurred: EOF when reading a line
Ask me anything: An error occurred: EOF when reading a line
Ask me anything: An error occurred: EOF when reading a line
Ask me anything: An error occurred: EOF when reading a line
Ask me anything: An error occurred: EOF when reading a line
Ask me anything: An error occurred: EOF when reading a line
Ask me anything: An error occurred: EOF when reading a line
Ask me anything: An error occurred: EOF when reading a line
Ask me anything: An error occurred: EOF when reading a line
Ask me anything: An error occurred: EOF when reading a line
Ask me anything: An error occurred: EOF when reading a line
Ask me anything: An error occurred: EOF when reading a line
Ask me anything: An error occurred: EOF when reading a line
Ask me anything: An error occurred: EOF when reading a line
Ask me anything: An error occurred: EOF when reading a line
Ask me anything: An error occurred: EOF when reading a line
Ask me anything: An error occurred: EOF when reading a line
Ask me anything: An error occurred: EOF when reading a line
Ask me anything: An error occurred: EOF when reading a line
Ask me anything: An error occurred: EOF when reading a line
Ask me anything: An error occurred: EOF when reading a line
Ask me anything: An error occurred: EOF when reading a line
Ask me anything: An error occurred: EOF when reading a line
Ask me anything: An error occurred: EOF when reading a line
Ask me anything: An error occurred: EOF when reading a line
Ask me anything: An error occurred: EOF when reading a line
Ask me anything: An error occurred: EOF when reading a line
Ask me anything: An error occurred: EOF when reading a line
Ask me anything: An error occurred: EOF when reading a line
Ask me anything: An error occurred: EOF when reading a line
Ask me anything: An error occurred: EOF when reading a line
Ask me anything: An error occurred: EOF when reading a line
Ask me anything: An error occurred: EOF when reading a line
Ask me anything: An error occurred: EOF when reading a line
Ask me anything: An error occurred: EOF when reading a line
Ask me anything: An error occurred: EOF when reading a line
Ask me anything: An error occurred: EOF when reading a line
Ask me anything: An error occurred: EOF when reading a line
Ask me anything: An error occurred: EOF when reading a line
Ask me anything: An error occurred: EOF when reading a line
Ask me anything: An error occurred: EOF when reading a line
Ask me anything: An error occurred: EOF when reading a line
Ask me anything: An error occurred: EOF when reading a line
Ask me anything: An error occurred: EOF when reading a line
Ask me anything: An error occurred: EOF when reading a line
Ask me anything: An error occurred: EOF when reading a line
Ask me anything: An error occurred: EOF when reading a line
Ask me anything: An error occurred: EOF when reading a line
Ask me anything: An error occurred: EOF when reading a line
Ask me anything: An error occurred: EOF when reading a line
Ask me anything: An error occurred: EOF when reading a line
Ask me anything: An error occurred: EOF when reading a line
Ask me anything: An error occurred: EOF when reading a line
Ask me anything: An error occurred: EOF when reading a line
Ask me anything: An error occurred: EOF when reading a line
Ask me anything: An error occurred: EOF when reading a line
Ask me anything: An error occurred: EOF when reading a line
Ask me anything: An error occurred: EOF when reading a line
Ask me anything: An error occurred: EOF when reading a line
Ask me anything: An error occurred: EOF when reading a line
Ask me anything: An error occurred: EOF when reading a line
Ask me anything: An error occurred: EOF when reading a line
Ask me anything: An error occurred: EOF when reading a line
Ask me anything: An error occurred: EOF when reading a line
Ask me anything: An error occurred: EOF when reading a line
Ask me anything: An error occurred: EOF when reading a line
Ask me anything: An error occurred: EOF when reading a line
Ask me anything: An error occurred: EOF when reading a line
Ask me anything: An error occurred: EOF when reading a line
Ask me anything: An error occurred: EOF when reading a line
Ask me anything: An error occurred: EOF when reading a line
Ask me anything: An error occurred: EOF when reading a line
Ask me anything: An error occurred: EOF when reading a line
Ask me anything: An error occurred: EOF when reading a line
Ask me anything: An error occurred: EOF when reading a line
Ask me anything: An error occurred: EOF when reading a line
Ask me anything: An error occurred: EOF when reading a line
Ask me anything: An error occurred: EOF when reading a line
Ask me anything: An error occurred: EOF when reading a line
Ask me anything: An error occurred: EOF when reading a line
Ask me anything: An error occurred: EOF when reading a line
Ask me anything: An error occurred: EOF when reading a line
Ask me anything: An error occurred: EOF when reading a line
Ask me anything: An error occurred: EOF when reading a line
Ask me anything: An error occurred: EOF when reading a line
Ask me anything: An error occurred: EOF when reading a line
Ask me anything: An error occurred: EOF when reading a line
Ask me anything: An error occurred: EOF when reading a line
Ask me anything: An error occurred: EOF when reading a line
Ask me anything: An error occurred: EOF when reading a line
Ask me anything: An error occurred: EOF when reading a line
Ask me anything: An error occurred: EOF when reading a line
Ask me anything: An error occurred: EOF when reading a line
Ask me anything: An error occurred: EOF when reading a line
Ask me anything: An error occurred: EOF when reading a line
Ask me anything: An error occurred: EOF when reading a line
Ask me anything: An error occurred: EOF when reading a line
Ask me anything: An error occurred: EOF when reading a line
Ask me anything: An error occurred: EOF when reading a line
Ask me anything: An error occurred: EOF when reading a line
Ask me anything: An error occurred: EOF when reading a line
Ask me anything: An error occurred: EOF when reading a line
Ask me anything: An error occurred: EOF when reading a line
Ask me anything: An error occurred: EOF when reading a line
Ask me anything: An error occurred: EOF when reading a line
Ask me anything: An error occurred: EOF when reading a line
Ask me anything: An error occurred: EOF when reading a line
Ask me anything: An error occurred: EOF when reading a line
Ask me anything: An error occurred: EOF when reading a line
Ask me anything: An error occurred: EOF when reading a line
Ask me anything: An error occurred: EOF when reading a line
Ask me anything: An error occurred: EOF when reading a line
Ask me anything: An error occurred: EOF when reading a line
Ask me anything: An error occurred: EOF when reading a line
Ask me anything: An error occurred: EOF when reading a line
Ask me anything: An error occurred: EOF when reading a line
Ask me anything: An error occurred: EOF when reading a line
Ask me anything: An error occurred: EOF when reading a line
Ask me anything: An error occurred: EOF when reading a line
Ask me anything: An error occurred: EOF when reading a line
Ask me anything: An error occurred: EOF when reading a line
Ask me anything: An error occurred: EOF when reading a line
Ask me anything: An error occurred: EOF when reading a line
Ask me anything: An error occurred: EOF when reading a line
Ask me anything: An error occurred: EOF when reading a line
Ask me anything: An error occurred: EOF when reading a line
Ask me anything: An error occurred: EOF when reading a line
Ask me anything: An error occurred: EOF when reading a line
Ask me anything: An error occurred: EOF when reading a line
Ask me anything: An error occurred: EOF when reading a line
Ask me anything: An error occurred: EOF when reading a line
Ask me anything: An error occurred: EOF when reading a line
Ask me anything: An error occurred: EOF when reading a line
Ask me anything: An error occurred: EOF when reading a line
Ask me anything: An error occurred: EOF when reading a line
Ask me anything: An error occurred: EOF when reading a line
Ask me anything: An error occurred: EOF when reading a line
Ask me anything: An error occurred: EOF when reading a line
Ask me anything: An error occurred: EOF when reading a line
Ask me anything: An error occurred: EOF when reading a line
Ask me anything: An error occurred: EOF when reading a line
Ask me anything: An error occurred: EOF when reading a line
Ask me anything: An error occurred: EOF when reading a line
Ask me anything: An error occurred: EOF when reading a line
Ask me anything: An error occurred: EOF when reading a line
Ask me anything: An error occurred: EOF when reading a line
Ask me anything: An error occurred: EOF when reading a line
Ask me anything: An error occurred: EOF when reading a line
Ask me anything: An error occurred: EOF when reading a line
Ask me anything: An error occurred: EOF when reading a line
Ask me anything: An error occurred: EOF when reading a line
Ask me anything: An error occurred: EOF when reading a line
Ask me anything: An error occurred: EOF when reading a line
Ask me anything: An error occurred: EOF when reading a line
Ask me anything: An error occurred: EOF when reading a line
Ask me anything: An error occurred: EOF when reading a line
Ask me anything: An error occurred: EOF when reading a line
Ask me anything: An error occurred: EOF when reading a line
Ask me anything: An error occurred: EOF when reading a line
Ask me anything: An error occurred: EOF when reading a line
Ask me anything: An error occurred: EOF when reading a line
Ask me anything: An error occurred: EOF when reading a line
Ask me anything: An error occurred: EOF when reading a line
Ask me anything: An error occurred: EOF when reading a line
Ask me anything: An error occurred: EOF when reading a line
Ask me anything: An error occurred: EOF when reading a line
Ask me anything: An error occurred: EOF when reading a line
Ask me anything: An error occurred: EOF when reading a line
Ask me anything: An error occurred: EOF when reading a line
Ask me anything: An error occurred: EOF when reading a line
Ask me anything: An error occurred: EOF when reading a line
Ask me anything: An error occurred: EOF when reading a line
Ask me anything: An error occurred: EOF when reading a line
Ask me anything: An error occurred: EOF when reading a line
Ask me anything: An error occurred: EOF when reading a line
Ask me anything: An error occurred: EOF when reading a line
Ask me anything: An error occurred: EOF when reading a line
Ask me anything: An error occurred: EOF when reading a line
Ask me anything: An error occurred: EOF when reading a line
Ask me anything: An error occurred: EOF when reading a line
Ask me anything: An error occurred: EOF when reading a line
Ask me anything: An error occurred: EOF when reading a line
Ask me anything: An error occurred: EOF when reading a line
Ask me anything: An error occurred: EOF when reading a line
Ask me anything: An error occurred: EOF when reading a line
Ask me anything: An error occurred: EOF when reading a line
Ask me anything: An error occurred: EOF when reading a line
Ask me anything: An error occurred: EOF when reading a line
Ask me anything: An error occurred: EOF when reading a line
Ask me anything: An error occurred: EOF when reading a line
Ask me anything: An error occurred: EOF when reading a line
Ask me anything: An error occurred: EOF when reading a line
Ask me anything: An error occurred: EOF when reading a line
Ask me anything: An error occurred: EOF when reading a line
Ask me anything: An error occurred: EOF when reading a line
Ask me anything: An error occurred: EOF when reading a line
Ask me anything: An error occurred: EOF when reading a line
Ask me anything: An error occurred: EOF when reading a line
Ask me anything: An error occurred: EOF when reading a line
Ask me anything: An error occurred: EOF when reading a line
Ask me anything: An error occurred: EOF when reading a line
Ask me anything: An error occurred: EOF when reading a line
Ask me anything: An error occurred: EOF when reading a line
Ask me anything: An error occurred: EOF when reading a line
Ask me anything: An error occurred: EOF when reading a line
Ask me anything: An error occurred: EOF when reading a line
Ask me anything: An error occurred: EOF when reading a line
Ask me anything: An error occurred: EOF when reading a line
Ask me anything: An error occurred: EOF when reading a line
Ask me anything: An error occurred: EOF when reading a line
Ask me anything: An error occurred: EOF when reading a line
Ask me anything: An error occurred: EOF when reading a line
Ask me anything: An error occurred: EOF when reading a line
Ask me anything: An error occurred: EOF when reading a line
Ask me anything: An error occurred: EOF when reading a line
Ask me anything: An error occurred: EOF when reading a line
Ask me anything: An error occurred: EOF when reading a line
Ask me anything: An error occurred: EOF when reading a line
Ask me anything: An error occurred: EOF when reading a line
Ask me anything: An error occurred: EOF when reading a line
Ask me anything: An error occurred: EOF when reading a line
Ask me anything: An error occurred: EOF when reading a line
Ask me anything: An error occurred: EOF when reading a line
Ask me anything: An error occurred: EOF when reading a line
Ask me anything: An error occurred: EOF when reading a line
Ask me anything: An error occurred: EOF when reading a line
Ask me anything: An error occurred: EOF when reading a line
Ask me anything: An error occurred: EOF when reading a line
Ask me anything: An error occurred: EOF when reading a line
Ask me anything: An error occurred: EOF when reading a line
Ask me anything: An error occurred: EOF when reading a line
Ask me anything: An error occurred: EOF when reading a line
Ask me anything: An error occurred: EOF when reading a line
Ask me anything: An error occurred: EOF when reading a line
Ask me anything: An error occurred: EOF when reading a line
Ask me anything: An error occurred: EOF when reading a line
Ask me anything: An error occurred: EOF when reading a line
Ask me anything: An error occurred: EOF when reading a line
Ask me anything: An error occurred: EOF when reading a line
Ask me anything: An error occurred: EOF when reading a line
Ask me anything: An error occurred: EOF when reading a line
Ask me anything: An error occurred: EOF when reading a line
Ask me anything: An error occurred: EOF when reading a line
Ask me anything: An error occurred: EOF when reading a line
Ask me anything: An error occurred: EOF when reading a line
Ask me anything: An error occurred: EOF when reading a line
Ask me anything: An error occurred: EOF when reading a line
Ask me anything: An error occurred: EOF when reading a line
Ask me anything: An error occurred: EOF when reading a line
Ask me anything: An error occurred: EOF when reading a line
Ask me anything: An error occurred: EOF when reading a line
Ask me anything: An error occurred: EOF when reading a line
Ask me anything: An error occurred: EOF when reading a line
Ask me anything: An error occurred: EOF when reading a line
Ask me anything: An error occurred: EOF when reading a line
Ask me anything: An error occurred: EOF when reading a line
Ask me anything: An error occurred: EOF when reading a line
Ask me anything: An error occurred: EOF when reading a line
Ask me anything: An error occurred: EOF when reading a line
Ask me anything: An error occurred: EOF when reading a line
Ask me anything: An error occurred: EOF when reading a line
Ask me anything: An error occurred: EOF when reading a line
Ask me anything: An error occurred: EOF when reading a line
Ask me anything: An error occurred: EOF when reading a line
Ask me anything: An error occurred: EOF when reading a line
Ask me anything: An error occurred: EOF when reading a line
Ask me anything: An error occurred: EOF when reading a line
Ask me anything: An error occurred: EOF when reading a line
Ask me anything: An error occurred: EOF when reading a line
Ask me anything: An error occurred: EOF when reading a line
Ask me anything: An error occurred: EOF when reading a line
Ask me anything: An error occurred: EOF when reading a line
Ask me anything: An error occurred: EOF when reading a line
Ask me anything: An error occurred: EOF when reading a line
Ask me anything: An error occurred: EOF when reading a line
Ask me anything: An error occurred: EOF when reading a line
Ask me anything: An error occurred: EOF when reading a line
Ask me anything: An error occurred: EOF when reading a line
Ask me anything: An error occurred: EOF when reading a line
Ask me anything: An error occurred: EOF when reading a line
Ask me anything: An error occurred: EOF when reading a line
Ask me anything: An error occurred: EOF when reading a line
Ask me anything: An error occurred: EOF when reading a line
Ask me anything: An error occurred: EOF when reading a line
Ask me anything: An error occurred: EOF when reading a line
Ask me anything: An error occurred: EOF when reading a line
Ask me anything: An error occurred: EOF when reading a line
Ask me anything: An error occurred: EOF when reading a line
Ask me anything: An error occurred: EOF when reading a line
Ask me anything: An error occurred: EOF when reading a line
Ask me anything: An error occurred: EOF when reading a line
Ask me anything: An error occurred: EOF when reading a line
Ask me anything: An error occurred: EOF when reading a line
Ask me anything: An error occurred: EOF when reading a line
Ask me anything: An error occurred: EOF when reading a line
Ask me anything: An error occurred: EOF when reading a line
Ask me anything: An error occurred: EOF when reading a line
Ask me anything: An error occurred: EOF when reading a line
Ask me anything: An error occurred: EOF when reading a line
Ask me anything: An error occurred: EOF when reading a line
Ask me anything: An error occurred: EOF when reading a line
Ask me anything: An error occurred: EOF when reading a line
Ask me anything: An error occurred: EOF when reading a line
Ask me anything: An error occurred: EOF when reading a line
Ask me anything: An error occurred: EOF when reading a line
Ask me anything: An error occurred: EOF when reading a line
Ask me anything: An error occurred: EOF when reading a line
Ask me anything: An error occurred: EOF when reading a line
Ask me anything: An error occurred: EOF when reading a line
Ask me anything: An error occurred: EOF when reading a line
Ask me anything: An error occurred: EOF when reading a line
Ask me anything: An error occurred: EOF when reading a line
Ask me anything: An error occurred: EOF when reading a line
Ask me anything: An error occurred: EOF when reading a line
Ask me anything: An error occurred: EOF when reading a line
Ask me anything: An error occurred: EOF when reading a line
Ask me anything: An error occurred: EOF when reading a line
Ask me anything: An error occurred: EOF when reading a line
Ask me anything: An error occurred: EOF when reading a line
Ask me anything: An error occurred: EOF when reading a line
Ask me anything: An error occurred: EOF when reading a line
Ask me anything: An error occurred: EOF when reading a line
Ask me anything: An error occurred: EOF when reading a line
Ask me anything: An error occurred: EOF when reading a line
Ask me anything: An error occurred: EOF when reading a line
Ask me anything: An error occurred: EOF when reading a line
Ask me anything: An error occurred: EOF when reading a line
Ask me anything: An error occurred: EOF when reading a line
Ask me anything: An error occurred: EOF when reading a line
Ask me anything: An error occurred: EOF when reading a line
Ask me anything: An error occurred: EOF when reading a line
Ask me anything: An error occurred: EOF when reading a line
Ask me anything: An error occurred: EOF when reading a line
Ask me anything: An error occurred: EOF when reading a line
Ask me anything: An error occurred: EOF when reading a line
Ask me anything: An error occurred: EOF when reading a line
Ask me anything: An error occurred: EOF when reading a line
Ask me anything: An error occurred: EOF when reading a line
Ask me anything: An error occurred: EOF when reading a line
Ask me anything: An error occurred: EOF when reading a line
Ask me anything: An error occurred: EOF when reading a line
Ask me anything: An error occurred: EOF when reading a line
Ask me anything: An error occurred: EOF when reading a line
Ask me anything: An error occurred: EOF when reading a line
Ask me anything: An error occurred: EOF when reading a line
Ask me anything: An error occurred: EOF when reading a line
Ask me anything: An error occurred: EOF when reading a line
Ask me anything: An error occurred: EOF when reading a line
Ask me anything: An error occurred: EOF when reading a line
Ask me anything: An error occurred: EOF when reading a line
Ask me anything: An error occurred: EOF when reading a line
Ask me anything: An error occurred: EOF when reading a line
Ask me anything: An error occurred: EOF when reading a line
Ask me anything: An error occurred: EOF when reading a line
Ask me anything: An error occurred: EOF when reading a line
Ask me anything: An error occurred: EOF when reading a line
Ask me anything: An error occurred: EOF when reading a line
Ask me anything: An error occurred: EOF when reading a line
Ask me anything: An error occurred: EOF when reading a line
Ask me anything: An error occurred: EOF when reading a line
Ask me anything: An error occurred: EOF when reading a line
Ask me anything: An error occurred: EOF when reading a line
Ask me anything: An error occurred: EOF when reading a line
Ask me anything: An error occurred: EOF when reading a line
Ask me anything: An error occurred: EOF when reading a line
Ask me anything: An error occurred: EOF when reading a line
Ask me anything: An error occurred: EOF when reading a line
Ask me anything: An error occurred: EOF when reading a line
Ask me anything: An error occurred: EOF when reading a line
Ask me anything: An error occurred: EOF when reading a line
Ask me anything: An error occurred: EOF when reading a line
Ask me anything: An error occurred: EOF when reading a line
Ask me anything: An error occurred: EOF when reading a line
Ask me anything: An error occurred: EOF when reading a line
Ask me anything: An error occurred: EOF when reading a line
Ask me anything: An error occurred: EOF when reading a line
Ask me anything: An error occurred: EOF when reading a line
Ask me anything: An error occurred: EOF when reading a line
Ask me anything: An error occurred: EOF when reading a line
Ask me anything: An error occurred: EOF when reading a line
Ask me anything: An error occurred: EOF when reading a line
Ask me anything: An error occurred: EOF when reading a line
Ask me anything: An error occurred: EOF when reading a line
Ask me anything: An error occurred: EOF when reading a line
Ask me anything: An error occurred: EOF when reading a line
Ask me anything: An error occurred: EOF when reading a line
Ask me anything: An error occurred: EOF when reading a line
Ask me anything: An error occurred: EOF when reading a line
Ask me anything: An error occurred: EOF when reading a line
Ask me anything: An error occurred: EOF when reading a line
Ask me anything: An error occurred: EOF when reading a line
Ask me anything: An error occurred: EOF when reading a line
Ask me anything: An error occurred: EOF when reading a line
Ask me anything: An error occurred: EOF when reading a line
Ask me anything: An error occurred: EOF when reading a line
Ask me anything: An error occurred: EOF when reading a line
Ask me anything: An error occurred: EOF when reading a line
Ask me anything: An error occurred: EOF when reading a line
Ask me anything: An error occurred: EOF when reading a line
Ask me anything: An error occurred: EOF when reading a line
Ask me anything: An error occurred: EOF when reading a line
Ask me anything: An error occurred: EOF when reading a line
Ask me anything: An error occurred: EOF when reading a line
Ask me anything: An error occurred: EOF when reading a line
Ask me anything: An error occurred: EOF when reading a line
Ask me anything: An error occurred: EOF when reading a line
Ask me anything: An error occurred: EOF when reading a line
Ask me anything: An error occurred: EOF when reading a line
Ask me anything: An error occurred: EOF when reading a line
Ask me anything: An error occurred: EOF when reading a line
Ask me anything: An error occurred: EOF when reading a line
Ask me anything: An error occurred: EOF when reading a line
Ask me anything: An error occurred: EOF when reading a line
Ask me anything: An error occurred: EOF when reading a line
Ask me anything: An error occurred: EOF when reading a line
Ask me anything: An error occurred: EOF when reading a line
Ask me anything: An error occurred: EOF when reading a line
Ask me anything: An error occurred: EOF when reading a line
Ask me anything: An error occurred: EOF when reading a line
Ask me anything: An error occurred: EOF when reading a line
Ask me anything: An error occurred: EOF when reading a line
Ask me anything: An error occurred: EOF when reading a line
Ask me anything: An error occurred: EOF when reading a line
Ask me anything: An error occurred: EOF when reading a line
Ask me anything: An error occurred: EOF when reading a line
Ask me anything: An error occurred: EOF when reading a line
Ask me anything: An error occurred: EOF when reading a line
Ask me anything: An error occurred: EOF when reading a line
Ask me anything: An error occurred: EOF when reading a line
Ask me anything: An error occurred: EOF when reading a line
Ask me anything: An error occurred: EOF when reading a line
Ask me anything: An error occurred: EOF when reading a line
Ask me anything: An error occurred: EOF when reading a line
Ask me anything: An error occurred: EOF when reading a line
Ask me anything: An error occurred: EOF when reading a line
Ask me anything: An error occurred: EOF when reading a line
Ask me anything: An error occurred: EOF when reading a line
Ask me anything: An error occurred: EOF when reading a line
Ask me anything: An error occurred: EOF when reading a line
Ask me anything: An error occurred: EOF when reading a line
Ask me anything: An error occurred: EOF when reading a line
Ask me anything: An error occurred: EOF when reading a line
Ask me anything: An error occurred: EOF when reading a line
Ask me anything: An error occurred: EOF when reading a line
Ask me anything: An error occurred: EOF when reading a line
Ask me anything: An error occurred: EOF when reading a line
Ask me anything: An error occurred: EOF when reading a line
Ask me anything: An error occurred: EOF when reading a line
Ask me anything: An error occurred: EOF when reading a line
Ask me anything: An error occurred: EOF when reading a line
Ask me anything: An error occurred: EOF when reading a line
Ask me anything: An error occurred: EOF when reading a line
Ask me anything: An error occurred: EOF when reading a line
Ask me anything: An error occurred: EOF when reading a line
Ask me anything: An error occurred: EOF when reading a line
Ask me anything: An error occurred: EOF when reading a line
Ask me anything: An error occurred: EOF when reading a line
Ask me anything: An error occurred: EOF when reading a line
Ask me anything: An error occurred: EOF when reading a line
Ask me anything: An error occurred: EOF when reading a line
Ask me anything: An error occurred: EOF when reading a line
Ask me anything: An error occurred: EOF when reading a line
Ask me anything: An error occurred: EOF when reading a line
Ask me anything: An error occurred: EOF when reading a line
Ask me anything: An error occurred: EOF when reading a line
Ask me anything: An error occurred: EOF when reading a line
Ask me anything: An error occurred: EOF when reading a line
Ask me anything: An error occurred: EOF when reading a line
Ask me anything: An error occurred: EOF when reading a line
Ask me anything: An error occurred: EOF when reading a line
Ask me anything: An error occurred: EOF when reading a line
Ask me anything: An error occurred: EOF when reading a line
Ask me anything: An error occurred: EOF when reading a line
Ask me anything: An error occurred: EOF when reading a line
Ask me anything: An error occurred: EOF when reading a line
Ask me anything: An error occurred: EOF when reading a line
Ask me anything: An error occurred: EOF when reading a line
Ask me anything: An error occurred: EOF when reading a line
Ask me anything: An error occurred: EOF when reading a line
Ask me anything: An error occurred: EOF when reading a line
Ask me anything: An error occurred: EOF when reading a line
Ask me anything: An error occurred: EOF when reading a line
Ask me anything: An error occurred: EOF when reading a line
Ask me anything: An error occurred: EOF when reading a line
Ask me anything: An error occurred: EOF when reading a line
Ask me anything: An error occurred: EOF when reading a line
Ask me anything: An error occurred: EOF when reading a line
Ask me anything: An error occurred: EOF when reading a line
Ask me anything: An error occurred: EOF when reading a line
Ask me anything: An error occurred: EOF when reading a line
Ask me anything: An error occurred: EOF when reading a line
Ask me anything: An error occurred: EOF when reading a line
Ask me anything: An error occurred: EOF when reading a line
Ask me anything: An error occurred: EOF when reading a line
Ask me anything: An error occurred: EOF when reading a line
Ask me anything: An error occurred: EOF when reading a line
Ask me anything: An error occurred: EOF when reading a line
Ask me anything: An error occurred: EOF when reading a line
Ask me anything: An error occurred: EOF when reading a line
Ask me anything: An error occurred: EOF when reading a line
Ask me anything: An error occurred: EOF when reading a line
Ask me anything: An error occurred: EOF when reading a line
Ask me anything: An error occurred: EOF when reading a line
Ask me anything: An error occurred: EOF when reading a line
Ask me anything: An error occurred: EOF when reading a line
Ask me anything: An error occurred: EOF when reading a line
Ask me anything: An error occurred: EOF when reading a line
Ask me anything: An error occurred: EOF when reading a line
Ask me anything: An error occurred: EOF when reading a line
Ask me anything: An error occurred: EOF when reading a line
Ask me anything: An error occurred: EOF when reading a line
Ask me anything: An error occurred: EOF when reading a line
Ask me anything: An error occurred: EOF when reading a line
Ask me anything: An error occurred: EOF when reading a line
Ask me anything: An error occurred: EOF when reading a line
Ask me anything: An error occurred: EOF when reading a line
Ask me anything: An error occurred: EOF when reading a line
Ask me anything: An error occurred: EOF when reading a line
Ask me anything: An error occurred: EOF when reading a line
Ask me anything: An error occurred: EOF when reading a line
Ask me anything: An error occurred: EOF when reading a line
Ask me anything: An error occurred: EOF when reading a line
Ask me anything: An error occurred: EOF when reading a line
Ask me anything: An error occurred: EOF when reading a line
Ask me anything: An error occurred: EOF when reading a line
Ask me anything: An error occurred: EOF when reading a line
Ask me anything: An error occurred: EOF when reading a line
Ask me anything: An error occurred: EOF when reading a line
Ask me anything: An error occurred: EOF when reading a line
Ask me anything: An error occurred: EOF when reading a line
Ask me anything: An error occurred: EOF when reading a line
Ask me anything: An error occurred: EOF when reading a line
Ask me anything: An error occurred: EOF when reading a line
Ask me anything: An error occurred: EOF when reading a line
Ask me anything: An error occurred: EOF when reading a line
Ask me anything: An error occurred: EOF when reading a line
Ask me anything: An error occurred: EOF when reading a line
Ask me anything: An error occurred: EOF when reading a line
Ask me anything: An error occurred: EOF when reading a line
Ask me anything: An error occurred: EOF when reading a line
Ask me anything: An error occurred: EOF when reading a line
Ask me anything: An error occurred: EOF when reading a line
Ask me anything: An error occurred: EOF when reading a line
Ask me anything: An error occurred: EOF when reading a line
Ask me anything: An error occurred: EOF when reading a line
Ask me anything: An error occurred: EOF when reading a line
Ask me anything: An error occurred: EOF when reading a line
Ask me anything: An error occurred: EOF when reading a line
Ask me anything: An error occurred: EOF when reading a line
Ask me anything: An error occurred: EOF when reading a line
Ask me anything: An error occurred: EOF when reading a line
Ask me anything: An error occurred: EOF when reading a line
Ask me anything: An error occurred: EOF when reading a line
Ask me anything: An error occurred: EOF when reading a line
Ask me anything: An error occurred: EOF when reading a line
Ask me anything: An error occurred: EOF when reading a line
Ask me anything: An error occurred: EOF when reading a line
Ask me anything: An error occurred: EOF when reading a line
Ask me anything: An error occurred: EOF when reading a line
Ask me anything: An error occurred: EOF when reading a line
Ask me anything: An error occurred: EOF when reading a line
Ask me anything: An error occurred: EOF when reading a line
Ask me anything: An error occurred: EOF when reading a line
Ask me anything: An error occurred: EOF when reading a line
Ask me anything: An error occurred: EOF when reading a line
Ask me anything: An error occurred: EOF when reading a line
Ask me anything: An error occurred: EOF when reading a line
Ask me anything: An error occurred: EOF when reading a line
Ask me anything: An error occurred: EOF when reading a line
Ask me anything: An error occurred: EOF when reading a line
Ask me anything: An error occurred: EOF when reading a line
Ask me anything: An error occurred: EOF when reading a line
Ask me anything: An error occurred: EOF when reading a line
Ask me anything: An error occurred: EOF when reading a line
Ask me anything: An error occurred: EOF when reading a line
Ask me anything: An error occurred: EOF when reading a line
Ask me anything: An error occurred: EOF when reading a line
Ask me anything: An error occurred: EOF when reading a line
Ask me anything: An error occurred: EOF when reading a line
Ask me anything: An error occurred: EOF when reading a line
Ask me anything: An error occurred: EOF when reading a line
Ask me anything: An error occurred: EOF when reading a line
Ask me anything: An error occurred: EOF when reading a line
Ask me anything: An error occurred: EOF when reading a line
Ask me anything: An error occurred: EOF when reading a line
Ask me anything: An error occurred: EOF when reading a line
Ask me anything: An error occurred: EOF when reading a line
Ask me anything: An error occurred: EOF when reading a line
Ask me anything: An error occurred: EOF when reading a line
Ask me anything: An error occurred: EOF when reading a line
Ask me anything: An error occurred: EOF when reading a line
Ask me anything: An error occurred: EOF when reading a line
Ask me anything: An error occurred: EOF when reading a line
Ask me anything: An error occurred: EOF when reading a line
Ask me anything: An error occurred: EOF when reading a line
Ask me anything: An error occurred: EOF when reading a line
Ask me anything: An error occurred: EOF when reading a line
Ask me anything: An error occurred: EOF when reading a line
Ask me anything: An error occurred: EOF when reading a line
Ask me anything: An error occurred: EOF when reading a line
Ask me anything: An error occurred: EOF when reading a line
Ask me anything: An error occurred: EOF when reading a line
Ask me anything: An error occurred: EOF when reading a line
Ask me anything: An error occurred: EOF when reading a line
Ask me anything: An error occurred: EOF when reading a line
Ask me anything: An error occurred: EOF when reading a line
Ask me anything: An error occurred: EOF when reading a line
Ask me anything: An error occurred: EOF when reading a line
Ask me anything: An error occurred: EOF when reading a line
Ask me anything: An error occurred: EOF when reading a line
Ask me anything: An error occurred: EOF when reading a line
Ask me anything: An error occurred: EOF when reading a line
Ask me anything: An error occurred: EOF when reading a line
Ask me anything: An error occurred: EOF when reading a line
Ask me anything: An error occurred: EOF when reading a line
Ask me anything: An error occurred: EOF when reading a line
Ask me anything: An error occurred: EOF when reading a line
Ask me anything: An error occurred: EOF when reading a line
Ask me anything: An error occurred: EOF when reading a line
Ask me anything: An error occurred: EOF when reading a line
Ask me anything: An error occurred: EOF when reading a line
Ask me anything: An error occurred: EOF when reading a line
Ask me anything: An error occurred: EOF when reading a line
Ask me anything: An error occurred: EOF when reading a line
Ask me anything: An error occurred: EOF when reading a line
Ask me anything: An error occurred: EOF when reading a line
Ask me anything: An error occurred: EOF when reading a line
Ask me anything: An error occurred: EOF when reading a line
Ask me anything: An error occurred: EOF when reading a line
Ask me anything: An error occurred: EOF when reading a line
Ask me anything: An error occurred: EOF when reading a line
Ask me anything: An error occurred: EOF when reading a line
Ask me anything: An error occurred: EOF when reading a line
Ask me anything: An error occurred: EOF when reading a line
Ask me anything: An error occurred: EOF when reading a line
Ask me anything: An error occurred: EOF when reading a line
Ask me anything: An error occurred: EOF when reading a line
Ask me anything: An error occurred: EOF when reading a line
Ask me anything: An error occurred: EOF when reading a line
Ask me anything: An error occurred: EOF when reading a line
Ask me anything: An error occurred: EOF when reading a line
Ask me anything: An error occurred: EOF when reading a line
Ask me anything: An error occurred: EOF when reading a line
Ask me anything: An error occurred: EOF when reading a line
Ask me anything: An error occurred: EOF when reading a line
Ask me anything: An error occurred: EOF when reading a line
Ask me anything: An error occurred: EOF when reading a line
Ask me anything: An error occurred: EOF when reading a line
Ask me anything: An error occurred: EOF when reading a line
Ask me anything: An error occurred: EOF when reading a line
Ask me anything: An error occurred: EOF when reading a line
Ask me anything: An error occurred: EOF when reading a line
Ask me anything: An error occurred: EOF when reading a line
Ask me anything: An error occurred: EOF when reading a line
Ask me anything: An error occurred: EOF when reading a line
Ask me anything: An error occurred: EOF when reading a line
Ask me anything: An error occurred: EOF when reading a line
Ask me anything: An error occurred: EOF when reading a line
Ask me anything: An error occurred: EOF when reading a line
Ask me anything: An error occurred: EOF when reading a line
Ask me anything: An error occurred: EOF when reading a line
Ask me anything: An error occurred: EOF when reading a line
Ask me anything: An error occurred: EOF when reading a line
Ask me anything: An error occurred: EOF when reading a line
Ask me anything: An error occurred: EOF when reading a line
Ask me anything: An error occurred: EOF when reading a line
Ask me anything: An error occurred: EOF when reading a line
Ask me anything: An error occurred: EOF when reading a line
Ask me anything: An error occurred: EOF when reading a line
Ask me anything: An error occurred: EOF when reading a line
Ask me anything: An error occurred: EOF when reading a line
Ask me anything: An error occurred: EOF when reading a line
Ask me anything: An error occurred: EOF when reading a line
Ask me anything: An error occurred: EOF when reading a line
Ask me anything: An error occurred: EOF when reading a line
Ask me anything: An error occurred: EOF when reading a line
Ask me anything: An error occurred: EOF when reading a line
Ask me anything: An error occurred: EOF when reading a line
Ask me anything: An error occurred: EOF when reading a line
Ask me anything: An error occurred: EOF when reading a line
Ask me anything: An error occurred: EOF when reading a line
Ask me anything: An error occurred: EOF when reading a line
Ask me anything: An error occurred: EOF when reading a line
Ask me anything: An error occurred: EOF when reading a line
Ask me anything: An error occurred: EOF when reading a line
Ask me anything: An error occurred: EOF when reading a line
Ask me anything: An error occurred: EOF when reading a line
Ask me anything: An error occurred: EOF when reading a line
Ask me anything: An error occurred: EOF when reading a line
Ask me anything: An error occurred: EOF when reading a line
Ask me anything: An error occurred: EOF when reading a line
Ask me anything: An error occurred: EOF when reading a line
Ask me anything: An error occurred: EOF when reading a line
Ask me anything: An error occurred: EOF when reading a line
Ask me anything: An error occurred: EOF when reading a line
Ask me anything: An error occurred: EOF when reading a line
Ask me anything: An error occurred: EOF when reading a line
Ask me anything: An error occurred: EOF when reading a line
Ask me anything: An error occurred: EOF when reading a line
Ask me anything: An error occurred: EOF when reading a line
Ask me anything: An error occurred: EOF when reading a line
Ask me anything: An error occurred: EOF when reading a line
Ask me anything: An error occurred: EOF when reading a line
Ask me anything: An error occurred: EOF when reading a line
Ask me anything: An error occurred: EOF when reading a line
Ask me anything: An error occurred: EOF when reading a line
Ask me anything: An error occurred: EOF when reading a line
Ask me anything: An error occurred: EOF when reading a line
Ask me anything: An error occurred: EOF when reading a line
Ask me anything: An error occurred: EOF when reading a line
Ask me anything: An error occurred: EOF when reading a line
Ask me anything: An error occurred: EOF when reading a line
Ask me anything: An error occurred: EOF when reading a line
Ask me anything: An error occurred: EOF when reading a line
Ask me anything: An error occurred: EOF when reading a line
Ask me anything: An error occurred: EOF when reading a line
Ask me anything: An error occurred: EOF when reading a line
Ask me anything: An error occurred: EOF when reading a line
Ask me anything: An error occurred: EOF when reading a line
Ask me anything: An error occurred: EOF when reading a line
Ask me anything: An error occurred: EOF when reading a line
Ask me anything: An error occurred: EOF when reading a line
Ask me anything: An error occurred: EOF when reading a line
Ask me anything: An error occurred: EOF when reading a line
Ask me anything: An error occurred: EOF when reading a line
Ask me anything: An error occurred: EOF when reading a line
Ask me anything: An error occurred: EOF when reading a line
Ask me anything: An error occurred: EOF when reading a line
Ask me anything: An error occurred: EOF when reading a line
Ask me anything: An error occurred: EOF when reading a line
Ask me anything: An error occurred: EOF when reading a line
Ask me anything: An error occurred: EOF when reading a line
Ask me anything: An error occurred: EOF when reading a line
Ask me anything: An error occurred: EOF when reading a line
Ask me anything: An error occurred: EOF when reading a line
Ask me anything: An error occurred: EOF when reading a line
Ask me anything: An error occurred: EOF when reading a line
Ask me anything: An error occurred: EOF when reading a line
Ask me anything: An error occurred: EOF when reading a line
Ask me anything: An error occurred: EOF when reading a line
Ask me anything: An error occurred: EOF when reading a line
Ask me anything: An error occurred: EOF when reading a line
Ask me anything: An error occurred: EOF when reading a line
Ask me anything: An error occurred: EOF when reading a line
Ask me anything: An error occurred: EOF when reading a line
Ask me anything: An error occurred: EOF when reading a line
Ask me anything: An error occurred: EOF when reading a line
Ask me anything: An error occurred: EOF when reading a line
Ask me anything: An error occurred: EOF when reading a line
Ask me anything: An error occurred: EOF when reading a line
Ask me anything: An error occurred: EOF when reading a line
Ask me anything: An error occurred: EOF when reading a line
Ask me anything: An error occurred: EOF when reading a line
Ask me anything: An error occurred: EOF when reading a line
Ask me anything: An error occurred: EOF when reading a line
Ask me anything: An error occurred: EOF when reading a line
Ask me anything: An error occurred: EOF when reading a line
Ask me anything: An error occurred: EOF when reading a line
Ask me anything: An error occurred: EOF when reading a line
Ask me anything: An error occurred: EOF when reading a line
Ask me anything: An error occurred: EOF when reading a line
Ask me anything: An error occurred: EOF when reading a line
Ask me anything: An error occurred: EOF when reading a line
Ask me anything: An error occurred: EOF when reading a line
Ask me anything: An error occurred: EOF when reading a line
Ask me anything: An error occurred: EOF when reading a line
Ask me anything: An error occurred: EOF when reading a line
Ask me anything: An error occurred: EOF when reading a line
Ask me anything: An error occurred: EOF when reading a line
Ask me anything: An error occurred: EOF when reading a line
Ask me anything: An error occurred: EOF when reading a line
Ask me anything: An error occurred: EOF when reading a line
Ask me anything: An error occurred: EOF when reading a line
Ask me anything: An error occurred: EOF when reading a line
Ask me anything: An error occurred: EOF when reading a line
Ask me anything: An error occurred: EOF when reading a line
Ask me anything: An error occurred: EOF when reading a line
Ask me anything: An error occurred: EOF when reading a line
Ask me anything: An error occurred: EOF when reading a line
Ask me anything: An error occurred: EOF when reading a line
Ask me anything: An error occurred: EOF when reading a line
Ask me anything: An error occurred: EOF when reading a line
Ask me anything: An error occurred: EOF when reading a line
Ask me anything: An error occurred: EOF when reading a line
Ask me anything: An error occurred: EOF when reading a line
Ask me anything: An error occurred: EOF when reading a line
Ask me anything: An error occurred: EOF when reading a line
Ask me anything: An error occurred: EOF when reading a line
Ask me anything: An error occurred: EOF when reading a line
Ask me anything: An error occurred: EOF when reading a line
Ask me anything: An error occurred: EOF when reading a line
Ask me anything: An error occurred: EOF when reading a line
Ask me anything: An error occurred: EOF when reading a line
Ask me anything: An error occurred: EOF when reading a line
Ask me anything: An error occurred: EOF when reading a line
Ask me anything: An error occurred: EOF when reading a line
Ask me anything: An error occurred: EOF when reading a line
Ask me anything: An error occurred: EOF when reading a line
Ask me anything: An error occurred: EOF when reading a line
Ask me anything: An error occurred: EOF when reading a line
Ask me anything: An error occurred: EOF when reading a line
Ask me anything: An error occurred: EOF when reading a line
Ask me anything: An error occurred: EOF when reading a line
Ask me anything: An error occurred: EOF when reading a line
Ask me anything: An error occurred: EOF when reading a line
Ask me anything: An error occurred: EOF when reading a line
Ask me anything: An error occurred: EOF when reading a line
Ask me anything: An error occurred: EOF when reading a line
Ask me anything: An error occurred: EOF when reading a line
Ask me anything: An error occurred: EOF when reading a line
Ask me anything: An error occurred: EOF when reading a line
Ask me anything: An error occurred: EOF when reading a line
Ask me anything: An error occurred: EOF when reading a line
Ask me anything: An error occurred: EOF when reading a line
Ask me anything: An error occurred: EOF when reading a line
Ask me anything: An error occurred: EOF when reading a line
Ask me anything: An error occurred: EOF when reading a line
Ask me anything: An error occurred: EOF when reading a line
Ask me anything: An error occurred: EOF when reading a line
Ask me anything: An error occurred: EOF when reading a line
Ask me anything: An error occurred: EOF when reading a line
Ask me anything: An error occurred: EOF when reading a line
Ask me anything: An error occurred: EOF when reading a line
Ask me anything: An error occurred: EOF when reading a line
Ask me anything: An error occurred: EOF when reading a line
Ask me anything: An error occurred: EOF when reading a line
Ask me anything: An error occurred: EOF when reading a line
Ask me anything: An error occurred: EOF when reading a line
Ask me anything: An error occurred: EOF when reading a line
Ask me anything: An error occurred: EOF when reading a line
Ask me anything: An error occurred: EOF when reading a line
Ask me anything: An error occurred: EOF when reading a line
Ask me anything: An error occurred: EOF when reading a line
Ask me anything: An error occurred: EOF when reading a line
Ask me anything: An error occurred: EOF when reading a line
Ask me anything: An error occurred: EOF when reading a line
Ask me anything: An error occurred: EOF when reading a line
Ask me anything: An error occurred: EOF when reading a line
Ask me anything: An error occurred: EOF when reading a line
Ask me anything: An error occurred: EOF when reading a line
Ask me anything: An error occurred: EOF when reading a line
Ask me anything: An error occurred: EOF when reading a line
Ask me anything: An error occurred: EOF when reading a line
Ask me anything: An error occurred: EOF when reading a line
Ask me anything: An error occurred: EOF when reading a line
Ask me anything: An error occurred: EOF when reading a line
Ask me anything: An error occurred: EOF when reading a line
Ask me anything: An error occurred: EOF when reading a line
Ask me anything: An error occurred: EOF when reading a line
Ask me anything: An error occurred: EOF when reading a line
Ask me anything: An error occurred: EOF when reading a line
Ask me anything: An error occurred: EOF when reading a line
Ask me anything: An error occurred: EOF when reading a line
Ask me anything: An error occurred: EOF when reading a line
Ask me anything: An error occurred: EOF when reading a line
Ask me anything: An error occurred: EOF when reading a line
Ask me anything: An error occurred: EOF when reading a line
Ask me anything: An error occurred: EOF when reading a line
Ask me anything: An error occurred: EOF when reading a line
Ask me anything: An error occurred: EOF when reading a line
Ask me anything: An error occurred: EOF when reading a line
Ask me anything: An error occurred: EOF when reading a line
Ask me anything: An error occurred: EOF when reading a line
Ask me anything: An error occurred: EOF when reading a line
Ask me anything: An error occurred: EOF when reading a line
Ask me anything: An error occurred: EOF when reading a line
Ask me anything: An error occurred: EOF when reading a line
Ask me anything: An error occurred: EOF when reading a line
Ask me anything: An error occurred: EOF when reading a line
Ask me anything: An error occurred: EOF when reading a line
Ask me anything: An error occurred: EOF when reading a line
Ask me anything: An error occurred: EOF when reading a line
Ask me anything: An error occurred: EOF when reading a line
Ask me anything: An error occurred: EOF when reading a line
Ask me anything: An error occurred: EOF when reading a line
Ask me anything: An error occurred: EOF when reading a line
Ask me anything: An error occurred: EOF when reading a line
Ask me anything: An error occurred: EOF when reading a line
Ask me anything: An error occurred: EOF when reading a line
Ask me anything: An error occurred: EOF when reading a line
Ask me anything: An error occurred: EOF when reading a line
Ask me anything: An error occurred: EOF when reading a line
Ask me anything: An error occurred: EOF when reading a line
Ask me anything: An error occurred: EOF when reading a line
Ask me anything: An error occurred: EOF when reading a line
Ask me anything: An error occurred: EOF when reading a line
Ask me anything: An error occurred: EOF when reading a line
Ask me anything: An error occurred: EOF when reading a line
Ask me anything: An error occurred: EOF when reading a line
Ask me anything: An error occurred: EOF when reading a line
Ask me anything: An error occurred: EOF when reading a line
Ask me anything: An error occurred: EOF when reading a line
Ask me anything: An error occurred: EOF when reading a line
Ask me anything: An error occurred: EOF when reading a line
Ask me anything: An error occurred: EOF when reading a line
Ask me anything: An error occurred: EOF when reading a line
Ask me anything: An error occurred: EOF when reading a line
Ask me anything: An error occurred: EOF when reading a line
Ask me anything: An error occurred: EOF when reading a line
Ask me anything: An error occurred: EOF when reading a line
Ask me anything: An error occurred: EOF when reading a line
Ask me anything: An error occurred: EOF when reading a line
Ask me anything: An error occurred: EOF when reading a line
Ask me anything: An error occurred: EOF when reading a line
Ask me anything: An error occurred: EOF when reading a line
Ask me anything: An error occurred: EOF when reading a line
Ask me anything: An error occurred: EOF when reading a line
Ask me anything: An error occurred: EOF when reading a line
Ask me anything: An error occurred: EOF when reading a line
Ask me anything: An error occurred: EOF when reading a line
Ask me anything: An error occurred: EOF when reading a line
Ask me anything: An error occurred: EOF when reading a line
Ask me anything: An error occurred: EOF when reading a line
Ask me anything: An error occurred: EOF when reading a line
Ask me anything: An error occurred: EOF when reading a line
Ask me anything: An error occurred: EOF when reading a line
Ask me anything: An error occurred: EOF when reading a line
Ask me anything: An error occurred: EOF when reading a line
Ask me anything: An error occurred: EOF when reading a line
Ask me anything: An error occurred: EOF when reading a line
Ask me anything: An error occurred: EOF when reading a line
Ask me anything: An error occurred: EOF when reading a line
Ask me anything: An error occurred: EOF when reading a line
Ask me anything: An error occurred: EOF when reading a line
Ask me anything: An error occurred: EOF when reading a line
Ask me anything: An error occurred: EOF when reading a line
Ask me anything: An error occurred: EOF when reading a line
Ask me anything: An error occurred: EOF when reading a line
Ask me anything: An error occurred: EOF when reading a line
Ask me anything: An error occurred: EOF when reading a line
Ask me anything: An error occurred: EOF when reading a line
Ask me anything: An error occurred: EOF when reading a line
Ask me anything: An error occurred: EOF when reading a line
Ask me anything: An error occurred: EOF when reading a line
Ask me anything: An error occurred: EOF when reading a line
Ask me anything: An error occurred: EOF when reading a line
Ask me anything: An error occurred: EOF when reading a line
Ask me anything: An error occurred: EOF when reading a line
Ask me anything: An error occurred: EOF when reading a line
Ask me anything: An error occurred: EOF when reading a line
Ask me anything: An error occurred: EOF when reading a line
Ask me anything: An error occurred: EOF when reading a line
Ask me anything: An error occurred: EOF when reading a line
Ask me anything: An error occurred: EOF when reading a line
Ask me anything: An error occurred: EOF when reading a line
Ask me anything: An error occurred: EOF when reading a line
Ask me anything: An error occurred: EOF when reading a line
Ask me anything: An error occurred: EOF when reading a line
Ask me anything: An error occurred: EOF when reading a line
Ask me anything: An error occurred: EOF when reading a line
Ask me anything: An error occurred: EOF when reading a line
Ask me anything: An error occurred: EOF when reading a line
Ask me anything: An error occurred: EOF when reading a line
Ask me anything: An error occurred: EOF when reading a line
Ask me anything: An error occurred: EOF when reading a line
Ask me anything: An error occurred: EOF when reading a line
Ask me anything: An error occurred: EOF when reading a line
Ask me anything: An error occurred: EOF when reading a line
Ask me anything: An error occurred: EOF when reading a line
Ask me anything: An error occurred: EOF when reading a line
Ask me anything: An error occurred: EOF when reading a line
Ask me anything: An error occurred: EOF when reading a line
Ask me anything: An error occurred: EOF when reading a line
Ask me anything: An error occurred: EOF when reading a line
Ask me anything: An error occurred: EOF when reading a line
Ask me anything: An error occurred: EOF when reading a line
Ask me anything: An error occurred: EOF when reading a line
Ask me anything: An error occurred: EOF when reading a line
Ask me anything: An error occurred: EOF when reading a line
Ask me anything: An error occurred: EOF when reading a line
Ask me anything: An error occurred: EOF when reading a line
Ask me anything: An error occurred: EOF when reading a line
Ask me anything: An error occurred: EOF when reading a line
Ask me anything: An error occurred: EOF when reading a line
Ask me anything: An error occurred: EOF when reading a line
Ask me anything: An error occurred: EOF when reading a line
Ask me anything: An error occurred: EOF when reading a line
Ask me anything: An error occurred: EOF when reading a line
Ask me anything: An error occurred: EOF when reading a line
Ask me anything: An error occurred: EOF when reading a line
Ask me anything: An error occurred: EOF when reading a line
Ask me anything: An error occurred: EOF when reading a line
Ask me anything: An error occurred: EOF when reading a line
Ask me anything: An error occurred: EOF when reading a line
Ask me anything: An error occurred: EOF when reading a line
Ask me anything: An error occurred: EOF when reading a line
Ask me anything: An error occurred: EOF when reading a line
Ask me anything: An error occurred: EOF when reading a line
Ask me anything: An error occurred: EOF when reading a line
Ask me anything: An error occurred: EOF when reading a line
Ask me anything: An error occurred: EOF when reading a line
Ask me anything: An error occurred: EOF when reading a line
Ask me anything: An error occurred: EOF when reading a line
Ask me anything: An error occurred: EOF when reading a line
Ask me anything: An error occurred: EOF when reading a line
Ask me anything: An error occurred: EOF when reading a line
Ask me anything: An error occurred: EOF when reading a line
Ask me anything: An error occurred: EOF when reading a line
Ask me anything: An error occurred: EOF when reading a line
Ask me anything: An error occurred: EOF when reading a line
Ask me anything: An error occurred: EOF when reading a line
Ask me anything: An error occurred: EOF when reading a line
Ask me anything: An error occurred: EOF when reading a line
Ask me anything: An error occurred: EOF when reading a line
Ask me anything: An error occurred: EOF when reading a line
Ask me anything: An error occurred: EOF when reading a line
Ask me anything: An error occurred: EOF when reading a line
Ask me anything: An error occurred: EOF when reading a line
Ask me anything: An error occurred: EOF when reading a line
Ask me anything: An error occurred: EOF when reading a line
Ask me anything: An error occurred: EOF when reading a line
Ask me anything: An error occurred: EOF when reading a line
Ask me anything: An error occurred: EOF when reading a line
Ask me anything: An error occurred: EOF when reading a line
Ask me anything: An error occurred: EOF when reading a line
Ask me anything: An error occurred: EOF when reading a line
Ask me anything: An error occurred: EOF when reading a line
Ask me anything: An error occurred: EOF when reading a line
Ask me anything: An error occurred: EOF when reading a line
Ask me anything: An error occurred: EOF when reading a line
Ask me anything: An error occurred: EOF when reading a line
Ask me anything: An error occurred: EOF when reading a line
Ask me anything: An error occurred: EOF when reading a line
Ask me anything: An error occurred: EOF when reading a line
Ask me anything: An error occurred: EOF when reading a line
Ask me anything: An error occurred: EOF when reading a line
Ask me anything: An error occurred: EOF when reading a line
Ask me anything: An error occurred: EOF when reading a line
Ask me anything: An error occurred: EOF when reading a line
Ask me anything: An error occurred: EOF when reading a line
Ask me anything: An error occurred: EOF when reading a line
Ask me anything: An error occurred: EOF when reading a line
Ask me anything: An error occurred: EOF when reading a line
Ask me anything: An error occurred: EOF when reading a line
Ask me anything: An error occurred: EOF when reading a line
Ask me anything: An error occurred: EOF when reading a line
Ask me anything: An error occurred: EOF when reading a line
Ask me anything: An error occurred: EOF when reading a line
Ask me anything: An error occurred: EOF when reading a line
Ask me anything: An error occurred: EOF when reading a line
Ask me anything: An error occurred: EOF when reading a line
Ask me anything: An error occurred: EOF when reading a line
Ask me anything: An error occurred: EOF when reading a line
Ask me anything: An error occurred: EOF when reading a line
Ask me anything: An error occurred: EOF when reading a line
Ask me anything: An error occurred: EOF when reading a line
Ask me anything: An error occurred: EOF when reading a line
Ask me anything: An error occurred: EOF when reading a line
Ask me anything: An error occurred: EOF when reading a line
Ask me anything: An error occurred: EOF when reading a line
Ask me anything: An error occurred: EOF when reading a line
Ask me anything: An error occurred: EOF when reading a line
Ask me anything: An error occurred: EOF when reading a line
Ask me anything: An error occurred: EOF when reading a line
Ask me anything: An error occurred: EOF when reading a line
Ask me anything: An error occurred: EOF when reading a line
Ask me anything: An error occurred: EOF when reading a line
Ask me anything: An error occurred: EOF when reading a line
Ask me anything: An error occurred: EOF when reading a line
Ask me anything: An error occurred: EOF when reading a line
Ask me anything: An error occurred: EOF when reading a line
Ask me anything: An error occurred: EOF when reading a line
Ask me anything: An error occurred: EOF when reading a line
Ask me anything: An error occurred: EOF when reading a line
Ask me anything: An error occurred: EOF when reading a line
Ask me anything: An error occurred: EOF when reading a line
Ask me anything: An error occurred: EOF when reading a line
Ask me anything: An error occurred: EOF when reading a line
Ask me anything: An error occurred: EOF when reading a line
Ask me anything: An error occurred: EOF when reading a line
Ask me anything: An error occurred: EOF when reading a line
Ask me anything: An error occurred: EOF when reading a line
Ask me anything: An error occurred: EOF when reading a line
Ask me anything: An error occurred: EOF when reading a line
Ask me anything: An error occurred: EOF when reading a line
Ask me anything: An error occurred: EOF when reading a line
Ask me anything: An error occurred: EOF when reading a line
Ask me anything: An error occurred: EOF when reading a line
Ask me anything: An error occurred: EOF when reading a line
Ask me anything: An error occurred: EOF when reading a line
Ask me anything: An error occurred: EOF when reading a line
Ask me anything: An error occurred: EOF when reading a line
Ask me anything: An error occurred: EOF when reading a line
Ask me anything: An error occurred: EOF when reading a line
Ask me anything: An error occurred: EOF when reading a line
Ask me anything: An error occurred: EOF when reading a line
Ask me anything: An error occurred: EOF when reading a line
Ask me anything: An error occurred: EOF when reading a line
Ask me anything: An error occurred: EOF when reading a line
Ask me anything: An error occurred: EOF when reading a line
Ask me anything: An error occurred: EOF when reading a line
Ask me anything: An error occurred: EOF when reading a line
Ask me anything: An error occurred: EOF when reading a line
Ask me anything: An error occurred: EOF when reading a line
Ask me anything: An error occurred: EOF when reading a line
Ask me anything: An error occurred: EOF when reading a line
Ask me anything: An error occurred: EOF when reading a line
Ask me anything: An error occurred: EOF when reading a line
Ask me anything: An error occurred: EOF when reading a line
Ask me anything: An error occurred: EOF when reading a line
Ask me anything: An error occurred: EOF when reading a line
Ask me anything: An error occurred: EOF when reading a line
Ask me anything: An error occurred: EOF when reading a line
Ask me anything: An error occurred: EOF when reading a line
Ask me anything: An error occurred: EOF when reading a line
Ask me anything: An error occurred: EOF when reading a line
Ask me anything: An error occurred: EOF when reading a line
Ask me anything: An error occurred: EOF when reading a line
Ask me anything: An error occurred: EOF when reading a line
Ask me anything: An error occurred: EOF when reading a line
Ask me anything: An error occurred: EOF when reading a line
Ask me anything: An error occurred: EOF when reading a line
Ask me anything: An error occurred: EOF when reading a line
Ask me anything: An error occurred: EOF when reading a line
Ask me anything: An error occurred: EOF when reading a line
Ask me anything: An error occurred: EOF when reading a line
Ask me anything: An error occurred: EOF when reading a line
Ask me anything: An error occurred: EOF when reading a line
Ask me anything: An error occurred: EOF when reading a line
Ask me anything: An error occurred: EOF when reading a line
Ask me anything: An error occurred: EOF when reading a line
Ask me anything: An error occurred: EOF when reading a line
Ask me anything: An error occurred: EOF when reading a line
Ask me anything: An error occurred: EOF when reading a line
Ask me anything: An error occurred: EOF when reading a line
Ask me anything: An error occurred: EOF when reading a line
Ask me anything: An error occurred: EOF when reading a line
Ask me anything: An error occurred: EOF when reading a line
Ask me anything: An error occurred: EOF when reading a line
Ask me anything: An error occurred: EOF when reading a line
Ask me anything: An error occurred: EOF when reading a line
Ask me anything: An error occurred: EOF when reading a line
Ask me anything: An error occurred: EOF when reading a line
Ask me anything: An error occurred: EOF when reading a line
Ask me anything: An error occurred: EOF when reading a line
Ask me anything: An error occurred: EOF when reading a line
Ask me anything: An error occurred: EOF when reading a line
Ask me anything: An error occurred: EOF when reading a line
Ask me anything: An error occurred: EOF when reading a line
Ask me anything: An error occurred: EOF when reading a line
Ask me anything: An error occurred: EOF when reading a line
Ask me anything: An error occurred: EOF when reading a line
Ask me anything: An error occurred: EOF when reading a line
Ask me anything: An error occurred: EOF when reading a line
Ask me anything: An error occurred: EOF when reading a line
Ask me anything: An error occurred: EOF when reading a line
Ask me anything: An error occurred: EOF when reading a line
Ask me anything: An error occurred: EOF when reading a line
Ask me anything: An error occurred: EOF when reading a line
Ask me anything: An error occurred: EOF when reading a line
Ask me anything: An error occurred: EOF when reading a line
Ask me anything: An error occurred: EOF when reading a line
Ask me anything: An error occurred: EOF when reading a line
Ask me anything: An error occurred: EOF when reading a line
Ask me anything: An error occurred: EOF when reading a line
Ask me anything: An error occurred: EOF when reading a line
Ask me anything: An error occurred: EOF when reading a line
Ask me anything: An error occurred: EOF when reading a line
Ask me anything: An error occurred: EOF when reading a line
Ask me anything: An error occurred: EOF when reading a line
Ask me anything: An error occurred: EOF when reading a line
Ask me anything: An error occurred: EOF when reading a line
Ask me anything: An error occurred: EOF when reading a line
Ask me anything: An error occurred: EOF when reading a line
Ask me anything: An error occurred: EOF when reading a line
Ask me anything: An error occurred: EOF when reading a line
Ask me anything: An error occurred: EOF when reading a line
Ask me anything: An error occurred: EOF when reading a line
Ask me anything: An error occurred: EOF when reading a line
Ask me anything: An error occurred: EOF when reading a line
Ask me anything: An error occurred: EOF when reading a line
Ask me anything: An error occurred: EOF when reading a line
Ask me anything: An error occurred: EOF when reading a line
Ask me anything: An error occurred: EOF when reading a line
Ask me anything: An error occurred: EOF when reading a line
Ask me anything: An error occurred: EOF when reading a line
Ask me anything: An error occurred: EOF when reading a line
Ask me anything: An error occurred: EOF when reading a line
Ask me anything: An error occurred: EOF when reading a line
Ask me anything: An error occurred: EOF when reading a line
Ask me anything: An error occurred: EOF when reading a line
Ask me anything: An error occurred: EOF when reading a line
Ask me anything: An error occurred: EOF when reading a line
Ask me anything: An error occurred: EOF when reading a line
Ask me anything: An error occurred: EOF when reading a line
Ask me anything: An error occurred: EOF when reading a line
Ask me anything: An error occurred: EOF when reading a line
Ask me anything: An error occurred: EOF when reading a line
Ask me anything: An error occurred: EOF when reading a line
Ask me anything: An error occurred: EOF when reading a line
Ask me anything: An error occurred: EOF when reading a line
Ask me anything: An error occurred: EOF when reading a line
Ask me anything: An error occurred: EOF when reading a line
Ask me anything: An error occurred: EOF when reading a line
Ask me anything: An error occurred: EOF when reading a line
Ask me anything: An error occurred: EOF when reading a line
Ask me anything: An error occurred: EOF when reading a line
Ask me anything: An error occurred: EOF when reading a line
Ask me anything: An error occurred: EOF when reading a line
Ask me anything: An error occurred: EOF when reading a line
Ask me anything: An error occurred: EOF when reading a line
Ask me anything: An error occurred: EOF when reading a line
Ask me anything: An error occurred: EOF when reading a line
Ask me anything: An error occurred: EOF when reading a line
Ask me anything: An error occurred: EOF when reading a line
Ask me anything: An error occurred: EOF when reading a line
Ask me anything: An error occurred: EOF when reading a line
Ask me anything: An error occurred: EOF when reading a line
Ask me anything: An error occurred: EOF when reading a line
Ask me anything: An error occurred: EOF when reading a line
Ask me anything: An error occurred: EOF when reading a line
Ask me anything: An error occurred: EOF when reading a line
Ask me anything: An error occurred: EOF when reading a line
Ask me anything: An error occurred: EOF when reading a line
Ask me anything: An error occurred: EOF when reading a line
Ask me anything: An error occurred: EOF when reading a line
Ask me anything: An error occurred: EOF when reading a line
Ask me anything: An error occurred: EOF when reading a line
Ask me anything: An error occurred: EOF when reading a line
Ask me anything: An error occurred: EOF when reading a line
Ask me anything: An error occurred: EOF when reading a line
Ask me anything: An error occurred: EOF when reading a line
Ask me anything: An error occurred: EOF when reading a line
Ask me anything: An error occurred: EOF when reading a line
Ask me anything: An error occurred: EOF when reading a line
Ask me anything: An error occurred: EOF when reading a line
Ask me anything: An error occurred: EOF when reading a line
Ask me anything: An error occurred: EOF when reading a line
Ask me anything: An error occurred: EOF when reading a line
Ask me anything: An error occurred: EOF when reading a line
Ask me anything: An error occurred: EOF when reading a line
Ask me anything: An error occurred: EOF when reading a line
Ask me anything: An error occurred: EOF when reading a line
Ask me anything: An error occurred: EOF when reading a line
Ask me anything: An error occurred: EOF when reading a line
Ask me anything: An error occurred: EOF when reading a line
Ask me anything: An error occurred: EOF when reading a line
Ask me anything: An error occurred: EOF when reading a line
Ask me anything: An error occurred: EOF when reading a line
Ask me anything: An error occurred: EOF when reading a line
Ask me anything: An error occurred: EOF when reading a line
Ask me anything: An error occurred: EOF when reading a line
Ask me anything: An error occurred: EOF when reading a line
Ask me anything: An error occurred: EOF when reading a line
Ask me anything: An error occurred: EOF when reading a line
Ask me anything: An error occurred: EOF when reading a line
Ask me anything: An error occurred: EOF when reading a line
Ask me anything: An error occurred: EOF when reading a line
Ask me anything: An error occurred: EOF when reading a line
Ask me anything: An error occurred: EOF when reading a line
Ask me anything: An error occurred: EOF when reading a line
Ask me anything: An error occurred: EOF when reading a line
Ask me anything: An error occurred: EOF when reading a line
Ask me anything: An error occurred: EOF when reading a line
Ask me anything: An error occurred: EOF when reading a line
Ask me anything: An error occurred: EOF when reading a line
Ask me anything: An error occurred: EOF when reading a line
Ask me anything: An error occurred: EOF when reading a line
Ask me anything: An error occurred: EOF when reading a line
Ask me anything: An error occurred: EOF when reading a line
Ask me anything: An error occurred: EOF when reading a line
Ask me anything: An error occurred: EOF when reading a line
Ask me anything: An error occurred: EOF when reading a line
Ask me anything: An error occurred: EOF when reading a line
Ask me anything: An error occurred: EOF when reading a line
Ask me anything: An error occurred: EOF when reading a line
Ask me anything: An error occurred: EOF when reading a line
Ask me anything: An error occurred: EOF when reading a line
Ask me anything: An error occurred: EOF when reading a line
Ask me anything: An error occurred: EOF when reading a line
Ask me anything: An error occurred: EOF when reading a line
Ask me anything: An error occurred: EOF when reading a line
Ask me anything: An error occurred: EOF when reading a line
Ask me anything: An error occurred: EOF when reading a line
Ask me anything: An error occurred: EOF when reading a line
Ask me anything: An error occurred: EOF when reading a line
Ask me anything: An error occurred: EOF when reading a line
Ask me anything: An error occurred: EOF when reading a line
Ask me anything: An error occurred: EOF when reading a line
Ask me anything: An error occurred: EOF when reading a line
Ask me anything: An error occurred: EOF when reading a line
Ask me anything: An error occurred: EOF when reading a line
Ask me anything: An error occurred: EOF when reading a line
Ask me anything: An error occurred: EOF when reading a line
Ask me anything: An error occurred: EOF when reading a line
Ask me anything: An error occurred: EOF when reading a line
Ask me anything: An error occurred: EOF when reading a line
Ask me anything: An error occurred: EOF when reading a line
Ask me anything: An error occurred: EOF when reading a line
Ask me anything: An error occurred: EOF when reading a line
Ask me anything: An error occurred: EOF when reading a line
Ask me anything: An error occurred: EOF when reading a line
Ask me anything: An error occurred: EOF when reading a line
Ask me anything: An error occurred: EOF when reading a line
Ask me anything: An error occurred: EOF when reading a line
Ask me anything: An error occurred: EOF when reading a line
Ask me anything: An error occurred: EOF when reading a line
Ask me anything: An error occurred: EOF when reading a line
Ask me anything: An error occurred: EOF when reading a line
Ask me anything: An error occurred: EOF when reading a line
Ask me anything: An error occurred: EOF when reading a line
Ask me anything: An error occurred: EOF when reading a line
Ask me anything: An error occurred: EOF when reading a line
Ask me anything: An error occurred: EOF when reading a line
Ask me anything: An error occurred: EOF when reading a line
Ask me anything: An error occurred: EOF when reading a line
Ask me anything: An error occurred: EOF when reading a line
Ask me anything: An error occurred: EOF when reading a line
Ask me anything: An error occurred: EOF when reading a line
Ask me anything: An error occurred: EOF when reading a line
Ask me anything: An error occurred: EOF when reading a line
Ask me anything: An error occurred: EOF when reading a line
Ask me anything: An error occurred: EOF when reading a line
Ask me anything: An error occurred: EOF when reading a line
Ask me anything: An error occurred: EOF when reading a line
Ask me anything: An error occurred: EOF when reading a line
Ask me anything: An error occurred: EOF when reading a line
Ask me anything: An error occurred: EOF when reading a line
Ask me anything: An error occurred: EOF when reading a line
Ask me anything: An error occurred: EOF when reading a line
Ask me anything: An error occurred: EOF when reading a line
Ask me anything: An error occurred: EOF when reading a line
Ask me anything: An error occurred: EOF when reading a line
Ask me anything: An error occurred: EOF when reading a line
Ask me anything: An error occurred: EOF when reading a line
Ask me anything: An error occurred: EOF when reading a line
Ask me anything: An error occurred: EOF when reading a line
Ask me anything: An error occurred: EOF when reading a line
Ask me anything: An error occurred: EOF when reading a line
Ask me anything: An error occurred: EOF when reading a line
Ask me anything: An error occurred: EOF when reading a line
Ask me anything: An error occurred: EOF when reading a line
Ask me anything: An error occurred: EOF when reading a line
Ask me anything: An error occurred: EOF when reading a line
Ask me anything: An error occurred: EOF when reading a line
Ask me anything: An error occurred: EOF when reading a line
Ask me anything: An error occurred: EOF when reading a line
Ask me anything: An error occurred: EOF when reading a line
Ask me anything: An error occurred: EOF when reading a line
Ask me anything: An error occurred: EOF when reading a line
Ask me anything: An error occurred: EOF when reading a line
Ask me anything: An error occurred: EOF when reading a line
Ask me anything: An error occurred: EOF when reading a line
Ask me anything: An error occurred: EOF when reading a line
Ask me anything: An error occurred: EOF when reading a line
Ask me anything: An error occurred: EOF when reading a line
Ask me anything: An error occurred: EOF when reading a line
Ask me anything: An error occurred: EOF when reading a line
Ask me anything: An error occurred: EOF when reading a line
Ask me anything: An error occurred: EOF when reading a line
Ask me anything: An error occurred: EOF when reading a line
Ask me anything: An error occurred: EOF when reading a line
Ask me anything: An error occurred: EOF when reading a line
Ask me anything: An error occurred: EOF when reading a line
Ask me anything: An error occurred: EOF when reading a line
Ask me anything: An error occurred: EOF when reading a line
Ask me anything: An error occurred: EOF when reading a line
Ask me anything: An error occurred: EOF when reading a line
Ask me anything: An error occurred: EOF when reading a line
Ask me anything: An error occurred: EOF when reading a line
Ask me anything: An error occurred: EOF when reading a line
Ask me anything: An error occurred: EOF when reading a line
Ask me anything: An error occurred: EOF when reading a line
Ask me anything: An error occurred: EOF when reading a line
Ask me anything: An error occurred: EOF when reading a line
Ask me anything: An error occurred: EOF when reading a line
Ask me anything: An error occurred: EOF when reading a line
Ask me anything: An error occurred: EOF when reading a line
Ask me anything: An error occurred: EOF when reading a line
Ask me anything: An error occurred: EOF when reading a line
Ask me anything: An error occurred: EOF when reading a line
Ask me anything: An error occurred: EOF when reading a line
Ask me anything: An error occurred: EOF when reading a line
Ask me anything: An error occurred: EOF when reading a line
Ask me anything: An error occurred: EOF when reading a line
Ask me anything: An error occurred: EOF when reading a line
Ask me anything: An error occurred: EOF when reading a line
Ask me anything: An error occurred: EOF when reading a line
Ask me anything: An error occurred: EOF when reading a line
Ask me anything: An error occurred: EOF when reading a line
Ask me anything: An error occurred: EOF when reading a line
Ask me anything: An error occurred: EOF when reading a line
Ask me anything: An error occurred: EOF when reading a line
Ask me anything: An error occurred: EOF when reading a line
Ask me anything: An error occurred: EOF when reading a line
Ask me anything: An error occurred: EOF when reading a line
Ask me anything: An error occurred: EOF when reading a line
Ask me anything: An error occurred: EOF when reading a line
Ask me anything: An error occurred: EOF when reading a line
Ask me anything: An error occurred: EOF when reading a line
Ask me anything: An error occurred: EOF when reading a line
Ask me anything: An error occurred: EOF when reading a line
Ask me anything: An error occurred: EOF when reading a line
Ask me anything: An error occurred: EOF when reading a line
Ask me anything: An error occurred: EOF when reading a line
Ask me anything: An error occurred: EOF when reading a line
Ask me anything: An error occurred: EOF when reading a line
Ask me anything: An error occurred: EOF when reading a line
Ask me anything: An error occurred: EOF when reading a line
Ask me anything: An error occurred: EOF when reading a line
Ask me anything: An error occurred: EOF when reading a line
Ask me anything: An error occurred: EOF when reading a line
Ask me anything: An error occurred: EOF when reading a line
Ask me anything: An error occurred: EOF when reading a line
Ask me anything: An error occurred: EOF when reading a line
Ask me anything: An error occurred: EOF when reading a line
Ask me anything: An error occurred: EOF when reading a line
Ask me anything: An error occurred: EOF when reading a line
Ask me anything: An error occurred: EOF when reading a line
Ask me anything: An error occurred: EOF when reading a line
Ask me anything: An error occurred: EOF when reading a line
Ask me anything: An error occurred: EOF when reading a line
Ask me anything: An error occurred: EOF when reading a line
Ask me anything: An error occurred: EOF when reading a line
Ask me anything: An error occurred: EOF when reading a line
Ask me anything: An error occurred: EOF when reading a line
Ask me anything: An error occurred: EOF when reading a line
Ask me anything: An error occurred: EOF when reading a line
Ask me anything: An error occurred: EOF when reading a line
Ask me anything: An error occurred: EOF when reading a line
Ask me anything: An error occurred: EOF when reading a line
Ask me anything: An error occurred: EOF when reading a line
Ask me anything: An error occurred: EOF when reading a line
Ask me anything: An error occurred: EOF when reading a line
Ask me anything: An error occurred: EOF when reading a line
Ask me anything: An error occurred: EOF when reading a line
Ask me anything: An error occurred: EOF when reading a line
Ask me anything: An error occurred: EOF when reading a line
Ask me anything: An error occurred: EOF when reading a line
Ask me anything: An error occurred: EOF when reading a line
Ask me anything: An error occurred: EOF when reading a line
Ask me anything: An error occurred: EOF when reading a line
Ask me anything: An error occurred: EOF when reading a line
Ask me anything: An error occurred: EOF when reading a line
Ask me anything: An error occurred: EOF when reading a line
Ask me anything: An error occurred: EOF when reading a line
Ask me anything: An error occurred: EOF when reading a line
Ask me anything: An error occurred: EOF when reading a line
Ask me anything: An error occurred: EOF when reading a line
Ask me anything: An error occurred: EOF when reading a line
Ask me anything: An error occurred: EOF when reading a line
Ask me anything: An error occurred: EOF when reading a line
Ask me anything: An error occurred: EOF when reading a line
Ask me anything: An error occurred: EOF when reading a line
Ask me anything: An error occurred: EOF when reading a line
Ask me anything: An error occurred: EOF when reading a line
Ask me anything: An error occurred: EOF when reading a line
Ask me anything: An error occurred: EOF when reading a line
Ask me anything: An error occurred: EOF when reading a line
Ask me anything: An error occurred: EOF when reading a line
Ask me anything: An error occurred: EOF when reading a line
Ask me anything: An error occurred: EOF when reading a line
Ask me anything: An error occurred: EOF when reading a line
Ask me anything: An error occurred: EOF when reading a line
Ask me anything: An error occurred: EOF when reading a line
Ask me anything: An error occurred: EOF when reading a line
Ask me anything: An error occurred: EOF when reading a line
Ask me anything: An error occurred: EOF when reading a line
Ask me anything: An error occurred: EOF when reading a line
Ask me anything: An error occurred: EOF when reading a line
Ask me anything: An error occurred: EOF when reading a line
Ask me anything: An error occurred: EOF when reading a line
Ask me anything: An error occurred: EOF when reading a line
Ask me anything: An error occurred: EOF when reading a line
Ask me anything: An error occurred: EOF when reading a line
Ask me anything: An error occurred: EOF when reading a line
Ask me anything: An error occurred: EOF when reading a line
Ask me anything: An error occurred: EOF when reading a line
Ask me anything: An error occurred: EOF when reading a line
Ask me anything: An error occurred: EOF when reading a line
Ask me anything: An error occurred: EOF when reading a line
Ask me anything: An error occurred: EOF when reading a line
Ask me anything: An error occurred: EOF when reading a line
Ask me anything: An error occurred: EOF when reading a line
Ask me anything: An error occurred: EOF when reading a line
Ask me anything: An error occurred: EOF when reading a line
Ask me anything: An error occurred: EOF when reading a line
Ask me anything: An error occurred: EOF when reading a line
Ask me anything: An error occurred: EOF when reading a line
Ask me anything: An error occurred: EOF when reading a line
Ask me anything: An error occurred: EOF when reading a line
Ask me anything: An error occurred: EOF when reading a line
Ask me anything: An error occurred: EOF when reading a line
Ask me anything: An error occurred: EOF when reading a line
Ask me anything: An error occurred: EOF when reading a line
Ask me anything: An error occurred: EOF when reading a line
Ask me anything: An error occurred: EOF when reading a line
Ask me anything: An error occurred: EOF when reading a line
Ask me anything: An error occurred: EOF when reading a line
Ask me anything: An error occurred: EOF when reading a line
Ask me anything: An error occurred: EOF when reading a line
Ask me anything: An error occurred: EOF when reading a line
Ask me anything: An error occurred: EOF when reading a line
Ask me anything: An error occurred: EOF when reading a line
Ask me anything: An error occurred: EOF when reading a line
Ask me anything: An error occurred: EOF when reading a line
Ask me anything: An error occurred: EOF when reading a line
Ask me anything: An error occurred: EOF when reading a line
Ask me anything: An error occurred: EOF when reading a line
Ask me anything: An error occurred: EOF when reading a line
Ask me anything: An error occurred: EOF when reading a line
Ask me anything: An error occurred: EOF when reading a line
Ask me anything: An error occurred: EOF when reading a line
Ask me anything: An error occurred: EOF when reading a line
Ask me anything: An error occurred: EOF when reading a line
Ask me anything: An error occurred: EOF when reading a line
Ask me anything: An error occurred: EOF when reading a line
Ask me anything: An error occurred: EOF when reading a line
Ask me anything: An error occurred: EOF when reading a line
Ask me anything: An error occurred: EOF when reading a line
Ask me anything: An error occurred: EOF when reading a line
Ask me anything: An error occurred: EOF when reading a line
Ask me anything: An error occurred: EOF when reading a line
Ask me anything: An error occurred: EOF when reading a line
Ask me anything: An error occurred: EOF when reading a line
Ask me anything: An error occurred: EOF when reading a line
Ask me anything: An error occurred: EOF when reading a line
Ask me anything: An error occurred: EOF when reading a line
Ask me anything: An error occurred: EOF when reading a line
Ask me anything: An error occurred: EOF when reading a line
Ask me anything: An error occurred: EOF when reading a line
Ask me anything: An error occurred: EOF when reading a line
Ask me anything: An error occurred: EOF when reading a line
Ask me anything: An error occurred: EOF when reading a line
Ask me anything: An error occurred: EOF when reading a line
Ask me anything: An error occurred: EOF when reading a line
Ask me anything: An error occurred: EOF when reading a line
Ask me anything: An error occurred: EOF when reading a line
Ask me anything: An error occurred: EOF when reading a line
Ask me anything: An error occurred: EOF when reading a line
Ask me anything: An error occurred: EOF when reading a line
Ask me anything: An error occurred: EOF when reading a line
Ask me anything: An error occurred: EOF when reading a line
Ask me anything: An error occurred: EOF when reading a line
Ask me anything: An error occurred: EOF when reading a line
Ask me anything: An error occurred: EOF when reading a line
Ask me anything: An error occurred: EOF when reading a line
Ask me anything: An error occurred: EOF when reading a line
Ask me anything: An error occurred: EOF when reading a line
Ask me anything: An error occurred: EOF when reading a line
Ask me anything: An error occurred: EOF when reading a line
Ask me anything: An error occurred: EOF when reading a line
Ask me anything: An error occurred: EOF when reading a line
Ask me anything: An error occurred: EOF when reading a line
Ask me anything: An error occurred: EOF when reading a line
Ask me anything: An error occurred: EOF when reading a line
Ask me anything: An error occurred: EOF when reading a line
Ask me anything: An error occurred: EOF when reading a line
Ask me anything: An error occurred: EOF when reading a line
Ask me anything: An error occurred: EOF when reading a line
Ask me anything: An error occurred: EOF when reading a line
Ask me anything: An error occurred: EOF when reading a line
Ask me anything: An error occurred: EOF when reading a line
Ask me anything: An error occurred: EOF when reading a line
Ask me anything: An error occurred: EOF when reading a line
Ask me anything: An error occurred: EOF when reading a line
Ask me anything: An error occurred: EOF when reading a line
Ask me anything: An error occurred: EOF when reading a line
Ask me anything: An error occurred: EOF when reading a line
Ask me anything: An error occurred: EOF when reading a line
Ask me anything: An error occurred: EOF when reading a line
Ask me anything: An error occurred: EOF when reading a line
Ask me anything: An error occurred: EOF when reading a line
Ask me anything: An error occurred: EOF when reading a line
Ask me anything: An error occurred: EOF when reading a line
Ask me anything: An error occurred: EOF when reading a line
Ask me anything: An error occurred: EOF when reading a line
Ask me anything: An error occurred: EOF when reading a line
Ask me anything: An error occurred: EOF when reading a line
Ask me anything: An error occurred: EOF when reading a line
Ask me anything: An error occurred: EOF when reading a line
Ask me anything: An error occurred: EOF when reading a line
Ask me anything: An error occurred: EOF when reading a line
Ask me anything: An error occurred: EOF when reading a line
Ask me anything: An error occurred: EOF when reading a line
Ask me anything: An error occurred: EOF when reading a line
Ask me anything: An error occurred: EOF when reading a line
Ask me anything: An error occurred: EOF when reading a line
Ask me anything: An error occurred: EOF when reading a line
Ask me anything: An error occurred: EOF when reading a line
Ask me anything: An error occurred: EOF when reading a line
Ask me anything: An error occurred: EOF when reading a line
Ask me anything: An error occurred: EOF when reading a line
Ask me anything: An error occurred: EOF when reading a line
Ask me anything: An error occurred: EOF when reading a line
Ask me anything: An error occurred: EOF when reading a line
Ask me anything: An error occurred: EOF when reading a line
Ask me anything: An error occurred: EOF when reading a line
Ask me anything: An error occurred: EOF when reading a line
Ask me anything: An error occurred: EOF when reading a line
Ask me anything: An error occurred: EOF when reading a line
Ask me anything: An error occurred: EOF when reading a line
Ask me anything: An error occurred: EOF when reading a line
Ask me anything: An error occurred: EOF when reading a line
Ask me anything: An error occurred: EOF when reading a line
Ask me anything: An error occurred: EOF when reading a line
Ask me anything: An error occurred: EOF when reading a line
Ask me anything: An error occurred: EOF when reading a line
Ask me anything: An error occurred: EOF when reading a line
Ask me anything: An error occurred: EOF when reading a line
Ask me anything: An error occurred: EOF when reading a line
Ask me anything: An error occurred: EOF when reading a line
Ask me anything: An error occurred: EOF when reading a line
Ask me anything: An error occurred: EOF when reading a line
Ask me anything: An error occurred: EOF when reading a line
Ask me anything: An error occurred: EOF when reading a line
Ask me anything: An error occurred: EOF when reading a line
Ask me anything: An error occurred: EOF when reading a line
Ask me anything: An error occurred: EOF when reading a line
Ask me anything: An error occurred: EOF when reading a line
Ask me anything: An error occurred: EOF when reading a line
Ask me anything: An error occurred: EOF when reading a line
Ask me anything: An error occurred: EOF when reading a line
Ask me anything: An error occurred: EOF when reading a line
Ask me anything: An error occurred: EOF when reading a line
Ask me anything: An error occurred: EOF when reading a line
Ask me anything: An error occurred: EOF when reading a line
Ask me anything: An error occurred: EOF when reading a line
Ask me anything: An error occurred: EOF when reading a line
Ask me anything: An error occurred: EOF when reading a line
Ask me anything: An error occurred: EOF when reading a line
Ask me anything: An error occurred: EOF when reading a line
Ask me anything: An error occurred: EOF when reading a line
Ask me anything: An error occurred: EOF when reading a line
Ask me anything: An error occurred: EOF when reading a line
Ask me anything: An error occurred: EOF when reading a line
Ask me anything: An error occurred: EOF when reading a line
Ask me anything: An error occurred: EOF when reading a line
Ask me anything: An error occurred: EOF when reading a line
Ask me anything: An error occurred: EOF when reading a line
Ask me anything: An error occurred: EOF when reading a line
Ask me anything: An error occurred: EOF when reading a line
Ask me anything: An error occurred: EOF when reading a line
Ask me anything: An error occurred: EOF when reading a line
Ask me anything: An error occurred: EOF when reading a line
Ask me anything: An error occurred: EOF when reading a line
Ask me anything: An error occurred: EOF when reading a line
Ask me anything: An error occurred: EOF when reading a line
Ask me anything: An error occurred: EOF when reading a line
Ask me anything: An error occurred: EOF when reading a line
Ask me anything: An error occurred: EOF when reading a line
Ask me anything: An error occurred: EOF when reading a line
Ask me anything: An error occurred: EOF when reading a line
Ask me anything: An error occurred: EOF when reading a line
Ask me anything: An error occurred: EOF when reading a line
Ask me anything: An error occurred: EOF when reading a line
Ask me anything: An error occurred: EOF when reading a line
Ask me anything: An error occurred: EOF when reading a line
Ask me anything: An error occurred: EOF when reading a line
Ask me anything: An error occurred: EOF when reading a line
Ask me anything: An error occurred: EOF when reading a line
Ask me anything: An error occurred: EOF when reading a line
Ask me anything: An error occurred: EOF when reading a line
Ask me anything: An error occurred: EOF when reading a line
Ask me anything: An error occurred: EOF when reading a line
Ask me anything: An error occurred: EOF when reading a line
Ask me anything: An error occurred: EOF when reading a line
Ask me anything: An error occurred: EOF when reading a line
Ask me anything: An error occurred: EOF when reading a line
Ask me anything: An error occurred: EOF when reading a line
Ask me anything: An error occurred: EOF when reading a line
Ask me anything: An error occurred: EOF when reading a line
Ask me anything: An error occurred: EOF when reading a line
Ask me anything: An error occurred: EOF when reading a line
Ask me anything: An error occurred: EOF when reading a line
Ask me anything: An error occurred: EOF when reading a line
Ask me anything: An error occurred: EOF when reading a line
Ask me anything: An error occurred: EOF when reading a line
Ask me anything: An error occurred: EOF when reading a line
Ask me anything: An error occurred: EOF when reading a line
Ask me anything: An error occurred: EOF when reading a line
Ask me anything: An error occurred: EOF when reading a line
Ask me anything: An error occurred: EOF when reading a line
Ask me anything: An error occurred: EOF when reading a line
Ask me anything: An error occurred: EOF when reading a line
Ask me anything: An error occurred: EOF when reading a line
Ask me anything: An error occurred: EOF when reading a line
Ask me anything: An error occurred: EOF when reading a line
Ask me anything: An error occurred: EOF when reading a line
Ask me anything: An error occurred: EOF when reading a line
Ask me anything: An error occurred: EOF when reading a line
Ask me anything: An error occurred: EOF when reading a line
Ask me anything: An error occurred: EOF when reading a line
Ask me anything: An error occurred: EOF when reading a line
Ask me anything: An error occurred: EOF when reading a line
Ask me anything: An error occurred: EOF when reading a line
Ask me anything: An error occurred: EOF when reading a line
Ask me anything: An error occurred: EOF when reading a line
Ask me anything: An error occurred: EOF when reading a line
Ask me anything: An error occurred: EOF when reading a line
Ask me anything: An error occurred: EOF when reading a line
Ask me anything: An error occurred: EOF when reading a line
Ask me anything: An error occurred: EOF when reading a line
Ask me anything: An error occurred: EOF when reading a line
Ask me anything: An error occurred: EOF when reading a line
Ask me anything: An error occurred: EOF when reading a line
Ask me anything: An error occurred: EOF when reading a line
Ask me anything: An error occurred: EOF when reading a line
Ask me anything: An error occurred: EOF when reading a line
Ask me anything: An error occurred: EOF when reading a line
Ask me anything: An error occurred: EOF when reading a line
Ask me anything: An error occurred: EOF when reading a line
Ask me anything: An error occurred: EOF when reading a line
Ask me anything: An error occurred: EOF when reading a line
Ask me anything: An error occurred: EOF when reading a line
Ask me anything: An error occurred: EOF when reading a line
Ask me anything: An error occurred: EOF when reading a line
Ask me anything: An error occurred: EOF when reading a line
Ask me anything: An error occurred: EOF when reading a line
Ask me anything: An error occurred: EOF when reading a line
Ask me anything: An error occurred: EOF when reading a line
Ask me anything: An error occurred: EOF when reading a line
Ask me anything: An error occurred: EOF when reading a line
Ask me anything: An error occurred: EOF when reading a line
Ask me anything: An error occurred: EOF when reading a line
Ask me anything: An error occurred: EOF when reading a line
Ask me anything: An error occurred: EOF when reading a line
Ask me anything: An error occurred: EOF when reading a line
Ask me anything: An error occurred: EOF when reading a line
Ask me anything: An error occurred: EOF when reading a line
Ask me anything: An error occurred: EOF when reading a line
Ask me anything: An error occurred: EOF when reading a line
Ask me anything: An error occurred: EOF when reading a line
Ask me anything: An error occurred: EOF when reading a line
Ask me anything: An error occurred: EOF when reading a line
Ask me anything: An error occurred: EOF when reading a line
Ask me anything: An error occurred: EOF when reading a line
Ask me anything: An error occurred: EOF when reading a line
Ask me anything: An error occurred: EOF when reading a line
Ask me anything: An error occurred: EOF when reading a line
Ask me anything: An error occurred: EOF when reading a line
Ask me anything: An error occurred: EOF when reading a line
Ask me anything: An error occurred: EOF when reading a line
Ask me anything: An error occurred: EOF when reading a line
Ask me anything: An error occurred: EOF when reading a line
Ask me anything: An error occurred: EOF when reading a line
Ask me anything: An error occurred: EOF when reading a line
Ask me anything: An error occurred: EOF when reading a line
Ask me anything: An error occurred: EOF when reading a line
Ask me anything: An error occurred: EOF when reading a line
Ask me anything: An error occurred: EOF when reading a line
Ask me anything: An error occurred: EOF when reading a line
Ask me anything: An error occurred: EOF when reading a line
Ask me anything: An error occurred: EOF when reading a line
Ask me anything: An error occurred: EOF when reading a line
Ask me anything: An error occurred: EOF when reading a line
Ask me anything: An error occurred: EOF when reading a line
Ask me anything: An error occurred: EOF when reading a line
Ask me anything: An error occurred: EOF when reading a line
Ask me anything: An error occurred: EOF when reading a line
Ask me anything: An error occurred: EOF when reading a line
Ask me anything: An error occurred: EOF when reading a line
Ask me anything: An error occurred: EOF when reading a line
Ask me anything: An error occurred: EOF when reading a line
Ask me anything: An error occurred: EOF when reading a line
Ask me anything: An error occurred: EOF when reading a line
Ask me anything: An error occurred: EOF when reading a line
Ask me anything: An error occurred: EOF when reading a line
Ask me anything: An error occurred: EOF when reading a line
Ask me anything: An error occurred: EOF when reading a line
Ask me anything: An error occurred: EOF when reading a line
Ask me anything: An error occurred: EOF when reading a line
Ask me anything: An error occurred: EOF when reading a line
Ask me anything: An error occurred: EOF when reading a line
Ask me anything: An error occurred: EOF when reading a line
Ask me anything: An error occurred: EOF when reading a line
Ask me anything: An error occurred: EOF when reading a line
Ask me anything: An error occurred: EOF when reading a line
Ask me anything: An error occurred: EOF when reading a line
Ask me anything: An error occurred: EOF when reading a line
Ask me anything: An error occurred: EOF when reading a line
Ask me anything: An error occurred: EOF when reading a line
Ask me anything: An error occurred: EOF when reading a line
Ask me anything: An error occurred: EOF when reading a line
Ask me anything: An error occurred: EOF when reading a line
Ask me anything: An error occurred: EOF when reading a line
Ask me anything: An error occurred: EOF when reading a line
Ask me anything: An error occurred: EOF when reading a line
Ask me anything: An error occurred: EOF when reading a line
Ask me anything: An error occurred: EOF when reading a line
Ask me anything: An error occurred: EOF when reading a line
Ask me anything: An error occurred: EOF when reading a line
Ask me anything: An error occurred: EOF when reading a line
Ask me anything: An error occurred: EOF when reading a line
Ask me anything: An error occurred: EOF when reading a line
Ask me anything: An error occurred: EOF when reading a line
Ask me anything: An error occurred: EOF when reading a line
Ask me anything: An error occurred: EOF when reading a line
Ask me anything: An error occurred: EOF when reading a line
Ask me anything: An error occurred: EOF when reading a line
Ask me anything: An error occurred: EOF when reading a line
Ask me anything: An error occurred: EOF when reading a line
Ask me anything: An error occurred: EOF when reading a line
Ask me anything: An error occurred: EOF when reading a line
Ask me anything: An error occurred: EOF when reading a line
Ask me anything: An error occurred: EOF when reading a line
Ask me anything: An error occurred: EOF when reading a line
Ask me anything: An error occurred: EOF when reading a line
Ask me anything: An error occurred: EOF when reading a line
Ask me anything: An error occurred: EOF when reading a line
Ask me anything: An error occurred: EOF when reading a line
Ask me anything: An error occurred: EOF when reading a line
Ask me anything: An error occurred: EOF when reading a line
Ask me anything: An error occurred: EOF when reading a line
Ask me anything: An error occurred: EOF when reading a line
Ask me anything: An error occurred: EOF when reading a line
Ask me anything: An error occurred: EOF when reading a line
Ask me anything: An error occurred: EOF when reading a line
Ask me anything: An error occurred: EOF when reading a line
Ask me anything: An error occurred: EOF when reading a line
Ask me anything: An error occurred: EOF when reading a line
Ask me anything: An error occurred: EOF when reading a line
Ask me anything: An error occurred: EOF when reading a line
Ask me anything: An error occurred: EOF when reading a line
Ask me anything: An error occurred: EOF when reading a line
Ask me anything: An error occurred: EOF when reading a line
Ask me anything: An error occurred: EOF when reading a line
Ask me anything: An error occurred: EOF when reading a line
Ask me anything: An error occurred: EOF when reading a line
Ask me anything: An error occurred: EOF when reading a line
Ask me anything: An error occurred: EOF when reading a line
Ask me anything: An error occurred: EOF when reading a line
Ask me anything: An error occurred: EOF when reading a line
Ask me anything: An error occurred: EOF when reading a line
Ask me anything: An error occurred: EOF when reading a line
Ask me anything: An error occurred: EOF when reading a line
Ask me anything: An error occurred: EOF when reading a line
Ask me anything: An error occurred: EOF when reading a line
Ask me anything: An error occurred: EOF when reading a line
Ask me anything: An error occurred: EOF when reading a line
Ask me anything: An error occurred: EOF when reading a line
Ask me anything: An error occurred: EOF when reading a line
Ask me anything: An error occurred: EOF when reading a line
Ask me anything: An error occurred: EOF when reading a line
Ask me anything: An error occurred: EOF when reading a line
Ask me anything: An error occurred: EOF when reading a line
Ask me anything: An error occurred: EOF when reading a line
Ask me anything: An error occurred: EOF when reading a line
Ask me anything: An error occurred: EOF when reading a line
Ask me anything: An error occurred: EOF when reading a line
Ask me anything: An error occurred: EOF when reading a line
Ask me anything: An error occurred: EOF when reading a line
Ask me anything: An error occurred: EOF when reading a line
Ask me anything: An error occurred: EOF when reading a line
Ask me anything: An error occurred: EOF when reading a line
Ask me anything: An error occurred: EOF when reading a line
Ask me anything: An error occurred: EOF when reading a line
Ask me anything: An error occurred: EOF when reading a line
Ask me anything: An error occurred: EOF when reading a line
Ask me anything: An error occurred: EOF when reading a line
Ask me anything: An error occurred: EOF when reading a line
Ask me anything: An error occurred: EOF when reading a line
Ask me anything: An error occurred: EOF when reading a line
Ask me anything: An error occurred: EOF when reading a line
Ask me anything: An error occurred: EOF when reading a line
Ask me anything: An error occurred: EOF when reading a line
Ask me anything: An error occurred: EOF when reading a line
Ask me anything: An error occurred: EOF when reading a line
Ask me anything: An error occurred: EOF when reading a line
Ask me anything: An error occurred: EOF when reading a line
Ask me anything: An error occurred: EOF when reading a line
Ask me anything: An error occurred: EOF when reading a line
Ask me anything: An error occurred: EOF when reading a line
Ask me anything: An error occurred: EOF when reading a line
Ask me anything: An error occurred: EOF when reading a line
Ask me anything: An error occurred: EOF when reading a line
Ask me anything: An error occurred: EOF when reading a line
Ask me anything: An error occurred: EOF when reading a line
Ask me anything: An error occurred: EOF when reading a line
Ask me anything: An error occurred: EOF when reading a line
Ask me anything: An error occurred: EOF when reading a line
Ask me anything: An error occurred: EOF when reading a line
Ask me anything: An error occurred: EOF when reading a line
Ask me anything: An error occurred: EOF when reading a line
Ask me anything: An error occurred: EOF when reading a line
Ask me anything: An error occurred: EOF when reading a line
Ask me anything: An error occurred: EOF when reading a line
Ask me anything: An error occurred: EOF when reading a line
Ask me anything: An error occurred: EOF when reading a line
Ask me anything: An error occurred: EOF when reading a line
Ask me anything: An error occurred: EOF when reading a line
Ask me anything: An error occurred: EOF when reading a line
Ask me anything: An error occurred: EOF when reading a line
Ask me anything: An error occurred: EOF when reading a line
Ask me anything: An error occurred: EOF when reading a line
Ask me anything: An error occurred: EOF when reading a line
Ask me anything: An error occurred: EOF when reading a line
Ask me anything: An error occurred: EOF when reading a line
Ask me anything: An error occurred: EOF when reading a line
Ask me anything: An error occurred: EOF when reading a line
Ask me anything: An error occurred: EOF when reading a line
Ask me anything: An error occurred: EOF when reading a line
Ask me anything: An error occurred: EOF when reading a line
Ask me anything: An error occurred: EOF when reading a line
Ask me anything: An error occurred: EOF when reading a line
Ask me anything: An error occurred: EOF when reading a line
Ask me anything: An error occurred: EOF when reading a line
Ask me anything: An error occurred: EOF when reading a line
Ask me anything: An error occurred: EOF when reading a line
Ask me anything: An error occurred: EOF when reading a line
Ask me anything: An error occurred: EOF when reading a line
Ask me anything: An error occurred: EOF when reading a line
Ask me anything: An error occurred: EOF when reading a line
Ask me anything: An error occurred: EOF when reading a line
Ask me anything: An error occurred: EOF when reading a line
Ask me anything: An error occurred: EOF when reading a line
Ask me anything: An error occurred: EOF when reading a line
Ask me anything: An error occurred: EOF when reading a line
Ask me anything: An error occurred: EOF when reading a line
Ask me anything: An error occurred: EOF when reading a line
Ask me anything: An error occurred: EOF when reading a line
Ask me anything: An error occurred: EOF when reading a line
Ask me anything: An error occurred: EOF when reading a line
Ask me anything: An error occurred: EOF when reading a line
Ask me anything: An error occurred: EOF when reading a line
Ask me anything: An error occurred: EOF when reading a line
Ask me anything: An error occurred: EOF when reading a line
Ask me anything: An error occurred: EOF when reading a line
Ask me anything: An error occurred: EOF when reading a line
Ask me anything: An error occurred: EOF when reading a line
Ask me anything: An error occurred: EOF when reading a line
Ask me anything: An error occurred: EOF when reading a line
Ask me anything: An error occurred: EOF when reading a line
Ask me anything: An error occurred: EOF when reading a line
Ask me anything: An error occurred: EOF when reading a line
Ask me anything: An error occurred: EOF when reading a line
Ask me anything: An error occurred: EOF when reading a line
Ask me anything: An error occurred: EOF when reading a line
Ask me anything: An error occurred: EOF when reading a line
Ask me anything: An error occurred: EOF when reading a line
Ask me anything: An error occurred: EOF when reading a line
Ask me anything: An error occurred: EOF when reading a line
Ask me anything: An error occurred: EOF when reading a line
Ask me anything: An error occurred: EOF when reading a line
Ask me anything: An error occurred: EOF when reading a line
Ask me anything: An error occurred: EOF when reading a line
Ask me anything: An error occurred: EOF when reading a line
Ask me anything: An error occurred: EOF when reading a line
Ask me anything: An error occurred: EOF when reading a line
Ask me anything: An error occurred: EOF when reading a line
Ask me anything: An error occurred: EOF when reading a line
Ask me anything: An error occurred: EOF when reading a line
Ask me anything: An error occurred: EOF when reading a line
Ask me anything: An error occurred: EOF when reading a line
Ask me anything: An error occurred: EOF when reading a line
Ask me anything: An error occurred: EOF when reading a line
Ask me anything: An error occurred: EOF when reading a line
Ask me anything: An error occurred: EOF when reading a line
Ask me anything: An error occurred: EOF when reading a line
Ask me anything: An error occurred: EOF when reading a line
Ask me anything: An error occurred: EOF when reading a line
Ask me anything: An error occurred: EOF when reading a line
Ask me anything: An error occurred: EOF when reading a line
Ask me anything: An error occurred: EOF when reading a line
Ask me anything: An error occurred: EOF when reading a line
Ask me anything: An error occurred: EOF when reading a line
Ask me anything: An error occurred: EOF when reading a line
Ask me anything: An error occurred: EOF when reading a line
Ask me anything: An error occurred: EOF when reading a line
Ask me anything: An error occurred: EOF when reading a line
Ask me anything: An error occurred: EOF when reading a line
Ask me anything: An error occurred: EOF when reading a line
Ask me anything: An error occurred: EOF when reading a line
Ask me anything: An error occurred: EOF when reading a line
Ask me anything: An error occurred: EOF when reading a line
Ask me anything: An error occurred: EOF when reading a line
Ask me anything: An error occurred: EOF when reading a line
Ask me anything: An error occurred: EOF when reading a line
Ask me anything: An error occurred: EOF when reading a line
Ask me anything: An error occurred: EOF when reading a line
Ask me anything: An error occurred: EOF when reading a line
Ask me anything: An error occurred: EOF when reading a line
Ask me anything: An error occurred: EOF when reading a line
Ask me anything: An error occurred: EOF when reading a line
Ask me anything: An error occurred: EOF when reading a line
Ask me anything: An error occurred: EOF when reading a line
Ask me anything: An error occurred: EOF when reading a line
Ask me anything: An error occurred: EOF when reading a line
Ask me anything: An error occurred: EOF when reading a line
Ask me anything: An error occurred: EOF when reading a line
Ask me anything: An error occurred: EOF when reading a line
Ask me anything: An error occurred: EOF when reading a line
Ask me anything: An error occurred: EOF when reading a line
Ask me anything: An error occurred: EOF when reading a line
Ask me anything: An error occurred: EOF when reading a line
Ask me anything: An error occurred: EOF when reading a line
Ask me anything: An error occurred: EOF when reading a line
Ask me anything: An error occurred: EOF when reading a line
Ask me anything: An error occurred: EOF when reading a line
Ask me anything: An error occurred: EOF when reading a line
Ask me anything: An error occurred: EOF when reading a line
Ask me anything: An error occurred: EOF when reading a line
Ask me anything: An error occurred: EOF when reading a line
Ask me anything: An error occurred: EOF when reading a line
Ask me anything: An error occurred: EOF when reading a line
Ask me anything: An error occurred: EOF when reading a line
Ask me anything: An error occurred: EOF when reading a line
Ask me anything: An error occurred: EOF when reading a line
Ask me anything: An error occurred: EOF when reading a line
Ask me anything: An error occurred: EOF when reading a line
Ask me anything: An error occurred: EOF when reading a line
Ask me anything: An error occurred: EOF when reading a line
Ask me anything: An error occurred: EOF when reading a line
Ask me anything: An error occurred: EOF when reading a line
Ask me anything: An error occurred: EOF when reading a line
Ask me anything: An error occurred: EOF when reading a line
Ask me anything: An error occurred: EOF when reading a line
Ask me anything: An error occurred: EOF when reading a line
Ask me anything: An error occurred: EOF when reading a line
Ask me anything: An error occurred: EOF when reading a line
Ask me anything: An error occurred: EOF when reading a line
Ask me anything: An error occurred: EOF when reading a line
Ask me anything: An error occurred: EOF when reading a line
Ask me anything: An error occurred: EOF when reading a line
Ask me anything: An error occurred: EOF when reading a line
Ask me anything: An error occurred: EOF when reading a line
Ask me anything: An error occurred: EOF when reading a line
Ask me anything: An error occurred: EOF when reading a line
Ask me anything: An error occurred: EOF when reading a line
Ask me anything: An error occurred: EOF when reading a line
Ask me anything: An error occurred: EOF when reading a line
Ask me anything: An error occurred: EOF when reading a line
Ask me anything: An error occurred: EOF when reading a line
Ask me anything: An error occurred: EOF when reading a line
Ask me anything: An error occurred: EOF when reading a line
Ask me anything: An error occurred: EOF when reading a line
Ask me anything: An error occurred: EOF when reading a line
Ask me anything: An error occurred: EOF when reading a line
Ask me anything: An error occurred: EOF when reading a line
Ask me anything: An error occurred: EOF when reading a line
Ask me anything: An error occurred: EOF when reading a line
Ask me anything: An error occurred: EOF when reading a line
Ask me anything: An error occurred: EOF when reading a line
Ask me anything: An error occurred: EOF when reading a line
Ask me anything: An error occurred: EOF when reading a line
Ask me anything: An error occurred: EOF when reading a line
Ask me anything: An error occurred: EOF when reading a line
Ask me anything: An error occurred: EOF when reading a line
Ask me anything: An error occurred: EOF when reading a line
Ask me anything: An error occurred: EOF when reading a line
Ask me anything: An error occurred: EOF when reading a line
Ask me anything: An error occurred: EOF when reading a line
Ask me anything: An error occurred: EOF when reading a line
Ask me anything: An error occurred: EOF when reading a line
Ask me anything: An error occurred: EOF when reading a line
Ask me anything: An error occurred: EOF when reading a line
Ask me anything: An error occurred: EOF when reading a line
Ask me anything: An error occurred: EOF when reading a line
Ask me anything: An error occurred: EOF when reading a line
Ask me anything: An error occurred: EOF when reading a line
Ask me anything: An error occurred: EOF when reading a line
Ask me anything: An error occurred: EOF when reading a line
Ask me anything: An error occurred: EOF when reading a line
Ask me anything: An error occurred: EOF when reading a line
Ask me anything: An error occurred: EOF when reading a line
Ask me anything: An error occurred: EOF when reading a line
Ask me anything: An error occurred: EOF when reading a line
Ask me anything: An error occurred: EOF when reading a line
Ask me anything: An error occurred: EOF when reading a line
Ask me anything: An error occurred: EOF when reading a line
Ask me anything: An error occurred: EOF when reading a line
Ask me anything: An error occurred: EOF when reading a line
Ask me anything: An error occurred: EOF when reading a line
Ask me anything: An error occurred: EOF when reading a line
Ask me anything: An error occurred: EOF when reading a line
Ask me anything: An error occurred: EOF when reading a line
Ask me anything: An error occurred: EOF when reading a line
Ask me anything: An error occurred: EOF when reading a line
Ask me anything: An error occurred: EOF when reading a line
Ask me anything: An error occurred: EOF when reading a line
Ask me anything: An error occurred: EOF when reading a line
Ask me anything: An error occurred: EOF when reading a line
Ask me anything: An error occurred: EOF when reading a line
Ask me anything: An error occurred: EOF when reading a line
Ask me anything: An error occurred: EOF when reading a line
Ask me anything: An error occurred: EOF when reading a line
Ask me anything: An error occurred: EOF when reading a line
Ask me anything: An error occurred: EOF when reading a line
Ask me anything: An error occurred: EOF when reading a line
Ask me anything: An error occurred: EOF when reading a line
Ask me anything: An error occurred: EOF when reading a line
Ask me anything: An error occurred: EOF when reading a line
Ask me anything: An error occurred: EOF when reading a line
Ask me anything: An error occurred: EOF when reading a line
Ask me anything: An error occurred: EOF when reading a line
Ask me anything: An error occurred: EOF when reading a line
Ask me anything: An error occurred: EOF when reading a line
Ask me anything: An error occurred: EOF when reading a line
Ask me anything: An error occurred: EOF when reading a line
Ask me anything: An error occurred: EOF when reading a line
Ask me anything: An error occurred: EOF when reading a line
Ask me anything: An error occurred: EOF when reading a line
Ask me anything: An error occurred: EOF when reading a line
Ask me anything: An error occurred: EOF when reading a line
Ask me anything: An error occurred: EOF when reading a line
Ask me anything: An error occurred: EOF when reading a line
Ask me anything: An error occurred: EOF when reading a line
Ask me anything: An error occurred: EOF when reading a line
Ask me anything: An error occurred: EOF when reading a line
Ask me anything: An error occurred: EOF when reading a line
Ask me anything: An error occurred: EOF when reading a line
Ask me anything: An error occurred: EOF when reading a line
Ask me anything: An error occurred: EOF when reading a line
Ask me anything: An error occurred: EOF when reading a line
Ask me anything: An error occurred: EOF when reading a line
Ask me anything: An error occurred: EOF when reading a line
Ask me anything: An error occurred: EOF when reading a line
Ask me anything: An error occurred: EOF when reading a line
Ask me anything: An error occurred: EOF when reading a line
Ask me anything: An error occurred: EOF when reading a line
Ask me anything: An error occurred: EOF when reading a line
Ask me anything: An error occurred: EOF when reading a line
Ask me anything: An error occurred: EOF when reading a line
Ask me anything: An error occurred: EOF when reading a line
Ask me anything: An error occurred: EOF when reading a line
Ask me anything: An error occurred: EOF when reading a line
Ask me anything: An error occurred: EOF when reading a line
Ask me anything: An error occurred: EOF when reading a line
Ask me anything: An error occurred: EOF when reading a line
Ask me anything: An error occurred: EOF when reading a line
Ask me anything: An error occurred: EOF when reading a line
Ask me anything: An error occurred: EOF when reading a line
Ask me anything: An error occurred: EOF when reading a line
Ask me anything: An error occurred: EOF when reading a line
Ask me anything: An error occurred: EOF when reading a line
Ask me anything: An error occurred: EOF when reading a line
Ask me anything: An error occurred: EOF when reading a line
Ask me anything: An error occurred: EOF when reading a line
Ask me anything: An error occurred: EOF when reading a line
Ask me anything: An error occurred: EOF when reading a line
Ask me anything: An error occurred: EOF when reading a line
Ask me anything: An error occurred: EOF when reading a line
Ask me anything: An error occurred: EOF when reading a line
Ask me anything: An error occurred: EOF when reading a line
Ask me anything: An error occurred: EOF when reading a line
Ask me anything: An error occurred: EOF when reading a line
Ask me anything: An error occurred: EOF when reading a line
Ask me anything: An error occurred: EOF when reading a line
Ask me anything: An error occurred: EOF when reading a line
Ask me anything: An error occurred: EOF when reading a line
Ask me anything: An error occurred: EOF when reading a line
Ask me anything: An error occurred: EOF when reading a line
Ask me anything: An error occurred: EOF when reading a line
Ask me anything: An error occurred: EOF when reading a line
Ask me anything: An error occurred: EOF when reading a line
Ask me anything: An error occurred: EOF when reading a line
Ask me anything: An error occurred: EOF when reading a line
Ask me anything: An error occurred: EOF when reading a line
Ask me anything: An error occurred: EOF when reading a line
Ask me anything: An error occurred: EOF when reading a line
Ask me anything: An error occurred: EOF when reading a line
Ask me anything: An error occurred: EOF when reading a line
Ask me anything: An error occurred: EOF when reading a line
Ask me anything: An error occurred: EOF when reading a line
Ask me anything: An error occurred: EOF when reading a line
Ask me anything: An error occurred: EOF when reading a line
Ask me anything: An error occurred: EOF when reading a line
Ask me anything: An error occurred: EOF when reading a line
Ask me anything: An error occurred: EOF when reading a line
Ask me anything: An error occurred: EOF when reading a line
Ask me anything: An error occurred: EOF when reading a line
Ask me anything: An error occurred: EOF when reading a line
Ask me anything: An error occurred: EOF when reading a line
Ask me anything: An error occurred: EOF when reading a line
Ask me anything: An error occurred: EOF when reading a line
Ask me anything: An error occurred: EOF when reading a line
Ask me anything: An error occurred: EOF when reading a line
Ask me anything: An error occurred: EOF when reading a line
Ask me anything: An error occurred: EOF when reading a line
Ask me anything: An error occurred: EOF when reading a line
Ask me anything: An error occurred: EOF when reading a line
Ask me anything: An error occurred: EOF when reading a line
Ask me anything: An error occurred: EOF when reading a line
Ask me anything: An error occurred: EOF when reading a line
Ask me anything: An error occurred: EOF when reading a line
Ask me anything: An error occurred: EOF when reading a line
Ask me anything: An error occurred: EOF when reading a line
Ask me anything: An error occurred: EOF when reading a line
Ask me anything: An error occurred: EOF when reading a line
Ask me anything: An error occurred: EOF when reading a line
Ask me anything: An error occurred: EOF when reading a line
Ask me anything: An error occurred: EOF when reading a line
Ask me anything: An error occurred: EOF when reading a line
Ask me anything: An error occurred: EOF when reading a line
Ask me anything: An error occurred: EOF when reading a line
Ask me anything: An error occurred: EOF when reading a line
Ask me anything: An error occurred: EOF when reading a line
Ask me anything: An error occurred: EOF when reading a line
Ask me anything: An error occurred: EOF when reading a line
Ask me anything: An error occurred: EOF when reading a line
Ask me anything: An error occurred: EOF when reading a line
Ask me anything: An error occurred: EOF when reading a line
Ask me anything: An error occurred: EOF when reading a line
Ask me anything: An error occurred: EOF when reading a line
Ask me anything: An error occurred: EOF when reading a line
Ask me anything: An error occurred: EOF when reading a line
Ask me anything: An error occurred: EOF when reading a line
Ask me anything: An error occurred: EOF when reading a line
Ask me anything: An error occurred: EOF when reading a line
Ask me anything: An error occurred: EOF when reading a line
Ask me anything: An error occurred: EOF when reading a line
Ask me anything: An error occurred: EOF when reading a line
Ask me anything: An error occurred: EOF when reading a line
Ask me anything: An error occurred: EOF when reading a line
Ask me anything: An error occurred: EOF when reading a line
Ask me anything: An error occurred: EOF when reading a line
Ask me anything: An error occurred: EOF when reading a line
Ask me anything: An error occurred: EOF when reading a line
Ask me anything: An error occurred: EOF when reading a line
Ask me anything: An error occurred: EOF when reading a line
Ask me anything: An error occurred: EOF when reading a line
Ask me anything: An error occurred: EOF when reading a line
Ask me anything: An error occurred: EOF when reading a line
Ask me anything: An error occurred: EOF when reading a line
Ask me anything: An error occurred: EOF when reading a line
Ask me anything: An error occurred: EOF when reading a line
Ask me anything: An error occurred: EOF when reading a line
Ask me anything: An error occurred: EOF when reading a line
Ask me anything: An error occurred: EOF when reading a line
Ask me anything: An error occurred: EOF when reading a line
Ask me anything: An error occurred: EOF when reading a line
Ask me anything: An error occurred: EOF when reading a line
Ask me anything: An error occurred: EOF when reading a line
Ask me anything: An error occurred: EOF when reading a line
Ask me anything: An error occurred: EOF when reading a line
Ask me anything: An error occurred: EOF when reading a line
Ask me anything: An error occurred: EOF when reading a line
Ask me anything: An error occurred: EOF when reading a line
Ask me anything: An error occurred: EOF when reading a line
Ask me anything: An error occurred: EOF when reading a line
Ask me anything: An error occurred: EOF when reading a line
Ask me anything: An error occurred: EOF when reading a line
Ask me anything: An error occurred: EOF when reading a line
Ask me anything: An error occurred: EOF when reading a line
Ask me anything: An error occurred: EOF when reading a line
Ask me anything: An error occurred: EOF when reading a line
Ask me anything: An error occurred: EOF when reading a line
Ask me anything: An error occurred: EOF when reading a line
Ask me anything: An error occurred: EOF when reading a line
Ask me anything: An error occurred: EOF when reading a line
Ask me anything: An error occurred: EOF when reading a line
Ask me anything: An error occurred: EOF when reading a line
Ask me anything: An error occurred: EOF when reading a line
Ask me anything: An error occurred: EOF when reading a line
Ask me anything: An error occurred: EOF when reading a line
Ask me anything: An error occurred: EOF when reading a line
Ask me anything: An error occurred: EOF when reading a line
Ask me anything: An error occurred: EOF when reading a line
Ask me anything: An error occurred: EOF when reading a line
Ask me anything: An error occurred: EOF when reading a line
Ask me anything: An error occurred: EOF when reading a line
Ask me anything: An error occurred: EOF when reading a line
Ask me anything: An error occurred: EOF when reading a line
Ask me anything: An error occurred: EOF when reading a line
Ask me anything: An error occurred: EOF when reading a line
Ask me anything: An error occurred: EOF when reading a line
Ask me anything: An error occurred: EOF when reading a line
Ask me anything: An error occurred: EOF when reading a line
Ask me anything: An error occurred: EOF when reading a line
Ask me anything: An error occurred: EOF when reading a line
Ask me anything: An error occurred: EOF when reading a line
Ask me anything: An error occurred: EOF when reading a line
Ask me anything: An error occurred: EOF when reading a line
Ask me anything: An error occurred: EOF when reading a line
Ask me anything: An error occurred: EOF when reading a line
Ask me anything: An error occurred: EOF when reading a line
Ask me anything: An error occurred: EOF when reading a line
Ask me anything: An error occurred: EOF when reading a line
Ask me anything: An error occurred: EOF when reading a line
Ask me anything: An error occurred: EOF when reading a line
Ask me anything: An error occurred: EOF when reading a line
Ask me anything: An error occurred: EOF when reading a line
Ask me anything: An error occurred: EOF when reading a line
Ask me anything: An error occurred: EOF when reading a line
Ask me anything: An error occurred: EOF when reading a line
Ask me anything: An error occurred: EOF when reading a line
Ask me anything: An error occurred: EOF when reading a line
Ask me anything: An error occurred: EOF when reading a line
Ask me anything: An error occurred: EOF when reading a line
Ask me anything: An error occurred: EOF when reading a line
Ask me anything: An error occurred: EOF when reading a line
Ask me anything: An error occurred: EOF when reading a line
Ask me anything: An error occurred: EOF when reading a line
Ask me anything: An error occurred: EOF when reading a line
Ask me anything: An error occurred: EOF when reading a line
Ask me anything: An error occurred: EOF when reading a line
Ask me anything: An error occurred: EOF when reading a line
Ask me anything: An error occurred: EOF when reading a line
Ask me anything: An error occurred: EOF when reading a line
Ask me anything: An error occurred: EOF when reading a line
Ask me anything: An error occurred: EOF when reading a line
Ask me anything: An error occurred: EOF when reading a line
Ask me anything: An error occurred: EOF when reading a line
Ask me anything: An error occurred: EOF when reading a line
Ask me anything: An error occurred: EOF when reading a line
Ask me anything: An error occurred: EOF when reading a line
Ask me anything: An error occurred: EOF when reading a line
Ask me anything: An error occurred: EOF when reading a line
Ask me anything: An error occurred: EOF when reading a line
Ask me anything: An error occurred: EOF when reading a line
Ask me anything: An error occurred: EOF when reading a line
Ask me anything: An error occurred: EOF when reading a line
Ask me anything: An error occurred: EOF when reading a line
Ask me anything: An error occurred: EOF when reading a line
Ask me anything: An error occurred: EOF when reading a line
Ask me anything: An error occurred: EOF when reading a line
Ask me anything: An error occurred: EOF when reading a line
Ask me anything: An error occurred: EOF when reading a line
Ask me anything: An error occurred: EOF when reading a line
Ask me anything: An error occurred: EOF when reading a line
Ask me anything: An error occurred: EOF when reading a line
Ask me anything: An error occurred: EOF when reading a line
Ask me anything: An error occurred: EOF when reading a line
Ask me anything: An error occurred: EOF when reading a line
Ask me anything: An error occurred: EOF when reading a line
Ask me anything: An error occurred: EOF when reading a line
Ask me anything: An error occurred: EOF when reading a line
Ask me anything: An error occurred: EOF when reading a line
Ask me anything: An error occurred: EOF when reading a line
Ask me anything: An error occurred: EOF when reading a line
Ask me anything: An error occurred: EOF when reading a line
Ask me anything: An error occurred: EOF when reading a line
Ask me anything: An error occurred: EOF when reading a line
Ask me anything: An error occurred: EOF when reading a line
Ask me anything: An error occurred: EOF when reading a line
Ask me anything: An error occurred: EOF when reading a line
Ask me anything: An error occurred: EOF when reading a line
Ask me anything: An error occurred: EOF when reading a line
Ask me anything: An error occurred: EOF when reading a line
Ask me anything: An error occurred: EOF when reading a line
Ask me anything: An error occurred: EOF when reading a line
Ask me anything: An error occurred: EOF when reading a line
Ask me anything: An error occurred: EOF when reading a line
Ask me anything: An error occurred: EOF when reading a line
Ask me anything: An error occurred: EOF when reading a line
Ask me anything: An error occurred: EOF when reading a line
Ask me anything: An error occurred: EOF when reading a line
Ask me anything: An error occurred: EOF when reading a line
Ask me anything: An error occurred: EOF when reading a line
Ask me anything: An error occurred: EOF when reading a line
Ask me anything: An error occurred: EOF when reading a line
Ask me anything: An error occurred: EOF when reading a line
Ask me anything: An error occurred: EOF when reading a line
Ask me anything: An error occurred: EOF when reading a line
Ask me anything: An error occurred: EOF when reading a line
Ask me anything: An error occurred: EOF when reading a line
Ask me anything: An error occurred: EOF when reading a line
Ask me anything: An error occurred: EOF when reading a line
Ask me anything: An error occurred: EOF when reading a line
Ask me anything: An error occurred: EOF when reading a line
Ask me anything: An error occurred: EOF when reading a line
Ask me anything: An error occurred: EOF when reading a line
Ask me anything: An error occurred: EOF when reading a line
Ask me anything: An error occurred: EOF when reading a line
Ask me anything: An error occurred: EOF when reading a line
Ask me anything: An error occurred: EOF when reading a line
Ask me anything: An error occurred: EOF when reading a line
Ask me anything: An error occurred: EOF when reading a line
Ask me anything: An error occurred: EOF when reading a line
Ask me anything: An error occurred: EOF when reading a line
Ask me anything: An error occurred: EOF when reading a line
Ask me anything: An error occurred: EOF when reading a line
Ask me anything: An error occurred: EOF when reading a line
Ask me anything: An error occurred: EOF when reading a line
Ask me anything: An error occurred: EOF when reading a line
Ask me anything: An error occurred: EOF when reading a line
Ask me anything: An error occurred: EOF when reading a line
Ask me anything: An error occurred: EOF when reading a line
Ask me anything: An error occurred: EOF when reading a line
Ask me anything: An error occurred: EOF when reading a line
Ask me anything: An error occurred: EOF when reading a line
Ask me anything: An error occurred: EOF when reading a line
Ask me anything: An error occurred: EOF when reading a line
Ask me anything: An error occurred: EOF when reading a line
Ask me anything: An error occurred: EOF when reading a line
Ask me anything: An error occurred: EOF when reading a line
Ask me anything: An error occurred: EOF when reading a line
Ask me anything: An error occurred: EOF when reading a line
Ask me anything: An error occurred: EOF when reading a line
Ask me anything: An error occurred: EOF when reading a line
Ask me anything: An error occurred: EOF when reading a line
Ask me anything: An error occurred: EOF when reading a line
Ask me anything: An error occurred: EOF when reading a line
Ask me anything: An error occurred: EOF when reading a line
Ask me anything: An error occurred: EOF when reading a line
Ask me anything: An error occurred: EOF when reading a line
Ask me anything: An error occurred: EOF when reading a line
Ask me anything: An error occurred: EOF when reading a line
Ask me anything: An error occurred: EOF when reading a line
Ask me anything: An error occurred: EOF when reading a line
Ask me anything: An error occurred: EOF when reading a line
Ask me anything: An error occurred: EOF when reading a line
Ask me anything: An error occurred: EOF when reading a line
Ask me anything: An error occurred: EOF when reading a line
Ask me anything: An error occurred: EOF when reading a line
Ask me anything: An error occurred: EOF when reading a line
Ask me anything: An error occurred: EOF when reading a line
Ask me anything: An error occurred: EOF when reading a line
Ask me anything: An error occurred: EOF when reading a line
Ask me anything: An error occurred: EOF when reading a line
Ask me anything: An error occurred: EOF when reading a line
Ask me anything: An error occurred: EOF when reading a line
Ask me anything: An error occurred: EOF when reading a line
Ask me anything: An error occurred: EOF when reading a line
Ask me anything: An error occurred: EOF when reading a line
Ask me anything: An error occurred: EOF when reading a line
Ask me anything: An error occurred: EOF when reading a line
Ask me anything: An error occurred: EOF when reading a line
Ask me anything: An error occurred: EOF when reading a line
Ask me anything: An error occurred: EOF when reading a line
Ask me anything: An error occurred: EOF when reading a line
Ask me anything: An error occurred: EOF when reading a line
Ask me anything: An error occurred: EOF when reading a line
Ask me anything: An error occurred: EOF when reading a line
Ask me anything: An error occurred: EOF when reading a line
Ask me anything: An error occurred: EOF when reading a line
Ask me anything: An error occurred: EOF when reading a line
Ask me anything: An error occurred: EOF when reading a line
Ask me anything: An error occurred: EOF when reading a line
Ask me anything: An error occurred: EOF when reading a line
Ask me anything: An error occurred: EOF when reading a line
Ask me anything: An error occurred: EOF when reading a line
Ask me anything: An error occurred: EOF when reading a line
Ask me anything: An error occurred: EOF when reading a line
Ask me anything: An error occurred: EOF when reading a line
Ask me anything: An error occurred: EOF when reading a line
Ask me anything: An error occurred: EOF when reading a line
Ask me anything: An error occurred: EOF when reading a line
Ask me anything: An error occurred: EOF when reading a line
Ask me anything: An error occurred: EOF when reading a line
Ask me anything: An error occurred: EOF when reading a line
Ask me anything: An error occurred: EOF when reading a line
Ask me anything: An error occurred: EOF when reading a line
Ask me anything: An error occurred: EOF when reading a line
Ask me anything: An error occurred: EOF when reading a line
Ask me anything: An error occurred: EOF when reading a line
Ask me anything: An error occurred: EOF when reading a line
Ask me anything: An error occurred: EOF when reading a line
Ask me anything: An error occurred: EOF when reading a line
Ask me anything: An error occurred: EOF when reading a line
Ask me anything: An error occurred: EOF when reading a line
Ask me anything: An error occurred: EOF when reading a line
Ask me anything: An error occurred: EOF when reading a line
Ask me anything: An error occurred: EOF when reading a line
Ask me anything: An error occurred: EOF when reading a line
Ask me anything: An error occurred: EOF when reading a line
Ask me anything: An error occurred: EOF when reading a line
Ask me anything: An error occurred: EOF when reading a line
Ask me anything: An error occurred: EOF when reading a line
Ask me anything: An error occurred: EOF when reading a line
Ask me anything: An error occurred: EOF when reading a line
Ask me anything: An error occurred: EOF when reading a line
Ask me anything: An error occurred: EOF when reading a line
Ask me anything: An error occurred: EOF when reading a line
Ask me anything: An error occurred: EOF when reading a line
Ask me anything: An error occurred: EOF when reading a line
Ask me anything: An error occurred: EOF when reading a line
Ask me anything: An error occurred: EOF when reading a line
Ask me anything: An error occurred: EOF when reading a line
Ask me anything: An error occurred: EOF when reading a line
Ask me anything: An error occurred: EOF when reading a line
Ask me anything: An error occurred: EOF when reading a line
Ask me anything: An error occurred: EOF when reading a line
Ask me anything: An error occurred: EOF when reading a line
Ask me anything: An error occurred: EOF when reading a line
Ask me anything: An error occurred: EOF when reading a line
Ask me anything: An error occurred: EOF when reading a line
Ask me anything: An error occurred: EOF when reading a line
Ask me anything: An error occurred: EOF when reading a line
Ask me anything: An error occurred: EOF when reading a line
Ask me anything: An error occurred: EOF when reading a line
Ask me anything: An error occurred: EOF when reading a line
Ask me anything: An error occurred: EOF when reading a line
Ask me anything: An error occurred: EOF when reading a line
Ask me anything: An error occurred: EOF when reading a line
Ask me anything: An error occurred: EOF when reading a line
Ask me anything: An error occurred: EOF when reading a line
Ask me anything: An error occurred: EOF when reading a line
Ask me anything: An error occurred: EOF when reading a line
Ask me anything: An error occurred: EOF when reading a line
Ask me anything: An error occurred: EOF when reading a line
Ask me anything: An error occurred: EOF when reading a line
Ask me anything: An error occurred: EOF when reading a line
Ask me anything: An error occurred: EOF when reading a line
Ask me anything: An error occurred: EOF when reading a line
Ask me anything: An error occurred: EOF when reading a line
Ask me anything: An error occurred: EOF when reading a line
Ask me anything: An error occurred: EOF when reading a line
Ask me anything: An error occurred: EOF when reading a line
Ask me anything: An error occurred: EOF when reading a line
Ask me anything: An error occurred: EOF when reading a line
Ask me anything: An error occurred: EOF when reading a line
Ask me anything: An error occurred: EOF when reading a line
Ask me anything: An error occurred: EOF when reading a line
Ask me anything: An error occurred: EOF when reading a line
Ask me anything: An error occurred: EOF when reading a line
Ask me anything: An error occurred: EOF when reading a line
Ask me anything: An error occurred: EOF when reading a line
Ask me anything: An error occurred: EOF when reading a line
Ask me anything: An error occurred: EOF when reading a line
Ask me anything: An error occurred: EOF when reading a line
Ask me anything: An error occurred: EOF when reading a line
Ask me anything: An error occurred: EOF when reading a line
Ask me anything: An error occurred: EOF when reading a line
Ask me anything: An error occurred: EOF when reading a line
Ask me anything: An error occurred: EOF when reading a line
Ask me anything: An error occurred: EOF when reading a line
Ask me anything: An error occurred: EOF when reading a line
Ask me anything: An error occurred: EOF when reading a line
Ask me anything: An error occurred: EOF when reading a line
Ask me anything: An error occurred: EOF when reading a line
Ask me anything: An error occurred: EOF when reading a line
Ask me anything: An error occurred: EOF when reading a line
Ask me anything: An error occurred: EOF when reading a line
Ask me anything: An error occurred: EOF when reading a line
Ask me anything: An error occurred: EOF when reading a line
Ask me anything: An error occurred: EOF when reading a line
Ask me anything: An error occurred: EOF when reading a line
Ask me anything: An error occurred: EOF when reading a line
Ask me anything: An error occurred: EOF when reading a line
Ask me anything: An error occurred: EOF when reading a line
Ask me anything: An error occurred: EOF when reading a line
Ask me anything: An error occurred: EOF when reading a line
Ask me anything: An error occurred: EOF when reading a line
Ask me anything: An error occurred: EOF when reading a line
Ask me anything: An error occurred: EOF when reading a line
Ask me anything: An error occurred: EOF when reading a line
Ask me anything: An error occurred: EOF when reading a line
Ask me anything: An error occurred: EOF when reading a line
Ask me anything: An error occurred: EOF when reading a line
Ask me anything: An error occurred: EOF when reading a line
Ask me anything: An error occurred: EOF when reading a line
Ask me anything: An error occurred: EOF when reading a line
Ask me anything: An error occurred: EOF when reading a line
Ask me anything: An error occurred: EOF when reading a line
Ask me anything: An error occurred: EOF when reading a line
Ask me anything: An error occurred: EOF when reading a line
Ask me anything: An error occurred: EOF when reading a line
Ask me anything: An error occurred: EOF when reading a line
Ask me anything: An error occurred: EOF when reading a line
Ask me anything: An error occurred: EOF when reading a line
Ask me anything: An error occurred: EOF when reading a line
Ask me anything: An error occurred: EOF when reading a line
Ask me anything: An error occurred: EOF when reading a line
Ask me anything: An error occurred: EOF when reading a line
Ask me anything: An error occurred: EOF when reading a line
Ask me anything: An error occurred: EOF when reading a line
Ask me anything: An error occurred: EOF when reading a line
Ask me anything: An error occurred: EOF when reading a line
Ask me anything: An error occurred: EOF when reading a line
Ask me anything: An error occurred: EOF when reading a line
Ask me anything: An error occurred: EOF when reading a line
Ask me anything: An error occurred: EOF when reading a line
Ask me anything: An error occurred: EOF when reading a line
Ask me anything: An error occurred: EOF when reading a line
Ask me anything: An error occurred: EOF when reading a line
Ask me anything: An error occurred: EOF when reading a line
Ask me anything: An error occurred: EOF when reading a line
Ask me anything: An error occurred: EOF when reading a line
Ask me anything: An error occurred: EOF when reading a line
Ask me anything: An error occurred: EOF when reading a line
Ask me anything: An error occurred: EOF when reading a line
Ask me anything: An error occurred: EOF when reading a line
Ask me anything: An error occurred: EOF when reading a line
Ask me anything: An error occurred: EOF when reading a line
Ask me anything: An error occurred: EOF when reading a line
Ask me anything: An error occurred: EOF when reading a line
Ask me anything: An error occurred: EOF when reading a line
Ask me anything: An error occurred: EOF when reading a line
Ask me anything: An error occurred: EOF when reading a line
Ask me anything: An error occurred: EOF when reading a line
Ask me anything: An error occurred: EOF when reading a line
Ask me anything: An error occurred: EOF when reading a line
Ask me anything: An error occurred: EOF when reading a line
Ask me anything: An error occurred: EOF when reading a line
Ask me anything: An error occurred: EOF when reading a line
Ask me anything: An error occurred: EOF when reading a line
Ask me anything: An error occurred: EOF when reading a line
Ask me anything: An error occurred: EOF when reading a line
Ask me anything: An error occurred: EOF when reading a line
Ask me anything: An error occurred: EOF when reading a line
Ask me anything: An error occurred: EOF when reading a line
Ask me anything: An error occurred: EOF when reading a line
Ask me anything: An error occurred: EOF when reading a line
Ask me anything: An error occurred: EOF when reading a line
Ask me anything: An error occurred: EOF when reading a line
Ask me anything: An error occurred: EOF when reading a line
Ask me anything: An error occurred: EOF when reading a line
Ask me anything: An error occurred: EOF when reading a line
Ask me anything: An error occurred: EOF when reading a line
Ask me anything: An error occurred: EOF when reading a line
Ask me anything: An error occurred: EOF when reading a line
Ask me anything: An error occurred: EOF when reading a line
Ask me anything: An error occurred: EOF when reading a line
Ask me anything: An error occurred: EOF when reading a line
Ask me anything: An error occurred: EOF when reading a line
Ask me anything: An error occurred: EOF when reading a line
Ask me anything: An error occurred: EOF when reading a line
Ask me anything: An error occurred: EOF when reading a line
Ask me anything: An error occurred: EOF when reading a line
Ask me anything: An error occurred: EOF when reading a line
Ask me anything: An error occurred: EOF when reading a line
Ask me anything: An error occurred: EOF when reading a line
Ask me anything: An error occurred: EOF when reading a line
Ask me anything: An error occurred: EOF when reading a line
Ask me anything: An error occurred: EOF when reading a line
Ask me anything: An error occurred: EOF when reading a line
Ask me anything: An error occurred: EOF when reading a line
Ask me anything: An error occurred: EOF when reading a line
Ask me anything: An error occurred: EOF when reading a line
Ask me anything: An error occurred: EOF when reading a line
Ask me anything: An error occurred: EOF when reading a line
Ask me anything: An error occurred: EOF when reading a line
Ask me anything: An error occurred: EOF when reading a line
Ask me anything: An error occurred: EOF when reading a line
Ask me anything: An error occurred: EOF when reading a line
Ask me anything: An error occurred: EOF when reading a line
Ask me anything: An error occurred: EOF when reading a line
Ask me anything: An error occurred: EOF when reading a line
Ask me anything: An error occurred: EOF when reading a line
Ask me anything: An error occurred: EOF when reading a line
Ask me anything: An error occurred: EOF when reading a line
Ask me anything: An error occurred: EOF when reading a line
Ask me anything: An error occurred: EOF when reading a line
Ask me anything: An error occurred: EOF when reading a line
Ask me anything: An error occurred: EOF when reading a line
Ask me anything: An error occurred: EOF when reading a line
Ask me anything: An error occurred: EOF when reading a line
Ask me anything: An error occurred: EOF when reading a line
Ask me anything: An error occurred: EOF when reading a line
Ask me anything: An error occurred: EOF when reading a line
Ask me anything: An error occurred: EOF when reading a line
Ask me anything: An error occurred: EOF when reading a line
Ask me anything: An error occurred: EOF when reading a line
Ask me anything: An error occurred: EOF when reading a line
Ask me anything: An error occurred: EOF when reading a line
Ask me anything: An error occurred: EOF when reading a line
Ask me anything: An error occurred: EOF when reading a line
Ask me anything: An error occurred: EOF when reading a line
Ask me anything: An error occurred: EOF when reading a line
Ask me anything: An error occurred: EOF when reading a line
Ask me anything: An error occurred: EOF when reading a line
Ask me anything: An error occurred: EOF when reading a line
Ask me anything: An error occurred: EOF when reading a line
Ask me anything: An error occurred: EOF when reading a line
Ask me anything: An error occurred: EOF when reading a line
Ask me anything: An error occurred: EOF when reading a line
Ask me anything: An error occurred: EOF when reading a line
Ask me anything: An error occurred: EOF when reading a line
Ask me anything: An error occurred: EOF when reading a line
Ask me anything: An error occurred: EOF when reading a line
Ask me anything: An error occurred: EOF when reading a line
Ask me anything: An error occurred: EOF when reading a line
Ask me anything: An error occurred: EOF when reading a line
Ask me anything: An error occurred: EOF when reading a line
Ask me anything: An error occurred: EOF when reading a line
Ask me anything: An error occurred: EOF when reading a line
Ask me anything: An error occurred: EOF when reading a line
Ask me anything: An error occurred: EOF when reading a line
Ask me anything: An error occurred: EOF when reading a line
Ask me anything: An error occurred: EOF when reading a line
Ask me anything: An error occurred: EOF when reading a line
Ask me anything: An error occurred: EOF when reading a line
Ask me anything: An error occurred: EOF when reading a line
Ask me anything: An error occurred: EOF when reading a line
Ask me anything: An error occurred: EOF when reading a line
Ask me anything: An error occurred: EOF when reading a line
Ask me anything: An error occurred: EOF when reading a line
Ask me anything: An error occurred: EOF when reading a line
Ask me anything: An error occurred: EOF when reading a line
Ask me anything: An error occurred: EOF when reading a line
Ask me anything: An error occurred: EOF when reading a line
Ask me anything: An error occurred: EOF when reading a line
Ask me anything: An error occurred: EOF when reading a line
Ask me anything: An error occurred: EOF when reading a line
Ask me anything: An error occurred: EOF when reading a line
Ask me anything: An error occurred: EOF when reading a line
Ask me anything: An error occurred: EOF when reading a line
Ask me anything: An error occurred: EOF when reading a line
Ask me anything: An error occurred: EOF when reading a line
Ask me anything: An error occurred: EOF when reading a line
Ask me anything: An error occurred: EOF when reading a line
Ask me anything: An error occurred: EOF when reading a line
Ask me anything: An error occurred: EOF when reading a line
Ask me anything: An error occurred: EOF when reading a line
Ask me anything: An error occurred: EOF when reading a line
Ask me anything: An error occurred: EOF when reading a line
Ask me anything: An error occurred: EOF when reading a line
Ask me anything: An error occurred: EOF when reading a line
Ask me anything: An error occurred: EOF when reading a line
Ask me anything: An error occurred: EOF when reading a line
Ask me anything: An error occurred: EOF when reading a line
Ask me anything: An error occurred: EOF when reading a line
Ask me anything: An error occurred: EOF when reading a line
Ask me anything: An error occurred: EOF when reading a line
Ask me anything: An error occurred: EOF when reading a line
Ask me anything: An error occurred: EOF when reading a line
Ask me anything: An error occurred: EOF when reading a line
Ask me anything: An error occurred: EOF when reading a line
Ask me anything: An error occurred: EOF when reading a line
Ask me anything: An error occurred: EOF when reading a line
Ask me anything: An error occurred: EOF when reading a line
Ask me anything: An error occurred: EOF when reading a line
Ask me anything: An error occurred: EOF when reading a line
Ask me anything: An error occurred: EOF when reading a line
Ask me anything: An error occurred: EOF when reading a line
Ask me anything: An error occurred: EOF when reading a line
Ask me anything: An error occurred: EOF when reading a line
Ask me anything: An error occurred: EOF when reading a line
Ask me anything: An error occurred: EOF when reading a line
Ask me anything: An error occurred: EOF when reading a line
Ask me anything: An error occurred: EOF when reading a line
Ask me anything: An error occurred: EOF when reading a line
Ask me anything: An error occurred: EOF when reading a line
Ask me anything: An error occurred: EOF when reading a line
Ask me anything: An error occurred: EOF when reading a line
Ask me anything: An error occurred: EOF when reading a line
Ask me anything: An error occurred: EOF when reading a line
Ask me anything: An error occurred: EOF when reading a line
Ask me anything: An error occurred: EOF when reading a line
Ask me anything: An error occurred: EOF when reading a line
Ask me anything: An error occurred: EOF when reading a line
Ask me anything: An error occurred: EOF when reading a line
Ask me anything: An error occurred: EOF when reading a line
Ask me anything: An error occurred: EOF when reading a line
Ask me anything: An error occurred: EOF when reading a line
Ask me anything: An error occurred: EOF when reading a line
Ask me anything: An error occurred: EOF when reading a line
Ask me anything: An error occurred: EOF when reading a line
Ask me anything: An error occurred: EOF when reading a line
Ask me anything: An error occurred: EOF when reading a line
Ask me anything: An error occurred: EOF when reading a line
Ask me anything: An error occurred: EOF when reading a line
Ask me anything: An error occurred: EOF when reading a line
Ask me anything: An error occurred: EOF when reading a line
Ask me anything: An error occurred: EOF when reading a line
Ask me anything: An error occurred: EOF when reading a line
Ask me anything: An error occurred: EOF when reading a line
Ask me anything: An error occurred: EOF when reading a line
Ask me anything: An error occurred: EOF when reading a line
Ask me anything: An error occurred: EOF when reading a line
Ask me anything: An error occurred: EOF when reading a line
Ask me anything: An error occurred: EOF when reading a line
Ask me anything: An error occurred: EOF when reading a line
Ask me anything: An error occurred: EOF when reading a line
Ask me anything: An error occurred: EOF when reading a line
Ask me anything: An error occurred: EOF when reading a line
Ask me anything: An error occurred: EOF when reading a line
Ask me anything: An error occurred: EOF when reading a line
Ask me anything: An error occurred: EOF when reading a line
Ask me anything: An error occurred: EOF when reading a line
Ask me anything: An error occurred: EOF when reading a line
Ask me anything: An error occurred: EOF when reading a line
Ask me anything: An error occurred: EOF when reading a line
Ask me anything: An error occurred: EOF when reading a line
Ask me anything: An error occurred: EOF when reading a line
Ask me anything: An error occurred: EOF when reading a line
Ask me anything: An error occurred: EOF when reading a line
Ask me anything: An error occurred: EOF when reading a line
Ask me anything: An error occurred: EOF when reading a line
Ask me anything: An error occurred: EOF when reading a line
Ask me anything: An error occurred: EOF when reading a line
Ask me anything: An error occurred: EOF when reading a line
Ask me anything: An error occurred: EOF when reading a line
Ask me anything: An error occurred: EOF when reading a line
Ask me anything: An error occurred: EOF when reading a line
Ask me anything: An error occurred: EOF when reading a line
Ask me anything: An error occurred: EOF when reading a line
Ask me anything: An error occurred: EOF when reading a line
Ask me anything: An error occurred: EOF when reading a line
Ask me anything: An error occurred: EOF when reading a line
Ask me anything: An error occurred: EOF when reading a line
Ask me anything: An error occurred: EOF when reading a line
Ask me anything: An error occurred: EOF when reading a line
Ask me anything: An error occurred: EOF when reading a line
Ask me anything: An error occurred: EOF when reading a line
Ask me anything: An error occurred: EOF when reading a line
Ask me anything: An error occurred: EOF when reading a line
Ask me anything: An error occurred: EOF when reading a line
Ask me anything: An error occurred: EOF when reading a line
Ask me anything: An error occurred: EOF when reading a line
Ask me anything: An error occurred: EOF when reading a line
Ask me anything: An error occurred: EOF when reading a line
Ask me anything: An error occurred: EOF when reading a line
Ask me anything: An error occurred: EOF when reading a line
Ask me anything: An error occurred: EOF when reading a line
Ask me anything: An error occurred: EOF when reading a line
Ask me anything: An error occurred: EOF when reading a line
Ask me anything: An error occurred: EOF when reading a line
Ask me anything: An error occurred: EOF when reading a line
Ask me anything: An error occurred: EOF when reading a line
Ask me anything: An error occurred: EOF when reading a line
Ask me anything: An error occurred: EOF when reading a line
Ask me anything: An error occurred: EOF when reading a line
Ask me anything: An error occurred: EOF when reading a line
Ask me anything: An error occurred: EOF when reading a line
Ask me anything: An error occurred: EOF when reading a line
Ask me anything: An error occurred: EOF when reading a line
Ask me anything: An error occurred: EOF when reading a line
Ask me anything: An error occurred: EOF when reading a line
Ask me anything: An error occurred: EOF when reading a line
Ask me anything: An error occurred: EOF when reading a line
Ask me anything: An error occurred: EOF when reading a line
Ask me anything: An error occurred: EOF when reading a line
Ask me anything: An error occurred: EOF when reading a line
Ask me anything: An error occurred: EOF when reading a line
Ask me anything: An error occurred: EOF when reading a line
Ask me anything: An error occurred: EOF when reading a line
Ask me anything: An error occurred: EOF when reading a line
Ask me anything: An error occurred: EOF when reading a line
Ask me anything: An error occurred: EOF when reading a line
Ask me anything: An error occurred: EOF when reading a line
Ask me anything: An error occurred: EOF when reading a line
Ask me anything: An error occurred: EOF when reading a line
Ask me anything: An error occurred: EOF when reading a line
Ask me anything: An error occurred: EOF when reading a line
Ask me anything: An error occurred: EOF when reading a line
Ask me anything: An error occurred: EOF when reading a line
Ask me anything: An error occurred: EOF when reading a line
Ask me anything: An error occurred: EOF when reading a line
Ask me anything: An error occurred: EOF when reading a line
Ask me anything: An error occurred: EOF when reading a line
Ask me anything: An error occurred: EOF when reading a line
Ask me anything: An error occurred: EOF when reading a line
Ask me anything: An error occurred: EOF when reading a line
Ask me anything: An error occurred: EOF when reading a line
Ask me anything: An error occurred: EOF when reading a line
Ask me anything: An error occurred: EOF when reading a line
Ask me anything: An error occurred: EOF when reading a line
Ask me anything: An error occurred: EOF when reading a line
Ask me anything: An error occurred: EOF when reading a line
Ask me anything: An error occurred: EOF when reading a line
Ask me anything: An error occurred: EOF when reading a line
Ask me anything: An error occurred: EOF when reading a line
Ask me anything: An error occurred: EOF when reading a line
Ask me anything: An error occurred: EOF when reading a line
Ask me anything: An error occurred: EOF when reading a line
Ask me anything: An error occurred: EOF when reading a line
Ask me anything: An error occurred: EOF when reading a line
Ask me anything: An error occurred: EOF when reading a line
Ask me anything: An error occurred: EOF when reading a line
Ask me anything: An error occurred: EOF when reading a line
Ask me anything: An error occurred: EOF when reading a line
Ask me anything: An error occurred: EOF when reading a line
Ask me anything: An error occurred: EOF when reading a line
Ask me anything: An error occurred: EOF when reading a line
Ask me anything: An error occurred: EOF when reading a line
Ask me anything: An error occurred: EOF when reading a line
Ask me anything: An error occurred: EOF when reading a line
Ask me anything: An error occurred: EOF when reading a line
Ask me anything: An error occurred: EOF when reading a line
Ask me anything: An error occurred: EOF when reading a line
Ask me anything: An error occurred: EOF when reading a line
Ask me anything: An error occurred: EOF when reading a line
Ask me anything: An error occurred: EOF when reading a line
Ask me anything: An error occurred: EOF when reading a line
Ask me anything: An error occurred: EOF when reading a line
Ask me anything: An error occurred: EOF when reading a line
Ask me anything: An error occurred: EOF when reading a line
Ask me anything: An error occurred: EOF when reading a line
Ask me anything: An error occurred: EOF when reading a line
Ask me anything: An error occurred: EOF when reading a line
Ask me anything: An error occurred: EOF when reading a line
Ask me anything: An error occurred: EOF when reading a line
Ask me anything: An error occurred: EOF when reading a line
Ask me anything: An error occurred: EOF when reading a line
Ask me anything: An error occurred: EOF when reading a line
Ask me anything: An error occurred: EOF when reading a line
Ask me anything: An error occurred: EOF when reading a line
Ask me anything: An error occurred: EOF when reading a line
Ask me anything: An error occurred: EOF when reading a line
Ask me anything: An error occurred: EOF when reading a line
Ask me anything: An error occurred: EOF when reading a line
Ask me anything: An error occurred: EOF when reading a line
Ask me anything: An error occurred: EOF when reading a line
Ask me anything: An error occurred: EOF when reading a line
Ask me anything: An error occurred: EOF when reading a line
Ask me anything: An error occurred: EOF when reading a line
Ask me anything: An error occurred: EOF when reading a line
Ask me anything: An error occurred: EOF when reading a line
Ask me anything: An error occurred: EOF when reading a line
Ask me anything: An error occurred: EOF when reading a line
Ask me anything: An error occurred: EOF when reading a line
Ask me anything: An error occurred: EOF when reading a line
Ask me anything: An error occurred: EOF when reading a line
Ask me anything: An error occurred: EOF when reading a line
Ask me anything: An error occurred: EOF when reading a line
Ask me anything: An error occurred: EOF when reading a line
Ask me anything: An error occurred: EOF when reading a line
Ask me anything: An error occurred: EOF when reading a line
Ask me anything: An error occurred: EOF when reading a line
Ask me anything: An error occurred: EOF when reading a line
Ask me anything: An error occurred: EOF when reading a line
Ask me anything: An error occurred: EOF when reading a line
Ask me anything: An error occurred: EOF when reading a line
Ask me anything: An error occurred: EOF when reading a line
Ask me anything: An error occurred: EOF when reading a line
Ask me anything: An error occurred: EOF when reading a line
Ask me anything: An error occurred: EOF when reading a line
Ask me anything: An error occurred: EOF when reading a line
Ask me anything: An error occurred: EOF when reading a line
Ask me anything: An error occurred: EOF when reading a line
Ask me anything: An error occurred: EOF when reading a line
Ask me anything: An error occurred: EOF when reading a line
Ask me anything: An error occurred: EOF when reading a line
Ask me anything: An error occurred: EOF when reading a line
Ask me anything: An error occurred: EOF when reading a line
Ask me anything: An error occurred: EOF when reading a line
Ask me anything: An error occurred: EOF when reading a line
Ask me anything: An error occurred: EOF when reading a line
Ask me anything: An error occurred: EOF when reading a line
Ask me anything: An error occurred: EOF when reading a line
Ask me anything: An error occurred: EOF when reading a line
Ask me anything: An error occurred: EOF when reading a line
Ask me anything: An error occurred: EOF when reading a line
Ask me anything: An error occurred: EOF when reading a line
Ask me anything: An error occurred: EOF when reading a line
Ask me anything: An error occurred: EOF when reading a line
Ask me anything: An error occurred: EOF when reading a line
Ask me anything: An error occurred: EOF when reading a line
Ask me anything: An error occurred: EOF when reading a line
Ask me anything: An error occurred: EOF when reading a line
Ask me anything: An error occurred: EOF when reading a line
Ask me anything: An error occurred: EOF when reading a line
Ask me anything: An error occurred: EOF when reading a line
Ask me anything: An error occurred: EOF when reading a line
Ask me anything: An error occurred: EOF when reading a line
Ask me anything: An error occurred: EOF when reading a line
Ask me anything: An error occurred: EOF when reading a line
Ask me anything: An error occurred: EOF when reading a line
Ask me anything: An error occurred: EOF when reading a line
Ask me anything: An error occurred: EOF when reading a line
Ask me anything: An error occurred: EOF when reading a line
Ask me anything: An error occurred: EOF when reading a line
Ask me anything: An error occurred: EOF when reading a line
Ask me anything: An error occurred: EOF when reading a line
Ask me anything: An error occurred: EOF when reading a line
Ask me anything: An error occurred: EOF when reading a line
Ask me anything: An error occurred: EOF when reading a line
Ask me anything: An error occurred: EOF when reading a line
Ask me anything: An error occurred: EOF when reading a line
Ask me anything: An error occurred: EOF when reading a line
Ask me anything: An error occurred: EOF when reading a line
Ask me anything: An error occurred: EOF when reading a line
Ask me anything: An error occurred: EOF when reading a line
Ask me anything: An error occurred: EOF when reading a line
Ask me anything: An error occurred: EOF when reading a line
Ask me anything: An error occurred: EOF when reading a line
Ask me anything: An error occurred: EOF when reading a line
Ask me anything: An error occurred: EOF when reading a line
Ask me anything: An error occurred: EOF when reading a line
Ask me anything: An error occurred: EOF when reading a line
Ask me anything: An error occurred: EOF when reading a line
Ask me anything: An error occurred: EOF when reading a line
Ask me anything: An error occurred: EOF when reading a line
Ask me anything: An error occurred: EOF when reading a line
Ask me anything: An error occurred: EOF when reading a line
Ask me anything: An error occurred: EOF when reading a line
Ask me anything: An error occurred: EOF when reading a line
Ask me anything: An error occurred: EOF when reading a line
Ask me anything: An error occurred: EOF when reading a line
Ask me anything: An error occurred: EOF when reading a line
Ask me anything: An error occurred: EOF when reading a line
Ask me anything: An error occurred: EOF when reading a line
Ask me anything: An error occurred: EOF when reading a line
Ask me anything: An error occurred: EOF when reading a line
Ask me anything: An error occurred: EOF when reading a line
Ask me anything: An error occurred: EOF when reading a line
Ask me anything: An error occurred: EOF when reading a line
Ask me anything: An error occurred: EOF when reading a line
Ask me anything: An error occurred: EOF when reading a line
Ask me anything: An error occurred: EOF when reading a line
Ask me anything: An error occurred: EOF when reading a line
Ask me anything: An error occurred: EOF when reading a line
Ask me anything: An error occurred: EOF when reading a line
Ask me anything: An error occurred: EOF when reading a line
Ask me anything: An error occurred: EOF when reading a line
Ask me anything: An error occurred: EOF when reading a line
Ask me anything: An error occurred: EOF when reading a line
Ask me anything: An error occurred: EOF when reading a line
Ask me anything: An error occurred: EOF when reading a line
Ask me anything: An error occurred: EOF when reading a line
Ask me anything: An error occurred: EOF when reading a line
Ask me anything: An error occurred: EOF when reading a line
Ask me anything: An error occurred: EOF when reading a line
Ask me anything: An error occurred: EOF when reading a line
Ask me anything: An error occurred: EOF when reading a line
Ask me anything: An error occurred: EOF when reading a line
Ask me anything: An error occurred: EOF when reading a line
Ask me anything: An error occurred: EOF when reading a line
Ask me anything: An error occurred: EOF when reading a line
Ask me anything: An error occurred: EOF when reading a line
Ask me anything: An error occurred: EOF when reading a line
Ask me anything: An error occurred: EOF when reading a line
Ask me anything: An error occurred: EOF when reading a line
Ask me anything: An error occurred: EOF when reading a line
Ask me anything: An error occurred: EOF when reading a line
Ask me anything: An error occurred: EOF when reading a line
Ask me anything: An error occurred: EOF when reading a line
Ask me anything: An error occurred: EOF when reading a line
Ask me anything: An error occurred: EOF when reading a line
Ask me anything: An error occurred: EOF when reading a line
Ask me anything: An error occurred: EOF when reading a line
Ask me anything: An error occurred: EOF when reading a line
Ask me anything: An error occurred: EOF when reading a line
Ask me anything: An error occurred: EOF when reading a line
Ask me anything: An error occurred: EOF when reading a line
Ask me anything: An error occurred: EOF when reading a line
Ask me anything: An error occurred: EOF when reading a line
Ask me anything: An error occurred: EOF when reading a line
Ask me anything: An error occurred: EOF when reading a line
Ask me anything: An error occurred: EOF when reading a line
Ask me anything: An error occurred: EOF when reading a line
Ask me anything: An error occurred: EOF when reading a line
Ask me anything: An error occurred: EOF when reading a line
Ask me anything: An error occurred: EOF when reading a line
Ask me anything: An error occurred: EOF when reading a line
Ask me anything: An error occurred: EOF when reading a line
Ask me anything: An error occurred: EOF when reading a line
Ask me anything: An error occurred: EOF when reading a line
Ask me anything: An error occurred: EOF when reading a line
Ask me anything: An error occurred: EOF when reading a line
Ask me anything: An error occurred: EOF when reading a line
Ask me anything: An error occurred: EOF when reading a line
Ask me anything: An error occurred: EOF when reading a line
Ask me anything: An error occurred: EOF when reading a line
Ask me anything: An error occurred: EOF when reading a line
Ask me anything: An error occurred: EOF when reading a line
Ask me anything: An error occurred: EOF when reading a line
Ask me anything: An error occurred: EOF when reading a line
Ask me anything: An error occurred: EOF when reading a line
Ask me anything: An error occurred: EOF when reading a line
Ask me anything: An error occurred: EOF when reading a line
Ask me anything: An error occurred: EOF when reading a line
Ask me anything: An error occurred: EOF when reading a line
Ask me anything: An error occurred: EOF when reading a line
Ask me anything: An error occurred: EOF when reading a line
Ask me anything: An error occurred: EOF when reading a line
Ask me anything: An error occurred: EOF when reading a line
Ask me anything: An error occurred: EOF when reading a line
Ask me anything: An error occurred: EOF when reading a line
Ask me anything: An error occurred: EOF when reading a line
Ask me anything: An error occurred: EOF when reading a line
Ask me anything: An error occurred: EOF when reading a line
Ask me anything: An error occurred: EOF when reading a line
Ask me anything: An error occurred: EOF when reading a line
Ask me anything: An error occurred: EOF when reading a line
Ask me anything: An error occurred: EOF when reading a line
Ask me anything: An error occurred: EOF when reading a line
Ask me anything: An error occurred: EOF when reading a line
Ask me anything: An error occurred: EOF when reading a line
Ask me anything: An error occurred: EOF when reading a line
Ask me anything: An error occurred: EOF when reading a line
Ask me anything: An error occurred: EOF when reading a line
Ask me anything: An error occurred: EOF when reading a line
Ask me anything: An error occurred: EOF when reading a line
Ask me anything: An error occurred: EOF when reading a line
Ask me anything: An error occurred: EOF when reading a line
Ask me anything: An error occurred: EOF when reading a line
Ask me anything: An error occurred: EOF when reading a line
Ask me anything: An error occurred: EOF when reading a line
Ask me anything: An error occurred: EOF when reading a line
Ask me anything: An error occurred: EOF when reading a line
Ask me anything: An error occurred: EOF when reading a line
Ask me anything: An error occurred: EOF when reading a line
Ask me anything: An error occurred: EOF when reading a line
Ask me anything: An error occurred: EOF when reading a line
Ask me anything: An error occurred: EOF when reading a line
Ask me anything: An error occurred: EOF when reading a line
Ask me anything: An error occurred: EOF when reading a line
Ask me anything: An error occurred: EOF when reading a line
Ask me anything: An error occurred: EOF when reading a line
Ask me anything: An error occurred: EOF when reading a line
Ask me anything: An error occurred: EOF when reading a line
Ask me anything: An error occurred: EOF when reading a line
Ask me anything: An error occurred: EOF when reading a line
Ask me anything: An error occurred: EOF when reading a line
Ask me anything: An error occurred: EOF when reading a line
Ask me anything: An error occurred: EOF when reading a line
Ask me anything: An error occurred: EOF when reading a line
Ask me anything: An error occurred: EOF when reading a line
Ask me anything: An error occurred: EOF when reading a line
Ask me anything: An error occurred: EOF when reading a line
Ask me anything: An error occurred: EOF when reading a line
Ask me anything: An error occurred: EOF when reading a line
Ask me anything: An error occurred: EOF when reading a line
Ask me anything: An error occurred: EOF when reading a line
Ask me anything: An error occurred: EOF when reading a line
Ask me anything: An error occurred: EOF when reading a line
Ask me anything: An error occurred: EOF when reading a line
Ask me anything: An error occurred: EOF when reading a line
Ask me anything: An error occurred: EOF when reading a line
Ask me anything: An error occurred: EOF when reading a line
Ask me anything: An error occurred: EOF when reading a line
Ask me anything: An error occurred: EOF when reading a line
Ask me anything: An error occurred: EOF when reading a line
Ask me anything: An error occurred: EOF when reading a line
Ask me anything: An error occurred: EOF when reading a line
Ask me anything: An error occurred: EOF when reading a line
Ask me anything: An error occurred: EOF when reading a line
Ask me anything: An error occurred: EOF when reading a line
Ask me anything: An error occurred: EOF when reading a line
Ask me anything: An error occurred: EOF when reading a line
Ask me anything: An error occurred: EOF when reading a line
Ask me anything: An error occurred: EOF when reading a line
Ask me anything: An error occurred: EOF when reading a line
Ask me anything: An error occurred: EOF when reading a line
Ask me anything: An error occurred: EOF when reading a line
Ask me anything: An error occurred: EOF when reading a line
Ask me anything: An error occurred: EOF when reading a line
Ask me anything: An error occurred: EOF when reading a line
Ask me anything: An error occurred: EOF when reading a line
Ask me anything: An error occurred: EOF when reading a line
Ask me anything: An error occurred: EOF when reading a line
Ask me anything: An error occurred: EOF when reading a line
Ask me anything: An error occurred: EOF when reading a line
Ask me anything: An error occurred: EOF when reading a line
Ask me anything: An error occurred: EOF when reading a line
Ask me anything: An error occurred: EOF when reading a line
Ask me anything: An error occurred: EOF when reading a line
Ask me anything: An error occurred: EOF when reading a line
Ask me anything: An error occurred: EOF when reading a line
Ask me anything: An error occurred: EOF when reading a line
Ask me anything: An error occurred: EOF when reading a line
Ask me anything: An error occurred: EOF when reading a line
Ask me anything: An error occurred: EOF when reading a line
Ask me anything: An error occurred: EOF when reading a line
Ask me anything: An error occurred: EOF when reading a line
Ask me anything: An error occurred: EOF when reading a line
Ask me anything: An error occurred: EOF when reading a line
Ask me anything: An error occurred: EOF when reading a line
Ask me anything: An error occurred: EOF when reading a line
Ask me anything: An error occurred: EOF when reading a line
Ask me anything: An error occurred: EOF when reading a line
Ask me anything: An error occurred: EOF when reading a line
Ask me anything: An error occurred: EOF when reading a line
Ask me anything: An error occurred: EOF when reading a line
Ask me anything: An error occurred: EOF when reading a line
Ask me anything: An error occurred: EOF when reading a line
Ask me anything: An error occurred: EOF when reading a line
Ask me anything: An error occurred: EOF when reading a line
Ask me anything: An error occurred: EOF when reading a line
Ask me anything: An error occurred: EOF when reading a line
Ask me anything: An error occurred: EOF when reading a line
Ask me anything: An error occurred: EOF when reading a line
Ask me anything: An error occurred: EOF when reading a line
Ask me anything: An error occurred: EOF when reading a line
Ask me anything: An error occurred: EOF when reading a line
Ask me anything: An error occurred: EOF when reading a line
Ask me anything: An error occurred: EOF when reading a line
Ask me anything: An error occurred: EOF when reading a line
Ask me anything: An error occurred: EOF when reading a line
Ask me anything: An error occurred: EOF when reading a line
Ask me anything: An error occurred: EOF when reading a line
Ask me anything: An error occurred: EOF when reading a line
Ask me anything: An error occurred: EOF when reading a line
Ask me anything: An error occurred: EOF when reading a line
Ask me anything: An error occurred: EOF when reading a line
Ask me anything: An error occurred: EOF when reading a line
Ask me anything: An error occurred: EOF when reading a line
Ask me anything: An error occurred: EOF when reading a line
Ask me anything: An error occurred: EOF when reading a line
Ask me anything: An error occurred: EOF when reading a line
Ask me anything: An error occurred: EOF when reading a line
Ask me anything: An error occurred: EOF when reading a line
Ask me anything: An error occurred: EOF when reading a line
Ask me anything: An error occurred: EOF when reading a line
Ask me anything: An error occurred: EOF when reading a line
Ask me anything: An error occurred: EOF when reading a line
Ask me anything: An error occurred: EOF when reading a line
Ask me anything: An error occurred: EOF when reading a line
Ask me anything: An error occurred: EOF when reading a line
Ask me anything: An error occurred: EOF when reading a line
Ask me anything: An error occurred: EOF when reading a line
Ask me anything: An error occurred: EOF when reading a line
Ask me anything: An error occurred: EOF when reading a line
Ask me anything: An error occurred: EOF when reading a line
Ask me anything: An error occurred: EOF when reading a line
Ask me anything: An error occurred: EOF when reading a line
Ask me anything: An error occurred: EOF when reading a line
Ask me anything: An error occurred: EOF when reading a line
Ask me anything: An error occurred: EOF when reading a line
Ask me anything: An error occurred: EOF when reading a line
Ask me anything: An error occurred: EOF when reading a line
Ask me anything: An error occurred: EOF when reading a line
Ask me anything: An error occurred: EOF when reading a line
Ask me anything: An error occurred: EOF when reading a line
Ask me anything: An error occurred: EOF when reading a line
Ask me anything: An error occurred: EOF when reading a line
Ask me anything: An error occurred: EOF when reading a line
Ask me anything: An error occurred: EOF when reading a line
Ask me anything: An error occurred: EOF when reading a line
Ask me anything: An error occurred: EOF when reading a line
Ask me anything: An error occurred: EOF when reading a line
Ask me anything: An error occurred: EOF when reading a line
Ask me anything: An error occurred: EOF when reading a line
Ask me anything: An error occurred: EOF when reading a line
Ask me anything: An error occurred: EOF when reading a line
Ask me anything: An error occurred: EOF when reading a line
Ask me anything: An error occurred: EOF when reading a line
Ask me anything: An error occurred: EOF when reading a line
Ask me anything: An error occurred: EOF when reading a line
Ask me anything: An error occurred: EOF when reading a line
Ask me anything: An error occurred: EOF when reading a line
Ask me anything: An error occurred: EOF when reading a line
Ask me anything: An error occurred: EOF when reading a line
Ask me anything: An error occurred: EOF when reading a line
Ask me anything: An error occurred: EOF when reading a line
Ask me anything: An error occurred: EOF when reading a line
Ask me anything: An error occurred: EOF when reading a line
Ask me anything: An error occurred: EOF when reading a line
Ask me anything: An error occurred: EOF when reading a line
Ask me anything: An error occurred: EOF when reading a line
Ask me anything: An error occurred: EOF when reading a line
Ask me anything: An error occurred: EOF when reading a line
Ask me anything: An error occurred: EOF when reading a line
Ask me anything: An error occurred: EOF when reading a line
Ask me anything: An error occurred: EOF when reading a line
Ask me anything: An error occurred: EOF when reading a line
Ask me anything: An error occurred: EOF when reading a line
Ask me anything: An error occurred: EOF when reading a line
Ask me anything: An error occurred: EOF when reading a line
Ask me anything: An error occurred: EOF when reading a line
Ask me anything: An error occurred: EOF when reading a line
Ask me anything: An error occurred: EOF when reading a line
Ask me anything: An error occurred: EOF when reading a line
Ask me anything: An error occurred: EOF when reading a line
Ask me anything: An error occurred: EOF when reading a line
Ask me anything: An error occurred: EOF when reading a line
Ask me anything: An error occurred: EOF when reading a line
Ask me anything: An error occurred: EOF when reading a line
Ask me anything: An error occurred: EOF when reading a line
Ask me anything: An error occurred: EOF when reading a line
Ask me anything: An error occurred: EOF when reading a line
Ask me anything: An error occurred: EOF when reading a line
Ask me anything: An error occurred: EOF when reading a line
Ask me anything: An error occurred: EOF when reading a line
Ask me anything: An error occurred: EOF when reading a line
Ask me anything: An error occurred: EOF when reading a line
Ask me anything: An error occurred: EOF when reading a line
Ask me anything: An error occurred: EOF when reading a line
Ask me anything: An error occurred: EOF when reading a line
Ask me anything: An error occurred: EOF when reading a line
Ask me anything: An error occurred: EOF when reading a line
Ask me anything: An error occurred: EOF when reading a line
Ask me anything: An error occurred: EOF when reading a line
Ask me anything: An error occurred: EOF when reading a line
Ask me anything: An error occurred: EOF when reading a line
Ask me anything: An error occurred: EOF when reading a line
Ask me anything: An error occurred: EOF when reading a line
Ask me anything: An error occurred: EOF when reading a line
Ask me anything: An error occurred: EOF when reading a line
Ask me anything: An error occurred: EOF when reading a line
Ask me anything: An error occurred: EOF when reading a line
Ask me anything: An error occurred: EOF when reading a line
Ask me anything: An error occurred: EOF when reading a line
Ask me anything: An error occurred: EOF when reading a line
Ask me anything: An error occurred: EOF when reading a line
Ask me anything: An error occurred: EOF when reading a line
Ask me anything: An error occurred: EOF when reading a line
Ask me anything: An error occurred: EOF when reading a line
Ask me anything: An error occurred: EOF when reading a line
Ask me anything: An error occurred: EOF when reading a line
Ask me anything: An error occurred: EOF when reading a line
Ask me anything: An error occurred: EOF when reading a line
Ask me anything: An error occurred: EOF when reading a line
Ask me anything: An error occurred: EOF when reading a line
Ask me anything: An error occurred: EOF when reading a line
Ask me anything: An error occurred: EOF when reading a line
Ask me anything: An error occurred: EOF when reading a line
Ask me anything: An error occurred: EOF when reading a line
Ask me anything: An error occurred: EOF when reading a line
Ask me anything: An error occurred: EOF when reading a line
Ask me anything: An error occurred: EOF when reading a line
Ask me anything: An error occurred: EOF when reading a line
Ask me anything: An error occurred: EOF when reading a line
Ask me anything: An error occurred: EOF when reading a line
Ask me anything: An error occurred: EOF when reading a line
Ask me anything: An error occurred: EOF when reading a line
Ask me anything: An error occurred: EOF when reading a line
Ask me anything: An error occurred: EOF when reading a line
Ask me anything: An error occurred: EOF when reading a line
Ask me anything: An error occurred: EOF when reading a line
Ask me anything: An error occurred: EOF when reading a line
Ask me anything: An error occurred: EOF when reading a line
Ask me anything: An error occurred: EOF when reading a line
Ask me anything: An error occurred: EOF when reading a line
Ask me anything: An error occurred: EOF when reading a line
Ask me anything: An error occurred: EOF when reading a line
Ask me anything: An error occurred: EOF when reading a line
Ask me anything: An error occurred: EOF when reading a line
Ask me anything: An error occurred: EOF when reading a line
Ask me anything: An error occurred: EOF when reading a line
Ask me anything: An error occurred: EOF when reading a line
Ask me anything: An error occurred: EOF when reading a line
Ask me anything: An error occurred: EOF when reading a line
Ask me anything: An error occurred: EOF when reading a line
Ask me anything: An error occurred: EOF when reading a line
Ask me anything: An error occurred: EOF when reading a line
Ask me anything: An error occurred: EOF when reading a line
Ask me anything: An error occurred: EOF when reading a line
Ask me anything: An error occurred: EOF when reading a line
Ask me anything: An error occurred: EOF when reading a line
Ask me anything: An error occurred: EOF when reading a line
Ask me anything: An error occurred: EOF when reading a line
Ask me anything: An error occurred: EOF when reading a line
Ask me anything: An error occurred: EOF when reading a line
Ask me anything: An error occurred: EOF when reading a line
Ask me anything: An error occurred: EOF when reading a line
Ask me anything: An error occurred: EOF when reading a line
Ask me anything: An error occurred: EOF when reading a line
Ask me anything: An error occurred: EOF when reading a line
Ask me anything: An error occurred: EOF when reading a line
Ask me anything: An error occurred: EOF when reading a line
Ask me anything: An error occurred: EOF when reading a line
Ask me anything: An error occurred: EOF when reading a line
Ask me anything: An error occurred: EOF when reading a line
Ask me anything: An error occurred: EOF when reading a line
Ask me anything: An error occurred: EOF when reading a line
Ask me anything: An error occurred: EOF when reading a line
Ask me anything: An error occurred: EOF when reading a line
Ask me anything: An error occurred: EOF when reading a line
Ask me anything: An error occurred: EOF when reading a line
Ask me anything: An error occurred: EOF when reading a line
Ask me anything: An error occurred: EOF when reading a line
Ask me anything: An error occurred: EOF when reading a line
Ask me anything: An error occurred: EOF when reading a line
Ask me anything: An error occurred: EOF when reading a line
Ask me anything: An error occurred: EOF when reading a line
Ask me anything: An error occurred: EOF when reading a line
Ask me anything: An error occurred: EOF when reading a line
Ask me anything: An error occurred: EOF when reading a line
Ask me anything: An error occurred: EOF when reading a line
Ask me anything: An error occurred: EOF when reading a line
Ask me anything: An error occurred: EOF when reading a line
Ask me anything: An error occurred: EOF when reading a line
Ask me anything: An error occurred: EOF when reading a line
Ask me anything: An error occurred: EOF when reading a line
Ask me anything: An error occurred: EOF when reading a line
Ask me anything: An error occurred: EOF when reading a line
Ask me anything: An error occurred: EOF when reading a line
Ask me anything: An error occurred: EOF when reading a line
Ask me anything: An error occurred: EOF when reading a line
Ask me anything: An error occurred: EOF when reading a line
Ask me anything: An error occurred: EOF when reading a line
Ask me anything: An error occurred: EOF when reading a line
Ask me anything: An error occurred: EOF when reading a line
Ask me anything: An error occurred: EOF when reading a line
Ask me anything: An error occurred: EOF when reading a line
Ask me anything: An error occurred: EOF when reading a line
Ask me anything: An error occurred: EOF when reading a line
Ask me anything: An error occurred: EOF when reading a line
Ask me anything: An error occurred: EOF when reading a line
Ask me anything: An error occurred: EOF when reading a line
Ask me anything: An error occurred: EOF when reading a line
Ask me anything: An error occurred: EOF when reading a line
Ask me anything: An error occurred: EOF when reading a line
Ask me anything: An error occurred: EOF when reading a line
Ask me anything: An error occurred: EOF when reading a line
Ask me anything: An error occurred: EOF when reading a line
Ask me anything: An error occurred: EOF when reading a line
Ask me anything: An error occurred: EOF when reading a line
Ask me anything: An error occurred: EOF when reading a line
Ask me anything: An error occurred: EOF when reading a line
Ask me anything: An error occurred: EOF when reading a line
Ask me anything: An error occurred: EOF when reading a line
Ask me anything: An error occurred: EOF when reading a line
Ask me anything: An error occurred: EOF when reading a line
Ask me anything: An error occurred: EOF when reading a line
Ask me anything: An error occurred: EOF when reading a line
Ask me anything: An error occurred: EOF when reading a line
Ask me anything: An error occurred: EOF when reading a line
Ask me anything: An error occurred: EOF when reading a line
Ask me anything: An error occurred: EOF when reading a line
Ask me anything: An error occurred: EOF when reading a line
Ask me anything: An error occurred: EOF when reading a line
Ask me anything: An error occurred: EOF when reading a line
Ask me anything: An error occurred: EOF when reading a line
Ask me anything: An error occurred: EOF when reading a line
Ask me anything: An error occurred: EOF when reading a line
Ask me anything: An error occurred: EOF when reading a line
Ask me anything: An error occurred: EOF when reading a line
Ask me anything: An error occurred: EOF when reading a line
Ask me anything: An error occurred: EOF when reading a line
Ask me anything: An error occurred: EOF when reading a line
Ask me anything: An error occurred: EOF when reading a line
Ask me anything: An error occurred: EOF when reading a line
Ask me anything: An error occurred: EOF when reading a line
Ask me anything: An error occurred: EOF when reading a line
Ask me anything: An error occurred: EOF when reading a line
Ask me anything: An error occurred: EOF when reading a line
Ask me anything: An error occurred: EOF when reading a line
Ask me anything: An error occurred: EOF when reading a line
Ask me anything: An error occurred: EOF when reading a line
Ask me anything: An error occurred: EOF when reading a line
Ask me anything: An error occurred: EOF when reading a line
Ask me anything: An error occurred: EOF when reading a line
Ask me anything: An error occurred: EOF when reading a line
Ask me anything: An error occurred: EOF when reading a line
Ask me anything: An error occurred: EOF when reading a line
Ask me anything: An error occurred: EOF when reading a line
Ask me anything: An error occurred: EOF when reading a line
Ask me anything: An error occurred: EOF when reading a line
Ask me anything: An error occurred: EOF when reading a line
Ask me anything: An error occurred: EOF when reading a line
Ask me anything: An error occurred: EOF when reading a line
Ask me anything: An error occurred: EOF when reading a line
Ask me anything: An error occurred: EOF when reading a line
Ask me anything: An error occurred: EOF when reading a line
Ask me anything: An error occurred: EOF when reading a line
Ask me anything: An error occurred: EOF when reading a line
Ask me anything: An error occurred: EOF when reading a line
Ask me anything: An error occurred: EOF when reading a line
Ask me anything: An error occurred: EOF when reading a line
Ask me anything: An error occurred: EOF when reading a line
Ask me anything: An error occurred: EOF when reading a line
Ask me anything: An error occurred: EOF when reading a line
Ask me anything: An error occurred: EOF when reading a line
Ask me anything: An error occurred: EOF when reading a line
Ask me anything: An error occurred: EOF when reading a line
Ask me anything: An error occurred: EOF when reading a line
Ask me anything: An error occurred: EOF when reading a line
Ask me anything: An error occurred: EOF when reading a line
Ask me anything: An error occurred: EOF when reading a line
Ask me anything: An error occurred: EOF when reading a line
Ask me anything: An error occurred: EOF when reading a line
Ask me anything: An error occurred: EOF when reading a line
Ask me anything: An error occurred: EOF when reading a line
Ask me anything: An error occurred: EOF when reading a line
Ask me anything: An error occurred: EOF when reading a line
Ask me anything: An error occurred: EOF when reading a line
Ask me anything: An error occurred: EOF when reading a line
Ask me anything: An error occurred: EOF when reading a line
Ask me anything: An error occurred: EOF when reading a line
Ask me anything: An error occurred: EOF when reading a line
Ask me anything: An error occurred: EOF when reading a line
Ask me anything: An error occurred: EOF when reading a line
Ask me anything: An error occurred: EOF when reading a line
Ask me anything: An error occurred: EOF when reading a line
Ask me anything: An error occurred: EOF when reading a line
Ask me anything: An error occurred: EOF when reading a line
Ask me anything: An error occurred: EOF when reading a line
Ask me anything: An error occurred: EOF when reading a line
Ask me anything: An error occurred: EOF when reading a line
Ask me anything: An error occurred: EOF when reading a line
Ask me anything: An error occurred: EOF when reading a line
Ask me anything: An error occurred: EOF when reading a line
Ask me anything: An error occurred: EOF when reading a line
Ask me anything: An error occurred: EOF when reading a line
Ask me anything: An error occurred: EOF when reading a line
Ask me anything: An error occurred: EOF when reading a line
Ask me anything: An error occurred: EOF when reading a line
Ask me anything: An error occurred: EOF when reading a line
Ask me anything: An error occurred: EOF when reading a line
Ask me anything: An error occurred: EOF when reading a line
Ask me anything: An error occurred: EOF when reading a line
Ask me anything: An error occurred: EOF when reading a line
Ask me anything: An error occurred: EOF when reading a line
Ask me anything: An error occurred: EOF when reading a line
Ask me anything: An error occurred: EOF when reading a line
Ask me anything: An error occurred: EOF when reading a line
Ask me anything: An error occurred: EOF when reading a line
Ask me anything: An error occurred: EOF when reading a line
Ask me anything: An error occurred: EOF when reading a line
Ask me anything: An error occurred: EOF when reading a line
Ask me anything: An error occurred: EOF when reading a line
Ask me anything: An error occurred: EOF when reading a line
Ask me anything: An error occurred: EOF when reading a line
Ask me anything: An error occurred: EOF when reading a line
Ask me anything: An error occurred: EOF when reading a line
Ask me anything: An error occurred: EOF when reading a line
Ask me anything: An error occurred: EOF when reading a line
Ask me anything: An error occurred: EOF when reading a line
Ask me anything: An error occurred: EOF when reading a line
Ask me anything: An error occurred: EOF when reading a line
Ask me anything: An error occurred: EOF when reading a line
Ask me anything: An error occurred: EOF when reading a line
Ask me anything: An error occurred: EOF when reading a line
Ask me anything: An error occurred: EOF when reading a line
Ask me anything: An error occurred: EOF when reading a line
Ask me anything: An error occurred: EOF when reading a line
Ask me anything: An error occurred: EOF when reading a line
Ask me anything: An error occurred: EOF when reading a line
Ask me anything: An error occurred: EOF when reading a line
Ask me anything: An error occurred: EOF when reading a line
Ask me anything: An error occurred: EOF when reading a line
Ask me anything: An error occurred: EOF when reading a line
Ask me anything: An error occurred: EOF when reading a line
Ask me anything: An error occurred: EOF when reading a line
Ask me anything: An error occurred: EOF when reading a line
Ask me anything: An error occurred: EOF when reading a line
Ask me anything: An error occurred: EOF when reading a line
Ask me anything: An error occurred: EOF when reading a line
Ask me anything: An error occurred: EOF when reading a line
Ask me anything: An error occurred: EOF when reading a line
Ask me anything: An error occurred: EOF when reading a line
Ask me anything: An error occurred: EOF when reading a line
Ask me anything: An error occurred: EOF when reading a line
Ask me anything: An error occurred: EOF when reading a line
Ask me anything: An error occurred: EOF when reading a line
Ask me anything: An error occurred: EOF when reading a line
Ask me anything: An error occurred: EOF when reading a line
Ask me anything: An error occurred: EOF when reading a line
Ask me anything: An error occurred: EOF when reading a line
Ask me anything: An error occurred: EOF when reading a line
Ask me anything: An error occurred: EOF when reading a line
Ask me anything: An error occurred: EOF when reading a line
Ask me anything: An error occurred: EOF when reading a line
Ask me anything: An error occurred: EOF when reading a line
Ask me anything: An error occurred: EOF when reading a line
Ask me anything: An error occurred: EOF when reading a line
Ask me anything: An error occurred: EOF when reading a line
Ask me anything: An error occurred: EOF when reading a line
Ask me anything: An error occurred: EOF when reading a line
Ask me anything: An error occurred: EOF when reading a line
Ask me anything: An error occurred: EOF when reading a line
Ask me anything: An error occurred: EOF when reading a line
Ask me anything: An error occurred: EOF when reading a line
Ask me anything: An error occurred: EOF when reading a line
Ask me anything: An error occurred: EOF when reading a line
Ask me anything: An error occurred: EOF when reading a line
Ask me anything: An error occurred: EOF when reading a line
Ask me anything: An error occurred: EOF when reading a line
Ask me anything: An error occurred: EOF when reading a line
Ask me anything: An error occurred: EOF when reading a line
Ask me anything: An error occurred: EOF when reading a line
Ask me anything: An error occurred: EOF when reading a line
Ask me anything: An error occurred: EOF when reading a line
Ask me anything: An error occurred: EOF when reading a line
Ask me anything: An error occurred: EOF when reading a line
Ask me anything: An error occurred: EOF when reading a line
Ask me anything: An error occurred: EOF when reading a line
Ask me anything: An error occurred: EOF when reading a line
Ask me anything: An error occurred: EOF when reading a line
Ask me anything: An error occurred: EOF when reading a line
Ask me anything: An error occurred: EOF when reading a line
Ask me anything: An error occurred: EOF when reading a line
Ask me anything: An error occurred: EOF when reading a line
Ask me anything: An error occurred: EOF when reading a line
Ask me anything: An error occurred: EOF when reading a line
Ask me anything: An error occurred: EOF when reading a line
Ask me anything: An error occurred: EOF when reading a line
Ask me anything: An error occurred: EOF when reading a line
Ask me anything: An error occurred: EOF when reading a line
Ask me anything: An error occurred: EOF when reading a line
Ask me anything: An error occurred: EOF when reading a line
Ask me anything: An error occurred: EOF when reading a line
Ask me anything: An error occurred: EOF when reading a line
Ask me anything: An error occurred: EOF when reading a line
Ask me anything: An error occurred: EOF when reading a line
Ask me anything: An error occurred: EOF when reading a line
Ask me anything: An error occurred: EOF when reading a line
Ask me anything: An error occurred: EOF when reading a line
Ask me anything: An error occurred: EOF when reading a line
Ask me anything: An error occurred: EOF when reading a line
Ask me anything: An error occurred: EOF when reading a line
Ask me anything: An error occurred: EOF when reading a line
Ask me anything: An error occurred: EOF when reading a line
Ask me anything: An error occurred: EOF when reading a line
Ask me anything: An error occurred: EOF when reading a line
Ask me anything: An error occurred: EOF when reading a line
Ask me anything: An error occurred: EOF when reading a line
Ask me anything: An error occurred: EOF when reading a line
Ask me anything: An error occurred: EOF when reading a line
Ask me anything: An error occurred: EOF when reading a line
Ask me anything: An error occurred: EOF when reading a line
Ask me anything: An error occurred: EOF when reading a line
Ask me anything: An error occurred: EOF when reading a line
Ask me anything: An error occurred: EOF when reading a line
Ask me anything: An error occurred: EOF when reading a line
Ask me anything: An error occurred: EOF when reading a line
Ask me anything: An error occurred: EOF when reading a line
Ask me anything: An error occurred: EOF when reading a line
Ask me anything: An error occurred: EOF when reading a line
Ask me anything: An error occurred: EOF when reading a line
Ask me anything: An error occurred: EOF when reading a line
Ask me anything: An error occurred: EOF when reading a line
Ask me anything: An error occurred: EOF when reading a line
Ask me anything: An error occurred: EOF when reading a line
Ask me anything: An error occurred: EOF when reading a line
Ask me anything: An error occurred: EOF when reading a line
Ask me anything: An error occurred: EOF when reading a line
Ask me anything: An error occurred: EOF when reading a line
Ask me anything: An error occurred: EOF when reading a line
Ask me anything: An error occurred: EOF when reading a line
Ask me anything: An error occurred: EOF when reading a line
Ask me anything: An error occurred: EOF when reading a line
Ask me anything: An error occurred: EOF when reading a line
Ask me anything: An error occurred: EOF when reading a line
Ask me anything: An error occurred: EOF when reading a line
Ask me anything: An error occurred: EOF when reading a line
Ask me anything: An error occurred: EOF when reading a line
Ask me anything: An error occurred: EOF when reading a line
Ask me anything: An error occurred: EOF when reading a line
Ask me anything: An error occurred: EOF when reading a line
Ask me anything: An error occurred: EOF when reading a line
Ask me anything: An error occurred: EOF when reading a line
Ask me anything: An error occurred: EOF when reading a line
Ask me anything: An error occurred: EOF when reading a line
Ask me anything: An error occurred: EOF when reading a line
Ask me anything: An error occurred: EOF when reading a line
Ask me anything: An error occurred: EOF when reading a line
Ask me anything: An error occurred: EOF when reading a line
Ask me anything: An error occurred: EOF when reading a line
Ask me anything: An error occurred: EOF when reading a line
Ask me anything: An error occurred: EOF when reading a line
Ask me anything: An error occurred: EOF when reading a line
Ask me anything: An error occurred: EOF when reading a line
Ask me anything: An error occurred: EOF when reading a line
Ask me anything: An error occurred: EOF when reading a line
Ask me anything: An error occurred: EOF when reading a line
Ask me anything: An error occurred: EOF when reading a line
Ask me anything: An error occurred: EOF when reading a line
Ask me anything: An error occurred: EOF when reading a line
Ask me anything: An error occurred: EOF when reading a line
Ask me anything: An error occurred: EOF when reading a line
Ask me anything: An error occurred: EOF when reading a line
Ask me anything: An error occurred: EOF when reading a line
Ask me anything: An error occurred: EOF when reading a line
Ask me anything: An error occurred: EOF when reading a line
Ask me anything: An error occurred: EOF when reading a line
Ask me anything: An error occurred: EOF when reading a line
Ask me anything: An error occurred: EOF when reading a line
Ask me anything: An error occurred: EOF when reading a line
Ask me anything: An error occurred: EOF when reading a line
Ask me anything: An error occurred: EOF when reading a line
Ask me anything: An error occurred: EOF when reading a line
Ask me anything: An error occurred: EOF when reading a line
Ask me anything: An error occurred: EOF when reading a line
Ask me anything: An error occurred: EOF when reading a line
Ask me anything: An error occurred: EOF when reading a line
Ask me anything: An error occurred: EOF when reading a line
Ask me anything: An error occurred: EOF when reading a line
Ask me anything: An error occurred: EOF when reading a line
Ask me anything: An error occurred: EOF when reading a line
Ask me anything: An error occurred: EOF when reading a line
Ask me anything: An error occurred: EOF when reading a line
Ask me anything: An error occurred: EOF when reading a line
Ask me anything: An error occurred: EOF when reading a line
Ask me anything: An error occurred: EOF when reading a line
Ask me anything: An error occurred: EOF when reading a line
Ask me anything: An error occurred: EOF when reading a line
Ask me anything: An error occurred: EOF when reading a line
Ask me anything: An error occurred: EOF when reading a line
Ask me anything: An error occurred: EOF when reading a line
Ask me anything: An error occurred: EOF when reading a line
Ask me anything: An error occurred: EOF when reading a line
Ask me anything: An error occurred: EOF when reading a line
Ask me anything: An error occurred: EOF when reading a line
Ask me anything: An error occurred: EOF when reading a line
Ask me anything: An error occurred: EOF when reading a line
Ask me anything: An error occurred: EOF when reading a line
Ask me anything: An error occurred: EOF when reading a line
Ask me anything: An error occurred: EOF when reading a line
Ask me anything: An error occurred: EOF when reading a line
Ask me anything: An error occurred: EOF when reading a line
Ask me anything: An error occurred: EOF when reading a line
Ask me anything: An error occurred: EOF when reading a line
Ask me anything: An error occurred: EOF when reading a line
Ask me anything: An error occurred: EOF when reading a line
Ask me anything: An error occurred: EOF when reading a line
Ask me anything: An error occurred: EOF when reading a line
Ask me anything: An error occurred: EOF when reading a line
Ask me anything: An error occurred: EOF when reading a line
Ask me anything: An error occurred: EOF when reading a line
Ask me anything: An error occurred: EOF when reading a line
Ask me anything: An error occurred: EOF when reading a line
Ask me anything: An error occurred: EOF when reading a line
Ask me anything: An error occurred: EOF when reading a line
Ask me anything: An error occurred: EOF when reading a line
Ask me anything: An error occurred: EOF when reading a line
Ask me anything: An error occurred: EOF when reading a line
Ask me anything: An error occurred: EOF when reading a line
Ask me anything: An error occurred: EOF when reading a line
Ask me anything: An error occurred: EOF when reading a line
Ask me anything: An error occurred: EOF when reading a line
Ask me anything: An error occurred: EOF when reading a line
Ask me anything: An error occurred: EOF when reading a line
Ask me anything: An error occurred: EOF when reading a line
Ask me anything: An error occurred: EOF when reading a line
Ask me anything: An error occurred: EOF when reading a line
Ask me anything: An error occurred: EOF when reading a line
Ask me anything: An error occurred: EOF when reading a line
Ask me anything: An error occurred: EOF when reading a line
Ask me anything: An error occurred: EOF when reading a line
Ask me anything: An error occurred: EOF when reading a line
Ask me anything: An error occurred: EOF when reading a line
Ask me anything: An error occurred: EOF when reading a line
Ask me anything: An error occurred: EOF when reading a line
Ask me anything: An error occurred: EOF when reading a line
Ask me anything: An error occurred: EOF when reading a line
Ask me anything: An error occurred: EOF when reading a line
Ask me anything: An error occurred: EOF when reading a line
Ask me anything: An error occurred: EOF when reading a line
Ask me anything: An error occurred: EOF when reading a line
Ask me anything: An error occurred: EOF when reading a line
Ask me anything: An error occurred: EOF when reading a line
Ask me anything: An error occurred: EOF when reading a line
Ask me anything: An error occurred: EOF when reading a line
Ask me anything: An error occurred: EOF when reading a line
Ask me anything: An error occurred: EOF when reading a line
Ask me anything: An error occurred: EOF when reading a line
Ask me anything: An error occurred: EOF when reading a line
Ask me anything: An error occurred: EOF when reading a line
Ask me anything: An error occurred: EOF when reading a line
Ask me anything: An error occurred: EOF when reading a line
Ask me anything: An error occurred: EOF when reading a line
Ask me anything: An error occurred: EOF when reading a line
Ask me anything: An error occurred: EOF when reading a line
Ask me anything: An error occurred: EOF when reading a line
Ask me anything: An error occurred: EOF when reading a line
Ask me anything: An error occurred: EOF when reading a line
Ask me anything: An error occurred: EOF when reading a line
Ask me anything: An error occurred: EOF when reading a line
Ask me anything: An error occurred: EOF when reading a line
Ask me anything: An error occurred: EOF when reading a line
Ask me anything: An error occurred: EOF when reading a line
Ask me anything: An error occurred: EOF when reading a line
Ask me anything: An error occurred: EOF when reading a line
Ask me anything: An error occurred: EOF when reading a line
Ask me anything: An error occurred: EOF when reading a line
Ask me anything: An error occurred: EOF when reading a line
Ask me anything: An error occurred: EOF when reading a line
Ask me anything: An error occurred: EOF when reading a line
Ask me anything: An error occurred: EOF when reading a line
Ask me anything: An error occurred: EOF when reading a line
Ask me anything: An error occurred: EOF when reading a line
Ask me anything: An error occurred: EOF when reading a line
Ask me anything: An error occurred: EOF when reading a line
Ask me anything: An error occurred: EOF when reading a line
Ask me anything: An error occurred: EOF when reading a line
Ask me anything: An error occurred: EOF when reading a line
Ask me anything: An error occurred: EOF when reading a line
Ask me anything: An error occurred: EOF when reading a line
Ask me anything: An error occurred: EOF when reading a line
Ask me anything: An error occurred: EOF when reading a line
Ask me anything: An error occurred: EOF when reading a line
Ask me anything: An error occurred: EOF when reading a line
Ask me anything: An error occurred: EOF when reading a line
Ask me anything: An error occurred: EOF when reading a line
Ask me anything: An error occurred: EOF when reading a line
Ask me anything: An error occurred: EOF when reading a line
Ask me anything: An error occurred: EOF when reading a line
Ask me anything: An error occurred: EOF when reading a line
Ask me anything: An error occurred: EOF when reading a line
Ask me anything: An error occurred: EOF when reading a line
Ask me anything: An error occurred: EOF when reading a line
Ask me anything: An error occurred: EOF when reading a line
Ask me anything: An error occurred: EOF when reading a line
Ask me anything: An error occurred: EOF when reading a line
Ask me anything: An error occurred: EOF when reading a line
Ask me anything: An error occurred: EOF when reading a line
Ask me anything: An error occurred: EOF when reading a line
Ask me anything: An error occurred: EOF when reading a line
Ask me anything: An error occurred: EOF when reading a line
Ask me anything: An error occurred: EOF when reading a line
Ask me anything: An error occurred: EOF when reading a line
Ask me anything: An error occurred: EOF when reading a line
Ask me anything: An error occurred: EOF when reading a line
Ask me anything: An error occurred: EOF when reading a line
Ask me anything: An error occurred: EOF when reading a line
Ask me anything: An error occurred: EOF when reading a line
Ask me anything: An error occurred: EOF when reading a line
Ask me anything: An error occurred: EOF when reading a line
Ask me anything: An error occurred: EOF when reading a line
Ask me anything: An error occurred: EOF when reading a line
Ask me anything: An error occurred: EOF when reading a line
Ask me anything: An error occurred: EOF when reading a line
Ask me anything: An error occurred: EOF when reading a line
Ask me anything: An error occurred: EOF when reading a line
Ask me anything: An error occurred: EOF when reading a line
Ask me anything: An error occurred: EOF when reading a line
Ask me anything: An error occurred: EOF when reading a line
Ask me anything: An error occurred: EOF when reading a line
Ask me anything: An error occurred: EOF when reading a line
Ask me anything: An error occurred: EOF when reading a line
Ask me anything: An error occurred: EOF when reading a line
Ask me anything: An error occurred: EOF when reading a line
Ask me anything: An error occurred: EOF when reading a line
Ask me anything: An error occurred: EOF when reading a line
Ask me anything: An error occurred: EOF when reading a line
Ask me anything: An error occurred: EOF when reading a line
Ask me anything: An error occurred: EOF when reading a line
Ask me anything: An error occurred: EOF when reading a line
Ask me anything: An error occurred: EOF when reading a line
Ask me anything: An error occurred: EOF when reading a line
Ask me anything: An error occurred: EOF when reading a line
Ask me anything: An error occurred: EOF when reading a line
Ask me anything: An error occurred: EOF when reading a line
Ask me anything: An error occurred: EOF when reading a line
Ask me anything: An error occurred: EOF when reading a line
Ask me anything: An error occurred: EOF when reading a line
Ask me anything: An error occurred: EOF when reading a line
Ask me anything: An error occurred: EOF when reading a line
Ask me anything: An error occurred: EOF when reading a line
Ask me anything: An error occurred: EOF when reading a line
Ask me anything: An error occurred: EOF when reading a line
Ask me anything: An error occurred: EOF when reading a line
Ask me anything: An error occurred: EOF when reading a line
Ask me anything: An error occurred: EOF when reading a line
Ask me anything: An error occurred: EOF when reading a line
Ask me anything: An error occurred: EOF when reading a line
Ask me anything: An error occurred: EOF when reading a line
Ask me anything: An error occurred: EOF when reading a line
Ask me anything: An error occurred: EOF when reading a line
Ask me anything: An error occurred: EOF when reading a line
Ask me anything: An error occurred: EOF when reading a line
Ask me anything: An error occurred: EOF when reading a line
Ask me anything: An error occurred: EOF when reading a line
Ask me anything: An error occurred: EOF when reading a line
Ask me anything: An error occurred: EOF when reading a line
Ask me anything: An error occurred: EOF when reading a line
Ask me anything: An error occurred: EOF when reading a line
Ask me anything: An error occurred: EOF when reading a line
Ask me anything: An error occurred: EOF when reading a line
Ask me anything: An error occurred: EOF when reading a line
Ask me anything: An error occurred: EOF when reading a line
Ask me anything: An error occurred: EOF when reading a line
Ask me anything: An error occurred: EOF when reading a line
Ask me anything: An error occurred: EOF when reading a line
Ask me anything: An error occurred: EOF when reading a line
Ask me anything: An error occurred: EOF when reading a line
Ask me anything: An error occurred: EOF when reading a line
Ask me anything: An error occurred: EOF when reading a line
Ask me anything: An error occurred: EOF when reading a line
Ask me anything: An error occurred: EOF when reading a line
Ask me anything: An error occurred: EOF when reading a line
Ask me anything: An error occurred: EOF when reading a line
Ask me anything: An error occurred: EOF when reading a line
Ask me anything: An error occurred: EOF when reading a line
Ask me anything: An error occurred: EOF when reading a line
Ask me anything: An error occurred: EOF when reading a line
Ask me anything: An error occurred: EOF when reading a line
Ask me anything: An error occurred: EOF when reading a line
Ask me anything: An error occurred: EOF when reading a line
Ask me anything: An error occurred: EOF when reading a line
Ask me anything: An error occurred: EOF when reading a line
Ask me anything: An error occurred: EOF when reading a line
Ask me anything: An error occurred: EOF when reading a line
Ask me anything: An error occurred: EOF when reading a line
Ask me anything: An error occurred: EOF when reading a line
Ask me anything: An error occurred: EOF when reading a line
Ask me anything: An error occurred: EOF when reading a line
Ask me anything: An error occurred: EOF when reading a line
Ask me anything: An error occurred: EOF when reading a line
Ask me anything: An error occurred: EOF when reading a line
Ask me anything: An error occurred: EOF when reading a line
Ask me anything: An error occurred: EOF when reading a line
Ask me anything: An error occurred: EOF when reading a line
Ask me anything: An error occurred: EOF when reading a line
Ask me anything: An error occurred: EOF when reading a line
Ask me anything: An error occurred: EOF when reading a line
Ask me anything: An error occurred: EOF when reading a line
Ask me anything: An error occurred: EOF when reading a line
Ask me anything: An error occurred: EOF when reading a line
Ask me anything: An error occurred: EOF when reading a line
Ask me anything: An error occurred: EOF when reading a line
Ask me anything: An error occurred: EOF when reading a line
Ask me anything: An error occurred: EOF when reading a line
Ask me anything: An error occurred: EOF when reading a line
Ask me anything: An error occurred: EOF when reading a line
Ask me anything: An error occurred: EOF when reading a line
Ask me anything: An error occurred: EOF when reading a line
Ask me anything: An error occurred: EOF when reading a line
Ask me anything: An error occurred: EOF when reading a line
Ask me anything: An error occurred: EOF when reading a line
Ask me anything: An error occurred: EOF when reading a line
Ask me anything: An error occurred: EOF when reading a line
Ask me anything: An error occurred: EOF when reading a line
Ask me anything: An error occurred: EOF when reading a line
Ask me anything: An error occurred: EOF when reading a line
Ask me anything: An error occurred: EOF when reading a line
Ask me anything: An error occurred: EOF when reading a line
Ask me anything: An error occurred: EOF when reading a line
Ask me anything: An error occurred: EOF when reading a line
Ask me anything: An error occurred: EOF when reading a line
Ask me anything: An error occurred: EOF when reading a line
Ask me anything: An error occurred: EOF when reading a line
Ask me anything: An error occurred: EOF when reading a line
Ask me anything: An error occurred: EOF when reading a line
Ask me anything: An error occurred: EOF when reading a line
Ask me anything: An error occurred: EOF when reading a line
Ask me anything: An error occurred: EOF when reading a line
Ask me anything: An error occurred: EOF when reading a line
Ask me anything: An error occurred: EOF when reading a line
Ask me anything: An error occurred: EOF when reading a line
Ask me anything: An error occurred: EOF when reading a line
Ask me anything: An error occurred: EOF when reading a line
Ask me anything: An error occurred: EOF when reading a line
Ask me anything: An error occurred: EOF when reading a line
Ask me anything: An error occurred: EOF when reading a line
Ask me anything: An error occurred: EOF when reading a line
Ask me anything: An error occurred: EOF when reading a line
Ask me anything: An error occurred: EOF when reading a line
Ask me anything: An error occurred: EOF when reading a line
Ask me anything: An error occurred: EOF when reading a line
Ask me anything: An error occurred: EOF when reading a line
Ask me anything: An error occurred: EOF when reading a line
Ask me anything: An error occurred: EOF when reading a line
Ask me anything: An error occurred: EOF when reading a line
Ask me anything: An error occurred: EOF when reading a line
Ask me anything: An error occurred: EOF when reading a line
Ask me anything: An error occurred: EOF when reading a line
Ask me anything: An error occurred: EOF when reading a line
Ask me anything: An error occurred: EOF when reading a line
Ask me anything: An error occurred: EOF when reading a line
Ask me anything: An error occurred: EOF when reading a line
Ask me anything: An error occurred: EOF when reading a line
Ask me anything: An error occurred: EOF when reading a line
Ask me anything: An error occurred: EOF when reading a line
Ask me anything: An error occurred: EOF when reading a line
Ask me anything: An error occurred: EOF when reading a line
Ask me anything: An error occurred: EOF when reading a line
Ask me anything: An error occurred: EOF when reading a line
Ask me anything: An error occurred: EOF when reading a line
Ask me anything: An error occurred: EOF when reading a line
Ask me anything: An error occurred: EOF when reading a line
Ask me anything: An error occurred: EOF when reading a line
Ask me anything: An error occurred: EOF when reading a line
Ask me anything: An error occurred: EOF when reading a line
Ask me anything: An error occurred: EOF when reading a line
Ask me anything: An error occurred: EOF when reading a line
Ask me anything: An error occurred: EOF when reading a line
Ask me anything: An error occurred: EOF when reading a line
Ask me anything: An error occurred: EOF when reading a line
Ask me anything: An error occurred: EOF when reading a line
Ask me anything: An error occurred: EOF when reading a line
Ask me anything: An error occurred: EOF when reading a line
Ask me anything: An error occurred: EOF when reading a line
Ask me anything: An error occurred: EOF when reading a line
Ask me anything: An error occurred: EOF when reading a line
Ask me anything: An error occurred: EOF when reading a line
Ask me anything: An error occurred: EOF when reading a line
Ask me anything: An error occurred: EOF when reading a line
Ask me anything: An error occurred: EOF when reading a line
Ask me anything: An error occurred: EOF when reading a line
Ask me anything: An error occurred: EOF when reading a line
Ask me anything: An error occurred: EOF when reading a line
Ask me anything: An error occurred: EOF when reading a line
Ask me anything: An error occurred: EOF when reading a line
Ask me anything: An error occurred: EOF when reading a line
Ask me anything: An error occurred: EOF when reading a line
Ask me anything: An error occurred: EOF when reading a line
Ask me anything: An error occurred: EOF when reading a line
Ask me anything: An error occurred: EOF when reading a line
Ask me anything: An error occurred: EOF when reading a line
Ask me anything: An error occurred: EOF when reading a line
Ask me anything: An error occurred: EOF when reading a line
Ask me anything: An error occurred: EOF when reading a line
Ask me anything: An error occurred: EOF when reading a line
Ask me anything: An error occurred: EOF when reading a line
Ask me anything: An error occurred: EOF when reading a line
Ask me anything: An error occurred: EOF when reading a line
Ask me anything: An error occurred: EOF when reading a line
Ask me anything: An error occurred: EOF when reading a line
Ask me anything: An error occurred: EOF when reading a line
Ask me anything: An error occurred: EOF when reading a line
Ask me anything: An error occurred: EOF when reading a line
Ask me anything: An error occurred: EOF when reading a line
Ask me anything: An error occurred: EOF when reading a line
Ask me anything: An error occurred: EOF when reading a line
Ask me anything: An error occurred: EOF when reading a line
Ask me anything: An error occurred: EOF when reading a line
Ask me anything: An error occurred: EOF when reading a line
Ask me anything: An error occurred: EOF when reading a line
Ask me anything: An error occurred: EOF when reading a line
Ask me anything: An error occurred: EOF when reading a line
Ask me anything: An error occurred: EOF when reading a line
Ask me anything: An error occurred: EOF when reading a line
Ask me anything: An error occurred: EOF when reading a line
Ask me anything: An error occurred: EOF when reading a line
Ask me anything: An error occurred: EOF when reading a line
Ask me anything: An error occurred: EOF when reading a line
Ask me anything: An error occurred: EOF when reading a line
Ask me anything: An error occurred: EOF when reading a line
Ask me anything: An error occurred: EOF when reading a line
Ask me anything: An error occurred: EOF when reading a line
Ask me anything: An error occurred: EOF when reading a line
Ask me anything: An error occurred: EOF when reading a line
Ask me anything: An error occurred: EOF when reading a line
Ask me anything: An error occurred: EOF when reading a line
Ask me anything: An error occurred: EOF when reading a line
Ask me anything: An error occurred: EOF when reading a line
Ask me anything: An error occurred: EOF when reading a line
Ask me anything: An error occurred: EOF when reading a line
Ask me anything: An error occurred: EOF when reading a line
Ask me anything: An error occurred: EOF when reading a line
Ask me anything: An error occurred: EOF when reading a line
Ask me anything: An error occurred: EOF when reading a line
Ask me anything: An error occurred: EOF when reading a line
Ask me anything: An error occurred: EOF when reading a line
Ask me anything: An error occurred: EOF when reading a line
Ask me anything: An error occurred: EOF when reading a line
Ask me anything: An error occurred: EOF when reading a line
Ask me anything: An error occurred: EOF when reading a line
Ask me anything: An error occurred: EOF when reading a line
Ask me anything: An error occurred: EOF when reading a line
Ask me anything: An error occurred: EOF when reading a line
Ask me anything: An error occurred: EOF when reading a line
Ask me anything: An error occurred: EOF when reading a line
Ask me anything: An error occurred: EOF when reading a line
Ask me anything: An error occurred: EOF when reading a line
Ask me anything: An error occurred: EOF when reading a line
Ask me anything: An error occurred: EOF when reading a line
Ask me anything: An error occurred: EOF when reading a line
Ask me anything: An error occurred: EOF when reading a line
Ask me anything: An error occurred: EOF when reading a line
Ask me anything: An error occurred: EOF when reading a line
Ask me anything: An error occurred: EOF when reading a line
Ask me anything: An error occurred: EOF when reading a line
Ask me anything: An error occurred: EOF when reading a line
Ask me anything: An error occurred: EOF when reading a line
Ask me anything: An error occurred: EOF when reading a line
Ask me anything: An error occurred: EOF when reading a line
Ask me anything: An error occurred: EOF when reading a line
Ask me anything: An error occurred: EOF when reading a line
Ask me anything: An error occurred: EOF when reading a line
Ask me anything: An error occurred: EOF when reading a line
Ask me anything: An error occurred: EOF when reading a line
Ask me anything: An error occurred: EOF when reading a line
Ask me anything: An error occurred: EOF when reading a line
Ask me anything: An error occurred: EOF when reading a line
Ask me anything: An error occurred: EOF when reading a line
Ask me anything: An error occurred: EOF when reading a line
Ask me anything: An error occurred: EOF when reading a line
Ask me anything: An error occurred: EOF when reading a line
Ask me anything: An error occurred: EOF when reading a line
Ask me anything: An error occurred: EOF when reading a line
Ask me anything: An error occurred: EOF when reading a line
Ask me anything: An error occurred: EOF when reading a line
Ask me anything: An error occurred: EOF when reading a line
Ask me anything: An error occurred: EOF when reading a line
Ask me anything: An error occurred: EOF when reading a line
Ask me anything: An error occurred: EOF when reading a line
Ask me anything: An error occurred: EOF when reading a line
Ask me anything: An error occurred: EOF when reading a line
Ask me anything: An error occurred: EOF when reading a line
Ask me anything: An error occurred: EOF when reading a line
Ask me anything: An error occurred: EOF when reading a line
Ask me anything: An error occurred: EOF when reading a line
Ask me anything: An error occurred: EOF when reading a line
Ask me anything: An error occurred: EOF when reading a line
Ask me anything: An error occurred: EOF when reading a line
Ask me anything: An error occurred: EOF when reading a line
Ask me anything: An error occurred: EOF when reading a line
Ask me anything: An error occurred: EOF when reading a line
Ask me anything: An error occurred: EOF when reading a line
Ask me anything: An error occurred: EOF when reading a line
Ask me anything: An error occurred: EOF when reading a line
Ask me anything: An error occurred: EOF when reading a line
Ask me anything: An error occurred: EOF when reading a line
Ask me anything: An error occurred: EOF when reading a line
Ask me anything: An error occurred: EOF when reading a line
Ask me anything: An error occurred: EOF when reading a line
